
> nextjs-llama-async-proxy@0.1.0 test /home/bamer/nextjs-llama-async-proxy
> jest

FAIL __tests__/components/dashboard/MetricCard.test.tsx
  ● MetricCard › clamps progress bar at 100% for values over 100

    expect(element).toHaveStyle()

    - Expected

    - width: 100%;

      280 |
      281 |     const progress = container.querySelector('[role="progressbar"]');
    > 282 |     expect(progress).toHaveStyle({ width: '100%' });
          |                      ^
      283 |   });
      284 |
      285 |   it('clamps progress bar at 0% for negative values', () => {

      at Object.<anonymous> (__tests__/components/dashboard/MetricCard.test.tsx:282:22)

  ● MetricCard › clamps progress bar at 0% for negative values

    expect(element).toHaveStyle()

    - Expected

    - width: 0%;

      294 |
      295 |     const progress = container.querySelector('[role="progressbar"]');
    > 296 |     expect(progress).toHaveStyle({ width: '0%' });
          |                      ^
      297 |   });
      298 |
      299 |   it('handles theme change from light to dark', () => {

      at Object.<anonymous> (__tests__/components/dashboard/MetricCard.test.tsx:296:22)

FAIL __tests__/lib/store.edge-cases.test.ts
  ● store edge cases › trimChartData edge cases › should handle trimming to zero points

    expect(received).toHaveLength(expected)

    Expected length: 0
    Received length: 1
    Received array:  [{"displayTime": "10:32:53 AM", "time": "2025-12-27T03:32:53.696Z", "value": 50}]

      742 |       });
      743 |
    > 744 |       expect(useStore.getState().chartHistory.cpu).toHaveLength(0);
          |                                                    ^
      745 |     });
      746 |
      747 |     it('should handle trimming to negative value (should not crash)', () => {

      at Object.<anonymous> (__tests__/lib/store.edge-cases.test.ts:744:52)

  ● store edge cases › State persistence edge cases › should persist models correctly

    expect(received).toBeTruthy()

    Received: null

      903 |
      904 |       const storedData = localStorage.getItem('llama-app-storage-v2');
    > 905 |       expect(storedData).toBeTruthy();
          |                          ^
      906 |
      907 |       const parsed = JSON.parse(storedData!);
      908 |       expect(parsed.state.models).toHaveLength(2);

      at Object.<anonymous> (__tests__/lib/store.edge-cases.test.ts:905:26)

  ● store edge cases › State persistence edge cases › should persist activeModelId correctly

    TypeError: Cannot read properties of null (reading 'state')

      917 |       const storedData = localStorage.getItem('llama-app-storage-v2');
      918 |       const parsed = JSON.parse(storedData!);
    > 919 |       expect(parsed.state.activeModelId).toBe('model-1');
          |                     ^
      920 |     });
      921 |
      922 |     it('should persist settings correctly', () => {

      at Object.<anonymous> (__tests__/lib/store.edge-cases.test.ts:919:21)

  ● store edge cases › State persistence edge cases › should persist settings correctly

    TypeError: Cannot read properties of null (reading 'state')

      931 |       const storedData = localStorage.getItem('llama-app-storage-v2');
      932 |       const parsed = JSON.parse(storedData!);
    > 933 |       expect(parsed.state.settings.theme).toBe('dark');
          |                     ^
      934 |       expect(parsed.state.settings.notifications).toBe(false);
      935 |       expect(parsed.state.settings.autoRefresh).toBe(false);
      936 |     });

      at Object.<anonymous> (__tests__/lib/store.edge-cases.test.ts:933:21)

  ● store edge cases › State persistence edge cases › should persist chartHistory correctly

    TypeError: Cannot read properties of null (reading 'state')

      944 |       const storedData = localStorage.getItem('llama-app-storage-v2');
      945 |       const parsed = JSON.parse(storedData!);
    > 946 |       expect(parsed.state.chartHistory.cpu).toHaveLength(1);
          |                     ^
      947 |       expect(parsed.state.chartHistory.memory).toHaveLength(1);
      948 |     });
      949 |

      at Object.<anonymous> (__tests__/lib/store.edge-cases.test.ts:946:21)

  ● store edge cases › State persistence edge cases › should not persist metrics

    TypeError: Cannot read properties of null (reading 'state')

      966 |       const storedData = localStorage.getItem('llama-app-storage-v2');
      967 |       const parsed = JSON.parse(storedData!);
    > 968 |       expect(parsed.state.metrics).toBeUndefined();
          |                     ^
      969 |     });
      970 |
      971 |     it('should not persist logs', () => {

      at Object.<anonymous> (__tests__/lib/store.edge-cases.test.ts:968:21)

  ● store edge cases › State persistence edge cases › should not persist logs

    TypeError: Cannot read properties of null (reading 'state')

      983 |       const storedData = localStorage.getItem('llama-app-storage-v2');
      984 |       const parsed = JSON.parse(storedData!);
    > 985 |       expect(parsed.state.logs).toBeUndefined();
          |                     ^
      986 |     });
      987 |
      988 |     it('should not persist status', () => {

      at Object.<anonymous> (__tests__/lib/store.edge-cases.test.ts:985:21)

  ● store edge cases › State persistence edge cases › should not persist status

    TypeError: Cannot read properties of null (reading 'state')

      994 |       const storedData = localStorage.getItem('llama-app-storage-v2');
      995 |       const parsed = JSON.parse(storedData!);
    > 996 |       expect(parsed.state.status).toBeUndefined();
          |                     ^
      997 |     });
      998 |   });
      999 |

      at Object.<anonymous> (__tests__/lib/store.edge-cases.test.ts:996:21)

  ● store edge cases › Store hydration/dehydration › should handle corrupted localStorage data gracefully

    expect(received).not.toThrow()

    Error name:    "SyntaxError"
    Error message: "Unexpected token 'i', \"invalid json\" is not valid JSON"

          1030 |       // Should not crash when trying to read
          1031 |       const storedData = localStorage.getItem('llama-app-storage-v2');
        > 1032 |       expect(() => JSON.parse(storedData!)).not.toThrow();
               |                         ^
          1033 |     });
          1034 |
          1035 |     it('should handle missing localStorage key', () => {

      at __tests__/lib/store.edge-cases.test.ts:1032:25
      at Object.<anonymous> (node_modules/.pnpm/expect@30.2.0/node_modules/expect/build/index.js:1824:9)
      at Object.throwingMatcher [as toThrow] (node_modules/.pnpm/expect@30.2.0/node_modules/expect/build/index.js:2235:93)
      at Object.<anonymous> (__tests__/lib/store.edge-cases.test.ts:1032:49)
      at Object.<anonymous> (__tests__/lib/store.edge-cases.test.ts:1032:49)

FAIL __tests__/pages/settings.test.tsx
  ● SettingsPage › renders without crashing

    Element type is invalid: expected a string (for built-in components) or a class/function (for composite components) but got: object.

    Check the render method of `SettingsPage`.

      21 |   });
      22 |
    > 23 |   return render(
         |                ^
      24 |     <ThemeProvider>
      25 |       <MuiThemeProvider theme={theme}>{component}</MuiThemeProvider>
      26 |     </ThemeProvider>

      at createFiberFromTypeAndProps (node_modules/.pnpm/react-dom@19.2.3_react@19.2.3/node_modules/react-dom/cjs/react-dom-client.development.js:5021:28)
      at createFiberFromElement (node_modules/.pnpm/react-dom@19.2.3_react@19.2.3/node_modules/react-dom/cjs/react-dom-client.development.js:5035:14)
      at reconcileChildFibersImpl (node_modules/.pnpm/react-dom@19.2.3_react@19.2.3/node_modules/react-dom/cjs/react-dom-client.development.js:6920:31)
      at node_modules/.pnpm/react-dom@19.2.3_react@19.2.3/node_modules/react-dom/cjs/react-dom-client.development.js:7098:33
      at reconcileChildren (node_modules/.pnpm/react-dom@19.2.3_react@19.2.3/node_modules/react-dom/cjs/react-dom-client.development.js:9701:13)
      at beginWork (node_modules/.pnpm/react-dom@19.2.3_react@19.2.3/node_modules/react-dom/cjs/react-dom-client.development.js:12049:13)
      at runWithFiberInDEV (node_modules/.pnpm/react-dom@19.2.3_react@19.2.3/node_modules/react-dom/cjs/react-dom-client.development.js:874:13)
      at performUnitOfWork (node_modules/.pnpm/react-dom@19.2.3_react@19.2.3/node_modules/react-dom/cjs/react-dom-client.development.js:17641:22)
      at workLoopSync (node_modules/.pnpm/react-dom@19.2.3_react@19.2.3/node_modules/react-dom/cjs/react-dom-client.development.js:17469:41)
      at renderRootSync (node_modules/.pnpm/react-dom@19.2.3_react@19.2.3/node_modules/react-dom/cjs/react-dom-client.development.js:17450:11)
      at performWorkOnRoot (node_modules/.pnpm/react-dom@19.2.3_react@19.2.3/node_modules/react-dom/cjs/react-dom-client.development.js:16583:35)
      at performWorkOnRootViaSchedulerTask (node_modules/.pnpm/react-dom@19.2.3_react@19.2.3/node_modules/react-dom/cjs/react-dom-client.development.js:18957:7)
      at flushActQueue (node_modules/.pnpm/react@19.2.3/node_modules/react/cjs/react.development.js:590:34)
      at process.env.NODE_ENV.exports.act (node_modules/.pnpm/react@19.2.3/node_modules/react/cjs/react.development.js:884:10)
      at node_modules/.pnpm/@testing-library+react@16.3.1_@testing-library+dom@10.4.1_@types+react-dom@19.2.3_@type_68c5b21a70acecf0fbbfd97f51128017/node_modules/@testing-library/react/dist/act-compat.js:46:25
      at renderRoot (node_modules/.pnpm/@testing-library+react@16.3.1_@testing-library+dom@10.4.1_@types+react-dom@19.2.3_@type_68c5b21a70acecf0fbbfd97f51128017/node_modules/@testing-library/react/dist/pure.js:189:26)
      at render (node_modules/.pnpm/@testing-library+react@16.3.1_@testing-library+dom@10.4.1_@types+react-dom@19.2.3_@type_68c5b21a70acecf0fbbfd97f51128017/node_modules/@testing-library/react/dist/pure.js:291:10)
      at renderWithTheme (__tests__/pages/settings.test.tsx:23:16)
      at Object.<anonymous> (__tests__/pages/settings.test.tsx:36:5)

  ● SettingsPage › renders MainLayout component

    Element type is invalid: expected a string (for built-in components) or a class/function (for composite components) but got: object.

    Check the render method of `SettingsPage`.

      21 |   });
      22 |
    > 23 |   return render(
         |                ^
      24 |     <ThemeProvider>
      25 |       <MuiThemeProvider theme={theme}>{component}</MuiThemeProvider>
      26 |     </ThemeProvider>

      at createFiberFromTypeAndProps (node_modules/.pnpm/react-dom@19.2.3_react@19.2.3/node_modules/react-dom/cjs/react-dom-client.development.js:5021:28)
      at createFiberFromElement (node_modules/.pnpm/react-dom@19.2.3_react@19.2.3/node_modules/react-dom/cjs/react-dom-client.development.js:5035:14)
      at reconcileChildFibersImpl (node_modules/.pnpm/react-dom@19.2.3_react@19.2.3/node_modules/react-dom/cjs/react-dom-client.development.js:6920:31)
      at node_modules/.pnpm/react-dom@19.2.3_react@19.2.3/node_modules/react-dom/cjs/react-dom-client.development.js:7098:33
      at reconcileChildren (node_modules/.pnpm/react-dom@19.2.3_react@19.2.3/node_modules/react-dom/cjs/react-dom-client.development.js:9701:13)
      at beginWork (node_modules/.pnpm/react-dom@19.2.3_react@19.2.3/node_modules/react-dom/cjs/react-dom-client.development.js:12049:13)
      at runWithFiberInDEV (node_modules/.pnpm/react-dom@19.2.3_react@19.2.3/node_modules/react-dom/cjs/react-dom-client.development.js:874:13)
      at performUnitOfWork (node_modules/.pnpm/react-dom@19.2.3_react@19.2.3/node_modules/react-dom/cjs/react-dom-client.development.js:17641:22)
      at workLoopSync (node_modules/.pnpm/react-dom@19.2.3_react@19.2.3/node_modules/react-dom/cjs/react-dom-client.development.js:17469:41)
      at renderRootSync (node_modules/.pnpm/react-dom@19.2.3_react@19.2.3/node_modules/react-dom/cjs/react-dom-client.development.js:17450:11)
      at performWorkOnRoot (node_modules/.pnpm/react-dom@19.2.3_react@19.2.3/node_modules/react-dom/cjs/react-dom-client.development.js:16583:35)
      at performWorkOnRootViaSchedulerTask (node_modules/.pnpm/react-dom@19.2.3_react@19.2.3/node_modules/react-dom/cjs/react-dom-client.development.js:18957:7)
      at flushActQueue (node_modules/.pnpm/react@19.2.3/node_modules/react/cjs/react.development.js:590:34)
      at process.env.NODE_ENV.exports.act (node_modules/.pnpm/react@19.2.3/node_modules/react/cjs/react.development.js:884:10)
      at node_modules/.pnpm/@testing-library+react@16.3.1_@testing-library+dom@10.4.1_@types+react-dom@19.2.3_@type_68c5b21a70acecf0fbbfd97f51128017/node_modules/@testing-library/react/dist/act-compat.js:46:25
      at renderRoot (node_modules/.pnpm/@testing-library+react@16.3.1_@testing-library+dom@10.4.1_@types+react-dom@19.2.3_@type_68c5b21a70acecf0fbbfd97f51128017/node_modules/@testing-library/react/dist/pure.js:189:26)
      at render (node_modules/.pnpm/@testing-library+react@16.3.1_@testing-library+dom@10.4.1_@types+react-dom@19.2.3_@type_68c5b21a70acecf0fbbfd97f51128017/node_modules/@testing-library/react/dist/pure.js:291:10)
      at renderWithTheme (__tests__/pages/settings.test.tsx:23:16)
      at Object.<anonymous> (__tests__/pages/settings.test.tsx:43:5)

  ● SettingsPage › renders ModernConfiguration component

    Element type is invalid: expected a string (for built-in components) or a class/function (for composite components) but got: object.

    Check the render method of `SettingsPage`.

      21 |   });
      22 |
    > 23 |   return render(
         |                ^
      24 |     <ThemeProvider>
      25 |       <MuiThemeProvider theme={theme}>{component}</MuiThemeProvider>
      26 |     </ThemeProvider>

      at createFiberFromTypeAndProps (node_modules/.pnpm/react-dom@19.2.3_react@19.2.3/node_modules/react-dom/cjs/react-dom-client.development.js:5021:28)
      at createFiberFromElement (node_modules/.pnpm/react-dom@19.2.3_react@19.2.3/node_modules/react-dom/cjs/react-dom-client.development.js:5035:14)
      at reconcileChildFibersImpl (node_modules/.pnpm/react-dom@19.2.3_react@19.2.3/node_modules/react-dom/cjs/react-dom-client.development.js:6920:31)
      at node_modules/.pnpm/react-dom@19.2.3_react@19.2.3/node_modules/react-dom/cjs/react-dom-client.development.js:7098:33
      at reconcileChildren (node_modules/.pnpm/react-dom@19.2.3_react@19.2.3/node_modules/react-dom/cjs/react-dom-client.development.js:9701:13)
      at beginWork (node_modules/.pnpm/react-dom@19.2.3_react@19.2.3/node_modules/react-dom/cjs/react-dom-client.development.js:12049:13)
      at runWithFiberInDEV (node_modules/.pnpm/react-dom@19.2.3_react@19.2.3/node_modules/react-dom/cjs/react-dom-client.development.js:874:13)
      at performUnitOfWork (node_modules/.pnpm/react-dom@19.2.3_react@19.2.3/node_modules/react-dom/cjs/react-dom-client.development.js:17641:22)
      at workLoopSync (node_modules/.pnpm/react-dom@19.2.3_react@19.2.3/node_modules/react-dom/cjs/react-dom-client.development.js:17469:41)
      at renderRootSync (node_modules/.pnpm/react-dom@19.2.3_react@19.2.3/node_modules/react-dom/cjs/react-dom-client.development.js:17450:11)
      at performWorkOnRoot (node_modules/.pnpm/react-dom@19.2.3_react@19.2.3/node_modules/react-dom/cjs/react-dom-client.development.js:16583:35)
      at performWorkOnRootViaSchedulerTask (node_modules/.pnpm/react-dom@19.2.3_react@19.2.3/node_modules/react-dom/cjs/react-dom-client.development.js:18957:7)
      at flushActQueue (node_modules/.pnpm/react@19.2.3/node_modules/react/cjs/react.development.js:590:34)
      at process.env.NODE_ENV.exports.act (node_modules/.pnpm/react@19.2.3/node_modules/react/cjs/react.development.js:884:10)
      at node_modules/.pnpm/@testing-library+react@16.3.1_@testing-library+dom@10.4.1_@types+react-dom@19.2.3_@type_68c5b21a70acecf0fbbfd97f51128017/node_modules/@testing-library/react/dist/act-compat.js:46:25
      at renderRoot (node_modules/.pnpm/@testing-library+react@16.3.1_@testing-library+dom@10.4.1_@types+react-dom@19.2.3_@type_68c5b21a70acecf0fbbfd97f51128017/node_modules/@testing-library/react/dist/pure.js:189:26)
      at render (node_modules/.pnpm/@testing-library+react@16.3.1_@testing-library+dom@10.4.1_@types+react-dom@19.2.3_@type_68c5b21a70acecf0fbbfd97f51128017/node_modules/@testing-library/react/dist/pure.js:291:10)
      at renderWithTheme (__tests__/pages/settings.test.tsx:23:16)
      at Object.<anonymous> (__tests__/pages/settings.test.tsx:49:5)

  ● SettingsPage › applies theme context correctly

    Element type is invalid: expected a string (for built-in components) or a class/function (for composite components) but got: object.

    Check the render method of `SettingsPage`.

      21 |   });
      22 |
    > 23 |   return render(
         |                ^
      24 |     <ThemeProvider>
      25 |       <MuiThemeProvider theme={theme}>{component}</MuiThemeProvider>
      26 |     </ThemeProvider>

      at createFiberFromTypeAndProps (node_modules/.pnpm/react-dom@19.2.3_react@19.2.3/node_modules/react-dom/cjs/react-dom-client.development.js:5021:28)
      at createFiberFromElement (node_modules/.pnpm/react-dom@19.2.3_react@19.2.3/node_modules/react-dom/cjs/react-dom-client.development.js:5035:14)
      at reconcileChildFibersImpl (node_modules/.pnpm/react-dom@19.2.3_react@19.2.3/node_modules/react-dom/cjs/react-dom-client.development.js:6920:31)
      at node_modules/.pnpm/react-dom@19.2.3_react@19.2.3/node_modules/react-dom/cjs/react-dom-client.development.js:7098:33
      at reconcileChildren (node_modules/.pnpm/react-dom@19.2.3_react@19.2.3/node_modules/react-dom/cjs/react-dom-client.development.js:9701:13)
      at beginWork (node_modules/.pnpm/react-dom@19.2.3_react@19.2.3/node_modules/react-dom/cjs/react-dom-client.development.js:12049:13)
      at runWithFiberInDEV (node_modules/.pnpm/react-dom@19.2.3_react@19.2.3/node_modules/react-dom/cjs/react-dom-client.development.js:874:13)
      at performUnitOfWork (node_modules/.pnpm/react-dom@19.2.3_react@19.2.3/node_modules/react-dom/cjs/react-dom-client.development.js:17641:22)
      at workLoopSync (node_modules/.pnpm/react-dom@19.2.3_react@19.2.3/node_modules/react-dom/cjs/react-dom-client.development.js:17469:41)
      at renderRootSync (node_modules/.pnpm/react-dom@19.2.3_react@19.2.3/node_modules/react-dom/cjs/react-dom-client.development.js:17450:11)
      at performWorkOnRoot (node_modules/.pnpm/react-dom@19.2.3_react@19.2.3/node_modules/react-dom/cjs/react-dom-client.development.js:16583:35)
      at performWorkOnRootViaSchedulerTask (node_modules/.pnpm/react-dom@19.2.3_react@19.2.3/node_modules/react-dom/cjs/react-dom-client.development.js:18957:7)
      at flushActQueue (node_modules/.pnpm/react@19.2.3/node_modules/react/cjs/react.development.js:590:34)
      at process.env.NODE_ENV.exports.act (node_modules/.pnpm/react@19.2.3/node_modules/react/cjs/react.development.js:884:10)
      at node_modules/.pnpm/@testing-library+react@16.3.1_@testing-library+dom@10.4.1_@types+react-dom@19.2.3_@type_68c5b21a70acecf0fbbfd97f51128017/node_modules/@testing-library/react/dist/act-compat.js:46:25
      at renderRoot (node_modules/.pnpm/@testing-library+react@16.3.1_@testing-library+dom@10.4.1_@types+react-dom@19.2.3_@type_68c5b21a70acecf0fbbfd97f51128017/node_modules/@testing-library/react/dist/pure.js:189:26)
      at render (node_modules/.pnpm/@testing-library+react@16.3.1_@testing-library+dom@10.4.1_@types+react-dom@19.2.3_@type_68c5b21a70acecf0fbbfd97f51128017/node_modules/@testing-library/react/dist/pure.js:291:10)
      at renderWithTheme (__tests__/pages/settings.test.tsx:23:16)
      at Object.<anonymous> (__tests__/pages/settings.test.tsx:56:5)

  ● SettingsPage › applies dark mode theme

    Element type is invalid: expected a string (for built-in components) or a class/function (for composite components) but got: object.

    Check the render method of `SettingsPage`.

      21 |   });
      22 |
    > 23 |   return render(
         |                ^
      24 |     <ThemeProvider>
      25 |       <MuiThemeProvider theme={theme}>{component}</MuiThemeProvider>
      26 |     </ThemeProvider>

      at createFiberFromTypeAndProps (node_modules/.pnpm/react-dom@19.2.3_react@19.2.3/node_modules/react-dom/cjs/react-dom-client.development.js:5021:28)
      at createFiberFromElement (node_modules/.pnpm/react-dom@19.2.3_react@19.2.3/node_modules/react-dom/cjs/react-dom-client.development.js:5035:14)
      at reconcileChildFibersImpl (node_modules/.pnpm/react-dom@19.2.3_react@19.2.3/node_modules/react-dom/cjs/react-dom-client.development.js:6920:31)
      at node_modules/.pnpm/react-dom@19.2.3_react@19.2.3/node_modules/react-dom/cjs/react-dom-client.development.js:7098:33
      at reconcileChildren (node_modules/.pnpm/react-dom@19.2.3_react@19.2.3/node_modules/react-dom/cjs/react-dom-client.development.js:9701:13)
      at beginWork (node_modules/.pnpm/react-dom@19.2.3_react@19.2.3/node_modules/react-dom/cjs/react-dom-client.development.js:12049:13)
      at runWithFiberInDEV (node_modules/.pnpm/react-dom@19.2.3_react@19.2.3/node_modules/react-dom/cjs/react-dom-client.development.js:874:13)
      at performUnitOfWork (node_modules/.pnpm/react-dom@19.2.3_react@19.2.3/node_modules/react-dom/cjs/react-dom-client.development.js:17641:22)
      at workLoopSync (node_modules/.pnpm/react-dom@19.2.3_react@19.2.3/node_modules/react-dom/cjs/react-dom-client.development.js:17469:41)
      at renderRootSync (node_modules/.pnpm/react-dom@19.2.3_react@19.2.3/node_modules/react-dom/cjs/react-dom-client.development.js:17450:11)
      at performWorkOnRoot (node_modules/.pnpm/react-dom@19.2.3_react@19.2.3/node_modules/react-dom/cjs/react-dom-client.development.js:16583:35)
      at performWorkOnRootViaSchedulerTask (node_modules/.pnpm/react-dom@19.2.3_react@19.2.3/node_modules/react-dom/cjs/react-dom-client.development.js:18957:7)
      at flushActQueue (node_modules/.pnpm/react@19.2.3/node_modules/react/cjs/react.development.js:590:34)
      at process.env.NODE_ENV.exports.act (node_modules/.pnpm/react@19.2.3/node_modules/react/cjs/react.development.js:884:10)
      at node_modules/.pnpm/@testing-library+react@16.3.1_@testing-library+dom@10.4.1_@types+react-dom@19.2.3_@type_68c5b21a70acecf0fbbfd97f51128017/node_modules/@testing-library/react/dist/act-compat.js:46:25
      at renderRoot (node_modules/.pnpm/@testing-library+react@16.3.1_@testing-library+dom@10.4.1_@types+react-dom@19.2.3_@type_68c5b21a70acecf0fbbfd97f51128017/node_modules/@testing-library/react/dist/pure.js:189:26)
      at render (node_modules/.pnpm/@testing-library+react@16.3.1_@testing-library+dom@10.4.1_@types+react-dom@19.2.3_@type_68c5b21a70acecf0fbbfd97f51128017/node_modules/@testing-library/react/dist/pure.js:291:10)
      at renderWithTheme (__tests__/pages/settings.test.tsx:23:16)
      at Object.<anonymous> (__tests__/pages/settings.test.tsx:62:5)

  ● SettingsPage › applies light mode theme

    Element type is invalid: expected a string (for built-in components) or a class/function (for composite components) but got: object.

    Check the render method of `SettingsPage`.

      21 |   });
      22 |
    > 23 |   return render(
         |                ^
      24 |     <ThemeProvider>
      25 |       <MuiThemeProvider theme={theme}>{component}</MuiThemeProvider>
      26 |     </ThemeProvider>

      at createFiberFromTypeAndProps (node_modules/.pnpm/react-dom@19.2.3_react@19.2.3/node_modules/react-dom/cjs/react-dom-client.development.js:5021:28)
      at createFiberFromElement (node_modules/.pnpm/react-dom@19.2.3_react@19.2.3/node_modules/react-dom/cjs/react-dom-client.development.js:5035:14)
      at reconcileChildFibersImpl (node_modules/.pnpm/react-dom@19.2.3_react@19.2.3/node_modules/react-dom/cjs/react-dom-client.development.js:6920:31)
      at node_modules/.pnpm/react-dom@19.2.3_react@19.2.3/node_modules/react-dom/cjs/react-dom-client.development.js:7098:33
      at reconcileChildren (node_modules/.pnpm/react-dom@19.2.3_react@19.2.3/node_modules/react-dom/cjs/react-dom-client.development.js:9701:13)
      at beginWork (node_modules/.pnpm/react-dom@19.2.3_react@19.2.3/node_modules/react-dom/cjs/react-dom-client.development.js:12049:13)
      at runWithFiberInDEV (node_modules/.pnpm/react-dom@19.2.3_react@19.2.3/node_modules/react-dom/cjs/react-dom-client.development.js:874:13)
      at performUnitOfWork (node_modules/.pnpm/react-dom@19.2.3_react@19.2.3/node_modules/react-dom/cjs/react-dom-client.development.js:17641:22)
      at workLoopSync (node_modules/.pnpm/react-dom@19.2.3_react@19.2.3/node_modules/react-dom/cjs/react-dom-client.development.js:17469:41)
      at renderRootSync (node_modules/.pnpm/react-dom@19.2.3_react@19.2.3/node_modules/react-dom/cjs/react-dom-client.development.js:17450:11)
      at performWorkOnRoot (node_modules/.pnpm/react-dom@19.2.3_react@19.2.3/node_modules/react-dom/cjs/react-dom-client.development.js:16583:35)
      at performWorkOnRootViaSchedulerTask (node_modules/.pnpm/react-dom@19.2.3_react@19.2.3/node_modules/react-dom/cjs/react-dom-client.development.js:18957:7)
      at flushActQueue (node_modules/.pnpm/react@19.2.3/node_modules/react/cjs/react.development.js:590:34)
      at process.env.NODE_ENV.exports.act (node_modules/.pnpm/react@19.2.3/node_modules/react/cjs/react.development.js:884:10)
      at node_modules/.pnpm/@testing-library+react@16.3.1_@testing-library+dom@10.4.1_@types+react-dom@19.2.3_@type_68c5b21a70acecf0fbbfd97f51128017/node_modules/@testing-library/react/dist/act-compat.js:46:25
      at renderRoot (node_modules/.pnpm/@testing-library+react@16.3.1_@testing-library+dom@10.4.1_@types+react-dom@19.2.3_@type_68c5b21a70acecf0fbbfd97f51128017/node_modules/@testing-library/react/dist/pure.js:189:26)
      at render (node_modules/.pnpm/@testing-library+react@16.3.1_@testing-library+dom@10.4.1_@types+react-dom@19.2.3_@type_68c5b21a70acecf0fbbfd97f51128017/node_modules/@testing-library/react/dist/pure.js:291:10)
      at renderWithTheme (__tests__/pages/settings.test.tsx:23:16)
      at Object.<anonymous> (__tests__/pages/settings.test.tsx:68:5)

  ● SettingsPage › has correct component structure

    Element type is invalid: expected a string (for built-in components) or a class/function (for composite components) but got: object.

    Check the render method of `SettingsPage`.

      21 |   });
      22 |
    > 23 |   return render(
         |                ^
      24 |     <ThemeProvider>
      25 |       <MuiThemeProvider theme={theme}>{component}</MuiThemeProvider>
      26 |     </ThemeProvider>

      at createFiberFromTypeAndProps (node_modules/.pnpm/react-dom@19.2.3_react@19.2.3/node_modules/react-dom/cjs/react-dom-client.development.js:5021:28)
      at createFiberFromElement (node_modules/.pnpm/react-dom@19.2.3_react@19.2.3/node_modules/react-dom/cjs/react-dom-client.development.js:5035:14)
      at reconcileChildFibersImpl (node_modules/.pnpm/react-dom@19.2.3_react@19.2.3/node_modules/react-dom/cjs/react-dom-client.development.js:6920:31)
      at node_modules/.pnpm/react-dom@19.2.3_react@19.2.3/node_modules/react-dom/cjs/react-dom-client.development.js:7098:33
      at reconcileChildren (node_modules/.pnpm/react-dom@19.2.3_react@19.2.3/node_modules/react-dom/cjs/react-dom-client.development.js:9701:13)
      at beginWork (node_modules/.pnpm/react-dom@19.2.3_react@19.2.3/node_modules/react-dom/cjs/react-dom-client.development.js:12049:13)
      at runWithFiberInDEV (node_modules/.pnpm/react-dom@19.2.3_react@19.2.3/node_modules/react-dom/cjs/react-dom-client.development.js:874:13)
      at performUnitOfWork (node_modules/.pnpm/react-dom@19.2.3_react@19.2.3/node_modules/react-dom/cjs/react-dom-client.development.js:17641:22)
      at workLoopSync (node_modules/.pnpm/react-dom@19.2.3_react@19.2.3/node_modules/react-dom/cjs/react-dom-client.development.js:17469:41)
      at renderRootSync (node_modules/.pnpm/react-dom@19.2.3_react@19.2.3/node_modules/react-dom/cjs/react-dom-client.development.js:17450:11)
      at performWorkOnRoot (node_modules/.pnpm/react-dom@19.2.3_react@19.2.3/node_modules/react-dom/cjs/react-dom-client.development.js:16583:35)
      at performWorkOnRootViaSchedulerTask (node_modules/.pnpm/react-dom@19.2.3_react@19.2.3/node_modules/react-dom/cjs/react-dom-client.development.js:18957:7)
      at flushActQueue (node_modules/.pnpm/react@19.2.3/node_modules/react/cjs/react.development.js:590:34)
      at process.env.NODE_ENV.exports.act (node_modules/.pnpm/react@19.2.3/node_modules/react/cjs/react.development.js:884:10)
      at node_modules/.pnpm/@testing-library+react@16.3.1_@testing-library+dom@10.4.1_@types+react-dom@19.2.3_@type_68c5b21a70acecf0fbbfd97f51128017/node_modules/@testing-library/react/dist/act-compat.js:46:25
      at renderRoot (node_modules/.pnpm/@testing-library+react@16.3.1_@testing-library+dom@10.4.1_@types+react-dom@19.2.3_@type_68c5b21a70acecf0fbbfd97f51128017/node_modules/@testing-library/react/dist/pure.js:189:26)
      at render (node_modules/.pnpm/@testing-library+react@16.3.1_@testing-library+dom@10.4.1_@types+react-dom@19.2.3_@type_68c5b21a70acecf0fbbfd97f51128017/node_modules/@testing-library/react/dist/pure.js:291:10)
      at renderWithTheme (__tests__/pages/settings.test.tsx:23:16)
      at Object.<anonymous> (__tests__/pages/settings.test.tsx:74:27)

  ● SettingsPage › is accessible

    Element type is invalid: expected a string (for built-in components) or a class/function (for composite components) but got: object.

    Check the render method of `SettingsPage`.

      21 |   });
      22 |
    > 23 |   return render(
         |                ^
      24 |     <ThemeProvider>
      25 |       <MuiThemeProvider theme={theme}>{component}</MuiThemeProvider>
      26 |     </ThemeProvider>

      at createFiberFromTypeAndProps (node_modules/.pnpm/react-dom@19.2.3_react@19.2.3/node_modules/react-dom/cjs/react-dom-client.development.js:5021:28)
      at createFiberFromElement (node_modules/.pnpm/react-dom@19.2.3_react@19.2.3/node_modules/react-dom/cjs/react-dom-client.development.js:5035:14)
      at reconcileChildFibersImpl (node_modules/.pnpm/react-dom@19.2.3_react@19.2.3/node_modules/react-dom/cjs/react-dom-client.development.js:6920:31)
      at node_modules/.pnpm/react-dom@19.2.3_react@19.2.3/node_modules/react-dom/cjs/react-dom-client.development.js:7098:33
      at reconcileChildren (node_modules/.pnpm/react-dom@19.2.3_react@19.2.3/node_modules/react-dom/cjs/react-dom-client.development.js:9701:13)
      at beginWork (node_modules/.pnpm/react-dom@19.2.3_react@19.2.3/node_modules/react-dom/cjs/react-dom-client.development.js:12049:13)
      at runWithFiberInDEV (node_modules/.pnpm/react-dom@19.2.3_react@19.2.3/node_modules/react-dom/cjs/react-dom-client.development.js:874:13)
      at performUnitOfWork (node_modules/.pnpm/react-dom@19.2.3_react@19.2.3/node_modules/react-dom/cjs/react-dom-client.development.js:17641:22)
      at workLoopSync (node_modules/.pnpm/react-dom@19.2.3_react@19.2.3/node_modules/react-dom/cjs/react-dom-client.development.js:17469:41)
      at renderRootSync (node_modules/.pnpm/react-dom@19.2.3_react@19.2.3/node_modules/react-dom/cjs/react-dom-client.development.js:17450:11)
      at performWorkOnRoot (node_modules/.pnpm/react-dom@19.2.3_react@19.2.3/node_modules/react-dom/cjs/react-dom-client.development.js:16583:35)
      at performWorkOnRootViaSchedulerTask (node_modules/.pnpm/react-dom@19.2.3_react@19.2.3/node_modules/react-dom/cjs/react-dom-client.development.js:18957:7)
      at flushActQueue (node_modules/.pnpm/react@19.2.3/node_modules/react/cjs/react.development.js:590:34)
      at process.env.NODE_ENV.exports.act (node_modules/.pnpm/react@19.2.3/node_modules/react/cjs/react.development.js:884:10)
      at node_modules/.pnpm/@testing-library+react@16.3.1_@testing-library+dom@10.4.1_@types+react-dom@19.2.3_@type_68c5b21a70acecf0fbbfd97f51128017/node_modules/@testing-library/react/dist/act-compat.js:46:25
      at renderRoot (node_modules/.pnpm/@testing-library+react@16.3.1_@testing-library+dom@10.4.1_@types+react-dom@19.2.3_@type_68c5b21a70acecf0fbbfd97f51128017/node_modules/@testing-library/react/dist/pure.js:189:26)
      at render (node_modules/.pnpm/@testing-library+react@16.3.1_@testing-library+dom@10.4.1_@types+react-dom@19.2.3_@type_68c5b21a70acecf0fbbfd97f51128017/node_modules/@testing-library/react/dist/pure.js:291:10)
      at renderWithTheme (__tests__/pages/settings.test.tsx:23:16)
      at Object.<anonymous> (__tests__/pages/settings.test.tsx:82:5)

  ● SettingsPage › renders correctly on rerender

    Element type is invalid: expected a string (for built-in components) or a class/function (for composite components) but got: object.

    Check the render method of `SettingsPage`.

      21 |   });
      22 |
    > 23 |   return render(
         |                ^
      24 |     <ThemeProvider>
      25 |       <MuiThemeProvider theme={theme}>{component}</MuiThemeProvider>
      26 |     </ThemeProvider>

      at createFiberFromTypeAndProps (node_modules/.pnpm/react-dom@19.2.3_react@19.2.3/node_modules/react-dom/cjs/react-dom-client.development.js:5021:28)
      at createFiberFromElement (node_modules/.pnpm/react-dom@19.2.3_react@19.2.3/node_modules/react-dom/cjs/react-dom-client.development.js:5035:14)
      at reconcileChildFibersImpl (node_modules/.pnpm/react-dom@19.2.3_react@19.2.3/node_modules/react-dom/cjs/react-dom-client.development.js:6920:31)
      at node_modules/.pnpm/react-dom@19.2.3_react@19.2.3/node_modules/react-dom/cjs/react-dom-client.development.js:7098:33
      at reconcileChildren (node_modules/.pnpm/react-dom@19.2.3_react@19.2.3/node_modules/react-dom/cjs/react-dom-client.development.js:9701:13)
      at beginWork (node_modules/.pnpm/react-dom@19.2.3_react@19.2.3/node_modules/react-dom/cjs/react-dom-client.development.js:12049:13)
      at runWithFiberInDEV (node_modules/.pnpm/react-dom@19.2.3_react@19.2.3/node_modules/react-dom/cjs/react-dom-client.development.js:874:13)
      at performUnitOfWork (node_modules/.pnpm/react-dom@19.2.3_react@19.2.3/node_modules/react-dom/cjs/react-dom-client.development.js:17641:22)
      at workLoopSync (node_modules/.pnpm/react-dom@19.2.3_react@19.2.3/node_modules/react-dom/cjs/react-dom-client.development.js:17469:41)
      at renderRootSync (node_modules/.pnpm/react-dom@19.2.3_react@19.2.3/node_modules/react-dom/cjs/react-dom-client.development.js:17450:11)
      at performWorkOnRoot (node_modules/.pnpm/react-dom@19.2.3_react@19.2.3/node_modules/react-dom/cjs/react-dom-client.development.js:16583:35)
      at performWorkOnRootViaSchedulerTask (node_modules/.pnpm/react-dom@19.2.3_react@19.2.3/node_modules/react-dom/cjs/react-dom-client.development.js:18957:7)
      at flushActQueue (node_modules/.pnpm/react@19.2.3/node_modules/react/cjs/react.development.js:590:34)
      at process.env.NODE_ENV.exports.act (node_modules/.pnpm/react@19.2.3/node_modules/react/cjs/react.development.js:884:10)
      at node_modules/.pnpm/@testing-library+react@16.3.1_@testing-library+dom@10.4.1_@types+react-dom@19.2.3_@type_68c5b21a70acecf0fbbfd97f51128017/node_modules/@testing-library/react/dist/act-compat.js:46:25
      at renderRoot (node_modules/.pnpm/@testing-library+react@16.3.1_@testing-library+dom@10.4.1_@types+react-dom@19.2.3_@type_68c5b21a70acecf0fbbfd97f51128017/node_modules/@testing-library/react/dist/pure.js:189:26)
      at render (node_modules/.pnpm/@testing-library+react@16.3.1_@testing-library+dom@10.4.1_@types+react-dom@19.2.3_@type_68c5b21a70acecf0fbbfd97f51128017/node_modules/@testing-library/react/dist/pure.js:291:10)
      at renderWithTheme (__tests__/pages/settings.test.tsx:23:16)
      at Object.<anonymous> (__tests__/pages/settings.test.tsx:89:26)

  ● SettingsPage › handles theme changes

    Element type is invalid: expected a string (for built-in components) or a class/function (for composite components) but got: object.

    Check the render method of `SettingsPage`.

      21 |   });
      22 |
    > 23 |   return render(
         |                ^
      24 |     <ThemeProvider>
      25 |       <MuiThemeProvider theme={theme}>{component}</MuiThemeProvider>
      26 |     </ThemeProvider>

      at createFiberFromTypeAndProps (node_modules/.pnpm/react-dom@19.2.3_react@19.2.3/node_modules/react-dom/cjs/react-dom-client.development.js:5021:28)
      at createFiberFromElement (node_modules/.pnpm/react-dom@19.2.3_react@19.2.3/node_modules/react-dom/cjs/react-dom-client.development.js:5035:14)
      at reconcileChildFibersImpl (node_modules/.pnpm/react-dom@19.2.3_react@19.2.3/node_modules/react-dom/cjs/react-dom-client.development.js:6920:31)
      at node_modules/.pnpm/react-dom@19.2.3_react@19.2.3/node_modules/react-dom/cjs/react-dom-client.development.js:7098:33
      at reconcileChildren (node_modules/.pnpm/react-dom@19.2.3_react@19.2.3/node_modules/react-dom/cjs/react-dom-client.development.js:9701:13)
      at beginWork (node_modules/.pnpm/react-dom@19.2.3_react@19.2.3/node_modules/react-dom/cjs/react-dom-client.development.js:12049:13)
      at runWithFiberInDEV (node_modules/.pnpm/react-dom@19.2.3_react@19.2.3/node_modules/react-dom/cjs/react-dom-client.development.js:874:13)
      at performUnitOfWork (node_modules/.pnpm/react-dom@19.2.3_react@19.2.3/node_modules/react-dom/cjs/react-dom-client.development.js:17641:22)
      at workLoopSync (node_modules/.pnpm/react-dom@19.2.3_react@19.2.3/node_modules/react-dom/cjs/react-dom-client.development.js:17469:41)
      at renderRootSync (node_modules/.pnpm/react-dom@19.2.3_react@19.2.3/node_modules/react-dom/cjs/react-dom-client.development.js:17450:11)
      at performWorkOnRoot (node_modules/.pnpm/react-dom@19.2.3_react@19.2.3/node_modules/react-dom/cjs/react-dom-client.development.js:16583:35)
      at performWorkOnRootViaSchedulerTask (node_modules/.pnpm/react-dom@19.2.3_react@19.2.3/node_modules/react-dom/cjs/react-dom-client.development.js:18957:7)
      at flushActQueue (node_modules/.pnpm/react@19.2.3/node_modules/react/cjs/react.development.js:590:34)
      at process.env.NODE_ENV.exports.act (node_modules/.pnpm/react@19.2.3/node_modules/react/cjs/react.development.js:884:10)
      at node_modules/.pnpm/@testing-library+react@16.3.1_@testing-library+dom@10.4.1_@types+react-dom@19.2.3_@type_68c5b21a70acecf0fbbfd97f51128017/node_modules/@testing-library/react/dist/act-compat.js:46:25
      at renderRoot (node_modules/.pnpm/@testing-library+react@16.3.1_@testing-library+dom@10.4.1_@types+react-dom@19.2.3_@type_68c5b21a70acecf0fbbfd97f51128017/node_modules/@testing-library/react/dist/pure.js:189:26)
      at render (node_modules/.pnpm/@testing-library+react@16.3.1_@testing-library+dom@10.4.1_@types+react-dom@19.2.3_@type_68c5b21a70acecf0fbbfd97f51128017/node_modules/@testing-library/react/dist/pure.js:291:10)
      at renderWithTheme (__tests__/pages/settings.test.tsx:23:16)
      at Object.<anonymous> (__tests__/pages/settings.test.tsx:105:26)

  ● SettingsPage › does not render unexpected content

    Element type is invalid: expected a string (for built-in components) or a class/function (for composite components) but got: object.

    Check the render method of `SettingsPage`.

      21 |   });
      22 |
    > 23 |   return render(
         |                ^
      24 |     <ThemeProvider>
      25 |       <MuiThemeProvider theme={theme}>{component}</MuiThemeProvider>
      26 |     </ThemeProvider>

      at createFiberFromTypeAndProps (node_modules/.pnpm/react-dom@19.2.3_react@19.2.3/node_modules/react-dom/cjs/react-dom-client.development.js:5021:28)
      at createFiberFromElement (node_modules/.pnpm/react-dom@19.2.3_react@19.2.3/node_modules/react-dom/cjs/react-dom-client.development.js:5035:14)
      at reconcileChildFibersImpl (node_modules/.pnpm/react-dom@19.2.3_react@19.2.3/node_modules/react-dom/cjs/react-dom-client.development.js:6920:31)
      at node_modules/.pnpm/react-dom@19.2.3_react@19.2.3/node_modules/react-dom/cjs/react-dom-client.development.js:7098:33
      at reconcileChildren (node_modules/.pnpm/react-dom@19.2.3_react@19.2.3/node_modules/react-dom/cjs/react-dom-client.development.js:9701:13)
      at beginWork (node_modules/.pnpm/react-dom@19.2.3_react@19.2.3/node_modules/react-dom/cjs/react-dom-client.development.js:12049:13)
      at runWithFiberInDEV (node_modules/.pnpm/react-dom@19.2.3_react@19.2.3/node_modules/react-dom/cjs/react-dom-client.development.js:874:13)
      at performUnitOfWork (node_modules/.pnpm/react-dom@19.2.3_react@19.2.3/node_modules/react-dom/cjs/react-dom-client.development.js:17641:22)
      at workLoopSync (node_modules/.pnpm/react-dom@19.2.3_react@19.2.3/node_modules/react-dom/cjs/react-dom-client.development.js:17469:41)
      at renderRootSync (node_modules/.pnpm/react-dom@19.2.3_react@19.2.3/node_modules/react-dom/cjs/react-dom-client.development.js:17450:11)
      at performWorkOnRoot (node_modules/.pnpm/react-dom@19.2.3_react@19.2.3/node_modules/react-dom/cjs/react-dom-client.development.js:16583:35)
      at performWorkOnRootViaSchedulerTask (node_modules/.pnpm/react-dom@19.2.3_react@19.2.3/node_modules/react-dom/cjs/react-dom-client.development.js:18957:7)
      at flushActQueue (node_modules/.pnpm/react@19.2.3/node_modules/react/cjs/react.development.js:590:34)
      at process.env.NODE_ENV.exports.act (node_modules/.pnpm/react@19.2.3/node_modules/react/cjs/react.development.js:884:10)
      at node_modules/.pnpm/@testing-library+react@16.3.1_@testing-library+dom@10.4.1_@types+react-dom@19.2.3_@type_68c5b21a70acecf0fbbfd97f51128017/node_modules/@testing-library/react/dist/act-compat.js:46:25
      at renderRoot (node_modules/.pnpm/@testing-library+react@16.3.1_@testing-library+dom@10.4.1_@types+react-dom@19.2.3_@type_68c5b21a70acecf0fbbfd97f51128017/node_modules/@testing-library/react/dist/pure.js:189:26)
      at render (node_modules/.pnpm/@testing-library+react@16.3.1_@testing-library+dom@10.4.1_@types+react-dom@19.2.3_@type_68c5b21a70acecf0fbbfd97f51128017/node_modules/@testing-library/react/dist/pure.js:291:10)
      at renderWithTheme (__tests__/pages/settings.test.tsx:23:16)
      at Object.<anonymous> (__tests__/pages/settings.test.tsx:121:5)

  ● SettingsPage › maintains component hierarchy

    Element type is invalid: expected a string (for built-in components) or a class/function (for composite components) but got: object.

    Check the render method of `SettingsPage`.

      21 |   });
      22 |
    > 23 |   return render(
         |                ^
      24 |     <ThemeProvider>
      25 |       <MuiThemeProvider theme={theme}>{component}</MuiThemeProvider>
      26 |     </ThemeProvider>

      at createFiberFromTypeAndProps (node_modules/.pnpm/react-dom@19.2.3_react@19.2.3/node_modules/react-dom/cjs/react-dom-client.development.js:5021:28)
      at createFiberFromElement (node_modules/.pnpm/react-dom@19.2.3_react@19.2.3/node_modules/react-dom/cjs/react-dom-client.development.js:5035:14)
      at reconcileChildFibersImpl (node_modules/.pnpm/react-dom@19.2.3_react@19.2.3/node_modules/react-dom/cjs/react-dom-client.development.js:6920:31)
      at node_modules/.pnpm/react-dom@19.2.3_react@19.2.3/node_modules/react-dom/cjs/react-dom-client.development.js:7098:33
      at reconcileChildren (node_modules/.pnpm/react-dom@19.2.3_react@19.2.3/node_modules/react-dom/cjs/react-dom-client.development.js:9701:13)
      at beginWork (node_modules/.pnpm/react-dom@19.2.3_react@19.2.3/node_modules/react-dom/cjs/react-dom-client.development.js:12049:13)
      at runWithFiberInDEV (node_modules/.pnpm/react-dom@19.2.3_react@19.2.3/node_modules/react-dom/cjs/react-dom-client.development.js:874:13)
      at performUnitOfWork (node_modules/.pnpm/react-dom@19.2.3_react@19.2.3/node_modules/react-dom/cjs/react-dom-client.development.js:17641:22)
      at workLoopSync (node_modules/.pnpm/react-dom@19.2.3_react@19.2.3/node_modules/react-dom/cjs/react-dom-client.development.js:17469:41)
      at renderRootSync (node_modules/.pnpm/react-dom@19.2.3_react@19.2.3/node_modules/react-dom/cjs/react-dom-client.development.js:17450:11)
      at performWorkOnRoot (node_modules/.pnpm/react-dom@19.2.3_react@19.2.3/node_modules/react-dom/cjs/react-dom-client.development.js:16583:35)
      at performWorkOnRootViaSchedulerTask (node_modules/.pnpm/react-dom@19.2.3_react@19.2.3/node_modules/react-dom/cjs/react-dom-client.development.js:18957:7)
      at flushActQueue (node_modules/.pnpm/react@19.2.3/node_modules/react/cjs/react.development.js:590:34)
      at process.env.NODE_ENV.exports.act (node_modules/.pnpm/react@19.2.3/node_modules/react/cjs/react.development.js:884:10)
      at node_modules/.pnpm/@testing-library+react@16.3.1_@testing-library+dom@10.4.1_@types+react-dom@19.2.3_@type_68c5b21a70acecf0fbbfd97f51128017/node_modules/@testing-library/react/dist/act-compat.js:46:25
      at renderRoot (node_modules/.pnpm/@testing-library+react@16.3.1_@testing-library+dom@10.4.1_@types+react-dom@19.2.3_@type_68c5b21a70acecf0fbbfd97f51128017/node_modules/@testing-library/react/dist/pure.js:189:26)
      at render (node_modules/.pnpm/@testing-library+react@16.3.1_@testing-library+dom@10.4.1_@types+react-dom@19.2.3_@type_68c5b21a70acecf0fbbfd97f51128017/node_modules/@testing-library/react/dist/pure.js:291:10)
      at renderWithTheme (__tests__/pages/settings.test.tsx:23:16)
      at Object.<anonymous> (__tests__/pages/settings.test.tsx:129:27)

  ● SettingsPage › is responsive

    Element type is invalid: expected a string (for built-in components) or a class/function (for composite components) but got: object.

    Check the render method of `SettingsPage`.

      21 |   });
      22 |
    > 23 |   return render(
         |                ^
      24 |     <ThemeProvider>
      25 |       <MuiThemeProvider theme={theme}>{component}</MuiThemeProvider>
      26 |     </ThemeProvider>

      at createFiberFromTypeAndProps (node_modules/.pnpm/react-dom@19.2.3_react@19.2.3/node_modules/react-dom/cjs/react-dom-client.development.js:5021:28)
      at createFiberFromElement (node_modules/.pnpm/react-dom@19.2.3_react@19.2.3/node_modules/react-dom/cjs/react-dom-client.development.js:5035:14)
      at reconcileChildFibersImpl (node_modules/.pnpm/react-dom@19.2.3_react@19.2.3/node_modules/react-dom/cjs/react-dom-client.development.js:6920:31)
      at node_modules/.pnpm/react-dom@19.2.3_react@19.2.3/node_modules/react-dom/cjs/react-dom-client.development.js:7098:33
      at reconcileChildren (node_modules/.pnpm/react-dom@19.2.3_react@19.2.3/node_modules/react-dom/cjs/react-dom-client.development.js:9701:13)
      at beginWork (node_modules/.pnpm/react-dom@19.2.3_react@19.2.3/node_modules/react-dom/cjs/react-dom-client.development.js:12049:13)
      at runWithFiberInDEV (node_modules/.pnpm/react-dom@19.2.3_react@19.2.3/node_modules/react-dom/cjs/react-dom-client.development.js:874:13)
      at performUnitOfWork (node_modules/.pnpm/react-dom@19.2.3_react@19.2.3/node_modules/react-dom/cjs/react-dom-client.development.js:17641:22)
      at workLoopSync (node_modules/.pnpm/react-dom@19.2.3_react@19.2.3/node_modules/react-dom/cjs/react-dom-client.development.js:17469:41)
      at renderRootSync (node_modules/.pnpm/react-dom@19.2.3_react@19.2.3/node_modules/react-dom/cjs/react-dom-client.development.js:17450:11)
      at performWorkOnRoot (node_modules/.pnpm/react-dom@19.2.3_react@19.2.3/node_modules/react-dom/cjs/react-dom-client.development.js:16583:35)
      at performWorkOnRootViaSchedulerTask (node_modules/.pnpm/react-dom@19.2.3_react@19.2.3/node_modules/react-dom/cjs/react-dom-client.development.js:18957:7)
      at flushActQueue (node_modules/.pnpm/react@19.2.3/node_modules/react/cjs/react.development.js:590:34)
      at process.env.NODE_ENV.exports.act (node_modules/.pnpm/react@19.2.3/node_modules/react/cjs/react.development.js:884:10)
      at node_modules/.pnpm/@testing-library+react@16.3.1_@testing-library+dom@10.4.1_@types+react-dom@19.2.3_@type_68c5b21a70acecf0fbbfd97f51128017/node_modules/@testing-library/react/dist/act-compat.js:46:25
      at renderRoot (node_modules/.pnpm/@testing-library+react@16.3.1_@testing-library+dom@10.4.1_@types+react-dom@19.2.3_@type_68c5b21a70acecf0fbbfd97f51128017/node_modules/@testing-library/react/dist/pure.js:189:26)
      at render (node_modules/.pnpm/@testing-library+react@16.3.1_@testing-library+dom@10.4.1_@types+react-dom@19.2.3_@type_68c5b21a70acecf0fbbfd97f51128017/node_modules/@testing-library/react/dist/pure.js:291:10)
      at renderWithTheme (__tests__/pages/settings.test.tsx:23:16)
      at Object.<anonymous> (__tests__/pages/settings.test.tsx:138:5)

FAIL __tests__/server/services/llama/processManager.test.ts (6.075 s)
  ● ProcessManager › kill › should handle multiple kill calls

    thrown: "Exceeded timeout of 5000 ms for a test.
    Add a timeout value to this test to increase the timeout, if this is a long-running test. See https://jestjs.io/docs/api#testname-fn-timeout."

      193 |     });
      194 |
    > 195 |     it('should handle multiple kill calls', async () => {
          |     ^
      196 |       processManager.spawn('test-binary', []);
      197 |
      198 |       let exitCallback: ((code: number | null, signal: string | null) => void) | null = null;

      at __tests__/server/services/llama/processManager.test.ts:195:5
      at __tests__/server/services/llama/processManager.test.ts:106:3
      at Object.<anonymous> (__tests__/server/services/llama/processManager.test.ts:8:1)

FAIL __tests__/components/layout/Sidebar.comprehensive.test.tsx (9.25 s)
  ● Sidebar - Comprehensive Tests › Rendering › does not render sidebar when isOpen is false

    expect(element).not.toBeInTheDocument()

    expected document not to contain element, found <h6 class="MuiTypography-root MuiTypography-h6 css-bntit0-MuiTypography-root">Llama Runner</h6> instead

      63 |       renderWithTheme(<Sidebar />, false);
      64 |
    > 65 |       expect(screen.queryByText('Llama Runner')).not.toBeInTheDocument();
         |                                                      ^
      66 |     });
      67 |
      68 |     it('renders close button when open', () => {

      at Object.<anonymous> (__tests__/components/layout/Sidebar.comprehensive.test.tsx:65:54)

  ● Sidebar - Comprehensive Tests › Rendering › renders close button when open

    TestingLibraryElementError: Unable to find an accessible element with the role "button" and name `/close/i`

    Here are the accessible roles:

      presentation:

      Name "":
      [36m<div[39m
        [33mclass[39m=[32m"MuiDrawer-root MuiDrawer-anchorLeft MuiDrawer-modal MuiModal-root css-1l835nq-MuiModal-root-MuiDrawer-root"[39m
        [33mrole[39m=[32m"presentation"[39m
      [36m/>[39m

      --------------------------------------------------
      dialog:

      Name "":
      [36m<div[39m
        [33maria-modal[39m=[32m"true"[39m
        [33mclass[39m=[32m"MuiPaper-root MuiPaper-elevation MuiPaper-elevation16 MuiDrawer-paper MuiDrawer-paperAnchorLeft css-cyqh1t-MuiPaper-root-MuiDrawer-paper"[39m
        [33mrole[39m=[32m"dialog"[39m
        [33mstyle[39m=[32m"--Paper-shadow: 0px 8px 10px -5px rgba(0,0,0,0.2),0px 16px 24px 2px rgba(0,0,0,0.14),0px 6px 30px 5px rgba(0,0,0,0.12);"[39m
        [33mtabindex[39m=[32m"-1"[39m
      [36m/>[39m

      --------------------------------------------------
      heading:

      Name "Llama Runner":
      [36m<h6[39m
        [33mclass[39m=[32m"MuiTypography-root MuiTypography-h6 css-bntit0-MuiTypography-root"[39m
      [36m/>[39m

      --------------------------------------------------
      button:

      Name "":
      [36m<button[39m
        [33mclass[39m=[32m"MuiButtonBase-root MuiIconButton-root MuiIconButton-sizeMedium css-1him84n-MuiButtonBase-root-MuiIconButton-root"[39m
        [33mtabindex[39m=[32m"0"[39m
        [33mtype[39m=[32m"button"[39m
      [36m/>[39m

      Name "Dashboard":
      [36m<div[39m
        [33mclass[39m=[32m"MuiButtonBase-root MuiListItemButton-root MuiListItemButton-gutters Mui-selected MuiListItemButton-root MuiListItemButton-gutters Mui-selected css-1x1wnlj-MuiButtonBase-root-MuiListItemButton-root"[39m
        [33mrole[39m=[32m"button"[39m
        [33mtabindex[39m=[32m"0"[39m
      [36m/>[39m

      Name "Monitoring":
      [36m<div[39m
        [33mclass[39m=[32m"MuiButtonBase-root MuiListItemButton-root MuiListItemButton-gutters MuiListItemButton-root MuiListItemButton-gutters css-20u55v-MuiButtonBase-root-MuiListItemButton-root"[39m
        [33mrole[39m=[32m"button"[39m
        [33mtabindex[39m=[32m"0"[39m
      [36m/>[39m

      Name "Models":
      [36m<div[39m
        [33mclass[39m=[32m"MuiButtonBase-root MuiListItemButton-root MuiListItemButton-gutters MuiListItemButton-root MuiListItemButton-gutters css-20u55v-MuiButtonBase-root-MuiListItemButton-root"[39m
        [33mrole[39m=[32m"button"[39m
        [33mtabindex[39m=[32m"0"[39m
      [36m/>[39m

      Name "Logs":
      [36m<div[39m
        [33mclass[39m=[32m"MuiButtonBase-root MuiListItemButton-root MuiListItemButton-gutters MuiListItemButton-root MuiListItemButton-gutters css-20u55v-MuiButtonBase-root-MuiListItemButton-root"[39m
        [33mrole[39m=[32m"button"[39m
        [33mtabindex[39m=[32m"0"[39m
      [36m/>[39m

      Name "Settings":
      [36m<div[39m
        [33mclass[39m=[32m"MuiButtonBase-root MuiListItemButton-root MuiListItemButton-gutters MuiListItemButton-root MuiListItemButton-gutters css-20u55v-MuiButtonBase-root-MuiListItemButton-root"[39m
        [33mrole[39m=[32m"button"[39m
        [33mtabindex[39m=[32m"0"[39m
      [36m/>[39m

      --------------------------------------------------
      list:

      Name "":
      [36m<ul[39m
        [33mclass[39m=[32m"MuiList-root MuiList-padding css-b7dj7n-MuiList-root"[39m
      [36m/>[39m

      --------------------------------------------------
      listitem:

      Name "":
      [36m<li[39m
        [33mclass[39m=[32m"MuiListItem-root MuiListItem-gutters css-j9tpcu-MuiListItem-root"[39m
      [36m/>[39m

      Name "":
      [36m<li[39m
        [33mclass[39m=[32m"MuiListItem-root MuiListItem-gutters css-j9tpcu-MuiListItem-root"[39m
      [36m/>[39m

      Name "":
      [36m<li[39m
        [33mclass[39m=[32m"MuiListItem-root MuiListItem-gutters css-j9tpcu-MuiListItem-root"[39m
      [36m/>[39m

      Name "":
      [36m<li[39m
        [33mclass[39m=[32m"MuiListItem-root MuiListItem-gutters css-j9tpcu-MuiListItem-root"[39m
      [36m/>[39m

      Name "":
      [36m<li[39m
        [33mclass[39m=[32m"MuiListItem-root MuiListItem-gutters css-j9tpcu-MuiListItem-root"[39m
      [36m/>[39m

      --------------------------------------------------
      link:

      Name "Dashboard":
      [36m<a[39m
        [33mhref[39m=[32m"/dashboard"[39m
        [33mstyle[39m=[32m"text-decoration: none; width: 100%;"[39m
      [36m/>[39m

      Name "Monitoring":
      [36m<a[39m
        [33mhref[39m=[32m"/monitoring"[39m
        [33mstyle[39m=[32m"text-decoration: none; width: 100%;"[39m
      [36m/>[39m

      Name "Models":
      [36m<a[39m
        [33mhref[39m=[32m"/models"[39m
        [33mstyle[39m=[32m"text-decoration: none; width: 100%;"[39m
      [36m/>[39m

      Name "Logs":
      [36m<a[39m
        [33mhref[39m=[32m"/logs"[39m
        [33mstyle[39m=[32m"text-decoration: none; width: 100%;"[39m
      [36m/>[39m

      Name "Settings":
      [36m<a[39m
        [33mhref[39m=[32m"/settings"[39m
        [33mstyle[39m=[32m"text-decoration: none; width: 100%;"[39m
      [36m/>[39m

      --------------------------------------------------

    Ignored nodes: comments, script, style
    [36m<body[39m
      [33mstyle[39m=[32m"padding-right: 1024px; overflow: hidden;"[39m
    [36m>[39m
      [36m<div[39m
        [33maria-hidden[39m=[32m"true"[39m
      [36m>[39m
        [36m<div[39m
          [33mclass[39m=[32m"MuiBox-root css-jb4c3z"[39m
        [36m/>[39m
      [36m</div>[39m
      [36m<div[39m
        [33mclass[39m=[32m"MuiDrawer-root MuiDrawer-anchorLeft MuiDrawer-modal MuiModal-root css-1l835nq-MuiModal-root-MuiDrawer-root"[39m
        [33mrole[39m=[32m"presentation"[39m
      [36m>[39m
        [36m<div[39m
          [33maria-hidden[39m=[32m"true"[39m
          [33mclass[39m=[32m"MuiBackdrop-root MuiModal-backdrop css-4nmryk-MuiBackdrop-root-MuiModal-backdrop"[39m
          [33mstyle[39m=[32m"opacity: 1; transition: opacity 225ms cubic-bezier(0.4, 0, 0.2, 1) 0ms;"[39m
        [36m/>[39m
        [36m<div[39m
          [33mdata-testid[39m=[32m"sentinelStart"[39m
          [33mtabindex[39m=[32m"0"[39m
        [36m/>[39m
        [36m<div[39m
          [33maria-modal[39m=[32m"true"[39m
          [33mclass[39m=[32m"MuiPaper-root MuiPaper-elevation MuiPaper-elevation16 MuiDrawer-paper MuiDrawer-paperAnchorLeft css-cyqh1t-MuiPaper-root-MuiDrawer-paper"[39m
          [33mrole[39m=[32m"dialog"[39m
          [33mstyle[39m=[32m"--Paper-shadow: 0px 8px 10px -5px rgba(0,0,0,0.2),0px 16px 24px 2px rgba(0,0,0,0.14),0px 6px 30px 5px rgba(0,0,0,0.12);"[39m
          [33mtabindex[39m=[32m"-1"[39m
        [36m>[39m
          [36m<div[39m
            [33mclass[39m=[32m"MuiBox-root css-1g4yje1"[39m
          [36m>[39m
            [36m<div[39m
              [33mclass[39m=[32m"MuiBox-root css-147ugwb"[39m
            [36m>[39m
              [36m<div[39m
                [33mclass[39m=[32m"MuiBox-root css-69i1ev"[39m
              [36m>[39m
                [36m<h6[39m
                  [33mclass[39m=[32m"MuiTypography-root MuiTypography-h6 css-bntit0-MuiTypography-root"[39m
                [36m>[39m
                  [0mLlama Runner[0m
                [36m</h6>[39m
                [36m<button[39m
                  [33mclass[39m=[32m"MuiButtonBase-root MuiIconButton-root MuiIconButton-sizeMedium css-1him84n-MuiButtonBase-root-MuiIconButton-root"[39m
                  [33mtabindex[39m=[32m"0"[39m
                  [33mtype[39m=[32m"button"[39m
                [36m>[39m
                  [36m<svg[39m
                    [33maria-hidden[39m=[32m"true"[39m
                    [33mclass[39m=[32m"lucide lucide-x h-5 w-5"[39m
                    [33mfill[39m=[32m"none"[39m
                    [33mheight[39m=[32m"24"[39m
                    [33mstroke[39m=[32m"currentColor"[39m
                    [33mstroke-linecap[39m=[32m"round"[39m
                    [33mstroke-linejoin[39m=[32m"round"[39m
                    [33mstroke-width[39m=[32m"2"[39m
                    [33mviewBox[39m=[32m"0 0 24 24"[39m
                    [33mwidth[39m=[32m"24"[39m
                    [33mxmlns[39m=[32m"http://www.w3.org/2000/svg"[39m
                  [36m>[39m
                    [36m<path[39m
                      [33md[39m=[32m"M18 6 6 18"[39m
                    [36m/>[39m
                    [36m<path[39m
                      [33md[39m=[32m"m6 6 12 12"[39m
                    [36m/>[39m
                  [36m</svg>[39m
                [36m</button>[39m
              [36m</div>[39m
            [36m</div>[39m
            [36m<div[39m
              [33mclass[39m=[32m"MuiBox-root css-13qmpco"[39m
            [36m>[39m
              [36m<ul[39m
                [33mclass[39m=[32m"MuiList-root MuiList-padding css-b7dj7n-MuiList-root"[39m
              [36m>[39m
                [36m<li[39m
                  [33mclass[39m=[32m"MuiListItem-root MuiListItem-gutters css-j9tpcu-MuiListItem-root"[39m
                [36m>[39m
                  [36m<a[39m
                    [33mhref[39m=[32m"/dashboard"[39m
                    [33mstyle[39m=[32m"text-decoration: none; width: 100%;"[39m
                  [36m>[39m
                    [36m<div[39m
                      [33mclass[39m=[32m"MuiButtonBase-root MuiListItemButton-root MuiListItemButton-gutters Mui-selected MuiListItemButton-root MuiListItemButton-gutters Mui-selected css-1x1wnlj-MuiButtonBase-root-MuiListItemButton-root"[39m
                      [33mrole[39m=[32m"button"[39m
                      [33mtabindex[39m=[32m"0"[39m
                    [36m>[39m
                      [36m<div[39m
                        [33mclass[39m=[32m"MuiListItemIcon-root css-17lfe0x-MuiListItemIcon-root"[39m
                      [36m>[39m
                        [36m<svg[39m
                          [33maria-hidden[39m=[32m"true"[39m
                          [33mclass[39m=[32m"lucide lucide-house h-5 w-5"[39m
                          [33mfill[39m=[32m"none"[39m
                          [33mheight[39m=[32m"24"[39m
                          [33mstroke[39m=[32m"currentColor"[39m
                          [33mstroke-linecap[39m=[32m"round"[39m
                          [33mstroke-linejoin[39m=[32m"round"[39m
                          [33mstroke-width[39m=[32m"2"[39m
                          [33mviewBox[39m=[32m"0 0 24 24"[39m
                          [33mwidth[39m=[32m"24"[39m
                          [33mxmlns[39m=[32m"http://www.w3.org/2000/svg"[39m
                        [36m>[39m
                          [36m<path[39m
                            [33md[39m=[32m"M15 21v-8a1 1 0 0 0-1-1h-4a1 1 0 0 0-1 1v8"[39m
                          [36m/>[39m
                          [36m<path[39m
                            [33md[39m=[32m"M3 10a2 2 0 0 1 .709-1.528l7-6a2 2 0 0 1 2.582 0l7 6A2 2 0 0 1 21 10v9a2 2 0 0 1-2 2H5a2 2 0 0 1-2-2z"[39m
                          [36m/>[39m
                        [36m</svg>[39m
                      [36m</div>[39m
                      [36m<div[39m
                        [33mclass[39m=[32m"MuiListItemText-root css-cfq8qh-MuiListItemText-root"[39m
                      [36m>[39m
                        [36m<span[39m
                          [33mclass[39m=[32m"MuiTypography-root MuiTypography-body1 MuiListItemText-primary css-jd7n2b-MuiTypography-root"[39m
                        [36m>[39m
                          [0mDashboard[0m
                        [36m</span>[39m
                      [36m</div>[39m
                    [36m</div>[39m
                  [36m</a>[39m
                [36m</li>[39m
                [36m<li[39m
                  [33mclass[39m=[32m"MuiListItem-root MuiListItem-gutters css-j9tpcu-MuiListItem-root"[39m
                [36m>[39m
                  [36m<a[39m
                    [33mhref[39m=[32m"/monitoring"[39m
                    [33mstyle[39m=[32m"text-decoration: none; width: 100%;"[39m
                  [36m>[39m
                    [36m<div[39m
                      [33mclass[39m=[32m"MuiButtonBase-root MuiListItemButton-root MuiListItemButton-gutters MuiListItemButton-root MuiListItemButton-gutters css-20u55v-MuiButtonBase-root-MuiListItemButton-root"[39m
                      [33mrole[39m=[32m"button"[39m
                      [33mtabindex[39m=[32m"0"[39m
                    [36m>[39m
                      [36m<div[39m
                   ...

      69 |       renderWithTheme(<Sidebar />, true);
      70 |
    > 71 |       expect(screen.getByRole('button', { name: /close/i })).toBeInTheDocument();
         |                     ^
      72 |     });
      73 |
      74 |     it('renders all navigation links', () => {

      at Object.getElementError (node_modules/.pnpm/@testing-library+dom@10.4.1/node_modules/@testing-library/dom/dist/config.js:37:19)
      at node_modules/.pnpm/@testing-library+dom@10.4.1/node_modules/@testing-library/dom/dist/query-helpers.js:76:38
      at node_modules/.pnpm/@testing-library+dom@10.4.1/node_modules/@testing-library/dom/dist/query-helpers.js:52:17
      at node_modules/.pnpm/@testing-library+dom@10.4.1/node_modules/@testing-library/dom/dist/query-helpers.js:95:19
      at Object.<anonymous> (__tests__/components/layout/Sidebar.comprehensive.test.tsx:71:21)

  ● Sidebar - Comprehensive Tests › Rendering › renders icons for all menu items

    expect(received).toBeGreaterThan(expected)

    Expected: > 5
    Received:   0

      94 |
      95 |       const icons = container.querySelectorAll('svg');
    > 96 |       expect(icons.length).toBeGreaterThan(5); // At least one icon per menu item + close button
         |                            ^
      97 |     });
      98 |
      99 |     it('renders footer with version and copyright', () => {

      at Object.<anonymous> (__tests__/components/layout/Sidebar.comprehensive.test.tsx:96:28)

  ● Sidebar - Comprehensive Tests › Navigation and Active States › highlights Dashboard when on /dashboard route

    expect(received).toHaveAttribute()

    received value must be an HTMLElement or an SVGElement.
    Received has value: null

      111 |
      112 |       const dashboardButton = container.querySelector('a[href="/dashboard"] button');
    > 113 |       expect(dashboardButton).toHaveAttribute('selected', 'true');
          |                               ^
      114 |     });
      115 |
      116 |     it('highlights Monitoring when on /monitoring route', () => {

      at __EXTERNAL_MATCHER_TRAP__ (node_modules/.pnpm/expect@30.2.0/node_modules/expect/build/index.js:2240:22)
      at Object.throwingMatcher (node_modules/.pnpm/expect@30.2.0/node_modules/expect/build/index.js:2241:6)
      at Object.<anonymous> (__tests__/components/layout/Sidebar.comprehensive.test.tsx:113:31)

  ● Sidebar - Comprehensive Tests › Navigation and Active States › highlights Monitoring when on /monitoring route

    expect(received).toHaveAttribute()

    received value must be an HTMLElement or an SVGElement.
    Received has value: null

      118 |
      119 |       const monitoringButton = container.querySelector('a[href="/monitoring"] button');
    > 120 |       expect(monitoringButton).toHaveAttribute('selected', 'true');
          |                                ^
      121 |     });
      122 |
      123 |     it('highlights Models when on /models route', () => {

      at __EXTERNAL_MATCHER_TRAP__ (node_modules/.pnpm/expect@30.2.0/node_modules/expect/build/index.js:2240:22)
      at Object.throwingMatcher (node_modules/.pnpm/expect@30.2.0/node_modules/expect/build/index.js:2241:6)
      at Object.<anonymous> (__tests__/components/layout/Sidebar.comprehensive.test.tsx:120:32)

  ● Sidebar - Comprehensive Tests › Navigation and Active States › highlights Models when on /models route

    expect(received).toHaveAttribute()

    received value must be an HTMLElement or an SVGElement.
    Received has value: null

      125 |
      126 |       const modelsButton = container.querySelector('a[href="/models"] button');
    > 127 |       expect(modelsButton).toHaveAttribute('selected', 'true');
          |                            ^
      128 |     });
      129 |
      130 |     it('highlights Logs when on /logs route', () => {

      at __EXTERNAL_MATCHER_TRAP__ (node_modules/.pnpm/expect@30.2.0/node_modules/expect/build/index.js:2240:22)
      at Object.throwingMatcher (node_modules/.pnpm/expect@30.2.0/node_modules/expect/build/index.js:2241:6)
      at Object.<anonymous> (__tests__/components/layout/Sidebar.comprehensive.test.tsx:127:28)

  ● Sidebar - Comprehensive Tests › Navigation and Active States › highlights Logs when on /logs route

    expect(received).toHaveAttribute()

    received value must be an HTMLElement or an SVGElement.
    Received has value: null

      132 |
      133 |       const logsButton = container.querySelector('a[href="/logs"] button');
    > 134 |       expect(logsButton).toHaveAttribute('selected', 'true');
          |                          ^
      135 |     });
      136 |
      137 |     it('highlights Settings when on /settings route', () => {

      at __EXTERNAL_MATCHER_TRAP__ (node_modules/.pnpm/expect@30.2.0/node_modules/expect/build/index.js:2240:22)
      at Object.throwingMatcher (node_modules/.pnpm/expect@30.2.0/node_modules/expect/build/index.js:2241:6)
      at Object.<anonymous> (__tests__/components/layout/Sidebar.comprehensive.test.tsx:134:26)

  ● Sidebar - Comprehensive Tests › Navigation and Active States › highlights Settings when on /settings route

    expect(received).toHaveAttribute()

    received value must be an HTMLElement or an SVGElement.
    Received has value: null

      139 |
      140 |       const settingsButton = container.querySelector('a[href="/settings"] button');
    > 141 |       expect(settingsButton).toHaveAttribute('selected', 'true');
          |                              ^
      142 |     });
      143 |
      144 |     it('applies correct active styling for dark mode', () => {

      at __EXTERNAL_MATCHER_TRAP__ (node_modules/.pnpm/expect@30.2.0/node_modules/expect/build/index.js:2240:22)
      at Object.throwingMatcher (node_modules/.pnpm/expect@30.2.0/node_modules/expect/build/index.js:2241:6)
      at Object.<anonymous> (__tests__/components/layout/Sidebar.comprehensive.test.tsx:141:30)

  ● Sidebar - Comprehensive Tests › Navigation and Active States › applies correct active styling for dark mode

    expect(received).toBeInTheDocument()

    received value must be an HTMLElement or an SVGElement.
    Received has value: null

      146 |
      147 |       const dashboardButton = container.querySelector('a[href="/dashboard"] button');
    > 148 |       expect(dashboardButton).toBeInTheDocument();
          |                               ^
      149 |     });
      150 |
      151 |     it('applies correct active styling for light mode', () => {

      at __EXTERNAL_MATCHER_TRAP__ (node_modules/.pnpm/expect@30.2.0/node_modules/expect/build/index.js:2240:22)
      at Object.throwingMatcher [as toBeInTheDocument] (node_modules/.pnpm/expect@30.2.0/node_modules/expect/build/index.js:2241:6)
      at Object.<anonymous> (__tests__/components/layout/Sidebar.comprehensive.test.tsx:148:31)

  ● Sidebar - Comprehensive Tests › Navigation and Active States › applies correct active styling for light mode

    expect(received).toBeInTheDocument()

    received value must be an HTMLElement or an SVGElement.
    Received has value: null

      153 |
      154 |       const dashboardButton = container.querySelector('a[href="/dashboard"] button');
    > 155 |       expect(dashboardButton).toBeInTheDocument();
          |                               ^
      156 |     });
      157 |   });
      158 |

      at __EXTERNAL_MATCHER_TRAP__ (node_modules/.pnpm/expect@30.2.0/node_modules/expect/build/index.js:2240:22)
      at Object.throwingMatcher [as toBeInTheDocument] (node_modules/.pnpm/expect@30.2.0/node_modules/expect/build/index.js:2241:6)
      at Object.<anonymous> (__tests__/components/layout/Sidebar.comprehensive.test.tsx:155:31)

  ● Sidebar - Comprehensive Tests › Interaction › closes sidebar when close button is clicked

    TestingLibraryElementError: Unable to find an accessible element with the role "button" and name `/close/i`

    Here are the accessible roles:

      presentation:

      Name "":
      [36m<div[39m
        [33mclass[39m=[32m"MuiDrawer-root MuiDrawer-anchorLeft MuiDrawer-modal MuiModal-root css-1l835nq-MuiModal-root-MuiDrawer-root"[39m
        [33mrole[39m=[32m"presentation"[39m
      [36m/>[39m

      --------------------------------------------------
      dialog:

      Name "":
      [36m<div[39m
        [33maria-modal[39m=[32m"true"[39m
        [33mclass[39m=[32m"MuiPaper-root MuiPaper-elevation MuiPaper-elevation16 MuiDrawer-paper MuiDrawer-paperAnchorLeft css-cyqh1t-MuiPaper-root-MuiDrawer-paper"[39m
        [33mrole[39m=[32m"dialog"[39m
        [33mstyle[39m=[32m"--Paper-shadow: 0px 8px 10px -5px rgba(0,0,0,0.2),0px 16px 24px 2px rgba(0,0,0,0.14),0px 6px 30px 5px rgba(0,0,0,0.12);"[39m
        [33mtabindex[39m=[32m"-1"[39m
      [36m/>[39m

      --------------------------------------------------
      heading:

      Name "Llama Runner":
      [36m<h6[39m
        [33mclass[39m=[32m"MuiTypography-root MuiTypography-h6 css-bntit0-MuiTypography-root"[39m
      [36m/>[39m

      --------------------------------------------------
      button:

      Name "":
      [36m<button[39m
        [33mclass[39m=[32m"MuiButtonBase-root MuiIconButton-root MuiIconButton-sizeMedium css-1him84n-MuiButtonBase-root-MuiIconButton-root"[39m
        [33mtabindex[39m=[32m"0"[39m
        [33mtype[39m=[32m"button"[39m
      [36m/>[39m

      Name "Dashboard":
      [36m<div[39m
        [33mclass[39m=[32m"MuiButtonBase-root MuiListItemButton-root MuiListItemButton-gutters Mui-selected MuiListItemButton-root MuiListItemButton-gutters Mui-selected css-1x1wnlj-MuiButtonBase-root-MuiListItemButton-root"[39m
        [33mrole[39m=[32m"button"[39m
        [33mtabindex[39m=[32m"0"[39m
      [36m/>[39m

      Name "Monitoring":
      [36m<div[39m
        [33mclass[39m=[32m"MuiButtonBase-root MuiListItemButton-root MuiListItemButton-gutters MuiListItemButton-root MuiListItemButton-gutters css-20u55v-MuiButtonBase-root-MuiListItemButton-root"[39m
        [33mrole[39m=[32m"button"[39m
        [33mtabindex[39m=[32m"0"[39m
      [36m/>[39m

      Name "Models":
      [36m<div[39m
        [33mclass[39m=[32m"MuiButtonBase-root MuiListItemButton-root MuiListItemButton-gutters MuiListItemButton-root MuiListItemButton-gutters css-20u55v-MuiButtonBase-root-MuiListItemButton-root"[39m
        [33mrole[39m=[32m"button"[39m
        [33mtabindex[39m=[32m"0"[39m
      [36m/>[39m

      Name "Logs":
      [36m<div[39m
        [33mclass[39m=[32m"MuiButtonBase-root MuiListItemButton-root MuiListItemButton-gutters MuiListItemButton-root MuiListItemButton-gutters css-20u55v-MuiButtonBase-root-MuiListItemButton-root"[39m
        [33mrole[39m=[32m"button"[39m
        [33mtabindex[39m=[32m"0"[39m
      [36m/>[39m

      Name "Settings":
      [36m<div[39m
        [33mclass[39m=[32m"MuiButtonBase-root MuiListItemButton-root MuiListItemButton-gutters MuiListItemButton-root MuiListItemButton-gutters css-20u55v-MuiButtonBase-root-MuiListItemButton-root"[39m
        [33mrole[39m=[32m"button"[39m
        [33mtabindex[39m=[32m"0"[39m
      [36m/>[39m

      --------------------------------------------------
      list:

      Name "":
      [36m<ul[39m
        [33mclass[39m=[32m"MuiList-root MuiList-padding css-b7dj7n-MuiList-root"[39m
      [36m/>[39m

      --------------------------------------------------
      listitem:

      Name "":
      [36m<li[39m
        [33mclass[39m=[32m"MuiListItem-root MuiListItem-gutters css-j9tpcu-MuiListItem-root"[39m
      [36m/>[39m

      Name "":
      [36m<li[39m
        [33mclass[39m=[32m"MuiListItem-root MuiListItem-gutters css-j9tpcu-MuiListItem-root"[39m
      [36m/>[39m

      Name "":
      [36m<li[39m
        [33mclass[39m=[32m"MuiListItem-root MuiListItem-gutters css-j9tpcu-MuiListItem-root"[39m
      [36m/>[39m

      Name "":
      [36m<li[39m
        [33mclass[39m=[32m"MuiListItem-root MuiListItem-gutters css-j9tpcu-MuiListItem-root"[39m
      [36m/>[39m

      Name "":
      [36m<li[39m
        [33mclass[39m=[32m"MuiListItem-root MuiListItem-gutters css-j9tpcu-MuiListItem-root"[39m
      [36m/>[39m

      --------------------------------------------------
      link:

      Name "Dashboard":
      [36m<a[39m
        [33mhref[39m=[32m"/dashboard"[39m
        [33mstyle[39m=[32m"text-decoration: none; width: 100%;"[39m
      [36m/>[39m

      Name "Monitoring":
      [36m<a[39m
        [33mhref[39m=[32m"/monitoring"[39m
        [33mstyle[39m=[32m"text-decoration: none; width: 100%;"[39m
      [36m/>[39m

      Name "Models":
      [36m<a[39m
        [33mhref[39m=[32m"/models"[39m
        [33mstyle[39m=[32m"text-decoration: none; width: 100%;"[39m
      [36m/>[39m

      Name "Logs":
      [36m<a[39m
        [33mhref[39m=[32m"/logs"[39m
        [33mstyle[39m=[32m"text-decoration: none; width: 100%;"[39m
      [36m/>[39m

      Name "Settings":
      [36m<a[39m
        [33mhref[39m=[32m"/settings"[39m
        [33mstyle[39m=[32m"text-decoration: none; width: 100%;"[39m
      [36m/>[39m

      --------------------------------------------------

    Ignored nodes: comments, script, style
    [36m<body[39m
      [33mstyle[39m=[32m"padding-right: 1024px; overflow: hidden;"[39m
    [36m>[39m
      [36m<div[39m
        [33maria-hidden[39m=[32m"true"[39m
      [36m>[39m
        [36m<div[39m
          [33mclass[39m=[32m"MuiBox-root css-jb4c3z"[39m
        [36m/>[39m
      [36m</div>[39m
      [36m<div[39m
        [33mclass[39m=[32m"MuiDrawer-root MuiDrawer-anchorLeft MuiDrawer-modal MuiModal-root css-1l835nq-MuiModal-root-MuiDrawer-root"[39m
        [33mrole[39m=[32m"presentation"[39m
      [36m>[39m
        [36m<div[39m
          [33maria-hidden[39m=[32m"true"[39m
          [33mclass[39m=[32m"MuiBackdrop-root MuiModal-backdrop css-4nmryk-MuiBackdrop-root-MuiModal-backdrop"[39m
          [33mstyle[39m=[32m"opacity: 1; transition: opacity 225ms cubic-bezier(0.4, 0, 0.2, 1) 0ms;"[39m
        [36m/>[39m
        [36m<div[39m
          [33mdata-testid[39m=[32m"sentinelStart"[39m
          [33mtabindex[39m=[32m"0"[39m
        [36m/>[39m
        [36m<div[39m
          [33maria-modal[39m=[32m"true"[39m
          [33mclass[39m=[32m"MuiPaper-root MuiPaper-elevation MuiPaper-elevation16 MuiDrawer-paper MuiDrawer-paperAnchorLeft css-cyqh1t-MuiPaper-root-MuiDrawer-paper"[39m
          [33mrole[39m=[32m"dialog"[39m
          [33mstyle[39m=[32m"--Paper-shadow: 0px 8px 10px -5px rgba(0,0,0,0.2),0px 16px 24px 2px rgba(0,0,0,0.14),0px 6px 30px 5px rgba(0,0,0,0.12);"[39m
          [33mtabindex[39m=[32m"-1"[39m
        [36m>[39m
          [36m<div[39m
            [33mclass[39m=[32m"MuiBox-root css-1g4yje1"[39m
          [36m>[39m
            [36m<div[39m
              [33mclass[39m=[32m"MuiBox-root css-147ugwb"[39m
            [36m>[39m
              [36m<div[39m
                [33mclass[39m=[32m"MuiBox-root css-69i1ev"[39m
              [36m>[39m
                [36m<h6[39m
                  [33mclass[39m=[32m"MuiTypography-root MuiTypography-h6 css-bntit0-MuiTypography-root"[39m
                [36m>[39m
                  [0mLlama Runner[0m
                [36m</h6>[39m
                [36m<button[39m
                  [33mclass[39m=[32m"MuiButtonBase-root MuiIconButton-root MuiIconButton-sizeMedium css-1him84n-MuiButtonBase-root-MuiIconButton-root"[39m
                  [33mtabindex[39m=[32m"0"[39m
                  [33mtype[39m=[32m"button"[39m
                [36m>[39m
                  [36m<svg[39m
                    [33maria-hidden[39m=[32m"true"[39m
                    [33mclass[39m=[32m"lucide lucide-x h-5 w-5"[39m
                    [33mfill[39m=[32m"none"[39m
                    [33mheight[39m=[32m"24"[39m
                    [33mstroke[39m=[32m"currentColor"[39m
                    [33mstroke-linecap[39m=[32m"round"[39m
                    [33mstroke-linejoin[39m=[32m"round"[39m
                    [33mstroke-width[39m=[32m"2"[39m
                    [33mviewBox[39m=[32m"0 0 24 24"[39m
                    [33mwidth[39m=[32m"24"[39m
                    [33mxmlns[39m=[32m"http://www.w3.org/2000/svg"[39m
                  [36m>[39m
                    [36m<path[39m
                      [33md[39m=[32m"M18 6 6 18"[39m
                    [36m/>[39m
                    [36m<path[39m
                      [33md[39m=[32m"m6 6 12 12"[39m
                    [36m/>[39m
                  [36m</svg>[39m
                [36m</button>[39m
              [36m</div>[39m
            [36m</div>[39m
            [36m<div[39m
              [33mclass[39m=[32m"MuiBox-root css-13qmpco"[39m
            [36m>[39m
              [36m<ul[39m
                [33mclass[39m=[32m"MuiList-root MuiList-padding css-b7dj7n-MuiList-root"[39m
              [36m>[39m
                [36m<li[39m
                  [33mclass[39m=[32m"MuiListItem-root MuiListItem-gutters css-j9tpcu-MuiListItem-root"[39m
                [36m>[39m
                  [36m<a[39m
                    [33mhref[39m=[32m"/dashboard"[39m
                    [33mstyle[39m=[32m"text-decoration: none; width: 100%;"[39m
                  [36m>[39m
                    [36m<div[39m
                      [33mclass[39m=[32m"MuiButtonBase-root MuiListItemButton-root MuiListItemButton-gutters Mui-selected MuiListItemButton-root MuiListItemButton-gutters Mui-selected css-1x1wnlj-MuiButtonBase-root-MuiListItemButton-root"[39m
                      [33mrole[39m=[32m"button"[39m
                      [33mtabindex[39m=[32m"0"[39m
                    [36m>[39m
                      [36m<div[39m
                        [33mclass[39m=[32m"MuiListItemIcon-root css-17lfe0x-MuiListItemIcon-root"[39m
                      [36m>[39m
                        [36m<svg[39m
                          [33maria-hidden[39m=[32m"true"[39m
                          [33mclass[39m=[32m"lucide lucide-house h-5 w-5"[39m
                          [33mfill[39m=[32m"none"[39m
                          [33mheight[39m=[32m"24"[39m
                          [33mstroke[39m=[32m"currentColor"[39m
                          [33mstroke-linecap[39m=[32m"round"[39m
                          [33mstroke-linejoin[39m=[32m"round"[39m
                          [33mstroke-width[39m=[32m"2"[39m
                          [33mviewBox[39m=[32m"0 0 24 24"[39m
                          [33mwidth[39m=[32m"24"[39m
                          [33mxmlns[39m=[32m"http://www.w3.org/2000/svg"[39m
                        [36m>[39m
                          [36m<path[39m
                            [33md[39m=[32m"M15 21v-8a1 1 0 0 0-1-1h-4a1 1 0 0 0-1 1v8"[39m
                          [36m/>[39m
                          [36m<path[39m
                            [33md[39m=[32m"M3 10a2 2 0 0 1 .709-1.528l7-6a2 2 0 0 1 2.582 0l7 6A2 2 0 0 1 21 10v9a2 2 0 0 1-2 2H5a2 2 0 0 1-2-2z"[39m
                          [36m/>[39m
                        [36m</svg>[39m
                      [36m</div>[39m
                      [36m<div[39m
                        [33mclass[39m=[32m"MuiListItemText-root css-cfq8qh-MuiListItemText-root"[39m
                      [36m>[39m
                        [36m<span[39m
                          [33mclass[39m=[32m"MuiTypography-root MuiTypography-body1 MuiListItemText-primary css-jd7n2b-MuiTypography-root"[39m
                        [36m>[39m
                          [0mDashboard[0m
                        [36m</span>[39m
                      [36m</div>[39m
                    [36m</div>[39m
                  [36m</a>[39m
                [36m</li>[39m
                [36m<li[39m
                  [33mclass[39m=[32m"MuiListItem-root MuiListItem-gutters css-j9tpcu-MuiListItem-root"[39m
                [36m>[39m
                  [36m<a[39m
                    [33mhref[39m=[32m"/monitoring"[39m
                    [33mstyle[39m=[32m"text-decoration: none; width: 100%;"[39m
                  [36m>[39m
                    [36m<div[39m
                      [33mclass[39m=[32m"MuiButtonBase-root MuiListItemButton-root MuiListItemButton-gutters MuiListItemButton-root MuiListItemButton-gutters css-20u55v-MuiButtonBase-root-MuiListItemButton-root"[39m
                      [33mrole[39m=[32m"button"[39m
                      [33mtabindex[39m=[32m"0"[39m
                    [36m>[39m
                      [36m<div[39m
                   ...

      161 |       renderWithTheme(<Sidebar />, true);
      162 |
    > 163 |       const closeButton = screen.getByRole('button', { name: /close/i });
          |                                  ^
      164 |       expect(closeButton).toBeInTheDocument();
      165 |
      166 |       // Note: The actual closeSidebar function is mocked, so we just verify the button exists and is clickable

      at Object.getElementError (node_modules/.pnpm/@testing-library+dom@10.4.1/node_modules/@testing-library/dom/dist/config.js:37:19)
      at node_modules/.pnpm/@testing-library+dom@10.4.1/node_modules/@testing-library/dom/dist/query-helpers.js:76:38
      at node_modules/.pnpm/@testing-library+dom@10.4.1/node_modules/@testing-library/dom/dist/query-helpers.js:52:17
      at node_modules/.pnpm/@testing-library+dom@10.4.1/node_modules/@testing-library/dom/dist/query-helpers.js:95:19
      at Object.<anonymous> (__tests__/components/layout/Sidebar.comprehensive.test.tsx:163:34)

  ● Sidebar - Comprehensive Tests › Interaction › calls closeSidebar when menu item is clicked

    expect(received).toBeInTheDocument()

    received value must be an HTMLElement or an SVGElement.
    Received has value: null

      181 |
      182 |       const dashboardLink = container.querySelector('a[href="/dashboard"]');
    > 183 |       expect(dashboardLink).toBeInTheDocument();
          |                             ^
      184 |
      185 |       if (dashboardLink) {
      186 |         fireEvent.click(dashboardLink);

      at __EXTERNAL_MATCHER_TRAP__ (node_modules/.pnpm/expect@30.2.0/node_modules/expect/build/index.js:2240:22)
      at Object.throwingMatcher [as toBeInTheDocument] (node_modules/.pnpm/expect@30.2.0/node_modules/expect/build/index.js:2241:6)
      at Object.<anonymous> (__tests__/components/layout/Sidebar.comprehensive.test.tsx:183:29)

  ● Sidebar - Comprehensive Tests › Theme Integration › applies dark mode styles when isDark is true

    expect(received).toBeInTheDocument()

    received value must be an HTMLElement or an SVGElement.
    Received has value: null

      196 |       expect(screen.getByText('Llama Runner')).toBeInTheDocument();
      197 |       const drawer = container.querySelector('.MuiDrawer-paper');
    > 198 |       expect(drawer).toBeInTheDocument();
          |                      ^
      199 |     });
      200 |
      201 |     it('applies light mode styles when isDark is false', () => {

      at __EXTERNAL_MATCHER_TRAP__ (node_modules/.pnpm/expect@30.2.0/node_modules/expect/build/index.js:2240:22)
      at Object.throwingMatcher [as toBeInTheDocument] (node_modules/.pnpm/expect@30.2.0/node_modules/expect/build/index.js:2241:6)
      at Object.<anonymous> (__tests__/components/layout/Sidebar.comprehensive.test.tsx:198:22)

  ● Sidebar - Comprehensive Tests › Theme Integration › applies light mode styles when isDark is false

    expect(received).toBeInTheDocument()

    received value must be an HTMLElement or an SVGElement.
    Received has value: null

      204 |       expect(screen.getByText('Llama Runner')).toBeInTheDocument();
      205 |       const drawer = container.querySelector('.MuiDrawer-paper');
    > 206 |       expect(drawer).toBeInTheDocument();
          |                      ^
      207 |     });
      208 |
      209 |     it('renders correctly when theme switches', () => {

      at __EXTERNAL_MATCHER_TRAP__ (node_modules/.pnpm/expect@30.2.0/node_modules/expect/build/index.js:2240:22)
      at Object.throwingMatcher [as toBeInTheDocument] (node_modules/.pnpm/expect@30.2.0/node_modules/expect/build/index.js:2241:6)
      at Object.<anonymous> (__tests__/components/layout/Sidebar.comprehensive.test.tsx:206:22)

  ● Sidebar - Comprehensive Tests › Drawer Configuration › renders drawer with temporary variant

    expect(received).toBeInTheDocument()

    received value must be an HTMLElement or an SVGElement.
    Received has value: null

      228 |
      229 |       const drawer = container.querySelector('.MuiDrawer-root');
    > 230 |       expect(drawer).toBeInTheDocument();
          |                      ^
      231 |     });
      232 |
      233 |     it('applies correct width to drawer', () => {

      at __EXTERNAL_MATCHER_TRAP__ (node_modules/.pnpm/expect@30.2.0/node_modules/expect/build/index.js:2240:22)
      at Object.throwingMatcher [as toBeInTheDocument] (node_modules/.pnpm/expect@30.2.0/node_modules/expect/build/index.js:2241:6)
      at Object.<anonymous> (__tests__/components/layout/Sidebar.comprehensive.test.tsx:230:22)

  ● Sidebar - Comprehensive Tests › Drawer Configuration › applies correct width to drawer

    expect(received).toHaveStyle()

    received value must be an HTMLElement or an SVGElement.
    Received has value: null

      235 |
      236 |       const drawerPaper = container.querySelector('.MuiDrawer-paper');
    > 237 |       expect(drawerPaper).toHaveStyle({ width: '256px' });
          |                           ^
      238 |     });
      239 |   });
      240 |

      at __EXTERNAL_MATCHER_TRAP__ (node_modules/.pnpm/expect@30.2.0/node_modules/expect/build/index.js:2240:22)
      at Object.throwingMatcher [as toHaveStyle] (node_modules/.pnpm/expect@30.2.0/node_modules/expect/build/index.js:2241:6)
      at Object.<anonymous> (__tests__/components/layout/Sidebar.comprehensive.test.tsx:237:27)

  ● Sidebar - Comprehensive Tests › Accessibility › has proper focus indicators

    expect(received).toBeGreaterThan(expected)

    Expected: > 0
    Received:   0

      260 |
      261 |       const listItems = container.querySelectorAll('.MuiListItem-root');
    > 262 |       expect(listItems.length).toBeGreaterThan(0);
          |                                ^
      263 |     });
      264 |   });
      265 |

      at Object.<anonymous> (__tests__/components/layout/Sidebar.comprehensive.test.tsx:262:32)

  ● Sidebar - Comprehensive Tests › Overlay Behavior › renders overlay when sidebar is open

    expect(received).toBeInTheDocument()

    received value must be an HTMLElement or an SVGElement.
    Received has value: null

      269 |
      270 |       const overlay = document.querySelector('[style*="fixed"]');
    > 271 |       expect(overlay).toBeInTheDocument();
          |                       ^
      272 |     });
      273 |
      274 |     it('does not render overlay when sidebar is closed', () => {

      at __EXTERNAL_MATCHER_TRAP__ (node_modules/.pnpm/expect@30.2.0/node_modules/expect/build/index.js:2240:22)
      at Object.throwingMatcher [as toBeInTheDocument] (node_modules/.pnpm/expect@30.2.0/node_modules/expect/build/index.js:2241:6)
      at Object.<anonymous> (__tests__/components/layout/Sidebar.comprehensive.test.tsx:271:23)

  ● Sidebar - Comprehensive Tests › Responsive Design › adapts to different screen sizes

    expect(received).toBeInTheDocument()

    received value must be an HTMLElement or an SVGElement.
    Received has value: null

      285 |
      286 |       const drawerPaper = container.querySelector('.MuiDrawer-paper');
    > 287 |       expect(drawerPaper).toBeInTheDocument();
          |                           ^
      288 |       // The drawer should be visible at all sizes since it's a temporary drawer
      289 |     });
      290 |   });

      at __EXTERNAL_MATCHER_TRAP__ (node_modules/.pnpm/expect@30.2.0/node_modules/expect/build/index.js:2240:22)
      at Object.throwingMatcher [as toBeInTheDocument] (node_modules/.pnpm/expect@30.2.0/node_modules/expect/build/index.js:2241:6)
      at Object.<anonymous> (__tests__/components/layout/Sidebar.comprehensive.test.tsx:287:27)

  ● Sidebar - Comprehensive Tests › Edge Cases › handles route changes correctly

    expect(received).toHaveAttribute()

    received value must be an HTMLElement or an SVGElement.
    Received has value: null

      295 |
      296 |       let dashboardButton = container.querySelector('a[href="/dashboard"] button');
    > 297 |       expect(dashboardButton).toHaveAttribute('selected', 'true');
          |                               ^
      298 |
      299 |       // Simulate route change
      300 |       (nextNavigation.usePathname as jest.Mock).mockReturnValue('/monitoring');

      at __EXTERNAL_MATCHER_TRAP__ (node_modules/.pnpm/expect@30.2.0/node_modules/expect/build/index.js:2240:22)
      at Object.throwingMatcher (node_modules/.pnpm/expect@30.2.0/node_modules/expect/build/index.js:2241:6)
      at Object.<anonymous> (__tests__/components/layout/Sidebar.comprehensive.test.tsx:297:31)

  ● Sidebar - Comprehensive Tests › Menu Items Structure › renders menu items in correct order

    expect(received).toBe(expected) // Object.is equality

    Expected: 5
    Received: undefined

      324 |       const listItems = list?.querySelectorAll('.MuiListItem-root');
      325 |
    > 326 |       expect(listItems?.length).toBe(5); // Dashboard, Monitoring, Models, Logs, Settings
          |                                 ^
      327 |
      328 |       const firstItem = listItems?.[0];
      329 |       const lastItem = listItems?.[4];

      at Object.<anonymous> (__tests__/components/layout/Sidebar.comprehensive.test.tsx:326:33)

  ● Sidebar - Comprehensive Tests › Menu Items Structure › renders icons for each menu item

    expect(received).toBe(expected) // Object.is equality

    Expected: 5
    Received: 0

      337 |
      338 |       const iconContainers = container.querySelectorAll('.MuiListItemIcon-root');
    > 339 |       expect(iconContainers.length).toBe(5); // One icon per menu item
          |                                     ^
      340 |     });
      341 |   });
      342 |

      at Object.<anonymous> (__tests__/components/layout/Sidebar.comprehensive.test.tsx:339:37)

  ● Sidebar - Comprehensive Tests › Integration with SidebarProvider › uses isOpen state from SidebarProvider

    TestingLibraryElementError: Found multiple elements with the text: Llama Runner

    Here are the matching elements:

    Ignored nodes: comments, script, style
    [36m<h6[39m
      [33mclass[39m=[32m"MuiTypography-root MuiTypography-h6 css-bntit0-MuiTypography-root"[39m
    [36m>[39m
      [0mLlama Runner[0m
    [36m</h6>[39m

    Ignored nodes: comments, script, style
    [36m<h6[39m
      [33mclass[39m=[32m"MuiTypography-root MuiTypography-h6 css-bntit0-MuiTypography-root"[39m
    [36m>[39m
      [0mLlama Runner[0m
    [36m</h6>[39m

    (If this is intentional, then use the `*AllBy*` variant of the query (like `queryAllByText`, `getAllByText`, or `findAllByText`)).

    Ignored nodes: comments, script, style
    [36m<body[39m
      [33mstyle[39m=[32m"padding-right: 1024px; overflow: hidden;"[39m
    [36m>[39m
      [36m<div[39m
        [33maria-hidden[39m=[32m"true"[39m
      [36m>[39m
        [36m<div[39m
          [33mclass[39m=[32m"MuiBox-root css-jb4c3z"[39m
        [36m/>[39m
      [36m</div>[39m
      [36m<div[39m
        [33mclass[39m=[32m"MuiDrawer-root MuiDrawer-anchorLeft MuiDrawer-modal MuiModal-root css-1l835nq-MuiModal-root-MuiDrawer-root"[39m
        [33mrole[39m=[32m"presentation"[39m
      [36m>[39m
        [36m<div[39m
          [33maria-hidden[39m=[32m"true"[39m
          [33mclass[39m=[32m"MuiBackdrop-root MuiModal-backdrop css-4nmryk-MuiBackdrop-root-MuiModal-backdrop"[39m
          [33mstyle[39m=[32m"opacity: 1; transition: opacity 225ms cubic-bezier(0.4, 0, 0.2, 1) 0ms;"[39m
        [36m/>[39m
        [36m<div[39m
          [33mdata-testid[39m=[32m"sentinelStart"[39m
          [33mtabindex[39m=[32m"0"[39m
        [36m/>[39m
        [36m<div[39m
          [33maria-modal[39m=[32m"true"[39m
          [33mclass[39m=[32m"MuiPaper-root MuiPaper-elevation MuiPaper-elevation16 MuiDrawer-paper MuiDrawer-paperAnchorLeft css-cyqh1t-MuiPaper-root-MuiDrawer-paper"[39m
          [33mrole[39m=[32m"dialog"[39m
          [33mstyle[39m=[32m"--Paper-shadow: 0px 8px 10px -5px rgba(0,0,0,0.2),0px 16px 24px 2px rgba(0,0,0,0.14),0px 6px 30px 5px rgba(0,0,0,0.12);"[39m
          [33mtabindex[39m=[32m"-1"[39m
        [36m>[39m
          [36m<div[39m
            [33mclass[39m=[32m"MuiBox-root css-1g4yje1"[39m
          [36m>[39m
            [36m<div[39m
              [33mclass[39m=[32m"MuiBox-root css-147ugwb"[39m
            [36m>[39m
              [36m<div[39m
                [33mclass[39m=[32m"MuiBox-root css-69i1ev"[39m
              [36m>[39m
                [36m<h6[39m
                  [33mclass[39m=[32m"MuiTypography-root MuiTypography-h6 css-bntit0-MuiTypography-root"[39m
                [36m>[39m
                  [0mLlama Runner[0m
                [36m</h6>[39m
                [36m<button[39m
                  [33mclass[39m=[32m"MuiButtonBase-root MuiIconButton-root MuiIconButton-sizeMedium css-1him84n-MuiButtonBase-root-MuiIconButton-root"[39m
                  [33mtabindex[39m=[32m"0"[39m
                  [33mtype[39m=[32m"button"[39m
                [36m>[39m
                  [36m<svg[39m
                    [33maria-hidden[39m=[32m"true"[39m
                    [33mclass[39m=[32m"lucide lucide-x h-5 w-5"[39m
                    [33mfill[39m=[32m"none"[39m
                    [33mheight[39m=[32m"24"[39m
                    [33mstroke[39m=[32m"currentColor"[39m
                    [33mstroke-linecap[39m=[32m"round"[39m
                    [33mstroke-linejoin[39m=[32m"round"[39m
                    [33mstroke-width[39m=[32m"2"[39m
                    [33mviewBox[39m=[32m"0 0 24 24"[39m
                    [33mwidth[39m=[32m"24"[39m
                    [33mxmlns[39m=[32m"http://www.w3.org/2000/svg"[39m
                  [36m>[39m
                    [36m<path[39m
                      [33md[39m=[32m"M18 6 6 18"[39m
                    [36m/>[39m
                    [36m<path[39m
                      [33md[39m=[32m"m6 6 12 12"[39m
                    [36m/>[39m
                  [36m</svg>[39m
                [36m</button>[39m
              [36m</div>[39m
            [36m</div>[39m
            [36m<div[39m
              [33mclass[39m=[32m"MuiBox-root css-13qmpco"[39m
            [36m>[39m
              [36m<ul[39m
                [33mclass[39m=[32m"MuiList-root MuiList-padding css-b7dj7n-MuiList-root"[39m
              [36m>[39m
                [36m<li[39m
                  [33mclass[39m=[32m"MuiListItem-root MuiListItem-gutters css-j9tpcu-MuiListItem-root"[39m
                [36m>[39m
                  [36m<a[39m
                    [33mhref[39m=[32m"/dashboard"[39m
                    [33mstyle[39m=[32m"text-decoration: none; width: 100%;"[39m
                  [36m>[39m
                    [36m<div[39m
                      [33mclass[39m=[32m"MuiButtonBase-root MuiListItemButton-root MuiListItemButton-gutters Mui-selected MuiListItemButton-root MuiListItemButton-gutters Mui-selected css-1x1wnlj-MuiButtonBase-root-MuiListItemButton-root"[39m
                      [33mrole[39m=[32m"button"[39m
                      [33mtabindex[39m=[32m"0"[39m
                    [36m>[39m
                      [36m<div[39m
                        [33mclass[39m=[32m"MuiListItemIcon-root css-17lfe0x-MuiListItemIcon-root"[39m
                      [36m>[39m
                        [36m<svg[39m
                          [33maria-hidden[39m=[32m"true"[39m
                          [33mclass[39m=[32m"lucide lucide-house h-5 w-5"[39m
                          [33mfill[39m=[32m"none"[39m
                          [33mheight[39m=[32m"24"[39m
                          [33mstroke[39m=[32m"currentColor"[39m
                          [33mstroke-linecap[39m=[32m"round"[39m
                          [33mstroke-linejoin[39m=[32m"round"[39m
                          [33mstroke-width[39m=[32m"2"[39m
                          [33mviewBox[39m=[32m"0 0 24 24"[39m
                          [33mwidth[39m=[32m"24"[39m
                          [33mxmlns[39m=[32m"http://www.w3.org/2000/svg"[39m
                        [36m>[39m
                          [36m<path[39m
                            [33md[39m=[32m"M15 21v-8a1 1 0 0 0-1-1h-4a1 1 0 0 0-1 1v8"[39m
                          [36m/>[39m
                          [36m<path[39m
                            [33md[39m=[32m"M3 10a2 2 0 0 1 .709-1.528l7-6a2 2 0 0 1 2.582 0l7 6A2 2 0 0 1 21 10v9a2 2 0 0 1-2 2H5a2 2 0 0 1-2-2z"[39m
                          [36m/>[39m
                        [36m</svg>[39m
                      [36m</div>[39m
                      [36m<div[39m
                        [33mclass[39m=[32m"MuiListItemText-root css-cfq8qh-MuiListItemText-root"[39m
                      [36m>[39m
                        [36m<span[39m
                          [33mclass[39m=[32m"MuiTypography-root MuiTypography-body1 MuiListItemText-primary css-jd7n2b-MuiTypography-root"[39m
                        [36m>[39m
                          [0mDashboard[0m
                        [36m</span>[39m
                      [36m</div>[39m
                    [36m</div>[39m
                  [36m</a>[39m
                [36m</li>[39m
                [36m<li[39m
                  [33mclass[39m=[32m"MuiListItem-root MuiListItem-gutters css-j9tpcu-MuiListItem-root"[39m
                [36m>[39m
                  [36m<a[39m
                    [33mhref[39m=[32m"/monitoring"[39m
                    [33mstyle[39m=[32m"text-decoration: none; width: 100%;"[39m
                  [36m>[39m
                    [36m<div[39m
                      [33mclass[39m=[32m"MuiButtonBase-root MuiListItemButton-root MuiListItemButton-gutters MuiListItemButton-root MuiListItemButton-gutters css-20u55v-MuiButtonBase-root-MuiListItemButton-root"[39m
                      [33mrole[39m=[32m"button"[39m
                      [33mtabindex[39m=[32m"0"[39m
                    [36m>[39m
                      [36m<div[39m
                   ...

      349 |       renderWithTheme(<Sidebar />, false);
      350 |
    > 351 |       expect(screen.queryByText('Llama Runner')).not.toBeInTheDocument();
          |                     ^
      352 |     });
      353 |   });
      354 | });

      at Object.getElementError (node_modules/.pnpm/@testing-library+dom@10.4.1/node_modules/@testing-library/dom/dist/config.js:37:19)
      at getElementError (node_modules/.pnpm/@testing-library+dom@10.4.1/node_modules/@testing-library/dom/dist/query-helpers.js:20:35)
      at getMultipleElementsFoundError (node_modules/.pnpm/@testing-library+dom@10.4.1/node_modules/@testing-library/dom/dist/query-helpers.js:23:10)
      at node_modules/.pnpm/@testing-library+dom@10.4.1/node_modules/@testing-library/dom/dist/query-helpers.js:55:13
      at node_modules/.pnpm/@testing-library+dom@10.4.1/node_modules/@testing-library/dom/dist/query-helpers.js:95:19
      at Object.<anonymous> (__tests__/components/layout/Sidebar.comprehensive.test.tsx:351:21)

FAIL __tests__/components/pages/MonitoringPage.test.tsx
  ● Console

    console.error
      Failed to fetch monitoring data: Error: Network error
          at Object.<anonymous> (/home/bamer/nextjs-llama-async-proxy/__tests__/components/pages/MonitoringPage.test.tsx:324:51)
          at Promise.finally.completed (/home/bamer/nextjs-llama-async-proxy/node_modules/.pnpm/jest-circus@30.2.0_babel-plugin-macros@3.1.0/node_modules/jest-circus/build/jestAdapterInit.js:1557:28)
          at new Promise (<anonymous>)
          at callAsyncCircusFn (/home/bamer/nextjs-llama-async-proxy/node_modules/.pnpm/jest-circus@30.2.0_babel-plugin-macros@3.1.0/node_modules/jest-circus/build/jestAdapterInit.js:1497:10)
          at _callCircusTest (/home/bamer/nextjs-llama-async-proxy/node_modules/.pnpm/jest-circus@30.2.0_babel-plugin-macros@3.1.0/node_modules/jest-circus/build/jestAdapterInit.js:1007:40)
          at _runTest (/home/bamer/nextjs-llama-async-proxy/node_modules/.pnpm/jest-circus@30.2.0_babel-plugin-macros@3.1.0/node_modules/jest-circus/build/jestAdapterInit.js:947:3)
          at /home/bamer/nextjs-llama-async-proxy/node_modules/.pnpm/jest-circus@30.2.0_babel-plugin-macros@3.1.0/node_modules/jest-circus/build/jestAdapterInit.js:849:7
          at _runTestsForDescribeBlock (/home/bamer/nextjs-llama-async-proxy/node_modules/.pnpm/jest-circus@30.2.0_babel-plugin-macros@3.1.0/node_modules/jest-circus/build/jestAdapterInit.js:862:11)
          at _runTestsForDescribeBlock (/home/bamer/nextjs-llama-async-proxy/node_modules/.pnpm/jest-circus@30.2.0_babel-plugin-macros@3.1.0/node_modules/jest-circus/build/jestAdapterInit.js:857:11)
          at run (/home/bamer/nextjs-llama-async-proxy/node_modules/.pnpm/jest-circus@30.2.0_babel-plugin-macros@3.1.0/node_modules/jest-circus/build/jestAdapterInit.js:761:3)
          at runAndTransformResultsToJestFormat (/home/bamer/nextjs-llama-async-proxy/node_modules/.pnpm/jest-circus@30.2.0_babel-plugin-macros@3.1.0/node_modules/jest-circus/build/jestAdapterInit.js:1918:21)
          at jestAdapter (/home/bamer/nextjs-llama-async-proxy/node_modules/.pnpm/jest-circus@30.2.0_babel-plugin-macros@3.1.0/node_modules/jest-circus/build/runner.js:101:19)
          at runTestInternal (/home/bamer/nextjs-llama-async-proxy/node_modules/.pnpm/jest-runner@30.2.0/node_modules/jest-runner/build/testWorker.js:275:16)
          at runTest (/home/bamer/nextjs-llama-async-proxy/node_modules/.pnpm/jest-runner@30.2.0/node_modules/jest-runner/build/testWorker.js:343:7)
          at Object.worker (/home/bamer/nextjs-llama-async-proxy/node_modules/.pnpm/jest-runner@30.2.0/node_modules/jest-runner/build/testWorker.js:497:12)

      35 |       setMetrics(data);
      36 |     } catch (err: any) {
    > 37 |       console.error('Failed to fetch monitoring data:', err);
         |               ^
      38 |       setError(err.message || 'Unknown error');
      39 |     } finally {
      40 |       setLoading(false);

      at fetchMonitoringData (src/components/pages/MonitoringPage.tsx:37:15)

    console.error
      An update to MonitoringPage inside a test was not wrapped in act(...).
      
      When testing, code that causes React state updates should be wrapped into act(...):
      
      act(() => {
        /* fire events that update state */
      });
      /* assert on the output */
      
      This ensures that you're testing the behavior the user would see in the browser. Learn more at https://react.dev/link/wrap-tests-with-act

      33 |       const data: MonitoringEntry = await response.json();
      34 |
    > 35 |       setMetrics(data);
         |       ^
      36 |     } catch (err: any) {
      37 |       console.error('Failed to fetch monitoring data:', err);
      38 |       setError(err.message || 'Unknown error');

      at node_modules/.pnpm/react-dom@19.2.3_react@19.2.3/node_modules/react-dom/cjs/react-dom-client.development.js:18758:19
      at runWithFiberInDEV (node_modules/.pnpm/react-dom@19.2.3_react@19.2.3/node_modules/react-dom/cjs/react-dom-client.development.js:874:13)
      at warnIfUpdatesNotWrappedWithActDEV (node_modules/.pnpm/react-dom@19.2.3_react@19.2.3/node_modules/react-dom/cjs/react-dom-client.development.js:18757:9)
      at scheduleUpdateOnFiber (node_modules/.pnpm/react-dom@19.2.3_react@19.2.3/node_modules/react-dom/cjs/react-dom-client.development.js:16409:11)
      at dispatchSetStateInternal (node_modules/.pnpm/react-dom@19.2.3_react@19.2.3/node_modules/react-dom/cjs/react-dom-client.development.js:9170:13)
      at dispatchSetState (node_modules/.pnpm/react-dom@19.2.3_react@19.2.3/node_modules/react-dom/cjs/react-dom-client.development.js:9127:7)
      at fetchMonitoringData (src/components/pages/MonitoringPage.tsx:35:7)

    console.error
      An update to MonitoringPage inside a test was not wrapped in act(...).
      
      When testing, code that causes React state updates should be wrapped into act(...):
      
      act(() => {
        /* fire events that update state */
      });
      /* assert on the output */
      
      This ensures that you're testing the behavior the user would see in the browser. Learn more at https://react.dev/link/wrap-tests-with-act

      38 |       setError(err.message || 'Unknown error');
      39 |     } finally {
    > 40 |       setLoading(false);
         |       ^
      41 |     }
      42 |   };
      43 |

      at node_modules/.pnpm/react-dom@19.2.3_react@19.2.3/node_modules/react-dom/cjs/react-dom-client.development.js:18758:19
      at runWithFiberInDEV (node_modules/.pnpm/react-dom@19.2.3_react@19.2.3/node_modules/react-dom/cjs/react-dom-client.development.js:874:13)
      at warnIfUpdatesNotWrappedWithActDEV (node_modules/.pnpm/react-dom@19.2.3_react@19.2.3/node_modules/react-dom/cjs/react-dom-client.development.js:18757:9)
      at scheduleUpdateOnFiber (node_modules/.pnpm/react-dom@19.2.3_react@19.2.3/node_modules/react-dom/cjs/react-dom-client.development.js:16409:11)
      at dispatchSetStateInternal (node_modules/.pnpm/react-dom@19.2.3_react@19.2.3/node_modules/react-dom/cjs/react-dom-client.development.js:9170:13)
      at dispatchSetState (node_modules/.pnpm/react-dom@19.2.3_react@19.2.3/node_modules/react-dom/cjs/react-dom-client.development.js:9127:7)
      at fetchMonitoringData (src/components/pages/MonitoringPage.tsx:40:7)

    console.error
      Failed to fetch monitoring data: Error: HTTP 500: Internal Server Error
          at fetchMonitoringData (/home/bamer/nextjs-llama-async-proxy/src/components/pages/MonitoringPage.tsx:31:15)

      35 |       setMetrics(data);
      36 |     } catch (err: any) {
    > 37 |       console.error('Failed to fetch monitoring data:', err);
         |               ^
      38 |       setError(err.message || 'Unknown error');
      39 |     } finally {
      40 |       setLoading(false);

      at fetchMonitoringData (src/components/pages/MonitoringPage.tsx:37:15)

    console.error
      Failed to fetch monitoring data: Error: Invalid JSON
          at Object.json (/home/bamer/nextjs-llama-async-proxy/__tests__/components/pages/MonitoringPage.test.tsx:394:15)
          at fetchMonitoringData (/home/bamer/nextjs-llama-async-proxy/src/components/pages/MonitoringPage.tsx:33:52)

      35 |       setMetrics(data);
      36 |     } catch (err: any) {
    > 37 |       console.error('Failed to fetch monitoring data:', err);
         |               ^
      38 |       setError(err.message || 'Unknown error');
      39 |     } finally {
      40 |       setLoading(false);

      at fetchMonitoringData (src/components/pages/MonitoringPage.tsx:37:15)

  ● MonitoringPage › handles invalid JSON responses

    Unable to find an element with the text: /Error/i. This could be because the text is broken up by multiple elements. In this case, you can provide a function for your text matcher to make your matcher more flexible.

    Ignored nodes: comments, script, style
    [36m<body>[39m
      [36m<div>[39m
        [36m<div[39m
          [33mclass[39m=[32m"MuiBox-root css-11owiex"[39m
        [36m>[39m
          [0mInvalid JSON[0m
        [36m</div>[39m
      [36m</div>[39m
    [36m</body>[39m

      398 |     render(<MonitoringPage />);
      399 |     
    > 400 |     await waitFor(() => {
          |                  ^
      401 |       expect(screen.getByText(/Error/i)).toBeInTheDocument();
      402 |     });
      403 |   });

      at waitForWrapper (node_modules/.pnpm/@testing-library+dom@10.4.1/node_modules/@testing-library/dom/dist/wait-for.js:163:27)
      at Object.<anonymous> (__tests__/components/pages/MonitoringPage.test.tsx:400:18)

  ● MonitoringPage › calculates uptime in hours and minutes correctly

    Found multiple elements with the text: 2h 1m

    Here are the matching elements:

    Ignored nodes: comments, script, style
    [36m<td[39m
      [33mclass[39m=[32m"MuiTableCell-root MuiTableCell-body MuiTableCell-sizeMedium css-1dc80h3-MuiTableCell-root"[39m
    [36m>[39m
      [0m2h 1m[0m
    [36m</td>[39m

    Ignored nodes: comments, script, style
    [36m<td[39m
      [33mclass[39m=[32m"MuiTableCell-root MuiTableCell-body MuiTableCell-sizeMedium css-1dc80h3-MuiTableCell-root"[39m
    [36m>[39m
      [0m2h 1m[0m
    [36m</td>[39m

    (If this is intentional, then use the `*AllBy*` variant of the query (like `queryAllByText`, `getAllByText`, or `findAllByText`)).

    Ignored nodes: comments, script, style
    [36m<body>[39m
      [36m<div>[39m
        [36m<div[39m
          [33mclass[39m=[32m"MuiBox-root css-1wcaknn"[39m
        [36m>[39m
          [36m<h4[39m
            [33mclass[39m=[32m"MuiTypography-root MuiTypography-h4 MuiTypography-gutterBottom css-1it4a80-MuiTypography-root"[39m
          [36m>[39m
            [0mReal‑time Monitoring[0m
          [36m</h4>[39m
          [36m<div[39m
            [33mclass[39m=[32m"MuiBox-root css-ry42gd"[39m
          [36m>[39m
            [36m<div[39m
              [33mclass[39m=[32m"MuiPaper-root MuiPaper-elevation MuiPaper-rounded MuiPaper-elevation1 css-kycfaw-MuiPaper-root"[39m
              [33mstyle[39m=[32m"--Paper-shadow: 0px 2px 1px -1px rgba(0,0,0,0.2),0px 1px 1px 0px rgba(0,0,0,0.14),0px 1px 3px 0px rgba(0,0,0,0.12);"[39m
            [36m>[39m
              [36m<h6[39m
                [33mclass[39m=[32m"MuiTypography-root MuiTypography-h6 MuiTypography-gutterBottom css-1wmifpn-MuiTypography-root"[39m
              [36m>[39m
                [0mSystem Metrics[0m
              [36m</h6>[39m
              [36m<table[39m
                [33mclass[39m=[32m"MuiTable-root css-17vm6kf-MuiTable-root"[39m
              [36m>[39m
                [36m<thead[39m
                  [33mclass[39m=[32m"MuiTableHead-root css-1a7iywq-MuiTableHead-root"[39m
                [36m>[39m
                  [36m<tr[39m
                    [33mclass[39m=[32m"MuiTableRow-root MuiTableRow-head css-1xtozoh-MuiTableRow-root"[39m
                  [36m>[39m
                    [36m<th[39m
                      [33mclass[39m=[32m"MuiTableCell-root MuiTableCell-head MuiTableCell-sizeMedium css-1orzuox-MuiTableCell-root"[39m
                      [33mscope[39m=[32m"col"[39m
                    [36m>[39m
                      [0mMetric[0m
                    [36m</th>[39m
                    [36m<th[39m
                      [33mclass[39m=[32m"MuiTableCell-root MuiTableCell-head MuiTableCell-sizeMedium css-1orzuox-MuiTableCell-root"[39m
                      [33mscope[39m=[32m"col"[39m
                    [36m>[39m
                      [0mValue[0m
                    [36m</th>[39m
                  [36m</tr>[39m
                [36m</thead>[39m
                [36m<tbody[39m
                  [33mclass[39m=[32m"MuiTableBody-root css-gmh7jj-MuiTableBody-root"[39m
                [36m>[39m
                  [36m<tr[39m
                    [33mclass[39m=[32m"MuiTableRow-root css-1xtozoh-MuiTableRow-root"[39m
                  [36m>[39m
                    [36m<td[39m
                      [33mclass[39m=[32m"MuiTableCell-root MuiTableCell-body MuiTableCell-sizeMedium css-1dc80h3-MuiTableCell-root"[39m
                    [36m>[39m
                      [0mCPU Usage[0m
                    [36m</td>[39m
                    [36m<td[39m
                      [33mclass[39m=[32m"MuiTableCell-root MuiTableCell-body MuiTableCell-sizeMedium css-1dc80h3-MuiTableCell-root"[39m
                    [36m>[39m
                      [0m45.5%[0m
                    [36m</td>[39m
                  [36m</tr>[39m
                  [36m<tr[39m
                    [33mclass[39m=[32m"MuiTableRow-root css-1xtozoh-MuiTableRow-root"[39m
                  [36m>[39m
                    [36m<td[39m
                      [33mclass[39m=[32m"MuiTableCell-root MuiTableCell-body MuiTableCell-sizeMedium css-1dc80h3-MuiTableCell-root"[39m
                    [36m>[39m
                      [0mMemory Used[0m
                    [36m</td>[39m
                    [36m<td[39m
                      [33mclass[39m=[32m"MuiTableCell-root MuiTableCell-body MuiTableCell-sizeMedium css-1dc80h3-MuiTableCell-root"[39m
                    [36m>[39m
                      [0m8.2 GB[0m
                    [36m</td>[39m
                  [36m</tr>[39m
                  [36m<tr[39m
                    [33mclass[39m=[32m"MuiTableRow-root css-1xtozoh-MuiTableRow-root"[39m
                  [36m>[39m
                    [36m<td[39m
                      [33mclass[39m=[32m"MuiTableCell-root MuiTableCell-body MuiTableCell-sizeMedium css-1dc80h3-MuiTableCell-root"[39m
                    [36m>[39m
                      [0mDisk Usage[0m
                    [36m</td>[39m
                    [36m<td[39m
                      [33mclass[39m=[32m"MuiTableCell-root MuiTableCell-body MuiTableCell-sizeMedium css-1dc80h3-MuiTableCell-root"[39m
                    [36m>[39m
                      [0m120.5 GB[0m
                    [36m</td>[39m
                  [36m</tr>[39m
                  [36m<tr[39m
                    [33mclass[39m=[32m"MuiTableRow-root css-1xtozoh-MuiTableRow-root"[39m
                  [36m>[39m
                    [36m<td[39m
                      [33mclass[39m=[32m"MuiTableCell-root MuiTableCell-body MuiTableCell-sizeMedium css-1dc80h3-MuiTableCell-root"[39m
                    [36m>[39m
                      [0mNetwork RX[0m
                    [36m</td>[39m
                    [36m<td[39m
                      [33mclass[39m=[32m"MuiTableCell-root MuiTableCell-body MuiTableCell-sizeMedium css-1dc80h3-MuiTableCell-root"[39m
                    [36m>[39m
                      [0m5.00 MB[0m
                    [36m</td>[39m
                  [36m</tr>[39m
                  [36m<tr[39m
                    [33mclass[39m=[32m"MuiTableRow-root css-1xtozoh-MuiTableRow-root"[39m
                  [36m>[39m
                    [36m<td[39m
                      [33mclass[39m=[32m"MuiTableCell-root MuiTableCell-body MuiTableCell-sizeMedium css-1dc80h3-MuiTableCell-root"[39m
                    [36m>[39m
                      [0mNetwork TX[0m
                    [36m</td>[39m
                    [36m<td[39m
                      [33mclass[39m=[32m"MuiTableCell-root MuiTableCell-body MuiTableCell-sizeMedium css-1dc80h3-MuiTableCell-root"[39m
                    [36m>[39m
                      [0m2.00 MB[0m
                    [36m</td>[39m
                  [36m</tr>[39m
                  [36m<tr[39m
                    [33mclass[39m=[32m"MuiTableRow-root css-1xtozoh-MuiTableRow-root"[39m
                  [36m>[39m
                    [36m<td[39m
                      [33mclass[39m=[32m"MuiTableCell-root MuiTableCell-body MuiTableCell-sizeMedium css-1dc80h3-MuiTableCell-root"[39m
                    [36m>[39m
                      [0mUptime[0m
                    [36m</td>[39m
                    [36m<td[39m
                      [33mclass[39m=[32m"MuiTableCell-root MuiTableCell-body MuiTableCell-sizeMedium css-1dc80h3-MuiTableCell-root"[39m
                    [36m>[39m
                      [0m2h 1m[0m
                    [36m</td>[39m
                  [36m</tr>[39m
                [36m</tbody>[39m
              [36m</table>[39m
            [36m</div>[39m
            [36m<div[39m
              [33mclass[39m=[32m"MuiPaper-root MuiPaper-elevation MuiPaper-rounded MuiPaper-elevation1 css-kycfaw-MuiPaper-root"[39m
              [33mstyle[39m=[32m"--Paper-shadow: 0px 2px 1px -1px rgba(0,0,0,0.2),0px 1px 1px 0px rgba(0,0,0,0.14),0px 1px 3px 0px rgba(0,0,0,0.12);"[39m
            [36m>[39m
              [36m<h6[39m
                [33mclass[39m=[32m"MuiTypography-root MuiTypography-h6 MuiTypography-gutterBottom css-1wmifpn-MuiTypography-root"[39m
              [36m>[39m
                [0mModel Performance[0m
              [36m</h6>[39m
              [36m<table[39m
                [33mclass[39m=[32m"MuiTable-root css-17vm6kf-MuiTable-root"[39m
              [36m>[39m
                [36m<thead[39m
                  [33mclass[39m=[32m"MuiTableHead-root css-1a7iywq-MuiTableHead-root"[39m
                [36m>[39m
                  [36m<tr[39m
                    [33mclass[39m=[32m"MuiTableRow-root MuiTableRow-head css-1xtozoh-MuiTableRow-root"[39m
                  [36m>[39m
                    [36m<th[39m
                      [33mclass[39m=[32m"MuiTableCell-root MuiTableCell-head MuiTableCell-sizeMedium css-1orzuox-MuiTableCell-root"[39m
                      [33mscope[39m=[32m"col"[39m
                    [36m>[39m
                      [0mMetric[0m
                    [36m</th>[39m
                    [36m<th[39m
                      [33mclass[39m=[32m"MuiTableCell-root MuiTableCell-head MuiTableCell-sizeMedium css-1orzuox-MuiTableCell-root"[39m
                      [33mscope[39m=[32m"col"[39m
                    [36m>[39m
                      [0mValue[0m
                    [36m</th>[39m
                  [36m</tr>[39m
                [36m</thead>[39m
                [36m<tbody[39m
                  [33mclass[39m=[32m"MuiTableBody-root css-gmh7jj-MuiTableBody-root"[39m
                [36m>[39m
                  [36m<tr[39m
                    [33mclass[39m=[32m"MuiTableRow-root css-1xtozoh-MuiTableRow-root"[39m
                  [36m>[39m
                    [36m<td[39m
                      [33mclass[39m=[32m"MuiTableCell-root MuiTableCell-body MuiTableCell-sizeMedium css-1dc80h3-MuiTableCell-root"[39m
                    [36m>[39m
                      [0mAvailable Models[0m
                    [36m</td>[39m
                    [36m<td[39m
                      [33mclass[39m=[32m"MuiTableCell-root MuiTableCell-body MuiTableCell-sizeMedium css-1dc80h3-MuiTableCell-root"[39m
                    [36m>[39m
                      [0m1[0m
                    [36m</td>[39m
                  [36m</tr>[39m
                  [36m<tr[39m
                    [33mclass[39m=[32m"MuiTableRow-root css-1xtozoh-MuiTableRow-root"[39m
                  [36m>[39m
                    [36m<td[39m
                      [33mclass[39m=[32m"MuiTableCell-root MuiTableCell-body MuiTableCell-sizeMedium css-1dc80h3-MuiTableCell-root"[39m
                    [36m>[39m
                      [0mTotal Memory[0m
                    [36m</td>[39m
                    [36m<td[39m
                      [33mclass[39m=[32m"MuiTableCell-root MuiTableCell-body MuiTableCell-sizeMedium css-1dc80h3-MuiTableCell-root"[39m
                    [36m>[39m
                      [0m4.5 GB[0m
                    [36m</td>[39m
                  [36m</tr>[39m
                  [36m<tr[39m
                    [33mclass[39m=[32m"MuiTableRow-root css-1xtozoh-MuiTableRow-root"[39m
                  [36m>[39m
                    [36m<td[39m
                      [33mclass[39m=[32m"MuiTableCell-root MuiTableCell-body MuiTableCell-sizeMedium css-1dc80h3-MuiTableCell-root"[39m
                    [36m>[39m
                      [0mTotal Requests[0m
                    [36m</td>[39m
                    [36m<td[39m
                      [33mclass[39m=[32m"MuiTableCell-root MuiTableCell-body MuiTableCell-sizeMedium css-1dc80h3-MuiTableCell-root"[39m
                    [36m>[39m
                      [0m100[0m
                    [36m</td>[39m
                  [36m</tr>[39m
                  [36m<tr[39m
                    [33mclass[39m=[32m"MuiTableRow-root css-1xtozoh-MuiTableRow-root"[39m
                  [36m>[39m
                    [36m<td[39m
                      [33mclass[39m=[32m"MuiTableCell-root MuiTableCell-body MuiTableCell-sizeMedium css-1dc80h3-MuiTableCell-root"[39m
                    [36m>[39m
                      [0mUptime[0m
                    [36m</td>[39m
                    [36m<td[39m
                      [33mclass[39m=[32m"MuiTableCell-root MuiTableCell-body MuiTableCell-sizeMedium css-1dc80h3-MuiTableCell-root"[39m
                    [36m>[39m
                      [0m2h 1m[0m
                    [36m</td>[39m
                  [36m</tr>[39m
                [36m</tbody>[39m
              [36m</table>[39m
            [36m</div>[39m
            [36m<div[39m
              [33mclass[39m=[32m"MuiPaper-root MuiPaper-elevation MuiPaper-rounded MuiPaper-elevation1 css-kycfaw-MuiPaper-root"[39m
              [33mstyle[39m=[32m"--Paper-shadow: 0px 2px 1px -1px rgba(0,0,0,0.2),0px 1px 1px 0px rgba(0,0,0,0.14),0px 1px 3px 0px rgba(0,0,0,0.12);"[39m
            [36m>[39m
              [36m<h6[39m
                [33mclass[39m=[32m"MuiTypography-root MuiTypography-h6 MuiTypography-gutterBottom css-1wmifpn-MuiTypography-root"[39m
              [36m>[39m
                [0mConnection Status[0m
              [36m</h6>[39m
              [36m<section[39m
                [33mclass[39m=[32m"MuiBox-root css-2qbnwv"[39m
              [36m>[39m
                [36m<span[39m
                  [33maria-valuenow[39m=[32m"0"[39m
                  [33mclass[39m=[32m"MuiCircularProgress-root MuiCircularProgress-determinate MuiCircularProgress-colorPrimary css-1wtxuff-MuiCircularProgress-root"[39m
                  [33mrole[39m=[32m"progressbar"[39m
                  [33mstyle[39m=[32m"width: 20px; height: 20px; transform: rotate(-90deg);"[39m
                [36m>[39m
                  [36m<svg[39m
                    [33mclass[39m=[32m"MuiCircularProgress-svg css-54pwck-MuiCircularProgress-svg"[39m
                    [33mviewBox[39m=[32m"22 22 44 44"[39m
                  [36m>[39m
                    [36m<circle[39m
                      [33mclass[39m=[32m"MuiCircularProgress-circle MuiCircularProgress-circleDeterminate css-eorpq6-MuiCircularProgress-circle"[39m
                      [33mcx[39m=[32m"44"[39m
                      [33mcy[39m=[32m"44"[39m
                      [33mfill[39m=[32m"none"[39m
                      [33mr[39m=[32m"20.2"[39m
                      [33mstroke-width[39m=[32m"3.6"[39m
                      [33mstyle[39m=[32m"stroke-dasharray: 126.920; stroke-dashoffset: 126.920px;"[39m
                    [36m/>[39m
                  [36m</svg>[39m
                [36m</span>[39m
                [36m<div[39m
                  [33mclass[39m=[32m"MuiChip-root MuiChip-filled MuiChip-sizeSmall MuiChip-colorSuccess MuiChip-filledSuccess css-10iq40h-MuiChip-root"[39m
                [36m>[39m
                  [36m<span[39m
                    [33mclass[39m=[32m"MuiChip-label MuiChip-labelSmall css-eccknh-MuiChip-label"[39m
                  [36m>[39m
                    [0mConnected[0m
                  [36m</span>[39m
                [36m</div>[39m
                [36m<span[39m
                  [33mclass[39m=[32m"MuiTypography-root MuiTypography-body1 css-1ro85z9-MuiTypography-root"[39m
                [36m>[39m
                  [0mLast update: [0m
                  [0mNever[0m
                [36m</span>[39m
              [36m</section>[39m
            [36m</div>[39m
            [36m<div[39m
              [33mclass[39m=[32m"MuiPaper-root MuiPaper-elevation MuiPaper-rounded MuiPaper-elevation1 css-kycfaw-MuiPaper-root"[39m
              [33mstyle[39m=[32m"--Paper-shadow: 0px 2px 1px -1px rgba(0,0,0,0.2),0px 1px 1px 0px rgba(0,0,0,0.14),0px 1px 3px 0px rgba(0,0,0,0.12);"[39m
            [36m>[39m
              [36m<h6[39m
                [33mclass[39m=[32m"MuiTypography-root MuiTypography-h6 MuiTypography-gutterBottom css-1wmifpn-MuiTypography-root"[39m
              [36m>[39m
                [0mLive Logs[0m
              [36m</h6>[39m
              [36m<div[39m
                [33mclass[39m=[32m"MuiBox-root css-c8n6u0"[39m
              [36m>[39m
                [36m<p[39m
                  [33mclass[39m=[32m"MuiTypography-root MuiTypography-body1 css-rizt0-MuiTypography-root"[39m
                [36m>[39m
                  [0mNo logs available...[0m
                [36m</p>[39m
              [36m</div>[39m
            [36m</div>[39m
          [36m</div>[39m
        [36m</div>[39m
      [36m</div>[39m
    [36m</body>[39m

      440 |     render(<MonitoringPage />);
      441 |     
    > 442 |     await waitFor(() => {
          |                  ^
      443 |       expect(screen.getByText('2h 1m')).toBeInTheDocument();
      444 |     });
      445 |   });

      at waitForWrapper (node_modules/.pnpm/@testing-library+dom@10.4.1/node_modules/@testing-library/dom/dist/wait-for.js:163:27)
      at Object.<anonymous> (__tests__/components/pages/MonitoringPage.test.tsx:442:18)

  ● MonitoringPage › displays connection status as disconnected

    TypeError: useWebSocket.mockReturnValue is not a function

      447 |   it('displays connection status as disconnected', async () => {
      448 |     const { useWebSocket } = require('@/hooks/use-websocket');
    > 449 |     useWebSocket.mockReturnValue({
          |                  ^
      450 |       isConnected: false,
      451 |     });
      452 |     

      at Object.<anonymous> (__tests__/components/pages/MonitoringPage.test.tsx:449:18)

FAIL __tests__/server/services/LlamaService.test.ts (11.363 s)
  ● Console

    console.log
      [2025-12-27T03:32:49.158Z] [LlamaService] 🔧 LlamaService initialized

      at LlamaService.logger (src/server/services/LlamaService.ts:699:17)

    console.log
      [2025-12-27T03:32:49.273Z] [LlamaService] 🔧 LlamaService initialized

      at LlamaService.logger (src/server/services/LlamaService.ts:699:17)

    console.log
      [2025-12-27T03:32:49.279Z] [LlamaService] 🔧 LlamaService initialized

      at LlamaService.logger (src/server/services/LlamaService.ts:699:17)

    console.log
      [2025-12-27T03:32:49.282Z] [LlamaService] 🚀 Spawning /path/to/llama-server with args: -m /path/to/model.gguf --host localhost --port 8080 -c 2048 -b 512 -t 4 -ngl 20 --temp 0.7 --verbose

      at LlamaService.logger (src/server/services/LlamaService.ts:699:17)

    console.log
      [2025-12-27T03:32:49.284Z] [LlamaService] 🔧 LlamaService initialized

      at LlamaService.logger (src/server/services/LlamaService.ts:699:17)

    console.log
      [2025-12-27T03:32:49.290Z] [LlamaService] 🔧 LlamaService initialized

      at LlamaService.logger (src/server/services/LlamaService.ts:699:17)

    console.log
      [2025-12-27T03:32:49.290Z] [LlamaService] ✅ Llama server already running

      at LlamaService.logger (src/server/services/LlamaService.ts:699:17)

    console.log
      [2025-12-27T03:32:49.293Z] [LlamaService] 🔧 LlamaService initialized

      at LlamaService.logger (src/server/services/LlamaService.ts:699:17)

    console.warn
      [2025-12-27T03:32:49.294Z] [LlamaService] ⏳ Llama server is already starting

      700 |         break;
      701 |       case "warn":
    > 702 |         console.warn(prefix);
          |                 ^
      703 |         break;
      704 |       case "error":
      705 |         console.error(prefix);

      at LlamaService.logger (src/server/services/LlamaService.ts:702:17)
      at LlamaService.start (src/server/services/LlamaService.ts:118:12)
      at Object.<anonymous> (__tests__/server/services/LlamaService.test.ts:154:26)

    console.log
      [2025-12-27T03:32:49.296Z] [LlamaService] 🔧 LlamaService initialized

      at LlamaService.logger (src/server/services/LlamaService.ts:699:17)

    console.log
      [2025-12-27T03:32:49.297Z] [LlamaService] 🚀 Spawning /path/to/llama-server with args: -m /path/to/model.gguf --host localhost --port 8080 -c 2048 -b 512 -t 4 -ngl 20 --temp 0.7 --verbose

      at LlamaService.logger (src/server/services/LlamaService.ts:699:17)

    console.log
      [2025-12-27T03:32:49.297Z] [LlamaService] ✅ Server ready after 0 checks

      at LlamaService.logger (src/server/services/LlamaService.ts:699:17)

    console.log
      [2025-12-27T03:32:49.298Z] [LlamaService] 🔍 Querying llama-server for available models...

      at LlamaService.logger (src/server/services/LlamaService.ts:699:17)

    console.log
      [2025-12-27T03:32:49.298Z] [LlamaService] ✅ Loaded 1 model(s) from llama-server

      at LlamaService.logger (src/server/services/LlamaService.ts:699:17)

    console.log
      [2025-12-27T03:32:49.299Z] [LlamaService]   - model1 (0.93 GB)

      at LlamaService.logger (src/server/services/LlamaService.ts:699:17)
          at Array.forEach (<anonymous>)

    console.log
      [2025-12-27T03:32:49.299Z] [LlamaService] ✅ Llama server is ready and models loaded

      at LlamaService.logger (src/server/services/LlamaService.ts:699:17)

    console.log
      [2025-12-27T03:32:49.306Z] [LlamaService] 🔧 LlamaService initialized

      at LlamaService.logger (src/server/services/LlamaService.ts:699:17)

    console.log
      [2025-12-27T03:32:49.307Z] [LlamaService] ✅ Llama server already running

      at LlamaService.logger (src/server/services/LlamaService.ts:699:17)

    console.log
      [2025-12-27T03:32:49.307Z] [LlamaService] 🔍 Querying llama-server for available models...

      at LlamaService.logger (src/server/services/LlamaService.ts:699:17)

    console.warn
      [2025-12-27T03:32:49.308Z] [LlamaService] Failed to load models from server: Cannot read properties of undefined (reading 'status')

      700 |         break;
      701 |       case "warn":
    > 702 |         console.warn(prefix);
          |                 ^
      703 |         break;
      704 |       case "error":
      705 |         console.error(prefix);

      at LlamaService.logger (src/server/services/LlamaService.ts:702:17)
      at LlamaService.loadModels (src/server/services/LlamaService.ts:335:12)
      at LlamaService.start (src/server/services/LlamaService.ts:129:9)
      at Object.<anonymous> (__tests__/server/services/LlamaService.test.ts:244:7)

    console.log
      [2025-12-27T03:32:49.308Z] [LlamaService] 📂 Fallback: Scanning filesystem for models in: /path/to/models

      at LlamaService.logger (src/server/services/LlamaService.ts:699:17)

    console.log
      [2025-12-27T03:32:49.309Z] [LlamaService] ✅ Loaded 2 model(s) from filesystem

      at LlamaService.logger (src/server/services/LlamaService.ts:699:17)

    console.log
      [2025-12-27T03:32:49.310Z] [LlamaService]   - model1 (0.93 GB)

      at LlamaService.logger (src/server/services/LlamaService.ts:699:17)
          at Array.forEach (<anonymous>)

    console.log
      [2025-12-27T03:32:49.310Z] [LlamaService]   - model2 (0.93 GB)

      at LlamaService.logger (src/server/services/LlamaService.ts:699:17)
          at Array.forEach (<anonymous>)

    console.log
      [2025-12-27T03:32:49.312Z] [LlamaService] 🔧 LlamaService initialized

      at LlamaService.logger (src/server/services/LlamaService.ts:699:17)

    console.log
      [2025-12-27T03:32:49.316Z] [LlamaService] 🚀 Spawning /path/to/llama-server with args: -m /path/to/model.gguf --host localhost --port 8080 -c 2048 -b 512 -t 4 -ngl 20 --temp 0.7 --verbose

      at LlamaService.logger (src/server/services/LlamaService.ts:699:17)

    console.error
      [2025-12-27T03:32:49.316Z] [LlamaService] ❌ Failed to start llama server: Failed to start server

      703 |         break;
      704 |       case "error":
    > 705 |         console.error(prefix);
          |                 ^
      706 |         break;
      707 |       case "debug":
      708 |         console.debug(prefix);

      at LlamaService.logger (src/server/services/LlamaService.ts:705:17)
      at LlamaService.start (src/server/services/LlamaService.ts:141:12)
      at Object.<anonymous> (__tests__/server/services/LlamaService.test.ts:255:7)

    console.log
      [2025-12-27T03:32:49.320Z] [LlamaService] 🔄 Retry 1/5 in 1s

      at LlamaService.logger (src/server/services/LlamaService.ts:699:17)

    console.log
      [2025-12-27T03:32:50.321Z] [LlamaService] 🚀 Spawning /path/to/llama-server with args: -m /path/to/model.gguf --host localhost --port 8080 -c 2048 -b 512 -t 4 -ngl 20 --temp 0.7 --verbose

      at LlamaService.logger (src/server/services/LlamaService.ts:699:17)

    console.error
      [2025-12-27T03:32:50.321Z] [LlamaService] ❌ Failed to start llama server: Failed to start server

      703 |         break;
      704 |       case "error":
    > 705 |         console.error(prefix);
          |                 ^
      706 |         break;
      707 |       case "debug":
      708 |         console.debug(prefix);

      at LlamaService.logger (src/server/services/LlamaService.ts:705:17)
      at LlamaService.start (src/server/services/LlamaService.ts:141:12)
      at LlamaService.handleCrash (src/server/services/LlamaService.ts:441:7)
      at LlamaService.start (src/server/services/LlamaService.ts:143:7)
      at Object.<anonymous> (__tests__/server/services/LlamaService.test.ts:255:7)

    console.log
      [2025-12-27T03:32:50.321Z] [LlamaService] 🔄 Retry 2/5 in 2s

      at LlamaService.logger (src/server/services/LlamaService.ts:699:17)

    console.log
      [2025-12-27T03:32:52.322Z] [LlamaService] 🚀 Spawning /path/to/llama-server with args: -m /path/to/model.gguf --host localhost --port 8080 -c 2048 -b 512 -t 4 -ngl 20 --temp 0.7 --verbose

      at LlamaService.logger (src/server/services/LlamaService.ts:699:17)

    console.error
      [2025-12-27T03:32:52.322Z] [LlamaService] ❌ Failed to start llama server: Failed to start server

      703 |         break;
      704 |       case "error":
    > 705 |         console.error(prefix);
          |                 ^
      706 |         break;
      707 |       case "debug":
      708 |         console.debug(prefix);

      at LlamaService.logger (src/server/services/LlamaService.ts:705:17)
      at LlamaService.start (src/server/services/LlamaService.ts:141:12)
      at LlamaService.handleCrash (src/server/services/LlamaService.ts:441:7)
      at LlamaService.start (src/server/services/LlamaService.ts:143:7)
      at LlamaService.handleCrash (src/server/services/LlamaService.ts:441:7)
      at LlamaService.start (src/server/services/LlamaService.ts:143:7)
      at Object.<anonymous> (__tests__/server/services/LlamaService.test.ts:255:7)

    console.log
      [2025-12-27T03:32:52.323Z] [LlamaService] 🔄 Retry 3/5 in 4s

      at LlamaService.logger (src/server/services/LlamaService.ts:699:17)

    console.log
      [2025-12-27T03:32:54.362Z] [LlamaService] 🔧 LlamaService initialized

      at LlamaService.logger (src/server/services/LlamaService.ts:699:17)

    console.log
      [2025-12-27T03:32:54.366Z] [LlamaService] 🛑 Stopping llama server...

      at LlamaService.logger (src/server/services/LlamaService.ts:699:17)

    console.log
      [2025-12-27T03:32:54.367Z] [LlamaService] ✅ Llama server stopped

      at LlamaService.logger (src/server/services/LlamaService.ts:699:17)

    console.log
      [2025-12-27T03:32:54.378Z] [LlamaService] 🔧 LlamaService initialized

      at LlamaService.logger (src/server/services/LlamaService.ts:699:17)

    console.log
      [2025-12-27T03:32:54.380Z] [LlamaService] 🛑 Stopping llama server...

      at LlamaService.logger (src/server/services/LlamaService.ts:699:17)

    console.log
      [2025-12-27T03:32:56.323Z] [LlamaService] 🚀 Spawning /path/to/llama-server with args: -m /path/to/model.gguf --host localhost --port 8080 -c 2048 -b 512 -t 4 -ngl 20 --temp 0.7 --verbose

      at LlamaService.logger (src/server/services/LlamaService.ts:699:17)

    console.log
      [2025-12-27T03:32:59.384Z] [LlamaService] 🔧 LlamaService initialized

      at LlamaService.logger (src/server/services/LlamaService.ts:699:17)

    console.log
      [2025-12-27T03:32:59.392Z] [LlamaService] 🛑 Stopping llama server...

      at LlamaService.logger (src/server/services/LlamaService.ts:699:17)

    console.log
      [2025-12-27T03:32:59.397Z] [LlamaService] 🔧 LlamaService initialized

      at LlamaService.logger (src/server/services/LlamaService.ts:699:17)

    console.log
      [2025-12-27T03:32:59.405Z] [LlamaService] 🔧 LlamaService initialized

      at LlamaService.logger (src/server/services/LlamaService.ts:699:17)

    console.log
      [2025-12-27T03:32:59.414Z] [LlamaService] 🔧 LlamaService initialized

      at LlamaService.logger (src/server/services/LlamaService.ts:699:17)

    console.log
      [2025-12-27T03:32:59.420Z] [LlamaService] 🔧 LlamaService initialized

      at LlamaService.logger (src/server/services/LlamaService.ts:699:17)

    console.log
      [2025-12-27T03:32:59.420Z] [LlamaService] 🔍 Querying llama-server for available models...

      at LlamaService.logger (src/server/services/LlamaService.ts:699:17)

    console.log
      [2025-12-27T03:32:59.425Z] [LlamaService] ✅ Loaded 2 model(s) from llama-server

      at LlamaService.logger (src/server/services/LlamaService.ts:699:17)

    console.log
      [2025-12-27T03:32:59.426Z] [LlamaService]   - model1 (0.93 GB)

      at LlamaService.logger (src/server/services/LlamaService.ts:699:17)
          at Array.forEach (<anonymous>)

    console.log
      [2025-12-27T03:32:59.426Z] [LlamaService]   - model2 (1.86 GB)

      at LlamaService.logger (src/server/services/LlamaService.ts:699:17)
          at Array.forEach (<anonymous>)

    console.log
      [2025-12-27T03:32:59.431Z] [LlamaService] 🔧 LlamaService initialized

      at LlamaService.logger (src/server/services/LlamaService.ts:699:17)

    console.log
      [2025-12-27T03:32:59.432Z] [LlamaService] 🔍 Querying llama-server for available models...

      at LlamaService.logger (src/server/services/LlamaService.ts:699:17)

    console.log
      [2025-12-27T03:32:59.433Z] [LlamaService] ✅ Loaded 1 model(s) from llama-server

      at LlamaService.logger (src/server/services/LlamaService.ts:699:17)

    console.log
      [2025-12-27T03:32:59.433Z] [LlamaService]   - model1 (0.93 GB)

      at LlamaService.logger (src/server/services/LlamaService.ts:699:17)
          at Array.forEach (<anonymous>)

    console.log
      [2025-12-27T03:32:59.441Z] [LlamaService] 🔧 LlamaService initialized

      at LlamaService.logger (src/server/services/LlamaService.ts:699:17)

    console.log
      [2025-12-27T03:32:59.442Z] [LlamaService] 🔍 Querying llama-server for available models...

      at LlamaService.logger (src/server/services/LlamaService.ts:699:17)

    console.warn
      [2025-12-27T03:32:59.442Z] [LlamaService] Failed to load models from server: API Error

      700 |         break;
      701 |       case "warn":
    > 702 |         console.warn(prefix);
          |                 ^
      703 |         break;
      704 |       case "error":
      705 |         console.error(prefix);

      at LlamaService.logger (src/server/services/LlamaService.ts:702:17)
      at LlamaService.loadModels (src/server/services/LlamaService.ts:335:12)
      at Object.<anonymous> (__tests__/server/services/LlamaService.test.ts:437:7)

    console.log
      [2025-12-27T03:32:59.442Z] [LlamaService] 📂 Fallback: Scanning filesystem for models in: /path/to/models

      at LlamaService.logger (src/server/services/LlamaService.ts:699:17)

    console.log
      [2025-12-27T03:32:59.443Z] [LlamaService] ✅ Loaded 2 model(s) from filesystem

      at LlamaService.logger (src/server/services/LlamaService.ts:699:17)

    console.log
      [2025-12-27T03:32:59.443Z] [LlamaService]   - model1 (0.93 GB)

      at LlamaService.logger (src/server/services/LlamaService.ts:699:17)
          at Array.forEach (<anonymous>)

    console.log
      [2025-12-27T03:32:59.443Z] [LlamaService]   - model2 (0.93 GB)

      at LlamaService.logger (src/server/services/LlamaService.ts:699:17)
          at Array.forEach (<anonymous>)

    console.log
      [2025-12-27T03:32:59.451Z] [LlamaService] 🔧 LlamaService initialized

      at LlamaService.logger (src/server/services/LlamaService.ts:699:17)

    console.log
      [2025-12-27T03:32:59.452Z] [LlamaService] 🔍 Querying llama-server for available models...

      at LlamaService.logger (src/server/services/LlamaService.ts:699:17)

    console.warn
      [2025-12-27T03:32:59.453Z] [LlamaService] ⚠️ No models found on server. Check --models-dir configuration.

      700 |         break;
      701 |       case "warn":
    > 702 |         console.warn(prefix);
          |                 ^
      703 |         break;
      704 |       case "error":
      705 |         console.error(prefix);

      at LlamaService.logger (src/server/services/LlamaService.ts:702:17)
      at LlamaService.loadModels (src/server/services/LlamaService.ts:317:16)
      at Object.<anonymous> (__tests__/server/services/LlamaService.test.ts:452:7)

    console.log
      [2025-12-27T03:32:59.461Z] [LlamaService] 🔧 LlamaService initialized

      at LlamaService.logger (src/server/services/LlamaService.ts:699:17)

    console.log
      [2025-12-27T03:32:59.462Z] [LlamaService] 🔧 LlamaService initialized

      at LlamaService.logger (src/server/services/LlamaService.ts:699:17)

    console.log
      [2025-12-27T03:32:59.462Z] [LlamaService] 🔍 Querying llama-server for available models...

      at LlamaService.logger (src/server/services/LlamaService.ts:699:17)

    console.warn
      [2025-12-27T03:32:59.467Z] [LlamaService] Failed to load models from server: API Error

      700 |         break;
      701 |       case "warn":
    > 702 |         console.warn(prefix);
          |                 ^
      703 |         break;
      704 |       case "error":
      705 |         console.error(prefix);

      at LlamaService.logger (src/server/services/LlamaService.ts:702:17)
      at LlamaService.loadModels (src/server/services/LlamaService.ts:335:12)
      at Object.<anonymous> (__tests__/server/services/LlamaService.test.ts:466:7)

    console.warn
      [2025-12-27T03:32:59.468Z] [LlamaService] ⚠️ No basePath configured. Cannot discover models.

      700 |         break;
      701 |       case "warn":
    > 702 |         console.warn(prefix);
          |                 ^
      703 |         break;
      704 |       case "error":
      705 |         console.error(prefix);

      at LlamaService.logger (src/server/services/LlamaService.ts:702:17)
      at LlamaService.loadModelsFromFilesystem (src/server/services/LlamaService.ts:347:14)
      at LlamaService.loadModels (src/server/services/LlamaService.ts:337:12)
      at Object.<anonymous> (__tests__/server/services/LlamaService.test.ts:466:7)

    console.log
      [2025-12-27T03:32:59.473Z] [LlamaService] 🔧 LlamaService initialized

      at LlamaService.logger (src/server/services/LlamaService.ts:699:17)

    console.log
      [2025-12-27T03:32:59.474Z] [LlamaService] 🔍 Querying llama-server for available models...

      at LlamaService.logger (src/server/services/LlamaService.ts:699:17)

    console.warn
      [2025-12-27T03:32:59.474Z] [LlamaService] Failed to load models from server: API Error

      700 |         break;
      701 |       case "warn":
    > 702 |         console.warn(prefix);
          |                 ^
      703 |         break;
      704 |       case "error":
      705 |         console.error(prefix);

      at LlamaService.logger (src/server/services/LlamaService.ts:702:17)
      at LlamaService.loadModels (src/server/services/LlamaService.ts:335:12)
      at Object.<anonymous> (__tests__/server/services/LlamaService.test.ts:478:7)

    console.log
      [2025-12-27T03:32:59.475Z] [LlamaService] 📂 Fallback: Scanning filesystem for models in: /path/to/models

      at LlamaService.logger (src/server/services/LlamaService.ts:699:17)

    console.warn
      [2025-12-27T03:32:59.475Z] [LlamaService] ⚠️ Models directory not found: /path/to/models

      700 |         break;
      701 |       case "warn":
    > 702 |         console.warn(prefix);
          |                 ^
      703 |         break;
      704 |       case "error":
      705 |         console.error(prefix);

      at LlamaService.logger (src/server/services/LlamaService.ts:702:17)
      at LlamaService.loadModelsFromFilesystem (src/server/services/LlamaService.ts:362:14)
      at LlamaService.loadModels (src/server/services/LlamaService.ts:337:12)
      at Object.<anonymous> (__tests__/server/services/LlamaService.test.ts:478:7)

    console.log
      [2025-12-27T03:32:59.481Z] [LlamaService] 🔧 LlamaService initialized

      at LlamaService.logger (src/server/services/LlamaService.ts:699:17)

    console.log
      [2025-12-27T03:32:59.493Z] [LlamaService] 🔧 LlamaService initialized

      at LlamaService.logger (src/server/services/LlamaService.ts:699:17)

    console.log
      [2025-12-27T03:32:59.494Z] [LlamaService] 🔧 LlamaService initialized

      at LlamaService.logger (src/server/services/LlamaService.ts:699:17)

    console.log
      [2025-12-27T03:32:59.495Z] [LlamaService] 🔧 LlamaService initialized

      at LlamaService.logger (src/server/services/LlamaService.ts:699:17)

    console.log
      [2025-12-27T03:32:59.508Z] [LlamaService] 🔧 LlamaService initialized

      at LlamaService.logger (src/server/services/LlamaService.ts:699:17)

    console.log
      [2025-12-27T03:32:59.508Z] [LlamaService] 🔧 LlamaService initialized

      at LlamaService.logger (src/server/services/LlamaService.ts:699:17)

    console.log
      [2025-12-27T03:32:59.516Z] [LlamaService] 🔧 LlamaService initialized

      at LlamaService.logger (src/server/services/LlamaService.ts:699:17)

    console.log
      [2025-12-27T03:32:59.517Z] [LlamaService] 🔧 LlamaService initialized

      at LlamaService.logger (src/server/services/LlamaService.ts:699:17)

    console.log
      [2025-12-27T03:32:59.522Z] [LlamaService] 🔧 LlamaService initialized

      at LlamaService.logger (src/server/services/LlamaService.ts:699:17)

    console.log
      [2025-12-27T03:32:59.522Z] [LlamaService] 🔧 LlamaService initialized

      at LlamaService.logger (src/server/services/LlamaService.ts:699:17)

    console.log
      [2025-12-27T03:32:59.528Z] [LlamaService] 🔧 LlamaService initialized

      at LlamaService.logger (src/server/services/LlamaService.ts:699:17)

    console.log
      [2025-12-27T03:32:59.529Z] [LlamaService] 🔧 LlamaService initialized

      at LlamaService.logger (src/server/services/LlamaService.ts:699:17)

    console.log
      [2025-12-27T03:32:59.533Z] [LlamaService] 🔧 LlamaService initialized

      at LlamaService.logger (src/server/services/LlamaService.ts:699:17)

    console.log
      [2025-12-27T03:32:59.534Z] [LlamaService] 🔧 LlamaService initialized

      at LlamaService.logger (src/server/services/LlamaService.ts:699:17)

  ● LlamaService › start › should handle start errors

    thrown: "Exceeded timeout of 5000 ms for a test.
    Add a timeout value to this test to increase the timeout, if this is a long-running test. See https://jestjs.io/docs/api#testname-fn-timeout."

      247 |     });
      248 |
    > 249 |     it('should handle start errors', async () => {
          |     ^
      250 |       const startError = new Error('Failed to start server');
      251 |       mockedSpawn.mockImplementation(() => {
      252 |         throw startError;

      at __tests__/server/services/LlamaService.test.ts:249:5
      at __tests__/server/services/LlamaService.test.ts:136:3
      at Object.<anonymous> (__tests__/server/services/LlamaService.test.ts:23:1)

  ● LlamaService › stop › should stop running process gracefully

    expect(received).toBe(expected) // Object.is equality

    Expected: "initial"
    Received: "stopping"

      290 |
      291 |       const state = llamaService.getState();
    > 292 |       expect(state.status).toBe('initial');
          |                            ^
      293 |     });
      294 |
      295 |     it('should force kill if SIGTERM timeout', async () => {

      at Object.<anonymous> (__tests__/server/services/LlamaService.test.ts:292:28)

  ● LlamaService › stop › should force kill if SIGTERM timeout

    thrown: "Exceeded timeout of 5000 ms for a test.
    Add a timeout value to this test to increase the timeout, if this is a long-running test. See https://jestjs.io/docs/api#testname-fn-timeout."

      293 |     });
      294 |
    > 295 |     it('should force kill if SIGTERM timeout', async () => {
          |     ^
      296 |       // Mock process that doesn't exit on SIGTERM
      297 |       const mockProcessThatHangs = {
      298 |         ...mockProcess,

      at __tests__/server/services/LlamaService.test.ts:295:5
      at __tests__/server/services/LlamaService.test.ts:263:3
      at Object.<anonymous> (__tests__/server/services/LlamaService.test.ts:23:1)

FAIL __tests__/pages/home-page.test.tsx
  ● HomePage › renders correctly

    Element type is invalid: expected a string (for built-in components) or a class/function (for composite components) but got: object.

    Check the render method of `MuiButtonBaseRoot`.

      57 |
      58 | function renderWithProviders(component: React.ReactElement) {
    > 59 |   return render(component);
         |                ^
      60 | }
      61 |
      62 | describe("HomePage", () => {

      at createFiberFromTypeAndProps (node_modules/.pnpm/react-dom@19.2.3_react@19.2.3/node_modules/react-dom/cjs/react-dom-client.development.js:5021:28)
      at createFiberFromElement (node_modules/.pnpm/react-dom@19.2.3_react@19.2.3/node_modules/react-dom/cjs/react-dom-client.development.js:5035:14)
      at createChild (node_modules/.pnpm/react-dom@19.2.3_react@19.2.3/node_modules/react-dom/cjs/react-dom-client.development.js:6338:26)
      at reconcileChildrenArray (node_modules/.pnpm/react-dom@19.2.3_react@19.2.3/node_modules/react-dom/cjs/react-dom-client.development.js:6670:25)
      at reconcileChildFibersImpl (node_modules/.pnpm/react-dom@19.2.3_react@19.2.3/node_modules/react-dom/cjs/react-dom-client.development.js:6993:30)
      at node_modules/.pnpm/react-dom@19.2.3_react@19.2.3/node_modules/react-dom/cjs/react-dom-client.development.js:7098:33
      at reconcileChildren (node_modules/.pnpm/react-dom@19.2.3_react@19.2.3/node_modules/react-dom/cjs/react-dom-client.development.js:9701:13)
      at updateForwardRef (node_modules/.pnpm/react-dom@19.2.3_react@19.2.3/node_modules/react-dom/cjs/react-dom-client.development.js:9740:7)
      at beginWork (node_modules/.pnpm/react-dom@19.2.3_react@19.2.3/node_modules/react-dom/cjs/react-dom-client.development.js:12117:18)
      at runWithFiberInDEV (node_modules/.pnpm/react-dom@19.2.3_react@19.2.3/node_modules/react-dom/cjs/react-dom-client.development.js:874:13)
      at performUnitOfWork (node_modules/.pnpm/react-dom@19.2.3_react@19.2.3/node_modules/react-dom/cjs/react-dom-client.development.js:17641:22)
      at workLoopSync (node_modules/.pnpm/react-dom@19.2.3_react@19.2.3/node_modules/react-dom/cjs/react-dom-client.development.js:17469:41)
      at renderRootSync (node_modules/.pnpm/react-dom@19.2.3_react@19.2.3/node_modules/react-dom/cjs/react-dom-client.development.js:17450:11)
      at performWorkOnRoot (node_modules/.pnpm/react-dom@19.2.3_react@19.2.3/node_modules/react-dom/cjs/react-dom-client.development.js:16583:35)
      at performWorkOnRootViaSchedulerTask (node_modules/.pnpm/react-dom@19.2.3_react@19.2.3/node_modules/react-dom/cjs/react-dom-client.development.js:18957:7)
      at flushActQueue (node_modules/.pnpm/react@19.2.3/node_modules/react/cjs/react.development.js:590:34)
      at process.env.NODE_ENV.exports.act (node_modules/.pnpm/react@19.2.3/node_modules/react/cjs/react.development.js:884:10)
      at node_modules/.pnpm/@testing-library+react@16.3.1_@testing-library+dom@10.4.1_@types+react-dom@19.2.3_@type_68c5b21a70acecf0fbbfd97f51128017/node_modules/@testing-library/react/dist/act-compat.js:46:25
      at renderRoot (node_modules/.pnpm/@testing-library+react@16.3.1_@testing-library+dom@10.4.1_@types+react-dom@19.2.3_@type_68c5b21a70acecf0fbbfd97f51128017/node_modules/@testing-library/react/dist/pure.js:189:26)
      at render (node_modules/.pnpm/@testing-library+react@16.3.1_@testing-library+dom@10.4.1_@types+react-dom@19.2.3_@type_68c5b21a70acecf0fbbfd97f51128017/node_modules/@testing-library/react/dist/pure.js:291:10)
      at renderWithProviders (__tests__/pages/home-page.test.tsx:59:16)
      at Object.<anonymous> (__tests__/pages/home-page.test.tsx:64:5)

  ● HomePage › renders welcome title

    Element type is invalid: expected a string (for built-in components) or a class/function (for composite components) but got: object.

    Check the render method of `MuiButtonBaseRoot`.

      57 |
      58 | function renderWithProviders(component: React.ReactElement) {
    > 59 |   return render(component);
         |                ^
      60 | }
      61 |
      62 | describe("HomePage", () => {

      at createFiberFromTypeAndProps (node_modules/.pnpm/react-dom@19.2.3_react@19.2.3/node_modules/react-dom/cjs/react-dom-client.development.js:5021:28)
      at createFiberFromElement (node_modules/.pnpm/react-dom@19.2.3_react@19.2.3/node_modules/react-dom/cjs/react-dom-client.development.js:5035:14)
      at createChild (node_modules/.pnpm/react-dom@19.2.3_react@19.2.3/node_modules/react-dom/cjs/react-dom-client.development.js:6338:26)
      at reconcileChildrenArray (node_modules/.pnpm/react-dom@19.2.3_react@19.2.3/node_modules/react-dom/cjs/react-dom-client.development.js:6670:25)
      at reconcileChildFibersImpl (node_modules/.pnpm/react-dom@19.2.3_react@19.2.3/node_modules/react-dom/cjs/react-dom-client.development.js:6993:30)
      at node_modules/.pnpm/react-dom@19.2.3_react@19.2.3/node_modules/react-dom/cjs/react-dom-client.development.js:7098:33
      at reconcileChildren (node_modules/.pnpm/react-dom@19.2.3_react@19.2.3/node_modules/react-dom/cjs/react-dom-client.development.js:9701:13)
      at updateForwardRef (node_modules/.pnpm/react-dom@19.2.3_react@19.2.3/node_modules/react-dom/cjs/react-dom-client.development.js:9740:7)
      at beginWork (node_modules/.pnpm/react-dom@19.2.3_react@19.2.3/node_modules/react-dom/cjs/react-dom-client.development.js:12117:18)
      at runWithFiberInDEV (node_modules/.pnpm/react-dom@19.2.3_react@19.2.3/node_modules/react-dom/cjs/react-dom-client.development.js:874:13)
      at performUnitOfWork (node_modules/.pnpm/react-dom@19.2.3_react@19.2.3/node_modules/react-dom/cjs/react-dom-client.development.js:17641:22)
      at workLoopSync (node_modules/.pnpm/react-dom@19.2.3_react@19.2.3/node_modules/react-dom/cjs/react-dom-client.development.js:17469:41)
      at renderRootSync (node_modules/.pnpm/react-dom@19.2.3_react@19.2.3/node_modules/react-dom/cjs/react-dom-client.development.js:17450:11)
      at performWorkOnRoot (node_modules/.pnpm/react-dom@19.2.3_react@19.2.3/node_modules/react-dom/cjs/react-dom-client.development.js:16583:35)
      at performWorkOnRootViaSchedulerTask (node_modules/.pnpm/react-dom@19.2.3_react@19.2.3/node_modules/react-dom/cjs/react-dom-client.development.js:18957:7)
      at flushActQueue (node_modules/.pnpm/react@19.2.3/node_modules/react/cjs/react.development.js:590:34)
      at process.env.NODE_ENV.exports.act (node_modules/.pnpm/react@19.2.3/node_modules/react/cjs/react.development.js:884:10)
      at node_modules/.pnpm/@testing-library+react@16.3.1_@testing-library+dom@10.4.1_@types+react-dom@19.2.3_@type_68c5b21a70acecf0fbbfd97f51128017/node_modules/@testing-library/react/dist/act-compat.js:46:25
      at renderRoot (node_modules/.pnpm/@testing-library+react@16.3.1_@testing-library+dom@10.4.1_@types+react-dom@19.2.3_@type_68c5b21a70acecf0fbbfd97f51128017/node_modules/@testing-library/react/dist/pure.js:189:26)
      at render (node_modules/.pnpm/@testing-library+react@16.3.1_@testing-library+dom@10.4.1_@types+react-dom@19.2.3_@type_68c5b21a70acecf0fbbfd97f51128017/node_modules/@testing-library/react/dist/pure.js:291:10)
      at renderWithProviders (__tests__/pages/home-page.test.tsx:59:16)
      at Object.<anonymous> (__tests__/pages/home-page.test.tsx:69:5)

  ● HomePage › renders subtitle description

    Element type is invalid: expected a string (for built-in components) or a class/function (for composite components) but got: object.

    Check the render method of `MuiButtonBaseRoot`.

      57 |
      58 | function renderWithProviders(component: React.ReactElement) {
    > 59 |   return render(component);
         |                ^
      60 | }
      61 |
      62 | describe("HomePage", () => {

      at createFiberFromTypeAndProps (node_modules/.pnpm/react-dom@19.2.3_react@19.2.3/node_modules/react-dom/cjs/react-dom-client.development.js:5021:28)
      at createFiberFromElement (node_modules/.pnpm/react-dom@19.2.3_react@19.2.3/node_modules/react-dom/cjs/react-dom-client.development.js:5035:14)
      at createChild (node_modules/.pnpm/react-dom@19.2.3_react@19.2.3/node_modules/react-dom/cjs/react-dom-client.development.js:6338:26)
      at reconcileChildrenArray (node_modules/.pnpm/react-dom@19.2.3_react@19.2.3/node_modules/react-dom/cjs/react-dom-client.development.js:6670:25)
      at reconcileChildFibersImpl (node_modules/.pnpm/react-dom@19.2.3_react@19.2.3/node_modules/react-dom/cjs/react-dom-client.development.js:6993:30)
      at node_modules/.pnpm/react-dom@19.2.3_react@19.2.3/node_modules/react-dom/cjs/react-dom-client.development.js:7098:33
      at reconcileChildren (node_modules/.pnpm/react-dom@19.2.3_react@19.2.3/node_modules/react-dom/cjs/react-dom-client.development.js:9701:13)
      at updateForwardRef (node_modules/.pnpm/react-dom@19.2.3_react@19.2.3/node_modules/react-dom/cjs/react-dom-client.development.js:9740:7)
      at beginWork (node_modules/.pnpm/react-dom@19.2.3_react@19.2.3/node_modules/react-dom/cjs/react-dom-client.development.js:12117:18)
      at runWithFiberInDEV (node_modules/.pnpm/react-dom@19.2.3_react@19.2.3/node_modules/react-dom/cjs/react-dom-client.development.js:874:13)
      at performUnitOfWork (node_modules/.pnpm/react-dom@19.2.3_react@19.2.3/node_modules/react-dom/cjs/react-dom-client.development.js:17641:22)
      at workLoopSync (node_modules/.pnpm/react-dom@19.2.3_react@19.2.3/node_modules/react-dom/cjs/react-dom-client.development.js:17469:41)
      at renderRootSync (node_modules/.pnpm/react-dom@19.2.3_react@19.2.3/node_modules/react-dom/cjs/react-dom-client.development.js:17450:11)
      at performWorkOnRoot (node_modules/.pnpm/react-dom@19.2.3_react@19.2.3/node_modules/react-dom/cjs/react-dom-client.development.js:16583:35)
      at performWorkOnRootViaSchedulerTask (node_modules/.pnpm/react-dom@19.2.3_react@19.2.3/node_modules/react-dom/cjs/react-dom-client.development.js:18957:7)
      at flushActQueue (node_modules/.pnpm/react@19.2.3/node_modules/react/cjs/react.development.js:590:34)
      at process.env.NODE_ENV.exports.act (node_modules/.pnpm/react@19.2.3/node_modules/react/cjs/react.development.js:884:10)
      at node_modules/.pnpm/@testing-library+react@16.3.1_@testing-library+dom@10.4.1_@types+react-dom@19.2.3_@type_68c5b21a70acecf0fbbfd97f51128017/node_modules/@testing-library/react/dist/act-compat.js:46:25
      at renderRoot (node_modules/.pnpm/@testing-library+react@16.3.1_@testing-library+dom@10.4.1_@types+react-dom@19.2.3_@type_68c5b21a70acecf0fbbfd97f51128017/node_modules/@testing-library/react/dist/pure.js:189:26)
      at render (node_modules/.pnpm/@testing-library+react@16.3.1_@testing-library+dom@10.4.1_@types+react-dom@19.2.3_@type_68c5b21a70acecf0fbbfd97f51128017/node_modules/@testing-library/react/dist/pure.js:291:10)
      at renderWithProviders (__tests__/pages/home-page.test.tsx:59:16)
      at Object.<anonymous> (__tests__/pages/home-page.test.tsx:76:5)

  ● HomePage › renders 'Get Started' button

    Element type is invalid: expected a string (for built-in components) or a class/function (for composite components) but got: object.

    Check the render method of `MuiButtonBaseRoot`.

      57 |
      58 | function renderWithProviders(component: React.ReactElement) {
    > 59 |   return render(component);
         |                ^
      60 | }
      61 |
      62 | describe("HomePage", () => {

      at createFiberFromTypeAndProps (node_modules/.pnpm/react-dom@19.2.3_react@19.2.3/node_modules/react-dom/cjs/react-dom-client.development.js:5021:28)
      at createFiberFromElement (node_modules/.pnpm/react-dom@19.2.3_react@19.2.3/node_modules/react-dom/cjs/react-dom-client.development.js:5035:14)
      at createChild (node_modules/.pnpm/react-dom@19.2.3_react@19.2.3/node_modules/react-dom/cjs/react-dom-client.development.js:6338:26)
      at reconcileChildrenArray (node_modules/.pnpm/react-dom@19.2.3_react@19.2.3/node_modules/react-dom/cjs/react-dom-client.development.js:6670:25)
      at reconcileChildFibersImpl (node_modules/.pnpm/react-dom@19.2.3_react@19.2.3/node_modules/react-dom/cjs/react-dom-client.development.js:6993:30)
      at node_modules/.pnpm/react-dom@19.2.3_react@19.2.3/node_modules/react-dom/cjs/react-dom-client.development.js:7098:33
      at reconcileChildren (node_modules/.pnpm/react-dom@19.2.3_react@19.2.3/node_modules/react-dom/cjs/react-dom-client.development.js:9701:13)
      at updateForwardRef (node_modules/.pnpm/react-dom@19.2.3_react@19.2.3/node_modules/react-dom/cjs/react-dom-client.development.js:9740:7)
      at beginWork (node_modules/.pnpm/react-dom@19.2.3_react@19.2.3/node_modules/react-dom/cjs/react-dom-client.development.js:12117:18)
      at runWithFiberInDEV (node_modules/.pnpm/react-dom@19.2.3_react@19.2.3/node_modules/react-dom/cjs/react-dom-client.development.js:874:13)
      at performUnitOfWork (node_modules/.pnpm/react-dom@19.2.3_react@19.2.3/node_modules/react-dom/cjs/react-dom-client.development.js:17641:22)
      at workLoopSync (node_modules/.pnpm/react-dom@19.2.3_react@19.2.3/node_modules/react-dom/cjs/react-dom-client.development.js:17469:41)
      at renderRootSync (node_modules/.pnpm/react-dom@19.2.3_react@19.2.3/node_modules/react-dom/cjs/react-dom-client.development.js:17450:11)
      at performWorkOnRoot (node_modules/.pnpm/react-dom@19.2.3_react@19.2.3/node_modules/react-dom/cjs/react-dom-client.development.js:16583:35)
      at performWorkOnRootViaSchedulerTask (node_modules/.pnpm/react-dom@19.2.3_react@19.2.3/node_modules/react-dom/cjs/react-dom-client.development.js:18957:7)
      at flushActQueue (node_modules/.pnpm/react@19.2.3/node_modules/react/cjs/react.development.js:590:34)
      at process.env.NODE_ENV.exports.act (node_modules/.pnpm/react@19.2.3/node_modules/react/cjs/react.development.js:884:10)
      at node_modules/.pnpm/@testing-library+react@16.3.1_@testing-library+dom@10.4.1_@types+react-dom@19.2.3_@type_68c5b21a70acecf0fbbfd97f51128017/node_modules/@testing-library/react/dist/act-compat.js:46:25
      at renderRoot (node_modules/.pnpm/@testing-library+react@16.3.1_@testing-library+dom@10.4.1_@types+react-dom@19.2.3_@type_68c5b21a70acecf0fbbfd97f51128017/node_modules/@testing-library/react/dist/pure.js:189:26)
      at render (node_modules/.pnpm/@testing-library+react@16.3.1_@testing-library+dom@10.4.1_@types+react-dom@19.2.3_@type_68c5b21a70acecf0fbbfd97f51128017/node_modules/@testing-library/react/dist/pure.js:291:10)
      at renderWithProviders (__tests__/pages/home-page.test.tsx:59:16)
      at Object.<anonymous> (__tests__/pages/home-page.test.tsx:85:5)

  ● HomePage › 'Get Started' button links to /dashboard

    Element type is invalid: expected a string (for built-in components) or a class/function (for composite components) but got: object.

    Check the render method of `MuiButtonBaseRoot`.

      57 |
      58 | function renderWithProviders(component: React.ReactElement) {
    > 59 |   return render(component);
         |                ^
      60 | }
      61 |
      62 | describe("HomePage", () => {

      at createFiberFromTypeAndProps (node_modules/.pnpm/react-dom@19.2.3_react@19.2.3/node_modules/react-dom/cjs/react-dom-client.development.js:5021:28)
      at createFiberFromElement (node_modules/.pnpm/react-dom@19.2.3_react@19.2.3/node_modules/react-dom/cjs/react-dom-client.development.js:5035:14)
      at createChild (node_modules/.pnpm/react-dom@19.2.3_react@19.2.3/node_modules/react-dom/cjs/react-dom-client.development.js:6338:26)
      at reconcileChildrenArray (node_modules/.pnpm/react-dom@19.2.3_react@19.2.3/node_modules/react-dom/cjs/react-dom-client.development.js:6670:25)
      at reconcileChildFibersImpl (node_modules/.pnpm/react-dom@19.2.3_react@19.2.3/node_modules/react-dom/cjs/react-dom-client.development.js:6993:30)
      at node_modules/.pnpm/react-dom@19.2.3_react@19.2.3/node_modules/react-dom/cjs/react-dom-client.development.js:7098:33
      at reconcileChildren (node_modules/.pnpm/react-dom@19.2.3_react@19.2.3/node_modules/react-dom/cjs/react-dom-client.development.js:9701:13)
      at updateForwardRef (node_modules/.pnpm/react-dom@19.2.3_react@19.2.3/node_modules/react-dom/cjs/react-dom-client.development.js:9740:7)
      at beginWork (node_modules/.pnpm/react-dom@19.2.3_react@19.2.3/node_modules/react-dom/cjs/react-dom-client.development.js:12117:18)
      at runWithFiberInDEV (node_modules/.pnpm/react-dom@19.2.3_react@19.2.3/node_modules/react-dom/cjs/react-dom-client.development.js:874:13)
      at performUnitOfWork (node_modules/.pnpm/react-dom@19.2.3_react@19.2.3/node_modules/react-dom/cjs/react-dom-client.development.js:17641:22)
      at workLoopSync (node_modules/.pnpm/react-dom@19.2.3_react@19.2.3/node_modules/react-dom/cjs/react-dom-client.development.js:17469:41)
      at renderRootSync (node_modules/.pnpm/react-dom@19.2.3_react@19.2.3/node_modules/react-dom/cjs/react-dom-client.development.js:17450:11)
      at performWorkOnRoot (node_modules/.pnpm/react-dom@19.2.3_react@19.2.3/node_modules/react-dom/cjs/react-dom-client.development.js:16583:35)
      at performWorkOnRootViaSchedulerTask (node_modules/.pnpm/react-dom@19.2.3_react@19.2.3/node_modules/react-dom/cjs/react-dom-client.development.js:18957:7)
      at flushActQueue (node_modules/.pnpm/react@19.2.3/node_modules/react/cjs/react.development.js:590:34)
      at process.env.NODE_ENV.exports.act (node_modules/.pnpm/react@19.2.3/node_modules/react/cjs/react.development.js:884:10)
      at node_modules/.pnpm/@testing-library+react@16.3.1_@testing-library+dom@10.4.1_@types+react-dom@19.2.3_@type_68c5b21a70acecf0fbbfd97f51128017/node_modules/@testing-library/react/dist/act-compat.js:46:25
      at renderRoot (node_modules/.pnpm/@testing-library+react@16.3.1_@testing-library+dom@10.4.1_@types+react-dom@19.2.3_@type_68c5b21a70acecf0fbbfd97f51128017/node_modules/@testing-library/react/dist/pure.js:189:26)
      at render (node_modules/.pnpm/@testing-library+react@16.3.1_@testing-library+dom@10.4.1_@types+react-dom@19.2.3_@type_68c5b21a70acecf0fbbfd97f51128017/node_modules/@testing-library/react/dist/pure.js:291:10)
      at renderWithProviders (__tests__/pages/home-page.test.tsx:59:16)
      at Object.<anonymous> (__tests__/pages/home-page.test.tsx:91:5)

  ● HomePage › renders 'Key Features' section

    Element type is invalid: expected a string (for built-in components) or a class/function (for composite components) but got: object.

    Check the render method of `MuiButtonBaseRoot`.

      57 |
      58 | function renderWithProviders(component: React.ReactElement) {
    > 59 |   return render(component);
         |                ^
      60 | }
      61 |
      62 | describe("HomePage", () => {

      at createFiberFromTypeAndProps (node_modules/.pnpm/react-dom@19.2.3_react@19.2.3/node_modules/react-dom/cjs/react-dom-client.development.js:5021:28)
      at createFiberFromElement (node_modules/.pnpm/react-dom@19.2.3_react@19.2.3/node_modules/react-dom/cjs/react-dom-client.development.js:5035:14)
      at createChild (node_modules/.pnpm/react-dom@19.2.3_react@19.2.3/node_modules/react-dom/cjs/react-dom-client.development.js:6338:26)
      at reconcileChildrenArray (node_modules/.pnpm/react-dom@19.2.3_react@19.2.3/node_modules/react-dom/cjs/react-dom-client.development.js:6670:25)
      at reconcileChildFibersImpl (node_modules/.pnpm/react-dom@19.2.3_react@19.2.3/node_modules/react-dom/cjs/react-dom-client.development.js:6993:30)
      at node_modules/.pnpm/react-dom@19.2.3_react@19.2.3/node_modules/react-dom/cjs/react-dom-client.development.js:7098:33
      at reconcileChildren (node_modules/.pnpm/react-dom@19.2.3_react@19.2.3/node_modules/react-dom/cjs/react-dom-client.development.js:9701:13)
      at updateForwardRef (node_modules/.pnpm/react-dom@19.2.3_react@19.2.3/node_modules/react-dom/cjs/react-dom-client.development.js:9740:7)
      at beginWork (node_modules/.pnpm/react-dom@19.2.3_react@19.2.3/node_modules/react-dom/cjs/react-dom-client.development.js:12117:18)
      at runWithFiberInDEV (node_modules/.pnpm/react-dom@19.2.3_react@19.2.3/node_modules/react-dom/cjs/react-dom-client.development.js:874:13)
      at performUnitOfWork (node_modules/.pnpm/react-dom@19.2.3_react@19.2.3/node_modules/react-dom/cjs/react-dom-client.development.js:17641:22)
      at workLoopSync (node_modules/.pnpm/react-dom@19.2.3_react@19.2.3/node_modules/react-dom/cjs/react-dom-client.development.js:17469:41)
      at renderRootSync (node_modules/.pnpm/react-dom@19.2.3_react@19.2.3/node_modules/react-dom/cjs/react-dom-client.development.js:17450:11)
      at performWorkOnRoot (node_modules/.pnpm/react-dom@19.2.3_react@19.2.3/node_modules/react-dom/cjs/react-dom-client.development.js:16583:35)
      at performWorkOnRootViaSchedulerTask (node_modules/.pnpm/react-dom@19.2.3_react@19.2.3/node_modules/react-dom/cjs/react-dom-client.development.js:18957:7)
      at flushActQueue (node_modules/.pnpm/react@19.2.3/node_modules/react/cjs/react.development.js:590:34)
      at process.env.NODE_ENV.exports.act (node_modules/.pnpm/react@19.2.3/node_modules/react/cjs/react.development.js:884:10)
      at node_modules/.pnpm/@testing-library+react@16.3.1_@testing-library+dom@10.4.1_@types+react-dom@19.2.3_@type_68c5b21a70acecf0fbbfd97f51128017/node_modules/@testing-library/react/dist/act-compat.js:46:25
      at renderRoot (node_modules/.pnpm/@testing-library+react@16.3.1_@testing-library+dom@10.4.1_@types+react-dom@19.2.3_@type_68c5b21a70acecf0fbbfd97f51128017/node_modules/@testing-library/react/dist/pure.js:189:26)
      at render (node_modules/.pnpm/@testing-library+react@16.3.1_@testing-library+dom@10.4.1_@types+react-dom@19.2.3_@type_68c5b21a70acecf0fbbfd97f51128017/node_modules/@testing-library/react/dist/pure.js:291:10)
      at renderWithProviders (__tests__/pages/home-page.test.tsx:59:16)
      at Object.<anonymous> (__tests__/pages/home-page.test.tsx:97:5)

  ● HomePage › renders all 4 feature cards

    Element type is invalid: expected a string (for built-in components) or a class/function (for composite components) but got: object.

    Check the render method of `MuiButtonBaseRoot`.

      57 |
      58 | function renderWithProviders(component: React.ReactElement) {
    > 59 |   return render(component);
         |                ^
      60 | }
      61 |
      62 | describe("HomePage", () => {

      at createFiberFromTypeAndProps (node_modules/.pnpm/react-dom@19.2.3_react@19.2.3/node_modules/react-dom/cjs/react-dom-client.development.js:5021:28)
      at createFiberFromElement (node_modules/.pnpm/react-dom@19.2.3_react@19.2.3/node_modules/react-dom/cjs/react-dom-client.development.js:5035:14)
      at createChild (node_modules/.pnpm/react-dom@19.2.3_react@19.2.3/node_modules/react-dom/cjs/react-dom-client.development.js:6338:26)
      at reconcileChildrenArray (node_modules/.pnpm/react-dom@19.2.3_react@19.2.3/node_modules/react-dom/cjs/react-dom-client.development.js:6670:25)
      at reconcileChildFibersImpl (node_modules/.pnpm/react-dom@19.2.3_react@19.2.3/node_modules/react-dom/cjs/react-dom-client.development.js:6993:30)
      at node_modules/.pnpm/react-dom@19.2.3_react@19.2.3/node_modules/react-dom/cjs/react-dom-client.development.js:7098:33
      at reconcileChildren (node_modules/.pnpm/react-dom@19.2.3_react@19.2.3/node_modules/react-dom/cjs/react-dom-client.development.js:9701:13)
      at updateForwardRef (node_modules/.pnpm/react-dom@19.2.3_react@19.2.3/node_modules/react-dom/cjs/react-dom-client.development.js:9740:7)
      at beginWork (node_modules/.pnpm/react-dom@19.2.3_react@19.2.3/node_modules/react-dom/cjs/react-dom-client.development.js:12117:18)
      at runWithFiberInDEV (node_modules/.pnpm/react-dom@19.2.3_react@19.2.3/node_modules/react-dom/cjs/react-dom-client.development.js:874:13)
      at performUnitOfWork (node_modules/.pnpm/react-dom@19.2.3_react@19.2.3/node_modules/react-dom/cjs/react-dom-client.development.js:17641:22)
      at workLoopSync (node_modules/.pnpm/react-dom@19.2.3_react@19.2.3/node_modules/react-dom/cjs/react-dom-client.development.js:17469:41)
      at renderRootSync (node_modules/.pnpm/react-dom@19.2.3_react@19.2.3/node_modules/react-dom/cjs/react-dom-client.development.js:17450:11)
      at performWorkOnRoot (node_modules/.pnpm/react-dom@19.2.3_react@19.2.3/node_modules/react-dom/cjs/react-dom-client.development.js:16583:35)
      at performWorkOnRootViaSchedulerTask (node_modules/.pnpm/react-dom@19.2.3_react@19.2.3/node_modules/react-dom/cjs/react-dom-client.development.js:18957:7)
      at flushActQueue (node_modules/.pnpm/react@19.2.3/node_modules/react/cjs/react.development.js:590:34)
      at process.env.NODE_ENV.exports.act (node_modules/.pnpm/react@19.2.3/node_modules/react/cjs/react.development.js:884:10)
      at node_modules/.pnpm/@testing-library+react@16.3.1_@testing-library+dom@10.4.1_@types+react-dom@19.2.3_@type_68c5b21a70acecf0fbbfd97f51128017/node_modules/@testing-library/react/dist/act-compat.js:46:25
      at renderRoot (node_modules/.pnpm/@testing-library+react@16.3.1_@testing-library+dom@10.4.1_@types+react-dom@19.2.3_@type_68c5b21a70acecf0fbbfd97f51128017/node_modules/@testing-library/react/dist/pure.js:189:26)
      at render (node_modules/.pnpm/@testing-library+react@16.3.1_@testing-library+dom@10.4.1_@types+react-dom@19.2.3_@type_68c5b21a70acecf0fbbfd97f51128017/node_modules/@testing-library/react/dist/pure.js:291:10)
      at renderWithProviders (__tests__/pages/home-page.test.tsx:59:16)
      at Object.<anonymous> (__tests__/pages/home-page.test.tsx:104:5)

  ● HomePage › renders feature descriptions

    Element type is invalid: expected a string (for built-in components) or a class/function (for composite components) but got: object.

    Check the render method of `MuiButtonBaseRoot`.

      57 |
      58 | function renderWithProviders(component: React.ReactElement) {
    > 59 |   return render(component);
         |                ^
      60 | }
      61 |
      62 | describe("HomePage", () => {

      at createFiberFromTypeAndProps (node_modules/.pnpm/react-dom@19.2.3_react@19.2.3/node_modules/react-dom/cjs/react-dom-client.development.js:5021:28)
      at createFiberFromElement (node_modules/.pnpm/react-dom@19.2.3_react@19.2.3/node_modules/react-dom/cjs/react-dom-client.development.js:5035:14)
      at createChild (node_modules/.pnpm/react-dom@19.2.3_react@19.2.3/node_modules/react-dom/cjs/react-dom-client.development.js:6338:26)
      at reconcileChildrenArray (node_modules/.pnpm/react-dom@19.2.3_react@19.2.3/node_modules/react-dom/cjs/react-dom-client.development.js:6670:25)
      at reconcileChildFibersImpl (node_modules/.pnpm/react-dom@19.2.3_react@19.2.3/node_modules/react-dom/cjs/react-dom-client.development.js:6993:30)
      at node_modules/.pnpm/react-dom@19.2.3_react@19.2.3/node_modules/react-dom/cjs/react-dom-client.development.js:7098:33
      at reconcileChildren (node_modules/.pnpm/react-dom@19.2.3_react@19.2.3/node_modules/react-dom/cjs/react-dom-client.development.js:9701:13)
      at updateForwardRef (node_modules/.pnpm/react-dom@19.2.3_react@19.2.3/node_modules/react-dom/cjs/react-dom-client.development.js:9740:7)
      at beginWork (node_modules/.pnpm/react-dom@19.2.3_react@19.2.3/node_modules/react-dom/cjs/react-dom-client.development.js:12117:18)
      at runWithFiberInDEV (node_modules/.pnpm/react-dom@19.2.3_react@19.2.3/node_modules/react-dom/cjs/react-dom-client.development.js:874:13)
      at performUnitOfWork (node_modules/.pnpm/react-dom@19.2.3_react@19.2.3/node_modules/react-dom/cjs/react-dom-client.development.js:17641:22)
      at workLoopSync (node_modules/.pnpm/react-dom@19.2.3_react@19.2.3/node_modules/react-dom/cjs/react-dom-client.development.js:17469:41)
      at renderRootSync (node_modules/.pnpm/react-dom@19.2.3_react@19.2.3/node_modules/react-dom/cjs/react-dom-client.development.js:17450:11)
      at performWorkOnRoot (node_modules/.pnpm/react-dom@19.2.3_react@19.2.3/node_modules/react-dom/cjs/react-dom-client.development.js:16583:35)
      at performWorkOnRootViaSchedulerTask (node_modules/.pnpm/react-dom@19.2.3_react@19.2.3/node_modules/react-dom/cjs/react-dom-client.development.js:18957:7)
      at flushActQueue (node_modules/.pnpm/react@19.2.3/node_modules/react/cjs/react.development.js:590:34)
      at process.env.NODE_ENV.exports.act (node_modules/.pnpm/react@19.2.3/node_modules/react/cjs/react.development.js:884:10)
      at node_modules/.pnpm/@testing-library+react@16.3.1_@testing-library+dom@10.4.1_@types+react-dom@19.2.3_@type_68c5b21a70acecf0fbbfd97f51128017/node_modules/@testing-library/react/dist/act-compat.js:46:25
      at renderRoot (node_modules/.pnpm/@testing-library+react@16.3.1_@testing-library+dom@10.4.1_@types+react-dom@19.2.3_@type_68c5b21a70acecf0fbbfd97f51128017/node_modules/@testing-library/react/dist/pure.js:189:26)
      at render (node_modules/.pnpm/@testing-library+react@16.3.1_@testing-library+dom@10.4.1_@types+react-dom@19.2.3_@type_68c5b21a70acecf0fbbfd97f51128017/node_modules/@testing-library/react/dist/pure.js:291:10)
      at renderWithProviders (__tests__/pages/home-page.test.tsx:59:16)
      at Object.<anonymous> (__tests__/pages/home-page.test.tsx:120:5)

  ● HomePage › renders 'Quick Stats' section

    Element type is invalid: expected a string (for built-in components) or a class/function (for composite components) but got: object.

    Check the render method of `MuiButtonBaseRoot`.

      57 |
      58 | function renderWithProviders(component: React.ReactElement) {
    > 59 |   return render(component);
         |                ^
      60 | }
      61 |
      62 | describe("HomePage", () => {

      at createFiberFromTypeAndProps (node_modules/.pnpm/react-dom@19.2.3_react@19.2.3/node_modules/react-dom/cjs/react-dom-client.development.js:5021:28)
      at createFiberFromElement (node_modules/.pnpm/react-dom@19.2.3_react@19.2.3/node_modules/react-dom/cjs/react-dom-client.development.js:5035:14)
      at createChild (node_modules/.pnpm/react-dom@19.2.3_react@19.2.3/node_modules/react-dom/cjs/react-dom-client.development.js:6338:26)
      at reconcileChildrenArray (node_modules/.pnpm/react-dom@19.2.3_react@19.2.3/node_modules/react-dom/cjs/react-dom-client.development.js:6670:25)
      at reconcileChildFibersImpl (node_modules/.pnpm/react-dom@19.2.3_react@19.2.3/node_modules/react-dom/cjs/react-dom-client.development.js:6993:30)
      at node_modules/.pnpm/react-dom@19.2.3_react@19.2.3/node_modules/react-dom/cjs/react-dom-client.development.js:7098:33
      at reconcileChildren (node_modules/.pnpm/react-dom@19.2.3_react@19.2.3/node_modules/react-dom/cjs/react-dom-client.development.js:9701:13)
      at updateForwardRef (node_modules/.pnpm/react-dom@19.2.3_react@19.2.3/node_modules/react-dom/cjs/react-dom-client.development.js:9740:7)
      at beginWork (node_modules/.pnpm/react-dom@19.2.3_react@19.2.3/node_modules/react-dom/cjs/react-dom-client.development.js:12117:18)
      at runWithFiberInDEV (node_modules/.pnpm/react-dom@19.2.3_react@19.2.3/node_modules/react-dom/cjs/react-dom-client.development.js:874:13)
      at performUnitOfWork (node_modules/.pnpm/react-dom@19.2.3_react@19.2.3/node_modules/react-dom/cjs/react-dom-client.development.js:17641:22)
      at workLoopSync (node_modules/.pnpm/react-dom@19.2.3_react@19.2.3/node_modules/react-dom/cjs/react-dom-client.development.js:17469:41)
      at renderRootSync (node_modules/.pnpm/react-dom@19.2.3_react@19.2.3/node_modules/react-dom/cjs/react-dom-client.development.js:17450:11)
      at performWorkOnRoot (node_modules/.pnpm/react-dom@19.2.3_react@19.2.3/node_modules/react-dom/cjs/react-dom-client.development.js:16583:35)
      at performWorkOnRootViaSchedulerTask (node_modules/.pnpm/react-dom@19.2.3_react@19.2.3/node_modules/react-dom/cjs/react-dom-client.development.js:18957:7)
      at flushActQueue (node_modules/.pnpm/react@19.2.3/node_modules/react/cjs/react.development.js:590:34)
      at process.env.NODE_ENV.exports.act (node_modules/.pnpm/react@19.2.3/node_modules/react/cjs/react.development.js:884:10)
      at node_modules/.pnpm/@testing-library+react@16.3.1_@testing-library+dom@10.4.1_@types+react-dom@19.2.3_@type_68c5b21a70acecf0fbbfd97f51128017/node_modules/@testing-library/react/dist/act-compat.js:46:25
      at renderRoot (node_modules/.pnpm/@testing-library+react@16.3.1_@testing-library+dom@10.4.1_@types+react-dom@19.2.3_@type_68c5b21a70acecf0fbbfd97f51128017/node_modules/@testing-library/react/dist/pure.js:189:26)
      at render (node_modules/.pnpm/@testing-library+react@16.3.1_@testing-library+dom@10.4.1_@types+react-dom@19.2.3_@type_68c5b21a70acecf0fbbfd97f51128017/node_modules/@testing-library/react/dist/pure.js:291:10)
      at renderWithProviders (__tests__/pages/home-page.test.tsx:59:16)
      at Object.<anonymous> (__tests__/pages/home-page.test.tsx:136:5)

  ● HomePage › renders all 4 stat values

    Element type is invalid: expected a string (for built-in components) or a class/function (for composite components) but got: object.

    Check the render method of `MuiButtonBaseRoot`.

      57 |
      58 | function renderWithProviders(component: React.ReactElement) {
    > 59 |   return render(component);
         |                ^
      60 | }
      61 |
      62 | describe("HomePage", () => {

      at createFiberFromTypeAndProps (node_modules/.pnpm/react-dom@19.2.3_react@19.2.3/node_modules/react-dom/cjs/react-dom-client.development.js:5021:28)
      at createFiberFromElement (node_modules/.pnpm/react-dom@19.2.3_react@19.2.3/node_modules/react-dom/cjs/react-dom-client.development.js:5035:14)
      at createChild (node_modules/.pnpm/react-dom@19.2.3_react@19.2.3/node_modules/react-dom/cjs/react-dom-client.development.js:6338:26)
      at reconcileChildrenArray (node_modules/.pnpm/react-dom@19.2.3_react@19.2.3/node_modules/react-dom/cjs/react-dom-client.development.js:6670:25)
      at reconcileChildFibersImpl (node_modules/.pnpm/react-dom@19.2.3_react@19.2.3/node_modules/react-dom/cjs/react-dom-client.development.js:6993:30)
      at node_modules/.pnpm/react-dom@19.2.3_react@19.2.3/node_modules/react-dom/cjs/react-dom-client.development.js:7098:33
      at reconcileChildren (node_modules/.pnpm/react-dom@19.2.3_react@19.2.3/node_modules/react-dom/cjs/react-dom-client.development.js:9701:13)
      at updateForwardRef (node_modules/.pnpm/react-dom@19.2.3_react@19.2.3/node_modules/react-dom/cjs/react-dom-client.development.js:9740:7)
      at beginWork (node_modules/.pnpm/react-dom@19.2.3_react@19.2.3/node_modules/react-dom/cjs/react-dom-client.development.js:12117:18)
      at runWithFiberInDEV (node_modules/.pnpm/react-dom@19.2.3_react@19.2.3/node_modules/react-dom/cjs/react-dom-client.development.js:874:13)
      at performUnitOfWork (node_modules/.pnpm/react-dom@19.2.3_react@19.2.3/node_modules/react-dom/cjs/react-dom-client.development.js:17641:22)
      at workLoopSync (node_modules/.pnpm/react-dom@19.2.3_react@19.2.3/node_modules/react-dom/cjs/react-dom-client.development.js:17469:41)
      at renderRootSync (node_modules/.pnpm/react-dom@19.2.3_react@19.2.3/node_modules/react-dom/cjs/react-dom-client.development.js:17450:11)
      at performWorkOnRoot (node_modules/.pnpm/react-dom@19.2.3_react@19.2.3/node_modules/react-dom/cjs/react-dom-client.development.js:16583:35)
      at performWorkOnRootViaSchedulerTask (node_modules/.pnpm/react-dom@19.2.3_react@19.2.3/node_modules/react-dom/cjs/react-dom-client.development.js:18957:7)
      at flushActQueue (node_modules/.pnpm/react@19.2.3/node_modules/react/cjs/react.development.js:590:34)
      at process.env.NODE_ENV.exports.act (node_modules/.pnpm/react@19.2.3/node_modules/react/cjs/react.development.js:884:10)
      at node_modules/.pnpm/@testing-library+react@16.3.1_@testing-library+dom@10.4.1_@types+react-dom@19.2.3_@type_68c5b21a70acecf0fbbfd97f51128017/node_modules/@testing-library/react/dist/act-compat.js:46:25
      at renderRoot (node_modules/.pnpm/@testing-library+react@16.3.1_@testing-library+dom@10.4.1_@types+react-dom@19.2.3_@type_68c5b21a70acecf0fbbfd97f51128017/node_modules/@testing-library/react/dist/pure.js:189:26)
      at render (node_modules/.pnpm/@testing-library+react@16.3.1_@testing-library+dom@10.4.1_@types+react-dom@19.2.3_@type_68c5b21a70acecf0fbbfd97f51128017/node_modules/@testing-library/react/dist/pure.js:291:10)
      at renderWithProviders (__tests__/pages/home-page.test.tsx:59:16)
      at Object.<anonymous> (__tests__/pages/home-page.test.tsx:143:5)

  ● HomePage › renders all 4 stat labels

    Element type is invalid: expected a string (for built-in components) or a class/function (for composite components) but got: object.

    Check the render method of `MuiButtonBaseRoot`.

      57 |
      58 | function renderWithProviders(component: React.ReactElement) {
    > 59 |   return render(component);
         |                ^
      60 | }
      61 |
      62 | describe("HomePage", () => {

      at createFiberFromTypeAndProps (node_modules/.pnpm/react-dom@19.2.3_react@19.2.3/node_modules/react-dom/cjs/react-dom-client.development.js:5021:28)
      at createFiberFromElement (node_modules/.pnpm/react-dom@19.2.3_react@19.2.3/node_modules/react-dom/cjs/react-dom-client.development.js:5035:14)
      at createChild (node_modules/.pnpm/react-dom@19.2.3_react@19.2.3/node_modules/react-dom/cjs/react-dom-client.development.js:6338:26)
      at reconcileChildrenArray (node_modules/.pnpm/react-dom@19.2.3_react@19.2.3/node_modules/react-dom/cjs/react-dom-client.development.js:6670:25)
      at reconcileChildFibersImpl (node_modules/.pnpm/react-dom@19.2.3_react@19.2.3/node_modules/react-dom/cjs/react-dom-client.development.js:6993:30)
      at node_modules/.pnpm/react-dom@19.2.3_react@19.2.3/node_modules/react-dom/cjs/react-dom-client.development.js:7098:33
      at reconcileChildren (node_modules/.pnpm/react-dom@19.2.3_react@19.2.3/node_modules/react-dom/cjs/react-dom-client.development.js:9701:13)
      at updateForwardRef (node_modules/.pnpm/react-dom@19.2.3_react@19.2.3/node_modules/react-dom/cjs/react-dom-client.development.js:9740:7)
      at beginWork (node_modules/.pnpm/react-dom@19.2.3_react@19.2.3/node_modules/react-dom/cjs/react-dom-client.development.js:12117:18)
      at runWithFiberInDEV (node_modules/.pnpm/react-dom@19.2.3_react@19.2.3/node_modules/react-dom/cjs/react-dom-client.development.js:874:13)
      at performUnitOfWork (node_modules/.pnpm/react-dom@19.2.3_react@19.2.3/node_modules/react-dom/cjs/react-dom-client.development.js:17641:22)
      at workLoopSync (node_modules/.pnpm/react-dom@19.2.3_react@19.2.3/node_modules/react-dom/cjs/react-dom-client.development.js:17469:41)
      at renderRootSync (node_modules/.pnpm/react-dom@19.2.3_react@19.2.3/node_modules/react-dom/cjs/react-dom-client.development.js:17450:11)
      at performWorkOnRoot (node_modules/.pnpm/react-dom@19.2.3_react@19.2.3/node_modules/react-dom/cjs/react-dom-client.development.js:16583:35)
      at performWorkOnRootViaSchedulerTask (node_modules/.pnpm/react-dom@19.2.3_react@19.2.3/node_modules/react-dom/cjs/react-dom-client.development.js:18957:7)
      at flushActQueue (node_modules/.pnpm/react@19.2.3/node_modules/react/cjs/react.development.js:590:34)
      at process.env.NODE_ENV.exports.act (node_modules/.pnpm/react@19.2.3/node_modules/react/cjs/react.development.js:884:10)
      at node_modules/.pnpm/@testing-library+react@16.3.1_@testing-library+dom@10.4.1_@types+react-dom@19.2.3_@type_68c5b21a70acecf0fbbfd97f51128017/node_modules/@testing-library/react/dist/act-compat.js:46:25
      at renderRoot (node_modules/.pnpm/@testing-library+react@16.3.1_@testing-library+dom@10.4.1_@types+react-dom@19.2.3_@type_68c5b21a70acecf0fbbfd97f51128017/node_modules/@testing-library/react/dist/pure.js:189:26)
      at render (node_modules/.pnpm/@testing-library+react@16.3.1_@testing-library+dom@10.4.1_@types+react-dom@19.2.3_@type_68c5b21a70acecf0fbbfd97f51128017/node_modules/@testing-library/react/dist/pure.js:291:10)
      at renderWithProviders (__tests__/pages/home-page.test.tsx:59:16)
      at Object.<anonymous> (__tests__/pages/home-page.test.tsx:151:5)

  ● HomePage › renders 'Built with Modern Technologies' section

    Element type is invalid: expected a string (for built-in components) or a class/function (for composite components) but got: object.

    Check the render method of `MuiButtonBaseRoot`.

      57 |
      58 | function renderWithProviders(component: React.ReactElement) {
    > 59 |   return render(component);
         |                ^
      60 | }
      61 |
      62 | describe("HomePage", () => {

      at createFiberFromTypeAndProps (node_modules/.pnpm/react-dom@19.2.3_react@19.2.3/node_modules/react-dom/cjs/react-dom-client.development.js:5021:28)
      at createFiberFromElement (node_modules/.pnpm/react-dom@19.2.3_react@19.2.3/node_modules/react-dom/cjs/react-dom-client.development.js:5035:14)
      at createChild (node_modules/.pnpm/react-dom@19.2.3_react@19.2.3/node_modules/react-dom/cjs/react-dom-client.development.js:6338:26)
      at reconcileChildrenArray (node_modules/.pnpm/react-dom@19.2.3_react@19.2.3/node_modules/react-dom/cjs/react-dom-client.development.js:6670:25)
      at reconcileChildFibersImpl (node_modules/.pnpm/react-dom@19.2.3_react@19.2.3/node_modules/react-dom/cjs/react-dom-client.development.js:6993:30)
      at node_modules/.pnpm/react-dom@19.2.3_react@19.2.3/node_modules/react-dom/cjs/react-dom-client.development.js:7098:33
      at reconcileChildren (node_modules/.pnpm/react-dom@19.2.3_react@19.2.3/node_modules/react-dom/cjs/react-dom-client.development.js:9701:13)
      at updateForwardRef (node_modules/.pnpm/react-dom@19.2.3_react@19.2.3/node_modules/react-dom/cjs/react-dom-client.development.js:9740:7)
      at beginWork (node_modules/.pnpm/react-dom@19.2.3_react@19.2.3/node_modules/react-dom/cjs/react-dom-client.development.js:12117:18)
      at runWithFiberInDEV (node_modules/.pnpm/react-dom@19.2.3_react@19.2.3/node_modules/react-dom/cjs/react-dom-client.development.js:874:13)
      at performUnitOfWork (node_modules/.pnpm/react-dom@19.2.3_react@19.2.3/node_modules/react-dom/cjs/react-dom-client.development.js:17641:22)
      at workLoopSync (node_modules/.pnpm/react-dom@19.2.3_react@19.2.3/node_modules/react-dom/cjs/react-dom-client.development.js:17469:41)
      at renderRootSync (node_modules/.pnpm/react-dom@19.2.3_react@19.2.3/node_modules/react-dom/cjs/react-dom-client.development.js:17450:11)
      at performWorkOnRoot (node_modules/.pnpm/react-dom@19.2.3_react@19.2.3/node_modules/react-dom/cjs/react-dom-client.development.js:16583:35)
      at performWorkOnRootViaSchedulerTask (node_modules/.pnpm/react-dom@19.2.3_react@19.2.3/node_modules/react-dom/cjs/react-dom-client.development.js:18957:7)
      at flushActQueue (node_modules/.pnpm/react@19.2.3/node_modules/react/cjs/react.development.js:590:34)
      at process.env.NODE_ENV.exports.act (node_modules/.pnpm/react@19.2.3/node_modules/react/cjs/react.development.js:884:10)
      at node_modules/.pnpm/@testing-library+react@16.3.1_@testing-library+dom@10.4.1_@types+react-dom@19.2.3_@type_68c5b21a70acecf0fbbfd97f51128017/node_modules/@testing-library/react/dist/act-compat.js:46:25
      at renderRoot (node_modules/.pnpm/@testing-library+react@16.3.1_@testing-library+dom@10.4.1_@types+react-dom@19.2.3_@type_68c5b21a70acecf0fbbfd97f51128017/node_modules/@testing-library/react/dist/pure.js:189:26)
      at render (node_modules/.pnpm/@testing-library+react@16.3.1_@testing-library+dom@10.4.1_@types+react-dom@19.2.3_@type_68c5b21a70acecf0fbbfd97f51128017/node_modules/@testing-library/react/dist/pure.js:291:10)
      at renderWithProviders (__tests__/pages/home-page.test.tsx:59:16)
      at Object.<anonymous> (__tests__/pages/home-page.test.tsx:159:5)

  ● HomePage › renders technology stack icons

    Element type is invalid: expected a string (for built-in components) or a class/function (for composite components) but got: object.

    Check the render method of `MuiButtonBaseRoot`.

      57 |
      58 | function renderWithProviders(component: React.ReactElement) {
    > 59 |   return render(component);
         |                ^
      60 | }
      61 |
      62 | describe("HomePage", () => {

      at createFiberFromTypeAndProps (node_modules/.pnpm/react-dom@19.2.3_react@19.2.3/node_modules/react-dom/cjs/react-dom-client.development.js:5021:28)
      at createFiberFromElement (node_modules/.pnpm/react-dom@19.2.3_react@19.2.3/node_modules/react-dom/cjs/react-dom-client.development.js:5035:14)
      at createChild (node_modules/.pnpm/react-dom@19.2.3_react@19.2.3/node_modules/react-dom/cjs/react-dom-client.development.js:6338:26)
      at reconcileChildrenArray (node_modules/.pnpm/react-dom@19.2.3_react@19.2.3/node_modules/react-dom/cjs/react-dom-client.development.js:6670:25)
      at reconcileChildFibersImpl (node_modules/.pnpm/react-dom@19.2.3_react@19.2.3/node_modules/react-dom/cjs/react-dom-client.development.js:6993:30)
      at node_modules/.pnpm/react-dom@19.2.3_react@19.2.3/node_modules/react-dom/cjs/react-dom-client.development.js:7098:33
      at reconcileChildren (node_modules/.pnpm/react-dom@19.2.3_react@19.2.3/node_modules/react-dom/cjs/react-dom-client.development.js:9701:13)
      at updateForwardRef (node_modules/.pnpm/react-dom@19.2.3_react@19.2.3/node_modules/react-dom/cjs/react-dom-client.development.js:9740:7)
      at beginWork (node_modules/.pnpm/react-dom@19.2.3_react@19.2.3/node_modules/react-dom/cjs/react-dom-client.development.js:12117:18)
      at runWithFiberInDEV (node_modules/.pnpm/react-dom@19.2.3_react@19.2.3/node_modules/react-dom/cjs/react-dom-client.development.js:874:13)
      at performUnitOfWork (node_modules/.pnpm/react-dom@19.2.3_react@19.2.3/node_modules/react-dom/cjs/react-dom-client.development.js:17641:22)
      at workLoopSync (node_modules/.pnpm/react-dom@19.2.3_react@19.2.3/node_modules/react-dom/cjs/react-dom-client.development.js:17469:41)
      at renderRootSync (node_modules/.pnpm/react-dom@19.2.3_react@19.2.3/node_modules/react-dom/cjs/react-dom-client.development.js:17450:11)
      at performWorkOnRoot (node_modules/.pnpm/react-dom@19.2.3_react@19.2.3/node_modules/react-dom/cjs/react-dom-client.development.js:16583:35)
      at performWorkOnRootViaSchedulerTask (node_modules/.pnpm/react-dom@19.2.3_react@19.2.3/node_modules/react-dom/cjs/react-dom-client.development.js:18957:7)
      at flushActQueue (node_modules/.pnpm/react@19.2.3/node_modules/react/cjs/react.development.js:590:34)
      at process.env.NODE_ENV.exports.act (node_modules/.pnpm/react@19.2.3/node_modules/react/cjs/react.development.js:884:10)
      at node_modules/.pnpm/@testing-library+react@16.3.1_@testing-library+dom@10.4.1_@types+react-dom@19.2.3_@type_68c5b21a70acecf0fbbfd97f51128017/node_modules/@testing-library/react/dist/act-compat.js:46:25
      at renderRoot (node_modules/.pnpm/@testing-library+react@16.3.1_@testing-library+dom@10.4.1_@types+react-dom@19.2.3_@type_68c5b21a70acecf0fbbfd97f51128017/node_modules/@testing-library/react/dist/pure.js:189:26)
      at render (node_modules/.pnpm/@testing-library+react@16.3.1_@testing-library+dom@10.4.1_@types+react-dom@19.2.3_@type_68c5b21a70acecf0fbbfd97f51128017/node_modules/@testing-library/react/dist/pure.js:291:10)
      at renderWithProviders (__tests__/pages/home-page.test.tsx:59:16)
      at Object.<anonymous> (__tests__/pages/home-page.test.tsx:166:5)

  ● HomePage › renders technology description

    Element type is invalid: expected a string (for built-in components) or a class/function (for composite components) but got: object.

    Check the render method of `MuiButtonBaseRoot`.

      57 |
      58 | function renderWithProviders(component: React.ReactElement) {
    > 59 |   return render(component);
         |                ^
      60 | }
      61 |
      62 | describe("HomePage", () => {

      at createFiberFromTypeAndProps (node_modules/.pnpm/react-dom@19.2.3_react@19.2.3/node_modules/react-dom/cjs/react-dom-client.development.js:5021:28)
      at createFiberFromElement (node_modules/.pnpm/react-dom@19.2.3_react@19.2.3/node_modules/react-dom/cjs/react-dom-client.development.js:5035:14)
      at createChild (node_modules/.pnpm/react-dom@19.2.3_react@19.2.3/node_modules/react-dom/cjs/react-dom-client.development.js:6338:26)
      at reconcileChildrenArray (node_modules/.pnpm/react-dom@19.2.3_react@19.2.3/node_modules/react-dom/cjs/react-dom-client.development.js:6670:25)
      at reconcileChildFibersImpl (node_modules/.pnpm/react-dom@19.2.3_react@19.2.3/node_modules/react-dom/cjs/react-dom-client.development.js:6993:30)
      at node_modules/.pnpm/react-dom@19.2.3_react@19.2.3/node_modules/react-dom/cjs/react-dom-client.development.js:7098:33
      at reconcileChildren (node_modules/.pnpm/react-dom@19.2.3_react@19.2.3/node_modules/react-dom/cjs/react-dom-client.development.js:9701:13)
      at updateForwardRef (node_modules/.pnpm/react-dom@19.2.3_react@19.2.3/node_modules/react-dom/cjs/react-dom-client.development.js:9740:7)
      at beginWork (node_modules/.pnpm/react-dom@19.2.3_react@19.2.3/node_modules/react-dom/cjs/react-dom-client.development.js:12117:18)
      at runWithFiberInDEV (node_modules/.pnpm/react-dom@19.2.3_react@19.2.3/node_modules/react-dom/cjs/react-dom-client.development.js:874:13)
      at performUnitOfWork (node_modules/.pnpm/react-dom@19.2.3_react@19.2.3/node_modules/react-dom/cjs/react-dom-client.development.js:17641:22)
      at workLoopSync (node_modules/.pnpm/react-dom@19.2.3_react@19.2.3/node_modules/react-dom/cjs/react-dom-client.development.js:17469:41)
      at renderRootSync (node_modules/.pnpm/react-dom@19.2.3_react@19.2.3/node_modules/react-dom/cjs/react-dom-client.development.js:17450:11)
      at performWorkOnRoot (node_modules/.pnpm/react-dom@19.2.3_react@19.2.3/node_modules/react-dom/cjs/react-dom-client.development.js:16583:35)
      at performWorkOnRootViaSchedulerTask (node_modules/.pnpm/react-dom@19.2.3_react@19.2.3/node_modules/react-dom/cjs/react-dom-client.development.js:18957:7)
      at flushActQueue (node_modules/.pnpm/react@19.2.3/node_modules/react/cjs/react.development.js:590:34)
      at process.env.NODE_ENV.exports.act (node_modules/.pnpm/react@19.2.3/node_modules/react/cjs/react.development.js:884:10)
      at node_modules/.pnpm/@testing-library+react@16.3.1_@testing-library+dom@10.4.1_@types+react-dom@19.2.3_@type_68c5b21a70acecf0fbbfd97f51128017/node_modules/@testing-library/react/dist/act-compat.js:46:25
      at renderRoot (node_modules/.pnpm/@testing-library+react@16.3.1_@testing-library+dom@10.4.1_@types+react-dom@19.2.3_@type_68c5b21a70acecf0fbbfd97f51128017/node_modules/@testing-library/react/dist/pure.js:189:26)
      at render (node_modules/.pnpm/@testing-library+react@16.3.1_@testing-library+dom@10.4.1_@types+react-dom@19.2.3_@type_68c5b21a70acecf0fbbfd97f51128017/node_modules/@testing-library/react/dist/pure.js:291:10)
      at renderWithProviders (__tests__/pages/home-page.test.tsx:59:16)
      at Object.<anonymous> (__tests__/pages/home-page.test.tsx:174:5)

  ● HomePage › renders 'Getting Started' section

    Element type is invalid: expected a string (for built-in components) or a class/function (for composite components) but got: object.

    Check the render method of `MuiButtonBaseRoot`.

      57 |
      58 | function renderWithProviders(component: React.ReactElement) {
    > 59 |   return render(component);
         |                ^
      60 | }
      61 |
      62 | describe("HomePage", () => {

      at createFiberFromTypeAndProps (node_modules/.pnpm/react-dom@19.2.3_react@19.2.3/node_modules/react-dom/cjs/react-dom-client.development.js:5021:28)
      at createFiberFromElement (node_modules/.pnpm/react-dom@19.2.3_react@19.2.3/node_modules/react-dom/cjs/react-dom-client.development.js:5035:14)
      at createChild (node_modules/.pnpm/react-dom@19.2.3_react@19.2.3/node_modules/react-dom/cjs/react-dom-client.development.js:6338:26)
      at reconcileChildrenArray (node_modules/.pnpm/react-dom@19.2.3_react@19.2.3/node_modules/react-dom/cjs/react-dom-client.development.js:6670:25)
      at reconcileChildFibersImpl (node_modules/.pnpm/react-dom@19.2.3_react@19.2.3/node_modules/react-dom/cjs/react-dom-client.development.js:6993:30)
      at node_modules/.pnpm/react-dom@19.2.3_react@19.2.3/node_modules/react-dom/cjs/react-dom-client.development.js:7098:33
      at reconcileChildren (node_modules/.pnpm/react-dom@19.2.3_react@19.2.3/node_modules/react-dom/cjs/react-dom-client.development.js:9701:13)
      at updateForwardRef (node_modules/.pnpm/react-dom@19.2.3_react@19.2.3/node_modules/react-dom/cjs/react-dom-client.development.js:9740:7)
      at beginWork (node_modules/.pnpm/react-dom@19.2.3_react@19.2.3/node_modules/react-dom/cjs/react-dom-client.development.js:12117:18)
      at runWithFiberInDEV (node_modules/.pnpm/react-dom@19.2.3_react@19.2.3/node_modules/react-dom/cjs/react-dom-client.development.js:874:13)
      at performUnitOfWork (node_modules/.pnpm/react-dom@19.2.3_react@19.2.3/node_modules/react-dom/cjs/react-dom-client.development.js:17641:22)
      at workLoopSync (node_modules/.pnpm/react-dom@19.2.3_react@19.2.3/node_modules/react-dom/cjs/react-dom-client.development.js:17469:41)
      at renderRootSync (node_modules/.pnpm/react-dom@19.2.3_react@19.2.3/node_modules/react-dom/cjs/react-dom-client.development.js:17450:11)
      at performWorkOnRoot (node_modules/.pnpm/react-dom@19.2.3_react@19.2.3/node_modules/react-dom/cjs/react-dom-client.development.js:16583:35)
      at performWorkOnRootViaSchedulerTask (node_modules/.pnpm/react-dom@19.2.3_react@19.2.3/node_modules/react-dom/cjs/react-dom-client.development.js:18957:7)
      at flushActQueue (node_modules/.pnpm/react@19.2.3/node_modules/react/cjs/react.development.js:590:34)
      at process.env.NODE_ENV.exports.act (node_modules/.pnpm/react@19.2.3/node_modules/react/cjs/react.development.js:884:10)
      at node_modules/.pnpm/@testing-library+react@16.3.1_@testing-library+dom@10.4.1_@types+react-dom@19.2.3_@type_68c5b21a70acecf0fbbfd97f51128017/node_modules/@testing-library/react/dist/act-compat.js:46:25
      at renderRoot (node_modules/.pnpm/@testing-library+react@16.3.1_@testing-library+dom@10.4.1_@types+react-dom@19.2.3_@type_68c5b21a70acecf0fbbfd97f51128017/node_modules/@testing-library/react/dist/pure.js:189:26)
      at render (node_modules/.pnpm/@testing-library+react@16.3.1_@testing-library+dom@10.4.1_@types+react-dom@19.2.3_@type_68c5b21a70acecf0fbbfd97f51128017/node_modules/@testing-library/react/dist/pure.js:291:10)
      at renderWithProviders (__tests__/pages/home-page.test.tsx:59:16)
      at Object.<anonymous> (__tests__/pages/home-page.test.tsx:183:5)

  ● HomePage › renders getting started introduction

    Element type is invalid: expected a string (for built-in components) or a class/function (for composite components) but got: object.

    Check the render method of `MuiButtonBaseRoot`.

      57 |
      58 | function renderWithProviders(component: React.ReactElement) {
    > 59 |   return render(component);
         |                ^
      60 | }
      61 |
      62 | describe("HomePage", () => {

      at createFiberFromTypeAndProps (node_modules/.pnpm/react-dom@19.2.3_react@19.2.3/node_modules/react-dom/cjs/react-dom-client.development.js:5021:28)
      at createFiberFromElement (node_modules/.pnpm/react-dom@19.2.3_react@19.2.3/node_modules/react-dom/cjs/react-dom-client.development.js:5035:14)
      at createChild (node_modules/.pnpm/react-dom@19.2.3_react@19.2.3/node_modules/react-dom/cjs/react-dom-client.development.js:6338:26)
      at reconcileChildrenArray (node_modules/.pnpm/react-dom@19.2.3_react@19.2.3/node_modules/react-dom/cjs/react-dom-client.development.js:6670:25)
      at reconcileChildFibersImpl (node_modules/.pnpm/react-dom@19.2.3_react@19.2.3/node_modules/react-dom/cjs/react-dom-client.development.js:6993:30)
      at node_modules/.pnpm/react-dom@19.2.3_react@19.2.3/node_modules/react-dom/cjs/react-dom-client.development.js:7098:33
      at reconcileChildren (node_modules/.pnpm/react-dom@19.2.3_react@19.2.3/node_modules/react-dom/cjs/react-dom-client.development.js:9701:13)
      at updateForwardRef (node_modules/.pnpm/react-dom@19.2.3_react@19.2.3/node_modules/react-dom/cjs/react-dom-client.development.js:9740:7)
      at beginWork (node_modules/.pnpm/react-dom@19.2.3_react@19.2.3/node_modules/react-dom/cjs/react-dom-client.development.js:12117:18)
      at runWithFiberInDEV (node_modules/.pnpm/react-dom@19.2.3_react@19.2.3/node_modules/react-dom/cjs/react-dom-client.development.js:874:13)
      at performUnitOfWork (node_modules/.pnpm/react-dom@19.2.3_react@19.2.3/node_modules/react-dom/cjs/react-dom-client.development.js:17641:22)
      at workLoopSync (node_modules/.pnpm/react-dom@19.2.3_react@19.2.3/node_modules/react-dom/cjs/react-dom-client.development.js:17469:41)
      at renderRootSync (node_modules/.pnpm/react-dom@19.2.3_react@19.2.3/node_modules/react-dom/cjs/react-dom-client.development.js:17450:11)
      at performWorkOnRoot (node_modules/.pnpm/react-dom@19.2.3_react@19.2.3/node_modules/react-dom/cjs/react-dom-client.development.js:16583:35)
      at performWorkOnRootViaSchedulerTask (node_modules/.pnpm/react-dom@19.2.3_react@19.2.3/node_modules/react-dom/cjs/react-dom-client.development.js:18957:7)
      at flushActQueue (node_modules/.pnpm/react@19.2.3/node_modules/react/cjs/react.development.js:590:34)
      at process.env.NODE_ENV.exports.act (node_modules/.pnpm/react@19.2.3/node_modules/react/cjs/react.development.js:884:10)
      at node_modules/.pnpm/@testing-library+react@16.3.1_@testing-library+dom@10.4.1_@types+react-dom@19.2.3_@type_68c5b21a70acecf0fbbfd97f51128017/node_modules/@testing-library/react/dist/act-compat.js:46:25
      at renderRoot (node_modules/.pnpm/@testing-library+react@16.3.1_@testing-library+dom@10.4.1_@types+react-dom@19.2.3_@type_68c5b21a70acecf0fbbfd97f51128017/node_modules/@testing-library/react/dist/pure.js:189:26)
      at render (node_modules/.pnpm/@testing-library+react@16.3.1_@testing-library+dom@10.4.1_@types+react-dom@19.2.3_@type_68c5b21a70acecf0fbbfd97f51128017/node_modules/@testing-library/react/dist/pure.js:291:10)
      at renderWithProviders (__tests__/pages/home-page.test.tsx:59:16)
      at Object.<anonymous> (__tests__/pages/home-page.test.tsx:190:5)

  ● HomePage › renders getting started steps

    Element type is invalid: expected a string (for built-in components) or a class/function (for composite components) but got: object.

    Check the render method of `MuiButtonBaseRoot`.

      57 |
      58 | function renderWithProviders(component: React.ReactElement) {
    > 59 |   return render(component);
         |                ^
      60 | }
      61 |
      62 | describe("HomePage", () => {

      at createFiberFromTypeAndProps (node_modules/.pnpm/react-dom@19.2.3_react@19.2.3/node_modules/react-dom/cjs/react-dom-client.development.js:5021:28)
      at createFiberFromElement (node_modules/.pnpm/react-dom@19.2.3_react@19.2.3/node_modules/react-dom/cjs/react-dom-client.development.js:5035:14)
      at createChild (node_modules/.pnpm/react-dom@19.2.3_react@19.2.3/node_modules/react-dom/cjs/react-dom-client.development.js:6338:26)
      at reconcileChildrenArray (node_modules/.pnpm/react-dom@19.2.3_react@19.2.3/node_modules/react-dom/cjs/react-dom-client.development.js:6670:25)
      at reconcileChildFibersImpl (node_modules/.pnpm/react-dom@19.2.3_react@19.2.3/node_modules/react-dom/cjs/react-dom-client.development.js:6993:30)
      at node_modules/.pnpm/react-dom@19.2.3_react@19.2.3/node_modules/react-dom/cjs/react-dom-client.development.js:7098:33
      at reconcileChildren (node_modules/.pnpm/react-dom@19.2.3_react@19.2.3/node_modules/react-dom/cjs/react-dom-client.development.js:9701:13)
      at updateForwardRef (node_modules/.pnpm/react-dom@19.2.3_react@19.2.3/node_modules/react-dom/cjs/react-dom-client.development.js:9740:7)
      at beginWork (node_modules/.pnpm/react-dom@19.2.3_react@19.2.3/node_modules/react-dom/cjs/react-dom-client.development.js:12117:18)
      at runWithFiberInDEV (node_modules/.pnpm/react-dom@19.2.3_react@19.2.3/node_modules/react-dom/cjs/react-dom-client.development.js:874:13)
      at performUnitOfWork (node_modules/.pnpm/react-dom@19.2.3_react@19.2.3/node_modules/react-dom/cjs/react-dom-client.development.js:17641:22)
      at workLoopSync (node_modules/.pnpm/react-dom@19.2.3_react@19.2.3/node_modules/react-dom/cjs/react-dom-client.development.js:17469:41)
      at renderRootSync (node_modules/.pnpm/react-dom@19.2.3_react@19.2.3/node_modules/react-dom/cjs/react-dom-client.development.js:17450:11)
      at performWorkOnRoot (node_modules/.pnpm/react-dom@19.2.3_react@19.2.3/node_modules/react-dom/cjs/react-dom-client.development.js:16583:35)
      at performWorkOnRootViaSchedulerTask (node_modules/.pnpm/react-dom@19.2.3_react@19.2.3/node_modules/react-dom/cjs/react-dom-client.development.js:18957:7)
      at flushActQueue (node_modules/.pnpm/react@19.2.3/node_modules/react/cjs/react.development.js:590:34)
      at process.env.NODE_ENV.exports.act (node_modules/.pnpm/react@19.2.3/node_modules/react/cjs/react.development.js:884:10)
      at node_modules/.pnpm/@testing-library+react@16.3.1_@testing-library+dom@10.4.1_@types+react-dom@19.2.3_@type_68c5b21a70acecf0fbbfd97f51128017/node_modules/@testing-library/react/dist/act-compat.js:46:25
      at renderRoot (node_modules/.pnpm/@testing-library+react@16.3.1_@testing-library+dom@10.4.1_@types+react-dom@19.2.3_@type_68c5b21a70acecf0fbbfd97f51128017/node_modules/@testing-library/react/dist/pure.js:189:26)
      at render (node_modules/.pnpm/@testing-library+react@16.3.1_@testing-library+dom@10.4.1_@types+react-dom@19.2.3_@type_68c5b21a70acecf0fbbfd97f51128017/node_modules/@testing-library/react/dist/pure.js:291:10)
      at renderWithProviders (__tests__/pages/home-page.test.tsx:59:16)
      at Object.<anonymous> (__tests__/pages/home-page.test.tsx:197:5)

  ● HomePage › renders 'View Documentation' button

    Element type is invalid: expected a string (for built-in components) or a class/function (for composite components) but got: object.

    Check the render method of `MuiButtonBaseRoot`.

      57 |
      58 | function renderWithProviders(component: React.ReactElement) {
    > 59 |   return render(component);
         |                ^
      60 | }
      61 |
      62 | describe("HomePage", () => {

      at createFiberFromTypeAndProps (node_modules/.pnpm/react-dom@19.2.3_react@19.2.3/node_modules/react-dom/cjs/react-dom-client.development.js:5021:28)
      at createFiberFromElement (node_modules/.pnpm/react-dom@19.2.3_react@19.2.3/node_modules/react-dom/cjs/react-dom-client.development.js:5035:14)
      at createChild (node_modules/.pnpm/react-dom@19.2.3_react@19.2.3/node_modules/react-dom/cjs/react-dom-client.development.js:6338:26)
      at reconcileChildrenArray (node_modules/.pnpm/react-dom@19.2.3_react@19.2.3/node_modules/react-dom/cjs/react-dom-client.development.js:6670:25)
      at reconcileChildFibersImpl (node_modules/.pnpm/react-dom@19.2.3_react@19.2.3/node_modules/react-dom/cjs/react-dom-client.development.js:6993:30)
      at node_modules/.pnpm/react-dom@19.2.3_react@19.2.3/node_modules/react-dom/cjs/react-dom-client.development.js:7098:33
      at reconcileChildren (node_modules/.pnpm/react-dom@19.2.3_react@19.2.3/node_modules/react-dom/cjs/react-dom-client.development.js:9701:13)
      at updateForwardRef (node_modules/.pnpm/react-dom@19.2.3_react@19.2.3/node_modules/react-dom/cjs/react-dom-client.development.js:9740:7)
      at beginWork (node_modules/.pnpm/react-dom@19.2.3_react@19.2.3/node_modules/react-dom/cjs/react-dom-client.development.js:12117:18)
      at runWithFiberInDEV (node_modules/.pnpm/react-dom@19.2.3_react@19.2.3/node_modules/react-dom/cjs/react-dom-client.development.js:874:13)
      at performUnitOfWork (node_modules/.pnpm/react-dom@19.2.3_react@19.2.3/node_modules/react-dom/cjs/react-dom-client.development.js:17641:22)
      at workLoopSync (node_modules/.pnpm/react-dom@19.2.3_react@19.2.3/node_modules/react-dom/cjs/react-dom-client.development.js:17469:41)
      at renderRootSync (node_modules/.pnpm/react-dom@19.2.3_react@19.2.3/node_modules/react-dom/cjs/react-dom-client.development.js:17450:11)
      at performWorkOnRoot (node_modules/.pnpm/react-dom@19.2.3_react@19.2.3/node_modules/react-dom/cjs/react-dom-client.development.js:16583:35)
      at performWorkOnRootViaSchedulerTask (node_modules/.pnpm/react-dom@19.2.3_react@19.2.3/node_modules/react-dom/cjs/react-dom-client.development.js:18957:7)
      at flushActQueue (node_modules/.pnpm/react@19.2.3/node_modules/react/cjs/react.development.js:590:34)
      at process.env.NODE_ENV.exports.act (node_modules/.pnpm/react@19.2.3/node_modules/react/cjs/react.development.js:884:10)
      at node_modules/.pnpm/@testing-library+react@16.3.1_@testing-library+dom@10.4.1_@types+react-dom@19.2.3_@type_68c5b21a70acecf0fbbfd97f51128017/node_modules/@testing-library/react/dist/act-compat.js:46:25
      at renderRoot (node_modules/.pnpm/@testing-library+react@16.3.1_@testing-library+dom@10.4.1_@types+react-dom@19.2.3_@type_68c5b21a70acecf0fbbfd97f51128017/node_modules/@testing-library/react/dist/pure.js:189:26)
      at render (node_modules/.pnpm/@testing-library+react@16.3.1_@testing-library+dom@10.4.1_@types+react-dom@19.2.3_@type_68c5b21a70acecf0fbbfd97f51128017/node_modules/@testing-library/react/dist/pure.js:291:10)
      at renderWithProviders (__tests__/pages/home-page.test.tsx:59:16)
      at Object.<anonymous> (__tests__/pages/home-page.test.tsx:209:5)

  ● HomePage › 'View Documentation' button links to /docs

    Element type is invalid: expected a string (for built-in components) or a class/function (for composite components) but got: object.

    Check the render method of `MuiButtonBaseRoot`.

      57 |
      58 | function renderWithProviders(component: React.ReactElement) {
    > 59 |   return render(component);
         |                ^
      60 | }
      61 |
      62 | describe("HomePage", () => {

      at createFiberFromTypeAndProps (node_modules/.pnpm/react-dom@19.2.3_react@19.2.3/node_modules/react-dom/cjs/react-dom-client.development.js:5021:28)
      at createFiberFromElement (node_modules/.pnpm/react-dom@19.2.3_react@19.2.3/node_modules/react-dom/cjs/react-dom-client.development.js:5035:14)
      at createChild (node_modules/.pnpm/react-dom@19.2.3_react@19.2.3/node_modules/react-dom/cjs/react-dom-client.development.js:6338:26)
      at reconcileChildrenArray (node_modules/.pnpm/react-dom@19.2.3_react@19.2.3/node_modules/react-dom/cjs/react-dom-client.development.js:6670:25)
      at reconcileChildFibersImpl (node_modules/.pnpm/react-dom@19.2.3_react@19.2.3/node_modules/react-dom/cjs/react-dom-client.development.js:6993:30)
      at node_modules/.pnpm/react-dom@19.2.3_react@19.2.3/node_modules/react-dom/cjs/react-dom-client.development.js:7098:33
      at reconcileChildren (node_modules/.pnpm/react-dom@19.2.3_react@19.2.3/node_modules/react-dom/cjs/react-dom-client.development.js:9701:13)
      at updateForwardRef (node_modules/.pnpm/react-dom@19.2.3_react@19.2.3/node_modules/react-dom/cjs/react-dom-client.development.js:9740:7)
      at beginWork (node_modules/.pnpm/react-dom@19.2.3_react@19.2.3/node_modules/react-dom/cjs/react-dom-client.development.js:12117:18)
      at runWithFiberInDEV (node_modules/.pnpm/react-dom@19.2.3_react@19.2.3/node_modules/react-dom/cjs/react-dom-client.development.js:874:13)
      at performUnitOfWork (node_modules/.pnpm/react-dom@19.2.3_react@19.2.3/node_modules/react-dom/cjs/react-dom-client.development.js:17641:22)
      at workLoopSync (node_modules/.pnpm/react-dom@19.2.3_react@19.2.3/node_modules/react-dom/cjs/react-dom-client.development.js:17469:41)
      at renderRootSync (node_modules/.pnpm/react-dom@19.2.3_react@19.2.3/node_modules/react-dom/cjs/react-dom-client.development.js:17450:11)
      at performWorkOnRoot (node_modules/.pnpm/react-dom@19.2.3_react@19.2.3/node_modules/react-dom/cjs/react-dom-client.development.js:16583:35)
      at performWorkOnRootViaSchedulerTask (node_modules/.pnpm/react-dom@19.2.3_react@19.2.3/node_modules/react-dom/cjs/react-dom-client.development.js:18957:7)
      at flushActQueue (node_modules/.pnpm/react@19.2.3/node_modules/react/cjs/react.development.js:590:34)
      at process.env.NODE_ENV.exports.act (node_modules/.pnpm/react@19.2.3/node_modules/react/cjs/react.development.js:884:10)
      at node_modules/.pnpm/@testing-library+react@16.3.1_@testing-library+dom@10.4.1_@types+react-dom@19.2.3_@type_68c5b21a70acecf0fbbfd97f51128017/node_modules/@testing-library/react/dist/act-compat.js:46:25
      at renderRoot (node_modules/.pnpm/@testing-library+react@16.3.1_@testing-library+dom@10.4.1_@types+react-dom@19.2.3_@type_68c5b21a70acecf0fbbfd97f51128017/node_modules/@testing-library/react/dist/pure.js:189:26)
      at render (node_modules/.pnpm/@testing-library+react@16.3.1_@testing-library+dom@10.4.1_@types+react-dom@19.2.3_@type_68c5b21a70acecf0fbbfd97f51128017/node_modules/@testing-library/react/dist/pure.js:291:10)
      at renderWithProviders (__tests__/pages/home-page.test.tsx:59:16)
      at Object.<anonymous> (__tests__/pages/home-page.test.tsx:215:5)

  ● HomePage › renders feature cards with correct links

    Element type is invalid: expected a string (for built-in components) or a class/function (for composite components) but got: object.

    Check the render method of `MuiButtonBaseRoot`.

      57 |
      58 | function renderWithProviders(component: React.ReactElement) {
    > 59 |   return render(component);
         |                ^
      60 | }
      61 |
      62 | describe("HomePage", () => {

      at createFiberFromTypeAndProps (node_modules/.pnpm/react-dom@19.2.3_react@19.2.3/node_modules/react-dom/cjs/react-dom-client.development.js:5021:28)
      at createFiberFromElement (node_modules/.pnpm/react-dom@19.2.3_react@19.2.3/node_modules/react-dom/cjs/react-dom-client.development.js:5035:14)
      at createChild (node_modules/.pnpm/react-dom@19.2.3_react@19.2.3/node_modules/react-dom/cjs/react-dom-client.development.js:6338:26)
      at reconcileChildrenArray (node_modules/.pnpm/react-dom@19.2.3_react@19.2.3/node_modules/react-dom/cjs/react-dom-client.development.js:6670:25)
      at reconcileChildFibersImpl (node_modules/.pnpm/react-dom@19.2.3_react@19.2.3/node_modules/react-dom/cjs/react-dom-client.development.js:6993:30)
      at node_modules/.pnpm/react-dom@19.2.3_react@19.2.3/node_modules/react-dom/cjs/react-dom-client.development.js:7098:33
      at reconcileChildren (node_modules/.pnpm/react-dom@19.2.3_react@19.2.3/node_modules/react-dom/cjs/react-dom-client.development.js:9701:13)
      at updateForwardRef (node_modules/.pnpm/react-dom@19.2.3_react@19.2.3/node_modules/react-dom/cjs/react-dom-client.development.js:9740:7)
      at beginWork (node_modules/.pnpm/react-dom@19.2.3_react@19.2.3/node_modules/react-dom/cjs/react-dom-client.development.js:12117:18)
      at runWithFiberInDEV (node_modules/.pnpm/react-dom@19.2.3_react@19.2.3/node_modules/react-dom/cjs/react-dom-client.development.js:874:13)
      at performUnitOfWork (node_modules/.pnpm/react-dom@19.2.3_react@19.2.3/node_modules/react-dom/cjs/react-dom-client.development.js:17641:22)
      at workLoopSync (node_modules/.pnpm/react-dom@19.2.3_react@19.2.3/node_modules/react-dom/cjs/react-dom-client.development.js:17469:41)
      at renderRootSync (node_modules/.pnpm/react-dom@19.2.3_react@19.2.3/node_modules/react-dom/cjs/react-dom-client.development.js:17450:11)
      at performWorkOnRoot (node_modules/.pnpm/react-dom@19.2.3_react@19.2.3/node_modules/react-dom/cjs/react-dom-client.development.js:16583:35)
      at performWorkOnRootViaSchedulerTask (node_modules/.pnpm/react-dom@19.2.3_react@19.2.3/node_modules/react-dom/cjs/react-dom-client.development.js:18957:7)
      at flushActQueue (node_modules/.pnpm/react@19.2.3/node_modules/react/cjs/react.development.js:590:34)
      at process.env.NODE_ENV.exports.act (node_modules/.pnpm/react@19.2.3/node_modules/react/cjs/react.development.js:884:10)
      at node_modules/.pnpm/@testing-library+react@16.3.1_@testing-library+dom@10.4.1_@types+react-dom@19.2.3_@type_68c5b21a70acecf0fbbfd97f51128017/node_modules/@testing-library/react/dist/act-compat.js:46:25
      at renderRoot (node_modules/.pnpm/@testing-library+react@16.3.1_@testing-library+dom@10.4.1_@types+react-dom@19.2.3_@type_68c5b21a70acecf0fbbfd97f51128017/node_modules/@testing-library/react/dist/pure.js:189:26)
      at render (node_modules/.pnpm/@testing-library+react@16.3.1_@testing-library+dom@10.4.1_@types+react-dom@19.2.3_@type_68c5b21a70acecf0fbbfd97f51128017/node_modules/@testing-library/react/dist/pure.js:291:10)
      at renderWithProviders (__tests__/pages/home-page.test.tsx:59:16)
      at Object.<anonymous> (__tests__/pages/home-page.test.tsx:221:5)

  ● HomePage › renders rocket icon

    Element type is invalid: expected a string (for built-in components) or a class/function (for composite components) but got: object.

    Check the render method of `MuiButtonBaseRoot`.

      57 |
      58 | function renderWithProviders(component: React.ReactElement) {
    > 59 |   return render(component);
         |                ^
      60 | }
      61 |
      62 | describe("HomePage", () => {

      at createFiberFromTypeAndProps (node_modules/.pnpm/react-dom@19.2.3_react@19.2.3/node_modules/react-dom/cjs/react-dom-client.development.js:5021:28)
      at createFiberFromElement (node_modules/.pnpm/react-dom@19.2.3_react@19.2.3/node_modules/react-dom/cjs/react-dom-client.development.js:5035:14)
      at createChild (node_modules/.pnpm/react-dom@19.2.3_react@19.2.3/node_modules/react-dom/cjs/react-dom-client.development.js:6338:26)
      at reconcileChildrenArray (node_modules/.pnpm/react-dom@19.2.3_react@19.2.3/node_modules/react-dom/cjs/react-dom-client.development.js:6670:25)
      at reconcileChildFibersImpl (node_modules/.pnpm/react-dom@19.2.3_react@19.2.3/node_modules/react-dom/cjs/react-dom-client.development.js:6993:30)
      at node_modules/.pnpm/react-dom@19.2.3_react@19.2.3/node_modules/react-dom/cjs/react-dom-client.development.js:7098:33
      at reconcileChildren (node_modules/.pnpm/react-dom@19.2.3_react@19.2.3/node_modules/react-dom/cjs/react-dom-client.development.js:9701:13)
      at updateForwardRef (node_modules/.pnpm/react-dom@19.2.3_react@19.2.3/node_modules/react-dom/cjs/react-dom-client.development.js:9740:7)
      at beginWork (node_modules/.pnpm/react-dom@19.2.3_react@19.2.3/node_modules/react-dom/cjs/react-dom-client.development.js:12117:18)
      at runWithFiberInDEV (node_modules/.pnpm/react-dom@19.2.3_react@19.2.3/node_modules/react-dom/cjs/react-dom-client.development.js:874:13)
      at performUnitOfWork (node_modules/.pnpm/react-dom@19.2.3_react@19.2.3/node_modules/react-dom/cjs/react-dom-client.development.js:17641:22)
      at workLoopSync (node_modules/.pnpm/react-dom@19.2.3_react@19.2.3/node_modules/react-dom/cjs/react-dom-client.development.js:17469:41)
      at renderRootSync (node_modules/.pnpm/react-dom@19.2.3_react@19.2.3/node_modules/react-dom/cjs/react-dom-client.development.js:17450:11)
      at performWorkOnRoot (node_modules/.pnpm/react-dom@19.2.3_react@19.2.3/node_modules/react-dom/cjs/react-dom-client.development.js:16583:35)
      at performWorkOnRootViaSchedulerTask (node_modules/.pnpm/react-dom@19.2.3_react@19.2.3/node_modules/react-dom/cjs/react-dom-client.development.js:18957:7)
      at flushActQueue (node_modules/.pnpm/react@19.2.3/node_modules/react/cjs/react.development.js:590:34)
      at process.env.NODE_ENV.exports.act (node_modules/.pnpm/react@19.2.3/node_modules/react/cjs/react.development.js:884:10)
      at node_modules/.pnpm/@testing-library+react@16.3.1_@testing-library+dom@10.4.1_@types+react-dom@19.2.3_@type_68c5b21a70acecf0fbbfd97f51128017/node_modules/@testing-library/react/dist/act-compat.js:46:25
      at renderRoot (node_modules/.pnpm/@testing-library+react@16.3.1_@testing-library+dom@10.4.1_@types+react-dom@19.2.3_@type_68c5b21a70acecf0fbbfd97f51128017/node_modules/@testing-library/react/dist/pure.js:189:26)
      at render (node_modules/.pnpm/@testing-library+react@16.3.1_@testing-library+dom@10.4.1_@types+react-dom@19.2.3_@type_68c5b21a70acecf0fbbfd97f51128017/node_modules/@testing-library/react/dist/pure.js:291:10)
      at renderWithProviders (__tests__/pages/home-page.test.tsx:59:16)
      at Object.<anonymous> (__tests__/pages/home-page.test.tsx:229:5)

  ● HomePage › has correct accessibility attributes

    Element type is invalid: expected a string (for built-in components) or a class/function (for composite components) but got: object.

    Check the render method of `MuiButtonBaseRoot`.

      57 |
      58 | function renderWithProviders(component: React.ReactElement) {
    > 59 |   return render(component);
         |                ^
      60 | }
      61 |
      62 | describe("HomePage", () => {

      at createFiberFromTypeAndProps (node_modules/.pnpm/react-dom@19.2.3_react@19.2.3/node_modules/react-dom/cjs/react-dom-client.development.js:5021:28)
      at createFiberFromElement (node_modules/.pnpm/react-dom@19.2.3_react@19.2.3/node_modules/react-dom/cjs/react-dom-client.development.js:5035:14)
      at createChild (node_modules/.pnpm/react-dom@19.2.3_react@19.2.3/node_modules/react-dom/cjs/react-dom-client.development.js:6338:26)
      at reconcileChildrenArray (node_modules/.pnpm/react-dom@19.2.3_react@19.2.3/node_modules/react-dom/cjs/react-dom-client.development.js:6670:25)
      at reconcileChildFibersImpl (node_modules/.pnpm/react-dom@19.2.3_react@19.2.3/node_modules/react-dom/cjs/react-dom-client.development.js:6993:30)
      at node_modules/.pnpm/react-dom@19.2.3_react@19.2.3/node_modules/react-dom/cjs/react-dom-client.development.js:7098:33
      at reconcileChildren (node_modules/.pnpm/react-dom@19.2.3_react@19.2.3/node_modules/react-dom/cjs/react-dom-client.development.js:9701:13)
      at updateForwardRef (node_modules/.pnpm/react-dom@19.2.3_react@19.2.3/node_modules/react-dom/cjs/react-dom-client.development.js:9740:7)
      at beginWork (node_modules/.pnpm/react-dom@19.2.3_react@19.2.3/node_modules/react-dom/cjs/react-dom-client.development.js:12117:18)
      at runWithFiberInDEV (node_modules/.pnpm/react-dom@19.2.3_react@19.2.3/node_modules/react-dom/cjs/react-dom-client.development.js:874:13)
      at performUnitOfWork (node_modules/.pnpm/react-dom@19.2.3_react@19.2.3/node_modules/react-dom/cjs/react-dom-client.development.js:17641:22)
      at workLoopSync (node_modules/.pnpm/react-dom@19.2.3_react@19.2.3/node_modules/react-dom/cjs/react-dom-client.development.js:17469:41)
      at renderRootSync (node_modules/.pnpm/react-dom@19.2.3_react@19.2.3/node_modules/react-dom/cjs/react-dom-client.development.js:17450:11)
      at performWorkOnRoot (node_modules/.pnpm/react-dom@19.2.3_react@19.2.3/node_modules/react-dom/cjs/react-dom-client.development.js:16583:35)
      at performWorkOnRootViaSchedulerTask (node_modules/.pnpm/react-dom@19.2.3_react@19.2.3/node_modules/react-dom/cjs/react-dom-client.development.js:18957:7)
      at flushActQueue (node_modules/.pnpm/react@19.2.3/node_modules/react/cjs/react.development.js:590:34)
      at process.env.NODE_ENV.exports.act (node_modules/.pnpm/react@19.2.3/node_modules/react/cjs/react.development.js:884:10)
      at node_modules/.pnpm/@testing-library+react@16.3.1_@testing-library+dom@10.4.1_@types+react-dom@19.2.3_@type_68c5b21a70acecf0fbbfd97f51128017/node_modules/@testing-library/react/dist/act-compat.js:46:25
      at renderRoot (node_modules/.pnpm/@testing-library+react@16.3.1_@testing-library+dom@10.4.1_@types+react-dom@19.2.3_@type_68c5b21a70acecf0fbbfd97f51128017/node_modules/@testing-library/react/dist/pure.js:189:26)
      at render (node_modules/.pnpm/@testing-library+react@16.3.1_@testing-library+dom@10.4.1_@types+react-dom@19.2.3_@type_68c5b21a70acecf0fbbfd97f51128017/node_modules/@testing-library/react/dist/pure.js:291:10)
      at renderWithProviders (__tests__/pages/home-page.test.tsx:59:16)
      at Object.<anonymous> (__tests__/pages/home-page.test.tsx:235:5)

FAIL src/config/monitoring.config.test.ts
  ● MonitoringConfig › MOCK_DATA Configuration › should enable mock fallback in development

    Cannot find module '../monitoring.config' from 'src/config/monitoring.config.test.ts'

       95 |       process.env.NODE_ENV = "development";
       96 |       jest.resetModules();
    >  97 |       const { MONITORING_CONFIG: reloadedConfig } = require("../monitoring.config");
          |                                                     ^
       98 |       expect(reloadedConfig.MOCK_DATA.ENABLE_FALLBACK).toBe(true);
       99 |     });
      100 |

      at Resolver._throwModNotFoundError (node_modules/.pnpm/jest-resolve@30.2.0/node_modules/jest-resolve/build/index.js:863:11)
      at Object.<anonymous> (src/config/monitoring.config.test.ts:97:53)

  ● MonitoringConfig › MOCK_DATA Configuration › should disable mock fallback in production

    Cannot find module '../monitoring.config' from 'src/config/monitoring.config.test.ts'

      102 |       process.env.NODE_ENV = "production";
      103 |       jest.resetModules();
    > 104 |       const { MONITORING_CONFIG: reloadedConfig } = require("../monitoring.config");
          |                                                     ^
      105 |       expect(reloadedConfig.MOCK_DATA.ENABLE_FALLBACK).toBe(false);
      106 |     });
      107 |

      at Resolver._throwModNotFoundError (node_modules/.pnpm/jest-resolve@30.2.0/node_modules/jest-resolve/build/index.js:863:11)
      at Object.<anonymous> (src/config/monitoring.config.test.ts:104:53)

  ● MonitoringConfig › Environment-Specific Behavior › should disable mock data fallback in production while requiring real data

    Cannot find module '../monitoring.config' from 'src/config/monitoring.config.test.ts'

      261 |       process.env.NODE_ENV = "production";
      262 |       jest.resetModules();
    > 263 |       const { MONITORING_CONFIG: reloadedConfig } = require("../monitoring.config");
          |                                                     ^
      264 |       expect(reloadedConfig.REQUIRE_REAL_DATA).toBe(true);
      265 |       expect(reloadedConfig.MOCK_DATA.ENABLE_FALLBACK).toBe(false);
      266 |     });

      at Resolver._throwModNotFoundError (node_modules/.pnpm/jest-resolve@30.2.0/node_modules/jest-resolve/build/index.js:863:11)
      at Object.<anonymous> (src/config/monitoring.config.test.ts:263:53)

  ● MonitoringConfig › Environment-Specific Behavior › should enable mock data fallback in non-production while not requiring real data

    Cannot find module '../monitoring.config' from 'src/config/monitoring.config.test.ts'

      269 |       process.env.NODE_ENV = "development";
      270 |       jest.resetModules();
    > 271 |       const { MONITORING_CONFIG: reloadedConfig } = require("../monitoring.config");
          |                                                     ^
      272 |       expect(reloadedConfig.REQUIRE_REAL_DATA).toBe(false);
      273 |       expect(reloadedConfig.MOCK_DATA.ENABLE_FALLBACK).toBe(true);
      274 |     });

      at Resolver._throwModNotFoundError (node_modules/.pnpm/jest-resolve@30.2.0/node_modules/jest-resolve/build/index.js:863:11)
      at Object.<anonymous> (src/config/monitoring.config.test.ts:271:53)

FAIL __tests__/services/api-service.test.ts
  ● api-service › getModels › should return models successfully

    TypeError: Cannot read properties of undefined (reading 'setModels')

      14 |     const response = await apiClient.get<ModelConfig[]>(`${this.baseUrl}/models`);
      15 |     if (response.success && response.data) {
    > 16 |       useStore.getState().setModels(response.data);
         |                          ^
      17 |       return response.data;
      18 |     }
      19 |     throw new Error(response.error?.message || "Failed to fetch models");

      at ApiService.getModels (src/services/api-service.ts:16:26)
      at Object.<anonymous> (__tests__/services/api-service.test.ts:44:22)

  ● api-service › loadModel › should load model successfully

    expect(received).toEqual(expected) // deep equality

    - Expected  - 0
    + Received  + 4

      Object {
    +   "data": Object {
          "id": "model1",
          "loaded": true,
    +   },
    +   "success": true,
    +   "timestamp": "2025-12-27T03:33:00.565Z",
      }

      84 |
      85 |       expect(mockApiClient.post).toHaveBeenCalledWith('/api/models/model1/load', { config: undefined });
    > 86 |       expect(result).toEqual(mockResponse.data);
         |                      ^
      87 |     });
      88 |
      89 |     it('should handle load errors', async () => {

      at Object.<anonymous> (__tests__/services/api-service.test.ts:86:22)

  ● api-service › loadModel › should handle load errors

    expect(received).rejects.toThrow()

    Received promise resolved instead of rejected
    Resolved to value: {"error": {"code": "404", "message": "Model not found"}, "success": false, "timestamp": "2025-12-27T03:33:00.580Z"}

       99 |       mockApiClient.post.mockResolvedValue(mockResponse);
      100 |
    > 101 |       await expect(apiService.loadModel('nonexistent')).rejects.toThrow('Model not found');
          |             ^
      102 |     });
      103 |   });
      104 |

      at expect (node_modules/.pnpm/expect@30.2.0/node_modules/expect/build/index.js:2116:15)
      at Object.<anonymous> (__tests__/services/api-service.test.ts:101:13)

  ● api-service › unloadModel › should unload model successfully

    expect(received).toEqual(expected) // deep equality

    - Expected  - 0
    + Received  + 4

      Object {
    +   "data": Object {
          "id": "model1",
          "unloaded": true,
    +   },
    +   "success": true,
    +   "timestamp": "2025-12-27T03:33:00.585Z",
      }

      116 |
      117 |       expect(mockApiClient.post).toHaveBeenCalledWith('/api/models/model1/unload');
    > 118 |       expect(result).toEqual(mockResponse.data);
          |                      ^
      119 |     });
      120 |
      121 |     it('should handle unload errors', async () => {

      at Object.<anonymous> (__tests__/services/api-service.test.ts:118:22)

  ● api-service › unloadModel › should handle unload errors

    expect(received).rejects.toThrow()

    Received promise resolved instead of rejected
    Resolved to value: {"error": {"code": "500", "message": "Unload failed"}, "success": false, "timestamp": "2025-12-27T03:33:00.592Z"}

      131 |       mockApiClient.post.mockResolvedValue(mockResponse);
      132 |
    > 133 |       await expect(apiService.unloadModel('model1')).rejects.toThrow('Unload failed');
          |             ^
      134 |     });
      135 |   });
      136 |

      at expect (node_modules/.pnpm/expect@30.2.0/node_modules/expect/build/index.js:2116:15)
      at Object.<anonymous> (__tests__/services/api-service.test.ts:133:13)

  ● api-service › getMetrics › should return metrics

    TypeError: Cannot read properties of undefined (reading 'setMetrics')

      77 |     const response = await apiClient.get<SystemMetrics>(`${this.baseUrl}/metrics`);
      78 |     if (response.success && response.data) {
    > 79 |       useStore.getState().setMetrics(response.data);
         |                          ^
      80 |       return response.data;
      81 |     }
      82 |     throw new Error(response.error?.message || "Failed to fetch metrics");

      at ApiService.getMetrics (src/services/api-service.ts:79:26)
      at Object.<anonymous> (__tests__/services/api-service.test.ts:193:22)

  ● api-service › getLogs › should return logs

    TypeError: Cannot read properties of undefined (reading 'setLogs')

       97 |     const response = await apiClient.get<LogEntry[]>(`${this.baseUrl}/logs`, { params });
       98 |     if (response.success && response.data) {
    >  99 |       useStore.getState().setLogs(response.data);
          |                          ^
      100 |       return response.data;
      101 |     }
      102 |     throw new Error(response.error?.message || "Failed to fetch logs");

      at ApiService.getLogs (src/services/api-service.ts:99:26)
      at Object.<anonymous> (__tests__/services/api-service.test.ts:227:22)

  ● api-service › updateSettings › should update settings

    TypeError: Cannot read properties of undefined (reading 'updateSettings')

      120 |     const response = await apiClient.put(`${this.baseUrl}/settings`, settings);
      121 |     if (response.success && response.data) {
    > 122 |       useStore.getState().updateSettings(response.data);
          |                          ^
      123 |       return response;
      124 |     }
      125 |     throw new Error(response.error?.message || "Failed to update settings");

      at ApiService.updateSettings (src/services/api-service.ts:122:26)
      at Object.<anonymous> (__tests__/services/api-service.test.ts:276:22)

  ● api-service › error handling › should handle timeout errors

    expect(received).rejects.toThrow()

    Received function did not throw

      311 |       mockApiClient.get.mockRejectedValue(timeoutError);
      312 |
    > 313 |       await expect(apiService.getModels()).rejects.toThrow();
          |                                                    ^
      314 |     });
      315 |   });
      316 |

      at Object.toThrow (node_modules/.pnpm/expect@30.2.0/node_modules/expect/build/index.js:2155:20)
      at Object.<anonymous> (__tests__/services/api-service.test.ts:313:52)

FAIL __tests__/utils/api-client.test.ts
  ● ApiClient › get › returns success response on successful request

    expect(received).toBe(expected) // Object.is equality

    Expected: true
    Received: false

      24 |       const { apiClient: freshClient } = await import('@/utils/api-client');
      25 |       const result = await freshClient.get('/test');
    > 26 |       expect(result.success).toBe(true);
         |                              ^
      27 |       expect(result.data).toEqual(mockData);
      28 |       expect(result.timestamp).toBeDefined();
      29 |       expect(mockGet).toHaveBeenCalledWith('/test', undefined);

      at Object.<anonymous> (__tests__/utils/api-client.test.ts:26:30)

  ● ApiClient › get › returns error response on network error

    expect(received).toBe(expected) // Object.is equality

    Expected: "NETWORK_ERROR"
    Received: "UNKNOWN_ERROR"

      39 |       const result = await freshClient.get('/test');
      40 |       expect(result.success).toBe(false);
    > 41 |       expect(result.error?.code).toBe('NETWORK_ERROR');
         |                                  ^
      42 |     });
      43 |
      44 |     it('returns error response on 404', async () => {

      at Object.<anonymous> (__tests__/utils/api-client.test.ts:41:34)

  ● ApiClient › get › returns error response on 404

    expect(received).toBe(expected) // Object.is equality

    Expected: "404"
    Received: "UNKNOWN_ERROR"

      54 |       const result = await freshClient.get('/test');
      55 |       expect(result.success).toBe(false);
    > 56 |       expect(result.error?.code).toBe('404');
         |                                  ^
      57 |     });
      58 |   });
      59 |

      at Object.<anonymous> (__tests__/utils/api-client.test.ts:56:34)

  ● ApiClient › post › returns success response on successful request

    expect(received).toBe(expected) // Object.is equality

    Expected: true
    Received: false

      68 |       const { apiClient: freshClient } = await import('@/utils/api-client');
      69 |       const result = await freshClient.post('/test', mockData);
    > 70 |       expect(result.success).toBe(true);
         |                              ^
      71 |       expect(result.data).toEqual(mockData);
      72 |       expect(result.timestamp).toBeDefined();
      73 |       expect(mockPost).toHaveBeenCalledWith('/test', mockData, undefined);

      at Object.<anonymous> (__tests__/utils/api-client.test.ts:70:30)

  ● ApiClient › post › handles network error

    expect(received).toBe(expected) // Object.is equality

    Expected: "NETWORK_ERROR"
    Received: "UNKNOWN_ERROR"

      83 |       const result = await freshClient.post('/test', {});
      84 |       expect(result.success).toBe(false);
    > 85 |       expect(result.error?.code).toBe('NETWORK_ERROR');
         |                                  ^
      86 |     });
      87 |   });
      88 |

      at Object.<anonymous> (__tests__/utils/api-client.test.ts:85:34)

  ● ApiClient › put › returns success response on successful request

    expect(received).toBe(expected) // Object.is equality

    Expected: true
    Received: false

       97 |       const { apiClient: freshClient } = await import('@/utils/api-client');
       98 |       const result = await freshClient.put('/test/123', mockData);
    >  99 |       expect(result.success).toBe(true);
          |                              ^
      100 |       expect(result.data).toEqual(mockData);
      101 |     });
      102 |   });

      at Object.<anonymous> (__tests__/utils/api-client.test.ts:99:30)

  ● ApiClient › delete › returns success response on successful request

    expect(received).toBe(expected) // Object.is equality

    Expected: true
    Received: false

      111 |       const { apiClient: freshClient } = await import('@/utils/api-client');
      112 |       const result = await freshClient.delete('/test/123');
    > 113 |       expect(result.success).toBe(true);
          |                              ^
      114 |       expect(result.data).toEqual({ deleted: true });
      115 |     });
      116 |   });

      at Object.<anonymous> (__tests__/utils/api-client.test.ts:113:30)

  ● ApiClient › patch › returns success response on successful request

    expect(received).toBe(expected) // Object.is equality

    Expected: true
    Received: false

      126 |       const { apiClient: freshClient } = await import('@/utils/api-client');
      127 |       const result = await freshClient.patch('/test/123', mockData);
    > 128 |       expect(result.success).toBe(true);
          |                              ^
      129 |       expect(result.data).toEqual(mockData);
      130 |     });
      131 |   });

      at Object.<anonymous> (__tests__/utils/api-client.test.ts:128:30)

FAIL __tests__/components/pages/ConfigurationPage.test.tsx
  ● ConfigurationPage › renders tabs correctly

    expect(received).toHaveLength(expected)

    Expected length: 2
    Received length: 1
    Received array:  [<button class="py-4 px-1 border-b-2 font-medium text-sm transition-colors border-transparent text-muted-foreground hover:text-foreground hover:border-border"><span class="mr-2">🤖</span>Model Default Parameters</button>]

      83 |
      84 |     expect(screen.getAllByText('General Settings')).toHaveLength(2);
    > 85 |     expect(screen.getAllByText('Model Default Parameters')).toHaveLength(2);
         |                                                             ^
      86 |   });
      87 |
      88 |   it('switches between tabs', () => {

      at Object.<anonymous> (__tests__/components/pages/ConfigurationPage.test.tsx:85:61)

  ● ConfigurationPage › toggles auto update checkbox

    TestingLibraryElementError: Unable to find a label with the text of: /auto update/i

    Ignored nodes: comments, script, style
    [36m<body>[39m
      [36m<div>[39m
        [36m<div[39m
          [33mclass[39m=[32m"max-w-6xl mx-auto p-6"[39m
        [36m>[39m
          [36m<h1[39m
            [33mclass[39m=[32m"text-3xl font-bold mb-8 text-foreground"[39m
          [36m>[39m
            [0mConfiguration[0m
          [36m</h1>[39m
          [36m<div[39m
            [33mclass[39m=[32m"mb-8"[39m
          [36m>[39m
            [36m<div[39m
              [33mclass[39m=[32m"border-b border-border"[39m
            [36m>[39m
              [36m<nav[39m
                [33mclass[39m=[32m"flex space-x-8"[39m
              [36m>[39m
                [36m<button[39m
                  [33mclass[39m=[32m"py-4 px-1 border-b-2 font-medium text-sm transition-colors border-primary text-primary"[39m
                [36m>[39m
                  [36m<span[39m
                    [33mclass[39m=[32m"mr-2"[39m
                  [36m>[39m
                    [0m⚙️[0m
                  [36m</span>[39m
                  [0mGeneral Settings[0m
                [36m</button>[39m
                [36m<button[39m
                  [33mclass[39m=[32m"py-4 px-1 border-b-2 font-medium text-sm transition-colors border-transparent text-muted-foreground hover:text-foreground hover:border-border"[39m
                [36m>[39m
                  [36m<span[39m
                    [33mclass[39m=[32m"mr-2"[39m
                  [36m>[39m
                    [0m🤖[0m
                  [36m</span>[39m
                  [0mModel Default Parameters[0m
                [36m</button>[39m
              [36m</nav>[39m
            [36m</div>[39m
          [36m</div>[39m
          [36m<div[39m
            [33mclass[39m=[32m"bg-card border border-border rounded-lg p-6 mb-8"[39m
          [36m>[39m
            [36m<h2[39m
              [33mclass[39m=[32m"text-xl font-semibold mb-6 text-foreground"[39m
            [36m>[39m
              [0mGeneral Settings[0m
            [36m</h2>[39m
            [36m<form>[39m
              [36m<div[39m
                [33mclass[39m=[32m"mb-4"[39m
              [36m>[39m
                [36m<input[39m
                  [33mclass[39m=[32m"border border-border rounded-md px-4 py-2 w-full bg-background text-foreground"[39m
                  [33mname[39m=[32m"basePath"[39m
                  [33mplaceholder[39m=[32m"Base path for models"[39m
                  [33mtype[39m=[32m"text"[39m
                  [33mvalue[39m=[32m"/home/user/models"[39m
                [36m/>[39m
              [36m</div>[39m
              [36m<div[39m
                [33mclass[39m=[32m"mb-4"[39m
              [36m>[39m
                [36m<input[39m
                  [33mclass[39m=[32m"border border-border rounded-md px-4 py-2 w-full bg-background text-foreground"[39m
                  [33mname[39m=[32m"logLevel"[39m
                  [33mplaceholder[39m=[32m"Log level (info, debug, error)"[39m
                  [33mtype[39m=[32m"text"[39m
                  [33mvalue[39m=[32m"info"[39m
                [36m/>[39m
              [36m</div>[39m
              [36m<div[39m
                [33mclass[39m=[32m"mb-4"[39m
              [36m>[39m
                [36m<input[39m
                  [33mclass[39m=[32m"border border-border rounded-md px-4 py-2 w-full bg-background text-foreground"[39m
                  [33mname[39m=[32m"maxConcurrentModels"[39m
                  [33mplaceholder[39m=[32m"Maximum concurrent models"[39m
                  [33mtype[39m=[32m"number"[39m
                  [33mvalue[39m=[32m"5"[39m
                [36m/>[39m
              [36m</div>[39m
              [36m<div[39m
                [33mclass[39m=[32m"mb-4"[39m
              [36m>[39m
                [36m<div[39m
                  [33mclass[39m=[32m"flex items-center gap-2"[39m
                [36m>[39m
                  [36m<input[39m
                    [33mchecked[39m=[32m""[39m
                    [33mclass[39m=[32m"mr-2"[39m
                    [33mname[39m=[32m"autoUpdate"[39m
                    [33mtype[39m=[32m"checkbox"[39m
                  [36m/>[39m
                  [36m<span[39m
                    [33mclass[39m=[32m"text-foreground"[39m
                  [36m>[39m
                    [0mAuto Update[0m
                  [36m</span>[39m
                [36m</div>[39m
              [36m</div>[39m
              [36m<div[39m
                [33mclass[39m=[32m"mb-4"[39m
              [36m>[39m
                [36m<div[39m
                  [33mclass[39m=[32m"flex items-center gap-2"[39m
                [36m>[39m
                  [36m<input[39m
                    [33mchecked[39m=[32m""[39m
                    [33mclass[39m=[32m"mr-2"[39m
                    [33mname[39m=[32m"notificationsEnabled"[39m
                    [33mtype[39m=[32m"checkbox"[39m
                  [36m/>[39m
                  [36m<span[39m
                    [33mclass[39m=[32m"text-foreground"[39m
                  [36m>[39m
                    [0mNotifications Enabled[0m
                  [36m</span>[39m
                [36m</div>[39m
              [36m</div>[39m
              [36m<button[39m
                [33mclass[39m=[32m"bg-primary text-primary-foreground hover:bg-primary/80 disabled:opacity-50 px-4 py-2 rounded-md transition-colors"[39m
              [36m>[39m
                [0mSave Configuration[0m
              [36m</button>[39m
            [36m</form>[39m
          [36m</div>[39m
        [36m</div>[39m
      [36m</div>[39m
    [36m</body>[39m

      130 |     render(<ConfigurationPage />);
      131 |
    > 132 |     const autoUpdateCheckbox = screen.getByLabelText(/auto update/i) as HTMLInputElement;
          |                                       ^
      133 |     expect(autoUpdateCheckbox.checked).toBe(true);
      134 |
      135 |     fireEvent.click(autoUpdateCheckbox);

      at Object.getElementError (node_modules/.pnpm/@testing-library+dom@10.4.1/node_modules/@testing-library/dom/dist/config.js:37:19)
      at getAllByLabelText (node_modules/.pnpm/@testing-library+dom@10.4.1/node_modules/@testing-library/dom/dist/queries/label-text.js:111:38)
      at node_modules/.pnpm/@testing-library+dom@10.4.1/node_modules/@testing-library/dom/dist/query-helpers.js:52:17
      at node_modules/.pnpm/@testing-library+dom@10.4.1/node_modules/@testing-library/dom/dist/query-helpers.js:95:19
      at Object.<anonymous> (__tests__/components/pages/ConfigurationPage.test.tsx:132:39)

  ● ConfigurationPage › toggles notifications enabled checkbox

    TestingLibraryElementError: Unable to find a label with the text of: /notifications enabled/i

    Ignored nodes: comments, script, style
    [36m<body>[39m
      [36m<div>[39m
        [36m<div[39m
          [33mclass[39m=[32m"max-w-6xl mx-auto p-6"[39m
        [36m>[39m
          [36m<h1[39m
            [33mclass[39m=[32m"text-3xl font-bold mb-8 text-foreground"[39m
          [36m>[39m
            [0mConfiguration[0m
          [36m</h1>[39m
          [36m<div[39m
            [33mclass[39m=[32m"mb-8"[39m
          [36m>[39m
            [36m<div[39m
              [33mclass[39m=[32m"border-b border-border"[39m
            [36m>[39m
              [36m<nav[39m
                [33mclass[39m=[32m"flex space-x-8"[39m
              [36m>[39m
                [36m<button[39m
                  [33mclass[39m=[32m"py-4 px-1 border-b-2 font-medium text-sm transition-colors border-primary text-primary"[39m
                [36m>[39m
                  [36m<span[39m
                    [33mclass[39m=[32m"mr-2"[39m
                  [36m>[39m
                    [0m⚙️[0m
                  [36m</span>[39m
                  [0mGeneral Settings[0m
                [36m</button>[39m
                [36m<button[39m
                  [33mclass[39m=[32m"py-4 px-1 border-b-2 font-medium text-sm transition-colors border-transparent text-muted-foreground hover:text-foreground hover:border-border"[39m
                [36m>[39m
                  [36m<span[39m
                    [33mclass[39m=[32m"mr-2"[39m
                  [36m>[39m
                    [0m🤖[0m
                  [36m</span>[39m
                  [0mModel Default Parameters[0m
                [36m</button>[39m
              [36m</nav>[39m
            [36m</div>[39m
          [36m</div>[39m
          [36m<div[39m
            [33mclass[39m=[32m"bg-card border border-border rounded-lg p-6 mb-8"[39m
          [36m>[39m
            [36m<h2[39m
              [33mclass[39m=[32m"text-xl font-semibold mb-6 text-foreground"[39m
            [36m>[39m
              [0mGeneral Settings[0m
            [36m</h2>[39m
            [36m<form>[39m
              [36m<div[39m
                [33mclass[39m=[32m"mb-4"[39m
              [36m>[39m
                [36m<input[39m
                  [33mclass[39m=[32m"border border-border rounded-md px-4 py-2 w-full bg-background text-foreground"[39m
                  [33mname[39m=[32m"basePath"[39m
                  [33mplaceholder[39m=[32m"Base path for models"[39m
                  [33mtype[39m=[32m"text"[39m
                  [33mvalue[39m=[32m"/home/user/models"[39m
                [36m/>[39m
              [36m</div>[39m
              [36m<div[39m
                [33mclass[39m=[32m"mb-4"[39m
              [36m>[39m
                [36m<input[39m
                  [33mclass[39m=[32m"border border-border rounded-md px-4 py-2 w-full bg-background text-foreground"[39m
                  [33mname[39m=[32m"logLevel"[39m
                  [33mplaceholder[39m=[32m"Log level (info, debug, error)"[39m
                  [33mtype[39m=[32m"text"[39m
                  [33mvalue[39m=[32m"info"[39m
                [36m/>[39m
              [36m</div>[39m
              [36m<div[39m
                [33mclass[39m=[32m"mb-4"[39m
              [36m>[39m
                [36m<input[39m
                  [33mclass[39m=[32m"border border-border rounded-md px-4 py-2 w-full bg-background text-foreground"[39m
                  [33mname[39m=[32m"maxConcurrentModels"[39m
                  [33mplaceholder[39m=[32m"Maximum concurrent models"[39m
                  [33mtype[39m=[32m"number"[39m
                  [33mvalue[39m=[32m"5"[39m
                [36m/>[39m
              [36m</div>[39m
              [36m<div[39m
                [33mclass[39m=[32m"mb-4"[39m
              [36m>[39m
                [36m<div[39m
                  [33mclass[39m=[32m"flex items-center gap-2"[39m
                [36m>[39m
                  [36m<input[39m
                    [33mchecked[39m=[32m""[39m
                    [33mclass[39m=[32m"mr-2"[39m
                    [33mname[39m=[32m"autoUpdate"[39m
                    [33mtype[39m=[32m"checkbox"[39m
                  [36m/>[39m
                  [36m<span[39m
                    [33mclass[39m=[32m"text-foreground"[39m
                  [36m>[39m
                    [0mAuto Update[0m
                  [36m</span>[39m
                [36m</div>[39m
              [36m</div>[39m
              [36m<div[39m
                [33mclass[39m=[32m"mb-4"[39m
              [36m>[39m
                [36m<div[39m
                  [33mclass[39m=[32m"flex items-center gap-2"[39m
                [36m>[39m
                  [36m<input[39m
                    [33mchecked[39m=[32m""[39m
                    [33mclass[39m=[32m"mr-2"[39m
                    [33mname[39m=[32m"notificationsEnabled"[39m
                    [33mtype[39m=[32m"checkbox"[39m
                  [36m/>[39m
                  [36m<span[39m
                    [33mclass[39m=[32m"text-foreground"[39m
                  [36m>[39m
                    [0mNotifications Enabled[0m
                  [36m</span>[39m
                [36m</div>[39m
              [36m</div>[39m
              [36m<button[39m
                [33mclass[39m=[32m"bg-primary text-primary-foreground hover:bg-primary/80 disabled:opacity-50 px-4 py-2 rounded-md transition-colors"[39m
              [36m>[39m
                [0mSave Configuration[0m
              [36m</button>[39m
            [36m</form>[39m
          [36m</div>[39m
        [36m</div>[39m
      [36m</div>[39m
    [36m</body>[39m

      141 |     render(<ConfigurationPage />);
      142 |
    > 143 |     const notificationsCheckbox = screen.getByLabelText(/notifications enabled/i) as HTMLInputElement;
          |                                          ^
      144 |     expect(notificationsCheckbox.checked).toBe(true);
      145 |
      146 |     fireEvent.click(notificationsCheckbox);

      at Object.getElementError (node_modules/.pnpm/@testing-library+dom@10.4.1/node_modules/@testing-library/dom/dist/config.js:37:19)
      at getAllByLabelText (node_modules/.pnpm/@testing-library+dom@10.4.1/node_modules/@testing-library/dom/dist/queries/label-text.js:111:38)
      at node_modules/.pnpm/@testing-library+dom@10.4.1/node_modules/@testing-library/dom/dist/query-helpers.js:52:17
      at node_modules/.pnpm/@testing-library+dom@10.4.1/node_modules/@testing-library/dom/dist/query-helpers.js:95:19
      at Object.<anonymous> (__tests__/components/pages/ConfigurationPage.test.tsx:143:42)

  ● ConfigurationPage › disables save button while saving

    expect(element).toBeDisabled()

    Received element is not disabled:
      <button class="bg-primary text-primary-foreground hover:bg-primary/80 disabled:opacity-50 px-4 py-2 rounded-md transition-colors" />

    Ignored nodes: comments, script, style
    [36m<html>[39m
      [36m<head />[39m
      [36m<body>[39m
        [36m<div>[39m
          [36m<div[39m
            [33mclass[39m=[32m"max-w-6xl mx-auto p-6"[39m
          [36m>[39m
            [36m<h1[39m
              [33mclass[39m=[32m"text-3xl font-bold mb-8 text-foreground"[39m
            [36m>[39m
              [0mConfiguration[0m
            [36m</h1>[39m
            [36m<div[39m
              [33mclass[39m=[32m"mb-8"[39m
            [36m>[39m
              [36m<div[39m
                [33mclass[39m=[32m"border-b border-border"[39m
              [36m>[39m
                [36m<nav[39m
                  [33mclass[39m=[32m"flex space-x-8"[39m
                [36m>[39m
                  [36m<button[39m
                    [33mclass[39m=[32m"py-4 px-1 border-b-2 font-medium text-sm transition-colors border-primary text-primary"[39m
                  [36m>[39m
                    [36m<span[39m
                      [33mclass[39m=[32m"mr-2"[39m
                    [36m>[39m
                      [0m⚙️[0m
                    [36m</span>[39m
                    [0mGeneral Settings[0m
                  [36m</button>[39m
                  [36m<button[39m
                    [33mclass[39m=[32m"py-4 px-1 border-b-2 font-medium text-sm transition-colors border-transparent text-muted-foreground hover:text-foreground hover:border-border"[39m
                  [36m>[39m
                    [36m<span[39m
                      [33mclass[39m=[32m"mr-2"[39m
                    [36m>[39m
                      [0m🤖[0m
                    [36m</span>[39m
                    [0mModel Default Parameters[0m
                  [36m</button>[39m
                [36m</nav>[39m
              [36m</div>[39m
            [36m</div>[39m
            [36m<div[39m
              [33mclass[39m=[32m"bg-card border border-border rounded-lg p-6 mb-8"[39m
            [36m>[39m
              [36m<h2[39m
                [33mclass[39m=[32m"text-xl font-semibold mb-6 text-foreground"[39m
              [36m>[39m
                [0mGeneral Settings[0m
              [36m</h2>[39m
              [36m<form>[39m
                [36m<div[39m
                  [33mclass[39m=[32m"mb-4"[39m
                [36m>[39m
                  [36m<input[39m
                    [33mclass[39m=[32m"border border-border rounded-md px-4 py-2 w-full bg-background text-foreground"[39m
                    [33mname[39m=[32m"basePath"[39m
                    [33mplaceholder[39m=[32m"Base path for models"[39m
                    [33mtype[39m=[32m"text"[39m
                    [33mvalue[39m=[32m"/home/user/models"[39m
                  [36m/>[39m
                [36m</div>[39m
                [36m<div[39m
                  [33mclass[39m=[32m"mb-4"[39m
                [36m>[39m
                  [36m<input[39m
                    [33mclass[39m=[32m"border border-border rounded-md px-4 py-2 w-full bg-background text-foreground"[39m
                    [33mname[39m=[32m"logLevel"[39m
                    [33mplaceholder[39m=[32m"Log level (info, debug, error)"[39m
                    [33mtype[39m=[32m"text"[39m
                    [33mvalue[39m=[32m"info"[39m
                  [36m/>[39m
                [36m</div>[39m
                [36m<div[39m
                  [33mclass[39m=[32m"mb-4"[39m
                [36m>[39m
                  [36m<input[39m
                    [33mclass[39m=[32m"border border-border rounded-md px-4 py-2 w-full bg-background text-foreground"[39m
                    [33mname[39m=[32m"maxConcurrentModels"[39m
                    [33mplaceholder[39m=[32m"Maximum concurrent models"[39m
                    [33mtype[39m=[32m"number"[39m
                    [33mvalue[39m=[32m"5"[39m
                  [36m/>[39m
                [36m</div>[39m
                [36m<div[39m
                  [33mclass[39m=[32m"mb-4"[39m
                [36m>[39m
                  [36m<div[39m
                    [33mclass[39m=[32m"flex items-center gap-2"[39m
                  [36m>[39m
                    [36m<input[39m
                      [33mchecked[39m=[32m""[39m
                      [33mclass[39m=[32m"mr-2"[39m
                      [33mname[39m=[32m"autoUpdate"[39m
                      [33mtype[39m=[32m"checkbox"[39m
                    [36m/>[39m
                    [36m<span[39m
                      [33mclass[39m=[32m"text-foreground"[39m
                    [36m>[39m
                      [0mAuto Update[0m
                    [36m</span>[39m
                  [36m</div>[39m
                [36m</div>[39m
                [36m<div[39m
                  [33mclass[39m=[32m"mb-4"[39m
                [36m>[39m
                  [36m<div[39m
                    [33mclass[39m=[32m"flex items-center gap-2"[39m
                  [36m>[39m
                    [36m<input[39m
                      [33mchecked[39m=[32m""[39m
                      [33mclass[39m=[32m"mr-2"[39m
                      [33mname[39m=[32m"notificationsEnabled"[39m
                      [33mtype[39m=[32m"checkbox"[39m
                    [36m/>[39m
                    [36m<span[39m
                      [33mclass[39m=[32m"text-foreground"[39m
                    [36m>[39m
                      [0mNotifications Enabled[0m
                    [36m</span>[39m
                  [36m</div>[39m
                [36m</div>[39m
                [36m<button[39m
                  [33mclass[39m=[32m"bg-primary text-primary-foreground hover:bg-primary/80 disabled:opacity-50 px-4 py-2 rounded-md transition-colors"[39m
                [36m>[39m
                  [0mSave Configuration[0m
                [36m</button>[39m
                [36m<div[39m
                  [33mclass[39m=[32m"mt-4 p-3 rounded-md bg-warning text-white border border-warning"[39m
                [36m>[39m
                  [0mFailed to save configuration[0m
                [36m</div>[39m
              [36m</form>[39m
            [36m</div>[39m
          [36m</div>[39m
        [36m</div>[39m
      [36m</body>[39m
    [36m</html>[39m

      224 |
      225 |     await waitFor(() => {
    > 226 |       expect(saveButton).toBeDisabled();
          |                          ^
      227 |     });
      228 |   });
      229 |

      at __tests__/components/pages/ConfigurationPage.test.tsx:226:26
      at runWithExpensiveErrorDiagnosticsDisabled (node_modules/.pnpm/@testing-library+dom@10.4.1/node_modules/@testing-library/dom/dist/config.js:47:12)
      at checkCallback (node_modules/.pnpm/@testing-library+dom@10.4.1/node_modules/@testing-library/dom/dist/wait-for.js:124:77)
      at checkRealTimersCallback (node_modules/.pnpm/@testing-library+dom@10.4.1/node_modules/@testing-library/dom/dist/wait-for.js:118:16)
      at Timeout.task [as _onTimeout] (node_modules/.pnpm/jsdom@26.1.0/node_modules/jsdom/lib/jsdom/browser/Window.js:579:19)

  ● ConfigurationPage › displays saving text while saving

    Unable to find an element with the text: Saving.... This could be because the text is broken up by multiple elements. In this case, you can provide a function for your text matcher to make your matcher more flexible.

    Ignored nodes: comments, script, style
    [36m<body>[39m
      [36m<div>[39m
        [36m<div[39m
          [33mclass[39m=[32m"max-w-6xl mx-auto p-6"[39m
        [36m>[39m
          [36m<h1[39m
            [33mclass[39m=[32m"text-3xl font-bold mb-8 text-foreground"[39m
          [36m>[39m
            [0mConfiguration[0m
          [36m</h1>[39m
          [36m<div[39m
            [33mclass[39m=[32m"mb-8"[39m
          [36m>[39m
            [36m<div[39m
              [33mclass[39m=[32m"border-b border-border"[39m
            [36m>[39m
              [36m<nav[39m
                [33mclass[39m=[32m"flex space-x-8"[39m
              [36m>[39m
                [36m<button[39m
                  [33mclass[39m=[32m"py-4 px-1 border-b-2 font-medium text-sm transition-colors border-primary text-primary"[39m
                [36m>[39m
                  [36m<span[39m
                    [33mclass[39m=[32m"mr-2"[39m
                  [36m>[39m
                    [0m⚙️[0m
                  [36m</span>[39m
                  [0mGeneral Settings[0m
                [36m</button>[39m
                [36m<button[39m
                  [33mclass[39m=[32m"py-4 px-1 border-b-2 font-medium text-sm transition-colors border-transparent text-muted-foreground hover:text-foreground hover:border-border"[39m
                [36m>[39m
                  [36m<span[39m
                    [33mclass[39m=[32m"mr-2"[39m
                  [36m>[39m
                    [0m🤖[0m
                  [36m</span>[39m
                  [0mModel Default Parameters[0m
                [36m</button>[39m
              [36m</nav>[39m
            [36m</div>[39m
          [36m</div>[39m
          [36m<div[39m
            [33mclass[39m=[32m"bg-card border border-border rounded-lg p-6 mb-8"[39m
          [36m>[39m
            [36m<h2[39m
              [33mclass[39m=[32m"text-xl font-semibold mb-6 text-foreground"[39m
            [36m>[39m
              [0mGeneral Settings[0m
            [36m</h2>[39m
            [36m<form>[39m
              [36m<div[39m
                [33mclass[39m=[32m"mb-4"[39m
              [36m>[39m
                [36m<input[39m
                  [33mclass[39m=[32m"border border-border rounded-md px-4 py-2 w-full bg-background text-foreground"[39m
                  [33mname[39m=[32m"basePath"[39m
                  [33mplaceholder[39m=[32m"Base path for models"[39m
                  [33mtype[39m=[32m"text"[39m
                  [33mvalue[39m=[32m"/home/user/models"[39m
                [36m/>[39m
              [36m</div>[39m
              [36m<div[39m
                [33mclass[39m=[32m"mb-4"[39m
              [36m>[39m
                [36m<input[39m
                  [33mclass[39m=[32m"border border-border rounded-md px-4 py-2 w-full bg-background text-foreground"[39m
                  [33mname[39m=[32m"logLevel"[39m
                  [33mplaceholder[39m=[32m"Log level (info, debug, error)"[39m
                  [33mtype[39m=[32m"text"[39m
                  [33mvalue[39m=[32m"info"[39m
                [36m/>[39m
              [36m</div>[39m
              [36m<div[39m
                [33mclass[39m=[32m"mb-4"[39m
              [36m>[39m
                [36m<input[39m
                  [33mclass[39m=[32m"border border-border rounded-md px-4 py-2 w-full bg-background text-foreground"[39m
                  [33mname[39m=[32m"maxConcurrentModels"[39m
                  [33mplaceholder[39m=[32m"Maximum concurrent models"[39m
                  [33mtype[39m=[32m"number"[39m
                  [33mvalue[39m=[32m"5"[39m
                [36m/>[39m
              [36m</div>[39m
              [36m<div[39m
                [33mclass[39m=[32m"mb-4"[39m
              [36m>[39m
                [36m<div[39m
                  [33mclass[39m=[32m"flex items-center gap-2"[39m
                [36m>[39m
                  [36m<input[39m
                    [33mchecked[39m=[32m""[39m
                    [33mclass[39m=[32m"mr-2"[39m
                    [33mname[39m=[32m"autoUpdate"[39m
                    [33mtype[39m=[32m"checkbox"[39m
                  [36m/>[39m
                  [36m<span[39m
                    [33mclass[39m=[32m"text-foreground"[39m
                  [36m>[39m
                    [0mAuto Update[0m
                  [36m</span>[39m
                [36m</div>[39m
              [36m</div>[39m
              [36m<div[39m
                [33mclass[39m=[32m"mb-4"[39m
              [36m>[39m
                [36m<div[39m
                  [33mclass[39m=[32m"flex items-center gap-2"[39m
                [36m>[39m
                  [36m<input[39m
                    [33mchecked[39m=[32m""[39m
                    [33mclass[39m=[32m"mr-2"[39m
                    [33mname[39m=[32m"notificationsEnabled"[39m
                    [33mtype[39m=[32m"checkbox"[39m
                  [36m/>[39m
                  [36m<span[39m
                    [33mclass[39m=[32m"text-foreground"[39m
                  [36m>[39m
                    [0mNotifications Enabled[0m
                  [36m</span>[39m
                [36m</div>[39m
              [36m</div>[39m
              [36m<button[39m
                [33mclass[39m=[32m"bg-primary text-primary-foreground hover:bg-primary/80 disabled:opacity-50 px-4 py-2 rounded-md transition-colors"[39m
              [36m>[39m
                [0mSave Configuration[0m
              [36m</button>[39m
              [36m<div[39m
                [33mclass[39m=[32m"mt-4 p-3 rounded-md bg-warning text-white border border-warning"[39m
              [36m>[39m
                [0mFailed to save configuration[0m
              [36m</div>[39m
            [36m</form>[39m
          [36m</div>[39m
        [36m</div>[39m
      [36m</div>[39m
    [36m</body>[39m

      239 |     fireEvent.click(saveButton);
      240 |
    > 241 |     await waitFor(() => {
          |                  ^
      242 |       expect(screen.getByText('Saving...')).toBeInTheDocument();
      243 |     });
      244 |   });

      at waitForWrapper (node_modules/.pnpm/@testing-library+dom@10.4.1/node_modules/@testing-library/dom/dist/wait-for.js:163:27)
      at Object.<anonymous> (__tests__/components/pages/ConfigurationPage.test.tsx:241:18)

  ● ConfigurationPage › updates gpu layers

    TestingLibraryElementError: Found multiple elements with the display value: -1.

    Here are the matching elements:

    Ignored nodes: comments, script, style
    [36m<input[39m
      [33mclass[39m=[32m"w-full border border-border rounded-md px-3 py-2 bg-background text-foreground"[39m
      [33mtype[39m=[32m"number"[39m
      [33mvalue[39m=[32m"-1"[39m
    [36m/>[39m

    Ignored nodes: comments, script, style
    [36m<input[39m
      [33mclass[39m=[32m"w-full border border-border rounded-md px-3 py-2 bg-background text-foreground"[39m
      [33mtype[39m=[32m"number"[39m
      [33mvalue[39m=[32m"-1"[39m
    [36m/>[39m

    (If this is intentional, then use the `*AllBy*` variant of the query (like `queryAllByText`, `getAllByText`, or `findAllByText`)).

    Ignored nodes: comments, script, style
    [36m<body>[39m
      [36m<div>[39m
        [36m<div[39m
          [33mclass[39m=[32m"max-w-6xl mx-auto p-6"[39m
        [36m>[39m
          [36m<h1[39m
            [33mclass[39m=[32m"text-3xl font-bold mb-8 text-foreground"[39m
          [36m>[39m
            [0mConfiguration[0m
          [36m</h1>[39m
          [36m<div[39m
            [33mclass[39m=[32m"mb-8"[39m
          [36m>[39m
            [36m<div[39m
              [33mclass[39m=[32m"border-b border-border"[39m
            [36m>[39m
              [36m<nav[39m
                [33mclass[39m=[32m"flex space-x-8"[39m
              [36m>[39m
                [36m<button[39m
                  [33mclass[39m=[32m"py-4 px-1 border-b-2 font-medium text-sm transition-colors border-transparent text-muted-foreground hover:text-foreground hover:border-border"[39m
                [36m>[39m
                  [36m<span[39m
                    [33mclass[39m=[32m"mr-2"[39m
                  [36m>[39m
                    [0m⚙️[0m
                  [36m</span>[39m
                  [0mGeneral Settings[0m
                [36m</button>[39m
                [36m<button[39m
                  [33mclass[39m=[32m"py-4 px-1 border-b-2 font-medium text-sm transition-colors border-primary text-primary"[39m
                [36m>[39m
                  [36m<span[39m
                    [33mclass[39m=[32m"mr-2"[39m
                  [36m>[39m
                    [0m🤖[0m
                  [36m</span>[39m
                  [0mModel Default Parameters[0m
                [36m</button>[39m
              [36m</nav>[39m
            [36m</div>[39m
          [36m</div>[39m
          [36m<div[39m
            [33mclass[39m=[32m"bg-card border border-border rounded-lg p-6"[39m
          [36m>[39m
            [36m<h2[39m
              [33mclass[39m=[32m"text-xl font-semibold mb-6 text-foreground"[39m
            [36m>[39m
              [0mModel Default Parameters[0m
            [36m</h2>[39m
            [36m<div[39m
              [33mclass[39m=[32m"bg-card border border-border rounded-lg p-6"[39m
            [36m>[39m
              [36m<div[39m
                [33mclass[39m=[32m"grid grid-cols-1 md:grid-cols-2 lg:grid-cols-3 gap-6"[39m
              [36m>[39m
                [36m<div>[39m
                  [36m<label[39m
                    [33mclass[39m=[32m"block text-sm font-medium mb-2 text-foreground"[39m
                  [36m>[39m
                    [0mContext Size[0m
                  [36m</label>[39m
                  [36m<input[39m
                    [33mclass[39m=[32m"w-full border border-border rounded-md px-3 py-2 bg-background text-foreground"[39m
                    [33mmax[39m=[32m"2000000"[39m
                    [33mmin[39m=[32m"128"[39m
                    [33mtype[39m=[32m"number"[39m
                    [33mvalue[39m=[32m"4096"[39m
                  [36m/>[39m
                  [36m<p[39m
                    [33mclass[39m=[32m"text-xs text-muted-foreground mt-1"[39m
                  [36m>[39m
                    [0mMaximum tokens in context[0m
                  [36m</p>[39m
                [36m</div>[39m
                [36m<div>[39m
                  [36m<label[39m
                    [33mclass[39m=[32m"block text-sm font-medium mb-2 text-foreground"[39m
                  [36m>[39m
                    [0mBatch Size[0m
                  [36m</label>[39m
                  [36m<input[39m
                    [33mclass[39m=[32m"w-full border border-border rounded-md px-3 py-2 bg-background text-foreground"[39m
                    [33mmin[39m=[32m"1"[39m
                    [33mtype[39m=[32m"number"[39m
                    [33mvalue[39m=[32m"2048"[39m
                  [36m/>[39m
                  [36m<p[39m
                    [33mclass[39m=[32m"text-xs text-muted-foreground mt-1"[39m
                  [36m>[39m
                    [0mLogical batch size[0m
                  [36m</p>[39m
                [36m</div>[39m
                [36m<div>[39m
                  [36m<label[39m
                    [33mclass[39m=[32m"block text-sm font-medium mb-2 text-foreground"[39m
                  [36m>[39m
                    [0mTemperature[0m
                  [36m</label>[39m
                  [36m<input[39m
                    [33mclass[39m=[32m"w-full border border-border rounded-md px-3 py-2 bg-background text-foreground"[39m
                    [33mmax[39m=[32m"2"[39m
                    [33mmin[39m=[32m"0"[39m
                    [33mstep[39m=[32m"0.1"[39m
                    [33mtype[39m=[32m"number"[39m
                    [33mvalue[39m=[32m"0.8"[39m
                  [36m/>[39m
                  [36m<p[39m
                    [33mclass[39m=[32m"text-xs text-muted-foreground mt-1"[39m
                  [36m>[39m
                    [0mSampling temperature[0m
                  [36m</p>[39m
                [36m</div>[39m
                [36m<div>[39m
                  [36m<label[39m
                    [33mclass[39m=[32m"block text-sm font-medium mb-2 text-foreground"[39m
                  [36m>[39m
                    [0mTop P[0m
                  [36m</label>[39m
                  [36m<input[39m
                    [33mclass[39m=[32m"w-full border border-border rounded-md px-3 py-2 bg-background text-foreground"[39m
                    [33mmax[39m=[32m"1"[39m
                    [33mmin[39m=[32m"0"[39m
                    [33mstep[39m=[32m"0.05"[39m
                    [33mtype[39m=[32m"number"[39m
                    [33mvalue[39m=[32m"0.9"[39m
                  [36m/>[39m
                  [36m<p[39m
                    [33mclass[39m=[32m"text-xs text-muted-foreground mt-1"[39m
                  [36m>[39m
                    [0mNucleus sampling[0m
                  [36m</p>[39m
                [36m</div>[39m
                [36m<div>[39m
                  [36m<label[39m
                    [33mclass[39m=[32m"block text-sm font-medium mb-2 text-foreground"[39m
                  [36m>[39m
                    [0mTop K[0m
                  [36m</label>[39m
                  [36m<input[39m
                    [33mclass[39m=[32m"w-full border border-border rounded-md px-3 py-2 bg-background text-foreground"[39m
                    [33mmin[39m=[32m"0"[39m
                    [33mtype[39m=[32m"number"[39m
                    [33mvalue[39m=[32m"40"[39m
                  [36m/>[39m
                  [36m<p[39m
                    [33mclass[39m=[32m"text-xs text-muted-foreground mt-1"[39m
                  [36m>[39m
                    [0mTop-K sampling[0m
                  [36m</p>[39m
                [36m</div>[39m
                [36m<div>[39m
                  [36m<label[39m
                    [33mclass[39m=[32m"block text-sm font-medium mb-2 text-foreground"[39m
                  [36m>[39m
                    [0mGPU Layers[0m
                  [36m</label>[39m
                  [36m<input[39m
                    [33mclass[39m=[32m"w-full border border-border rounded-md px-3 py-2 bg-background text-foreground"[39m
                    [33mtype[39m=[32m"number"[39m
                    [33mvalue[39m=[32m"-1"[39m
                  [36m/>[39m
                  [36m<p[39m
                    [33mclass[39m=[32m"text-xs text-muted-foreground mt-1"[39m
                  [36m>[39m
                    [0mLayers on GPU (-1 = all)[0m
                  [36m</p>[39m
                [36m</div>[39m
                [36m<div>[39m
                  [36m<label[39m
                    [33mclass[39m=[32m"block text-sm font-medium mb-2 text-foreground"[39m
                  [36m>[39m
                    [0mCPU Threads[0m
                  [36m</label>[39m
                  [36m<input[39m
                    [33mclass[39m=[32m"w-full border border-border rounded-md px-3 py-2 bg-background text-foreground"[39m
                    [33mtype[39m=[32m"number"[39m
                    [33mvalue[39m=[32m"-1"[39m
                  [36m/>[39m
                  [36m<p[39m
                    [33mclass[39m=[32m"text-xs text-muted-foreground mt-1"[39m
                  [36m>[39m
                    [0mCPU threads (-1 = auto)[0m
                  [36m</p>[39m
                [36m</div>[39m
              [36m</div>[39m
              [36m<div[39m
                [33mclass[39m=[32m"mt-6"[39m
              [36m>[39m
                [36m<button[39m
                  [33mclass[39m=[32m"bg-primary text-primary-foreground hover:bg-primary/80 disabled:opacity-50 px-6 py-2 rounded-md transition-colors"[39m
                [36m>[39m
                  [0mSave Model Defaults[0m
                [36m</button>[39m
              [36m</div>[39m
            [36m</div>[39m
          [36m</div>[39m
        [36m</div>[39m
      [36m</div>[39m
    [36m</body>[39m

      317 |     fireEvent.click(modelDefaultsTab);
      318 |
    > 319 |     const gpuLayersInput = screen.getByDisplayValue('-1');
          |                                   ^
      320 |     fireEvent.change(gpuLayersInput, { target: { value: '35' } });
      321 |
      322 |     expect(gpuLayersInput).toHaveValue(35);

      at Object.getElementError (node_modules/.pnpm/@testing-library+dom@10.4.1/node_modules/@testing-library/dom/dist/config.js:37:19)
      at getElementError (node_modules/.pnpm/@testing-library+dom@10.4.1/node_modules/@testing-library/dom/dist/query-helpers.js:20:35)
      at getMultipleElementsFoundError (node_modules/.pnpm/@testing-library+dom@10.4.1/node_modules/@testing-library/dom/dist/query-helpers.js:23:10)
      at node_modules/.pnpm/@testing-library+dom@10.4.1/node_modules/@testing-library/dom/dist/query-helpers.js:55:13
      at node_modules/.pnpm/@testing-library+dom@10.4.1/node_modules/@testing-library/dom/dist/query-helpers.js:95:19
      at Object.<anonymous> (__tests__/components/pages/ConfigurationPage.test.tsx:319:35)

  ● ConfigurationPage › updates cpu threads

    TestingLibraryElementError: Found multiple elements with the display value: -1.

    Here are the matching elements:

    Ignored nodes: comments, script, style
    [36m<input[39m
      [33mclass[39m=[32m"w-full border border-border rounded-md px-3 py-2 bg-background text-foreground"[39m
      [33mtype[39m=[32m"number"[39m
      [33mvalue[39m=[32m"-1"[39m
    [36m/>[39m

    Ignored nodes: comments, script, style
    [36m<input[39m
      [33mclass[39m=[32m"w-full border border-border rounded-md px-3 py-2 bg-background text-foreground"[39m
      [33mtype[39m=[32m"number"[39m
      [33mvalue[39m=[32m"-1"[39m
    [36m/>[39m

    (If this is intentional, then use the `*AllBy*` variant of the query (like `queryAllByText`, `getAllByText`, or `findAllByText`)).

    Ignored nodes: comments, script, style
    [36m<body>[39m
      [36m<div>[39m
        [36m<div[39m
          [33mclass[39m=[32m"max-w-6xl mx-auto p-6"[39m
        [36m>[39m
          [36m<h1[39m
            [33mclass[39m=[32m"text-3xl font-bold mb-8 text-foreground"[39m
          [36m>[39m
            [0mConfiguration[0m
          [36m</h1>[39m
          [36m<div[39m
            [33mclass[39m=[32m"mb-8"[39m
          [36m>[39m
            [36m<div[39m
              [33mclass[39m=[32m"border-b border-border"[39m
            [36m>[39m
              [36m<nav[39m
                [33mclass[39m=[32m"flex space-x-8"[39m
              [36m>[39m
                [36m<button[39m
                  [33mclass[39m=[32m"py-4 px-1 border-b-2 font-medium text-sm transition-colors border-transparent text-muted-foreground hover:text-foreground hover:border-border"[39m
                [36m>[39m
                  [36m<span[39m
                    [33mclass[39m=[32m"mr-2"[39m
                  [36m>[39m
                    [0m⚙️[0m
                  [36m</span>[39m
                  [0mGeneral Settings[0m
                [36m</button>[39m
                [36m<button[39m
                  [33mclass[39m=[32m"py-4 px-1 border-b-2 font-medium text-sm transition-colors border-primary text-primary"[39m
                [36m>[39m
                  [36m<span[39m
                    [33mclass[39m=[32m"mr-2"[39m
                  [36m>[39m
                    [0m🤖[0m
                  [36m</span>[39m
                  [0mModel Default Parameters[0m
                [36m</button>[39m
              [36m</nav>[39m
            [36m</div>[39m
          [36m</div>[39m
          [36m<div[39m
            [33mclass[39m=[32m"bg-card border border-border rounded-lg p-6"[39m
          [36m>[39m
            [36m<h2[39m
              [33mclass[39m=[32m"text-xl font-semibold mb-6 text-foreground"[39m
            [36m>[39m
              [0mModel Default Parameters[0m
            [36m</h2>[39m
            [36m<div[39m
              [33mclass[39m=[32m"bg-card border border-border rounded-lg p-6"[39m
            [36m>[39m
              [36m<div[39m
                [33mclass[39m=[32m"grid grid-cols-1 md:grid-cols-2 lg:grid-cols-3 gap-6"[39m
              [36m>[39m
                [36m<div>[39m
                  [36m<label[39m
                    [33mclass[39m=[32m"block text-sm font-medium mb-2 text-foreground"[39m
                  [36m>[39m
                    [0mContext Size[0m
                  [36m</label>[39m
                  [36m<input[39m
                    [33mclass[39m=[32m"w-full border border-border rounded-md px-3 py-2 bg-background text-foreground"[39m
                    [33mmax[39m=[32m"2000000"[39m
                    [33mmin[39m=[32m"128"[39m
                    [33mtype[39m=[32m"number"[39m
                    [33mvalue[39m=[32m"4096"[39m
                  [36m/>[39m
                  [36m<p[39m
                    [33mclass[39m=[32m"text-xs text-muted-foreground mt-1"[39m
                  [36m>[39m
                    [0mMaximum tokens in context[0m
                  [36m</p>[39m
                [36m</div>[39m
                [36m<div>[39m
                  [36m<label[39m
                    [33mclass[39m=[32m"block text-sm font-medium mb-2 text-foreground"[39m
                  [36m>[39m
                    [0mBatch Size[0m
                  [36m</label>[39m
                  [36m<input[39m
                    [33mclass[39m=[32m"w-full border border-border rounded-md px-3 py-2 bg-background text-foreground"[39m
                    [33mmin[39m=[32m"1"[39m
                    [33mtype[39m=[32m"number"[39m
                    [33mvalue[39m=[32m"2048"[39m
                  [36m/>[39m
                  [36m<p[39m
                    [33mclass[39m=[32m"text-xs text-muted-foreground mt-1"[39m
                  [36m>[39m
                    [0mLogical batch size[0m
                  [36m</p>[39m
                [36m</div>[39m
                [36m<div>[39m
                  [36m<label[39m
                    [33mclass[39m=[32m"block text-sm font-medium mb-2 text-foreground"[39m
                  [36m>[39m
                    [0mTemperature[0m
                  [36m</label>[39m
                  [36m<input[39m
                    [33mclass[39m=[32m"w-full border border-border rounded-md px-3 py-2 bg-background text-foreground"[39m
                    [33mmax[39m=[32m"2"[39m
                    [33mmin[39m=[32m"0"[39m
                    [33mstep[39m=[32m"0.1"[39m
                    [33mtype[39m=[32m"number"[39m
                    [33mvalue[39m=[32m"0.8"[39m
                  [36m/>[39m
                  [36m<p[39m
                    [33mclass[39m=[32m"text-xs text-muted-foreground mt-1"[39m
                  [36m>[39m
                    [0mSampling temperature[0m
                  [36m</p>[39m
                [36m</div>[39m
                [36m<div>[39m
                  [36m<label[39m
                    [33mclass[39m=[32m"block text-sm font-medium mb-2 text-foreground"[39m
                  [36m>[39m
                    [0mTop P[0m
                  [36m</label>[39m
                  [36m<input[39m
                    [33mclass[39m=[32m"w-full border border-border rounded-md px-3 py-2 bg-background text-foreground"[39m
                    [33mmax[39m=[32m"1"[39m
                    [33mmin[39m=[32m"0"[39m
                    [33mstep[39m=[32m"0.05"[39m
                    [33mtype[39m=[32m"number"[39m
                    [33mvalue[39m=[32m"0.9"[39m
                  [36m/>[39m
                  [36m<p[39m
                    [33mclass[39m=[32m"text-xs text-muted-foreground mt-1"[39m
                  [36m>[39m
                    [0mNucleus sampling[0m
                  [36m</p>[39m
                [36m</div>[39m
                [36m<div>[39m
                  [36m<label[39m
                    [33mclass[39m=[32m"block text-sm font-medium mb-2 text-foreground"[39m
                  [36m>[39m
                    [0mTop K[0m
                  [36m</label>[39m
                  [36m<input[39m
                    [33mclass[39m=[32m"w-full border border-border rounded-md px-3 py-2 bg-background text-foreground"[39m
                    [33mmin[39m=[32m"0"[39m
                    [33mtype[39m=[32m"number"[39m
                    [33mvalue[39m=[32m"40"[39m
                  [36m/>[39m
                  [36m<p[39m
                    [33mclass[39m=[32m"text-xs text-muted-foreground mt-1"[39m
                  [36m>[39m
                    [0mTop-K sampling[0m
                  [36m</p>[39m
                [36m</div>[39m
                [36m<div>[39m
                  [36m<label[39m
                    [33mclass[39m=[32m"block text-sm font-medium mb-2 text-foreground"[39m
                  [36m>[39m
                    [0mGPU Layers[0m
                  [36m</label>[39m
                  [36m<input[39m
                    [33mclass[39m=[32m"w-full border border-border rounded-md px-3 py-2 bg-background text-foreground"[39m
                    [33mtype[39m=[32m"number"[39m
                    [33mvalue[39m=[32m"-1"[39m
                  [36m/>[39m
                  [36m<p[39m
                    [33mclass[39m=[32m"text-xs text-muted-foreground mt-1"[39m
                  [36m>[39m
                    [0mLayers on GPU (-1 = all)[0m
                  [36m</p>[39m
                [36m</div>[39m
                [36m<div>[39m
                  [36m<label[39m
                    [33mclass[39m=[32m"block text-sm font-medium mb-2 text-foreground"[39m
                  [36m>[39m
                    [0mCPU Threads[0m
                  [36m</label>[39m
                  [36m<input[39m
                    [33mclass[39m=[32m"w-full border border-border rounded-md px-3 py-2 bg-background text-foreground"[39m
                    [33mtype[39m=[32m"number"[39m
                    [33mvalue[39m=[32m"-1"[39m
                  [36m/>[39m
                  [36m<p[39m
                    [33mclass[39m=[32m"text-xs text-muted-foreground mt-1"[39m
                  [36m>[39m
                    [0mCPU threads (-1 = auto)[0m
                  [36m</p>[39m
                [36m</div>[39m
              [36m</div>[39m
              [36m<div[39m
                [33mclass[39m=[32m"mt-6"[39m
              [36m>[39m
                [36m<button[39m
                  [33mclass[39m=[32m"bg-primary text-primary-foreground hover:bg-primary/80 disabled:opacity-50 px-6 py-2 rounded-md transition-colors"[39m
                [36m>[39m
                  [0mSave Model Defaults[0m
                [36m</button>[39m
              [36m</div>[39m
            [36m</div>[39m
          [36m</div>[39m
        [36m</div>[39m
      [36m</div>[39m
    [36m</body>[39m

      330 |     fireEvent.click(modelDefaultsTab);
      331 |
    > 332 |     const threadsInput = screen.getByDisplayValue('-1');
          |                                 ^
      333 |     fireEvent.change(threadsInput, { target: { value: '8' } });
      334 |
      335 |     expect(threadsInput).toHaveValue(8);

      at Object.getElementError (node_modules/.pnpm/@testing-library+dom@10.4.1/node_modules/@testing-library/dom/dist/config.js:37:19)
      at getElementError (node_modules/.pnpm/@testing-library+dom@10.4.1/node_modules/@testing-library/dom/dist/query-helpers.js:20:35)
      at getMultipleElementsFoundError (node_modules/.pnpm/@testing-library+dom@10.4.1/node_modules/@testing-library/dom/dist/query-helpers.js:23:10)
      at node_modules/.pnpm/@testing-library+dom@10.4.1/node_modules/@testing-library/dom/dist/query-helpers.js:55:13
      at node_modules/.pnpm/@testing-library+dom@10.4.1/node_modules/@testing-library/dom/dist/query-helpers.js:95:19
      at Object.<anonymous> (__tests__/components/pages/ConfigurationPage.test.tsx:332:33)

  ● ConfigurationPage › clears save message after 3 seconds

    Unable to find an element with the text: Configuration saved successfully!. This could be because the text is broken up by multiple elements. In this case, you can provide a function for your text matcher to make your matcher more flexible.

    Ignored nodes: comments, script, style
    [36m<body>[39m
      [36m<div>[39m
        [36m<div[39m
          [33mclass[39m=[32m"max-w-6xl mx-auto p-6"[39m
        [36m>[39m
          [36m<h1[39m
            [33mclass[39m=[32m"text-3xl font-bold mb-8 text-foreground"[39m
          [36m>[39m
            [0mConfiguration[0m
          [36m</h1>[39m
          [36m<div[39m
            [33mclass[39m=[32m"mb-8"[39m
          [36m>[39m
            [36m<div[39m
              [33mclass[39m=[32m"border-b border-border"[39m
            [36m>[39m
              [36m<nav[39m
                [33mclass[39m=[32m"flex space-x-8"[39m
              [36m>[39m
                [36m<button[39m
                  [33mclass[39m=[32m"py-4 px-1 border-b-2 font-medium text-sm transition-colors border-primary text-primary"[39m
                [36m>[39m
                  [36m<span[39m
                    [33mclass[39m=[32m"mr-2"[39m
                  [36m>[39m
                    [0m⚙️[0m
                  [36m</span>[39m
                  [0mGeneral Settings[0m
                [36m</button>[39m
                [36m<button[39m
                  [33mclass[39m=[32m"py-4 px-1 border-b-2 font-medium text-sm transition-colors border-transparent text-muted-foreground hover:text-foreground hover:border-border"[39m
                [36m>[39m
                  [36m<span[39m
                    [33mclass[39m=[32m"mr-2"[39m
                  [36m>[39m
                    [0m🤖[0m
                  [36m</span>[39m
                  [0mModel Default Parameters[0m
                [36m</button>[39m
              [36m</nav>[39m
            [36m</div>[39m
          [36m</div>[39m
          [36m<div[39m
            [33mclass[39m=[32m"bg-card border border-border rounded-lg p-6 mb-8"[39m
          [36m>[39m
            [36m<h2[39m
              [33mclass[39m=[32m"text-xl font-semibold mb-6 text-foreground"[39m
            [36m>[39m
              [0mGeneral Settings[0m
            [36m</h2>[39m
            [36m<form>[39m
              [36m<div[39m
                [33mclass[39m=[32m"mb-4"[39m
              [36m>[39m
                [36m<input[39m
                  [33mclass[39m=[32m"border border-border rounded-md px-4 py-2 w-full bg-background text-foreground"[39m
                  [33mname[39m=[32m"basePath"[39m
                  [33mplaceholder[39m=[32m"Base path for models"[39m
                  [33mtype[39m=[32m"text"[39m
                  [33mvalue[39m=[32m"/home/user/models"[39m
                [36m/>[39m
              [36m</div>[39m
              [36m<div[39m
                [33mclass[39m=[32m"mb-4"[39m
              [36m>[39m
                [36m<input[39m
                  [33mclass[39m=[32m"border border-border rounded-md px-4 py-2 w-full bg-background text-foreground"[39m
                  [33mname[39m=[32m"logLevel"[39m
                  [33mplaceholder[39m=[32m"Log level (info, debug, error)"[39m
                  [33mtype[39m=[32m"text"[39m
                  [33mvalue[39m=[32m"info"[39m
                [36m/>[39m
              [36m</div>[39m
              [36m<div[39m
                [33mclass[39m=[32m"mb-4"[39m
              [36m>[39m
                [36m<input[39m
                  [33mclass[39m=[32m"border border-border rounded-md px-4 py-2 w-full bg-background text-foreground"[39m
                  [33mname[39m=[32m"maxConcurrentModels"[39m
                  [33mplaceholder[39m=[32m"Maximum concurrent models"[39m
                  [33mtype[39m=[32m"number"[39m
                  [33mvalue[39m=[32m"5"[39m
                [36m/>[39m
              [36m</div>[39m
              [36m<div[39m
                [33mclass[39m=[32m"mb-4"[39m
              [36m>[39m
                [36m<div[39m
                  [33mclass[39m=[32m"flex items-center gap-2"[39m
                [36m>[39m
                  [36m<input[39m
                    [33mchecked[39m=[32m""[39m
                    [33mclass[39m=[32m"mr-2"[39m
                    [33mname[39m=[32m"autoUpdate"[39m
                    [33mtype[39m=[32m"checkbox"[39m
                  [36m/>[39m
                  [36m<span[39m
                    [33mclass[39m=[32m"text-foreground"[39m
                  [36m>[39m
                    [0mAuto Update[0m
                  [36m</span>[39m
                [36m</div>[39m
              [36m</div>[39m
              [36m<div[39m
                [33mclass[39m=[32m"mb-4"[39m
              [36m>[39m
                [36m<div[39m
                  [33mclass[39m=[32m"flex items-center gap-2"[39m
                [36m>[39m
                  [36m<input[39m
                    [33mchecked[39m=[32m""[39m
                    [33mclass[39m=[32m"mr-2"[39m
                    [33mname[39m=[32m"notificationsEnabled"[39m
                    [33mtype[39m=[32m"checkbox"[39m
                  [36m/>[39m
                  [36m<span[39m
                    [33mclass[39m=[32m"text-foreground"[39m
                  [36m>[39m
                    [0mNotifications Enabled[0m
                  [36m</span>[39m
                [36m</div>[39m
              [36m</div>[39m
              [36m<button[39m
                [33mclass[39m=[32m"bg-primary text-primary-foreground hover:bg-primary/80 disabled:opacity-50 px-4 py-2 rounded-md transition-colors"[39m
              [36m>[39m
                [0mSave Configuration[0m
              [36m</button>[39m
              [36m<div[39m
                [33mclass[39m=[32m"mt-4 p-3 rounded-md bg-warning text-white border border-warning"[39m
              [36m>[39m
                [0mFailed to save configuration[0m
              [36m</div>[39m
            [36m</form>[39m
          [36m</div>[39m
        [36m</div>[39m
      [36m</div>[39m
    [36m</body>[39m

      369 |     fireEvent.click(saveButton);
      370 |
    > 371 |     await waitFor(() => {
          |                  ^
      372 |       expect(screen.getByText('Configuration saved successfully!')).toBeInTheDocument();
      373 |     });
      374 |

      at waitForWrapper (node_modules/.pnpm/@testing-library+dom@10.4.1/node_modules/@testing-library/dom/dist/wait-for.js:163:27)
      at Object.<anonymous> (__tests__/components/pages/ConfigurationPage.test.tsx:371:18)

FAIL __tests__/components/pages/ModelsPage.test.tsx
  ● ModelsPage › disables rescan button while rescanning

    expect(element).toBeDisabled()

    Received element is not disabled:
      <button class="bg-secondary text-secondary-foreground hover:bg-secondary/80 disabled:opacity-50 px-6 py-3 rounded-lg transition-colors font-medium" />

      353 |     fireEvent.click(rescanButton);
      354 |     
    > 355 |     expect(rescanButton).toBeDisabled();
          |                          ^
      356 |   });
      357 |
      358 |   it('shows loading state when model is starting', async () => {

      at Object.<anonymous> (__tests__/components/pages/ModelsPage.test.tsx:355:26)

  ● ModelsPage › handles rapid search changes

    TestingLibraryElementError: Unable to find an element with the text: Llama-2-7b. This could be because the text is broken up by multiple elements. In this case, you can provide a function for your text matcher to make your matcher more flexible.

    Ignored nodes: comments, script, style
    [36m<body>[39m
      [36m<div>[39m
        [36m<div[39m
          [33mclass[39m=[32m"models-page"[39m
        [36m>[39m
          [36m<h1[39m
            [33mclass[39m=[32m"text-3xl font-bold mb-8 text-foreground"[39m
          [36m>[39m
            [0mModels[0m
          [36m</h1>[39m
          [36m<div[39m
            [33mclass[39m=[32m"flex justify-between items-center mb-8"[39m
          [36m>[39m
            [36m<input[39m
              [33mclass[39m=[32m"border border-border rounded-lg px-4 py-3 w-64 bg-background text-foreground focus:outline-none focus:ring-2 focus:ring-primary transition-all"[39m
              [33mplaceholder[39m=[32m"Search models..."[39m
              [33mtype[39m=[32m"text"[39m
              [33mvalue[39m=[32m"llama"[39m
            [36m/>[39m
            [36m<div[39m
              [33mclass[39m=[32m"flex gap-3"[39m
            [36m>[39m
              [36m<button[39m
                [33mclass[39m=[32m"bg-primary text-primary-foreground hover:bg-primary/80 disabled:opacity-50 px-6 py-3 rounded-lg transition-colors font-medium"[39m
              [36m>[39m
                [0mDiscover Models[0m
              [36m</button>[39m
              [36m<button[39m
                [33mclass[39m=[32m"bg-secondary text-secondary-foreground hover:bg-secondary/80 disabled:opacity-50 px-6 py-3 rounded-lg transition-colors font-medium"[39m
              [36m>[39m
                [0mRescan Models[0m
              [36m</button>[39m
            [36m</div>[39m
          [36m</div>[39m
          [36m<div[39m
            [33mclass[39m=[32m"grid grid-cols-1 md:grid-cols-2 lg:grid-cols-3 gap-6"[39m
          [36m/>[39m
        [36m</div>[39m
      [36m</div>[39m
    [36m</body>[39m

      779 |     fireEvent.change(searchInput, { target: { value: 'llama' } });
      780 |
    > 781 |     expect(screen.getByText('Llama-2-7b')).toBeInTheDocument();
          |                   ^
      782 |   });
      783 |
      784 |   it('handles concurrent start/stop requests', async () => {

      at Object.getElementError (node_modules/.pnpm/@testing-library+dom@10.4.1/node_modules/@testing-library/dom/dist/config.js:37:19)
      at node_modules/.pnpm/@testing-library+dom@10.4.1/node_modules/@testing-library/dom/dist/query-helpers.js:76:38
      at node_modules/.pnpm/@testing-library+dom@10.4.1/node_modules/@testing-library/dom/dist/query-helpers.js:52:17
      at node_modules/.pnpm/@testing-library+dom@10.4.1/node_modules/@testing-library/dom/dist/query-helpers.js:95:19
      at Object.<anonymous> (__tests__/components/pages/ModelsPage.test.tsx:781:19)

  ● ModelsPage › handles WebSocket connection errors

    WebSocket connection failed

      812 |     const { websocketServer } = require('@/lib/websocket-client');
      813 |     websocketServer.connect.mockImplementation(() => {
    > 814 |       throw new Error('WebSocket connection failed');
          |             ^
      815 |     });
      816 |
      817 |     (global.fetch as jest.Mock).mockResolvedValue({

      at Object.<anonymous> (__tests__/components/pages/ModelsPage.test.tsx:814:13)
      at src/components/pages/ModelsPage.tsx:32:21
      at Object.react_stack_bottom_frame (node_modules/.pnpm/react-dom@19.2.3_react@19.2.3/node_modules/react-dom/cjs/react-dom-client.development.js:25989:20)
      at runWithFiberInDEV (node_modules/.pnpm/react-dom@19.2.3_react@19.2.3/node_modules/react-dom/cjs/react-dom-client.development.js:874:13)
      at commitHookEffectListMount (node_modules/.pnpm/react-dom@19.2.3_react@19.2.3/node_modules/react-dom/cjs/react-dom-client.development.js:13249:29)
      at commitHookPassiveMountEffects (node_modules/.pnpm/react-dom@19.2.3_react@19.2.3/node_modules/react-dom/cjs/react-dom-client.development.js:13336:11)
      at commitPassiveMountOnFiber (node_modules/.pnpm/react-dom@19.2.3_react@19.2.3/node_modules/react-dom/cjs/react-dom-client.development.js:15484:13)
      at recursivelyTraversePassiveMountEffects (node_modules/.pnpm/react-dom@19.2.3_react@19.2.3/node_modules/react-dom/cjs/react-dom-client.development.js:15439:11)
      at commitPassiveMountOnFiber (node_modules/.pnpm/react-dom@19.2.3_react@19.2.3/node_modules/react-dom/cjs/react-dom-client.development.js:15519:11)
      at flushPassiveEffects (node_modules/.pnpm/react-dom@19.2.3_react@19.2.3/node_modules/react-dom/cjs/react-dom-client.development.js:18432:9)
      at node_modules/.pnpm/react-dom@19.2.3_react@19.2.3/node_modules/react-dom/cjs/react-dom-client.development.js:17923:15
      at flushActQueue (node_modules/.pnpm/react@19.2.3/node_modules/react/cjs/react.development.js:590:34)
      at process.env.NODE_ENV.exports.act (node_modules/.pnpm/react@19.2.3/node_modules/react/cjs/react.development.js:884:10)
      at node_modules/.pnpm/@testing-library+react@16.3.1_@testing-library+dom@10.4.1_@types+react-dom@19.2.3_@type_68c5b21a70acecf0fbbfd97f51128017/node_modules/@testing-library/react/dist/act-compat.js:46:25
      at renderRoot (node_modules/.pnpm/@testing-library+react@16.3.1_@testing-library+dom@10.4.1_@types+react-dom@19.2.3_@type_68c5b21a70acecf0fbbfd97f51128017/node_modules/@testing-library/react/dist/pure.js:189:26)
      at render (node_modules/.pnpm/@testing-library+react@16.3.1_@testing-library+dom@10.4.1_@types+react-dom@19.2.3_@type_68c5b21a70acecf0fbbfd97f51128017/node_modules/@testing-library/react/dist/pure.js:291:10)
      at Object.<anonymous> (__tests__/components/pages/ModelsPage.test.tsx:822:11)

  ● ModelsPage › handles malformed WebSocket messages

    WebSocket connection failed

      812 |     const { websocketServer } = require('@/lib/websocket-client');
      813 |     websocketServer.connect.mockImplementation(() => {
    > 814 |       throw new Error('WebSocket connection failed');
          |             ^
      815 |     });
      816 |
      817 |     (global.fetch as jest.Mock).mockResolvedValue({

      at Object.<anonymous> (__tests__/components/pages/ModelsPage.test.tsx:814:13)
      at src/components/pages/ModelsPage.tsx:32:21
      at Object.react_stack_bottom_frame (node_modules/.pnpm/react-dom@19.2.3_react@19.2.3/node_modules/react-dom/cjs/react-dom-client.development.js:25989:20)
      at runWithFiberInDEV (node_modules/.pnpm/react-dom@19.2.3_react@19.2.3/node_modules/react-dom/cjs/react-dom-client.development.js:874:13)
      at commitHookEffectListMount (node_modules/.pnpm/react-dom@19.2.3_react@19.2.3/node_modules/react-dom/cjs/react-dom-client.development.js:13249:29)
      at commitHookPassiveMountEffects (node_modules/.pnpm/react-dom@19.2.3_react@19.2.3/node_modules/react-dom/cjs/react-dom-client.development.js:13336:11)
      at commitPassiveMountOnFiber (node_modules/.pnpm/react-dom@19.2.3_react@19.2.3/node_modules/react-dom/cjs/react-dom-client.development.js:15484:13)
      at recursivelyTraversePassiveMountEffects (node_modules/.pnpm/react-dom@19.2.3_react@19.2.3/node_modules/react-dom/cjs/react-dom-client.development.js:15439:11)
      at commitPassiveMountOnFiber (node_modules/.pnpm/react-dom@19.2.3_react@19.2.3/node_modules/react-dom/cjs/react-dom-client.development.js:15519:11)
      at flushPassiveEffects (node_modules/.pnpm/react-dom@19.2.3_react@19.2.3/node_modules/react-dom/cjs/react-dom-client.development.js:18432:9)
      at node_modules/.pnpm/react-dom@19.2.3_react@19.2.3/node_modules/react-dom/cjs/react-dom-client.development.js:17923:15
      at flushActQueue (node_modules/.pnpm/react@19.2.3/node_modules/react/cjs/react.development.js:590:34)
      at process.env.NODE_ENV.exports.act (node_modules/.pnpm/react@19.2.3/node_modules/react/cjs/react.development.js:884:10)
      at node_modules/.pnpm/@testing-library+react@16.3.1_@testing-library+dom@10.4.1_@types+react-dom@19.2.3_@type_68c5b21a70acecf0fbbfd97f51128017/node_modules/@testing-library/react/dist/act-compat.js:46:25
      at renderRoot (node_modules/.pnpm/@testing-library+react@16.3.1_@testing-library+dom@10.4.1_@types+react-dom@19.2.3_@type_68c5b21a70acecf0fbbfd97f51128017/node_modules/@testing-library/react/dist/pure.js:189:26)
      at render (node_modules/.pnpm/@testing-library+react@16.3.1_@testing-library+dom@10.4.1_@types+react-dom@19.2.3_@type_68c5b21a70acecf0fbbfd97f51128017/node_modules/@testing-library/react/dist/pure.js:291:10)
      at Object.<anonymous> (__tests__/components/pages/ModelsPage.test.tsx:830:11)

  ● ModelsPage › handles API response with missing models array

    WebSocket connection failed

      812 |     const { websocketServer } = require('@/lib/websocket-client');
      813 |     websocketServer.connect.mockImplementation(() => {
    > 814 |       throw new Error('WebSocket connection failed');
          |             ^
      815 |     });
      816 |
      817 |     (global.fetch as jest.Mock).mockResolvedValue({

      at Object.<anonymous> (__tests__/components/pages/ModelsPage.test.tsx:814:13)
      at src/components/pages/ModelsPage.tsx:32:21
      at Object.react_stack_bottom_frame (node_modules/.pnpm/react-dom@19.2.3_react@19.2.3/node_modules/react-dom/cjs/react-dom-client.development.js:25989:20)
      at runWithFiberInDEV (node_modules/.pnpm/react-dom@19.2.3_react@19.2.3/node_modules/react-dom/cjs/react-dom-client.development.js:874:13)
      at commitHookEffectListMount (node_modules/.pnpm/react-dom@19.2.3_react@19.2.3/node_modules/react-dom/cjs/react-dom-client.development.js:13249:29)
      at commitHookPassiveMountEffects (node_modules/.pnpm/react-dom@19.2.3_react@19.2.3/node_modules/react-dom/cjs/react-dom-client.development.js:13336:11)
      at commitPassiveMountOnFiber (node_modules/.pnpm/react-dom@19.2.3_react@19.2.3/node_modules/react-dom/cjs/react-dom-client.development.js:15484:13)
      at recursivelyTraversePassiveMountEffects (node_modules/.pnpm/react-dom@19.2.3_react@19.2.3/node_modules/react-dom/cjs/react-dom-client.development.js:15439:11)
      at commitPassiveMountOnFiber (node_modules/.pnpm/react-dom@19.2.3_react@19.2.3/node_modules/react-dom/cjs/react-dom-client.development.js:15519:11)
      at flushPassiveEffects (node_modules/.pnpm/react-dom@19.2.3_react@19.2.3/node_modules/react-dom/cjs/react-dom-client.development.js:18432:9)
      at node_modules/.pnpm/react-dom@19.2.3_react@19.2.3/node_modules/react-dom/cjs/react-dom-client.development.js:17923:15
      at flushActQueue (node_modules/.pnpm/react@19.2.3/node_modules/react/cjs/react.development.js:590:34)
      at process.env.NODE_ENV.exports.act (node_modules/.pnpm/react@19.2.3/node_modules/react/cjs/react.development.js:884:10)
      at node_modules/.pnpm/@testing-library+react@16.3.1_@testing-library+dom@10.4.1_@types+react-dom@19.2.3_@type_68c5b21a70acecf0fbbfd97f51128017/node_modules/@testing-library/react/dist/act-compat.js:46:25
      at renderRoot (node_modules/.pnpm/@testing-library+react@16.3.1_@testing-library+dom@10.4.1_@types+react-dom@19.2.3_@type_68c5b21a70acecf0fbbfd97f51128017/node_modules/@testing-library/react/dist/pure.js:189:26)
      at render (node_modules/.pnpm/@testing-library+react@16.3.1_@testing-library+dom@10.4.1_@types+react-dom@19.2.3_@type_68c5b21a70acecf0fbbfd97f51128017/node_modules/@testing-library/react/dist/pure.js:291:10)
      at Object.<anonymous> (__tests__/components/pages/ModelsPage.test.tsx:853:11)

  ● ModelsPage › handles API response with null data

    WebSocket connection failed

      812 |     const { websocketServer } = require('@/lib/websocket-client');
      813 |     websocketServer.connect.mockImplementation(() => {
    > 814 |       throw new Error('WebSocket connection failed');
          |             ^
      815 |     });
      816 |
      817 |     (global.fetch as jest.Mock).mockResolvedValue({

      at Object.<anonymous> (__tests__/components/pages/ModelsPage.test.tsx:814:13)
      at src/components/pages/ModelsPage.tsx:32:21
      at Object.react_stack_bottom_frame (node_modules/.pnpm/react-dom@19.2.3_react@19.2.3/node_modules/react-dom/cjs/react-dom-client.development.js:25989:20)
      at runWithFiberInDEV (node_modules/.pnpm/react-dom@19.2.3_react@19.2.3/node_modules/react-dom/cjs/react-dom-client.development.js:874:13)
      at commitHookEffectListMount (node_modules/.pnpm/react-dom@19.2.3_react@19.2.3/node_modules/react-dom/cjs/react-dom-client.development.js:13249:29)
      at commitHookPassiveMountEffects (node_modules/.pnpm/react-dom@19.2.3_react@19.2.3/node_modules/react-dom/cjs/react-dom-client.development.js:13336:11)
      at commitPassiveMountOnFiber (node_modules/.pnpm/react-dom@19.2.3_react@19.2.3/node_modules/react-dom/cjs/react-dom-client.development.js:15484:13)
      at recursivelyTraversePassiveMountEffects (node_modules/.pnpm/react-dom@19.2.3_react@19.2.3/node_modules/react-dom/cjs/react-dom-client.development.js:15439:11)
      at commitPassiveMountOnFiber (node_modules/.pnpm/react-dom@19.2.3_react@19.2.3/node_modules/react-dom/cjs/react-dom-client.development.js:15519:11)
      at flushPassiveEffects (node_modules/.pnpm/react-dom@19.2.3_react@19.2.3/node_modules/react-dom/cjs/react-dom-client.development.js:18432:9)
      at node_modules/.pnpm/react-dom@19.2.3_react@19.2.3/node_modules/react-dom/cjs/react-dom-client.development.js:17923:15
      at flushActQueue (node_modules/.pnpm/react@19.2.3/node_modules/react/cjs/react.development.js:590:34)
      at process.env.NODE_ENV.exports.act (node_modules/.pnpm/react@19.2.3/node_modules/react/cjs/react.development.js:884:10)
      at node_modules/.pnpm/@testing-library+react@16.3.1_@testing-library+dom@10.4.1_@types+react-dom@19.2.3_@type_68c5b21a70acecf0fbbfd97f51128017/node_modules/@testing-library/react/dist/act-compat.js:46:25
      at renderRoot (node_modules/.pnpm/@testing-library+react@16.3.1_@testing-library+dom@10.4.1_@types+react-dom@19.2.3_@type_68c5b21a70acecf0fbbfd97f51128017/node_modules/@testing-library/react/dist/pure.js:189:26)
      at render (node_modules/.pnpm/@testing-library+react@16.3.1_@testing-library+dom@10.4.1_@types+react-dom@19.2.3_@type_68c5b21a70acecf0fbbfd97f51128017/node_modules/@testing-library/react/dist/pure.js:291:10)
      at Object.<anonymous> (__tests__/components/pages/ModelsPage.test.tsx:866:11)

  ● ModelsPage › handles discover API with invalid paths

    WebSocket connection failed

      812 |     const { websocketServer } = require('@/lib/websocket-client');
      813 |     websocketServer.connect.mockImplementation(() => {
    > 814 |       throw new Error('WebSocket connection failed');
          |             ^
      815 |     });
      816 |
      817 |     (global.fetch as jest.Mock).mockResolvedValue({

      at Object.<anonymous> (__tests__/components/pages/ModelsPage.test.tsx:814:13)
      at src/components/pages/ModelsPage.tsx:32:21
      at Object.react_stack_bottom_frame (node_modules/.pnpm/react-dom@19.2.3_react@19.2.3/node_modules/react-dom/cjs/react-dom-client.development.js:25989:20)
      at runWithFiberInDEV (node_modules/.pnpm/react-dom@19.2.3_react@19.2.3/node_modules/react-dom/cjs/react-dom-client.development.js:874:13)
      at commitHookEffectListMount (node_modules/.pnpm/react-dom@19.2.3_react@19.2.3/node_modules/react-dom/cjs/react-dom-client.development.js:13249:29)
      at commitHookPassiveMountEffects (node_modules/.pnpm/react-dom@19.2.3_react@19.2.3/node_modules/react-dom/cjs/react-dom-client.development.js:13336:11)
      at commitPassiveMountOnFiber (node_modules/.pnpm/react-dom@19.2.3_react@19.2.3/node_modules/react-dom/cjs/react-dom-client.development.js:15484:13)
      at recursivelyTraversePassiveMountEffects (node_modules/.pnpm/react-dom@19.2.3_react@19.2.3/node_modules/react-dom/cjs/react-dom-client.development.js:15439:11)
      at commitPassiveMountOnFiber (node_modules/.pnpm/react-dom@19.2.3_react@19.2.3/node_modules/react-dom/cjs/react-dom-client.development.js:15519:11)
      at flushPassiveEffects (node_modules/.pnpm/react-dom@19.2.3_react@19.2.3/node_modules/react-dom/cjs/react-dom-client.development.js:18432:9)
      at node_modules/.pnpm/react-dom@19.2.3_react@19.2.3/node_modules/react-dom/cjs/react-dom-client.development.js:17923:15
      at flushActQueue (node_modules/.pnpm/react@19.2.3/node_modules/react/cjs/react.development.js:590:34)
      at process.env.NODE_ENV.exports.act (node_modules/.pnpm/react@19.2.3/node_modules/react/cjs/react.development.js:884:10)
      at node_modules/.pnpm/@testing-library+react@16.3.1_@testing-library+dom@10.4.1_@types+react-dom@19.2.3_@type_68c5b21a70acecf0fbbfd97f51128017/node_modules/@testing-library/react/dist/act-compat.js:46:25
      at renderRoot (node_modules/.pnpm/@testing-library+react@16.3.1_@testing-library+dom@10.4.1_@types+react-dom@19.2.3_@type_68c5b21a70acecf0fbbfd97f51128017/node_modules/@testing-library/react/dist/pure.js:189:26)
      at render (node_modules/.pnpm/@testing-library+react@16.3.1_@testing-library+dom@10.4.1_@types+react-dom@19.2.3_@type_68c5b21a70acecf0fbbfd97f51128017/node_modules/@testing-library/react/dist/pure.js:291:10)
      at Object.<anonymous> (__tests__/components/pages/ModelsPage.test.tsx:884:11)

  ● ModelsPage › handles model status transition from loading to running

    WebSocket connection failed

      812 |     const { websocketServer } = require('@/lib/websocket-client');
      813 |     websocketServer.connect.mockImplementation(() => {
    > 814 |       throw new Error('WebSocket connection failed');
          |             ^
      815 |     });
      816 |
      817 |     (global.fetch as jest.Mock).mockResolvedValue({

      at Object.<anonymous> (__tests__/components/pages/ModelsPage.test.tsx:814:13)
      at src/components/pages/ModelsPage.tsx:32:21
      at Object.react_stack_bottom_frame (node_modules/.pnpm/react-dom@19.2.3_react@19.2.3/node_modules/react-dom/cjs/react-dom-client.development.js:25989:20)
      at runWithFiberInDEV (node_modules/.pnpm/react-dom@19.2.3_react@19.2.3/node_modules/react-dom/cjs/react-dom-client.development.js:874:13)
      at commitHookEffectListMount (node_modules/.pnpm/react-dom@19.2.3_react@19.2.3/node_modules/react-dom/cjs/react-dom-client.development.js:13249:29)
      at commitHookPassiveMountEffects (node_modules/.pnpm/react-dom@19.2.3_react@19.2.3/node_modules/react-dom/cjs/react-dom-client.development.js:13336:11)
      at commitPassiveMountOnFiber (node_modules/.pnpm/react-dom@19.2.3_react@19.2.3/node_modules/react-dom/cjs/react-dom-client.development.js:15484:13)
      at recursivelyTraversePassiveMountEffects (node_modules/.pnpm/react-dom@19.2.3_react@19.2.3/node_modules/react-dom/cjs/react-dom-client.development.js:15439:11)
      at commitPassiveMountOnFiber (node_modules/.pnpm/react-dom@19.2.3_react@19.2.3/node_modules/react-dom/cjs/react-dom-client.development.js:15519:11)
      at flushPassiveEffects (node_modules/.pnpm/react-dom@19.2.3_react@19.2.3/node_modules/react-dom/cjs/react-dom-client.development.js:18432:9)
      at node_modules/.pnpm/react-dom@19.2.3_react@19.2.3/node_modules/react-dom/cjs/react-dom-client.development.js:17923:15
      at flushActQueue (node_modules/.pnpm/react@19.2.3/node_modules/react/cjs/react.development.js:590:34)
      at process.env.NODE_ENV.exports.act (node_modules/.pnpm/react@19.2.3/node_modules/react/cjs/react.development.js:884:10)
      at node_modules/.pnpm/@testing-library+react@16.3.1_@testing-library+dom@10.4.1_@types+react-dom@19.2.3_@type_68c5b21a70acecf0fbbfd97f51128017/node_modules/@testing-library/react/dist/act-compat.js:46:25
      at renderRoot (node_modules/.pnpm/@testing-library+react@16.3.1_@testing-library+dom@10.4.1_@types+react-dom@19.2.3_@type_68c5b21a70acecf0fbbfd97f51128017/node_modules/@testing-library/react/dist/pure.js:189:26)
      at render (node_modules/.pnpm/@testing-library+react@16.3.1_@testing-library+dom@10.4.1_@types+react-dom@19.2.3_@type_68c5b21a70acecf0fbbfd97f51128017/node_modules/@testing-library/react/dist/pure.js:291:10)
      at Object.<anonymous> (__tests__/components/pages/ModelsPage.test.tsx:908:11)

  ● ModelsPage › handles models with very large size values

    WebSocket connection failed

      812 |     const { websocketServer } = require('@/lib/websocket-client');
      813 |     websocketServer.connect.mockImplementation(() => {
    > 814 |       throw new Error('WebSocket connection failed');
          |             ^
      815 |     });
      816 |
      817 |     (global.fetch as jest.Mock).mockResolvedValue({

      at Object.<anonymous> (__tests__/components/pages/ModelsPage.test.tsx:814:13)
      at src/components/pages/ModelsPage.tsx:32:21
      at Object.react_stack_bottom_frame (node_modules/.pnpm/react-dom@19.2.3_react@19.2.3/node_modules/react-dom/cjs/react-dom-client.development.js:25989:20)
      at runWithFiberInDEV (node_modules/.pnpm/react-dom@19.2.3_react@19.2.3/node_modules/react-dom/cjs/react-dom-client.development.js:874:13)
      at commitHookEffectListMount (node_modules/.pnpm/react-dom@19.2.3_react@19.2.3/node_modules/react-dom/cjs/react-dom-client.development.js:13249:29)
      at commitHookPassiveMountEffects (node_modules/.pnpm/react-dom@19.2.3_react@19.2.3/node_modules/react-dom/cjs/react-dom-client.development.js:13336:11)
      at commitPassiveMountOnFiber (node_modules/.pnpm/react-dom@19.2.3_react@19.2.3/node_modules/react-dom/cjs/react-dom-client.development.js:15484:13)
      at recursivelyTraversePassiveMountEffects (node_modules/.pnpm/react-dom@19.2.3_react@19.2.3/node_modules/react-dom/cjs/react-dom-client.development.js:15439:11)
      at commitPassiveMountOnFiber (node_modules/.pnpm/react-dom@19.2.3_react@19.2.3/node_modules/react-dom/cjs/react-dom-client.development.js:15519:11)
      at flushPassiveEffects (node_modules/.pnpm/react-dom@19.2.3_react@19.2.3/node_modules/react-dom/cjs/react-dom-client.development.js:18432:9)
      at node_modules/.pnpm/react-dom@19.2.3_react@19.2.3/node_modules/react-dom/cjs/react-dom-client.development.js:17923:15
      at flushActQueue (node_modules/.pnpm/react@19.2.3/node_modules/react/cjs/react.development.js:590:34)
      at process.env.NODE_ENV.exports.act (node_modules/.pnpm/react@19.2.3/node_modules/react/cjs/react.development.js:884:10)
      at node_modules/.pnpm/@testing-library+react@16.3.1_@testing-library+dom@10.4.1_@types+react-dom@19.2.3_@type_68c5b21a70acecf0fbbfd97f51128017/node_modules/@testing-library/react/dist/act-compat.js:46:25
      at renderRoot (node_modules/.pnpm/@testing-library+react@16.3.1_@testing-library+dom@10.4.1_@types+react-dom@19.2.3_@type_68c5b21a70acecf0fbbfd97f51128017/node_modules/@testing-library/react/dist/pure.js:189:26)
      at render (node_modules/.pnpm/@testing-library+react@16.3.1_@testing-library+dom@10.4.1_@types+react-dom@19.2.3_@type_68c5b21a70acecf0fbbfd97f51128017/node_modules/@testing-library/react/dist/pure.js:291:10)
      at Object.<anonymous> (__tests__/components/pages/ModelsPage.test.tsx:930:11)

  ● ModelsPage › handles search with unicode characters

    WebSocket connection failed

      812 |     const { websocketServer } = require('@/lib/websocket-client');
      813 |     websocketServer.connect.mockImplementation(() => {
    > 814 |       throw new Error('WebSocket connection failed');
          |             ^
      815 |     });
      816 |
      817 |     (global.fetch as jest.Mock).mockResolvedValue({

      at Object.<anonymous> (__tests__/components/pages/ModelsPage.test.tsx:814:13)
      at src/components/pages/ModelsPage.tsx:32:21
      at Object.react_stack_bottom_frame (node_modules/.pnpm/react-dom@19.2.3_react@19.2.3/node_modules/react-dom/cjs/react-dom-client.development.js:25989:20)
      at runWithFiberInDEV (node_modules/.pnpm/react-dom@19.2.3_react@19.2.3/node_modules/react-dom/cjs/react-dom-client.development.js:874:13)
      at commitHookEffectListMount (node_modules/.pnpm/react-dom@19.2.3_react@19.2.3/node_modules/react-dom/cjs/react-dom-client.development.js:13249:29)
      at commitHookPassiveMountEffects (node_modules/.pnpm/react-dom@19.2.3_react@19.2.3/node_modules/react-dom/cjs/react-dom-client.development.js:13336:11)
      at commitPassiveMountOnFiber (node_modules/.pnpm/react-dom@19.2.3_react@19.2.3/node_modules/react-dom/cjs/react-dom-client.development.js:15484:13)
      at recursivelyTraversePassiveMountEffects (node_modules/.pnpm/react-dom@19.2.3_react@19.2.3/node_modules/react-dom/cjs/react-dom-client.development.js:15439:11)
      at commitPassiveMountOnFiber (node_modules/.pnpm/react-dom@19.2.3_react@19.2.3/node_modules/react-dom/cjs/react-dom-client.development.js:15519:11)
      at flushPassiveEffects (node_modules/.pnpm/react-dom@19.2.3_react@19.2.3/node_modules/react-dom/cjs/react-dom-client.development.js:18432:9)
      at node_modules/.pnpm/react-dom@19.2.3_react@19.2.3/node_modules/react-dom/cjs/react-dom-client.development.js:17923:15
      at flushActQueue (node_modules/.pnpm/react@19.2.3/node_modules/react/cjs/react.development.js:590:34)
      at process.env.NODE_ENV.exports.act (node_modules/.pnpm/react@19.2.3/node_modules/react/cjs/react.development.js:884:10)
      at node_modules/.pnpm/@testing-library+react@16.3.1_@testing-library+dom@10.4.1_@types+react-dom@19.2.3_@type_68c5b21a70acecf0fbbfd97f51128017/node_modules/@testing-library/react/dist/act-compat.js:46:25
      at renderRoot (node_modules/.pnpm/@testing-library+react@16.3.1_@testing-library+dom@10.4.1_@types+react-dom@19.2.3_@type_68c5b21a70acecf0fbbfd97f51128017/node_modules/@testing-library/react/dist/pure.js:189:26)
      at render (node_modules/.pnpm/@testing-library+react@16.3.1_@testing-library+dom@10.4.1_@types+react-dom@19.2.3_@type_68c5b21a70acecf0fbbfd97f51128017/node_modules/@testing-library/react/dist/pure.js:291:10)
      at Object.<anonymous> (__tests__/components/pages/ModelsPage.test.tsx:951:11)

  ● ModelsPage › handles duplicate model names

    WebSocket connection failed

      812 |     const { websocketServer } = require('@/lib/websocket-client');
      813 |     websocketServer.connect.mockImplementation(() => {
    > 814 |       throw new Error('WebSocket connection failed');
          |             ^
      815 |     });
      816 |
      817 |     (global.fetch as jest.Mock).mockResolvedValue({

      at Object.<anonymous> (__tests__/components/pages/ModelsPage.test.tsx:814:13)
      at src/components/pages/ModelsPage.tsx:32:21
      at Object.react_stack_bottom_frame (node_modules/.pnpm/react-dom@19.2.3_react@19.2.3/node_modules/react-dom/cjs/react-dom-client.development.js:25989:20)
      at runWithFiberInDEV (node_modules/.pnpm/react-dom@19.2.3_react@19.2.3/node_modules/react-dom/cjs/react-dom-client.development.js:874:13)
      at commitHookEffectListMount (node_modules/.pnpm/react-dom@19.2.3_react@19.2.3/node_modules/react-dom/cjs/react-dom-client.development.js:13249:29)
      at commitHookPassiveMountEffects (node_modules/.pnpm/react-dom@19.2.3_react@19.2.3/node_modules/react-dom/cjs/react-dom-client.development.js:13336:11)
      at commitPassiveMountOnFiber (node_modules/.pnpm/react-dom@19.2.3_react@19.2.3/node_modules/react-dom/cjs/react-dom-client.development.js:15484:13)
      at recursivelyTraversePassiveMountEffects (node_modules/.pnpm/react-dom@19.2.3_react@19.2.3/node_modules/react-dom/cjs/react-dom-client.development.js:15439:11)
      at commitPassiveMountOnFiber (node_modules/.pnpm/react-dom@19.2.3_react@19.2.3/node_modules/react-dom/cjs/react-dom-client.development.js:15519:11)
      at flushPassiveEffects (node_modules/.pnpm/react-dom@19.2.3_react@19.2.3/node_modules/react-dom/cjs/react-dom-client.development.js:18432:9)
      at node_modules/.pnpm/react-dom@19.2.3_react@19.2.3/node_modules/react-dom/cjs/react-dom-client.development.js:17923:15
      at flushActQueue (node_modules/.pnpm/react@19.2.3/node_modules/react/cjs/react.development.js:590:34)
      at process.env.NODE_ENV.exports.act (node_modules/.pnpm/react@19.2.3/node_modules/react/cjs/react.development.js:884:10)
      at node_modules/.pnpm/@testing-library+react@16.3.1_@testing-library+dom@10.4.1_@types+react-dom@19.2.3_@type_68c5b21a70acecf0fbbfd97f51128017/node_modules/@testing-library/react/dist/act-compat.js:46:25
      at renderRoot (node_modules/.pnpm/@testing-library+react@16.3.1_@testing-library+dom@10.4.1_@types+react-dom@19.2.3_@type_68c5b21a70acecf0fbbfd97f51128017/node_modules/@testing-library/react/dist/pure.js:189:26)
      at render (node_modules/.pnpm/@testing-library+react@16.3.1_@testing-library+dom@10.4.1_@types+react-dom@19.2.3_@type_68c5b21a70acecf0fbbfd97f51128017/node_modules/@testing-library/react/dist/pure.js:291:10)
      at Object.<anonymous> (__tests__/components/pages/ModelsPage.test.tsx:986:11)

FAIL src/lib/__tests__/monitor.test.ts
  ● Console

    console.error
      Failed to persist monitoring history: Error: Write error
          at Object.<anonymous> (/home/bamer/nextjs-llama-async-proxy/src/lib/__tests__/monitor.test.ts:328:15)
          at /home/bamer/nextjs-llama-async-proxy/node_modules/.pnpm/jest-mock@30.2.0/node_modules/jest-mock/build/index.js:305:39
          at Object.<anonymous> (/home/bamer/nextjs-llama-async-proxy/node_modules/.pnpm/jest-mock@30.2.0/node_modules/jest-mock/build/index.js:312:13)
          at Object.mockConstructor (/home/bamer/nextjs-llama-async-proxy/node_modules/.pnpm/jest-mock@30.2.0/node_modules/jest-mock/build/index.js:102:19)
          at Object.writeFileSync (eval at _createMockFunction (/home/bamer/nextjs-llama-async-proxy/node_modules/.pnpm/jest-mock@30.2.0/node_modules/jest-mock/build/index.js:460:31), <anonymous>:3:59)
          at writeHistory (/home/bamer/nextjs-llama-async-proxy/src/lib/monitor.ts:34:8)
          at /home/bamer/nextjs-llama-async-proxy/src/lib/__tests__/monitor.test.ts:331:32
          at Object.<anonymous> (/home/bamer/nextjs-llama-async-proxy/node_modules/.pnpm/expect@30.2.0/node_modules/expect/build/index.js:1824:9)
          at Object.throwingMatcher [as toThrow] (/home/bamer/nextjs-llama-async-proxy/node_modules/.pnpm/expect@30.2.0/node_modules/expect/build/index.js:2235:93)
          at Object.<anonymous> (/home/bamer/nextjs-llama-async-proxy/src/lib/__tests__/monitor.test.ts:331:42)
          at Promise.finally.completed (/home/bamer/nextjs-llama-async-proxy/node_modules/.pnpm/jest-circus@30.2.0_babel-plugin-macros@3.1.0/node_modules/jest-circus/build/jestAdapterInit.js:1557:28)
          at new Promise (<anonymous>)
          at callAsyncCircusFn (/home/bamer/nextjs-llama-async-proxy/node_modules/.pnpm/jest-circus@30.2.0_babel-plugin-macros@3.1.0/node_modules/jest-circus/build/jestAdapterInit.js:1497:10)
          at _callCircusTest (/home/bamer/nextjs-llama-async-proxy/node_modules/.pnpm/jest-circus@30.2.0_babel-plugin-macros@3.1.0/node_modules/jest-circus/build/jestAdapterInit.js:1007:40)
          at processTicksAndRejections (node:internal/process/task_queues:103:5)
          at _runTest (/home/bamer/nextjs-llama-async-proxy/node_modules/.pnpm/jest-circus@30.2.0_babel-plugin-macros@3.1.0/node_modules/jest-circus/build/jestAdapterInit.js:947:3)
          at /home/bamer/nextjs-llama-async-proxy/node_modules/.pnpm/jest-circus@30.2.0_babel-plugin-macros@3.1.0/node_modules/jest-circus/build/jestAdapterInit.js:849:7
          at _runTestsForDescribeBlock (/home/bamer/nextjs-llama-async-proxy/node_modules/.pnpm/jest-circus@30.2.0_babel-plugin-macros@3.1.0/node_modules/jest-circus/build/jestAdapterInit.js:862:11)
          at _runTestsForDescribeBlock (/home/bamer/nextjs-llama-async-proxy/node_modules/.pnpm/jest-circus@30.2.0_babel-plugin-macros@3.1.0/node_modules/jest-circus/build/jestAdapterInit.js:857:11)
          at _runTestsForDescribeBlock (/home/bamer/nextjs-llama-async-proxy/node_modules/.pnpm/jest-circus@30.2.0_babel-plugin-macros@3.1.0/node_modules/jest-circus/build/jestAdapterInit.js:857:11)
          at run (/home/bamer/nextjs-llama-async-proxy/node_modules/.pnpm/jest-circus@30.2.0_babel-plugin-macros@3.1.0/node_modules/jest-circus/build/jestAdapterInit.js:761:3)
          at runAndTransformResultsToJestFormat (/home/bamer/nextjs-llama-async-proxy/node_modules/.pnpm/jest-circus@30.2.0_babel-plugin-macros@3.1.0/node_modules/jest-circus/build/jestAdapterInit.js:1918:21)
          at jestAdapter (/home/bamer/nextjs-llama-async-proxy/node_modules/.pnpm/jest-circus@30.2.0_babel-plugin-macros@3.1.0/node_modules/jest-circus/build/runner.js:101:19)
          at runTestInternal (/home/bamer/nextjs-llama-async-proxy/node_modules/.pnpm/jest-runner@30.2.0/node_modules/jest-runner/build/testWorker.js:275:16)
          at runTest (/home/bamer/nextjs-llama-async-proxy/node_modules/.pnpm/jest-runner@30.2.0/node_modules/jest-runner/build/testWorker.js:343:7)
          at Object.worker (/home/bamer/nextjs-llama-async-proxy/node_modules/.pnpm/jest-runner@30.2.0/node_modules/jest-runner/build/testWorker.js:497:12)

      35 |     fs.renameSync(tmp, HISTORY_FILE);
      36 |   } catch (e) {
    > 37 |     console.error('Failed to persist monitoring history:', e);
         |             ^
      38 |   }
      39 | }
      40 |

      at writeHistory (src/lib/monitor.ts:37:13)
      at src/lib/__tests__/monitor.test.ts:331:32
      at Object.<anonymous> (node_modules/.pnpm/expect@30.2.0/node_modules/expect/build/index.js:1824:9)
      at Object.throwingMatcher [as toThrow] (node_modules/.pnpm/expect@30.2.0/node_modules/expect/build/index.js:2235:93)
      at Object.<anonymous> (src/lib/__tests__/monitor.test.ts:331:42)

    console.error
      Failed to persist monitoring history: Error: Rename error
          at Object.<anonymous> (/home/bamer/nextjs-llama-async-proxy/src/lib/__tests__/monitor.test.ts:337:15)
          at /home/bamer/nextjs-llama-async-proxy/node_modules/.pnpm/jest-mock@30.2.0/node_modules/jest-mock/build/index.js:305:39
          at Object.<anonymous> (/home/bamer/nextjs-llama-async-proxy/node_modules/.pnpm/jest-mock@30.2.0/node_modules/jest-mock/build/index.js:312:13)
          at Object.mockConstructor (/home/bamer/nextjs-llama-async-proxy/node_modules/.pnpm/jest-mock@30.2.0/node_modules/jest-mock/build/index.js:102:19)
          at Object.renameSync (eval at _createMockFunction (/home/bamer/nextjs-llama-async-proxy/node_modules/.pnpm/jest-mock@30.2.0/node_modules/jest-mock/build/index.js:460:31), <anonymous>:3:56)
          at writeHistory (/home/bamer/nextjs-llama-async-proxy/src/lib/monitor.ts:35:8)
          at /home/bamer/nextjs-llama-async-proxy/src/lib/__tests__/monitor.test.ts:340:32
          at Object.<anonymous> (/home/bamer/nextjs-llama-async-proxy/node_modules/.pnpm/expect@30.2.0/node_modules/expect/build/index.js:1824:9)
          at Object.throwingMatcher [as toThrow] (/home/bamer/nextjs-llama-async-proxy/node_modules/.pnpm/expect@30.2.0/node_modules/expect/build/index.js:2235:93)
          at Object.<anonymous> (/home/bamer/nextjs-llama-async-proxy/src/lib/__tests__/monitor.test.ts:340:42)
          at Promise.finally.completed (/home/bamer/nextjs-llama-async-proxy/node_modules/.pnpm/jest-circus@30.2.0_babel-plugin-macros@3.1.0/node_modules/jest-circus/build/jestAdapterInit.js:1557:28)
          at new Promise (<anonymous>)
          at callAsyncCircusFn (/home/bamer/nextjs-llama-async-proxy/node_modules/.pnpm/jest-circus@30.2.0_babel-plugin-macros@3.1.0/node_modules/jest-circus/build/jestAdapterInit.js:1497:10)
          at _callCircusTest (/home/bamer/nextjs-llama-async-proxy/node_modules/.pnpm/jest-circus@30.2.0_babel-plugin-macros@3.1.0/node_modules/jest-circus/build/jestAdapterInit.js:1007:40)
          at processTicksAndRejections (node:internal/process/task_queues:103:5)
          at _runTest (/home/bamer/nextjs-llama-async-proxy/node_modules/.pnpm/jest-circus@30.2.0_babel-plugin-macros@3.1.0/node_modules/jest-circus/build/jestAdapterInit.js:947:3)
          at /home/bamer/nextjs-llama-async-proxy/node_modules/.pnpm/jest-circus@30.2.0_babel-plugin-macros@3.1.0/node_modules/jest-circus/build/jestAdapterInit.js:849:7
          at _runTestsForDescribeBlock (/home/bamer/nextjs-llama-async-proxy/node_modules/.pnpm/jest-circus@30.2.0_babel-plugin-macros@3.1.0/node_modules/jest-circus/build/jestAdapterInit.js:862:11)
          at _runTestsForDescribeBlock (/home/bamer/nextjs-llama-async-proxy/node_modules/.pnpm/jest-circus@30.2.0_babel-plugin-macros@3.1.0/node_modules/jest-circus/build/jestAdapterInit.js:857:11)
          at _runTestsForDescribeBlock (/home/bamer/nextjs-llama-async-proxy/node_modules/.pnpm/jest-circus@30.2.0_babel-plugin-macros@3.1.0/node_modules/jest-circus/build/jestAdapterInit.js:857:11)
          at run (/home/bamer/nextjs-llama-async-proxy/node_modules/.pnpm/jest-circus@30.2.0_babel-plugin-macros@3.1.0/node_modules/jest-circus/build/jestAdapterInit.js:761:3)
          at runAndTransformResultsToJestFormat (/home/bamer/nextjs-llama-async-proxy/node_modules/.pnpm/jest-circus@30.2.0_babel-plugin-macros@3.1.0/node_modules/jest-circus/build/jestAdapterInit.js:1918:21)
          at jestAdapter (/home/bamer/nextjs-llama-async-proxy/node_modules/.pnpm/jest-circus@30.2.0_babel-plugin-macros@3.1.0/node_modules/jest-circus/build/runner.js:101:19)
          at runTestInternal (/home/bamer/nextjs-llama-async-proxy/node_modules/.pnpm/jest-runner@30.2.0/node_modules/jest-runner/build/testWorker.js:275:16)
          at runTest (/home/bamer/nextjs-llama-async-proxy/node_modules/.pnpm/jest-runner@30.2.0/node_modules/jest-runner/build/testWorker.js:343:7)
          at Object.worker (/home/bamer/nextjs-llama-async-proxy/node_modules/.pnpm/jest-runner@30.2.0/node_modules/jest-runner/build/testWorker.js:497:12)

      35 |     fs.renameSync(tmp, HISTORY_FILE);
      36 |   } catch (e) {
    > 37 |     console.error('Failed to persist monitoring history:', e);
         |             ^
      38 |   }
      39 | }
      40 |

      at writeHistory (src/lib/monitor.ts:37:13)
      at src/lib/__tests__/monitor.test.ts:340:32
      at Object.<anonymous> (node_modules/.pnpm/expect@30.2.0/node_modules/expect/build/index.js:1824:9)
      at Object.throwingMatcher [as toThrow] (node_modules/.pnpm/expect@30.2.0/node_modules/expect/build/index.js:2235:93)
      at Object.<anonymous> (src/lib/__tests__/monitor.test.ts:340:42)

    console.error
      Failed to persist monitoring history: Error: Rename error
          at Object.<anonymous> (/home/bamer/nextjs-llama-async-proxy/src/lib/__tests__/monitor.test.ts:337:15)
          at /home/bamer/nextjs-llama-async-proxy/node_modules/.pnpm/jest-mock@30.2.0/node_modules/jest-mock/build/index.js:305:39
          at Object.<anonymous> (/home/bamer/nextjs-llama-async-proxy/node_modules/.pnpm/jest-mock@30.2.0/node_modules/jest-mock/build/index.js:312:13)
          at Object.mockConstructor (/home/bamer/nextjs-llama-async-proxy/node_modules/.pnpm/jest-mock@30.2.0/node_modules/jest-mock/build/index.js:102:19)
          at Object.renameSync (eval at _createMockFunction (/home/bamer/nextjs-llama-async-proxy/node_modules/.pnpm/jest-mock@30.2.0/node_modules/jest-mock/build/index.js:460:31), <anonymous>:3:56)
          at writeHistory (/home/bamer/nextjs-llama-async-proxy/src/lib/monitor.ts:35:8)
          at Object.<anonymous> (/home/bamer/nextjs-llama-async-proxy/src/lib/__tests__/monitor.test.ts:346:19)
          at Promise.finally.completed (/home/bamer/nextjs-llama-async-proxy/node_modules/.pnpm/jest-circus@30.2.0_babel-plugin-macros@3.1.0/node_modules/jest-circus/build/jestAdapterInit.js:1557:28)
          at new Promise (<anonymous>)
          at callAsyncCircusFn (/home/bamer/nextjs-llama-async-proxy/node_modules/.pnpm/jest-circus@30.2.0_babel-plugin-macros@3.1.0/node_modules/jest-circus/build/jestAdapterInit.js:1497:10)
          at _callCircusTest (/home/bamer/nextjs-llama-async-proxy/node_modules/.pnpm/jest-circus@30.2.0_babel-plugin-macros@3.1.0/node_modules/jest-circus/build/jestAdapterInit.js:1007:40)
          at processTicksAndRejections (node:internal/process/task_queues:103:5)
          at _runTest (/home/bamer/nextjs-llama-async-proxy/node_modules/.pnpm/jest-circus@30.2.0_babel-plugin-macros@3.1.0/node_modules/jest-circus/build/jestAdapterInit.js:947:3)
          at /home/bamer/nextjs-llama-async-proxy/node_modules/.pnpm/jest-circus@30.2.0_babel-plugin-macros@3.1.0/node_modules/jest-circus/build/jestAdapterInit.js:849:7
          at _runTestsForDescribeBlock (/home/bamer/nextjs-llama-async-proxy/node_modules/.pnpm/jest-circus@30.2.0_babel-plugin-macros@3.1.0/node_modules/jest-circus/build/jestAdapterInit.js:862:11)
          at _runTestsForDescribeBlock (/home/bamer/nextjs-llama-async-proxy/node_modules/.pnpm/jest-circus@30.2.0_babel-plugin-macros@3.1.0/node_modules/jest-circus/build/jestAdapterInit.js:857:11)
          at _runTestsForDescribeBlock (/home/bamer/nextjs-llama-async-proxy/node_modules/.pnpm/jest-circus@30.2.0_babel-plugin-macros@3.1.0/node_modules/jest-circus/build/jestAdapterInit.js:857:11)
          at run (/home/bamer/nextjs-llama-async-proxy/node_modules/.pnpm/jest-circus@30.2.0_babel-plugin-macros@3.1.0/node_modules/jest-circus/build/jestAdapterInit.js:761:3)
          at runAndTransformResultsToJestFormat (/home/bamer/nextjs-llama-async-proxy/node_modules/.pnpm/jest-circus@30.2.0_babel-plugin-macros@3.1.0/node_modules/jest-circus/build/jestAdapterInit.js:1918:21)
          at jestAdapter (/home/bamer/nextjs-llama-async-proxy/node_modules/.pnpm/jest-circus@30.2.0_babel-plugin-macros@3.1.0/node_modules/jest-circus/build/runner.js:101:19)
          at runTestInternal (/home/bamer/nextjs-llama-async-proxy/node_modules/.pnpm/jest-runner@30.2.0/node_modules/jest-runner/build/testWorker.js:275:16)
          at runTest (/home/bamer/nextjs-llama-async-proxy/node_modules/.pnpm/jest-runner@30.2.0/node_modules/jest-runner/build/testWorker.js:343:7)
          at Object.worker (/home/bamer/nextjs-llama-async-proxy/node_modules/.pnpm/jest-runner@30.2.0/node_modules/jest-runner/build/testWorker.js:497:12)

      35 |     fs.renameSync(tmp, HISTORY_FILE);
      36 |   } catch (e) {
    > 37 |     console.error('Failed to persist monitoring history:', e);
         |             ^
      38 |   }
      39 | }
      40 |

      at writeHistory (src/lib/monitor.ts:37:13)
      at Object.<anonymous> (src/lib/__tests__/monitor.test.ts:346:19)

    console.error
      Failed to persist monitoring history: Error: Rename error
          at Object.<anonymous> (/home/bamer/nextjs-llama-async-proxy/src/lib/__tests__/monitor.test.ts:337:15)
          at /home/bamer/nextjs-llama-async-proxy/node_modules/.pnpm/jest-mock@30.2.0/node_modules/jest-mock/build/index.js:305:39
          at Object.<anonymous> (/home/bamer/nextjs-llama-async-proxy/node_modules/.pnpm/jest-mock@30.2.0/node_modules/jest-mock/build/index.js:312:13)
          at Object.mockConstructor (/home/bamer/nextjs-llama-async-proxy/node_modules/.pnpm/jest-mock@30.2.0/node_modules/jest-mock/build/index.js:102:19)
          at Object.renameSync (eval at _createMockFunction (/home/bamer/nextjs-llama-async-proxy/node_modules/.pnpm/jest-mock@30.2.0/node_modules/jest-mock/build/index.js:460:31), <anonymous>:3:56)
          at writeHistory (/home/bamer/nextjs-llama-async-proxy/src/lib/monitor.ts:35:8)
          at Object.<anonymous> (/home/bamer/nextjs-llama-async-proxy/src/lib/__tests__/monitor.test.ts:358:19)
          at Promise.finally.completed (/home/bamer/nextjs-llama-async-proxy/node_modules/.pnpm/jest-circus@30.2.0_babel-plugin-macros@3.1.0/node_modules/jest-circus/build/jestAdapterInit.js:1557:28)
          at new Promise (<anonymous>)
          at callAsyncCircusFn (/home/bamer/nextjs-llama-async-proxy/node_modules/.pnpm/jest-circus@30.2.0_babel-plugin-macros@3.1.0/node_modules/jest-circus/build/jestAdapterInit.js:1497:10)
          at _callCircusTest (/home/bamer/nextjs-llama-async-proxy/node_modules/.pnpm/jest-circus@30.2.0_babel-plugin-macros@3.1.0/node_modules/jest-circus/build/jestAdapterInit.js:1007:40)
          at processTicksAndRejections (node:internal/process/task_queues:103:5)
          at _runTest (/home/bamer/nextjs-llama-async-proxy/node_modules/.pnpm/jest-circus@30.2.0_babel-plugin-macros@3.1.0/node_modules/jest-circus/build/jestAdapterInit.js:947:3)
          at /home/bamer/nextjs-llama-async-proxy/node_modules/.pnpm/jest-circus@30.2.0_babel-plugin-macros@3.1.0/node_modules/jest-circus/build/jestAdapterInit.js:849:7
          at _runTestsForDescribeBlock (/home/bamer/nextjs-llama-async-proxy/node_modules/.pnpm/jest-circus@30.2.0_babel-plugin-macros@3.1.0/node_modules/jest-circus/build/jestAdapterInit.js:862:11)
          at _runTestsForDescribeBlock (/home/bamer/nextjs-llama-async-proxy/node_modules/.pnpm/jest-circus@30.2.0_babel-plugin-macros@3.1.0/node_modules/jest-circus/build/jestAdapterInit.js:857:11)
          at _runTestsForDescribeBlock (/home/bamer/nextjs-llama-async-proxy/node_modules/.pnpm/jest-circus@30.2.0_babel-plugin-macros@3.1.0/node_modules/jest-circus/build/jestAdapterInit.js:857:11)
          at run (/home/bamer/nextjs-llama-async-proxy/node_modules/.pnpm/jest-circus@30.2.0_babel-plugin-macros@3.1.0/node_modules/jest-circus/build/jestAdapterInit.js:761:3)
          at runAndTransformResultsToJestFormat (/home/bamer/nextjs-llama-async-proxy/node_modules/.pnpm/jest-circus@30.2.0_babel-plugin-macros@3.1.0/node_modules/jest-circus/build/jestAdapterInit.js:1918:21)
          at jestAdapter (/home/bamer/nextjs-llama-async-proxy/node_modules/.pnpm/jest-circus@30.2.0_babel-plugin-macros@3.1.0/node_modules/jest-circus/build/runner.js:101:19)
          at runTestInternal (/home/bamer/nextjs-llama-async-proxy/node_modules/.pnpm/jest-runner@30.2.0/node_modules/jest-runner/build/testWorker.js:275:16)
          at runTest (/home/bamer/nextjs-llama-async-proxy/node_modules/.pnpm/jest-runner@30.2.0/node_modules/jest-runner/build/testWorker.js:343:7)
          at Object.worker (/home/bamer/nextjs-llama-async-proxy/node_modules/.pnpm/jest-runner@30.2.0/node_modules/jest-runner/build/testWorker.js:497:12)

      35 |     fs.renameSync(tmp, HISTORY_FILE);
      36 |   } catch (e) {
    > 37 |     console.error('Failed to persist monitoring history:', e);
         |             ^
      38 |   }
      39 | }
      40 |

      at writeHistory (src/lib/monitor.ts:37:13)
      at Object.<anonymous> (src/lib/__tests__/monitor.test.ts:358:19)

    console.error
      Failed to persist monitoring history: Error: Rename error
          at Object.<anonymous> (/home/bamer/nextjs-llama-async-proxy/src/lib/__tests__/monitor.test.ts:337:15)
          at /home/bamer/nextjs-llama-async-proxy/node_modules/.pnpm/jest-mock@30.2.0/node_modules/jest-mock/build/index.js:305:39
          at Object.<anonymous> (/home/bamer/nextjs-llama-async-proxy/node_modules/.pnpm/jest-mock@30.2.0/node_modules/jest-mock/build/index.js:312:13)
          at Object.mockConstructor (/home/bamer/nextjs-llama-async-proxy/node_modules/.pnpm/jest-mock@30.2.0/node_modules/jest-mock/build/index.js:102:19)
          at Object.renameSync (eval at _createMockFunction (/home/bamer/nextjs-llama-async-proxy/node_modules/.pnpm/jest-mock@30.2.0/node_modules/jest-mock/build/index.js:460:31), <anonymous>:3:56)
          at writeHistory (/home/bamer/nextjs-llama-async-proxy/src/lib/monitor.ts:35:8)
          at /home/bamer/nextjs-llama-async-proxy/src/lib/__tests__/monitor.test.ts:368:32
          at Object.<anonymous> (/home/bamer/nextjs-llama-async-proxy/node_modules/.pnpm/expect@30.2.0/node_modules/expect/build/index.js:1824:9)
          at Object.throwingMatcher [as toThrow] (/home/bamer/nextjs-llama-async-proxy/node_modules/.pnpm/expect@30.2.0/node_modules/expect/build/index.js:2235:93)
          at Object.<anonymous> (/home/bamer/nextjs-llama-async-proxy/src/lib/__tests__/monitor.test.ts:368:42)
          at Promise.finally.completed (/home/bamer/nextjs-llama-async-proxy/node_modules/.pnpm/jest-circus@30.2.0_babel-plugin-macros@3.1.0/node_modules/jest-circus/build/jestAdapterInit.js:1557:28)
          at new Promise (<anonymous>)
          at callAsyncCircusFn (/home/bamer/nextjs-llama-async-proxy/node_modules/.pnpm/jest-circus@30.2.0_babel-plugin-macros@3.1.0/node_modules/jest-circus/build/jestAdapterInit.js:1497:10)
          at _callCircusTest (/home/bamer/nextjs-llama-async-proxy/node_modules/.pnpm/jest-circus@30.2.0_babel-plugin-macros@3.1.0/node_modules/jest-circus/build/jestAdapterInit.js:1007:40)
          at processTicksAndRejections (node:internal/process/task_queues:103:5)
          at _runTest (/home/bamer/nextjs-llama-async-proxy/node_modules/.pnpm/jest-circus@30.2.0_babel-plugin-macros@3.1.0/node_modules/jest-circus/build/jestAdapterInit.js:947:3)
          at /home/bamer/nextjs-llama-async-proxy/node_modules/.pnpm/jest-circus@30.2.0_babel-plugin-macros@3.1.0/node_modules/jest-circus/build/jestAdapterInit.js:849:7
          at _runTestsForDescribeBlock (/home/bamer/nextjs-llama-async-proxy/node_modules/.pnpm/jest-circus@30.2.0_babel-plugin-macros@3.1.0/node_modules/jest-circus/build/jestAdapterInit.js:862:11)
          at _runTestsForDescribeBlock (/home/bamer/nextjs-llama-async-proxy/node_modules/.pnpm/jest-circus@30.2.0_babel-plugin-macros@3.1.0/node_modules/jest-circus/build/jestAdapterInit.js:857:11)
          at _runTestsForDescribeBlock (/home/bamer/nextjs-llama-async-proxy/node_modules/.pnpm/jest-circus@30.2.0_babel-plugin-macros@3.1.0/node_modules/jest-circus/build/jestAdapterInit.js:857:11)
          at run (/home/bamer/nextjs-llama-async-proxy/node_modules/.pnpm/jest-circus@30.2.0_babel-plugin-macros@3.1.0/node_modules/jest-circus/build/jestAdapterInit.js:761:3)
          at runAndTransformResultsToJestFormat (/home/bamer/nextjs-llama-async-proxy/node_modules/.pnpm/jest-circus@30.2.0_babel-plugin-macros@3.1.0/node_modules/jest-circus/build/jestAdapterInit.js:1918:21)
          at jestAdapter (/home/bamer/nextjs-llama-async-proxy/node_modules/.pnpm/jest-circus@30.2.0_babel-plugin-macros@3.1.0/node_modules/jest-circus/build/runner.js:101:19)
          at runTestInternal (/home/bamer/nextjs-llama-async-proxy/node_modules/.pnpm/jest-runner@30.2.0/node_modules/jest-runner/build/testWorker.js:275:16)
          at runTest (/home/bamer/nextjs-llama-async-proxy/node_modules/.pnpm/jest-runner@30.2.0/node_modules/jest-runner/build/testWorker.js:343:7)
          at Object.worker (/home/bamer/nextjs-llama-async-proxy/node_modules/.pnpm/jest-runner@30.2.0/node_modules/jest-runner/build/testWorker.js:497:12)

      35 |     fs.renameSync(tmp, HISTORY_FILE);
      36 |   } catch (e) {
    > 37 |     console.error('Failed to persist monitoring history:', e);
         |             ^
      38 |   }
      39 | }
      40 |

      at writeHistory (src/lib/monitor.ts:37:13)
      at src/lib/__tests__/monitor.test.ts:368:32
      at Object.<anonymous> (node_modules/.pnpm/expect@30.2.0/node_modules/expect/build/index.js:1824:9)
      at Object.throwingMatcher [as toThrow] (node_modules/.pnpm/expect@30.2.0/node_modules/expect/build/index.js:2235:93)
      at Object.<anonymous> (src/lib/__tests__/monitor.test.ts:368:42)

    console.error
      Failed to persist monitoring history: Error: Rename error
          at Object.<anonymous> (/home/bamer/nextjs-llama-async-proxy/src/lib/__tests__/monitor.test.ts:337:15)
          at /home/bamer/nextjs-llama-async-proxy/node_modules/.pnpm/jest-mock@30.2.0/node_modules/jest-mock/build/index.js:305:39
          at Object.<anonymous> (/home/bamer/nextjs-llama-async-proxy/node_modules/.pnpm/jest-mock@30.2.0/node_modules/jest-mock/build/index.js:312:13)
          at Object.mockConstructor (/home/bamer/nextjs-llama-async-proxy/node_modules/.pnpm/jest-mock@30.2.0/node_modules/jest-mock/build/index.js:102:19)
          at Object.renameSync (eval at _createMockFunction (/home/bamer/nextjs-llama-async-proxy/node_modules/.pnpm/jest-mock@30.2.0/node_modules/jest-mock/build/index.js:460:31), <anonymous>:3:56)
          at writeHistory (/home/bamer/nextjs-llama-async-proxy/src/lib/monitor.ts:35:8)
          at /home/bamer/nextjs-llama-async-proxy/src/lib/__tests__/monitor.test.ts:378:32
          at Object.<anonymous> (/home/bamer/nextjs-llama-async-proxy/node_modules/.pnpm/expect@30.2.0/node_modules/expect/build/index.js:1824:9)
          at Object.throwingMatcher [as toThrow] (/home/bamer/nextjs-llama-async-proxy/node_modules/.pnpm/expect@30.2.0/node_modules/expect/build/index.js:2235:93)
          at Object.<anonymous> (/home/bamer/nextjs-llama-async-proxy/src/lib/__tests__/monitor.test.ts:378:52)
          at Promise.finally.completed (/home/bamer/nextjs-llama-async-proxy/node_modules/.pnpm/jest-circus@30.2.0_babel-plugin-macros@3.1.0/node_modules/jest-circus/build/jestAdapterInit.js:1557:28)
          at new Promise (<anonymous>)
          at callAsyncCircusFn (/home/bamer/nextjs-llama-async-proxy/node_modules/.pnpm/jest-circus@30.2.0_babel-plugin-macros@3.1.0/node_modules/jest-circus/build/jestAdapterInit.js:1497:10)
          at _callCircusTest (/home/bamer/nextjs-llama-async-proxy/node_modules/.pnpm/jest-circus@30.2.0_babel-plugin-macros@3.1.0/node_modules/jest-circus/build/jestAdapterInit.js:1007:40)
          at processTicksAndRejections (node:internal/process/task_queues:103:5)
          at _runTest (/home/bamer/nextjs-llama-async-proxy/node_modules/.pnpm/jest-circus@30.2.0_babel-plugin-macros@3.1.0/node_modules/jest-circus/build/jestAdapterInit.js:947:3)
          at /home/bamer/nextjs-llama-async-proxy/node_modules/.pnpm/jest-circus@30.2.0_babel-plugin-macros@3.1.0/node_modules/jest-circus/build/jestAdapterInit.js:849:7
          at _runTestsForDescribeBlock (/home/bamer/nextjs-llama-async-proxy/node_modules/.pnpm/jest-circus@30.2.0_babel-plugin-macros@3.1.0/node_modules/jest-circus/build/jestAdapterInit.js:862:11)
          at _runTestsForDescribeBlock (/home/bamer/nextjs-llama-async-proxy/node_modules/.pnpm/jest-circus@30.2.0_babel-plugin-macros@3.1.0/node_modules/jest-circus/build/jestAdapterInit.js:857:11)
          at _runTestsForDescribeBlock (/home/bamer/nextjs-llama-async-proxy/node_modules/.pnpm/jest-circus@30.2.0_babel-plugin-macros@3.1.0/node_modules/jest-circus/build/jestAdapterInit.js:857:11)
          at run (/home/bamer/nextjs-llama-async-proxy/node_modules/.pnpm/jest-circus@30.2.0_babel-plugin-macros@3.1.0/node_modules/jest-circus/build/jestAdapterInit.js:761:3)
          at runAndTransformResultsToJestFormat (/home/bamer/nextjs-llama-async-proxy/node_modules/.pnpm/jest-circus@30.2.0_babel-plugin-macros@3.1.0/node_modules/jest-circus/build/jestAdapterInit.js:1918:21)
          at jestAdapter (/home/bamer/nextjs-llama-async-proxy/node_modules/.pnpm/jest-circus@30.2.0_babel-plugin-macros@3.1.0/node_modules/jest-circus/build/runner.js:101:19)
          at runTestInternal (/home/bamer/nextjs-llama-async-proxy/node_modules/.pnpm/jest-runner@30.2.0/node_modules/jest-runner/build/testWorker.js:275:16)
          at runTest (/home/bamer/nextjs-llama-async-proxy/node_modules/.pnpm/jest-runner@30.2.0/node_modules/jest-runner/build/testWorker.js:343:7)
          at Object.worker (/home/bamer/nextjs-llama-async-proxy/node_modules/.pnpm/jest-runner@30.2.0/node_modules/jest-runner/build/testWorker.js:497:12)

      35 |     fs.renameSync(tmp, HISTORY_FILE);
      36 |   } catch (e) {
    > 37 |     console.error('Failed to persist monitoring history:', e);
         |             ^
      38 |   }
      39 | }
      40 |

      at writeHistory (src/lib/monitor.ts:37:13)
      at src/lib/__tests__/monitor.test.ts:378:32
      at Object.<anonymous> (node_modules/.pnpm/expect@30.2.0/node_modules/expect/build/index.js:1824:9)
      at Object.throwingMatcher [as toThrow] (node_modules/.pnpm/expect@30.2.0/node_modules/expect/build/index.js:2235:93)
      at Object.<anonymous> (src/lib/__tests__/monitor.test.ts:378:52)

  ● monitor › captureMetrics › handles all idle time

    expect(received).toBe(expected) // Object.is equality

    Expected: 0
    Received: -Infinity

      202 |       const metrics = captureMetrics();
      203 |
    > 204 |       expect(metrics.cpuUsage).toBe(0);
          |                                ^
      205 |     });
      206 |
      207 |     it('handles zero memory usage', () => {

      at Object.<anonymous> (src/lib/__tests__/monitor.test.ts:204:32)

  ● monitor › writeHistory › writes history to temporary file

    expect(jest.fn()).toHaveBeenCalledWith(...expected)

    Expected: "/mock/path/monitoring-history.json.tmp", "[
      {
        \"cpuUsage\": 45,
        \"memoryUsage\": 60
      }
    ]", "utf8"
    Received: "undefined.tmp", "[
      {
        \"cpuUsage\": 45,
        \"memoryUsage\": 60
      }
    ]", "utf8"

    Number of calls: 1

      306 |       writeHistory(mockHistory);
      307 |
    > 308 |       expect(mockedFs.writeFileSync).toHaveBeenCalledWith(
          |                                      ^
      309 |         '/mock/path/monitoring-history.json.tmp',
      310 |         JSON.stringify(mockHistory, null, 2),
      311 |         'utf8'

      at Object.<anonymous> (src/lib/__tests__/monitor.test.ts:308:38)

  ● monitor › writeHistory › renames temporary file to final file

    expect(jest.fn()).toHaveBeenCalledWith(...expected)

    Expected: "/mock/path/monitoring-history.json.tmp", "/mock/path/monitoring-history.json"
    Received: "undefined.tmp", undefined

    Number of calls: 1

      318 |       writeHistory(mockHistory);
      319 |
    > 320 |       expect(mockedFs.renameSync).toHaveBeenCalledWith(
          |                                   ^
      321 |         '/mock/path/monitoring-history.json.tmp',
      322 |         '/mock/path/monitoring-history.json'
      323 |       );

      at Object.<anonymous> (src/lib/__tests__/monitor.test.ts:320:35)

  ● monitor › startPeriodicRecording › starts recording interval

    TypeError: (0 , monitor_1.startPeriodicRecording) is not a function

      382 |   describe('startPeriodicRecording', () => {
      383 |     it('starts recording interval', () => {
    > 384 |       startPeriodicRecording();
          |                             ^
      385 |
      386 |       expect(setInterval).toHaveBeenCalledWith(expect.any(Function), 30000);
      387 |     });

      at Object.<anonymous> (src/lib/__tests__/monitor.test.ts:384:29)

  ● monitor › startPeriodicRecording › does not start multiple intervals

    TypeError: (0 , monitor_1.startPeriodicRecording) is not a function

      388 |
      389 |     it('does not start multiple intervals', () => {
    > 390 |       startPeriodicRecording();
          |                             ^
      391 |       startPeriodicRecording();
      392 |
      393 |       expect(setInterval).toHaveBeenCalledTimes(1);

      at Object.<anonymous> (src/lib/__tests__/monitor.test.ts:390:29)

  ● monitor › startPeriodicRecording › captures metrics on interval

    TypeError: (0 , monitor_1.startPeriodicRecording) is not a function

      399 |       mockedFs.renameSync.mockReturnValue(undefined);
      400 |
    > 401 |       startPeriodicRecording();
          |                             ^
      402 |
      403 |       jest.advanceTimersByTime(30000);
      404 |

      at Object.<anonymous> (src/lib/__tests__/monitor.test.ts:401:29)

  ● monitor › startPeriodicRecording › writes metrics to history file

    TypeError: (0 , monitor_1.startPeriodicRecording) is not a function

      411 |       mockedFs.renameSync.mockReturnValue(undefined);
      412 |
    > 413 |       startPeriodicRecording();
          |                             ^
      414 |
      415 |       jest.advanceTimersByTime(30000);
      416 |

      at Object.<anonymous> (src/lib/__tests__/monitor.test.ts:413:29)

  ● monitor › startPeriodicRecording › adds id to metrics entry

    TypeError: (0 , monitor_1.startPeriodicRecording) is not a function

      423 |       mockedFs.renameSync.mockReturnValue(undefined);
      424 |
    > 425 |       startPeriodicRecording();
          |                             ^
      426 |
      427 |       jest.advanceTimersByTime(30000);
      428 |

      at Object.<anonymous> (src/lib/__tests__/monitor.test.ts:425:29)

  ● monitor › startPeriodicRecording › uses timestamp as id

    TypeError: (0 , monitor_1.startPeriodicRecording) is not a function

      439 |       mockedFs.renameSync.mockReturnValue(undefined);
      440 |
    > 441 |       startPeriodicRecording();
          |                             ^
      442 |
      443 |       jest.advanceTimersByTime(30000);
      444 |

      at Object.<anonymous> (src/lib/__tests__/monitor.test.ts:441:29)

  ● monitor › startPeriodicRecording › records multiple intervals

    TypeError: (0 , monitor_1.startPeriodicRecording) is not a function

      454 |       mockedFs.renameSync.mockReturnValue(undefined);
      455 |
    > 456 |       startPeriodicRecording();
          |                             ^
      457 |
      458 |       for (let i = 0; i < 5; i++) {
      459 |         jest.advanceTimersByTime(30000);

      at Object.<anonymous> (src/lib/__tests__/monitor.test.ts:456:29)

  ● monitor › startPeriodicRecording › reads existing history before writing

    TypeError: (0 , monitor_1.startPeriodicRecording) is not a function

      470 |       mockedFs.renameSync.mockReturnValue(undefined);
      471 |
    > 472 |       startPeriodicRecording();
          |                             ^
      473 |
      474 |       jest.advanceTimersByTime(30000);
      475 |

      at Object.<anonymous> (src/lib/__tests__/monitor.test.ts:472:29)

  ● monitor › monitor default export › exports startPeriodicRecording

    expect(received).toBe(expected) // Object.is equality

    Expected: undefined
    Received: [Function startPeriodicRecording]

      488 |
      489 |     it('exports startPeriodicRecording', () => {
    > 490 |       expect(monitor.startPeriodicRecording).toBe(startPeriodicRecording);
          |                                              ^
      491 |     });
      492 |
      493 |     it('exports readHistory', () => {

      at Object.<anonymous> (src/lib/__tests__/monitor.test.ts:490:46)

  ● monitor › Edge cases › handles history with invalid entries

    expect(received).toEqual(expected) // deep equality

    - Expected  - 1
    + Received  + 1

    @@ -5,7 +5,7 @@
        },
        Object {
          "invalid": "data",
        },
        null,
    -   undefined,
    +   null,
      ]

      570 |       const history = readHistory();
      571 |
    > 572 |       expect(history).toEqual(invalidHistory);
          |                       ^
      573 |     });
      574 |
      575 |     it('handles metrics capture during recording interval', () => {

      at Object.<anonymous> (src/lib/__tests__/monitor.test.ts:572:23)

  ● monitor › Edge cases › handles metrics capture during recording interval

    TypeError: (0 , monitor_1.startPeriodicRecording) is not a function

      578 |       mockedFs.renameSync.mockReturnValue(undefined);
      579 |
    > 580 |       startPeriodicRecording();
          |                             ^
      581 |
      582 |       const manualMetrics = captureMetrics();
      583 |

      at Object.<anonymous> (src/lib/__tests__/monitor.test.ts:580:29)

  ● monitor › Integration › records metrics over time

    TypeError: (0 , monitor_1.startPeriodicRecording) is not a function

      633 |       mockedFs.renameSync.mockReturnValue(undefined);
      634 |
    > 635 |       startPeriodicRecording();
          |                             ^
      636 |
      637 |       for (let i = 0; i < 10; i++) {
      638 |         jest.advanceTimersByTime(30000);

      at Object.<anonymous> (src/lib/__tests__/monitor.test.ts:635:29)

  ● monitor › Integration › persists metrics correctly

    expect(received).toEqual(expected) // deep equality

    - Expected  - 1
    + Received  + 1

      Array [
        Object {
          "cpuUsage": -33,
    -     "memoryUsage": NaN,
    +     "memoryUsage": null,
          "timestamp": "2025-12-27T03:33:01.788Z",
          "uptimeSeconds": -1,
        },
      ]

      666 |       const readHistoryData = readHistory();
      667 |
    > 668 |       expect(readHistoryData).toEqual(history);
          |                               ^
      669 |     });
      670 |   });
      671 |

      at Object.<anonymous> (src/lib/__tests__/monitor.test.ts:668:31)

FAIL __tests__/components/ui/ThemeToggle.test.tsx
  ● ThemeToggle › displays sun icon in light mode

    ReferenceError: themeContext is not defined

      50 |
      51 |   it('displays sun icon in light mode', () => {
    > 52 |     (themeContext.useTheme as jest.Mock).mockReturnValue({
         |      ^
      53 |       mode: 'light',
      54 |       setMode: mockSetMode,
      55 |       isDark: false,

      at Object.<anonymous> (__tests__/components/ui/ThemeToggle.test.tsx:52:6)

  ● ThemeToggle › displays moon icon in dark mode

    ReferenceError: themeContext is not defined

      63 |
      64 |   it('displays moon icon in dark mode', () => {
    > 65 |     (themeContext.useTheme as jest.Mock).mockReturnValue({
         |      ^
      66 |       mode: 'dark',
      67 |       setMode: mockSetMode,
      68 |       isDark: true,

      at Object.<anonymous> (__tests__/components/ui/ThemeToggle.test.tsx:65:6)

  ● ThemeToggle › displays monitor icon in system mode

    ReferenceError: themeContext is not defined

      76 |
      77 |   it('displays monitor icon in system mode', () => {
    > 78 |     (themeContext.useTheme as jest.Mock).mockReturnValue({
         |      ^
      79 |       mode: 'system',
      80 |       setMode: mockSetMode,
      81 |       isDark: false,

      at Object.<anonymous> (__tests__/components/ui/ThemeToggle.test.tsx:78:6)

  ● ThemeToggle › cycles from light to dark mode

    ReferenceError: themeContext is not defined

      89 |
      90 |   it('cycles from light to dark mode', () => {
    > 91 |     (themeContext.useTheme as jest.Mock).mockReturnValue({
         |      ^
      92 |       mode: 'light',
      93 |       setMode: mockSetMode,
      94 |       isDark: false,

      at Object.<anonymous> (__tests__/components/ui/ThemeToggle.test.tsx:91:6)

  ● ThemeToggle › cycles from dark to system mode

    ReferenceError: themeContext is not defined

      105 |
      106 |   it('cycles from dark to system mode', () => {
    > 107 |     (themeContext.useTheme as jest.Mock).mockReturnValue({
          |      ^
      108 |       mode: 'dark',
      109 |       setMode: mockSetMode,
      110 |       isDark: true,

      at Object.<anonymous> (__tests__/components/ui/ThemeToggle.test.tsx:107:6)

  ● ThemeToggle › cycles from system to light mode

    ReferenceError: themeContext is not defined

      121 |
      122 |   it('cycles from system to light mode', () => {
    > 123 |     (themeContext.useTheme as jest.Mock).mockReturnValue({
          |      ^
      124 |       mode: 'system',
      125 |       setMode: mockSetMode,
      126 |       isDark: false,

      at Object.<anonymous> (__tests__/components/ui/ThemeToggle.test.tsx:123:6)

  ● ThemeToggle › has correct aria-label

    ReferenceError: themeContext is not defined

      137 |
      138 |   it('has correct aria-label', () => {
    > 139 |     (themeContext.useTheme as jest.Mock).mockReturnValue({
          |      ^
      140 |       mode: 'light',
      141 |       setMode: mockSetMode,
      142 |       isDark: false,

      at Object.<anonymous> (__tests__/components/ui/ThemeToggle.test.tsx:139:6)

  ● ThemeToggle › displays tooltip with correct text in light mode

    ReferenceError: themeContext is not defined

      151 |
      152 |   it('displays tooltip with correct text in light mode', () => {
    > 153 |     (themeContext.useTheme as jest.Mock).mockReturnValue({
          |      ^
      154 |       mode: 'light',
      155 |       setMode: mockSetMode,
      156 |       isDark: false,

      at Object.<anonymous> (__tests__/components/ui/ThemeToggle.test.tsx:153:6)

  ● ThemeToggle › displays tooltip with correct text in dark mode

    ReferenceError: themeContext is not defined

      165 |
      166 |   it('displays tooltip with correct text in dark mode', () => {
    > 167 |     (themeContext.useTheme as jest.Mock).mockReturnValue({
          |      ^
      168 |       mode: 'dark',
      169 |       setMode: mockSetMode,
      170 |       isDark: true,

      at Object.<anonymous> (__tests__/components/ui/ThemeToggle.test.tsx:167:6)

  ● ThemeToggle › displays tooltip with correct text in system mode

    ReferenceError: themeContext is not defined

      179 |
      180 |   it('displays tooltip with correct text in system mode', () => {
    > 181 |     (themeContext.useTheme as jest.Mock).mockReturnValue({
          |      ^
      182 |       mode: 'system',
      183 |       setMode: mockSetMode,
      184 |       isDark: false,

      at Object.<anonymous> (__tests__/components/ui/ThemeToggle.test.tsx:181:6)

  ● ThemeToggle › handles multiple clicks

    expect(jest.fn()).toHaveBeenLastCalledWith(...expected)

    Expected: "system"
    Received
           1: "dark"
    ->     2: "dark"

    Number of calls: 2

      220 |     // Second click - dark to system
      221 |     fireEvent.click(button);
    > 222 |     expect(mockSetMode).toHaveBeenLastCalledWith('system');
          |                         ^
      223 |
      224 |     // Update mock return value for system mode
      225 |     (useTheme as jest.Mock).mockReturnValue({

      at Object.<anonymous> (__tests__/components/ui/ThemeToggle.test.tsx:222:25)

  ● ThemeToggle › returns placeholder div before mount

    ReferenceError: themeContext is not defined

      240 |
      241 |   it('returns placeholder div before mount', () => {
    > 242 |     (themeContext.useTheme as jest.Mock).mockReturnValue({
          |      ^
      243 |       mode: 'light',
      244 |       setMode: mockSetMode,
      245 |       isDark: false,

      at Object.<anonymous> (__tests__/components/ui/ThemeToggle.test.tsx:242:6)

  ● ThemeToggle › calls useTheme hook

    ReferenceError: themeContext is not defined

      253 |
      254 |   it('calls useTheme hook', () => {
    > 255 |     (themeContext.useTheme as jest.Mock).mockReturnValue({
          |      ^
      256 |       mode: 'light',
      257 |       setMode: mockSetMode,
      258 |       isDark: false,

      at Object.<anonymous> (__tests__/components/ui/ThemeToggle.test.tsx:255:6)

  ● ThemeToggle › handles default mode in getThemeIcon

    ReferenceError: themeContext is not defined

      266 |
      267 |   it('handles default mode in getThemeIcon', () => {
    > 268 |     (themeContext.useTheme as jest.Mock).mockReturnValue({
          |      ^
      269 |       mode: 'invalid' as any,
      270 |       setMode: mockSetMode,
      271 |       isDark: false,

      at Object.<anonymous> (__tests__/components/ui/ThemeToggle.test.tsx:268:6)

  ● ThemeToggle › handles default mode in getThemeLabel

    ReferenceError: themeContext is not defined

      280 |
      281 |   it('handles default mode in getThemeLabel', () => {
    > 282 |     (themeContext.useTheme as jest.Mock).mockReturnValue({
          |      ^
      283 |       mode: 'invalid' as any,
      284 |       setMode: mockSetMode,
      285 |       isDark: false,

      at Object.<anonymous> (__tests__/components/ui/ThemeToggle.test.tsx:282:6)

(node:1526211) MaxListenersExceededWarning: Possible EventEmitter memory leak detected. 11 end listeners added to [DerivedLogger]. MaxListeners is 10. Use emitter.setMaxListeners() to increase limit
(Use `node --trace-warnings ...` to show where the warning was created)
(node:1526211) MaxListenersExceededWarning: Possible EventEmitter memory leak detected. 11 data listeners added to [DerivedLogger]. MaxListeners is 10. Use emitter.setMaxListeners() to increase limit
FAIL __tests__/lib/services/ModelDiscoveryService.test.ts
  ● Console

    console.error
      2025-12-27T03:33:02.299Z [FileStreamRotator] No filename supplied. Defaulting to STDOUT

      77 |   if (currentConfig.enableFileLogging) {
      78 |     loggerTransports.push(
    > 79 |       new DailyRotateFile({
         |       ^
      80 |         level: currentConfig.fileLevel,
      81 |         filename: 'logs/application-%DATE%.log',
      82 |         datePattern: 'YYYY-MM-DD',

      at Object.FileStreamRotator.getStream (node_modules/.pnpm/file-stream-rotator@0.6.1/node_modules/file-stream-rotator/FileStreamRotator.js:442:17)
      at new DailyRotateFile (node_modules/.pnpm/winston-daily-rotate-file@5.0.0_winston@3.19.0/node_modules/winston-daily-rotate-file/daily-rotate-file.js:81:57)
      at initLogger (src/lib/logger.ts:79:7)
      at Object.<anonymous> (src/lib/logger.ts:192:24)
      at Object.<anonymous> (src/lib/services/ModelDiscoveryService.ts:3:1)
      at Object.<anonymous> (__tests__/lib/services/ModelDiscoveryService.test.ts:3:1)

    console.error
      2025-12-27T03:33:02.314Z [FileStreamRotator] No filename supplied. Defaulting to STDOUT

      89 |   
      90 |     loggerTransports.push(
    > 91 |       new DailyRotateFile({
         |       ^
      92 |         level: currentConfig.errorLevel,
      93 |         filename: 'logs/errors-%DATE%.log',
      94 |         datePattern: 'YYYY-MM-DD',

      at Object.FileStreamRotator.getStream (node_modules/.pnpm/file-stream-rotator@0.6.1/node_modules/file-stream-rotator/FileStreamRotator.js:442:17)
      at new DailyRotateFile (node_modules/.pnpm/winston-daily-rotate-file@5.0.0_winston@3.19.0/node_modules/winston-daily-rotate-file/daily-rotate-file.js:81:57)
      at initLogger (src/lib/logger.ts:91:7)
      at Object.<anonymous> (src/lib/logger.ts:192:24)
      at Object.<anonymous> (src/lib/services/ModelDiscoveryService.ts:3:1)
      at Object.<anonymous> (__tests__/lib/services/ModelDiscoveryService.test.ts:3:1)

    console.log
      undefined [[32minfo[39m]: Logger initialized with configuration:

      at Console.log (node_modules/.pnpm/winston@3.19.0/node_modules/winston/lib/winston/transports/console.js:87:23)

  ● ModelDiscoveryService › discoverModels › should discover .gguf model files

    TypeError: Cannot read properties of undefined (reading 'readdir')

      54 |       };
      55 |
    > 56 |       mockedFs.readdir.mockResolvedValue([mockDirent] as any);
         |                ^
      57 |       mockedFs.stat.mockResolvedValue({
      58 |         isDirectory: jest.fn().mockReturnValue(false),
      59 |         size: 1000000000,

      at Object.<anonymous> (__tests__/lib/services/ModelDiscoveryService.test.ts:56:16)

  ● ModelDiscoveryService › discoverModels › should discover .quant.bin model files

    TypeError: Cannot read properties of undefined (reading 'readdir')

      76 |       };
      77 |
    > 78 |       mockedFs.readdir.mockResolvedValue([mockDirent] as any);
         |                ^
      79 |       mockedFs.stat.mockResolvedValue({
      80 |         isDirectory: jest.fn().mockReturnValue(false),
      81 |         size: 500000000,

      at Object.<anonymous> (__tests__/lib/services/ModelDiscoveryService.test.ts:78:16)

  ● ModelDiscoveryService › discoverModels › should discover .bin model files

    TypeError: Cannot read properties of undefined (reading 'readdir')

       96 |       };
       97 |
    >  98 |       mockedFs.readdir.mockResolvedValue([mockDirent] as any);
          |                ^
       99 |       mockedFs.stat.mockResolvedValue({
      100 |         isDirectory: jest.fn().mockReturnValue(false),
      101 |         size: 750000000,

      at Object.<anonymous> (__tests__/lib/services/ModelDiscoveryService.test.ts:98:16)

  ● ModelDiscoveryService › discoverModels › should recursively scan subdirectories

    TypeError: Cannot read properties of undefined (reading 'readdir')

      120 |       };
      121 |
    > 122 |       mockedFs.readdir
          |                ^
      123 |         .mockResolvedValueOnce([subDirDirent] as any)
      124 |         .mockResolvedValueOnce([modelDirent] as any);
      125 |

      at Object.<anonymous> (__tests__/lib/services/ModelDiscoveryService.test.ts:122:16)

  ● ModelDiscoveryService › discoverModels › should respect maxDepth parameter

    TypeError: Cannot read properties of undefined (reading 'readdir')

      145 |       };
      146 |
    > 147 |       mockedFs.readdir.mockResolvedValue([subDirDirent] as any);
          |                ^
      148 |       mockedFs.stat.mockResolvedValue({
      149 |         isDirectory: jest.fn().mockReturnValue(true),
      150 |       } as any);

      at Object.<anonymous> (__tests__/lib/services/ModelDiscoveryService.test.ts:147:16)

  ● ModelDiscoveryService › discoverModels › should load metadata from adjacent JSON file

    TypeError: Cannot read properties of undefined (reading 'readdir')

      161 |       };
      162 |
    > 163 |       mockedFs.readdir.mockResolvedValue([mockDirent] as any);
          |                ^
      164 |       mockedFs.stat.mockResolvedValue({
      165 |         isDirectory: jest.fn().mockReturnValue(false),
      166 |         size: 1000000000,

      at Object.<anonymous> (__tests__/lib/services/ModelDiscoveryService.test.ts:163:16)

  ● ModelDiscoveryService › discoverModels › should handle missing or invalid metadata file gracefully

    TypeError: Cannot read properties of undefined (reading 'readdir')

      180 |       };
      181 |
    > 182 |       mockedFs.readdir.mockResolvedValue([mockDirent] as any);
          |                ^
      183 |       mockedFs.stat.mockResolvedValue({
      184 |         isDirectory: jest.fn().mockReturnValue(false),
      185 |         size: 1000000000,

      at Object.<anonymous> (__tests__/lib/services/ModelDiscoveryService.test.ts:182:16)

  ● ModelDiscoveryService › discoverModels › should skip files that cannot be stated

    TypeError: Cannot read properties of undefined (reading 'readdir')

      200 |       };
      201 |
    > 202 |       mockedFs.readdir.mockResolvedValue([mockDirent] as any);
          |                ^
      203 |       mockedFs.stat.mockRejectedValue(new Error('Permission denied'));
      204 |
      205 |       const models = await service.discoverModels('/models');

      at Object.<anonymous> (__tests__/lib/services/ModelDiscoveryService.test.ts:202:16)

  ● ModelDiscoveryService › discoverModels › should handle non-model files

    TypeError: Cannot read properties of undefined (reading 'readdir')

      215 |       };
      216 |
    > 217 |       mockedFs.readdir.mockResolvedValue([mockDirent] as any);
          |                ^
      218 |       mockedFs.stat.mockResolvedValue({
      219 |         isDirectory: jest.fn().mockReturnValue(false),
      220 |         size: 1000,

      at Object.<anonymous> (__tests__/lib/services/ModelDiscoveryService.test.ts:217:16)

  ● ModelDiscoveryService › discoverModels › should handle directory scan errors

    TypeError: Cannot read properties of undefined (reading 'readdir')

      227 |
      228 |     it('should handle directory scan errors', async () => {
    > 229 |       mockedFs.readdir.mockRejectedValue(new Error('Permission denied'));
          |                ^
      230 |
      231 |       const models = await service.discoverModels('/models');
      232 |

      at Object.<anonymous> (__tests__/lib/services/ModelDiscoveryService.test.ts:229:16)

  ● ModelDiscoveryService › discoverModels › should handle case-insensitive extensions

    TypeError: Cannot read properties of undefined (reading 'readdir')

      245 |       };
      246 |
    > 247 |       mockedFs.readdir.mockResolvedValue([mockDirent1, mockDirent2] as any);
          |                ^
      248 |       mockedFs.stat
      249 |         .mockResolvedValueOnce({
      250 |           isDirectory: jest.fn().mockReturnValue(false),

      at Object.<anonymous> (__tests__/lib/services/ModelDiscoveryService.test.ts:247:16)

{"consoleLevel":"info","enableConsoleLogging":true,"enableFileLogging":true,"errorLevel":"error","fileLevel":"info","level":"info","message":"Logger initialized with configuration:","timestamp":"2025-12-27 10:33:02"}
FAIL __tests__/lib/server-config.test.ts
  ● Console

    console.error
      Failed to save config: Error: Write failed
          at /home/bamer/nextjs-llama-async-proxy/__tests__/lib/server-config.test.ts:205:15
          at /home/bamer/nextjs-llama-async-proxy/node_modules/.pnpm/jest-mock@30.2.0/node_modules/jest-mock/build/index.js:305:39
          at /home/bamer/nextjs-llama-async-proxy/node_modules/.pnpm/jest-mock@30.2.0/node_modules/jest-mock/build/index.js:312:13
          at mockConstructor (/home/bamer/nextjs-llama-async-proxy/node_modules/.pnpm/jest-mock@30.2.0/node_modules/jest-mock/build/index.js:102:19)
          at writeFileSync (eval at _createMockFunction (/home/bamer/nextjs-llama-async-proxy/node_modules/.pnpm/jest-mock@30.2.0/node_modules/jest-mock/build/index.js:460:31), <anonymous>:3:59)
          at saveConfig (/home/bamer/nextjs-llama-async-proxy/src/lib/server-config.ts:46:18)
          at Object.<anonymous> (/home/bamer/nextjs-llama-async-proxy/__tests__/lib/server-config.test.ts:221:17)
          at Promise.finally.completed (/home/bamer/nextjs-llama-async-proxy/node_modules/.pnpm/jest-circus@30.2.0_babel-plugin-macros@3.1.0/node_modules/jest-circus/build/jestAdapterInit.js:1557:28)
          at new Promise (<anonymous>)
          at callAsyncCircusFn (/home/bamer/nextjs-llama-async-proxy/node_modules/.pnpm/jest-circus@30.2.0_babel-plugin-macros@3.1.0/node_modules/jest-circus/build/jestAdapterInit.js:1497:10)
          at _callCircusTest (/home/bamer/nextjs-llama-async-proxy/node_modules/.pnpm/jest-circus@30.2.0_babel-plugin-macros@3.1.0/node_modules/jest-circus/build/jestAdapterInit.js:1007:40)
          at processTicksAndRejections (node:internal/process/task_queues:103:5)
          at _runTest (/home/bamer/nextjs-llama-async-proxy/node_modules/.pnpm/jest-circus@30.2.0_babel-plugin-macros@3.1.0/node_modules/jest-circus/build/jestAdapterInit.js:947:3)
          at /home/bamer/nextjs-llama-async-proxy/node_modules/.pnpm/jest-circus@30.2.0_babel-plugin-macros@3.1.0/node_modules/jest-circus/build/jestAdapterInit.js:849:7
          at _runTestsForDescribeBlock (/home/bamer/nextjs-llama-async-proxy/node_modules/.pnpm/jest-circus@30.2.0_babel-plugin-macros@3.1.0/node_modules/jest-circus/build/jestAdapterInit.js:862:11)
          at _runTestsForDescribeBlock (/home/bamer/nextjs-llama-async-proxy/node_modules/.pnpm/jest-circus@30.2.0_babel-plugin-macros@3.1.0/node_modules/jest-circus/build/jestAdapterInit.js:857:11)
          at _runTestsForDescribeBlock (/home/bamer/nextjs-llama-async-proxy/node_modules/.pnpm/jest-circus@30.2.0_babel-plugin-macros@3.1.0/node_modules/jest-circus/build/jestAdapterInit.js:857:11)
          at run (/home/bamer/nextjs-llama-async-proxy/node_modules/.pnpm/jest-circus@30.2.0_babel-plugin-macros@3.1.0/node_modules/jest-circus/build/jestAdapterInit.js:761:3)
          at runAndTransformResultsToJestFormat (/home/bamer/nextjs-llama-async-proxy/node_modules/.pnpm/jest-circus@30.2.0_babel-plugin-macros@3.1.0/node_modules/jest-circus/build/jestAdapterInit.js:1918:21)
          at jestAdapter (/home/bamer/nextjs-llama-async-proxy/node_modules/.pnpm/jest-circus@30.2.0_babel-plugin-macros@3.1.0/node_modules/jest-circus/build/runner.js:101:19)
          at runTestInternal (/home/bamer/nextjs-llama-async-proxy/node_modules/.pnpm/jest-runner@30.2.0/node_modules/jest-runner/build/testWorker.js:275:16)
          at runTest (/home/bamer/nextjs-llama-async-proxy/node_modules/.pnpm/jest-runner@30.2.0/node_modules/jest-runner/build/testWorker.js:343:7)
          at Object.worker (/home/bamer/nextjs-llama-async-proxy/node_modules/.pnpm/jest-runner@30.2.0/node_modules/jest-runner/build/testWorker.js:497:12)

      47 |     console.log("Configuration saved to:", CONFIG_FILE);
      48 |   } catch (error) {
    > 49 |     console.error("Failed to save config:", error);
         |             ^
      50 |     throw error;
      51 |   }
      52 | }

      at saveConfig (src/lib/server-config.ts:49:13)
      at Object.<anonymous> (__tests__/lib/server-config.test.ts:221:17)

    console.error
      Failed to save config: Error: Write failed
          at /home/bamer/nextjs-llama-async-proxy/__tests__/lib/server-config.test.ts:205:15
          at /home/bamer/nextjs-llama-async-proxy/node_modules/.pnpm/jest-mock@30.2.0/node_modules/jest-mock/build/index.js:305:39
          at /home/bamer/nextjs-llama-async-proxy/node_modules/.pnpm/jest-mock@30.2.0/node_modules/jest-mock/build/index.js:312:13
          at mockConstructor (/home/bamer/nextjs-llama-async-proxy/node_modules/.pnpm/jest-mock@30.2.0/node_modules/jest-mock/build/index.js:102:19)
          at writeFileSync (eval at _createMockFunction (/home/bamer/nextjs-llama-async-proxy/node_modules/.pnpm/jest-mock@30.2.0/node_modules/jest-mock/build/index.js:460:31), <anonymous>:3:59)
          at saveConfig (/home/bamer/nextjs-llama-async-proxy/src/lib/server-config.ts:46:18)
          at Object.<anonymous> (/home/bamer/nextjs-llama-async-proxy/__tests__/lib/server-config.test.ts:232:17)
          at Promise.finally.completed (/home/bamer/nextjs-llama-async-proxy/node_modules/.pnpm/jest-circus@30.2.0_babel-plugin-macros@3.1.0/node_modules/jest-circus/build/jestAdapterInit.js:1557:28)
          at new Promise (<anonymous>)
          at callAsyncCircusFn (/home/bamer/nextjs-llama-async-proxy/node_modules/.pnpm/jest-circus@30.2.0_babel-plugin-macros@3.1.0/node_modules/jest-circus/build/jestAdapterInit.js:1497:10)
          at _callCircusTest (/home/bamer/nextjs-llama-async-proxy/node_modules/.pnpm/jest-circus@30.2.0_babel-plugin-macros@3.1.0/node_modules/jest-circus/build/jestAdapterInit.js:1007:40)
          at processTicksAndRejections (node:internal/process/task_queues:103:5)
          at _runTest (/home/bamer/nextjs-llama-async-proxy/node_modules/.pnpm/jest-circus@30.2.0_babel-plugin-macros@3.1.0/node_modules/jest-circus/build/jestAdapterInit.js:947:3)
          at /home/bamer/nextjs-llama-async-proxy/node_modules/.pnpm/jest-circus@30.2.0_babel-plugin-macros@3.1.0/node_modules/jest-circus/build/jestAdapterInit.js:849:7
          at _runTestsForDescribeBlock (/home/bamer/nextjs-llama-async-proxy/node_modules/.pnpm/jest-circus@30.2.0_babel-plugin-macros@3.1.0/node_modules/jest-circus/build/jestAdapterInit.js:862:11)
          at _runTestsForDescribeBlock (/home/bamer/nextjs-llama-async-proxy/node_modules/.pnpm/jest-circus@30.2.0_babel-plugin-macros@3.1.0/node_modules/jest-circus/build/jestAdapterInit.js:857:11)
          at _runTestsForDescribeBlock (/home/bamer/nextjs-llama-async-proxy/node_modules/.pnpm/jest-circus@30.2.0_babel-plugin-macros@3.1.0/node_modules/jest-circus/build/jestAdapterInit.js:857:11)
          at run (/home/bamer/nextjs-llama-async-proxy/node_modules/.pnpm/jest-circus@30.2.0_babel-plugin-macros@3.1.0/node_modules/jest-circus/build/jestAdapterInit.js:761:3)
          at runAndTransformResultsToJestFormat (/home/bamer/nextjs-llama-async-proxy/node_modules/.pnpm/jest-circus@30.2.0_babel-plugin-macros@3.1.0/node_modules/jest-circus/build/jestAdapterInit.js:1918:21)
          at jestAdapter (/home/bamer/nextjs-llama-async-proxy/node_modules/.pnpm/jest-circus@30.2.0_babel-plugin-macros@3.1.0/node_modules/jest-circus/build/runner.js:101:19)
          at runTestInternal (/home/bamer/nextjs-llama-async-proxy/node_modules/.pnpm/jest-runner@30.2.0/node_modules/jest-runner/build/testWorker.js:275:16)
          at runTest (/home/bamer/nextjs-llama-async-proxy/node_modules/.pnpm/jest-runner@30.2.0/node_modules/jest-runner/build/testWorker.js:343:7)
          at Object.worker (/home/bamer/nextjs-llama-async-proxy/node_modules/.pnpm/jest-runner@30.2.0/node_modules/jest-runner/build/testWorker.js:497:12)

      47 |     console.log("Configuration saved to:", CONFIG_FILE);
      48 |   } catch (error) {
    > 49 |     console.error("Failed to save config:", error);
         |             ^
      50 |     throw error;
      51 |   }
      52 | }

      at saveConfig (src/lib/server-config.ts:49:13)
      at Object.<anonymous> (__tests__/lib/server-config.test.ts:232:17)

  ● server-config › saveConfig › should save config to file

    expect(jest.fn()).toHaveBeenCalledWith(...expected)

    Expected: "/test/path/llama-server-config.json", StringContaining "\"port\": 9000", "utf8"
    Received: undefined, "{
      \"host\": \"localhost\",
      \"port\": 9000,
      \"basePath\": \"/models\",
      \"serverPath\": \"/home/bamer/llama.cpp/build/bin/llama-server\",
      \"ctx_size\": 8192,
      \"batch_size\": 512,
      \"threads\": -1,
      \"gpu_layers\": -1
    }"

    Number of calls: 1

      140 |       saveConfig(newConfig);
      141 |
    > 142 |       expect(fs.writeFileSync).toHaveBeenCalledWith(
          |                                ^
      143 |         mockConfigPath,
      144 |         expect.stringContaining('"port": 9000'),
      145 |         'utf8'

      at Object.<anonymous> (__tests__/lib/server-config.test.ts:142:32)

  ● server-config › saveConfig › should merge new config with existing config

    SyntaxError: "undefined" is not valid JSON
        at JSON.parse (<anonymous>)

      163 |
      164 |       const writeCall = (fs.writeFileSync as jest.Mock).mock.calls[0][0];
    > 165 |       const writtenConfig = JSON.parse(writeCall);
          |                                  ^
      166 |
      167 |       expect(writtenConfig.port).toBe(9000);
      168 |       expect(writtenConfig.host).toBe('localhost');

      at Object.<anonymous> (__tests__/lib/server-config.test.ts:165:34)

  ● server-config › saveConfig › should handle partial config update

    SyntaxError: "undefined" is not valid JSON
        at JSON.parse (<anonymous>)

      189 |
      190 |       const writeCall = (fs.writeFileSync as jest.Mock).mock.calls[0][0];
    > 191 |       const writtenConfig = JSON.parse(writeCall);
          |                                  ^
      192 |
      193 |       expect(writtenConfig.port).toBe(9000);
      194 |       expect(writtenConfig.ctx_size).toBe(8192);

      at Object.<anonymous> (__tests__/lib/server-config.test.ts:191:34)

  ● server-config › saveConfig › should write formatted JSON

    Write failed

      203 |       (fs.readFileSync as jest.Mock).mockReturnValue('{}');
      204 |       (fs.writeFileSync as jest.Mock).mockImplementation(() => {
    > 205 |         throw new Error('Write failed');
          |               ^
      206 |       });
      207 |
      208 |       expect(() => saveConfig({ port: 9000 })).toThrow('Write failed');

      at __tests__/lib/server-config.test.ts:205:15
      at saveConfig (src/lib/server-config.ts:46:18)
      at Object.<anonymous> (__tests__/lib/server-config.test.ts:221:17)

  ● server-config › saveConfig › should handle new config file (no existing file)

    Write failed

      203 |       (fs.readFileSync as jest.Mock).mockReturnValue('{}');
      204 |       (fs.writeFileSync as jest.Mock).mockImplementation(() => {
    > 205 |         throw new Error('Write failed');
          |               ^
      206 |       });
      207 |
      208 |       expect(() => saveConfig({ port: 9000 })).toThrow('Write failed');

      at __tests__/lib/server-config.test.ts:205:15
      at saveConfig (src/lib/server-config.ts:46:18)
      at Object.<anonymous> (__tests__/lib/server-config.test.ts:232:17)

FAIL src/lib/__tests__/analytics.test.ts
  ● Console

    console.error
      Failed to calculate storage used: TypeError: Cannot read properties of undefined (reading 'access')
          at AnalyticsEngine.getAnalytics (/home/bamer/nextjs-llama-async-proxy/src/lib/analytics.ts:77:16)
          at Object.<anonymous> (/home/bamer/nextjs-llama-async-proxy/src/lib/__tests__/analytics.test.ts:208:47)
          at Promise.finally.completed (/home/bamer/nextjs-llama-async-proxy/node_modules/.pnpm/jest-circus@30.2.0_babel-plugin-macros@3.1.0/node_modules/jest-circus/build/jestAdapterInit.js:1557:28)
          at new Promise (<anonymous>)
          at callAsyncCircusFn (/home/bamer/nextjs-llama-async-proxy/node_modules/.pnpm/jest-circus@30.2.0_babel-plugin-macros@3.1.0/node_modules/jest-circus/build/jestAdapterInit.js:1497:10)
          at _callCircusTest (/home/bamer/nextjs-llama-async-proxy/node_modules/.pnpm/jest-circus@30.2.0_babel-plugin-macros@3.1.0/node_modules/jest-circus/build/jestAdapterInit.js:1007:40)
          at processTicksAndRejections (node:internal/process/task_queues:103:5)
          at _runTest (/home/bamer/nextjs-llama-async-proxy/node_modules/.pnpm/jest-circus@30.2.0_babel-plugin-macros@3.1.0/node_modules/jest-circus/build/jestAdapterInit.js:947:3)
          at /home/bamer/nextjs-llama-async-proxy/node_modules/.pnpm/jest-circus@30.2.0_babel-plugin-macros@3.1.0/node_modules/jest-circus/build/jestAdapterInit.js:849:7
          at _runTestsForDescribeBlock (/home/bamer/nextjs-llama-async-proxy/node_modules/.pnpm/jest-circus@30.2.0_babel-plugin-macros@3.1.0/node_modules/jest-circus/build/jestAdapterInit.js:862:11)
          at _runTestsForDescribeBlock (/home/bamer/nextjs-llama-async-proxy/node_modules/.pnpm/jest-circus@30.2.0_babel-plugin-macros@3.1.0/node_modules/jest-circus/build/jestAdapterInit.js:857:11)
          at _runTestsForDescribeBlock (/home/bamer/nextjs-llama-async-proxy/node_modules/.pnpm/jest-circus@30.2.0_babel-plugin-macros@3.1.0/node_modules/jest-circus/build/jestAdapterInit.js:857:11)
          at run (/home/bamer/nextjs-llama-async-proxy/node_modules/.pnpm/jest-circus@30.2.0_babel-plugin-macros@3.1.0/node_modules/jest-circus/build/jestAdapterInit.js:761:3)
          at runAndTransformResultsToJestFormat (/home/bamer/nextjs-llama-async-proxy/node_modules/.pnpm/jest-circus@30.2.0_babel-plugin-macros@3.1.0/node_modules/jest-circus/build/jestAdapterInit.js:1918:21)
          at jestAdapter (/home/bamer/nextjs-llama-async-proxy/node_modules/.pnpm/jest-circus@30.2.0_babel-plugin-macros@3.1.0/node_modules/jest-circus/build/runner.js:101:19)
          at runTestInternal (/home/bamer/nextjs-llama-async-proxy/node_modules/.pnpm/jest-runner@30.2.0/node_modules/jest-runner/build/testWorker.js:275:16)
          at runTest (/home/bamer/nextjs-llama-async-proxy/node_modules/.pnpm/jest-runner@30.2.0/node_modules/jest-runner/build/testWorker.js:343:7)
          at Object.worker (/home/bamer/nextjs-llama-async-proxy/node_modules/.pnpm/jest-runner@30.2.0/node_modules/jest-runner/build/testWorker.js:497:12)

      85 |       storageUsed = sizes.reduce((total: number, size: number) => total + size, 0) / (1024 * 1024); // Convert to MB
      86 |     } catch (e) {
    > 87 |       console.error('Failed to calculate storage used:', e);
         |               ^
      88 |     }
      89 |
      90 |     // Get system metrics

      at AnalyticsEngine.getAnalytics (src/lib/analytics.ts:87:15)
      at Object.<anonymous> (src/lib/__tests__/analytics.test.ts:208:47)

    console.error
      Failed to calculate storage used: TypeError: Cannot read properties of undefined (reading 'access')
          at AnalyticsEngine.getAnalytics (/home/bamer/nextjs-llama-async-proxy/src/lib/analytics.ts:77:16)
          at Object.<anonymous> (/home/bamer/nextjs-llama-async-proxy/src/lib/__tests__/analytics.test.ts:227:47)
          at Promise.finally.completed (/home/bamer/nextjs-llama-async-proxy/node_modules/.pnpm/jest-circus@30.2.0_babel-plugin-macros@3.1.0/node_modules/jest-circus/build/jestAdapterInit.js:1557:28)
          at new Promise (<anonymous>)
          at callAsyncCircusFn (/home/bamer/nextjs-llama-async-proxy/node_modules/.pnpm/jest-circus@30.2.0_babel-plugin-macros@3.1.0/node_modules/jest-circus/build/jestAdapterInit.js:1497:10)
          at _callCircusTest (/home/bamer/nextjs-llama-async-proxy/node_modules/.pnpm/jest-circus@30.2.0_babel-plugin-macros@3.1.0/node_modules/jest-circus/build/jestAdapterInit.js:1007:40)
          at processTicksAndRejections (node:internal/process/task_queues:103:5)
          at _runTest (/home/bamer/nextjs-llama-async-proxy/node_modules/.pnpm/jest-circus@30.2.0_babel-plugin-macros@3.1.0/node_modules/jest-circus/build/jestAdapterInit.js:947:3)
          at /home/bamer/nextjs-llama-async-proxy/node_modules/.pnpm/jest-circus@30.2.0_babel-plugin-macros@3.1.0/node_modules/jest-circus/build/jestAdapterInit.js:849:7
          at _runTestsForDescribeBlock (/home/bamer/nextjs-llama-async-proxy/node_modules/.pnpm/jest-circus@30.2.0_babel-plugin-macros@3.1.0/node_modules/jest-circus/build/jestAdapterInit.js:862:11)
          at _runTestsForDescribeBlock (/home/bamer/nextjs-llama-async-proxy/node_modules/.pnpm/jest-circus@30.2.0_babel-plugin-macros@3.1.0/node_modules/jest-circus/build/jestAdapterInit.js:857:11)
          at _runTestsForDescribeBlock (/home/bamer/nextjs-llama-async-proxy/node_modules/.pnpm/jest-circus@30.2.0_babel-plugin-macros@3.1.0/node_modules/jest-circus/build/jestAdapterInit.js:857:11)
          at run (/home/bamer/nextjs-llama-async-proxy/node_modules/.pnpm/jest-circus@30.2.0_babel-plugin-macros@3.1.0/node_modules/jest-circus/build/jestAdapterInit.js:761:3)
          at runAndTransformResultsToJestFormat (/home/bamer/nextjs-llama-async-proxy/node_modules/.pnpm/jest-circus@30.2.0_babel-plugin-macros@3.1.0/node_modules/jest-circus/build/jestAdapterInit.js:1918:21)
          at jestAdapter (/home/bamer/nextjs-llama-async-proxy/node_modules/.pnpm/jest-circus@30.2.0_babel-plugin-macros@3.1.0/node_modules/jest-circus/build/runner.js:101:19)
          at runTestInternal (/home/bamer/nextjs-llama-async-proxy/node_modules/.pnpm/jest-runner@30.2.0/node_modules/jest-runner/build/testWorker.js:275:16)
          at runTest (/home/bamer/nextjs-llama-async-proxy/node_modules/.pnpm/jest-runner@30.2.0/node_modules/jest-runner/build/testWorker.js:343:7)
          at Object.worker (/home/bamer/nextjs-llama-async-proxy/node_modules/.pnpm/jest-runner@30.2.0/node_modules/jest-runner/build/testWorker.js:497:12)

      85 |       storageUsed = sizes.reduce((total: number, size: number) => total + size, 0) / (1024 * 1024); // Convert to MB
      86 |     } catch (e) {
    > 87 |       console.error('Failed to calculate storage used:', e);
         |               ^
      88 |     }
      89 |
      90 |     // Get system metrics

      at AnalyticsEngine.getAnalytics (src/lib/analytics.ts:87:15)
      at Object.<anonymous> (src/lib/__tests__/analytics.test.ts:227:47)

    console.error
      Failed to calculate storage used: TypeError: Cannot read properties of undefined (reading 'access')
          at AnalyticsEngine.getAnalytics (/home/bamer/nextjs-llama-async-proxy/src/lib/analytics.ts:77:16)
          at Object.<anonymous> (/home/bamer/nextjs-llama-async-proxy/src/lib/__tests__/analytics.test.ts:233:47)
          at Promise.finally.completed (/home/bamer/nextjs-llama-async-proxy/node_modules/.pnpm/jest-circus@30.2.0_babel-plugin-macros@3.1.0/node_modules/jest-circus/build/jestAdapterInit.js:1557:28)
          at new Promise (<anonymous>)
          at callAsyncCircusFn (/home/bamer/nextjs-llama-async-proxy/node_modules/.pnpm/jest-circus@30.2.0_babel-plugin-macros@3.1.0/node_modules/jest-circus/build/jestAdapterInit.js:1497:10)
          at _callCircusTest (/home/bamer/nextjs-llama-async-proxy/node_modules/.pnpm/jest-circus@30.2.0_babel-plugin-macros@3.1.0/node_modules/jest-circus/build/jestAdapterInit.js:1007:40)
          at processTicksAndRejections (node:internal/process/task_queues:103:5)
          at _runTest (/home/bamer/nextjs-llama-async-proxy/node_modules/.pnpm/jest-circus@30.2.0_babel-plugin-macros@3.1.0/node_modules/jest-circus/build/jestAdapterInit.js:947:3)
          at /home/bamer/nextjs-llama-async-proxy/node_modules/.pnpm/jest-circus@30.2.0_babel-plugin-macros@3.1.0/node_modules/jest-circus/build/jestAdapterInit.js:849:7
          at _runTestsForDescribeBlock (/home/bamer/nextjs-llama-async-proxy/node_modules/.pnpm/jest-circus@30.2.0_babel-plugin-macros@3.1.0/node_modules/jest-circus/build/jestAdapterInit.js:862:11)
          at _runTestsForDescribeBlock (/home/bamer/nextjs-llama-async-proxy/node_modules/.pnpm/jest-circus@30.2.0_babel-plugin-macros@3.1.0/node_modules/jest-circus/build/jestAdapterInit.js:857:11)
          at _runTestsForDescribeBlock (/home/bamer/nextjs-llama-async-proxy/node_modules/.pnpm/jest-circus@30.2.0_babel-plugin-macros@3.1.0/node_modules/jest-circus/build/jestAdapterInit.js:857:11)
          at run (/home/bamer/nextjs-llama-async-proxy/node_modules/.pnpm/jest-circus@30.2.0_babel-plugin-macros@3.1.0/node_modules/jest-circus/build/jestAdapterInit.js:761:3)
          at runAndTransformResultsToJestFormat (/home/bamer/nextjs-llama-async-proxy/node_modules/.pnpm/jest-circus@30.2.0_babel-plugin-macros@3.1.0/node_modules/jest-circus/build/jestAdapterInit.js:1918:21)
          at jestAdapter (/home/bamer/nextjs-llama-async-proxy/node_modules/.pnpm/jest-circus@30.2.0_babel-plugin-macros@3.1.0/node_modules/jest-circus/build/runner.js:101:19)
          at runTestInternal (/home/bamer/nextjs-llama-async-proxy/node_modules/.pnpm/jest-runner@30.2.0/node_modules/jest-runner/build/testWorker.js:275:16)
          at runTest (/home/bamer/nextjs-llama-async-proxy/node_modules/.pnpm/jest-runner@30.2.0/node_modules/jest-runner/build/testWorker.js:343:7)
          at Object.worker (/home/bamer/nextjs-llama-async-proxy/node_modules/.pnpm/jest-runner@30.2.0/node_modules/jest-runner/build/testWorker.js:497:12)

      85 |       storageUsed = sizes.reduce((total: number, size: number) => total + size, 0) / (1024 * 1024); // Convert to MB
      86 |     } catch (e) {
    > 87 |       console.error('Failed to calculate storage used:', e);
         |               ^
      88 |     }
      89 |
      90 |     // Get system metrics

      at AnalyticsEngine.getAnalytics (src/lib/analytics.ts:87:15)
      at Object.<anonymous> (src/lib/__tests__/analytics.test.ts:233:47)

    console.error
      Failed to calculate storage used: TypeError: Cannot read properties of undefined (reading 'access')
          at AnalyticsEngine.getAnalytics (/home/bamer/nextjs-llama-async-proxy/src/lib/analytics.ts:77:16)
          at Object.<anonymous> (/home/bamer/nextjs-llama-async-proxy/src/lib/__tests__/analytics.test.ts:243:47)
          at Promise.finally.completed (/home/bamer/nextjs-llama-async-proxy/node_modules/.pnpm/jest-circus@30.2.0_babel-plugin-macros@3.1.0/node_modules/jest-circus/build/jestAdapterInit.js:1557:28)
          at new Promise (<anonymous>)
          at callAsyncCircusFn (/home/bamer/nextjs-llama-async-proxy/node_modules/.pnpm/jest-circus@30.2.0_babel-plugin-macros@3.1.0/node_modules/jest-circus/build/jestAdapterInit.js:1497:10)
          at _callCircusTest (/home/bamer/nextjs-llama-async-proxy/node_modules/.pnpm/jest-circus@30.2.0_babel-plugin-macros@3.1.0/node_modules/jest-circus/build/jestAdapterInit.js:1007:40)
          at processTicksAndRejections (node:internal/process/task_queues:103:5)
          at _runTest (/home/bamer/nextjs-llama-async-proxy/node_modules/.pnpm/jest-circus@30.2.0_babel-plugin-macros@3.1.0/node_modules/jest-circus/build/jestAdapterInit.js:947:3)
          at /home/bamer/nextjs-llama-async-proxy/node_modules/.pnpm/jest-circus@30.2.0_babel-plugin-macros@3.1.0/node_modules/jest-circus/build/jestAdapterInit.js:849:7
          at _runTestsForDescribeBlock (/home/bamer/nextjs-llama-async-proxy/node_modules/.pnpm/jest-circus@30.2.0_babel-plugin-macros@3.1.0/node_modules/jest-circus/build/jestAdapterInit.js:862:11)
          at _runTestsForDescribeBlock (/home/bamer/nextjs-llama-async-proxy/node_modules/.pnpm/jest-circus@30.2.0_babel-plugin-macros@3.1.0/node_modules/jest-circus/build/jestAdapterInit.js:857:11)
          at _runTestsForDescribeBlock (/home/bamer/nextjs-llama-async-proxy/node_modules/.pnpm/jest-circus@30.2.0_babel-plugin-macros@3.1.0/node_modules/jest-circus/build/jestAdapterInit.js:857:11)
          at run (/home/bamer/nextjs-llama-async-proxy/node_modules/.pnpm/jest-circus@30.2.0_babel-plugin-macros@3.1.0/node_modules/jest-circus/build/jestAdapterInit.js:761:3)
          at runAndTransformResultsToJestFormat (/home/bamer/nextjs-llama-async-proxy/node_modules/.pnpm/jest-circus@30.2.0_babel-plugin-macros@3.1.0/node_modules/jest-circus/build/jestAdapterInit.js:1918:21)
          at jestAdapter (/home/bamer/nextjs-llama-async-proxy/node_modules/.pnpm/jest-circus@30.2.0_babel-plugin-macros@3.1.0/node_modules/jest-circus/build/runner.js:101:19)
          at runTestInternal (/home/bamer/nextjs-llama-async-proxy/node_modules/.pnpm/jest-runner@30.2.0/node_modules/jest-runner/build/testWorker.js:275:16)
          at runTest (/home/bamer/nextjs-llama-async-proxy/node_modules/.pnpm/jest-runner@30.2.0/node_modules/jest-runner/build/testWorker.js:343:7)
          at Object.worker (/home/bamer/nextjs-llama-async-proxy/node_modules/.pnpm/jest-runner@30.2.0/node_modules/jest-runner/build/testWorker.js:497:12)

      85 |       storageUsed = sizes.reduce((total: number, size: number) => total + size, 0) / (1024 * 1024); // Convert to MB
      86 |     } catch (e) {
    > 87 |       console.error('Failed to calculate storage used:', e);
         |               ^
      88 |     }
      89 |
      90 |     // Get system metrics

      at AnalyticsEngine.getAnalytics (src/lib/analytics.ts:87:15)
      at Object.<anonymous> (src/lib/__tests__/analytics.test.ts:243:47)

    console.error
      Failed to calculate storage used: TypeError: Cannot read properties of undefined (reading 'access')
          at AnalyticsEngine.getAnalytics (/home/bamer/nextjs-llama-async-proxy/src/lib/analytics.ts:77:16)
          at Object.<anonymous> (/home/bamer/nextjs-llama-async-proxy/src/lib/__tests__/analytics.test.ts:249:47)
          at Promise.finally.completed (/home/bamer/nextjs-llama-async-proxy/node_modules/.pnpm/jest-circus@30.2.0_babel-plugin-macros@3.1.0/node_modules/jest-circus/build/jestAdapterInit.js:1557:28)
          at new Promise (<anonymous>)
          at callAsyncCircusFn (/home/bamer/nextjs-llama-async-proxy/node_modules/.pnpm/jest-circus@30.2.0_babel-plugin-macros@3.1.0/node_modules/jest-circus/build/jestAdapterInit.js:1497:10)
          at _callCircusTest (/home/bamer/nextjs-llama-async-proxy/node_modules/.pnpm/jest-circus@30.2.0_babel-plugin-macros@3.1.0/node_modules/jest-circus/build/jestAdapterInit.js:1007:40)
          at processTicksAndRejections (node:internal/process/task_queues:103:5)
          at _runTest (/home/bamer/nextjs-llama-async-proxy/node_modules/.pnpm/jest-circus@30.2.0_babel-plugin-macros@3.1.0/node_modules/jest-circus/build/jestAdapterInit.js:947:3)
          at /home/bamer/nextjs-llama-async-proxy/node_modules/.pnpm/jest-circus@30.2.0_babel-plugin-macros@3.1.0/node_modules/jest-circus/build/jestAdapterInit.js:849:7
          at _runTestsForDescribeBlock (/home/bamer/nextjs-llama-async-proxy/node_modules/.pnpm/jest-circus@30.2.0_babel-plugin-macros@3.1.0/node_modules/jest-circus/build/jestAdapterInit.js:862:11)
          at _runTestsForDescribeBlock (/home/bamer/nextjs-llama-async-proxy/node_modules/.pnpm/jest-circus@30.2.0_babel-plugin-macros@3.1.0/node_modules/jest-circus/build/jestAdapterInit.js:857:11)
          at _runTestsForDescribeBlock (/home/bamer/nextjs-llama-async-proxy/node_modules/.pnpm/jest-circus@30.2.0_babel-plugin-macros@3.1.0/node_modules/jest-circus/build/jestAdapterInit.js:857:11)
          at run (/home/bamer/nextjs-llama-async-proxy/node_modules/.pnpm/jest-circus@30.2.0_babel-plugin-macros@3.1.0/node_modules/jest-circus/build/jestAdapterInit.js:761:3)
          at runAndTransformResultsToJestFormat (/home/bamer/nextjs-llama-async-proxy/node_modules/.pnpm/jest-circus@30.2.0_babel-plugin-macros@3.1.0/node_modules/jest-circus/build/jestAdapterInit.js:1918:21)
          at jestAdapter (/home/bamer/nextjs-llama-async-proxy/node_modules/.pnpm/jest-circus@30.2.0_babel-plugin-macros@3.1.0/node_modules/jest-circus/build/runner.js:101:19)
          at runTestInternal (/home/bamer/nextjs-llama-async-proxy/node_modules/.pnpm/jest-runner@30.2.0/node_modules/jest-runner/build/testWorker.js:275:16)
          at runTest (/home/bamer/nextjs-llama-async-proxy/node_modules/.pnpm/jest-runner@30.2.0/node_modules/jest-runner/build/testWorker.js:343:7)
          at Object.worker (/home/bamer/nextjs-llama-async-proxy/node_modules/.pnpm/jest-runner@30.2.0/node_modules/jest-runner/build/testWorker.js:497:12)

      85 |       storageUsed = sizes.reduce((total: number, size: number) => total + size, 0) / (1024 * 1024); // Convert to MB
      86 |     } catch (e) {
    > 87 |       console.error('Failed to calculate storage used:', e);
         |               ^
      88 |     }
      89 |
      90 |     // Get system metrics

      at AnalyticsEngine.getAnalytics (src/lib/analytics.ts:87:15)
      at Object.<anonymous> (src/lib/__tests__/analytics.test.ts:249:47)

    console.error
      Failed to calculate storage used: TypeError: Cannot read properties of undefined (reading 'access')
          at AnalyticsEngine.getAnalytics (/home/bamer/nextjs-llama-async-proxy/src/lib/analytics.ts:77:16)
          at Object.<anonymous> (/home/bamer/nextjs-llama-async-proxy/src/lib/__tests__/analytics.test.ts:258:47)
          at Promise.finally.completed (/home/bamer/nextjs-llama-async-proxy/node_modules/.pnpm/jest-circus@30.2.0_babel-plugin-macros@3.1.0/node_modules/jest-circus/build/jestAdapterInit.js:1557:28)
          at new Promise (<anonymous>)
          at callAsyncCircusFn (/home/bamer/nextjs-llama-async-proxy/node_modules/.pnpm/jest-circus@30.2.0_babel-plugin-macros@3.1.0/node_modules/jest-circus/build/jestAdapterInit.js:1497:10)
          at _callCircusTest (/home/bamer/nextjs-llama-async-proxy/node_modules/.pnpm/jest-circus@30.2.0_babel-plugin-macros@3.1.0/node_modules/jest-circus/build/jestAdapterInit.js:1007:40)
          at processTicksAndRejections (node:internal/process/task_queues:103:5)
          at _runTest (/home/bamer/nextjs-llama-async-proxy/node_modules/.pnpm/jest-circus@30.2.0_babel-plugin-macros@3.1.0/node_modules/jest-circus/build/jestAdapterInit.js:947:3)
          at /home/bamer/nextjs-llama-async-proxy/node_modules/.pnpm/jest-circus@30.2.0_babel-plugin-macros@3.1.0/node_modules/jest-circus/build/jestAdapterInit.js:849:7
          at _runTestsForDescribeBlock (/home/bamer/nextjs-llama-async-proxy/node_modules/.pnpm/jest-circus@30.2.0_babel-plugin-macros@3.1.0/node_modules/jest-circus/build/jestAdapterInit.js:862:11)
          at _runTestsForDescribeBlock (/home/bamer/nextjs-llama-async-proxy/node_modules/.pnpm/jest-circus@30.2.0_babel-plugin-macros@3.1.0/node_modules/jest-circus/build/jestAdapterInit.js:857:11)
          at _runTestsForDescribeBlock (/home/bamer/nextjs-llama-async-proxy/node_modules/.pnpm/jest-circus@30.2.0_babel-plugin-macros@3.1.0/node_modules/jest-circus/build/jestAdapterInit.js:857:11)
          at run (/home/bamer/nextjs-llama-async-proxy/node_modules/.pnpm/jest-circus@30.2.0_babel-plugin-macros@3.1.0/node_modules/jest-circus/build/jestAdapterInit.js:761:3)
          at runAndTransformResultsToJestFormat (/home/bamer/nextjs-llama-async-proxy/node_modules/.pnpm/jest-circus@30.2.0_babel-plugin-macros@3.1.0/node_modules/jest-circus/build/jestAdapterInit.js:1918:21)
          at jestAdapter (/home/bamer/nextjs-llama-async-proxy/node_modules/.pnpm/jest-circus@30.2.0_babel-plugin-macros@3.1.0/node_modules/jest-circus/build/runner.js:101:19)
          at runTestInternal (/home/bamer/nextjs-llama-async-proxy/node_modules/.pnpm/jest-runner@30.2.0/node_modules/jest-runner/build/testWorker.js:275:16)
          at runTest (/home/bamer/nextjs-llama-async-proxy/node_modules/.pnpm/jest-runner@30.2.0/node_modules/jest-runner/build/testWorker.js:343:7)
          at Object.worker (/home/bamer/nextjs-llama-async-proxy/node_modules/.pnpm/jest-runner@30.2.0/node_modules/jest-runner/build/testWorker.js:497:12)

      85 |       storageUsed = sizes.reduce((total: number, size: number) => total + size, 0) / (1024 * 1024); // Convert to MB
      86 |     } catch (e) {
    > 87 |       console.error('Failed to calculate storage used:', e);
         |               ^
      88 |     }
      89 |
      90 |     // Get system metrics

      at AnalyticsEngine.getAnalytics (src/lib/analytics.ts:87:15)
      at Object.<anonymous> (src/lib/__tests__/analytics.test.ts:258:47)

    console.error
      Failed to calculate storage used: TypeError: Cannot read properties of undefined (reading 'access')
          at AnalyticsEngine.getAnalytics (/home/bamer/nextjs-llama-async-proxy/src/lib/analytics.ts:77:16)
          at Object.<anonymous> (/home/bamer/nextjs-llama-async-proxy/src/lib/__tests__/analytics.test.ts:268:47)
          at Promise.finally.completed (/home/bamer/nextjs-llama-async-proxy/node_modules/.pnpm/jest-circus@30.2.0_babel-plugin-macros@3.1.0/node_modules/jest-circus/build/jestAdapterInit.js:1557:28)
          at new Promise (<anonymous>)
          at callAsyncCircusFn (/home/bamer/nextjs-llama-async-proxy/node_modules/.pnpm/jest-circus@30.2.0_babel-plugin-macros@3.1.0/node_modules/jest-circus/build/jestAdapterInit.js:1497:10)
          at _callCircusTest (/home/bamer/nextjs-llama-async-proxy/node_modules/.pnpm/jest-circus@30.2.0_babel-plugin-macros@3.1.0/node_modules/jest-circus/build/jestAdapterInit.js:1007:40)
          at processTicksAndRejections (node:internal/process/task_queues:103:5)
          at _runTest (/home/bamer/nextjs-llama-async-proxy/node_modules/.pnpm/jest-circus@30.2.0_babel-plugin-macros@3.1.0/node_modules/jest-circus/build/jestAdapterInit.js:947:3)
          at /home/bamer/nextjs-llama-async-proxy/node_modules/.pnpm/jest-circus@30.2.0_babel-plugin-macros@3.1.0/node_modules/jest-circus/build/jestAdapterInit.js:849:7
          at _runTestsForDescribeBlock (/home/bamer/nextjs-llama-async-proxy/node_modules/.pnpm/jest-circus@30.2.0_babel-plugin-macros@3.1.0/node_modules/jest-circus/build/jestAdapterInit.js:862:11)
          at _runTestsForDescribeBlock (/home/bamer/nextjs-llama-async-proxy/node_modules/.pnpm/jest-circus@30.2.0_babel-plugin-macros@3.1.0/node_modules/jest-circus/build/jestAdapterInit.js:857:11)
          at _runTestsForDescribeBlock (/home/bamer/nextjs-llama-async-proxy/node_modules/.pnpm/jest-circus@30.2.0_babel-plugin-macros@3.1.0/node_modules/jest-circus/build/jestAdapterInit.js:857:11)
          at run (/home/bamer/nextjs-llama-async-proxy/node_modules/.pnpm/jest-circus@30.2.0_babel-plugin-macros@3.1.0/node_modules/jest-circus/build/jestAdapterInit.js:761:3)
          at runAndTransformResultsToJestFormat (/home/bamer/nextjs-llama-async-proxy/node_modules/.pnpm/jest-circus@30.2.0_babel-plugin-macros@3.1.0/node_modules/jest-circus/build/jestAdapterInit.js:1918:21)
          at jestAdapter (/home/bamer/nextjs-llama-async-proxy/node_modules/.pnpm/jest-circus@30.2.0_babel-plugin-macros@3.1.0/node_modules/jest-circus/build/runner.js:101:19)
          at runTestInternal (/home/bamer/nextjs-llama-async-proxy/node_modules/.pnpm/jest-runner@30.2.0/node_modules/jest-runner/build/testWorker.js:275:16)
          at runTest (/home/bamer/nextjs-llama-async-proxy/node_modules/.pnpm/jest-runner@30.2.0/node_modules/jest-runner/build/testWorker.js:343:7)
          at Object.worker (/home/bamer/nextjs-llama-async-proxy/node_modules/.pnpm/jest-runner@30.2.0/node_modules/jest-runner/build/testWorker.js:497:12)

      85 |       storageUsed = sizes.reduce((total: number, size: number) => total + size, 0) / (1024 * 1024); // Convert to MB
      86 |     } catch (e) {
    > 87 |       console.error('Failed to calculate storage used:', e);
         |               ^
      88 |     }
      89 |
      90 |     // Get system metrics

      at AnalyticsEngine.getAnalytics (src/lib/analytics.ts:87:15)
      at Object.<anonymous> (src/lib/__tests__/analytics.test.ts:268:47)

    console.error
      Failed to calculate storage used: TypeError: Cannot read properties of undefined (reading 'access')
          at AnalyticsEngine.getAnalytics (/home/bamer/nextjs-llama-async-proxy/src/lib/analytics.ts:77:16)
          at Object.<anonymous> (/home/bamer/nextjs-llama-async-proxy/src/lib/__tests__/analytics.test.ts:274:47)
          at Promise.finally.completed (/home/bamer/nextjs-llama-async-proxy/node_modules/.pnpm/jest-circus@30.2.0_babel-plugin-macros@3.1.0/node_modules/jest-circus/build/jestAdapterInit.js:1557:28)
          at new Promise (<anonymous>)
          at callAsyncCircusFn (/home/bamer/nextjs-llama-async-proxy/node_modules/.pnpm/jest-circus@30.2.0_babel-plugin-macros@3.1.0/node_modules/jest-circus/build/jestAdapterInit.js:1497:10)
          at _callCircusTest (/home/bamer/nextjs-llama-async-proxy/node_modules/.pnpm/jest-circus@30.2.0_babel-plugin-macros@3.1.0/node_modules/jest-circus/build/jestAdapterInit.js:1007:40)
          at processTicksAndRejections (node:internal/process/task_queues:103:5)
          at _runTest (/home/bamer/nextjs-llama-async-proxy/node_modules/.pnpm/jest-circus@30.2.0_babel-plugin-macros@3.1.0/node_modules/jest-circus/build/jestAdapterInit.js:947:3)
          at /home/bamer/nextjs-llama-async-proxy/node_modules/.pnpm/jest-circus@30.2.0_babel-plugin-macros@3.1.0/node_modules/jest-circus/build/jestAdapterInit.js:849:7
          at _runTestsForDescribeBlock (/home/bamer/nextjs-llama-async-proxy/node_modules/.pnpm/jest-circus@30.2.0_babel-plugin-macros@3.1.0/node_modules/jest-circus/build/jestAdapterInit.js:862:11)
          at _runTestsForDescribeBlock (/home/bamer/nextjs-llama-async-proxy/node_modules/.pnpm/jest-circus@30.2.0_babel-plugin-macros@3.1.0/node_modules/jest-circus/build/jestAdapterInit.js:857:11)
          at _runTestsForDescribeBlock (/home/bamer/nextjs-llama-async-proxy/node_modules/.pnpm/jest-circus@30.2.0_babel-plugin-macros@3.1.0/node_modules/jest-circus/build/jestAdapterInit.js:857:11)
          at run (/home/bamer/nextjs-llama-async-proxy/node_modules/.pnpm/jest-circus@30.2.0_babel-plugin-macros@3.1.0/node_modules/jest-circus/build/jestAdapterInit.js:761:3)
          at runAndTransformResultsToJestFormat (/home/bamer/nextjs-llama-async-proxy/node_modules/.pnpm/jest-circus@30.2.0_babel-plugin-macros@3.1.0/node_modules/jest-circus/build/jestAdapterInit.js:1918:21)
          at jestAdapter (/home/bamer/nextjs-llama-async-proxy/node_modules/.pnpm/jest-circus@30.2.0_babel-plugin-macros@3.1.0/node_modules/jest-circus/build/runner.js:101:19)
          at runTestInternal (/home/bamer/nextjs-llama-async-proxy/node_modules/.pnpm/jest-runner@30.2.0/node_modules/jest-runner/build/testWorker.js:275:16)
          at runTest (/home/bamer/nextjs-llama-async-proxy/node_modules/.pnpm/jest-runner@30.2.0/node_modules/jest-runner/build/testWorker.js:343:7)
          at Object.worker (/home/bamer/nextjs-llama-async-proxy/node_modules/.pnpm/jest-runner@30.2.0/node_modules/jest-runner/build/testWorker.js:497:12)

      85 |       storageUsed = sizes.reduce((total: number, size: number) => total + size, 0) / (1024 * 1024); // Convert to MB
      86 |     } catch (e) {
    > 87 |       console.error('Failed to calculate storage used:', e);
         |               ^
      88 |     }
      89 |
      90 |     // Get system metrics

      at AnalyticsEngine.getAnalytics (src/lib/analytics.ts:87:15)
      at Object.<anonymous> (src/lib/__tests__/analytics.test.ts:274:47)

    console.error
      Failed to calculate storage used: TypeError: Cannot read properties of undefined (reading 'access')
          at AnalyticsEngine.getAnalytics (/home/bamer/nextjs-llama-async-proxy/src/lib/analytics.ts:77:16)
          at Object.<anonymous> (/home/bamer/nextjs-llama-async-proxy/src/lib/__tests__/analytics.test.ts:280:47)
          at Promise.finally.completed (/home/bamer/nextjs-llama-async-proxy/node_modules/.pnpm/jest-circus@30.2.0_babel-plugin-macros@3.1.0/node_modules/jest-circus/build/jestAdapterInit.js:1557:28)
          at new Promise (<anonymous>)
          at callAsyncCircusFn (/home/bamer/nextjs-llama-async-proxy/node_modules/.pnpm/jest-circus@30.2.0_babel-plugin-macros@3.1.0/node_modules/jest-circus/build/jestAdapterInit.js:1497:10)
          at _callCircusTest (/home/bamer/nextjs-llama-async-proxy/node_modules/.pnpm/jest-circus@30.2.0_babel-plugin-macros@3.1.0/node_modules/jest-circus/build/jestAdapterInit.js:1007:40)
          at processTicksAndRejections (node:internal/process/task_queues:103:5)
          at _runTest (/home/bamer/nextjs-llama-async-proxy/node_modules/.pnpm/jest-circus@30.2.0_babel-plugin-macros@3.1.0/node_modules/jest-circus/build/jestAdapterInit.js:947:3)
          at /home/bamer/nextjs-llama-async-proxy/node_modules/.pnpm/jest-circus@30.2.0_babel-plugin-macros@3.1.0/node_modules/jest-circus/build/jestAdapterInit.js:849:7
          at _runTestsForDescribeBlock (/home/bamer/nextjs-llama-async-proxy/node_modules/.pnpm/jest-circus@30.2.0_babel-plugin-macros@3.1.0/node_modules/jest-circus/build/jestAdapterInit.js:862:11)
          at _runTestsForDescribeBlock (/home/bamer/nextjs-llama-async-proxy/node_modules/.pnpm/jest-circus@30.2.0_babel-plugin-macros@3.1.0/node_modules/jest-circus/build/jestAdapterInit.js:857:11)
          at _runTestsForDescribeBlock (/home/bamer/nextjs-llama-async-proxy/node_modules/.pnpm/jest-circus@30.2.0_babel-plugin-macros@3.1.0/node_modules/jest-circus/build/jestAdapterInit.js:857:11)
          at run (/home/bamer/nextjs-llama-async-proxy/node_modules/.pnpm/jest-circus@30.2.0_babel-plugin-macros@3.1.0/node_modules/jest-circus/build/jestAdapterInit.js:761:3)
          at runAndTransformResultsToJestFormat (/home/bamer/nextjs-llama-async-proxy/node_modules/.pnpm/jest-circus@30.2.0_babel-plugin-macros@3.1.0/node_modules/jest-circus/build/jestAdapterInit.js:1918:21)
          at jestAdapter (/home/bamer/nextjs-llama-async-proxy/node_modules/.pnpm/jest-circus@30.2.0_babel-plugin-macros@3.1.0/node_modules/jest-circus/build/runner.js:101:19)
          at runTestInternal (/home/bamer/nextjs-llama-async-proxy/node_modules/.pnpm/jest-runner@30.2.0/node_modules/jest-runner/build/testWorker.js:275:16)
          at runTest (/home/bamer/nextjs-llama-async-proxy/node_modules/.pnpm/jest-runner@30.2.0/node_modules/jest-runner/build/testWorker.js:343:7)
          at Object.worker (/home/bamer/nextjs-llama-async-proxy/node_modules/.pnpm/jest-runner@30.2.0/node_modules/jest-runner/build/testWorker.js:497:12)

      85 |       storageUsed = sizes.reduce((total: number, size: number) => total + size, 0) / (1024 * 1024); // Convert to MB
      86 |     } catch (e) {
    > 87 |       console.error('Failed to calculate storage used:', e);
         |               ^
      88 |     }
      89 |
      90 |     // Get system metrics

      at AnalyticsEngine.getAnalytics (src/lib/analytics.ts:87:15)
      at Object.<anonymous> (src/lib/__tests__/analytics.test.ts:280:47)

    console.error
      Failed to calculate storage used: TypeError: Cannot read properties of undefined (reading 'access')
          at AnalyticsEngine.getAnalytics (/home/bamer/nextjs-llama-async-proxy/src/lib/analytics.ts:77:16)
          at Object.<anonymous> (/home/bamer/nextjs-llama-async-proxy/src/lib/__tests__/analytics.test.ts:286:47)
          at Promise.finally.completed (/home/bamer/nextjs-llama-async-proxy/node_modules/.pnpm/jest-circus@30.2.0_babel-plugin-macros@3.1.0/node_modules/jest-circus/build/jestAdapterInit.js:1557:28)
          at new Promise (<anonymous>)
          at callAsyncCircusFn (/home/bamer/nextjs-llama-async-proxy/node_modules/.pnpm/jest-circus@30.2.0_babel-plugin-macros@3.1.0/node_modules/jest-circus/build/jestAdapterInit.js:1497:10)
          at _callCircusTest (/home/bamer/nextjs-llama-async-proxy/node_modules/.pnpm/jest-circus@30.2.0_babel-plugin-macros@3.1.0/node_modules/jest-circus/build/jestAdapterInit.js:1007:40)
          at processTicksAndRejections (node:internal/process/task_queues:103:5)
          at _runTest (/home/bamer/nextjs-llama-async-proxy/node_modules/.pnpm/jest-circus@30.2.0_babel-plugin-macros@3.1.0/node_modules/jest-circus/build/jestAdapterInit.js:947:3)
          at /home/bamer/nextjs-llama-async-proxy/node_modules/.pnpm/jest-circus@30.2.0_babel-plugin-macros@3.1.0/node_modules/jest-circus/build/jestAdapterInit.js:849:7
          at _runTestsForDescribeBlock (/home/bamer/nextjs-llama-async-proxy/node_modules/.pnpm/jest-circus@30.2.0_babel-plugin-macros@3.1.0/node_modules/jest-circus/build/jestAdapterInit.js:862:11)
          at _runTestsForDescribeBlock (/home/bamer/nextjs-llama-async-proxy/node_modules/.pnpm/jest-circus@30.2.0_babel-plugin-macros@3.1.0/node_modules/jest-circus/build/jestAdapterInit.js:857:11)
          at _runTestsForDescribeBlock (/home/bamer/nextjs-llama-async-proxy/node_modules/.pnpm/jest-circus@30.2.0_babel-plugin-macros@3.1.0/node_modules/jest-circus/build/jestAdapterInit.js:857:11)
          at run (/home/bamer/nextjs-llama-async-proxy/node_modules/.pnpm/jest-circus@30.2.0_babel-plugin-macros@3.1.0/node_modules/jest-circus/build/jestAdapterInit.js:761:3)
          at runAndTransformResultsToJestFormat (/home/bamer/nextjs-llama-async-proxy/node_modules/.pnpm/jest-circus@30.2.0_babel-plugin-macros@3.1.0/node_modules/jest-circus/build/jestAdapterInit.js:1918:21)
          at jestAdapter (/home/bamer/nextjs-llama-async-proxy/node_modules/.pnpm/jest-circus@30.2.0_babel-plugin-macros@3.1.0/node_modules/jest-circus/build/runner.js:101:19)
          at runTestInternal (/home/bamer/nextjs-llama-async-proxy/node_modules/.pnpm/jest-runner@30.2.0/node_modules/jest-runner/build/testWorker.js:275:16)
          at runTest (/home/bamer/nextjs-llama-async-proxy/node_modules/.pnpm/jest-runner@30.2.0/node_modules/jest-runner/build/testWorker.js:343:7)
          at Object.worker (/home/bamer/nextjs-llama-async-proxy/node_modules/.pnpm/jest-runner@30.2.0/node_modules/jest-runner/build/testWorker.js:497:12)

      85 |       storageUsed = sizes.reduce((total: number, size: number) => total + size, 0) / (1024 * 1024); // Convert to MB
      86 |     } catch (e) {
    > 87 |       console.error('Failed to calculate storage used:', e);
         |               ^
      88 |     }
      89 |
      90 |     // Get system metrics

      at AnalyticsEngine.getAnalytics (src/lib/analytics.ts:87:15)
      at Object.<anonymous> (src/lib/__tests__/analytics.test.ts:286:47)

    console.error
      Failed to calculate storage used: TypeError: Cannot read properties of undefined (reading 'access')
          at AnalyticsEngine.getAnalytics (/home/bamer/nextjs-llama-async-proxy/src/lib/analytics.ts:77:16)
          at Object.<anonymous> (/home/bamer/nextjs-llama-async-proxy/src/lib/__tests__/analytics.test.ts:300:47)
          at Promise.finally.completed (/home/bamer/nextjs-llama-async-proxy/node_modules/.pnpm/jest-circus@30.2.0_babel-plugin-macros@3.1.0/node_modules/jest-circus/build/jestAdapterInit.js:1557:28)
          at new Promise (<anonymous>)
          at callAsyncCircusFn (/home/bamer/nextjs-llama-async-proxy/node_modules/.pnpm/jest-circus@30.2.0_babel-plugin-macros@3.1.0/node_modules/jest-circus/build/jestAdapterInit.js:1497:10)
          at _callCircusTest (/home/bamer/nextjs-llama-async-proxy/node_modules/.pnpm/jest-circus@30.2.0_babel-plugin-macros@3.1.0/node_modules/jest-circus/build/jestAdapterInit.js:1007:40)
          at processTicksAndRejections (node:internal/process/task_queues:103:5)
          at _runTest (/home/bamer/nextjs-llama-async-proxy/node_modules/.pnpm/jest-circus@30.2.0_babel-plugin-macros@3.1.0/node_modules/jest-circus/build/jestAdapterInit.js:947:3)
          at /home/bamer/nextjs-llama-async-proxy/node_modules/.pnpm/jest-circus@30.2.0_babel-plugin-macros@3.1.0/node_modules/jest-circus/build/jestAdapterInit.js:849:7
          at _runTestsForDescribeBlock (/home/bamer/nextjs-llama-async-proxy/node_modules/.pnpm/jest-circus@30.2.0_babel-plugin-macros@3.1.0/node_modules/jest-circus/build/jestAdapterInit.js:862:11)
          at _runTestsForDescribeBlock (/home/bamer/nextjs-llama-async-proxy/node_modules/.pnpm/jest-circus@30.2.0_babel-plugin-macros@3.1.0/node_modules/jest-circus/build/jestAdapterInit.js:857:11)
          at _runTestsForDescribeBlock (/home/bamer/nextjs-llama-async-proxy/node_modules/.pnpm/jest-circus@30.2.0_babel-plugin-macros@3.1.0/node_modules/jest-circus/build/jestAdapterInit.js:857:11)
          at run (/home/bamer/nextjs-llama-async-proxy/node_modules/.pnpm/jest-circus@30.2.0_babel-plugin-macros@3.1.0/node_modules/jest-circus/build/jestAdapterInit.js:761:3)
          at runAndTransformResultsToJestFormat (/home/bamer/nextjs-llama-async-proxy/node_modules/.pnpm/jest-circus@30.2.0_babel-plugin-macros@3.1.0/node_modules/jest-circus/build/jestAdapterInit.js:1918:21)
          at jestAdapter (/home/bamer/nextjs-llama-async-proxy/node_modules/.pnpm/jest-circus@30.2.0_babel-plugin-macros@3.1.0/node_modules/jest-circus/build/runner.js:101:19)
          at runTestInternal (/home/bamer/nextjs-llama-async-proxy/node_modules/.pnpm/jest-runner@30.2.0/node_modules/jest-runner/build/testWorker.js:275:16)
          at runTest (/home/bamer/nextjs-llama-async-proxy/node_modules/.pnpm/jest-runner@30.2.0/node_modules/jest-runner/build/testWorker.js:343:7)
          at Object.worker (/home/bamer/nextjs-llama-async-proxy/node_modules/.pnpm/jest-runner@30.2.0/node_modules/jest-runner/build/testWorker.js:497:12)

      85 |       storageUsed = sizes.reduce((total: number, size: number) => total + size, 0) / (1024 * 1024); // Convert to MB
      86 |     } catch (e) {
    > 87 |       console.error('Failed to calculate storage used:', e);
         |               ^
      88 |     }
      89 |
      90 |     // Get system metrics

      at AnalyticsEngine.getAnalytics (src/lib/analytics.ts:87:15)
      at Object.<anonymous> (src/lib/__tests__/analytics.test.ts:300:47)

    console.error
      Failed to calculate storage used: TypeError: Cannot read properties of undefined (reading 'access')
          at AnalyticsEngine.getAnalytics (/home/bamer/nextjs-llama-async-proxy/src/lib/analytics.ts:77:16)
          at Object.<anonymous> (/home/bamer/nextjs-llama-async-proxy/src/lib/__tests__/analytics.test.ts:368:47)
          at Promise.finally.completed (/home/bamer/nextjs-llama-async-proxy/node_modules/.pnpm/jest-circus@30.2.0_babel-plugin-macros@3.1.0/node_modules/jest-circus/build/jestAdapterInit.js:1557:28)
          at new Promise (<anonymous>)
          at callAsyncCircusFn (/home/bamer/nextjs-llama-async-proxy/node_modules/.pnpm/jest-circus@30.2.0_babel-plugin-macros@3.1.0/node_modules/jest-circus/build/jestAdapterInit.js:1497:10)
          at _callCircusTest (/home/bamer/nextjs-llama-async-proxy/node_modules/.pnpm/jest-circus@30.2.0_babel-plugin-macros@3.1.0/node_modules/jest-circus/build/jestAdapterInit.js:1007:40)
          at processTicksAndRejections (node:internal/process/task_queues:103:5)
          at _runTest (/home/bamer/nextjs-llama-async-proxy/node_modules/.pnpm/jest-circus@30.2.0_babel-plugin-macros@3.1.0/node_modules/jest-circus/build/jestAdapterInit.js:947:3)
          at /home/bamer/nextjs-llama-async-proxy/node_modules/.pnpm/jest-circus@30.2.0_babel-plugin-macros@3.1.0/node_modules/jest-circus/build/jestAdapterInit.js:849:7
          at _runTestsForDescribeBlock (/home/bamer/nextjs-llama-async-proxy/node_modules/.pnpm/jest-circus@30.2.0_babel-plugin-macros@3.1.0/node_modules/jest-circus/build/jestAdapterInit.js:862:11)
          at _runTestsForDescribeBlock (/home/bamer/nextjs-llama-async-proxy/node_modules/.pnpm/jest-circus@30.2.0_babel-plugin-macros@3.1.0/node_modules/jest-circus/build/jestAdapterInit.js:857:11)
          at _runTestsForDescribeBlock (/home/bamer/nextjs-llama-async-proxy/node_modules/.pnpm/jest-circus@30.2.0_babel-plugin-macros@3.1.0/node_modules/jest-circus/build/jestAdapterInit.js:857:11)
          at run (/home/bamer/nextjs-llama-async-proxy/node_modules/.pnpm/jest-circus@30.2.0_babel-plugin-macros@3.1.0/node_modules/jest-circus/build/jestAdapterInit.js:761:3)
          at runAndTransformResultsToJestFormat (/home/bamer/nextjs-llama-async-proxy/node_modules/.pnpm/jest-circus@30.2.0_babel-plugin-macros@3.1.0/node_modules/jest-circus/build/jestAdapterInit.js:1918:21)
          at jestAdapter (/home/bamer/nextjs-llama-async-proxy/node_modules/.pnpm/jest-circus@30.2.0_babel-plugin-macros@3.1.0/node_modules/jest-circus/build/runner.js:101:19)
          at runTestInternal (/home/bamer/nextjs-llama-async-proxy/node_modules/.pnpm/jest-runner@30.2.0/node_modules/jest-runner/build/testWorker.js:275:16)
          at runTest (/home/bamer/nextjs-llama-async-proxy/node_modules/.pnpm/jest-runner@30.2.0/node_modules/jest-runner/build/testWorker.js:343:7)
          at Object.worker (/home/bamer/nextjs-llama-async-proxy/node_modules/.pnpm/jest-runner@30.2.0/node_modules/jest-runner/build/testWorker.js:497:12)

      85 |       storageUsed = sizes.reduce((total: number, size: number) => total + size, 0) / (1024 * 1024); // Convert to MB
      86 |     } catch (e) {
    > 87 |       console.error('Failed to calculate storage used:', e);
         |               ^
      88 |     }
      89 |
      90 |     // Get system metrics

      at AnalyticsEngine.getAnalytics (src/lib/analytics.ts:87:15)
      at Object.<anonymous> (src/lib/__tests__/analytics.test.ts:368:47)

    console.error
      Failed to calculate storage used: TypeError: Cannot read properties of undefined (reading 'access')
          at AnalyticsEngine.getAnalytics (/home/bamer/nextjs-llama-async-proxy/src/lib/analytics.ts:77:16)
          at Object.<anonymous> (/home/bamer/nextjs-llama-async-proxy/src/lib/__tests__/analytics.test.ts:380:47)
          at Promise.finally.completed (/home/bamer/nextjs-llama-async-proxy/node_modules/.pnpm/jest-circus@30.2.0_babel-plugin-macros@3.1.0/node_modules/jest-circus/build/jestAdapterInit.js:1557:28)
          at new Promise (<anonymous>)
          at callAsyncCircusFn (/home/bamer/nextjs-llama-async-proxy/node_modules/.pnpm/jest-circus@30.2.0_babel-plugin-macros@3.1.0/node_modules/jest-circus/build/jestAdapterInit.js:1497:10)
          at _callCircusTest (/home/bamer/nextjs-llama-async-proxy/node_modules/.pnpm/jest-circus@30.2.0_babel-plugin-macros@3.1.0/node_modules/jest-circus/build/jestAdapterInit.js:1007:40)
          at processTicksAndRejections (node:internal/process/task_queues:103:5)
          at _runTest (/home/bamer/nextjs-llama-async-proxy/node_modules/.pnpm/jest-circus@30.2.0_babel-plugin-macros@3.1.0/node_modules/jest-circus/build/jestAdapterInit.js:947:3)
          at /home/bamer/nextjs-llama-async-proxy/node_modules/.pnpm/jest-circus@30.2.0_babel-plugin-macros@3.1.0/node_modules/jest-circus/build/jestAdapterInit.js:849:7
          at _runTestsForDescribeBlock (/home/bamer/nextjs-llama-async-proxy/node_modules/.pnpm/jest-circus@30.2.0_babel-plugin-macros@3.1.0/node_modules/jest-circus/build/jestAdapterInit.js:862:11)
          at _runTestsForDescribeBlock (/home/bamer/nextjs-llama-async-proxy/node_modules/.pnpm/jest-circus@30.2.0_babel-plugin-macros@3.1.0/node_modules/jest-circus/build/jestAdapterInit.js:857:11)
          at _runTestsForDescribeBlock (/home/bamer/nextjs-llama-async-proxy/node_modules/.pnpm/jest-circus@30.2.0_babel-plugin-macros@3.1.0/node_modules/jest-circus/build/jestAdapterInit.js:857:11)
          at run (/home/bamer/nextjs-llama-async-proxy/node_modules/.pnpm/jest-circus@30.2.0_babel-plugin-macros@3.1.0/node_modules/jest-circus/build/jestAdapterInit.js:761:3)
          at runAndTransformResultsToJestFormat (/home/bamer/nextjs-llama-async-proxy/node_modules/.pnpm/jest-circus@30.2.0_babel-plugin-macros@3.1.0/node_modules/jest-circus/build/jestAdapterInit.js:1918:21)
          at jestAdapter (/home/bamer/nextjs-llama-async-proxy/node_modules/.pnpm/jest-circus@30.2.0_babel-plugin-macros@3.1.0/node_modules/jest-circus/build/runner.js:101:19)
          at runTestInternal (/home/bamer/nextjs-llama-async-proxy/node_modules/.pnpm/jest-runner@30.2.0/node_modules/jest-runner/build/testWorker.js:275:16)
          at runTest (/home/bamer/nextjs-llama-async-proxy/node_modules/.pnpm/jest-runner@30.2.0/node_modules/jest-runner/build/testWorker.js:343:7)
          at Object.worker (/home/bamer/nextjs-llama-async-proxy/node_modules/.pnpm/jest-runner@30.2.0/node_modules/jest-runner/build/testWorker.js:497:12)

      85 |       storageUsed = sizes.reduce((total: number, size: number) => total + size, 0) / (1024 * 1024); // Convert to MB
      86 |     } catch (e) {
    > 87 |       console.error('Failed to calculate storage used:', e);
         |               ^
      88 |     }
      89 |
      90 |     // Get system metrics

      at AnalyticsEngine.getAnalytics (src/lib/analytics.ts:87:15)
      at Object.<anonymous> (src/lib/__tests__/analytics.test.ts:380:47)

    console.error
      Failed to calculate storage used: TypeError: Cannot read properties of undefined (reading 'access')
          at AnalyticsEngine.getAnalytics (/home/bamer/nextjs-llama-async-proxy/src/lib/analytics.ts:77:16)
          at Object.<anonymous> (/home/bamer/nextjs-llama-async-proxy/src/lib/__tests__/analytics.test.ts:389:47)
          at Promise.finally.completed (/home/bamer/nextjs-llama-async-proxy/node_modules/.pnpm/jest-circus@30.2.0_babel-plugin-macros@3.1.0/node_modules/jest-circus/build/jestAdapterInit.js:1557:28)
          at new Promise (<anonymous>)
          at callAsyncCircusFn (/home/bamer/nextjs-llama-async-proxy/node_modules/.pnpm/jest-circus@30.2.0_babel-plugin-macros@3.1.0/node_modules/jest-circus/build/jestAdapterInit.js:1497:10)
          at _callCircusTest (/home/bamer/nextjs-llama-async-proxy/node_modules/.pnpm/jest-circus@30.2.0_babel-plugin-macros@3.1.0/node_modules/jest-circus/build/jestAdapterInit.js:1007:40)
          at processTicksAndRejections (node:internal/process/task_queues:103:5)
          at _runTest (/home/bamer/nextjs-llama-async-proxy/node_modules/.pnpm/jest-circus@30.2.0_babel-plugin-macros@3.1.0/node_modules/jest-circus/build/jestAdapterInit.js:947:3)
          at /home/bamer/nextjs-llama-async-proxy/node_modules/.pnpm/jest-circus@30.2.0_babel-plugin-macros@3.1.0/node_modules/jest-circus/build/jestAdapterInit.js:849:7
          at _runTestsForDescribeBlock (/home/bamer/nextjs-llama-async-proxy/node_modules/.pnpm/jest-circus@30.2.0_babel-plugin-macros@3.1.0/node_modules/jest-circus/build/jestAdapterInit.js:862:11)
          at _runTestsForDescribeBlock (/home/bamer/nextjs-llama-async-proxy/node_modules/.pnpm/jest-circus@30.2.0_babel-plugin-macros@3.1.0/node_modules/jest-circus/build/jestAdapterInit.js:857:11)
          at _runTestsForDescribeBlock (/home/bamer/nextjs-llama-async-proxy/node_modules/.pnpm/jest-circus@30.2.0_babel-plugin-macros@3.1.0/node_modules/jest-circus/build/jestAdapterInit.js:857:11)
          at run (/home/bamer/nextjs-llama-async-proxy/node_modules/.pnpm/jest-circus@30.2.0_babel-plugin-macros@3.1.0/node_modules/jest-circus/build/jestAdapterInit.js:761:3)
          at runAndTransformResultsToJestFormat (/home/bamer/nextjs-llama-async-proxy/node_modules/.pnpm/jest-circus@30.2.0_babel-plugin-macros@3.1.0/node_modules/jest-circus/build/jestAdapterInit.js:1918:21)
          at jestAdapter (/home/bamer/nextjs-llama-async-proxy/node_modules/.pnpm/jest-circus@30.2.0_babel-plugin-macros@3.1.0/node_modules/jest-circus/build/runner.js:101:19)
          at runTestInternal (/home/bamer/nextjs-llama-async-proxy/node_modules/.pnpm/jest-runner@30.2.0/node_modules/jest-runner/build/testWorker.js:275:16)
          at runTest (/home/bamer/nextjs-llama-async-proxy/node_modules/.pnpm/jest-runner@30.2.0/node_modules/jest-runner/build/testWorker.js:343:7)
          at Object.worker (/home/bamer/nextjs-llama-async-proxy/node_modules/.pnpm/jest-runner@30.2.0/node_modules/jest-runner/build/testWorker.js:497:12)

      85 |       storageUsed = sizes.reduce((total: number, size: number) => total + size, 0) / (1024 * 1024); // Convert to MB
      86 |     } catch (e) {
    > 87 |       console.error('Failed to calculate storage used:', e);
         |               ^
      88 |     }
      89 |
      90 |     // Get system metrics

      at AnalyticsEngine.getAnalytics (src/lib/analytics.ts:87:15)
      at Object.<anonymous> (src/lib/__tests__/analytics.test.ts:389:47)

    console.error
      Failed to calculate storage used: TypeError: Cannot read properties of undefined (reading 'access')
          at AnalyticsEngine.getAnalytics (/home/bamer/nextjs-llama-async-proxy/src/lib/analytics.ts:77:16)
          at /home/bamer/nextjs-llama-async-proxy/src/lib/__tests__/analytics.test.ts:395:74
          at Array.from (<anonymous>)
          at Object.<anonymous> (/home/bamer/nextjs-llama-async-proxy/src/lib/__tests__/analytics.test.ts:395:30)
          at Promise.finally.completed (/home/bamer/nextjs-llama-async-proxy/node_modules/.pnpm/jest-circus@30.2.0_babel-plugin-macros@3.1.0/node_modules/jest-circus/build/jestAdapterInit.js:1557:28)
          at new Promise (<anonymous>)
          at callAsyncCircusFn (/home/bamer/nextjs-llama-async-proxy/node_modules/.pnpm/jest-circus@30.2.0_babel-plugin-macros@3.1.0/node_modules/jest-circus/build/jestAdapterInit.js:1497:10)
          at _callCircusTest (/home/bamer/nextjs-llama-async-proxy/node_modules/.pnpm/jest-circus@30.2.0_babel-plugin-macros@3.1.0/node_modules/jest-circus/build/jestAdapterInit.js:1007:40)
          at processTicksAndRejections (node:internal/process/task_queues:103:5)
          at _runTest (/home/bamer/nextjs-llama-async-proxy/node_modules/.pnpm/jest-circus@30.2.0_babel-plugin-macros@3.1.0/node_modules/jest-circus/build/jestAdapterInit.js:947:3)
          at /home/bamer/nextjs-llama-async-proxy/node_modules/.pnpm/jest-circus@30.2.0_babel-plugin-macros@3.1.0/node_modules/jest-circus/build/jestAdapterInit.js:849:7
          at _runTestsForDescribeBlock (/home/bamer/nextjs-llama-async-proxy/node_modules/.pnpm/jest-circus@30.2.0_babel-plugin-macros@3.1.0/node_modules/jest-circus/build/jestAdapterInit.js:862:11)
          at _runTestsForDescribeBlock (/home/bamer/nextjs-llama-async-proxy/node_modules/.pnpm/jest-circus@30.2.0_babel-plugin-macros@3.1.0/node_modules/jest-circus/build/jestAdapterInit.js:857:11)
          at _runTestsForDescribeBlock (/home/bamer/nextjs-llama-async-proxy/node_modules/.pnpm/jest-circus@30.2.0_babel-plugin-macros@3.1.0/node_modules/jest-circus/build/jestAdapterInit.js:857:11)
          at run (/home/bamer/nextjs-llama-async-proxy/node_modules/.pnpm/jest-circus@30.2.0_babel-plugin-macros@3.1.0/node_modules/jest-circus/build/jestAdapterInit.js:761:3)
          at runAndTransformResultsToJestFormat (/home/bamer/nextjs-llama-async-proxy/node_modules/.pnpm/jest-circus@30.2.0_babel-plugin-macros@3.1.0/node_modules/jest-circus/build/jestAdapterInit.js:1918:21)
          at jestAdapter (/home/bamer/nextjs-llama-async-proxy/node_modules/.pnpm/jest-circus@30.2.0_babel-plugin-macros@3.1.0/node_modules/jest-circus/build/runner.js:101:19)
          at runTestInternal (/home/bamer/nextjs-llama-async-proxy/node_modules/.pnpm/jest-runner@30.2.0/node_modules/jest-runner/build/testWorker.js:275:16)
          at runTest (/home/bamer/nextjs-llama-async-proxy/node_modules/.pnpm/jest-runner@30.2.0/node_modules/jest-runner/build/testWorker.js:343:7)
          at Object.worker (/home/bamer/nextjs-llama-async-proxy/node_modules/.pnpm/jest-runner@30.2.0/node_modules/jest-runner/build/testWorker.js:497:12)

      85 |       storageUsed = sizes.reduce((total: number, size: number) => total + size, 0) / (1024 * 1024); // Convert to MB
      86 |     } catch (e) {
    > 87 |       console.error('Failed to calculate storage used:', e);
         |               ^
      88 |     }
      89 |
      90 |     // Get system metrics

      at AnalyticsEngine.getAnalytics (src/lib/analytics.ts:87:15)
      at src/lib/__tests__/analytics.test.ts:395:74
          at Array.from (<anonymous>)
      at Object.<anonymous> (src/lib/__tests__/analytics.test.ts:395:30)

    console.error
      Failed to calculate storage used: TypeError: Cannot read properties of undefined (reading 'access')
          at AnalyticsEngine.getAnalytics (/home/bamer/nextjs-llama-async-proxy/src/lib/analytics.ts:77:16)
          at /home/bamer/nextjs-llama-async-proxy/src/lib/__tests__/analytics.test.ts:395:74
          at Array.from (<anonymous>)
          at Object.<anonymous> (/home/bamer/nextjs-llama-async-proxy/src/lib/__tests__/analytics.test.ts:395:30)
          at Promise.finally.completed (/home/bamer/nextjs-llama-async-proxy/node_modules/.pnpm/jest-circus@30.2.0_babel-plugin-macros@3.1.0/node_modules/jest-circus/build/jestAdapterInit.js:1557:28)
          at new Promise (<anonymous>)
          at callAsyncCircusFn (/home/bamer/nextjs-llama-async-proxy/node_modules/.pnpm/jest-circus@30.2.0_babel-plugin-macros@3.1.0/node_modules/jest-circus/build/jestAdapterInit.js:1497:10)
          at _callCircusTest (/home/bamer/nextjs-llama-async-proxy/node_modules/.pnpm/jest-circus@30.2.0_babel-plugin-macros@3.1.0/node_modules/jest-circus/build/jestAdapterInit.js:1007:40)
          at processTicksAndRejections (node:internal/process/task_queues:103:5)
          at _runTest (/home/bamer/nextjs-llama-async-proxy/node_modules/.pnpm/jest-circus@30.2.0_babel-plugin-macros@3.1.0/node_modules/jest-circus/build/jestAdapterInit.js:947:3)
          at /home/bamer/nextjs-llama-async-proxy/node_modules/.pnpm/jest-circus@30.2.0_babel-plugin-macros@3.1.0/node_modules/jest-circus/build/jestAdapterInit.js:849:7
          at _runTestsForDescribeBlock (/home/bamer/nextjs-llama-async-proxy/node_modules/.pnpm/jest-circus@30.2.0_babel-plugin-macros@3.1.0/node_modules/jest-circus/build/jestAdapterInit.js:862:11)
          at _runTestsForDescribeBlock (/home/bamer/nextjs-llama-async-proxy/node_modules/.pnpm/jest-circus@30.2.0_babel-plugin-macros@3.1.0/node_modules/jest-circus/build/jestAdapterInit.js:857:11)
          at _runTestsForDescribeBlock (/home/bamer/nextjs-llama-async-proxy/node_modules/.pnpm/jest-circus@30.2.0_babel-plugin-macros@3.1.0/node_modules/jest-circus/build/jestAdapterInit.js:857:11)
          at run (/home/bamer/nextjs-llama-async-proxy/node_modules/.pnpm/jest-circus@30.2.0_babel-plugin-macros@3.1.0/node_modules/jest-circus/build/jestAdapterInit.js:761:3)
          at runAndTransformResultsToJestFormat (/home/bamer/nextjs-llama-async-proxy/node_modules/.pnpm/jest-circus@30.2.0_babel-plugin-macros@3.1.0/node_modules/jest-circus/build/jestAdapterInit.js:1918:21)
          at jestAdapter (/home/bamer/nextjs-llama-async-proxy/node_modules/.pnpm/jest-circus@30.2.0_babel-plugin-macros@3.1.0/node_modules/jest-circus/build/runner.js:101:19)
          at runTestInternal (/home/bamer/nextjs-llama-async-proxy/node_modules/.pnpm/jest-runner@30.2.0/node_modules/jest-runner/build/testWorker.js:275:16)
          at runTest (/home/bamer/nextjs-llama-async-proxy/node_modules/.pnpm/jest-runner@30.2.0/node_modules/jest-runner/build/testWorker.js:343:7)
          at Object.worker (/home/bamer/nextjs-llama-async-proxy/node_modules/.pnpm/jest-runner@30.2.0/node_modules/jest-runner/build/testWorker.js:497:12)

      85 |       storageUsed = sizes.reduce((total: number, size: number) => total + size, 0) / (1024 * 1024); // Convert to MB
      86 |     } catch (e) {
    > 87 |       console.error('Failed to calculate storage used:', e);
         |               ^
      88 |     }
      89 |
      90 |     // Get system metrics

      at AnalyticsEngine.getAnalytics (src/lib/analytics.ts:87:15)
      at src/lib/__tests__/analytics.test.ts:395:74
          at Array.from (<anonymous>)
      at Object.<anonymous> (src/lib/__tests__/analytics.test.ts:395:30)

    console.error
      Failed to calculate storage used: TypeError: Cannot read properties of undefined (reading 'access')
          at AnalyticsEngine.getAnalytics (/home/bamer/nextjs-llama-async-proxy/src/lib/analytics.ts:77:16)
          at /home/bamer/nextjs-llama-async-proxy/src/lib/__tests__/analytics.test.ts:395:74
          at Array.from (<anonymous>)
          at Object.<anonymous> (/home/bamer/nextjs-llama-async-proxy/src/lib/__tests__/analytics.test.ts:395:30)
          at Promise.finally.completed (/home/bamer/nextjs-llama-async-proxy/node_modules/.pnpm/jest-circus@30.2.0_babel-plugin-macros@3.1.0/node_modules/jest-circus/build/jestAdapterInit.js:1557:28)
          at new Promise (<anonymous>)
          at callAsyncCircusFn (/home/bamer/nextjs-llama-async-proxy/node_modules/.pnpm/jest-circus@30.2.0_babel-plugin-macros@3.1.0/node_modules/jest-circus/build/jestAdapterInit.js:1497:10)
          at _callCircusTest (/home/bamer/nextjs-llama-async-proxy/node_modules/.pnpm/jest-circus@30.2.0_babel-plugin-macros@3.1.0/node_modules/jest-circus/build/jestAdapterInit.js:1007:40)
          at processTicksAndRejections (node:internal/process/task_queues:103:5)
          at _runTest (/home/bamer/nextjs-llama-async-proxy/node_modules/.pnpm/jest-circus@30.2.0_babel-plugin-macros@3.1.0/node_modules/jest-circus/build/jestAdapterInit.js:947:3)
          at /home/bamer/nextjs-llama-async-proxy/node_modules/.pnpm/jest-circus@30.2.0_babel-plugin-macros@3.1.0/node_modules/jest-circus/build/jestAdapterInit.js:849:7
          at _runTestsForDescribeBlock (/home/bamer/nextjs-llama-async-proxy/node_modules/.pnpm/jest-circus@30.2.0_babel-plugin-macros@3.1.0/node_modules/jest-circus/build/jestAdapterInit.js:862:11)
          at _runTestsForDescribeBlock (/home/bamer/nextjs-llama-async-proxy/node_modules/.pnpm/jest-circus@30.2.0_babel-plugin-macros@3.1.0/node_modules/jest-circus/build/jestAdapterInit.js:857:11)
          at _runTestsForDescribeBlock (/home/bamer/nextjs-llama-async-proxy/node_modules/.pnpm/jest-circus@30.2.0_babel-plugin-macros@3.1.0/node_modules/jest-circus/build/jestAdapterInit.js:857:11)
          at run (/home/bamer/nextjs-llama-async-proxy/node_modules/.pnpm/jest-circus@30.2.0_babel-plugin-macros@3.1.0/node_modules/jest-circus/build/jestAdapterInit.js:761:3)
          at runAndTransformResultsToJestFormat (/home/bamer/nextjs-llama-async-proxy/node_modules/.pnpm/jest-circus@30.2.0_babel-plugin-macros@3.1.0/node_modules/jest-circus/build/jestAdapterInit.js:1918:21)
          at jestAdapter (/home/bamer/nextjs-llama-async-proxy/node_modules/.pnpm/jest-circus@30.2.0_babel-plugin-macros@3.1.0/node_modules/jest-circus/build/runner.js:101:19)
          at runTestInternal (/home/bamer/nextjs-llama-async-proxy/node_modules/.pnpm/jest-runner@30.2.0/node_modules/jest-runner/build/testWorker.js:275:16)
          at runTest (/home/bamer/nextjs-llama-async-proxy/node_modules/.pnpm/jest-runner@30.2.0/node_modules/jest-runner/build/testWorker.js:343:7)
          at Object.worker (/home/bamer/nextjs-llama-async-proxy/node_modules/.pnpm/jest-runner@30.2.0/node_modules/jest-runner/build/testWorker.js:497:12)

      85 |       storageUsed = sizes.reduce((total: number, size: number) => total + size, 0) / (1024 * 1024); // Convert to MB
      86 |     } catch (e) {
    > 87 |       console.error('Failed to calculate storage used:', e);
         |               ^
      88 |     }
      89 |
      90 |     // Get system metrics

      at AnalyticsEngine.getAnalytics (src/lib/analytics.ts:87:15)
      at src/lib/__tests__/analytics.test.ts:395:74
          at Array.from (<anonymous>)
      at Object.<anonymous> (src/lib/__tests__/analytics.test.ts:395:30)

    console.error
      Failed to calculate storage used: TypeError: Cannot read properties of undefined (reading 'access')
          at AnalyticsEngine.getAnalytics (/home/bamer/nextjs-llama-async-proxy/src/lib/analytics.ts:77:16)
          at /home/bamer/nextjs-llama-async-proxy/src/lib/__tests__/analytics.test.ts:395:74
          at Array.from (<anonymous>)
          at Object.<anonymous> (/home/bamer/nextjs-llama-async-proxy/src/lib/__tests__/analytics.test.ts:395:30)
          at Promise.finally.completed (/home/bamer/nextjs-llama-async-proxy/node_modules/.pnpm/jest-circus@30.2.0_babel-plugin-macros@3.1.0/node_modules/jest-circus/build/jestAdapterInit.js:1557:28)
          at new Promise (<anonymous>)
          at callAsyncCircusFn (/home/bamer/nextjs-llama-async-proxy/node_modules/.pnpm/jest-circus@30.2.0_babel-plugin-macros@3.1.0/node_modules/jest-circus/build/jestAdapterInit.js:1497:10)
          at _callCircusTest (/home/bamer/nextjs-llama-async-proxy/node_modules/.pnpm/jest-circus@30.2.0_babel-plugin-macros@3.1.0/node_modules/jest-circus/build/jestAdapterInit.js:1007:40)
          at processTicksAndRejections (node:internal/process/task_queues:103:5)
          at _runTest (/home/bamer/nextjs-llama-async-proxy/node_modules/.pnpm/jest-circus@30.2.0_babel-plugin-macros@3.1.0/node_modules/jest-circus/build/jestAdapterInit.js:947:3)
          at /home/bamer/nextjs-llama-async-proxy/node_modules/.pnpm/jest-circus@30.2.0_babel-plugin-macros@3.1.0/node_modules/jest-circus/build/jestAdapterInit.js:849:7
          at _runTestsForDescribeBlock (/home/bamer/nextjs-llama-async-proxy/node_modules/.pnpm/jest-circus@30.2.0_babel-plugin-macros@3.1.0/node_modules/jest-circus/build/jestAdapterInit.js:862:11)
          at _runTestsForDescribeBlock (/home/bamer/nextjs-llama-async-proxy/node_modules/.pnpm/jest-circus@30.2.0_babel-plugin-macros@3.1.0/node_modules/jest-circus/build/jestAdapterInit.js:857:11)
          at _runTestsForDescribeBlock (/home/bamer/nextjs-llama-async-proxy/node_modules/.pnpm/jest-circus@30.2.0_babel-plugin-macros@3.1.0/node_modules/jest-circus/build/jestAdapterInit.js:857:11)
          at run (/home/bamer/nextjs-llama-async-proxy/node_modules/.pnpm/jest-circus@30.2.0_babel-plugin-macros@3.1.0/node_modules/jest-circus/build/jestAdapterInit.js:761:3)
          at runAndTransformResultsToJestFormat (/home/bamer/nextjs-llama-async-proxy/node_modules/.pnpm/jest-circus@30.2.0_babel-plugin-macros@3.1.0/node_modules/jest-circus/build/jestAdapterInit.js:1918:21)
          at jestAdapter (/home/bamer/nextjs-llama-async-proxy/node_modules/.pnpm/jest-circus@30.2.0_babel-plugin-macros@3.1.0/node_modules/jest-circus/build/runner.js:101:19)
          at runTestInternal (/home/bamer/nextjs-llama-async-proxy/node_modules/.pnpm/jest-runner@30.2.0/node_modules/jest-runner/build/testWorker.js:275:16)
          at runTest (/home/bamer/nextjs-llama-async-proxy/node_modules/.pnpm/jest-runner@30.2.0/node_modules/jest-runner/build/testWorker.js:343:7)
          at Object.worker (/home/bamer/nextjs-llama-async-proxy/node_modules/.pnpm/jest-runner@30.2.0/node_modules/jest-runner/build/testWorker.js:497:12)

      85 |       storageUsed = sizes.reduce((total: number, size: number) => total + size, 0) / (1024 * 1024); // Convert to MB
      86 |     } catch (e) {
    > 87 |       console.error('Failed to calculate storage used:', e);
         |               ^
      88 |     }
      89 |
      90 |     // Get system metrics

      at AnalyticsEngine.getAnalytics (src/lib/analytics.ts:87:15)
      at src/lib/__tests__/analytics.test.ts:395:74
          at Array.from (<anonymous>)
      at Object.<anonymous> (src/lib/__tests__/analytics.test.ts:395:30)

    console.error
      Failed to calculate storage used: TypeError: Cannot read properties of undefined (reading 'access')
          at AnalyticsEngine.getAnalytics (/home/bamer/nextjs-llama-async-proxy/src/lib/analytics.ts:77:16)
          at /home/bamer/nextjs-llama-async-proxy/src/lib/__tests__/analytics.test.ts:395:74
          at Array.from (<anonymous>)
          at Object.<anonymous> (/home/bamer/nextjs-llama-async-proxy/src/lib/__tests__/analytics.test.ts:395:30)
          at Promise.finally.completed (/home/bamer/nextjs-llama-async-proxy/node_modules/.pnpm/jest-circus@30.2.0_babel-plugin-macros@3.1.0/node_modules/jest-circus/build/jestAdapterInit.js:1557:28)
          at new Promise (<anonymous>)
          at callAsyncCircusFn (/home/bamer/nextjs-llama-async-proxy/node_modules/.pnpm/jest-circus@30.2.0_babel-plugin-macros@3.1.0/node_modules/jest-circus/build/jestAdapterInit.js:1497:10)
          at _callCircusTest (/home/bamer/nextjs-llama-async-proxy/node_modules/.pnpm/jest-circus@30.2.0_babel-plugin-macros@3.1.0/node_modules/jest-circus/build/jestAdapterInit.js:1007:40)
          at processTicksAndRejections (node:internal/process/task_queues:103:5)
          at _runTest (/home/bamer/nextjs-llama-async-proxy/node_modules/.pnpm/jest-circus@30.2.0_babel-plugin-macros@3.1.0/node_modules/jest-circus/build/jestAdapterInit.js:947:3)
          at /home/bamer/nextjs-llama-async-proxy/node_modules/.pnpm/jest-circus@30.2.0_babel-plugin-macros@3.1.0/node_modules/jest-circus/build/jestAdapterInit.js:849:7
          at _runTestsForDescribeBlock (/home/bamer/nextjs-llama-async-proxy/node_modules/.pnpm/jest-circus@30.2.0_babel-plugin-macros@3.1.0/node_modules/jest-circus/build/jestAdapterInit.js:862:11)
          at _runTestsForDescribeBlock (/home/bamer/nextjs-llama-async-proxy/node_modules/.pnpm/jest-circus@30.2.0_babel-plugin-macros@3.1.0/node_modules/jest-circus/build/jestAdapterInit.js:857:11)
          at _runTestsForDescribeBlock (/home/bamer/nextjs-llama-async-proxy/node_modules/.pnpm/jest-circus@30.2.0_babel-plugin-macros@3.1.0/node_modules/jest-circus/build/jestAdapterInit.js:857:11)
          at run (/home/bamer/nextjs-llama-async-proxy/node_modules/.pnpm/jest-circus@30.2.0_babel-plugin-macros@3.1.0/node_modules/jest-circus/build/jestAdapterInit.js:761:3)
          at runAndTransformResultsToJestFormat (/home/bamer/nextjs-llama-async-proxy/node_modules/.pnpm/jest-circus@30.2.0_babel-plugin-macros@3.1.0/node_modules/jest-circus/build/jestAdapterInit.js:1918:21)
          at jestAdapter (/home/bamer/nextjs-llama-async-proxy/node_modules/.pnpm/jest-circus@30.2.0_babel-plugin-macros@3.1.0/node_modules/jest-circus/build/runner.js:101:19)
          at runTestInternal (/home/bamer/nextjs-llama-async-proxy/node_modules/.pnpm/jest-runner@30.2.0/node_modules/jest-runner/build/testWorker.js:275:16)
          at runTest (/home/bamer/nextjs-llama-async-proxy/node_modules/.pnpm/jest-runner@30.2.0/node_modules/jest-runner/build/testWorker.js:343:7)
          at Object.worker (/home/bamer/nextjs-llama-async-proxy/node_modules/.pnpm/jest-runner@30.2.0/node_modules/jest-runner/build/testWorker.js:497:12)

      85 |       storageUsed = sizes.reduce((total: number, size: number) => total + size, 0) / (1024 * 1024); // Convert to MB
      86 |     } catch (e) {
    > 87 |       console.error('Failed to calculate storage used:', e);
         |               ^
      88 |     }
      89 |
      90 |     // Get system metrics

      at AnalyticsEngine.getAnalytics (src/lib/analytics.ts:87:15)
      at src/lib/__tests__/analytics.test.ts:395:74
          at Array.from (<anonymous>)
      at Object.<anonymous> (src/lib/__tests__/analytics.test.ts:395:30)

    console.error
      Failed to calculate storage used: TypeError: Cannot read properties of undefined (reading 'access')
          at AnalyticsEngine.getAnalytics (/home/bamer/nextjs-llama-async-proxy/src/lib/analytics.ts:77:16)
          at /home/bamer/nextjs-llama-async-proxy/src/lib/__tests__/analytics.test.ts:395:74
          at Array.from (<anonymous>)
          at Object.<anonymous> (/home/bamer/nextjs-llama-async-proxy/src/lib/__tests__/analytics.test.ts:395:30)
          at Promise.finally.completed (/home/bamer/nextjs-llama-async-proxy/node_modules/.pnpm/jest-circus@30.2.0_babel-plugin-macros@3.1.0/node_modules/jest-circus/build/jestAdapterInit.js:1557:28)
          at new Promise (<anonymous>)
          at callAsyncCircusFn (/home/bamer/nextjs-llama-async-proxy/node_modules/.pnpm/jest-circus@30.2.0_babel-plugin-macros@3.1.0/node_modules/jest-circus/build/jestAdapterInit.js:1497:10)
          at _callCircusTest (/home/bamer/nextjs-llama-async-proxy/node_modules/.pnpm/jest-circus@30.2.0_babel-plugin-macros@3.1.0/node_modules/jest-circus/build/jestAdapterInit.js:1007:40)
          at processTicksAndRejections (node:internal/process/task_queues:103:5)
          at _runTest (/home/bamer/nextjs-llama-async-proxy/node_modules/.pnpm/jest-circus@30.2.0_babel-plugin-macros@3.1.0/node_modules/jest-circus/build/jestAdapterInit.js:947:3)
          at /home/bamer/nextjs-llama-async-proxy/node_modules/.pnpm/jest-circus@30.2.0_babel-plugin-macros@3.1.0/node_modules/jest-circus/build/jestAdapterInit.js:849:7
          at _runTestsForDescribeBlock (/home/bamer/nextjs-llama-async-proxy/node_modules/.pnpm/jest-circus@30.2.0_babel-plugin-macros@3.1.0/node_modules/jest-circus/build/jestAdapterInit.js:862:11)
          at _runTestsForDescribeBlock (/home/bamer/nextjs-llama-async-proxy/node_modules/.pnpm/jest-circus@30.2.0_babel-plugin-macros@3.1.0/node_modules/jest-circus/build/jestAdapterInit.js:857:11)
          at _runTestsForDescribeBlock (/home/bamer/nextjs-llama-async-proxy/node_modules/.pnpm/jest-circus@30.2.0_babel-plugin-macros@3.1.0/node_modules/jest-circus/build/jestAdapterInit.js:857:11)
          at run (/home/bamer/nextjs-llama-async-proxy/node_modules/.pnpm/jest-circus@30.2.0_babel-plugin-macros@3.1.0/node_modules/jest-circus/build/jestAdapterInit.js:761:3)
          at runAndTransformResultsToJestFormat (/home/bamer/nextjs-llama-async-proxy/node_modules/.pnpm/jest-circus@30.2.0_babel-plugin-macros@3.1.0/node_modules/jest-circus/build/jestAdapterInit.js:1918:21)
          at jestAdapter (/home/bamer/nextjs-llama-async-proxy/node_modules/.pnpm/jest-circus@30.2.0_babel-plugin-macros@3.1.0/node_modules/jest-circus/build/runner.js:101:19)
          at runTestInternal (/home/bamer/nextjs-llama-async-proxy/node_modules/.pnpm/jest-runner@30.2.0/node_modules/jest-runner/build/testWorker.js:275:16)
          at runTest (/home/bamer/nextjs-llama-async-proxy/node_modules/.pnpm/jest-runner@30.2.0/node_modules/jest-runner/build/testWorker.js:343:7)
          at Object.worker (/home/bamer/nextjs-llama-async-proxy/node_modules/.pnpm/jest-runner@30.2.0/node_modules/jest-runner/build/testWorker.js:497:12)

      85 |       storageUsed = sizes.reduce((total: number, size: number) => total + size, 0) / (1024 * 1024); // Convert to MB
      86 |     } catch (e) {
    > 87 |       console.error('Failed to calculate storage used:', e);
         |               ^
      88 |     }
      89 |
      90 |     // Get system metrics

      at AnalyticsEngine.getAnalytics (src/lib/analytics.ts:87:15)
      at src/lib/__tests__/analytics.test.ts:395:74
          at Array.from (<anonymous>)
      at Object.<anonymous> (src/lib/__tests__/analytics.test.ts:395:30)

    console.error
      Failed to calculate storage used: TypeError: Cannot read properties of undefined (reading 'access')
          at AnalyticsEngine.getAnalytics (/home/bamer/nextjs-llama-async-proxy/src/lib/analytics.ts:77:16)
          at /home/bamer/nextjs-llama-async-proxy/src/lib/__tests__/analytics.test.ts:395:74
          at Array.from (<anonymous>)
          at Object.<anonymous> (/home/bamer/nextjs-llama-async-proxy/src/lib/__tests__/analytics.test.ts:395:30)
          at Promise.finally.completed (/home/bamer/nextjs-llama-async-proxy/node_modules/.pnpm/jest-circus@30.2.0_babel-plugin-macros@3.1.0/node_modules/jest-circus/build/jestAdapterInit.js:1557:28)
          at new Promise (<anonymous>)
          at callAsyncCircusFn (/home/bamer/nextjs-llama-async-proxy/node_modules/.pnpm/jest-circus@30.2.0_babel-plugin-macros@3.1.0/node_modules/jest-circus/build/jestAdapterInit.js:1497:10)
          at _callCircusTest (/home/bamer/nextjs-llama-async-proxy/node_modules/.pnpm/jest-circus@30.2.0_babel-plugin-macros@3.1.0/node_modules/jest-circus/build/jestAdapterInit.js:1007:40)
          at processTicksAndRejections (node:internal/process/task_queues:103:5)
          at _runTest (/home/bamer/nextjs-llama-async-proxy/node_modules/.pnpm/jest-circus@30.2.0_babel-plugin-macros@3.1.0/node_modules/jest-circus/build/jestAdapterInit.js:947:3)
          at /home/bamer/nextjs-llama-async-proxy/node_modules/.pnpm/jest-circus@30.2.0_babel-plugin-macros@3.1.0/node_modules/jest-circus/build/jestAdapterInit.js:849:7
          at _runTestsForDescribeBlock (/home/bamer/nextjs-llama-async-proxy/node_modules/.pnpm/jest-circus@30.2.0_babel-plugin-macros@3.1.0/node_modules/jest-circus/build/jestAdapterInit.js:862:11)
          at _runTestsForDescribeBlock (/home/bamer/nextjs-llama-async-proxy/node_modules/.pnpm/jest-circus@30.2.0_babel-plugin-macros@3.1.0/node_modules/jest-circus/build/jestAdapterInit.js:857:11)
          at _runTestsForDescribeBlock (/home/bamer/nextjs-llama-async-proxy/node_modules/.pnpm/jest-circus@30.2.0_babel-plugin-macros@3.1.0/node_modules/jest-circus/build/jestAdapterInit.js:857:11)
          at run (/home/bamer/nextjs-llama-async-proxy/node_modules/.pnpm/jest-circus@30.2.0_babel-plugin-macros@3.1.0/node_modules/jest-circus/build/jestAdapterInit.js:761:3)
          at runAndTransformResultsToJestFormat (/home/bamer/nextjs-llama-async-proxy/node_modules/.pnpm/jest-circus@30.2.0_babel-plugin-macros@3.1.0/node_modules/jest-circus/build/jestAdapterInit.js:1918:21)
          at jestAdapter (/home/bamer/nextjs-llama-async-proxy/node_modules/.pnpm/jest-circus@30.2.0_babel-plugin-macros@3.1.0/node_modules/jest-circus/build/runner.js:101:19)
          at runTestInternal (/home/bamer/nextjs-llama-async-proxy/node_modules/.pnpm/jest-runner@30.2.0/node_modules/jest-runner/build/testWorker.js:275:16)
          at runTest (/home/bamer/nextjs-llama-async-proxy/node_modules/.pnpm/jest-runner@30.2.0/node_modules/jest-runner/build/testWorker.js:343:7)
          at Object.worker (/home/bamer/nextjs-llama-async-proxy/node_modules/.pnpm/jest-runner@30.2.0/node_modules/jest-runner/build/testWorker.js:497:12)

      85 |       storageUsed = sizes.reduce((total: number, size: number) => total + size, 0) / (1024 * 1024); // Convert to MB
      86 |     } catch (e) {
    > 87 |       console.error('Failed to calculate storage used:', e);
         |               ^
      88 |     }
      89 |
      90 |     // Get system metrics

      at AnalyticsEngine.getAnalytics (src/lib/analytics.ts:87:15)
      at src/lib/__tests__/analytics.test.ts:395:74
          at Array.from (<anonymous>)
      at Object.<anonymous> (src/lib/__tests__/analytics.test.ts:395:30)

    console.error
      Failed to calculate storage used: TypeError: Cannot read properties of undefined (reading 'access')
          at AnalyticsEngine.getAnalytics (/home/bamer/nextjs-llama-async-proxy/src/lib/analytics.ts:77:16)
          at /home/bamer/nextjs-llama-async-proxy/src/lib/__tests__/analytics.test.ts:395:74
          at Array.from (<anonymous>)
          at Object.<anonymous> (/home/bamer/nextjs-llama-async-proxy/src/lib/__tests__/analytics.test.ts:395:30)
          at Promise.finally.completed (/home/bamer/nextjs-llama-async-proxy/node_modules/.pnpm/jest-circus@30.2.0_babel-plugin-macros@3.1.0/node_modules/jest-circus/build/jestAdapterInit.js:1557:28)
          at new Promise (<anonymous>)
          at callAsyncCircusFn (/home/bamer/nextjs-llama-async-proxy/node_modules/.pnpm/jest-circus@30.2.0_babel-plugin-macros@3.1.0/node_modules/jest-circus/build/jestAdapterInit.js:1497:10)
          at _callCircusTest (/home/bamer/nextjs-llama-async-proxy/node_modules/.pnpm/jest-circus@30.2.0_babel-plugin-macros@3.1.0/node_modules/jest-circus/build/jestAdapterInit.js:1007:40)
          at processTicksAndRejections (node:internal/process/task_queues:103:5)
          at _runTest (/home/bamer/nextjs-llama-async-proxy/node_modules/.pnpm/jest-circus@30.2.0_babel-plugin-macros@3.1.0/node_modules/jest-circus/build/jestAdapterInit.js:947:3)
          at /home/bamer/nextjs-llama-async-proxy/node_modules/.pnpm/jest-circus@30.2.0_babel-plugin-macros@3.1.0/node_modules/jest-circus/build/jestAdapterInit.js:849:7
          at _runTestsForDescribeBlock (/home/bamer/nextjs-llama-async-proxy/node_modules/.pnpm/jest-circus@30.2.0_babel-plugin-macros@3.1.0/node_modules/jest-circus/build/jestAdapterInit.js:862:11)
          at _runTestsForDescribeBlock (/home/bamer/nextjs-llama-async-proxy/node_modules/.pnpm/jest-circus@30.2.0_babel-plugin-macros@3.1.0/node_modules/jest-circus/build/jestAdapterInit.js:857:11)
          at _runTestsForDescribeBlock (/home/bamer/nextjs-llama-async-proxy/node_modules/.pnpm/jest-circus@30.2.0_babel-plugin-macros@3.1.0/node_modules/jest-circus/build/jestAdapterInit.js:857:11)
          at run (/home/bamer/nextjs-llama-async-proxy/node_modules/.pnpm/jest-circus@30.2.0_babel-plugin-macros@3.1.0/node_modules/jest-circus/build/jestAdapterInit.js:761:3)
          at runAndTransformResultsToJestFormat (/home/bamer/nextjs-llama-async-proxy/node_modules/.pnpm/jest-circus@30.2.0_babel-plugin-macros@3.1.0/node_modules/jest-circus/build/jestAdapterInit.js:1918:21)
          at jestAdapter (/home/bamer/nextjs-llama-async-proxy/node_modules/.pnpm/jest-circus@30.2.0_babel-plugin-macros@3.1.0/node_modules/jest-circus/build/runner.js:101:19)
          at runTestInternal (/home/bamer/nextjs-llama-async-proxy/node_modules/.pnpm/jest-runner@30.2.0/node_modules/jest-runner/build/testWorker.js:275:16)
          at runTest (/home/bamer/nextjs-llama-async-proxy/node_modules/.pnpm/jest-runner@30.2.0/node_modules/jest-runner/build/testWorker.js:343:7)
          at Object.worker (/home/bamer/nextjs-llama-async-proxy/node_modules/.pnpm/jest-runner@30.2.0/node_modules/jest-runner/build/testWorker.js:497:12)

      85 |       storageUsed = sizes.reduce((total: number, size: number) => total + size, 0) / (1024 * 1024); // Convert to MB
      86 |     } catch (e) {
    > 87 |       console.error('Failed to calculate storage used:', e);
         |               ^
      88 |     }
      89 |
      90 |     // Get system metrics

      at AnalyticsEngine.getAnalytics (src/lib/analytics.ts:87:15)
      at src/lib/__tests__/analytics.test.ts:395:74
          at Array.from (<anonymous>)
      at Object.<anonymous> (src/lib/__tests__/analytics.test.ts:395:30)

    console.error
      Failed to calculate storage used: TypeError: Cannot read properties of undefined (reading 'access')
          at AnalyticsEngine.getAnalytics (/home/bamer/nextjs-llama-async-proxy/src/lib/analytics.ts:77:16)
          at /home/bamer/nextjs-llama-async-proxy/src/lib/__tests__/analytics.test.ts:395:74
          at Array.from (<anonymous>)
          at Object.<anonymous> (/home/bamer/nextjs-llama-async-proxy/src/lib/__tests__/analytics.test.ts:395:30)
          at Promise.finally.completed (/home/bamer/nextjs-llama-async-proxy/node_modules/.pnpm/jest-circus@30.2.0_babel-plugin-macros@3.1.0/node_modules/jest-circus/build/jestAdapterInit.js:1557:28)
          at new Promise (<anonymous>)
          at callAsyncCircusFn (/home/bamer/nextjs-llama-async-proxy/node_modules/.pnpm/jest-circus@30.2.0_babel-plugin-macros@3.1.0/node_modules/jest-circus/build/jestAdapterInit.js:1497:10)
          at _callCircusTest (/home/bamer/nextjs-llama-async-proxy/node_modules/.pnpm/jest-circus@30.2.0_babel-plugin-macros@3.1.0/node_modules/jest-circus/build/jestAdapterInit.js:1007:40)
          at processTicksAndRejections (node:internal/process/task_queues:103:5)
          at _runTest (/home/bamer/nextjs-llama-async-proxy/node_modules/.pnpm/jest-circus@30.2.0_babel-plugin-macros@3.1.0/node_modules/jest-circus/build/jestAdapterInit.js:947:3)
          at /home/bamer/nextjs-llama-async-proxy/node_modules/.pnpm/jest-circus@30.2.0_babel-plugin-macros@3.1.0/node_modules/jest-circus/build/jestAdapterInit.js:849:7
          at _runTestsForDescribeBlock (/home/bamer/nextjs-llama-async-proxy/node_modules/.pnpm/jest-circus@30.2.0_babel-plugin-macros@3.1.0/node_modules/jest-circus/build/jestAdapterInit.js:862:11)
          at _runTestsForDescribeBlock (/home/bamer/nextjs-llama-async-proxy/node_modules/.pnpm/jest-circus@30.2.0_babel-plugin-macros@3.1.0/node_modules/jest-circus/build/jestAdapterInit.js:857:11)
          at _runTestsForDescribeBlock (/home/bamer/nextjs-llama-async-proxy/node_modules/.pnpm/jest-circus@30.2.0_babel-plugin-macros@3.1.0/node_modules/jest-circus/build/jestAdapterInit.js:857:11)
          at run (/home/bamer/nextjs-llama-async-proxy/node_modules/.pnpm/jest-circus@30.2.0_babel-plugin-macros@3.1.0/node_modules/jest-circus/build/jestAdapterInit.js:761:3)
          at runAndTransformResultsToJestFormat (/home/bamer/nextjs-llama-async-proxy/node_modules/.pnpm/jest-circus@30.2.0_babel-plugin-macros@3.1.0/node_modules/jest-circus/build/jestAdapterInit.js:1918:21)
          at jestAdapter (/home/bamer/nextjs-llama-async-proxy/node_modules/.pnpm/jest-circus@30.2.0_babel-plugin-macros@3.1.0/node_modules/jest-circus/build/runner.js:101:19)
          at runTestInternal (/home/bamer/nextjs-llama-async-proxy/node_modules/.pnpm/jest-runner@30.2.0/node_modules/jest-runner/build/testWorker.js:275:16)
          at runTest (/home/bamer/nextjs-llama-async-proxy/node_modules/.pnpm/jest-runner@30.2.0/node_modules/jest-runner/build/testWorker.js:343:7)
          at Object.worker (/home/bamer/nextjs-llama-async-proxy/node_modules/.pnpm/jest-runner@30.2.0/node_modules/jest-runner/build/testWorker.js:497:12)

      85 |       storageUsed = sizes.reduce((total: number, size: number) => total + size, 0) / (1024 * 1024); // Convert to MB
      86 |     } catch (e) {
    > 87 |       console.error('Failed to calculate storage used:', e);
         |               ^
      88 |     }
      89 |
      90 |     // Get system metrics

      at AnalyticsEngine.getAnalytics (src/lib/analytics.ts:87:15)
      at src/lib/__tests__/analytics.test.ts:395:74
          at Array.from (<anonymous>)
      at Object.<anonymous> (src/lib/__tests__/analytics.test.ts:395:30)

    console.error
      Failed to calculate storage used: TypeError: Cannot read properties of undefined (reading 'access')
          at AnalyticsEngine.getAnalytics (/home/bamer/nextjs-llama-async-proxy/src/lib/analytics.ts:77:16)
          at /home/bamer/nextjs-llama-async-proxy/src/lib/__tests__/analytics.test.ts:395:74
          at Array.from (<anonymous>)
          at Object.<anonymous> (/home/bamer/nextjs-llama-async-proxy/src/lib/__tests__/analytics.test.ts:395:30)
          at Promise.finally.completed (/home/bamer/nextjs-llama-async-proxy/node_modules/.pnpm/jest-circus@30.2.0_babel-plugin-macros@3.1.0/node_modules/jest-circus/build/jestAdapterInit.js:1557:28)
          at new Promise (<anonymous>)
          at callAsyncCircusFn (/home/bamer/nextjs-llama-async-proxy/node_modules/.pnpm/jest-circus@30.2.0_babel-plugin-macros@3.1.0/node_modules/jest-circus/build/jestAdapterInit.js:1497:10)
          at _callCircusTest (/home/bamer/nextjs-llama-async-proxy/node_modules/.pnpm/jest-circus@30.2.0_babel-plugin-macros@3.1.0/node_modules/jest-circus/build/jestAdapterInit.js:1007:40)
          at processTicksAndRejections (node:internal/process/task_queues:103:5)
          at _runTest (/home/bamer/nextjs-llama-async-proxy/node_modules/.pnpm/jest-circus@30.2.0_babel-plugin-macros@3.1.0/node_modules/jest-circus/build/jestAdapterInit.js:947:3)
          at /home/bamer/nextjs-llama-async-proxy/node_modules/.pnpm/jest-circus@30.2.0_babel-plugin-macros@3.1.0/node_modules/jest-circus/build/jestAdapterInit.js:849:7
          at _runTestsForDescribeBlock (/home/bamer/nextjs-llama-async-proxy/node_modules/.pnpm/jest-circus@30.2.0_babel-plugin-macros@3.1.0/node_modules/jest-circus/build/jestAdapterInit.js:862:11)
          at _runTestsForDescribeBlock (/home/bamer/nextjs-llama-async-proxy/node_modules/.pnpm/jest-circus@30.2.0_babel-plugin-macros@3.1.0/node_modules/jest-circus/build/jestAdapterInit.js:857:11)
          at _runTestsForDescribeBlock (/home/bamer/nextjs-llama-async-proxy/node_modules/.pnpm/jest-circus@30.2.0_babel-plugin-macros@3.1.0/node_modules/jest-circus/build/jestAdapterInit.js:857:11)
          at run (/home/bamer/nextjs-llama-async-proxy/node_modules/.pnpm/jest-circus@30.2.0_babel-plugin-macros@3.1.0/node_modules/jest-circus/build/jestAdapterInit.js:761:3)
          at runAndTransformResultsToJestFormat (/home/bamer/nextjs-llama-async-proxy/node_modules/.pnpm/jest-circus@30.2.0_babel-plugin-macros@3.1.0/node_modules/jest-circus/build/jestAdapterInit.js:1918:21)
          at jestAdapter (/home/bamer/nextjs-llama-async-proxy/node_modules/.pnpm/jest-circus@30.2.0_babel-plugin-macros@3.1.0/node_modules/jest-circus/build/runner.js:101:19)
          at runTestInternal (/home/bamer/nextjs-llama-async-proxy/node_modules/.pnpm/jest-runner@30.2.0/node_modules/jest-runner/build/testWorker.js:275:16)
          at runTest (/home/bamer/nextjs-llama-async-proxy/node_modules/.pnpm/jest-runner@30.2.0/node_modules/jest-runner/build/testWorker.js:343:7)
          at Object.worker (/home/bamer/nextjs-llama-async-proxy/node_modules/.pnpm/jest-runner@30.2.0/node_modules/jest-runner/build/testWorker.js:497:12)

      85 |       storageUsed = sizes.reduce((total: number, size: number) => total + size, 0) / (1024 * 1024); // Convert to MB
      86 |     } catch (e) {
    > 87 |       console.error('Failed to calculate storage used:', e);
         |               ^
      88 |     }
      89 |
      90 |     // Get system metrics

      at AnalyticsEngine.getAnalytics (src/lib/analytics.ts:87:15)
      at src/lib/__tests__/analytics.test.ts:395:74
          at Array.from (<anonymous>)
      at Object.<anonymous> (src/lib/__tests__/analytics.test.ts:395:30)

    console.error
      Failed to calculate storage used: TypeError: Cannot read properties of undefined (reading 'access')
          at AnalyticsEngine.getAnalytics (/home/bamer/nextjs-llama-async-proxy/src/lib/analytics.ts:77:16)
          at /home/bamer/nextjs-llama-async-proxy/src/lib/__tests__/analytics.test.ts:395:74
          at Array.from (<anonymous>)
          at Object.<anonymous> (/home/bamer/nextjs-llama-async-proxy/src/lib/__tests__/analytics.test.ts:395:30)
          at Promise.finally.completed (/home/bamer/nextjs-llama-async-proxy/node_modules/.pnpm/jest-circus@30.2.0_babel-plugin-macros@3.1.0/node_modules/jest-circus/build/jestAdapterInit.js:1557:28)
          at new Promise (<anonymous>)
          at callAsyncCircusFn (/home/bamer/nextjs-llama-async-proxy/node_modules/.pnpm/jest-circus@30.2.0_babel-plugin-macros@3.1.0/node_modules/jest-circus/build/jestAdapterInit.js:1497:10)
          at _callCircusTest (/home/bamer/nextjs-llama-async-proxy/node_modules/.pnpm/jest-circus@30.2.0_babel-plugin-macros@3.1.0/node_modules/jest-circus/build/jestAdapterInit.js:1007:40)
          at processTicksAndRejections (node:internal/process/task_queues:103:5)
          at _runTest (/home/bamer/nextjs-llama-async-proxy/node_modules/.pnpm/jest-circus@30.2.0_babel-plugin-macros@3.1.0/node_modules/jest-circus/build/jestAdapterInit.js:947:3)
          at /home/bamer/nextjs-llama-async-proxy/node_modules/.pnpm/jest-circus@30.2.0_babel-plugin-macros@3.1.0/node_modules/jest-circus/build/jestAdapterInit.js:849:7
          at _runTestsForDescribeBlock (/home/bamer/nextjs-llama-async-proxy/node_modules/.pnpm/jest-circus@30.2.0_babel-plugin-macros@3.1.0/node_modules/jest-circus/build/jestAdapterInit.js:862:11)
          at _runTestsForDescribeBlock (/home/bamer/nextjs-llama-async-proxy/node_modules/.pnpm/jest-circus@30.2.0_babel-plugin-macros@3.1.0/node_modules/jest-circus/build/jestAdapterInit.js:857:11)
          at _runTestsForDescribeBlock (/home/bamer/nextjs-llama-async-proxy/node_modules/.pnpm/jest-circus@30.2.0_babel-plugin-macros@3.1.0/node_modules/jest-circus/build/jestAdapterInit.js:857:11)
          at run (/home/bamer/nextjs-llama-async-proxy/node_modules/.pnpm/jest-circus@30.2.0_babel-plugin-macros@3.1.0/node_modules/jest-circus/build/jestAdapterInit.js:761:3)
          at runAndTransformResultsToJestFormat (/home/bamer/nextjs-llama-async-proxy/node_modules/.pnpm/jest-circus@30.2.0_babel-plugin-macros@3.1.0/node_modules/jest-circus/build/jestAdapterInit.js:1918:21)
          at jestAdapter (/home/bamer/nextjs-llama-async-proxy/node_modules/.pnpm/jest-circus@30.2.0_babel-plugin-macros@3.1.0/node_modules/jest-circus/build/runner.js:101:19)
          at runTestInternal (/home/bamer/nextjs-llama-async-proxy/node_modules/.pnpm/jest-runner@30.2.0/node_modules/jest-runner/build/testWorker.js:275:16)
          at runTest (/home/bamer/nextjs-llama-async-proxy/node_modules/.pnpm/jest-runner@30.2.0/node_modules/jest-runner/build/testWorker.js:343:7)
          at Object.worker (/home/bamer/nextjs-llama-async-proxy/node_modules/.pnpm/jest-runner@30.2.0/node_modules/jest-runner/build/testWorker.js:497:12)

      85 |       storageUsed = sizes.reduce((total: number, size: number) => total + size, 0) / (1024 * 1024); // Convert to MB
      86 |     } catch (e) {
    > 87 |       console.error('Failed to calculate storage used:', e);
         |               ^
      88 |     }
      89 |
      90 |     // Get system metrics

      at AnalyticsEngine.getAnalytics (src/lib/analytics.ts:87:15)
      at src/lib/__tests__/analytics.test.ts:395:74
          at Array.from (<anonymous>)
      at Object.<anonymous> (src/lib/__tests__/analytics.test.ts:395:30)

    console.error
      Failed to calculate storage used: TypeError: Cannot read properties of undefined (reading 'access')
          at AnalyticsEngine.getAnalytics (/home/bamer/nextjs-llama-async-proxy/src/lib/analytics.ts:77:16)
          at /home/bamer/nextjs-llama-async-proxy/src/lib/__tests__/analytics.test.ts:395:74
          at Array.from (<anonymous>)
          at Object.<anonymous> (/home/bamer/nextjs-llama-async-proxy/src/lib/__tests__/analytics.test.ts:395:30)
          at Promise.finally.completed (/home/bamer/nextjs-llama-async-proxy/node_modules/.pnpm/jest-circus@30.2.0_babel-plugin-macros@3.1.0/node_modules/jest-circus/build/jestAdapterInit.js:1557:28)
          at new Promise (<anonymous>)
          at callAsyncCircusFn (/home/bamer/nextjs-llama-async-proxy/node_modules/.pnpm/jest-circus@30.2.0_babel-plugin-macros@3.1.0/node_modules/jest-circus/build/jestAdapterInit.js:1497:10)
          at _callCircusTest (/home/bamer/nextjs-llama-async-proxy/node_modules/.pnpm/jest-circus@30.2.0_babel-plugin-macros@3.1.0/node_modules/jest-circus/build/jestAdapterInit.js:1007:40)
          at processTicksAndRejections (node:internal/process/task_queues:103:5)
          at _runTest (/home/bamer/nextjs-llama-async-proxy/node_modules/.pnpm/jest-circus@30.2.0_babel-plugin-macros@3.1.0/node_modules/jest-circus/build/jestAdapterInit.js:947:3)
          at /home/bamer/nextjs-llama-async-proxy/node_modules/.pnpm/jest-circus@30.2.0_babel-plugin-macros@3.1.0/node_modules/jest-circus/build/jestAdapterInit.js:849:7
          at _runTestsForDescribeBlock (/home/bamer/nextjs-llama-async-proxy/node_modules/.pnpm/jest-circus@30.2.0_babel-plugin-macros@3.1.0/node_modules/jest-circus/build/jestAdapterInit.js:862:11)
          at _runTestsForDescribeBlock (/home/bamer/nextjs-llama-async-proxy/node_modules/.pnpm/jest-circus@30.2.0_babel-plugin-macros@3.1.0/node_modules/jest-circus/build/jestAdapterInit.js:857:11)
          at _runTestsForDescribeBlock (/home/bamer/nextjs-llama-async-proxy/node_modules/.pnpm/jest-circus@30.2.0_babel-plugin-macros@3.1.0/node_modules/jest-circus/build/jestAdapterInit.js:857:11)
          at run (/home/bamer/nextjs-llama-async-proxy/node_modules/.pnpm/jest-circus@30.2.0_babel-plugin-macros@3.1.0/node_modules/jest-circus/build/jestAdapterInit.js:761:3)
          at runAndTransformResultsToJestFormat (/home/bamer/nextjs-llama-async-proxy/node_modules/.pnpm/jest-circus@30.2.0_babel-plugin-macros@3.1.0/node_modules/jest-circus/build/jestAdapterInit.js:1918:21)
          at jestAdapter (/home/bamer/nextjs-llama-async-proxy/node_modules/.pnpm/jest-circus@30.2.0_babel-plugin-macros@3.1.0/node_modules/jest-circus/build/runner.js:101:19)
          at runTestInternal (/home/bamer/nextjs-llama-async-proxy/node_modules/.pnpm/jest-runner@30.2.0/node_modules/jest-runner/build/testWorker.js:275:16)
          at runTest (/home/bamer/nextjs-llama-async-proxy/node_modules/.pnpm/jest-runner@30.2.0/node_modules/jest-runner/build/testWorker.js:343:7)
          at Object.worker (/home/bamer/nextjs-llama-async-proxy/node_modules/.pnpm/jest-runner@30.2.0/node_modules/jest-runner/build/testWorker.js:497:12)

      85 |       storageUsed = sizes.reduce((total: number, size: number) => total + size, 0) / (1024 * 1024); // Convert to MB
      86 |     } catch (e) {
    > 87 |       console.error('Failed to calculate storage used:', e);
         |               ^
      88 |     }
      89 |
      90 |     // Get system metrics

      at AnalyticsEngine.getAnalytics (src/lib/analytics.ts:87:15)
      at src/lib/__tests__/analytics.test.ts:395:74
          at Array.from (<anonymous>)
      at Object.<anonymous> (src/lib/__tests__/analytics.test.ts:395:30)

    console.error
      Failed to calculate storage used: TypeError: Cannot read properties of undefined (reading 'access')
          at AnalyticsEngine.getAnalytics (/home/bamer/nextjs-llama-async-proxy/src/lib/analytics.ts:77:16)
          at /home/bamer/nextjs-llama-async-proxy/src/lib/__tests__/analytics.test.ts:395:74
          at Array.from (<anonymous>)
          at Object.<anonymous> (/home/bamer/nextjs-llama-async-proxy/src/lib/__tests__/analytics.test.ts:395:30)
          at Promise.finally.completed (/home/bamer/nextjs-llama-async-proxy/node_modules/.pnpm/jest-circus@30.2.0_babel-plugin-macros@3.1.0/node_modules/jest-circus/build/jestAdapterInit.js:1557:28)
          at new Promise (<anonymous>)
          at callAsyncCircusFn (/home/bamer/nextjs-llama-async-proxy/node_modules/.pnpm/jest-circus@30.2.0_babel-plugin-macros@3.1.0/node_modules/jest-circus/build/jestAdapterInit.js:1497:10)
          at _callCircusTest (/home/bamer/nextjs-llama-async-proxy/node_modules/.pnpm/jest-circus@30.2.0_babel-plugin-macros@3.1.0/node_modules/jest-circus/build/jestAdapterInit.js:1007:40)
          at processTicksAndRejections (node:internal/process/task_queues:103:5)
          at _runTest (/home/bamer/nextjs-llama-async-proxy/node_modules/.pnpm/jest-circus@30.2.0_babel-plugin-macros@3.1.0/node_modules/jest-circus/build/jestAdapterInit.js:947:3)
          at /home/bamer/nextjs-llama-async-proxy/node_modules/.pnpm/jest-circus@30.2.0_babel-plugin-macros@3.1.0/node_modules/jest-circus/build/jestAdapterInit.js:849:7
          at _runTestsForDescribeBlock (/home/bamer/nextjs-llama-async-proxy/node_modules/.pnpm/jest-circus@30.2.0_babel-plugin-macros@3.1.0/node_modules/jest-circus/build/jestAdapterInit.js:862:11)
          at _runTestsForDescribeBlock (/home/bamer/nextjs-llama-async-proxy/node_modules/.pnpm/jest-circus@30.2.0_babel-plugin-macros@3.1.0/node_modules/jest-circus/build/jestAdapterInit.js:857:11)
          at _runTestsForDescribeBlock (/home/bamer/nextjs-llama-async-proxy/node_modules/.pnpm/jest-circus@30.2.0_babel-plugin-macros@3.1.0/node_modules/jest-circus/build/jestAdapterInit.js:857:11)
          at run (/home/bamer/nextjs-llama-async-proxy/node_modules/.pnpm/jest-circus@30.2.0_babel-plugin-macros@3.1.0/node_modules/jest-circus/build/jestAdapterInit.js:761:3)
          at runAndTransformResultsToJestFormat (/home/bamer/nextjs-llama-async-proxy/node_modules/.pnpm/jest-circus@30.2.0_babel-plugin-macros@3.1.0/node_modules/jest-circus/build/jestAdapterInit.js:1918:21)
          at jestAdapter (/home/bamer/nextjs-llama-async-proxy/node_modules/.pnpm/jest-circus@30.2.0_babel-plugin-macros@3.1.0/node_modules/jest-circus/build/runner.js:101:19)
          at runTestInternal (/home/bamer/nextjs-llama-async-proxy/node_modules/.pnpm/jest-runner@30.2.0/node_modules/jest-runner/build/testWorker.js:275:16)
          at runTest (/home/bamer/nextjs-llama-async-proxy/node_modules/.pnpm/jest-runner@30.2.0/node_modules/jest-runner/build/testWorker.js:343:7)
          at Object.worker (/home/bamer/nextjs-llama-async-proxy/node_modules/.pnpm/jest-runner@30.2.0/node_modules/jest-runner/build/testWorker.js:497:12)

      85 |       storageUsed = sizes.reduce((total: number, size: number) => total + size, 0) / (1024 * 1024); // Convert to MB
      86 |     } catch (e) {
    > 87 |       console.error('Failed to calculate storage used:', e);
         |               ^
      88 |     }
      89 |
      90 |     // Get system metrics

      at AnalyticsEngine.getAnalytics (src/lib/analytics.ts:87:15)
      at src/lib/__tests__/analytics.test.ts:395:74
          at Array.from (<anonymous>)
      at Object.<anonymous> (src/lib/__tests__/analytics.test.ts:395:30)

    console.error
      Failed to calculate storage used: TypeError: Cannot read properties of undefined (reading 'access')
          at AnalyticsEngine.getAnalytics (/home/bamer/nextjs-llama-async-proxy/src/lib/analytics.ts:77:16)
          at /home/bamer/nextjs-llama-async-proxy/src/lib/__tests__/analytics.test.ts:395:74
          at Array.from (<anonymous>)
          at Object.<anonymous> (/home/bamer/nextjs-llama-async-proxy/src/lib/__tests__/analytics.test.ts:395:30)
          at Promise.finally.completed (/home/bamer/nextjs-llama-async-proxy/node_modules/.pnpm/jest-circus@30.2.0_babel-plugin-macros@3.1.0/node_modules/jest-circus/build/jestAdapterInit.js:1557:28)
          at new Promise (<anonymous>)
          at callAsyncCircusFn (/home/bamer/nextjs-llama-async-proxy/node_modules/.pnpm/jest-circus@30.2.0_babel-plugin-macros@3.1.0/node_modules/jest-circus/build/jestAdapterInit.js:1497:10)
          at _callCircusTest (/home/bamer/nextjs-llama-async-proxy/node_modules/.pnpm/jest-circus@30.2.0_babel-plugin-macros@3.1.0/node_modules/jest-circus/build/jestAdapterInit.js:1007:40)
          at processTicksAndRejections (node:internal/process/task_queues:103:5)
          at _runTest (/home/bamer/nextjs-llama-async-proxy/node_modules/.pnpm/jest-circus@30.2.0_babel-plugin-macros@3.1.0/node_modules/jest-circus/build/jestAdapterInit.js:947:3)
          at /home/bamer/nextjs-llama-async-proxy/node_modules/.pnpm/jest-circus@30.2.0_babel-plugin-macros@3.1.0/node_modules/jest-circus/build/jestAdapterInit.js:849:7
          at _runTestsForDescribeBlock (/home/bamer/nextjs-llama-async-proxy/node_modules/.pnpm/jest-circus@30.2.0_babel-plugin-macros@3.1.0/node_modules/jest-circus/build/jestAdapterInit.js:862:11)
          at _runTestsForDescribeBlock (/home/bamer/nextjs-llama-async-proxy/node_modules/.pnpm/jest-circus@30.2.0_babel-plugin-macros@3.1.0/node_modules/jest-circus/build/jestAdapterInit.js:857:11)
          at _runTestsForDescribeBlock (/home/bamer/nextjs-llama-async-proxy/node_modules/.pnpm/jest-circus@30.2.0_babel-plugin-macros@3.1.0/node_modules/jest-circus/build/jestAdapterInit.js:857:11)
          at run (/home/bamer/nextjs-llama-async-proxy/node_modules/.pnpm/jest-circus@30.2.0_babel-plugin-macros@3.1.0/node_modules/jest-circus/build/jestAdapterInit.js:761:3)
          at runAndTransformResultsToJestFormat (/home/bamer/nextjs-llama-async-proxy/node_modules/.pnpm/jest-circus@30.2.0_babel-plugin-macros@3.1.0/node_modules/jest-circus/build/jestAdapterInit.js:1918:21)
          at jestAdapter (/home/bamer/nextjs-llama-async-proxy/node_modules/.pnpm/jest-circus@30.2.0_babel-plugin-macros@3.1.0/node_modules/jest-circus/build/runner.js:101:19)
          at runTestInternal (/home/bamer/nextjs-llama-async-proxy/node_modules/.pnpm/jest-runner@30.2.0/node_modules/jest-runner/build/testWorker.js:275:16)
          at runTest (/home/bamer/nextjs-llama-async-proxy/node_modules/.pnpm/jest-runner@30.2.0/node_modules/jest-runner/build/testWorker.js:343:7)
          at Object.worker (/home/bamer/nextjs-llama-async-proxy/node_modules/.pnpm/jest-runner@30.2.0/node_modules/jest-runner/build/testWorker.js:497:12)

      85 |       storageUsed = sizes.reduce((total: number, size: number) => total + size, 0) / (1024 * 1024); // Convert to MB
      86 |     } catch (e) {
    > 87 |       console.error('Failed to calculate storage used:', e);
         |               ^
      88 |     }
      89 |
      90 |     // Get system metrics

      at AnalyticsEngine.getAnalytics (src/lib/analytics.ts:87:15)
      at src/lib/__tests__/analytics.test.ts:395:74
          at Array.from (<anonymous>)
      at Object.<anonymous> (src/lib/__tests__/analytics.test.ts:395:30)

    console.error
      Failed to calculate storage used: TypeError: Cannot read properties of undefined (reading 'access')
          at AnalyticsEngine.getAnalytics (/home/bamer/nextjs-llama-async-proxy/src/lib/analytics.ts:77:16)
          at /home/bamer/nextjs-llama-async-proxy/src/lib/__tests__/analytics.test.ts:395:74
          at Array.from (<anonymous>)
          at Object.<anonymous> (/home/bamer/nextjs-llama-async-proxy/src/lib/__tests__/analytics.test.ts:395:30)
          at Promise.finally.completed (/home/bamer/nextjs-llama-async-proxy/node_modules/.pnpm/jest-circus@30.2.0_babel-plugin-macros@3.1.0/node_modules/jest-circus/build/jestAdapterInit.js:1557:28)
          at new Promise (<anonymous>)
          at callAsyncCircusFn (/home/bamer/nextjs-llama-async-proxy/node_modules/.pnpm/jest-circus@30.2.0_babel-plugin-macros@3.1.0/node_modules/jest-circus/build/jestAdapterInit.js:1497:10)
          at _callCircusTest (/home/bamer/nextjs-llama-async-proxy/node_modules/.pnpm/jest-circus@30.2.0_babel-plugin-macros@3.1.0/node_modules/jest-circus/build/jestAdapterInit.js:1007:40)
          at processTicksAndRejections (node:internal/process/task_queues:103:5)
          at _runTest (/home/bamer/nextjs-llama-async-proxy/node_modules/.pnpm/jest-circus@30.2.0_babel-plugin-macros@3.1.0/node_modules/jest-circus/build/jestAdapterInit.js:947:3)
          at /home/bamer/nextjs-llama-async-proxy/node_modules/.pnpm/jest-circus@30.2.0_babel-plugin-macros@3.1.0/node_modules/jest-circus/build/jestAdapterInit.js:849:7
          at _runTestsForDescribeBlock (/home/bamer/nextjs-llama-async-proxy/node_modules/.pnpm/jest-circus@30.2.0_babel-plugin-macros@3.1.0/node_modules/jest-circus/build/jestAdapterInit.js:862:11)
          at _runTestsForDescribeBlock (/home/bamer/nextjs-llama-async-proxy/node_modules/.pnpm/jest-circus@30.2.0_babel-plugin-macros@3.1.0/node_modules/jest-circus/build/jestAdapterInit.js:857:11)
          at _runTestsForDescribeBlock (/home/bamer/nextjs-llama-async-proxy/node_modules/.pnpm/jest-circus@30.2.0_babel-plugin-macros@3.1.0/node_modules/jest-circus/build/jestAdapterInit.js:857:11)
          at run (/home/bamer/nextjs-llama-async-proxy/node_modules/.pnpm/jest-circus@30.2.0_babel-plugin-macros@3.1.0/node_modules/jest-circus/build/jestAdapterInit.js:761:3)
          at runAndTransformResultsToJestFormat (/home/bamer/nextjs-llama-async-proxy/node_modules/.pnpm/jest-circus@30.2.0_babel-plugin-macros@3.1.0/node_modules/jest-circus/build/jestAdapterInit.js:1918:21)
          at jestAdapter (/home/bamer/nextjs-llama-async-proxy/node_modules/.pnpm/jest-circus@30.2.0_babel-plugin-macros@3.1.0/node_modules/jest-circus/build/runner.js:101:19)
          at runTestInternal (/home/bamer/nextjs-llama-async-proxy/node_modules/.pnpm/jest-runner@30.2.0/node_modules/jest-runner/build/testWorker.js:275:16)
          at runTest (/home/bamer/nextjs-llama-async-proxy/node_modules/.pnpm/jest-runner@30.2.0/node_modules/jest-runner/build/testWorker.js:343:7)
          at Object.worker (/home/bamer/nextjs-llama-async-proxy/node_modules/.pnpm/jest-runner@30.2.0/node_modules/jest-runner/build/testWorker.js:497:12)

      85 |       storageUsed = sizes.reduce((total: number, size: number) => total + size, 0) / (1024 * 1024); // Convert to MB
      86 |     } catch (e) {
    > 87 |       console.error('Failed to calculate storage used:', e);
         |               ^
      88 |     }
      89 |
      90 |     // Get system metrics

      at AnalyticsEngine.getAnalytics (src/lib/analytics.ts:87:15)
      at src/lib/__tests__/analytics.test.ts:395:74
          at Array.from (<anonymous>)
      at Object.<anonymous> (src/lib/__tests__/analytics.test.ts:395:30)

    console.error
      Failed to calculate storage used: TypeError: Cannot read properties of undefined (reading 'access')
          at AnalyticsEngine.getAnalytics (/home/bamer/nextjs-llama-async-proxy/src/lib/analytics.ts:77:16)
          at /home/bamer/nextjs-llama-async-proxy/src/lib/__tests__/analytics.test.ts:395:74
          at Array.from (<anonymous>)
          at Object.<anonymous> (/home/bamer/nextjs-llama-async-proxy/src/lib/__tests__/analytics.test.ts:395:30)
          at Promise.finally.completed (/home/bamer/nextjs-llama-async-proxy/node_modules/.pnpm/jest-circus@30.2.0_babel-plugin-macros@3.1.0/node_modules/jest-circus/build/jestAdapterInit.js:1557:28)
          at new Promise (<anonymous>)
          at callAsyncCircusFn (/home/bamer/nextjs-llama-async-proxy/node_modules/.pnpm/jest-circus@30.2.0_babel-plugin-macros@3.1.0/node_modules/jest-circus/build/jestAdapterInit.js:1497:10)
          at _callCircusTest (/home/bamer/nextjs-llama-async-proxy/node_modules/.pnpm/jest-circus@30.2.0_babel-plugin-macros@3.1.0/node_modules/jest-circus/build/jestAdapterInit.js:1007:40)
          at processTicksAndRejections (node:internal/process/task_queues:103:5)
          at _runTest (/home/bamer/nextjs-llama-async-proxy/node_modules/.pnpm/jest-circus@30.2.0_babel-plugin-macros@3.1.0/node_modules/jest-circus/build/jestAdapterInit.js:947:3)
          at /home/bamer/nextjs-llama-async-proxy/node_modules/.pnpm/jest-circus@30.2.0_babel-plugin-macros@3.1.0/node_modules/jest-circus/build/jestAdapterInit.js:849:7
          at _runTestsForDescribeBlock (/home/bamer/nextjs-llama-async-proxy/node_modules/.pnpm/jest-circus@30.2.0_babel-plugin-macros@3.1.0/node_modules/jest-circus/build/jestAdapterInit.js:862:11)
          at _runTestsForDescribeBlock (/home/bamer/nextjs-llama-async-proxy/node_modules/.pnpm/jest-circus@30.2.0_babel-plugin-macros@3.1.0/node_modules/jest-circus/build/jestAdapterInit.js:857:11)
          at _runTestsForDescribeBlock (/home/bamer/nextjs-llama-async-proxy/node_modules/.pnpm/jest-circus@30.2.0_babel-plugin-macros@3.1.0/node_modules/jest-circus/build/jestAdapterInit.js:857:11)
          at run (/home/bamer/nextjs-llama-async-proxy/node_modules/.pnpm/jest-circus@30.2.0_babel-plugin-macros@3.1.0/node_modules/jest-circus/build/jestAdapterInit.js:761:3)
          at runAndTransformResultsToJestFormat (/home/bamer/nextjs-llama-async-proxy/node_modules/.pnpm/jest-circus@30.2.0_babel-plugin-macros@3.1.0/node_modules/jest-circus/build/jestAdapterInit.js:1918:21)
          at jestAdapter (/home/bamer/nextjs-llama-async-proxy/node_modules/.pnpm/jest-circus@30.2.0_babel-plugin-macros@3.1.0/node_modules/jest-circus/build/runner.js:101:19)
          at runTestInternal (/home/bamer/nextjs-llama-async-proxy/node_modules/.pnpm/jest-runner@30.2.0/node_modules/jest-runner/build/testWorker.js:275:16)
          at runTest (/home/bamer/nextjs-llama-async-proxy/node_modules/.pnpm/jest-runner@30.2.0/node_modules/jest-runner/build/testWorker.js:343:7)
          at Object.worker (/home/bamer/nextjs-llama-async-proxy/node_modules/.pnpm/jest-runner@30.2.0/node_modules/jest-runner/build/testWorker.js:497:12)

      85 |       storageUsed = sizes.reduce((total: number, size: number) => total + size, 0) / (1024 * 1024); // Convert to MB
      86 |     } catch (e) {
    > 87 |       console.error('Failed to calculate storage used:', e);
         |               ^
      88 |     }
      89 |
      90 |     // Get system metrics

      at AnalyticsEngine.getAnalytics (src/lib/analytics.ts:87:15)
      at src/lib/__tests__/analytics.test.ts:395:74
          at Array.from (<anonymous>)
      at Object.<anonymous> (src/lib/__tests__/analytics.test.ts:395:30)

    console.error
      Failed to calculate storage used: TypeError: Cannot read properties of undefined (reading 'access')
          at AnalyticsEngine.getAnalytics (/home/bamer/nextjs-llama-async-proxy/src/lib/analytics.ts:77:16)
          at /home/bamer/nextjs-llama-async-proxy/src/lib/__tests__/analytics.test.ts:395:74
          at Array.from (<anonymous>)
          at Object.<anonymous> (/home/bamer/nextjs-llama-async-proxy/src/lib/__tests__/analytics.test.ts:395:30)
          at Promise.finally.completed (/home/bamer/nextjs-llama-async-proxy/node_modules/.pnpm/jest-circus@30.2.0_babel-plugin-macros@3.1.0/node_modules/jest-circus/build/jestAdapterInit.js:1557:28)
          at new Promise (<anonymous>)
          at callAsyncCircusFn (/home/bamer/nextjs-llama-async-proxy/node_modules/.pnpm/jest-circus@30.2.0_babel-plugin-macros@3.1.0/node_modules/jest-circus/build/jestAdapterInit.js:1497:10)
          at _callCircusTest (/home/bamer/nextjs-llama-async-proxy/node_modules/.pnpm/jest-circus@30.2.0_babel-plugin-macros@3.1.0/node_modules/jest-circus/build/jestAdapterInit.js:1007:40)
          at processTicksAndRejections (node:internal/process/task_queues:103:5)
          at _runTest (/home/bamer/nextjs-llama-async-proxy/node_modules/.pnpm/jest-circus@30.2.0_babel-plugin-macros@3.1.0/node_modules/jest-circus/build/jestAdapterInit.js:947:3)
          at /home/bamer/nextjs-llama-async-proxy/node_modules/.pnpm/jest-circus@30.2.0_babel-plugin-macros@3.1.0/node_modules/jest-circus/build/jestAdapterInit.js:849:7
          at _runTestsForDescribeBlock (/home/bamer/nextjs-llama-async-proxy/node_modules/.pnpm/jest-circus@30.2.0_babel-plugin-macros@3.1.0/node_modules/jest-circus/build/jestAdapterInit.js:862:11)
          at _runTestsForDescribeBlock (/home/bamer/nextjs-llama-async-proxy/node_modules/.pnpm/jest-circus@30.2.0_babel-plugin-macros@3.1.0/node_modules/jest-circus/build/jestAdapterInit.js:857:11)
          at _runTestsForDescribeBlock (/home/bamer/nextjs-llama-async-proxy/node_modules/.pnpm/jest-circus@30.2.0_babel-plugin-macros@3.1.0/node_modules/jest-circus/build/jestAdapterInit.js:857:11)
          at run (/home/bamer/nextjs-llama-async-proxy/node_modules/.pnpm/jest-circus@30.2.0_babel-plugin-macros@3.1.0/node_modules/jest-circus/build/jestAdapterInit.js:761:3)
          at runAndTransformResultsToJestFormat (/home/bamer/nextjs-llama-async-proxy/node_modules/.pnpm/jest-circus@30.2.0_babel-plugin-macros@3.1.0/node_modules/jest-circus/build/jestAdapterInit.js:1918:21)
          at jestAdapter (/home/bamer/nextjs-llama-async-proxy/node_modules/.pnpm/jest-circus@30.2.0_babel-plugin-macros@3.1.0/node_modules/jest-circus/build/runner.js:101:19)
          at runTestInternal (/home/bamer/nextjs-llama-async-proxy/node_modules/.pnpm/jest-runner@30.2.0/node_modules/jest-runner/build/testWorker.js:275:16)
          at runTest (/home/bamer/nextjs-llama-async-proxy/node_modules/.pnpm/jest-runner@30.2.0/node_modules/jest-runner/build/testWorker.js:343:7)
          at Object.worker (/home/bamer/nextjs-llama-async-proxy/node_modules/.pnpm/jest-runner@30.2.0/node_modules/jest-runner/build/testWorker.js:497:12)

      85 |       storageUsed = sizes.reduce((total: number, size: number) => total + size, 0) / (1024 * 1024); // Convert to MB
      86 |     } catch (e) {
    > 87 |       console.error('Failed to calculate storage used:', e);
         |               ^
      88 |     }
      89 |
      90 |     // Get system metrics

      at AnalyticsEngine.getAnalytics (src/lib/analytics.ts:87:15)
      at src/lib/__tests__/analytics.test.ts:395:74
          at Array.from (<anonymous>)
      at Object.<anonymous> (src/lib/__tests__/analytics.test.ts:395:30)

    console.error
      Failed to calculate storage used: TypeError: Cannot read properties of undefined (reading 'access')
          at AnalyticsEngine.getAnalytics (/home/bamer/nextjs-llama-async-proxy/src/lib/analytics.ts:77:16)
          at /home/bamer/nextjs-llama-async-proxy/src/lib/__tests__/analytics.test.ts:395:74
          at Array.from (<anonymous>)
          at Object.<anonymous> (/home/bamer/nextjs-llama-async-proxy/src/lib/__tests__/analytics.test.ts:395:30)
          at Promise.finally.completed (/home/bamer/nextjs-llama-async-proxy/node_modules/.pnpm/jest-circus@30.2.0_babel-plugin-macros@3.1.0/node_modules/jest-circus/build/jestAdapterInit.js:1557:28)
          at new Promise (<anonymous>)
          at callAsyncCircusFn (/home/bamer/nextjs-llama-async-proxy/node_modules/.pnpm/jest-circus@30.2.0_babel-plugin-macros@3.1.0/node_modules/jest-circus/build/jestAdapterInit.js:1497:10)
          at _callCircusTest (/home/bamer/nextjs-llama-async-proxy/node_modules/.pnpm/jest-circus@30.2.0_babel-plugin-macros@3.1.0/node_modules/jest-circus/build/jestAdapterInit.js:1007:40)
          at processTicksAndRejections (node:internal/process/task_queues:103:5)
          at _runTest (/home/bamer/nextjs-llama-async-proxy/node_modules/.pnpm/jest-circus@30.2.0_babel-plugin-macros@3.1.0/node_modules/jest-circus/build/jestAdapterInit.js:947:3)
          at /home/bamer/nextjs-llama-async-proxy/node_modules/.pnpm/jest-circus@30.2.0_babel-plugin-macros@3.1.0/node_modules/jest-circus/build/jestAdapterInit.js:849:7
          at _runTestsForDescribeBlock (/home/bamer/nextjs-llama-async-proxy/node_modules/.pnpm/jest-circus@30.2.0_babel-plugin-macros@3.1.0/node_modules/jest-circus/build/jestAdapterInit.js:862:11)
          at _runTestsForDescribeBlock (/home/bamer/nextjs-llama-async-proxy/node_modules/.pnpm/jest-circus@30.2.0_babel-plugin-macros@3.1.0/node_modules/jest-circus/build/jestAdapterInit.js:857:11)
          at _runTestsForDescribeBlock (/home/bamer/nextjs-llama-async-proxy/node_modules/.pnpm/jest-circus@30.2.0_babel-plugin-macros@3.1.0/node_modules/jest-circus/build/jestAdapterInit.js:857:11)
          at run (/home/bamer/nextjs-llama-async-proxy/node_modules/.pnpm/jest-circus@30.2.0_babel-plugin-macros@3.1.0/node_modules/jest-circus/build/jestAdapterInit.js:761:3)
          at runAndTransformResultsToJestFormat (/home/bamer/nextjs-llama-async-proxy/node_modules/.pnpm/jest-circus@30.2.0_babel-plugin-macros@3.1.0/node_modules/jest-circus/build/jestAdapterInit.js:1918:21)
          at jestAdapter (/home/bamer/nextjs-llama-async-proxy/node_modules/.pnpm/jest-circus@30.2.0_babel-plugin-macros@3.1.0/node_modules/jest-circus/build/runner.js:101:19)
          at runTestInternal (/home/bamer/nextjs-llama-async-proxy/node_modules/.pnpm/jest-runner@30.2.0/node_modules/jest-runner/build/testWorker.js:275:16)
          at runTest (/home/bamer/nextjs-llama-async-proxy/node_modules/.pnpm/jest-runner@30.2.0/node_modules/jest-runner/build/testWorker.js:343:7)
          at Object.worker (/home/bamer/nextjs-llama-async-proxy/node_modules/.pnpm/jest-runner@30.2.0/node_modules/jest-runner/build/testWorker.js:497:12)

      85 |       storageUsed = sizes.reduce((total: number, size: number) => total + size, 0) / (1024 * 1024); // Convert to MB
      86 |     } catch (e) {
    > 87 |       console.error('Failed to calculate storage used:', e);
         |               ^
      88 |     }
      89 |
      90 |     // Get system metrics

      at AnalyticsEngine.getAnalytics (src/lib/analytics.ts:87:15)
      at src/lib/__tests__/analytics.test.ts:395:74
          at Array.from (<anonymous>)
      at Object.<anonymous> (src/lib/__tests__/analytics.test.ts:395:30)

    console.error
      Failed to calculate storage used: TypeError: Cannot read properties of undefined (reading 'access')
          at AnalyticsEngine.getAnalytics (/home/bamer/nextjs-llama-async-proxy/src/lib/analytics.ts:77:16)
          at /home/bamer/nextjs-llama-async-proxy/src/lib/__tests__/analytics.test.ts:395:74
          at Array.from (<anonymous>)
          at Object.<anonymous> (/home/bamer/nextjs-llama-async-proxy/src/lib/__tests__/analytics.test.ts:395:30)
          at Promise.finally.completed (/home/bamer/nextjs-llama-async-proxy/node_modules/.pnpm/jest-circus@30.2.0_babel-plugin-macros@3.1.0/node_modules/jest-circus/build/jestAdapterInit.js:1557:28)
          at new Promise (<anonymous>)
          at callAsyncCircusFn (/home/bamer/nextjs-llama-async-proxy/node_modules/.pnpm/jest-circus@30.2.0_babel-plugin-macros@3.1.0/node_modules/jest-circus/build/jestAdapterInit.js:1497:10)
          at _callCircusTest (/home/bamer/nextjs-llama-async-proxy/node_modules/.pnpm/jest-circus@30.2.0_babel-plugin-macros@3.1.0/node_modules/jest-circus/build/jestAdapterInit.js:1007:40)
          at processTicksAndRejections (node:internal/process/task_queues:103:5)
          at _runTest (/home/bamer/nextjs-llama-async-proxy/node_modules/.pnpm/jest-circus@30.2.0_babel-plugin-macros@3.1.0/node_modules/jest-circus/build/jestAdapterInit.js:947:3)
          at /home/bamer/nextjs-llama-async-proxy/node_modules/.pnpm/jest-circus@30.2.0_babel-plugin-macros@3.1.0/node_modules/jest-circus/build/jestAdapterInit.js:849:7
          at _runTestsForDescribeBlock (/home/bamer/nextjs-llama-async-proxy/node_modules/.pnpm/jest-circus@30.2.0_babel-plugin-macros@3.1.0/node_modules/jest-circus/build/jestAdapterInit.js:862:11)
          at _runTestsForDescribeBlock (/home/bamer/nextjs-llama-async-proxy/node_modules/.pnpm/jest-circus@30.2.0_babel-plugin-macros@3.1.0/node_modules/jest-circus/build/jestAdapterInit.js:857:11)
          at _runTestsForDescribeBlock (/home/bamer/nextjs-llama-async-proxy/node_modules/.pnpm/jest-circus@30.2.0_babel-plugin-macros@3.1.0/node_modules/jest-circus/build/jestAdapterInit.js:857:11)
          at run (/home/bamer/nextjs-llama-async-proxy/node_modules/.pnpm/jest-circus@30.2.0_babel-plugin-macros@3.1.0/node_modules/jest-circus/build/jestAdapterInit.js:761:3)
          at runAndTransformResultsToJestFormat (/home/bamer/nextjs-llama-async-proxy/node_modules/.pnpm/jest-circus@30.2.0_babel-plugin-macros@3.1.0/node_modules/jest-circus/build/jestAdapterInit.js:1918:21)
          at jestAdapter (/home/bamer/nextjs-llama-async-proxy/node_modules/.pnpm/jest-circus@30.2.0_babel-plugin-macros@3.1.0/node_modules/jest-circus/build/runner.js:101:19)
          at runTestInternal (/home/bamer/nextjs-llama-async-proxy/node_modules/.pnpm/jest-runner@30.2.0/node_modules/jest-runner/build/testWorker.js:275:16)
          at runTest (/home/bamer/nextjs-llama-async-proxy/node_modules/.pnpm/jest-runner@30.2.0/node_modules/jest-runner/build/testWorker.js:343:7)
          at Object.worker (/home/bamer/nextjs-llama-async-proxy/node_modules/.pnpm/jest-runner@30.2.0/node_modules/jest-runner/build/testWorker.js:497:12)

      85 |       storageUsed = sizes.reduce((total: number, size: number) => total + size, 0) / (1024 * 1024); // Convert to MB
      86 |     } catch (e) {
    > 87 |       console.error('Failed to calculate storage used:', e);
         |               ^
      88 |     }
      89 |
      90 |     // Get system metrics

      at AnalyticsEngine.getAnalytics (src/lib/analytics.ts:87:15)
      at src/lib/__tests__/analytics.test.ts:395:74
          at Array.from (<anonymous>)
      at Object.<anonymous> (src/lib/__tests__/analytics.test.ts:395:30)

    console.error
      Failed to calculate storage used: TypeError: Cannot read properties of undefined (reading 'access')
          at AnalyticsEngine.getAnalytics (/home/bamer/nextjs-llama-async-proxy/src/lib/analytics.ts:77:16)
          at /home/bamer/nextjs-llama-async-proxy/src/lib/__tests__/analytics.test.ts:395:74
          at Array.from (<anonymous>)
          at Object.<anonymous> (/home/bamer/nextjs-llama-async-proxy/src/lib/__tests__/analytics.test.ts:395:30)
          at Promise.finally.completed (/home/bamer/nextjs-llama-async-proxy/node_modules/.pnpm/jest-circus@30.2.0_babel-plugin-macros@3.1.0/node_modules/jest-circus/build/jestAdapterInit.js:1557:28)
          at new Promise (<anonymous>)
          at callAsyncCircusFn (/home/bamer/nextjs-llama-async-proxy/node_modules/.pnpm/jest-circus@30.2.0_babel-plugin-macros@3.1.0/node_modules/jest-circus/build/jestAdapterInit.js:1497:10)
          at _callCircusTest (/home/bamer/nextjs-llama-async-proxy/node_modules/.pnpm/jest-circus@30.2.0_babel-plugin-macros@3.1.0/node_modules/jest-circus/build/jestAdapterInit.js:1007:40)
          at processTicksAndRejections (node:internal/process/task_queues:103:5)
          at _runTest (/home/bamer/nextjs-llama-async-proxy/node_modules/.pnpm/jest-circus@30.2.0_babel-plugin-macros@3.1.0/node_modules/jest-circus/build/jestAdapterInit.js:947:3)
          at /home/bamer/nextjs-llama-async-proxy/node_modules/.pnpm/jest-circus@30.2.0_babel-plugin-macros@3.1.0/node_modules/jest-circus/build/jestAdapterInit.js:849:7
          at _runTestsForDescribeBlock (/home/bamer/nextjs-llama-async-proxy/node_modules/.pnpm/jest-circus@30.2.0_babel-plugin-macros@3.1.0/node_modules/jest-circus/build/jestAdapterInit.js:862:11)
          at _runTestsForDescribeBlock (/home/bamer/nextjs-llama-async-proxy/node_modules/.pnpm/jest-circus@30.2.0_babel-plugin-macros@3.1.0/node_modules/jest-circus/build/jestAdapterInit.js:857:11)
          at _runTestsForDescribeBlock (/home/bamer/nextjs-llama-async-proxy/node_modules/.pnpm/jest-circus@30.2.0_babel-plugin-macros@3.1.0/node_modules/jest-circus/build/jestAdapterInit.js:857:11)
          at run (/home/bamer/nextjs-llama-async-proxy/node_modules/.pnpm/jest-circus@30.2.0_babel-plugin-macros@3.1.0/node_modules/jest-circus/build/jestAdapterInit.js:761:3)
          at runAndTransformResultsToJestFormat (/home/bamer/nextjs-llama-async-proxy/node_modules/.pnpm/jest-circus@30.2.0_babel-plugin-macros@3.1.0/node_modules/jest-circus/build/jestAdapterInit.js:1918:21)
          at jestAdapter (/home/bamer/nextjs-llama-async-proxy/node_modules/.pnpm/jest-circus@30.2.0_babel-plugin-macros@3.1.0/node_modules/jest-circus/build/runner.js:101:19)
          at runTestInternal (/home/bamer/nextjs-llama-async-proxy/node_modules/.pnpm/jest-runner@30.2.0/node_modules/jest-runner/build/testWorker.js:275:16)
          at runTest (/home/bamer/nextjs-llama-async-proxy/node_modules/.pnpm/jest-runner@30.2.0/node_modules/jest-runner/build/testWorker.js:343:7)
          at Object.worker (/home/bamer/nextjs-llama-async-proxy/node_modules/.pnpm/jest-runner@30.2.0/node_modules/jest-runner/build/testWorker.js:497:12)

      85 |       storageUsed = sizes.reduce((total: number, size: number) => total + size, 0) / (1024 * 1024); // Convert to MB
      86 |     } catch (e) {
    > 87 |       console.error('Failed to calculate storage used:', e);
         |               ^
      88 |     }
      89 |
      90 |     // Get system metrics

      at AnalyticsEngine.getAnalytics (src/lib/analytics.ts:87:15)
      at src/lib/__tests__/analytics.test.ts:395:74
          at Array.from (<anonymous>)
      at Object.<anonymous> (src/lib/__tests__/analytics.test.ts:395:30)

    console.error
      Failed to calculate storage used: TypeError: Cannot read properties of undefined (reading 'access')
          at AnalyticsEngine.getAnalytics (/home/bamer/nextjs-llama-async-proxy/src/lib/analytics.ts:77:16)
          at /home/bamer/nextjs-llama-async-proxy/src/lib/__tests__/analytics.test.ts:395:74
          at Array.from (<anonymous>)
          at Object.<anonymous> (/home/bamer/nextjs-llama-async-proxy/src/lib/__tests__/analytics.test.ts:395:30)
          at Promise.finally.completed (/home/bamer/nextjs-llama-async-proxy/node_modules/.pnpm/jest-circus@30.2.0_babel-plugin-macros@3.1.0/node_modules/jest-circus/build/jestAdapterInit.js:1557:28)
          at new Promise (<anonymous>)
          at callAsyncCircusFn (/home/bamer/nextjs-llama-async-proxy/node_modules/.pnpm/jest-circus@30.2.0_babel-plugin-macros@3.1.0/node_modules/jest-circus/build/jestAdapterInit.js:1497:10)
          at _callCircusTest (/home/bamer/nextjs-llama-async-proxy/node_modules/.pnpm/jest-circus@30.2.0_babel-plugin-macros@3.1.0/node_modules/jest-circus/build/jestAdapterInit.js:1007:40)
          at processTicksAndRejections (node:internal/process/task_queues:103:5)
          at _runTest (/home/bamer/nextjs-llama-async-proxy/node_modules/.pnpm/jest-circus@30.2.0_babel-plugin-macros@3.1.0/node_modules/jest-circus/build/jestAdapterInit.js:947:3)
          at /home/bamer/nextjs-llama-async-proxy/node_modules/.pnpm/jest-circus@30.2.0_babel-plugin-macros@3.1.0/node_modules/jest-circus/build/jestAdapterInit.js:849:7
          at _runTestsForDescribeBlock (/home/bamer/nextjs-llama-async-proxy/node_modules/.pnpm/jest-circus@30.2.0_babel-plugin-macros@3.1.0/node_modules/jest-circus/build/jestAdapterInit.js:862:11)
          at _runTestsForDescribeBlock (/home/bamer/nextjs-llama-async-proxy/node_modules/.pnpm/jest-circus@30.2.0_babel-plugin-macros@3.1.0/node_modules/jest-circus/build/jestAdapterInit.js:857:11)
          at _runTestsForDescribeBlock (/home/bamer/nextjs-llama-async-proxy/node_modules/.pnpm/jest-circus@30.2.0_babel-plugin-macros@3.1.0/node_modules/jest-circus/build/jestAdapterInit.js:857:11)
          at run (/home/bamer/nextjs-llama-async-proxy/node_modules/.pnpm/jest-circus@30.2.0_babel-plugin-macros@3.1.0/node_modules/jest-circus/build/jestAdapterInit.js:761:3)
          at runAndTransformResultsToJestFormat (/home/bamer/nextjs-llama-async-proxy/node_modules/.pnpm/jest-circus@30.2.0_babel-plugin-macros@3.1.0/node_modules/jest-circus/build/jestAdapterInit.js:1918:21)
          at jestAdapter (/home/bamer/nextjs-llama-async-proxy/node_modules/.pnpm/jest-circus@30.2.0_babel-plugin-macros@3.1.0/node_modules/jest-circus/build/runner.js:101:19)
          at runTestInternal (/home/bamer/nextjs-llama-async-proxy/node_modules/.pnpm/jest-runner@30.2.0/node_modules/jest-runner/build/testWorker.js:275:16)
          at runTest (/home/bamer/nextjs-llama-async-proxy/node_modules/.pnpm/jest-runner@30.2.0/node_modules/jest-runner/build/testWorker.js:343:7)
          at Object.worker (/home/bamer/nextjs-llama-async-proxy/node_modules/.pnpm/jest-runner@30.2.0/node_modules/jest-runner/build/testWorker.js:497:12)

      85 |       storageUsed = sizes.reduce((total: number, size: number) => total + size, 0) / (1024 * 1024); // Convert to MB
      86 |     } catch (e) {
    > 87 |       console.error('Failed to calculate storage used:', e);
         |               ^
      88 |     }
      89 |
      90 |     // Get system metrics

      at AnalyticsEngine.getAnalytics (src/lib/analytics.ts:87:15)
      at src/lib/__tests__/analytics.test.ts:395:74
          at Array.from (<anonymous>)
      at Object.<anonymous> (src/lib/__tests__/analytics.test.ts:395:30)

    console.error
      Failed to calculate storage used: TypeError: Cannot read properties of undefined (reading 'access')
          at AnalyticsEngine.getAnalytics (/home/bamer/nextjs-llama-async-proxy/src/lib/analytics.ts:77:16)
          at /home/bamer/nextjs-llama-async-proxy/src/lib/__tests__/analytics.test.ts:395:74
          at Array.from (<anonymous>)
          at Object.<anonymous> (/home/bamer/nextjs-llama-async-proxy/src/lib/__tests__/analytics.test.ts:395:30)
          at Promise.finally.completed (/home/bamer/nextjs-llama-async-proxy/node_modules/.pnpm/jest-circus@30.2.0_babel-plugin-macros@3.1.0/node_modules/jest-circus/build/jestAdapterInit.js:1557:28)
          at new Promise (<anonymous>)
          at callAsyncCircusFn (/home/bamer/nextjs-llama-async-proxy/node_modules/.pnpm/jest-circus@30.2.0_babel-plugin-macros@3.1.0/node_modules/jest-circus/build/jestAdapterInit.js:1497:10)
          at _callCircusTest (/home/bamer/nextjs-llama-async-proxy/node_modules/.pnpm/jest-circus@30.2.0_babel-plugin-macros@3.1.0/node_modules/jest-circus/build/jestAdapterInit.js:1007:40)
          at processTicksAndRejections (node:internal/process/task_queues:103:5)
          at _runTest (/home/bamer/nextjs-llama-async-proxy/node_modules/.pnpm/jest-circus@30.2.0_babel-plugin-macros@3.1.0/node_modules/jest-circus/build/jestAdapterInit.js:947:3)
          at /home/bamer/nextjs-llama-async-proxy/node_modules/.pnpm/jest-circus@30.2.0_babel-plugin-macros@3.1.0/node_modules/jest-circus/build/jestAdapterInit.js:849:7
          at _runTestsForDescribeBlock (/home/bamer/nextjs-llama-async-proxy/node_modules/.pnpm/jest-circus@30.2.0_babel-plugin-macros@3.1.0/node_modules/jest-circus/build/jestAdapterInit.js:862:11)
          at _runTestsForDescribeBlock (/home/bamer/nextjs-llama-async-proxy/node_modules/.pnpm/jest-circus@30.2.0_babel-plugin-macros@3.1.0/node_modules/jest-circus/build/jestAdapterInit.js:857:11)
          at _runTestsForDescribeBlock (/home/bamer/nextjs-llama-async-proxy/node_modules/.pnpm/jest-circus@30.2.0_babel-plugin-macros@3.1.0/node_modules/jest-circus/build/jestAdapterInit.js:857:11)
          at run (/home/bamer/nextjs-llama-async-proxy/node_modules/.pnpm/jest-circus@30.2.0_babel-plugin-macros@3.1.0/node_modules/jest-circus/build/jestAdapterInit.js:761:3)
          at runAndTransformResultsToJestFormat (/home/bamer/nextjs-llama-async-proxy/node_modules/.pnpm/jest-circus@30.2.0_babel-plugin-macros@3.1.0/node_modules/jest-circus/build/jestAdapterInit.js:1918:21)
          at jestAdapter (/home/bamer/nextjs-llama-async-proxy/node_modules/.pnpm/jest-circus@30.2.0_babel-plugin-macros@3.1.0/node_modules/jest-circus/build/runner.js:101:19)
          at runTestInternal (/home/bamer/nextjs-llama-async-proxy/node_modules/.pnpm/jest-runner@30.2.0/node_modules/jest-runner/build/testWorker.js:275:16)
          at runTest (/home/bamer/nextjs-llama-async-proxy/node_modules/.pnpm/jest-runner@30.2.0/node_modules/jest-runner/build/testWorker.js:343:7)
          at Object.worker (/home/bamer/nextjs-llama-async-proxy/node_modules/.pnpm/jest-runner@30.2.0/node_modules/jest-runner/build/testWorker.js:497:12)

      85 |       storageUsed = sizes.reduce((total: number, size: number) => total + size, 0) / (1024 * 1024); // Convert to MB
      86 |     } catch (e) {
    > 87 |       console.error('Failed to calculate storage used:', e);
         |               ^
      88 |     }
      89 |
      90 |     // Get system metrics

      at AnalyticsEngine.getAnalytics (src/lib/analytics.ts:87:15)
      at src/lib/__tests__/analytics.test.ts:395:74
          at Array.from (<anonymous>)
      at Object.<anonymous> (src/lib/__tests__/analytics.test.ts:395:30)

    console.error
      Failed to calculate storage used: TypeError: Cannot read properties of undefined (reading 'access')
          at AnalyticsEngine.getAnalytics (/home/bamer/nextjs-llama-async-proxy/src/lib/analytics.ts:77:16)
          at /home/bamer/nextjs-llama-async-proxy/src/lib/__tests__/analytics.test.ts:395:74
          at Array.from (<anonymous>)
          at Object.<anonymous> (/home/bamer/nextjs-llama-async-proxy/src/lib/__tests__/analytics.test.ts:395:30)
          at Promise.finally.completed (/home/bamer/nextjs-llama-async-proxy/node_modules/.pnpm/jest-circus@30.2.0_babel-plugin-macros@3.1.0/node_modules/jest-circus/build/jestAdapterInit.js:1557:28)
          at new Promise (<anonymous>)
          at callAsyncCircusFn (/home/bamer/nextjs-llama-async-proxy/node_modules/.pnpm/jest-circus@30.2.0_babel-plugin-macros@3.1.0/node_modules/jest-circus/build/jestAdapterInit.js:1497:10)
          at _callCircusTest (/home/bamer/nextjs-llama-async-proxy/node_modules/.pnpm/jest-circus@30.2.0_babel-plugin-macros@3.1.0/node_modules/jest-circus/build/jestAdapterInit.js:1007:40)
          at processTicksAndRejections (node:internal/process/task_queues:103:5)
          at _runTest (/home/bamer/nextjs-llama-async-proxy/node_modules/.pnpm/jest-circus@30.2.0_babel-plugin-macros@3.1.0/node_modules/jest-circus/build/jestAdapterInit.js:947:3)
          at /home/bamer/nextjs-llama-async-proxy/node_modules/.pnpm/jest-circus@30.2.0_babel-plugin-macros@3.1.0/node_modules/jest-circus/build/jestAdapterInit.js:849:7
          at _runTestsForDescribeBlock (/home/bamer/nextjs-llama-async-proxy/node_modules/.pnpm/jest-circus@30.2.0_babel-plugin-macros@3.1.0/node_modules/jest-circus/build/jestAdapterInit.js:862:11)
          at _runTestsForDescribeBlock (/home/bamer/nextjs-llama-async-proxy/node_modules/.pnpm/jest-circus@30.2.0_babel-plugin-macros@3.1.0/node_modules/jest-circus/build/jestAdapterInit.js:857:11)
          at _runTestsForDescribeBlock (/home/bamer/nextjs-llama-async-proxy/node_modules/.pnpm/jest-circus@30.2.0_babel-plugin-macros@3.1.0/node_modules/jest-circus/build/jestAdapterInit.js:857:11)
          at run (/home/bamer/nextjs-llama-async-proxy/node_modules/.pnpm/jest-circus@30.2.0_babel-plugin-macros@3.1.0/node_modules/jest-circus/build/jestAdapterInit.js:761:3)
          at runAndTransformResultsToJestFormat (/home/bamer/nextjs-llama-async-proxy/node_modules/.pnpm/jest-circus@30.2.0_babel-plugin-macros@3.1.0/node_modules/jest-circus/build/jestAdapterInit.js:1918:21)
          at jestAdapter (/home/bamer/nextjs-llama-async-proxy/node_modules/.pnpm/jest-circus@30.2.0_babel-plugin-macros@3.1.0/node_modules/jest-circus/build/runner.js:101:19)
          at runTestInternal (/home/bamer/nextjs-llama-async-proxy/node_modules/.pnpm/jest-runner@30.2.0/node_modules/jest-runner/build/testWorker.js:275:16)
          at runTest (/home/bamer/nextjs-llama-async-proxy/node_modules/.pnpm/jest-runner@30.2.0/node_modules/jest-runner/build/testWorker.js:343:7)
          at Object.worker (/home/bamer/nextjs-llama-async-proxy/node_modules/.pnpm/jest-runner@30.2.0/node_modules/jest-runner/build/testWorker.js:497:12)

      85 |       storageUsed = sizes.reduce((total: number, size: number) => total + size, 0) / (1024 * 1024); // Convert to MB
      86 |     } catch (e) {
    > 87 |       console.error('Failed to calculate storage used:', e);
         |               ^
      88 |     }
      89 |
      90 |     // Get system metrics

      at AnalyticsEngine.getAnalytics (src/lib/analytics.ts:87:15)
      at src/lib/__tests__/analytics.test.ts:395:74
          at Array.from (<anonymous>)
      at Object.<anonymous> (src/lib/__tests__/analytics.test.ts:395:30)

    console.error
      Failed to calculate storage used: TypeError: Cannot read properties of undefined (reading 'access')
          at AnalyticsEngine.getAnalytics (/home/bamer/nextjs-llama-async-proxy/src/lib/analytics.ts:77:16)
          at /home/bamer/nextjs-llama-async-proxy/src/lib/__tests__/analytics.test.ts:395:74
          at Array.from (<anonymous>)
          at Object.<anonymous> (/home/bamer/nextjs-llama-async-proxy/src/lib/__tests__/analytics.test.ts:395:30)
          at Promise.finally.completed (/home/bamer/nextjs-llama-async-proxy/node_modules/.pnpm/jest-circus@30.2.0_babel-plugin-macros@3.1.0/node_modules/jest-circus/build/jestAdapterInit.js:1557:28)
          at new Promise (<anonymous>)
          at callAsyncCircusFn (/home/bamer/nextjs-llama-async-proxy/node_modules/.pnpm/jest-circus@30.2.0_babel-plugin-macros@3.1.0/node_modules/jest-circus/build/jestAdapterInit.js:1497:10)
          at _callCircusTest (/home/bamer/nextjs-llama-async-proxy/node_modules/.pnpm/jest-circus@30.2.0_babel-plugin-macros@3.1.0/node_modules/jest-circus/build/jestAdapterInit.js:1007:40)
          at processTicksAndRejections (node:internal/process/task_queues:103:5)
          at _runTest (/home/bamer/nextjs-llama-async-proxy/node_modules/.pnpm/jest-circus@30.2.0_babel-plugin-macros@3.1.0/node_modules/jest-circus/build/jestAdapterInit.js:947:3)
          at /home/bamer/nextjs-llama-async-proxy/node_modules/.pnpm/jest-circus@30.2.0_babel-plugin-macros@3.1.0/node_modules/jest-circus/build/jestAdapterInit.js:849:7
          at _runTestsForDescribeBlock (/home/bamer/nextjs-llama-async-proxy/node_modules/.pnpm/jest-circus@30.2.0_babel-plugin-macros@3.1.0/node_modules/jest-circus/build/jestAdapterInit.js:862:11)
          at _runTestsForDescribeBlock (/home/bamer/nextjs-llama-async-proxy/node_modules/.pnpm/jest-circus@30.2.0_babel-plugin-macros@3.1.0/node_modules/jest-circus/build/jestAdapterInit.js:857:11)
          at _runTestsForDescribeBlock (/home/bamer/nextjs-llama-async-proxy/node_modules/.pnpm/jest-circus@30.2.0_babel-plugin-macros@3.1.0/node_modules/jest-circus/build/jestAdapterInit.js:857:11)
          at run (/home/bamer/nextjs-llama-async-proxy/node_modules/.pnpm/jest-circus@30.2.0_babel-plugin-macros@3.1.0/node_modules/jest-circus/build/jestAdapterInit.js:761:3)
          at runAndTransformResultsToJestFormat (/home/bamer/nextjs-llama-async-proxy/node_modules/.pnpm/jest-circus@30.2.0_babel-plugin-macros@3.1.0/node_modules/jest-circus/build/jestAdapterInit.js:1918:21)
          at jestAdapter (/home/bamer/nextjs-llama-async-proxy/node_modules/.pnpm/jest-circus@30.2.0_babel-plugin-macros@3.1.0/node_modules/jest-circus/build/runner.js:101:19)
          at runTestInternal (/home/bamer/nextjs-llama-async-proxy/node_modules/.pnpm/jest-runner@30.2.0/node_modules/jest-runner/build/testWorker.js:275:16)
          at runTest (/home/bamer/nextjs-llama-async-proxy/node_modules/.pnpm/jest-runner@30.2.0/node_modules/jest-runner/build/testWorker.js:343:7)
          at Object.worker (/home/bamer/nextjs-llama-async-proxy/node_modules/.pnpm/jest-runner@30.2.0/node_modules/jest-runner/build/testWorker.js:497:12)

      85 |       storageUsed = sizes.reduce((total: number, size: number) => total + size, 0) / (1024 * 1024); // Convert to MB
      86 |     } catch (e) {
    > 87 |       console.error('Failed to calculate storage used:', e);
         |               ^
      88 |     }
      89 |
      90 |     // Get system metrics

      at AnalyticsEngine.getAnalytics (src/lib/analytics.ts:87:15)
      at src/lib/__tests__/analytics.test.ts:395:74
          at Array.from (<anonymous>)
      at Object.<anonymous> (src/lib/__tests__/analytics.test.ts:395:30)

    console.error
      Failed to calculate storage used: TypeError: Cannot read properties of undefined (reading 'access')
          at AnalyticsEngine.getAnalytics (/home/bamer/nextjs-llama-async-proxy/src/lib/analytics.ts:77:16)
          at /home/bamer/nextjs-llama-async-proxy/src/lib/__tests__/analytics.test.ts:395:74
          at Array.from (<anonymous>)
          at Object.<anonymous> (/home/bamer/nextjs-llama-async-proxy/src/lib/__tests__/analytics.test.ts:395:30)
          at Promise.finally.completed (/home/bamer/nextjs-llama-async-proxy/node_modules/.pnpm/jest-circus@30.2.0_babel-plugin-macros@3.1.0/node_modules/jest-circus/build/jestAdapterInit.js:1557:28)
          at new Promise (<anonymous>)
          at callAsyncCircusFn (/home/bamer/nextjs-llama-async-proxy/node_modules/.pnpm/jest-circus@30.2.0_babel-plugin-macros@3.1.0/node_modules/jest-circus/build/jestAdapterInit.js:1497:10)
          at _callCircusTest (/home/bamer/nextjs-llama-async-proxy/node_modules/.pnpm/jest-circus@30.2.0_babel-plugin-macros@3.1.0/node_modules/jest-circus/build/jestAdapterInit.js:1007:40)
          at processTicksAndRejections (node:internal/process/task_queues:103:5)
          at _runTest (/home/bamer/nextjs-llama-async-proxy/node_modules/.pnpm/jest-circus@30.2.0_babel-plugin-macros@3.1.0/node_modules/jest-circus/build/jestAdapterInit.js:947:3)
          at /home/bamer/nextjs-llama-async-proxy/node_modules/.pnpm/jest-circus@30.2.0_babel-plugin-macros@3.1.0/node_modules/jest-circus/build/jestAdapterInit.js:849:7
          at _runTestsForDescribeBlock (/home/bamer/nextjs-llama-async-proxy/node_modules/.pnpm/jest-circus@30.2.0_babel-plugin-macros@3.1.0/node_modules/jest-circus/build/jestAdapterInit.js:862:11)
          at _runTestsForDescribeBlock (/home/bamer/nextjs-llama-async-proxy/node_modules/.pnpm/jest-circus@30.2.0_babel-plugin-macros@3.1.0/node_modules/jest-circus/build/jestAdapterInit.js:857:11)
          at _runTestsForDescribeBlock (/home/bamer/nextjs-llama-async-proxy/node_modules/.pnpm/jest-circus@30.2.0_babel-plugin-macros@3.1.0/node_modules/jest-circus/build/jestAdapterInit.js:857:11)
          at run (/home/bamer/nextjs-llama-async-proxy/node_modules/.pnpm/jest-circus@30.2.0_babel-plugin-macros@3.1.0/node_modules/jest-circus/build/jestAdapterInit.js:761:3)
          at runAndTransformResultsToJestFormat (/home/bamer/nextjs-llama-async-proxy/node_modules/.pnpm/jest-circus@30.2.0_babel-plugin-macros@3.1.0/node_modules/jest-circus/build/jestAdapterInit.js:1918:21)
          at jestAdapter (/home/bamer/nextjs-llama-async-proxy/node_modules/.pnpm/jest-circus@30.2.0_babel-plugin-macros@3.1.0/node_modules/jest-circus/build/runner.js:101:19)
          at runTestInternal (/home/bamer/nextjs-llama-async-proxy/node_modules/.pnpm/jest-runner@30.2.0/node_modules/jest-runner/build/testWorker.js:275:16)
          at runTest (/home/bamer/nextjs-llama-async-proxy/node_modules/.pnpm/jest-runner@30.2.0/node_modules/jest-runner/build/testWorker.js:343:7)
          at Object.worker (/home/bamer/nextjs-llama-async-proxy/node_modules/.pnpm/jest-runner@30.2.0/node_modules/jest-runner/build/testWorker.js:497:12)

      85 |       storageUsed = sizes.reduce((total: number, size: number) => total + size, 0) / (1024 * 1024); // Convert to MB
      86 |     } catch (e) {
    > 87 |       console.error('Failed to calculate storage used:', e);
         |               ^
      88 |     }
      89 |
      90 |     // Get system metrics

      at AnalyticsEngine.getAnalytics (src/lib/analytics.ts:87:15)
      at src/lib/__tests__/analytics.test.ts:395:74
          at Array.from (<anonymous>)
      at Object.<anonymous> (src/lib/__tests__/analytics.test.ts:395:30)

    console.error
      Failed to calculate storage used: TypeError: Cannot read properties of undefined (reading 'access')
          at AnalyticsEngine.getAnalytics (/home/bamer/nextjs-llama-async-proxy/src/lib/analytics.ts:77:16)
          at /home/bamer/nextjs-llama-async-proxy/src/lib/__tests__/analytics.test.ts:395:74
          at Array.from (<anonymous>)
          at Object.<anonymous> (/home/bamer/nextjs-llama-async-proxy/src/lib/__tests__/analytics.test.ts:395:30)
          at Promise.finally.completed (/home/bamer/nextjs-llama-async-proxy/node_modules/.pnpm/jest-circus@30.2.0_babel-plugin-macros@3.1.0/node_modules/jest-circus/build/jestAdapterInit.js:1557:28)
          at new Promise (<anonymous>)
          at callAsyncCircusFn (/home/bamer/nextjs-llama-async-proxy/node_modules/.pnpm/jest-circus@30.2.0_babel-plugin-macros@3.1.0/node_modules/jest-circus/build/jestAdapterInit.js:1497:10)
          at _callCircusTest (/home/bamer/nextjs-llama-async-proxy/node_modules/.pnpm/jest-circus@30.2.0_babel-plugin-macros@3.1.0/node_modules/jest-circus/build/jestAdapterInit.js:1007:40)
          at processTicksAndRejections (node:internal/process/task_queues:103:5)
          at _runTest (/home/bamer/nextjs-llama-async-proxy/node_modules/.pnpm/jest-circus@30.2.0_babel-plugin-macros@3.1.0/node_modules/jest-circus/build/jestAdapterInit.js:947:3)
          at /home/bamer/nextjs-llama-async-proxy/node_modules/.pnpm/jest-circus@30.2.0_babel-plugin-macros@3.1.0/node_modules/jest-circus/build/jestAdapterInit.js:849:7
          at _runTestsForDescribeBlock (/home/bamer/nextjs-llama-async-proxy/node_modules/.pnpm/jest-circus@30.2.0_babel-plugin-macros@3.1.0/node_modules/jest-circus/build/jestAdapterInit.js:862:11)
          at _runTestsForDescribeBlock (/home/bamer/nextjs-llama-async-proxy/node_modules/.pnpm/jest-circus@30.2.0_babel-plugin-macros@3.1.0/node_modules/jest-circus/build/jestAdapterInit.js:857:11)
          at _runTestsForDescribeBlock (/home/bamer/nextjs-llama-async-proxy/node_modules/.pnpm/jest-circus@30.2.0_babel-plugin-macros@3.1.0/node_modules/jest-circus/build/jestAdapterInit.js:857:11)
          at run (/home/bamer/nextjs-llama-async-proxy/node_modules/.pnpm/jest-circus@30.2.0_babel-plugin-macros@3.1.0/node_modules/jest-circus/build/jestAdapterInit.js:761:3)
          at runAndTransformResultsToJestFormat (/home/bamer/nextjs-llama-async-proxy/node_modules/.pnpm/jest-circus@30.2.0_babel-plugin-macros@3.1.0/node_modules/jest-circus/build/jestAdapterInit.js:1918:21)
          at jestAdapter (/home/bamer/nextjs-llama-async-proxy/node_modules/.pnpm/jest-circus@30.2.0_babel-plugin-macros@3.1.0/node_modules/jest-circus/build/runner.js:101:19)
          at runTestInternal (/home/bamer/nextjs-llama-async-proxy/node_modules/.pnpm/jest-runner@30.2.0/node_modules/jest-runner/build/testWorker.js:275:16)
          at runTest (/home/bamer/nextjs-llama-async-proxy/node_modules/.pnpm/jest-runner@30.2.0/node_modules/jest-runner/build/testWorker.js:343:7)
          at Object.worker (/home/bamer/nextjs-llama-async-proxy/node_modules/.pnpm/jest-runner@30.2.0/node_modules/jest-runner/build/testWorker.js:497:12)

      85 |       storageUsed = sizes.reduce((total: number, size: number) => total + size, 0) / (1024 * 1024); // Convert to MB
      86 |     } catch (e) {
    > 87 |       console.error('Failed to calculate storage used:', e);
         |               ^
      88 |     }
      89 |
      90 |     // Get system metrics

      at AnalyticsEngine.getAnalytics (src/lib/analytics.ts:87:15)
      at src/lib/__tests__/analytics.test.ts:395:74
          at Array.from (<anonymous>)
      at Object.<anonymous> (src/lib/__tests__/analytics.test.ts:395:30)

    console.error
      Failed to calculate storage used: TypeError: Cannot read properties of undefined (reading 'access')
          at AnalyticsEngine.getAnalytics (/home/bamer/nextjs-llama-async-proxy/src/lib/analytics.ts:77:16)
          at /home/bamer/nextjs-llama-async-proxy/src/lib/__tests__/analytics.test.ts:395:74
          at Array.from (<anonymous>)
          at Object.<anonymous> (/home/bamer/nextjs-llama-async-proxy/src/lib/__tests__/analytics.test.ts:395:30)
          at Promise.finally.completed (/home/bamer/nextjs-llama-async-proxy/node_modules/.pnpm/jest-circus@30.2.0_babel-plugin-macros@3.1.0/node_modules/jest-circus/build/jestAdapterInit.js:1557:28)
          at new Promise (<anonymous>)
          at callAsyncCircusFn (/home/bamer/nextjs-llama-async-proxy/node_modules/.pnpm/jest-circus@30.2.0_babel-plugin-macros@3.1.0/node_modules/jest-circus/build/jestAdapterInit.js:1497:10)
          at _callCircusTest (/home/bamer/nextjs-llama-async-proxy/node_modules/.pnpm/jest-circus@30.2.0_babel-plugin-macros@3.1.0/node_modules/jest-circus/build/jestAdapterInit.js:1007:40)
          at processTicksAndRejections (node:internal/process/task_queues:103:5)
          at _runTest (/home/bamer/nextjs-llama-async-proxy/node_modules/.pnpm/jest-circus@30.2.0_babel-plugin-macros@3.1.0/node_modules/jest-circus/build/jestAdapterInit.js:947:3)
          at /home/bamer/nextjs-llama-async-proxy/node_modules/.pnpm/jest-circus@30.2.0_babel-plugin-macros@3.1.0/node_modules/jest-circus/build/jestAdapterInit.js:849:7
          at _runTestsForDescribeBlock (/home/bamer/nextjs-llama-async-proxy/node_modules/.pnpm/jest-circus@30.2.0_babel-plugin-macros@3.1.0/node_modules/jest-circus/build/jestAdapterInit.js:862:11)
          at _runTestsForDescribeBlock (/home/bamer/nextjs-llama-async-proxy/node_modules/.pnpm/jest-circus@30.2.0_babel-plugin-macros@3.1.0/node_modules/jest-circus/build/jestAdapterInit.js:857:11)
          at _runTestsForDescribeBlock (/home/bamer/nextjs-llama-async-proxy/node_modules/.pnpm/jest-circus@30.2.0_babel-plugin-macros@3.1.0/node_modules/jest-circus/build/jestAdapterInit.js:857:11)
          at run (/home/bamer/nextjs-llama-async-proxy/node_modules/.pnpm/jest-circus@30.2.0_babel-plugin-macros@3.1.0/node_modules/jest-circus/build/jestAdapterInit.js:761:3)
          at runAndTransformResultsToJestFormat (/home/bamer/nextjs-llama-async-proxy/node_modules/.pnpm/jest-circus@30.2.0_babel-plugin-macros@3.1.0/node_modules/jest-circus/build/jestAdapterInit.js:1918:21)
          at jestAdapter (/home/bamer/nextjs-llama-async-proxy/node_modules/.pnpm/jest-circus@30.2.0_babel-plugin-macros@3.1.0/node_modules/jest-circus/build/runner.js:101:19)
          at runTestInternal (/home/bamer/nextjs-llama-async-proxy/node_modules/.pnpm/jest-runner@30.2.0/node_modules/jest-runner/build/testWorker.js:275:16)
          at runTest (/home/bamer/nextjs-llama-async-proxy/node_modules/.pnpm/jest-runner@30.2.0/node_modules/jest-runner/build/testWorker.js:343:7)
          at Object.worker (/home/bamer/nextjs-llama-async-proxy/node_modules/.pnpm/jest-runner@30.2.0/node_modules/jest-runner/build/testWorker.js:497:12)

      85 |       storageUsed = sizes.reduce((total: number, size: number) => total + size, 0) / (1024 * 1024); // Convert to MB
      86 |     } catch (e) {
    > 87 |       console.error('Failed to calculate storage used:', e);
         |               ^
      88 |     }
      89 |
      90 |     // Get system metrics

      at AnalyticsEngine.getAnalytics (src/lib/analytics.ts:87:15)
      at src/lib/__tests__/analytics.test.ts:395:74
          at Array.from (<anonymous>)
      at Object.<anonymous> (src/lib/__tests__/analytics.test.ts:395:30)

    console.error
      Failed to calculate storage used: TypeError: Cannot read properties of undefined (reading 'access')
          at AnalyticsEngine.getAnalytics (/home/bamer/nextjs-llama-async-proxy/src/lib/analytics.ts:77:16)
          at /home/bamer/nextjs-llama-async-proxy/src/lib/__tests__/analytics.test.ts:395:74
          at Array.from (<anonymous>)
          at Object.<anonymous> (/home/bamer/nextjs-llama-async-proxy/src/lib/__tests__/analytics.test.ts:395:30)
          at Promise.finally.completed (/home/bamer/nextjs-llama-async-proxy/node_modules/.pnpm/jest-circus@30.2.0_babel-plugin-macros@3.1.0/node_modules/jest-circus/build/jestAdapterInit.js:1557:28)
          at new Promise (<anonymous>)
          at callAsyncCircusFn (/home/bamer/nextjs-llama-async-proxy/node_modules/.pnpm/jest-circus@30.2.0_babel-plugin-macros@3.1.0/node_modules/jest-circus/build/jestAdapterInit.js:1497:10)
          at _callCircusTest (/home/bamer/nextjs-llama-async-proxy/node_modules/.pnpm/jest-circus@30.2.0_babel-plugin-macros@3.1.0/node_modules/jest-circus/build/jestAdapterInit.js:1007:40)
          at processTicksAndRejections (node:internal/process/task_queues:103:5)
          at _runTest (/home/bamer/nextjs-llama-async-proxy/node_modules/.pnpm/jest-circus@30.2.0_babel-plugin-macros@3.1.0/node_modules/jest-circus/build/jestAdapterInit.js:947:3)
          at /home/bamer/nextjs-llama-async-proxy/node_modules/.pnpm/jest-circus@30.2.0_babel-plugin-macros@3.1.0/node_modules/jest-circus/build/jestAdapterInit.js:849:7
          at _runTestsForDescribeBlock (/home/bamer/nextjs-llama-async-proxy/node_modules/.pnpm/jest-circus@30.2.0_babel-plugin-macros@3.1.0/node_modules/jest-circus/build/jestAdapterInit.js:862:11)
          at _runTestsForDescribeBlock (/home/bamer/nextjs-llama-async-proxy/node_modules/.pnpm/jest-circus@30.2.0_babel-plugin-macros@3.1.0/node_modules/jest-circus/build/jestAdapterInit.js:857:11)
          at _runTestsForDescribeBlock (/home/bamer/nextjs-llama-async-proxy/node_modules/.pnpm/jest-circus@30.2.0_babel-plugin-macros@3.1.0/node_modules/jest-circus/build/jestAdapterInit.js:857:11)
          at run (/home/bamer/nextjs-llama-async-proxy/node_modules/.pnpm/jest-circus@30.2.0_babel-plugin-macros@3.1.0/node_modules/jest-circus/build/jestAdapterInit.js:761:3)
          at runAndTransformResultsToJestFormat (/home/bamer/nextjs-llama-async-proxy/node_modules/.pnpm/jest-circus@30.2.0_babel-plugin-macros@3.1.0/node_modules/jest-circus/build/jestAdapterInit.js:1918:21)
          at jestAdapter (/home/bamer/nextjs-llama-async-proxy/node_modules/.pnpm/jest-circus@30.2.0_babel-plugin-macros@3.1.0/node_modules/jest-circus/build/runner.js:101:19)
          at runTestInternal (/home/bamer/nextjs-llama-async-proxy/node_modules/.pnpm/jest-runner@30.2.0/node_modules/jest-runner/build/testWorker.js:275:16)
          at runTest (/home/bamer/nextjs-llama-async-proxy/node_modules/.pnpm/jest-runner@30.2.0/node_modules/jest-runner/build/testWorker.js:343:7)
          at Object.worker (/home/bamer/nextjs-llama-async-proxy/node_modules/.pnpm/jest-runner@30.2.0/node_modules/jest-runner/build/testWorker.js:497:12)

      85 |       storageUsed = sizes.reduce((total: number, size: number) => total + size, 0) / (1024 * 1024); // Convert to MB
      86 |     } catch (e) {
    > 87 |       console.error('Failed to calculate storage used:', e);
         |               ^
      88 |     }
      89 |
      90 |     // Get system metrics

      at AnalyticsEngine.getAnalytics (src/lib/analytics.ts:87:15)
      at src/lib/__tests__/analytics.test.ts:395:74
          at Array.from (<anonymous>)
      at Object.<anonymous> (src/lib/__tests__/analytics.test.ts:395:30)

    console.error
      Failed to calculate storage used: TypeError: Cannot read properties of undefined (reading 'access')
          at AnalyticsEngine.getAnalytics (/home/bamer/nextjs-llama-async-proxy/src/lib/analytics.ts:77:16)
          at /home/bamer/nextjs-llama-async-proxy/src/lib/__tests__/analytics.test.ts:395:74
          at Array.from (<anonymous>)
          at Object.<anonymous> (/home/bamer/nextjs-llama-async-proxy/src/lib/__tests__/analytics.test.ts:395:30)
          at Promise.finally.completed (/home/bamer/nextjs-llama-async-proxy/node_modules/.pnpm/jest-circus@30.2.0_babel-plugin-macros@3.1.0/node_modules/jest-circus/build/jestAdapterInit.js:1557:28)
          at new Promise (<anonymous>)
          at callAsyncCircusFn (/home/bamer/nextjs-llama-async-proxy/node_modules/.pnpm/jest-circus@30.2.0_babel-plugin-macros@3.1.0/node_modules/jest-circus/build/jestAdapterInit.js:1497:10)
          at _callCircusTest (/home/bamer/nextjs-llama-async-proxy/node_modules/.pnpm/jest-circus@30.2.0_babel-plugin-macros@3.1.0/node_modules/jest-circus/build/jestAdapterInit.js:1007:40)
          at processTicksAndRejections (node:internal/process/task_queues:103:5)
          at _runTest (/home/bamer/nextjs-llama-async-proxy/node_modules/.pnpm/jest-circus@30.2.0_babel-plugin-macros@3.1.0/node_modules/jest-circus/build/jestAdapterInit.js:947:3)
          at /home/bamer/nextjs-llama-async-proxy/node_modules/.pnpm/jest-circus@30.2.0_babel-plugin-macros@3.1.0/node_modules/jest-circus/build/jestAdapterInit.js:849:7
          at _runTestsForDescribeBlock (/home/bamer/nextjs-llama-async-proxy/node_modules/.pnpm/jest-circus@30.2.0_babel-plugin-macros@3.1.0/node_modules/jest-circus/build/jestAdapterInit.js:862:11)
          at _runTestsForDescribeBlock (/home/bamer/nextjs-llama-async-proxy/node_modules/.pnpm/jest-circus@30.2.0_babel-plugin-macros@3.1.0/node_modules/jest-circus/build/jestAdapterInit.js:857:11)
          at _runTestsForDescribeBlock (/home/bamer/nextjs-llama-async-proxy/node_modules/.pnpm/jest-circus@30.2.0_babel-plugin-macros@3.1.0/node_modules/jest-circus/build/jestAdapterInit.js:857:11)
          at run (/home/bamer/nextjs-llama-async-proxy/node_modules/.pnpm/jest-circus@30.2.0_babel-plugin-macros@3.1.0/node_modules/jest-circus/build/jestAdapterInit.js:761:3)
          at runAndTransformResultsToJestFormat (/home/bamer/nextjs-llama-async-proxy/node_modules/.pnpm/jest-circus@30.2.0_babel-plugin-macros@3.1.0/node_modules/jest-circus/build/jestAdapterInit.js:1918:21)
          at jestAdapter (/home/bamer/nextjs-llama-async-proxy/node_modules/.pnpm/jest-circus@30.2.0_babel-plugin-macros@3.1.0/node_modules/jest-circus/build/runner.js:101:19)
          at runTestInternal (/home/bamer/nextjs-llama-async-proxy/node_modules/.pnpm/jest-runner@30.2.0/node_modules/jest-runner/build/testWorker.js:275:16)
          at runTest (/home/bamer/nextjs-llama-async-proxy/node_modules/.pnpm/jest-runner@30.2.0/node_modules/jest-runner/build/testWorker.js:343:7)
          at Object.worker (/home/bamer/nextjs-llama-async-proxy/node_modules/.pnpm/jest-runner@30.2.0/node_modules/jest-runner/build/testWorker.js:497:12)

      85 |       storageUsed = sizes.reduce((total: number, size: number) => total + size, 0) / (1024 * 1024); // Convert to MB
      86 |     } catch (e) {
    > 87 |       console.error('Failed to calculate storage used:', e);
         |               ^
      88 |     }
      89 |
      90 |     // Get system metrics

      at AnalyticsEngine.getAnalytics (src/lib/analytics.ts:87:15)
      at src/lib/__tests__/analytics.test.ts:395:74
          at Array.from (<anonymous>)
      at Object.<anonymous> (src/lib/__tests__/analytics.test.ts:395:30)

    console.error
      Failed to calculate storage used: TypeError: Cannot read properties of undefined (reading 'access')
          at AnalyticsEngine.getAnalytics (/home/bamer/nextjs-llama-async-proxy/src/lib/analytics.ts:77:16)
          at /home/bamer/nextjs-llama-async-proxy/src/lib/__tests__/analytics.test.ts:395:74
          at Array.from (<anonymous>)
          at Object.<anonymous> (/home/bamer/nextjs-llama-async-proxy/src/lib/__tests__/analytics.test.ts:395:30)
          at Promise.finally.completed (/home/bamer/nextjs-llama-async-proxy/node_modules/.pnpm/jest-circus@30.2.0_babel-plugin-macros@3.1.0/node_modules/jest-circus/build/jestAdapterInit.js:1557:28)
          at new Promise (<anonymous>)
          at callAsyncCircusFn (/home/bamer/nextjs-llama-async-proxy/node_modules/.pnpm/jest-circus@30.2.0_babel-plugin-macros@3.1.0/node_modules/jest-circus/build/jestAdapterInit.js:1497:10)
          at _callCircusTest (/home/bamer/nextjs-llama-async-proxy/node_modules/.pnpm/jest-circus@30.2.0_babel-plugin-macros@3.1.0/node_modules/jest-circus/build/jestAdapterInit.js:1007:40)
          at processTicksAndRejections (node:internal/process/task_queues:103:5)
          at _runTest (/home/bamer/nextjs-llama-async-proxy/node_modules/.pnpm/jest-circus@30.2.0_babel-plugin-macros@3.1.0/node_modules/jest-circus/build/jestAdapterInit.js:947:3)
          at /home/bamer/nextjs-llama-async-proxy/node_modules/.pnpm/jest-circus@30.2.0_babel-plugin-macros@3.1.0/node_modules/jest-circus/build/jestAdapterInit.js:849:7
          at _runTestsForDescribeBlock (/home/bamer/nextjs-llama-async-proxy/node_modules/.pnpm/jest-circus@30.2.0_babel-plugin-macros@3.1.0/node_modules/jest-circus/build/jestAdapterInit.js:862:11)
          at _runTestsForDescribeBlock (/home/bamer/nextjs-llama-async-proxy/node_modules/.pnpm/jest-circus@30.2.0_babel-plugin-macros@3.1.0/node_modules/jest-circus/build/jestAdapterInit.js:857:11)
          at _runTestsForDescribeBlock (/home/bamer/nextjs-llama-async-proxy/node_modules/.pnpm/jest-circus@30.2.0_babel-plugin-macros@3.1.0/node_modules/jest-circus/build/jestAdapterInit.js:857:11)
          at run (/home/bamer/nextjs-llama-async-proxy/node_modules/.pnpm/jest-circus@30.2.0_babel-plugin-macros@3.1.0/node_modules/jest-circus/build/jestAdapterInit.js:761:3)
          at runAndTransformResultsToJestFormat (/home/bamer/nextjs-llama-async-proxy/node_modules/.pnpm/jest-circus@30.2.0_babel-plugin-macros@3.1.0/node_modules/jest-circus/build/jestAdapterInit.js:1918:21)
          at jestAdapter (/home/bamer/nextjs-llama-async-proxy/node_modules/.pnpm/jest-circus@30.2.0_babel-plugin-macros@3.1.0/node_modules/jest-circus/build/runner.js:101:19)
          at runTestInternal (/home/bamer/nextjs-llama-async-proxy/node_modules/.pnpm/jest-runner@30.2.0/node_modules/jest-runner/build/testWorker.js:275:16)
          at runTest (/home/bamer/nextjs-llama-async-proxy/node_modules/.pnpm/jest-runner@30.2.0/node_modules/jest-runner/build/testWorker.js:343:7)
          at Object.worker (/home/bamer/nextjs-llama-async-proxy/node_modules/.pnpm/jest-runner@30.2.0/node_modules/jest-runner/build/testWorker.js:497:12)

      85 |       storageUsed = sizes.reduce((total: number, size: number) => total + size, 0) / (1024 * 1024); // Convert to MB
      86 |     } catch (e) {
    > 87 |       console.error('Failed to calculate storage used:', e);
         |               ^
      88 |     }
      89 |
      90 |     // Get system metrics

      at AnalyticsEngine.getAnalytics (src/lib/analytics.ts:87:15)
      at src/lib/__tests__/analytics.test.ts:395:74
          at Array.from (<anonymous>)
      at Object.<anonymous> (src/lib/__tests__/analytics.test.ts:395:30)

    console.error
      Failed to calculate storage used: TypeError: Cannot read properties of undefined (reading 'access')
          at AnalyticsEngine.getAnalytics (/home/bamer/nextjs-llama-async-proxy/src/lib/analytics.ts:77:16)
          at /home/bamer/nextjs-llama-async-proxy/src/lib/__tests__/analytics.test.ts:395:74
          at Array.from (<anonymous>)
          at Object.<anonymous> (/home/bamer/nextjs-llama-async-proxy/src/lib/__tests__/analytics.test.ts:395:30)
          at Promise.finally.completed (/home/bamer/nextjs-llama-async-proxy/node_modules/.pnpm/jest-circus@30.2.0_babel-plugin-macros@3.1.0/node_modules/jest-circus/build/jestAdapterInit.js:1557:28)
          at new Promise (<anonymous>)
          at callAsyncCircusFn (/home/bamer/nextjs-llama-async-proxy/node_modules/.pnpm/jest-circus@30.2.0_babel-plugin-macros@3.1.0/node_modules/jest-circus/build/jestAdapterInit.js:1497:10)
          at _callCircusTest (/home/bamer/nextjs-llama-async-proxy/node_modules/.pnpm/jest-circus@30.2.0_babel-plugin-macros@3.1.0/node_modules/jest-circus/build/jestAdapterInit.js:1007:40)
          at processTicksAndRejections (node:internal/process/task_queues:103:5)
          at _runTest (/home/bamer/nextjs-llama-async-proxy/node_modules/.pnpm/jest-circus@30.2.0_babel-plugin-macros@3.1.0/node_modules/jest-circus/build/jestAdapterInit.js:947:3)
          at /home/bamer/nextjs-llama-async-proxy/node_modules/.pnpm/jest-circus@30.2.0_babel-plugin-macros@3.1.0/node_modules/jest-circus/build/jestAdapterInit.js:849:7
          at _runTestsForDescribeBlock (/home/bamer/nextjs-llama-async-proxy/node_modules/.pnpm/jest-circus@30.2.0_babel-plugin-macros@3.1.0/node_modules/jest-circus/build/jestAdapterInit.js:862:11)
          at _runTestsForDescribeBlock (/home/bamer/nextjs-llama-async-proxy/node_modules/.pnpm/jest-circus@30.2.0_babel-plugin-macros@3.1.0/node_modules/jest-circus/build/jestAdapterInit.js:857:11)
          at _runTestsForDescribeBlock (/home/bamer/nextjs-llama-async-proxy/node_modules/.pnpm/jest-circus@30.2.0_babel-plugin-macros@3.1.0/node_modules/jest-circus/build/jestAdapterInit.js:857:11)
          at run (/home/bamer/nextjs-llama-async-proxy/node_modules/.pnpm/jest-circus@30.2.0_babel-plugin-macros@3.1.0/node_modules/jest-circus/build/jestAdapterInit.js:761:3)
          at runAndTransformResultsToJestFormat (/home/bamer/nextjs-llama-async-proxy/node_modules/.pnpm/jest-circus@30.2.0_babel-plugin-macros@3.1.0/node_modules/jest-circus/build/jestAdapterInit.js:1918:21)
          at jestAdapter (/home/bamer/nextjs-llama-async-proxy/node_modules/.pnpm/jest-circus@30.2.0_babel-plugin-macros@3.1.0/node_modules/jest-circus/build/runner.js:101:19)
          at runTestInternal (/home/bamer/nextjs-llama-async-proxy/node_modules/.pnpm/jest-runner@30.2.0/node_modules/jest-runner/build/testWorker.js:275:16)
          at runTest (/home/bamer/nextjs-llama-async-proxy/node_modules/.pnpm/jest-runner@30.2.0/node_modules/jest-runner/build/testWorker.js:343:7)
          at Object.worker (/home/bamer/nextjs-llama-async-proxy/node_modules/.pnpm/jest-runner@30.2.0/node_modules/jest-runner/build/testWorker.js:497:12)

      85 |       storageUsed = sizes.reduce((total: number, size: number) => total + size, 0) / (1024 * 1024); // Convert to MB
      86 |     } catch (e) {
    > 87 |       console.error('Failed to calculate storage used:', e);
         |               ^
      88 |     }
      89 |
      90 |     // Get system metrics

      at AnalyticsEngine.getAnalytics (src/lib/analytics.ts:87:15)
      at src/lib/__tests__/analytics.test.ts:395:74
          at Array.from (<anonymous>)
      at Object.<anonymous> (src/lib/__tests__/analytics.test.ts:395:30)

    console.error
      Failed to calculate storage used: TypeError: Cannot read properties of undefined (reading 'access')
          at AnalyticsEngine.getAnalytics (/home/bamer/nextjs-llama-async-proxy/src/lib/analytics.ts:77:16)
          at /home/bamer/nextjs-llama-async-proxy/src/lib/__tests__/analytics.test.ts:395:74
          at Array.from (<anonymous>)
          at Object.<anonymous> (/home/bamer/nextjs-llama-async-proxy/src/lib/__tests__/analytics.test.ts:395:30)
          at Promise.finally.completed (/home/bamer/nextjs-llama-async-proxy/node_modules/.pnpm/jest-circus@30.2.0_babel-plugin-macros@3.1.0/node_modules/jest-circus/build/jestAdapterInit.js:1557:28)
          at new Promise (<anonymous>)
          at callAsyncCircusFn (/home/bamer/nextjs-llama-async-proxy/node_modules/.pnpm/jest-circus@30.2.0_babel-plugin-macros@3.1.0/node_modules/jest-circus/build/jestAdapterInit.js:1497:10)
          at _callCircusTest (/home/bamer/nextjs-llama-async-proxy/node_modules/.pnpm/jest-circus@30.2.0_babel-plugin-macros@3.1.0/node_modules/jest-circus/build/jestAdapterInit.js:1007:40)
          at processTicksAndRejections (node:internal/process/task_queues:103:5)
          at _runTest (/home/bamer/nextjs-llama-async-proxy/node_modules/.pnpm/jest-circus@30.2.0_babel-plugin-macros@3.1.0/node_modules/jest-circus/build/jestAdapterInit.js:947:3)
          at /home/bamer/nextjs-llama-async-proxy/node_modules/.pnpm/jest-circus@30.2.0_babel-plugin-macros@3.1.0/node_modules/jest-circus/build/jestAdapterInit.js:849:7
          at _runTestsForDescribeBlock (/home/bamer/nextjs-llama-async-proxy/node_modules/.pnpm/jest-circus@30.2.0_babel-plugin-macros@3.1.0/node_modules/jest-circus/build/jestAdapterInit.js:862:11)
          at _runTestsForDescribeBlock (/home/bamer/nextjs-llama-async-proxy/node_modules/.pnpm/jest-circus@30.2.0_babel-plugin-macros@3.1.0/node_modules/jest-circus/build/jestAdapterInit.js:857:11)
          at _runTestsForDescribeBlock (/home/bamer/nextjs-llama-async-proxy/node_modules/.pnpm/jest-circus@30.2.0_babel-plugin-macros@3.1.0/node_modules/jest-circus/build/jestAdapterInit.js:857:11)
          at run (/home/bamer/nextjs-llama-async-proxy/node_modules/.pnpm/jest-circus@30.2.0_babel-plugin-macros@3.1.0/node_modules/jest-circus/build/jestAdapterInit.js:761:3)
          at runAndTransformResultsToJestFormat (/home/bamer/nextjs-llama-async-proxy/node_modules/.pnpm/jest-circus@30.2.0_babel-plugin-macros@3.1.0/node_modules/jest-circus/build/jestAdapterInit.js:1918:21)
          at jestAdapter (/home/bamer/nextjs-llama-async-proxy/node_modules/.pnpm/jest-circus@30.2.0_babel-plugin-macros@3.1.0/node_modules/jest-circus/build/runner.js:101:19)
          at runTestInternal (/home/bamer/nextjs-llama-async-proxy/node_modules/.pnpm/jest-runner@30.2.0/node_modules/jest-runner/build/testWorker.js:275:16)
          at runTest (/home/bamer/nextjs-llama-async-proxy/node_modules/.pnpm/jest-runner@30.2.0/node_modules/jest-runner/build/testWorker.js:343:7)
          at Object.worker (/home/bamer/nextjs-llama-async-proxy/node_modules/.pnpm/jest-runner@30.2.0/node_modules/jest-runner/build/testWorker.js:497:12)

      85 |       storageUsed = sizes.reduce((total: number, size: number) => total + size, 0) / (1024 * 1024); // Convert to MB
      86 |     } catch (e) {
    > 87 |       console.error('Failed to calculate storage used:', e);
         |               ^
      88 |     }
      89 |
      90 |     // Get system metrics

      at AnalyticsEngine.getAnalytics (src/lib/analytics.ts:87:15)
      at src/lib/__tests__/analytics.test.ts:395:74
          at Array.from (<anonymous>)
      at Object.<anonymous> (src/lib/__tests__/analytics.test.ts:395:30)

    console.error
      Failed to calculate storage used: TypeError: Cannot read properties of undefined (reading 'access')
          at AnalyticsEngine.getAnalytics (/home/bamer/nextjs-llama-async-proxy/src/lib/analytics.ts:77:16)
          at /home/bamer/nextjs-llama-async-proxy/src/lib/__tests__/analytics.test.ts:395:74
          at Array.from (<anonymous>)
          at Object.<anonymous> (/home/bamer/nextjs-llama-async-proxy/src/lib/__tests__/analytics.test.ts:395:30)
          at Promise.finally.completed (/home/bamer/nextjs-llama-async-proxy/node_modules/.pnpm/jest-circus@30.2.0_babel-plugin-macros@3.1.0/node_modules/jest-circus/build/jestAdapterInit.js:1557:28)
          at new Promise (<anonymous>)
          at callAsyncCircusFn (/home/bamer/nextjs-llama-async-proxy/node_modules/.pnpm/jest-circus@30.2.0_babel-plugin-macros@3.1.0/node_modules/jest-circus/build/jestAdapterInit.js:1497:10)
          at _callCircusTest (/home/bamer/nextjs-llama-async-proxy/node_modules/.pnpm/jest-circus@30.2.0_babel-plugin-macros@3.1.0/node_modules/jest-circus/build/jestAdapterInit.js:1007:40)
          at processTicksAndRejections (node:internal/process/task_queues:103:5)
          at _runTest (/home/bamer/nextjs-llama-async-proxy/node_modules/.pnpm/jest-circus@30.2.0_babel-plugin-macros@3.1.0/node_modules/jest-circus/build/jestAdapterInit.js:947:3)
          at /home/bamer/nextjs-llama-async-proxy/node_modules/.pnpm/jest-circus@30.2.0_babel-plugin-macros@3.1.0/node_modules/jest-circus/build/jestAdapterInit.js:849:7
          at _runTestsForDescribeBlock (/home/bamer/nextjs-llama-async-proxy/node_modules/.pnpm/jest-circus@30.2.0_babel-plugin-macros@3.1.0/node_modules/jest-circus/build/jestAdapterInit.js:862:11)
          at _runTestsForDescribeBlock (/home/bamer/nextjs-llama-async-proxy/node_modules/.pnpm/jest-circus@30.2.0_babel-plugin-macros@3.1.0/node_modules/jest-circus/build/jestAdapterInit.js:857:11)
          at _runTestsForDescribeBlock (/home/bamer/nextjs-llama-async-proxy/node_modules/.pnpm/jest-circus@30.2.0_babel-plugin-macros@3.1.0/node_modules/jest-circus/build/jestAdapterInit.js:857:11)
          at run (/home/bamer/nextjs-llama-async-proxy/node_modules/.pnpm/jest-circus@30.2.0_babel-plugin-macros@3.1.0/node_modules/jest-circus/build/jestAdapterInit.js:761:3)
          at runAndTransformResultsToJestFormat (/home/bamer/nextjs-llama-async-proxy/node_modules/.pnpm/jest-circus@30.2.0_babel-plugin-macros@3.1.0/node_modules/jest-circus/build/jestAdapterInit.js:1918:21)
          at jestAdapter (/home/bamer/nextjs-llama-async-proxy/node_modules/.pnpm/jest-circus@30.2.0_babel-plugin-macros@3.1.0/node_modules/jest-circus/build/runner.js:101:19)
          at runTestInternal (/home/bamer/nextjs-llama-async-proxy/node_modules/.pnpm/jest-runner@30.2.0/node_modules/jest-runner/build/testWorker.js:275:16)
          at runTest (/home/bamer/nextjs-llama-async-proxy/node_modules/.pnpm/jest-runner@30.2.0/node_modules/jest-runner/build/testWorker.js:343:7)
          at Object.worker (/home/bamer/nextjs-llama-async-proxy/node_modules/.pnpm/jest-runner@30.2.0/node_modules/jest-runner/build/testWorker.js:497:12)

      85 |       storageUsed = sizes.reduce((total: number, size: number) => total + size, 0) / (1024 * 1024); // Convert to MB
      86 |     } catch (e) {
    > 87 |       console.error('Failed to calculate storage used:', e);
         |               ^
      88 |     }
      89 |
      90 |     // Get system metrics

      at AnalyticsEngine.getAnalytics (src/lib/analytics.ts:87:15)
      at src/lib/__tests__/analytics.test.ts:395:74
          at Array.from (<anonymous>)
      at Object.<anonymous> (src/lib/__tests__/analytics.test.ts:395:30)

    console.error
      Failed to calculate storage used: TypeError: Cannot read properties of undefined (reading 'access')
          at AnalyticsEngine.getAnalytics (/home/bamer/nextjs-llama-async-proxy/src/lib/analytics.ts:77:16)
          at /home/bamer/nextjs-llama-async-proxy/src/lib/__tests__/analytics.test.ts:395:74
          at Array.from (<anonymous>)
          at Object.<anonymous> (/home/bamer/nextjs-llama-async-proxy/src/lib/__tests__/analytics.test.ts:395:30)
          at Promise.finally.completed (/home/bamer/nextjs-llama-async-proxy/node_modules/.pnpm/jest-circus@30.2.0_babel-plugin-macros@3.1.0/node_modules/jest-circus/build/jestAdapterInit.js:1557:28)
          at new Promise (<anonymous>)
          at callAsyncCircusFn (/home/bamer/nextjs-llama-async-proxy/node_modules/.pnpm/jest-circus@30.2.0_babel-plugin-macros@3.1.0/node_modules/jest-circus/build/jestAdapterInit.js:1497:10)
          at _callCircusTest (/home/bamer/nextjs-llama-async-proxy/node_modules/.pnpm/jest-circus@30.2.0_babel-plugin-macros@3.1.0/node_modules/jest-circus/build/jestAdapterInit.js:1007:40)
          at processTicksAndRejections (node:internal/process/task_queues:103:5)
          at _runTest (/home/bamer/nextjs-llama-async-proxy/node_modules/.pnpm/jest-circus@30.2.0_babel-plugin-macros@3.1.0/node_modules/jest-circus/build/jestAdapterInit.js:947:3)
          at /home/bamer/nextjs-llama-async-proxy/node_modules/.pnpm/jest-circus@30.2.0_babel-plugin-macros@3.1.0/node_modules/jest-circus/build/jestAdapterInit.js:849:7
          at _runTestsForDescribeBlock (/home/bamer/nextjs-llama-async-proxy/node_modules/.pnpm/jest-circus@30.2.0_babel-plugin-macros@3.1.0/node_modules/jest-circus/build/jestAdapterInit.js:862:11)
          at _runTestsForDescribeBlock (/home/bamer/nextjs-llama-async-proxy/node_modules/.pnpm/jest-circus@30.2.0_babel-plugin-macros@3.1.0/node_modules/jest-circus/build/jestAdapterInit.js:857:11)
          at _runTestsForDescribeBlock (/home/bamer/nextjs-llama-async-proxy/node_modules/.pnpm/jest-circus@30.2.0_babel-plugin-macros@3.1.0/node_modules/jest-circus/build/jestAdapterInit.js:857:11)
          at run (/home/bamer/nextjs-llama-async-proxy/node_modules/.pnpm/jest-circus@30.2.0_babel-plugin-macros@3.1.0/node_modules/jest-circus/build/jestAdapterInit.js:761:3)
          at runAndTransformResultsToJestFormat (/home/bamer/nextjs-llama-async-proxy/node_modules/.pnpm/jest-circus@30.2.0_babel-plugin-macros@3.1.0/node_modules/jest-circus/build/jestAdapterInit.js:1918:21)
          at jestAdapter (/home/bamer/nextjs-llama-async-proxy/node_modules/.pnpm/jest-circus@30.2.0_babel-plugin-macros@3.1.0/node_modules/jest-circus/build/runner.js:101:19)
          at runTestInternal (/home/bamer/nextjs-llama-async-proxy/node_modules/.pnpm/jest-runner@30.2.0/node_modules/jest-runner/build/testWorker.js:275:16)
          at runTest (/home/bamer/nextjs-llama-async-proxy/node_modules/.pnpm/jest-runner@30.2.0/node_modules/jest-runner/build/testWorker.js:343:7)
          at Object.worker (/home/bamer/nextjs-llama-async-proxy/node_modules/.pnpm/jest-runner@30.2.0/node_modules/jest-runner/build/testWorker.js:497:12)

      85 |       storageUsed = sizes.reduce((total: number, size: number) => total + size, 0) / (1024 * 1024); // Convert to MB
      86 |     } catch (e) {
    > 87 |       console.error('Failed to calculate storage used:', e);
         |               ^
      88 |     }
      89 |
      90 |     // Get system metrics

      at AnalyticsEngine.getAnalytics (src/lib/analytics.ts:87:15)
      at src/lib/__tests__/analytics.test.ts:395:74
          at Array.from (<anonymous>)
      at Object.<anonymous> (src/lib/__tests__/analytics.test.ts:395:30)

    console.error
      Failed to calculate storage used: TypeError: Cannot read properties of undefined (reading 'access')
          at AnalyticsEngine.getAnalytics (/home/bamer/nextjs-llama-async-proxy/src/lib/analytics.ts:77:16)
          at /home/bamer/nextjs-llama-async-proxy/src/lib/__tests__/analytics.test.ts:395:74
          at Array.from (<anonymous>)
          at Object.<anonymous> (/home/bamer/nextjs-llama-async-proxy/src/lib/__tests__/analytics.test.ts:395:30)
          at Promise.finally.completed (/home/bamer/nextjs-llama-async-proxy/node_modules/.pnpm/jest-circus@30.2.0_babel-plugin-macros@3.1.0/node_modules/jest-circus/build/jestAdapterInit.js:1557:28)
          at new Promise (<anonymous>)
          at callAsyncCircusFn (/home/bamer/nextjs-llama-async-proxy/node_modules/.pnpm/jest-circus@30.2.0_babel-plugin-macros@3.1.0/node_modules/jest-circus/build/jestAdapterInit.js:1497:10)
          at _callCircusTest (/home/bamer/nextjs-llama-async-proxy/node_modules/.pnpm/jest-circus@30.2.0_babel-plugin-macros@3.1.0/node_modules/jest-circus/build/jestAdapterInit.js:1007:40)
          at processTicksAndRejections (node:internal/process/task_queues:103:5)
          at _runTest (/home/bamer/nextjs-llama-async-proxy/node_modules/.pnpm/jest-circus@30.2.0_babel-plugin-macros@3.1.0/node_modules/jest-circus/build/jestAdapterInit.js:947:3)
          at /home/bamer/nextjs-llama-async-proxy/node_modules/.pnpm/jest-circus@30.2.0_babel-plugin-macros@3.1.0/node_modules/jest-circus/build/jestAdapterInit.js:849:7
          at _runTestsForDescribeBlock (/home/bamer/nextjs-llama-async-proxy/node_modules/.pnpm/jest-circus@30.2.0_babel-plugin-macros@3.1.0/node_modules/jest-circus/build/jestAdapterInit.js:862:11)
          at _runTestsForDescribeBlock (/home/bamer/nextjs-llama-async-proxy/node_modules/.pnpm/jest-circus@30.2.0_babel-plugin-macros@3.1.0/node_modules/jest-circus/build/jestAdapterInit.js:857:11)
          at _runTestsForDescribeBlock (/home/bamer/nextjs-llama-async-proxy/node_modules/.pnpm/jest-circus@30.2.0_babel-plugin-macros@3.1.0/node_modules/jest-circus/build/jestAdapterInit.js:857:11)
          at run (/home/bamer/nextjs-llama-async-proxy/node_modules/.pnpm/jest-circus@30.2.0_babel-plugin-macros@3.1.0/node_modules/jest-circus/build/jestAdapterInit.js:761:3)
          at runAndTransformResultsToJestFormat (/home/bamer/nextjs-llama-async-proxy/node_modules/.pnpm/jest-circus@30.2.0_babel-plugin-macros@3.1.0/node_modules/jest-circus/build/jestAdapterInit.js:1918:21)
          at jestAdapter (/home/bamer/nextjs-llama-async-proxy/node_modules/.pnpm/jest-circus@30.2.0_babel-plugin-macros@3.1.0/node_modules/jest-circus/build/runner.js:101:19)
          at runTestInternal (/home/bamer/nextjs-llama-async-proxy/node_modules/.pnpm/jest-runner@30.2.0/node_modules/jest-runner/build/testWorker.js:275:16)
          at runTest (/home/bamer/nextjs-llama-async-proxy/node_modules/.pnpm/jest-runner@30.2.0/node_modules/jest-runner/build/testWorker.js:343:7)
          at Object.worker (/home/bamer/nextjs-llama-async-proxy/node_modules/.pnpm/jest-runner@30.2.0/node_modules/jest-runner/build/testWorker.js:497:12)

      85 |       storageUsed = sizes.reduce((total: number, size: number) => total + size, 0) / (1024 * 1024); // Convert to MB
      86 |     } catch (e) {
    > 87 |       console.error('Failed to calculate storage used:', e);
         |               ^
      88 |     }
      89 |
      90 |     // Get system metrics

      at AnalyticsEngine.getAnalytics (src/lib/analytics.ts:87:15)
      at src/lib/__tests__/analytics.test.ts:395:74
          at Array.from (<anonymous>)
      at Object.<anonymous> (src/lib/__tests__/analytics.test.ts:395:30)

    console.error
      Failed to calculate storage used: TypeError: Cannot read properties of undefined (reading 'access')
          at AnalyticsEngine.getAnalytics (/home/bamer/nextjs-llama-async-proxy/src/lib/analytics.ts:77:16)
          at /home/bamer/nextjs-llama-async-proxy/src/lib/__tests__/analytics.test.ts:395:74
          at Array.from (<anonymous>)
          at Object.<anonymous> (/home/bamer/nextjs-llama-async-proxy/src/lib/__tests__/analytics.test.ts:395:30)
          at Promise.finally.completed (/home/bamer/nextjs-llama-async-proxy/node_modules/.pnpm/jest-circus@30.2.0_babel-plugin-macros@3.1.0/node_modules/jest-circus/build/jestAdapterInit.js:1557:28)
          at new Promise (<anonymous>)
          at callAsyncCircusFn (/home/bamer/nextjs-llama-async-proxy/node_modules/.pnpm/jest-circus@30.2.0_babel-plugin-macros@3.1.0/node_modules/jest-circus/build/jestAdapterInit.js:1497:10)
          at _callCircusTest (/home/bamer/nextjs-llama-async-proxy/node_modules/.pnpm/jest-circus@30.2.0_babel-plugin-macros@3.1.0/node_modules/jest-circus/build/jestAdapterInit.js:1007:40)
          at processTicksAndRejections (node:internal/process/task_queues:103:5)
          at _runTest (/home/bamer/nextjs-llama-async-proxy/node_modules/.pnpm/jest-circus@30.2.0_babel-plugin-macros@3.1.0/node_modules/jest-circus/build/jestAdapterInit.js:947:3)
          at /home/bamer/nextjs-llama-async-proxy/node_modules/.pnpm/jest-circus@30.2.0_babel-plugin-macros@3.1.0/node_modules/jest-circus/build/jestAdapterInit.js:849:7
          at _runTestsForDescribeBlock (/home/bamer/nextjs-llama-async-proxy/node_modules/.pnpm/jest-circus@30.2.0_babel-plugin-macros@3.1.0/node_modules/jest-circus/build/jestAdapterInit.js:862:11)
          at _runTestsForDescribeBlock (/home/bamer/nextjs-llama-async-proxy/node_modules/.pnpm/jest-circus@30.2.0_babel-plugin-macros@3.1.0/node_modules/jest-circus/build/jestAdapterInit.js:857:11)
          at _runTestsForDescribeBlock (/home/bamer/nextjs-llama-async-proxy/node_modules/.pnpm/jest-circus@30.2.0_babel-plugin-macros@3.1.0/node_modules/jest-circus/build/jestAdapterInit.js:857:11)
          at run (/home/bamer/nextjs-llama-async-proxy/node_modules/.pnpm/jest-circus@30.2.0_babel-plugin-macros@3.1.0/node_modules/jest-circus/build/jestAdapterInit.js:761:3)
          at runAndTransformResultsToJestFormat (/home/bamer/nextjs-llama-async-proxy/node_modules/.pnpm/jest-circus@30.2.0_babel-plugin-macros@3.1.0/node_modules/jest-circus/build/jestAdapterInit.js:1918:21)
          at jestAdapter (/home/bamer/nextjs-llama-async-proxy/node_modules/.pnpm/jest-circus@30.2.0_babel-plugin-macros@3.1.0/node_modules/jest-circus/build/runner.js:101:19)
          at runTestInternal (/home/bamer/nextjs-llama-async-proxy/node_modules/.pnpm/jest-runner@30.2.0/node_modules/jest-runner/build/testWorker.js:275:16)
          at runTest (/home/bamer/nextjs-llama-async-proxy/node_modules/.pnpm/jest-runner@30.2.0/node_modules/jest-runner/build/testWorker.js:343:7)
          at Object.worker (/home/bamer/nextjs-llama-async-proxy/node_modules/.pnpm/jest-runner@30.2.0/node_modules/jest-runner/build/testWorker.js:497:12)

      85 |       storageUsed = sizes.reduce((total: number, size: number) => total + size, 0) / (1024 * 1024); // Convert to MB
      86 |     } catch (e) {
    > 87 |       console.error('Failed to calculate storage used:', e);
         |               ^
      88 |     }
      89 |
      90 |     // Get system metrics

      at AnalyticsEngine.getAnalytics (src/lib/analytics.ts:87:15)
      at src/lib/__tests__/analytics.test.ts:395:74
          at Array.from (<anonymous>)
      at Object.<anonymous> (src/lib/__tests__/analytics.test.ts:395:30)

    console.error
      Failed to calculate storage used: TypeError: Cannot read properties of undefined (reading 'access')
          at AnalyticsEngine.getAnalytics (/home/bamer/nextjs-llama-async-proxy/src/lib/analytics.ts:77:16)
          at /home/bamer/nextjs-llama-async-proxy/src/lib/__tests__/analytics.test.ts:395:74
          at Array.from (<anonymous>)
          at Object.<anonymous> (/home/bamer/nextjs-llama-async-proxy/src/lib/__tests__/analytics.test.ts:395:30)
          at Promise.finally.completed (/home/bamer/nextjs-llama-async-proxy/node_modules/.pnpm/jest-circus@30.2.0_babel-plugin-macros@3.1.0/node_modules/jest-circus/build/jestAdapterInit.js:1557:28)
          at new Promise (<anonymous>)
          at callAsyncCircusFn (/home/bamer/nextjs-llama-async-proxy/node_modules/.pnpm/jest-circus@30.2.0_babel-plugin-macros@3.1.0/node_modules/jest-circus/build/jestAdapterInit.js:1497:10)
          at _callCircusTest (/home/bamer/nextjs-llama-async-proxy/node_modules/.pnpm/jest-circus@30.2.0_babel-plugin-macros@3.1.0/node_modules/jest-circus/build/jestAdapterInit.js:1007:40)
          at processTicksAndRejections (node:internal/process/task_queues:103:5)
          at _runTest (/home/bamer/nextjs-llama-async-proxy/node_modules/.pnpm/jest-circus@30.2.0_babel-plugin-macros@3.1.0/node_modules/jest-circus/build/jestAdapterInit.js:947:3)
          at /home/bamer/nextjs-llama-async-proxy/node_modules/.pnpm/jest-circus@30.2.0_babel-plugin-macros@3.1.0/node_modules/jest-circus/build/jestAdapterInit.js:849:7
          at _runTestsForDescribeBlock (/home/bamer/nextjs-llama-async-proxy/node_modules/.pnpm/jest-circus@30.2.0_babel-plugin-macros@3.1.0/node_modules/jest-circus/build/jestAdapterInit.js:862:11)
          at _runTestsForDescribeBlock (/home/bamer/nextjs-llama-async-proxy/node_modules/.pnpm/jest-circus@30.2.0_babel-plugin-macros@3.1.0/node_modules/jest-circus/build/jestAdapterInit.js:857:11)
          at _runTestsForDescribeBlock (/home/bamer/nextjs-llama-async-proxy/node_modules/.pnpm/jest-circus@30.2.0_babel-plugin-macros@3.1.0/node_modules/jest-circus/build/jestAdapterInit.js:857:11)
          at run (/home/bamer/nextjs-llama-async-proxy/node_modules/.pnpm/jest-circus@30.2.0_babel-plugin-macros@3.1.0/node_modules/jest-circus/build/jestAdapterInit.js:761:3)
          at runAndTransformResultsToJestFormat (/home/bamer/nextjs-llama-async-proxy/node_modules/.pnpm/jest-circus@30.2.0_babel-plugin-macros@3.1.0/node_modules/jest-circus/build/jestAdapterInit.js:1918:21)
          at jestAdapter (/home/bamer/nextjs-llama-async-proxy/node_modules/.pnpm/jest-circus@30.2.0_babel-plugin-macros@3.1.0/node_modules/jest-circus/build/runner.js:101:19)
          at runTestInternal (/home/bamer/nextjs-llama-async-proxy/node_modules/.pnpm/jest-runner@30.2.0/node_modules/jest-runner/build/testWorker.js:275:16)
          at runTest (/home/bamer/nextjs-llama-async-proxy/node_modules/.pnpm/jest-runner@30.2.0/node_modules/jest-runner/build/testWorker.js:343:7)
          at Object.worker (/home/bamer/nextjs-llama-async-proxy/node_modules/.pnpm/jest-runner@30.2.0/node_modules/jest-runner/build/testWorker.js:497:12)

      85 |       storageUsed = sizes.reduce((total: number, size: number) => total + size, 0) / (1024 * 1024); // Convert to MB
      86 |     } catch (e) {
    > 87 |       console.error('Failed to calculate storage used:', e);
         |               ^
      88 |     }
      89 |
      90 |     // Get system metrics

      at AnalyticsEngine.getAnalytics (src/lib/analytics.ts:87:15)
      at src/lib/__tests__/analytics.test.ts:395:74
          at Array.from (<anonymous>)
      at Object.<anonymous> (src/lib/__tests__/analytics.test.ts:395:30)

    console.error
      Failed to calculate storage used: TypeError: Cannot read properties of undefined (reading 'access')
          at AnalyticsEngine.getAnalytics (/home/bamer/nextjs-llama-async-proxy/src/lib/analytics.ts:77:16)
          at /home/bamer/nextjs-llama-async-proxy/src/lib/__tests__/analytics.test.ts:395:74
          at Array.from (<anonymous>)
          at Object.<anonymous> (/home/bamer/nextjs-llama-async-proxy/src/lib/__tests__/analytics.test.ts:395:30)
          at Promise.finally.completed (/home/bamer/nextjs-llama-async-proxy/node_modules/.pnpm/jest-circus@30.2.0_babel-plugin-macros@3.1.0/node_modules/jest-circus/build/jestAdapterInit.js:1557:28)
          at new Promise (<anonymous>)
          at callAsyncCircusFn (/home/bamer/nextjs-llama-async-proxy/node_modules/.pnpm/jest-circus@30.2.0_babel-plugin-macros@3.1.0/node_modules/jest-circus/build/jestAdapterInit.js:1497:10)
          at _callCircusTest (/home/bamer/nextjs-llama-async-proxy/node_modules/.pnpm/jest-circus@30.2.0_babel-plugin-macros@3.1.0/node_modules/jest-circus/build/jestAdapterInit.js:1007:40)
          at processTicksAndRejections (node:internal/process/task_queues:103:5)
          at _runTest (/home/bamer/nextjs-llama-async-proxy/node_modules/.pnpm/jest-circus@30.2.0_babel-plugin-macros@3.1.0/node_modules/jest-circus/build/jestAdapterInit.js:947:3)
          at /home/bamer/nextjs-llama-async-proxy/node_modules/.pnpm/jest-circus@30.2.0_babel-plugin-macros@3.1.0/node_modules/jest-circus/build/jestAdapterInit.js:849:7
          at _runTestsForDescribeBlock (/home/bamer/nextjs-llama-async-proxy/node_modules/.pnpm/jest-circus@30.2.0_babel-plugin-macros@3.1.0/node_modules/jest-circus/build/jestAdapterInit.js:862:11)
          at _runTestsForDescribeBlock (/home/bamer/nextjs-llama-async-proxy/node_modules/.pnpm/jest-circus@30.2.0_babel-plugin-macros@3.1.0/node_modules/jest-circus/build/jestAdapterInit.js:857:11)
          at _runTestsForDescribeBlock (/home/bamer/nextjs-llama-async-proxy/node_modules/.pnpm/jest-circus@30.2.0_babel-plugin-macros@3.1.0/node_modules/jest-circus/build/jestAdapterInit.js:857:11)
          at run (/home/bamer/nextjs-llama-async-proxy/node_modules/.pnpm/jest-circus@30.2.0_babel-plugin-macros@3.1.0/node_modules/jest-circus/build/jestAdapterInit.js:761:3)
          at runAndTransformResultsToJestFormat (/home/bamer/nextjs-llama-async-proxy/node_modules/.pnpm/jest-circus@30.2.0_babel-plugin-macros@3.1.0/node_modules/jest-circus/build/jestAdapterInit.js:1918:21)
          at jestAdapter (/home/bamer/nextjs-llama-async-proxy/node_modules/.pnpm/jest-circus@30.2.0_babel-plugin-macros@3.1.0/node_modules/jest-circus/build/runner.js:101:19)
          at runTestInternal (/home/bamer/nextjs-llama-async-proxy/node_modules/.pnpm/jest-runner@30.2.0/node_modules/jest-runner/build/testWorker.js:275:16)
          at runTest (/home/bamer/nextjs-llama-async-proxy/node_modules/.pnpm/jest-runner@30.2.0/node_modules/jest-runner/build/testWorker.js:343:7)
          at Object.worker (/home/bamer/nextjs-llama-async-proxy/node_modules/.pnpm/jest-runner@30.2.0/node_modules/jest-runner/build/testWorker.js:497:12)

      85 |       storageUsed = sizes.reduce((total: number, size: number) => total + size, 0) / (1024 * 1024); // Convert to MB
      86 |     } catch (e) {
    > 87 |       console.error('Failed to calculate storage used:', e);
         |               ^
      88 |     }
      89 |
      90 |     // Get system metrics

      at AnalyticsEngine.getAnalytics (src/lib/analytics.ts:87:15)
      at src/lib/__tests__/analytics.test.ts:395:74
          at Array.from (<anonymous>)
      at Object.<anonymous> (src/lib/__tests__/analytics.test.ts:395:30)

    console.error
      Failed to calculate storage used: TypeError: Cannot read properties of undefined (reading 'access')
          at AnalyticsEngine.getAnalytics (/home/bamer/nextjs-llama-async-proxy/src/lib/analytics.ts:77:16)
          at /home/bamer/nextjs-llama-async-proxy/src/lib/__tests__/analytics.test.ts:395:74
          at Array.from (<anonymous>)
          at Object.<anonymous> (/home/bamer/nextjs-llama-async-proxy/src/lib/__tests__/analytics.test.ts:395:30)
          at Promise.finally.completed (/home/bamer/nextjs-llama-async-proxy/node_modules/.pnpm/jest-circus@30.2.0_babel-plugin-macros@3.1.0/node_modules/jest-circus/build/jestAdapterInit.js:1557:28)
          at new Promise (<anonymous>)
          at callAsyncCircusFn (/home/bamer/nextjs-llama-async-proxy/node_modules/.pnpm/jest-circus@30.2.0_babel-plugin-macros@3.1.0/node_modules/jest-circus/build/jestAdapterInit.js:1497:10)
          at _callCircusTest (/home/bamer/nextjs-llama-async-proxy/node_modules/.pnpm/jest-circus@30.2.0_babel-plugin-macros@3.1.0/node_modules/jest-circus/build/jestAdapterInit.js:1007:40)
          at processTicksAndRejections (node:internal/process/task_queues:103:5)
          at _runTest (/home/bamer/nextjs-llama-async-proxy/node_modules/.pnpm/jest-circus@30.2.0_babel-plugin-macros@3.1.0/node_modules/jest-circus/build/jestAdapterInit.js:947:3)
          at /home/bamer/nextjs-llama-async-proxy/node_modules/.pnpm/jest-circus@30.2.0_babel-plugin-macros@3.1.0/node_modules/jest-circus/build/jestAdapterInit.js:849:7
          at _runTestsForDescribeBlock (/home/bamer/nextjs-llama-async-proxy/node_modules/.pnpm/jest-circus@30.2.0_babel-plugin-macros@3.1.0/node_modules/jest-circus/build/jestAdapterInit.js:862:11)
          at _runTestsForDescribeBlock (/home/bamer/nextjs-llama-async-proxy/node_modules/.pnpm/jest-circus@30.2.0_babel-plugin-macros@3.1.0/node_modules/jest-circus/build/jestAdapterInit.js:857:11)
          at _runTestsForDescribeBlock (/home/bamer/nextjs-llama-async-proxy/node_modules/.pnpm/jest-circus@30.2.0_babel-plugin-macros@3.1.0/node_modules/jest-circus/build/jestAdapterInit.js:857:11)
          at run (/home/bamer/nextjs-llama-async-proxy/node_modules/.pnpm/jest-circus@30.2.0_babel-plugin-macros@3.1.0/node_modules/jest-circus/build/jestAdapterInit.js:761:3)
          at runAndTransformResultsToJestFormat (/home/bamer/nextjs-llama-async-proxy/node_modules/.pnpm/jest-circus@30.2.0_babel-plugin-macros@3.1.0/node_modules/jest-circus/build/jestAdapterInit.js:1918:21)
          at jestAdapter (/home/bamer/nextjs-llama-async-proxy/node_modules/.pnpm/jest-circus@30.2.0_babel-plugin-macros@3.1.0/node_modules/jest-circus/build/runner.js:101:19)
          at runTestInternal (/home/bamer/nextjs-llama-async-proxy/node_modules/.pnpm/jest-runner@30.2.0/node_modules/jest-runner/build/testWorker.js:275:16)
          at runTest (/home/bamer/nextjs-llama-async-proxy/node_modules/.pnpm/jest-runner@30.2.0/node_modules/jest-runner/build/testWorker.js:343:7)
          at Object.worker (/home/bamer/nextjs-llama-async-proxy/node_modules/.pnpm/jest-runner@30.2.0/node_modules/jest-runner/build/testWorker.js:497:12)

      85 |       storageUsed = sizes.reduce((total: number, size: number) => total + size, 0) / (1024 * 1024); // Convert to MB
      86 |     } catch (e) {
    > 87 |       console.error('Failed to calculate storage used:', e);
         |               ^
      88 |     }
      89 |
      90 |     // Get system metrics

      at AnalyticsEngine.getAnalytics (src/lib/analytics.ts:87:15)
      at src/lib/__tests__/analytics.test.ts:395:74
          at Array.from (<anonymous>)
      at Object.<anonymous> (src/lib/__tests__/analytics.test.ts:395:30)

    console.error
      Failed to calculate storage used: TypeError: Cannot read properties of undefined (reading 'access')
          at AnalyticsEngine.getAnalytics (/home/bamer/nextjs-llama-async-proxy/src/lib/analytics.ts:77:16)
          at /home/bamer/nextjs-llama-async-proxy/src/lib/__tests__/analytics.test.ts:395:74
          at Array.from (<anonymous>)
          at Object.<anonymous> (/home/bamer/nextjs-llama-async-proxy/src/lib/__tests__/analytics.test.ts:395:30)
          at Promise.finally.completed (/home/bamer/nextjs-llama-async-proxy/node_modules/.pnpm/jest-circus@30.2.0_babel-plugin-macros@3.1.0/node_modules/jest-circus/build/jestAdapterInit.js:1557:28)
          at new Promise (<anonymous>)
          at callAsyncCircusFn (/home/bamer/nextjs-llama-async-proxy/node_modules/.pnpm/jest-circus@30.2.0_babel-plugin-macros@3.1.0/node_modules/jest-circus/build/jestAdapterInit.js:1497:10)
          at _callCircusTest (/home/bamer/nextjs-llama-async-proxy/node_modules/.pnpm/jest-circus@30.2.0_babel-plugin-macros@3.1.0/node_modules/jest-circus/build/jestAdapterInit.js:1007:40)
          at processTicksAndRejections (node:internal/process/task_queues:103:5)
          at _runTest (/home/bamer/nextjs-llama-async-proxy/node_modules/.pnpm/jest-circus@30.2.0_babel-plugin-macros@3.1.0/node_modules/jest-circus/build/jestAdapterInit.js:947:3)
          at /home/bamer/nextjs-llama-async-proxy/node_modules/.pnpm/jest-circus@30.2.0_babel-plugin-macros@3.1.0/node_modules/jest-circus/build/jestAdapterInit.js:849:7
          at _runTestsForDescribeBlock (/home/bamer/nextjs-llama-async-proxy/node_modules/.pnpm/jest-circus@30.2.0_babel-plugin-macros@3.1.0/node_modules/jest-circus/build/jestAdapterInit.js:862:11)
          at _runTestsForDescribeBlock (/home/bamer/nextjs-llama-async-proxy/node_modules/.pnpm/jest-circus@30.2.0_babel-plugin-macros@3.1.0/node_modules/jest-circus/build/jestAdapterInit.js:857:11)
          at _runTestsForDescribeBlock (/home/bamer/nextjs-llama-async-proxy/node_modules/.pnpm/jest-circus@30.2.0_babel-plugin-macros@3.1.0/node_modules/jest-circus/build/jestAdapterInit.js:857:11)
          at run (/home/bamer/nextjs-llama-async-proxy/node_modules/.pnpm/jest-circus@30.2.0_babel-plugin-macros@3.1.0/node_modules/jest-circus/build/jestAdapterInit.js:761:3)
          at runAndTransformResultsToJestFormat (/home/bamer/nextjs-llama-async-proxy/node_modules/.pnpm/jest-circus@30.2.0_babel-plugin-macros@3.1.0/node_modules/jest-circus/build/jestAdapterInit.js:1918:21)
          at jestAdapter (/home/bamer/nextjs-llama-async-proxy/node_modules/.pnpm/jest-circus@30.2.0_babel-plugin-macros@3.1.0/node_modules/jest-circus/build/runner.js:101:19)
          at runTestInternal (/home/bamer/nextjs-llama-async-proxy/node_modules/.pnpm/jest-runner@30.2.0/node_modules/jest-runner/build/testWorker.js:275:16)
          at runTest (/home/bamer/nextjs-llama-async-proxy/node_modules/.pnpm/jest-runner@30.2.0/node_modules/jest-runner/build/testWorker.js:343:7)
          at Object.worker (/home/bamer/nextjs-llama-async-proxy/node_modules/.pnpm/jest-runner@30.2.0/node_modules/jest-runner/build/testWorker.js:497:12)

      85 |       storageUsed = sizes.reduce((total: number, size: number) => total + size, 0) / (1024 * 1024); // Convert to MB
      86 |     } catch (e) {
    > 87 |       console.error('Failed to calculate storage used:', e);
         |               ^
      88 |     }
      89 |
      90 |     // Get system metrics

      at AnalyticsEngine.getAnalytics (src/lib/analytics.ts:87:15)
      at src/lib/__tests__/analytics.test.ts:395:74
          at Array.from (<anonymous>)
      at Object.<anonymous> (src/lib/__tests__/analytics.test.ts:395:30)

    console.error
      Failed to calculate storage used: TypeError: Cannot read properties of undefined (reading 'access')
          at AnalyticsEngine.getAnalytics (/home/bamer/nextjs-llama-async-proxy/src/lib/analytics.ts:77:16)
          at /home/bamer/nextjs-llama-async-proxy/src/lib/__tests__/analytics.test.ts:395:74
          at Array.from (<anonymous>)
          at Object.<anonymous> (/home/bamer/nextjs-llama-async-proxy/src/lib/__tests__/analytics.test.ts:395:30)
          at Promise.finally.completed (/home/bamer/nextjs-llama-async-proxy/node_modules/.pnpm/jest-circus@30.2.0_babel-plugin-macros@3.1.0/node_modules/jest-circus/build/jestAdapterInit.js:1557:28)
          at new Promise (<anonymous>)
          at callAsyncCircusFn (/home/bamer/nextjs-llama-async-proxy/node_modules/.pnpm/jest-circus@30.2.0_babel-plugin-macros@3.1.0/node_modules/jest-circus/build/jestAdapterInit.js:1497:10)
          at _callCircusTest (/home/bamer/nextjs-llama-async-proxy/node_modules/.pnpm/jest-circus@30.2.0_babel-plugin-macros@3.1.0/node_modules/jest-circus/build/jestAdapterInit.js:1007:40)
          at processTicksAndRejections (node:internal/process/task_queues:103:5)
          at _runTest (/home/bamer/nextjs-llama-async-proxy/node_modules/.pnpm/jest-circus@30.2.0_babel-plugin-macros@3.1.0/node_modules/jest-circus/build/jestAdapterInit.js:947:3)
          at /home/bamer/nextjs-llama-async-proxy/node_modules/.pnpm/jest-circus@30.2.0_babel-plugin-macros@3.1.0/node_modules/jest-circus/build/jestAdapterInit.js:849:7
          at _runTestsForDescribeBlock (/home/bamer/nextjs-llama-async-proxy/node_modules/.pnpm/jest-circus@30.2.0_babel-plugin-macros@3.1.0/node_modules/jest-circus/build/jestAdapterInit.js:862:11)
          at _runTestsForDescribeBlock (/home/bamer/nextjs-llama-async-proxy/node_modules/.pnpm/jest-circus@30.2.0_babel-plugin-macros@3.1.0/node_modules/jest-circus/build/jestAdapterInit.js:857:11)
          at _runTestsForDescribeBlock (/home/bamer/nextjs-llama-async-proxy/node_modules/.pnpm/jest-circus@30.2.0_babel-plugin-macros@3.1.0/node_modules/jest-circus/build/jestAdapterInit.js:857:11)
          at run (/home/bamer/nextjs-llama-async-proxy/node_modules/.pnpm/jest-circus@30.2.0_babel-plugin-macros@3.1.0/node_modules/jest-circus/build/jestAdapterInit.js:761:3)
          at runAndTransformResultsToJestFormat (/home/bamer/nextjs-llama-async-proxy/node_modules/.pnpm/jest-circus@30.2.0_babel-plugin-macros@3.1.0/node_modules/jest-circus/build/jestAdapterInit.js:1918:21)
          at jestAdapter (/home/bamer/nextjs-llama-async-proxy/node_modules/.pnpm/jest-circus@30.2.0_babel-plugin-macros@3.1.0/node_modules/jest-circus/build/runner.js:101:19)
          at runTestInternal (/home/bamer/nextjs-llama-async-proxy/node_modules/.pnpm/jest-runner@30.2.0/node_modules/jest-runner/build/testWorker.js:275:16)
          at runTest (/home/bamer/nextjs-llama-async-proxy/node_modules/.pnpm/jest-runner@30.2.0/node_modules/jest-runner/build/testWorker.js:343:7)
          at Object.worker (/home/bamer/nextjs-llama-async-proxy/node_modules/.pnpm/jest-runner@30.2.0/node_modules/jest-runner/build/testWorker.js:497:12)

      85 |       storageUsed = sizes.reduce((total: number, size: number) => total + size, 0) / (1024 * 1024); // Convert to MB
      86 |     } catch (e) {
    > 87 |       console.error('Failed to calculate storage used:', e);
         |               ^
      88 |     }
      89 |
      90 |     // Get system metrics

      at AnalyticsEngine.getAnalytics (src/lib/analytics.ts:87:15)
      at src/lib/__tests__/analytics.test.ts:395:74
          at Array.from (<anonymous>)
      at Object.<anonymous> (src/lib/__tests__/analytics.test.ts:395:30)

    console.error
      Failed to calculate storage used: TypeError: Cannot read properties of undefined (reading 'access')
          at AnalyticsEngine.getAnalytics (/home/bamer/nextjs-llama-async-proxy/src/lib/analytics.ts:77:16)
          at /home/bamer/nextjs-llama-async-proxy/src/lib/__tests__/analytics.test.ts:395:74
          at Array.from (<anonymous>)
          at Object.<anonymous> (/home/bamer/nextjs-llama-async-proxy/src/lib/__tests__/analytics.test.ts:395:30)
          at Promise.finally.completed (/home/bamer/nextjs-llama-async-proxy/node_modules/.pnpm/jest-circus@30.2.0_babel-plugin-macros@3.1.0/node_modules/jest-circus/build/jestAdapterInit.js:1557:28)
          at new Promise (<anonymous>)
          at callAsyncCircusFn (/home/bamer/nextjs-llama-async-proxy/node_modules/.pnpm/jest-circus@30.2.0_babel-plugin-macros@3.1.0/node_modules/jest-circus/build/jestAdapterInit.js:1497:10)
          at _callCircusTest (/home/bamer/nextjs-llama-async-proxy/node_modules/.pnpm/jest-circus@30.2.0_babel-plugin-macros@3.1.0/node_modules/jest-circus/build/jestAdapterInit.js:1007:40)
          at processTicksAndRejections (node:internal/process/task_queues:103:5)
          at _runTest (/home/bamer/nextjs-llama-async-proxy/node_modules/.pnpm/jest-circus@30.2.0_babel-plugin-macros@3.1.0/node_modules/jest-circus/build/jestAdapterInit.js:947:3)
          at /home/bamer/nextjs-llama-async-proxy/node_modules/.pnpm/jest-circus@30.2.0_babel-plugin-macros@3.1.0/node_modules/jest-circus/build/jestAdapterInit.js:849:7
          at _runTestsForDescribeBlock (/home/bamer/nextjs-llama-async-proxy/node_modules/.pnpm/jest-circus@30.2.0_babel-plugin-macros@3.1.0/node_modules/jest-circus/build/jestAdapterInit.js:862:11)
          at _runTestsForDescribeBlock (/home/bamer/nextjs-llama-async-proxy/node_modules/.pnpm/jest-circus@30.2.0_babel-plugin-macros@3.1.0/node_modules/jest-circus/build/jestAdapterInit.js:857:11)
          at _runTestsForDescribeBlock (/home/bamer/nextjs-llama-async-proxy/node_modules/.pnpm/jest-circus@30.2.0_babel-plugin-macros@3.1.0/node_modules/jest-circus/build/jestAdapterInit.js:857:11)
          at run (/home/bamer/nextjs-llama-async-proxy/node_modules/.pnpm/jest-circus@30.2.0_babel-plugin-macros@3.1.0/node_modules/jest-circus/build/jestAdapterInit.js:761:3)
          at runAndTransformResultsToJestFormat (/home/bamer/nextjs-llama-async-proxy/node_modules/.pnpm/jest-circus@30.2.0_babel-plugin-macros@3.1.0/node_modules/jest-circus/build/jestAdapterInit.js:1918:21)
          at jestAdapter (/home/bamer/nextjs-llama-async-proxy/node_modules/.pnpm/jest-circus@30.2.0_babel-plugin-macros@3.1.0/node_modules/jest-circus/build/runner.js:101:19)
          at runTestInternal (/home/bamer/nextjs-llama-async-proxy/node_modules/.pnpm/jest-runner@30.2.0/node_modules/jest-runner/build/testWorker.js:275:16)
          at runTest (/home/bamer/nextjs-llama-async-proxy/node_modules/.pnpm/jest-runner@30.2.0/node_modules/jest-runner/build/testWorker.js:343:7)
          at Object.worker (/home/bamer/nextjs-llama-async-proxy/node_modules/.pnpm/jest-runner@30.2.0/node_modules/jest-runner/build/testWorker.js:497:12)

      85 |       storageUsed = sizes.reduce((total: number, size: number) => total + size, 0) / (1024 * 1024); // Convert to MB
      86 |     } catch (e) {
    > 87 |       console.error('Failed to calculate storage used:', e);
         |               ^
      88 |     }
      89 |
      90 |     // Get system metrics

      at AnalyticsEngine.getAnalytics (src/lib/analytics.ts:87:15)
      at src/lib/__tests__/analytics.test.ts:395:74
          at Array.from (<anonymous>)
      at Object.<anonymous> (src/lib/__tests__/analytics.test.ts:395:30)

    console.error
      Failed to calculate storage used: TypeError: Cannot read properties of undefined (reading 'access')
          at AnalyticsEngine.getAnalytics (/home/bamer/nextjs-llama-async-proxy/src/lib/analytics.ts:77:16)
          at /home/bamer/nextjs-llama-async-proxy/src/lib/__tests__/analytics.test.ts:395:74
          at Array.from (<anonymous>)
          at Object.<anonymous> (/home/bamer/nextjs-llama-async-proxy/src/lib/__tests__/analytics.test.ts:395:30)
          at Promise.finally.completed (/home/bamer/nextjs-llama-async-proxy/node_modules/.pnpm/jest-circus@30.2.0_babel-plugin-macros@3.1.0/node_modules/jest-circus/build/jestAdapterInit.js:1557:28)
          at new Promise (<anonymous>)
          at callAsyncCircusFn (/home/bamer/nextjs-llama-async-proxy/node_modules/.pnpm/jest-circus@30.2.0_babel-plugin-macros@3.1.0/node_modules/jest-circus/build/jestAdapterInit.js:1497:10)
          at _callCircusTest (/home/bamer/nextjs-llama-async-proxy/node_modules/.pnpm/jest-circus@30.2.0_babel-plugin-macros@3.1.0/node_modules/jest-circus/build/jestAdapterInit.js:1007:40)
          at processTicksAndRejections (node:internal/process/task_queues:103:5)
          at _runTest (/home/bamer/nextjs-llama-async-proxy/node_modules/.pnpm/jest-circus@30.2.0_babel-plugin-macros@3.1.0/node_modules/jest-circus/build/jestAdapterInit.js:947:3)
          at /home/bamer/nextjs-llama-async-proxy/node_modules/.pnpm/jest-circus@30.2.0_babel-plugin-macros@3.1.0/node_modules/jest-circus/build/jestAdapterInit.js:849:7
          at _runTestsForDescribeBlock (/home/bamer/nextjs-llama-async-proxy/node_modules/.pnpm/jest-circus@30.2.0_babel-plugin-macros@3.1.0/node_modules/jest-circus/build/jestAdapterInit.js:862:11)
          at _runTestsForDescribeBlock (/home/bamer/nextjs-llama-async-proxy/node_modules/.pnpm/jest-circus@30.2.0_babel-plugin-macros@3.1.0/node_modules/jest-circus/build/jestAdapterInit.js:857:11)
          at _runTestsForDescribeBlock (/home/bamer/nextjs-llama-async-proxy/node_modules/.pnpm/jest-circus@30.2.0_babel-plugin-macros@3.1.0/node_modules/jest-circus/build/jestAdapterInit.js:857:11)
          at run (/home/bamer/nextjs-llama-async-proxy/node_modules/.pnpm/jest-circus@30.2.0_babel-plugin-macros@3.1.0/node_modules/jest-circus/build/jestAdapterInit.js:761:3)
          at runAndTransformResultsToJestFormat (/home/bamer/nextjs-llama-async-proxy/node_modules/.pnpm/jest-circus@30.2.0_babel-plugin-macros@3.1.0/node_modules/jest-circus/build/jestAdapterInit.js:1918:21)
          at jestAdapter (/home/bamer/nextjs-llama-async-proxy/node_modules/.pnpm/jest-circus@30.2.0_babel-plugin-macros@3.1.0/node_modules/jest-circus/build/runner.js:101:19)
          at runTestInternal (/home/bamer/nextjs-llama-async-proxy/node_modules/.pnpm/jest-runner@30.2.0/node_modules/jest-runner/build/testWorker.js:275:16)
          at runTest (/home/bamer/nextjs-llama-async-proxy/node_modules/.pnpm/jest-runner@30.2.0/node_modules/jest-runner/build/testWorker.js:343:7)
          at Object.worker (/home/bamer/nextjs-llama-async-proxy/node_modules/.pnpm/jest-runner@30.2.0/node_modules/jest-runner/build/testWorker.js:497:12)

      85 |       storageUsed = sizes.reduce((total: number, size: number) => total + size, 0) / (1024 * 1024); // Convert to MB
      86 |     } catch (e) {
    > 87 |       console.error('Failed to calculate storage used:', e);
         |               ^
      88 |     }
      89 |
      90 |     // Get system metrics

      at AnalyticsEngine.getAnalytics (src/lib/analytics.ts:87:15)
      at src/lib/__tests__/analytics.test.ts:395:74
          at Array.from (<anonymous>)
      at Object.<anonymous> (src/lib/__tests__/analytics.test.ts:395:30)

    console.error
      Failed to calculate storage used: TypeError: Cannot read properties of undefined (reading 'access')
          at AnalyticsEngine.getAnalytics (/home/bamer/nextjs-llama-async-proxy/src/lib/analytics.ts:77:16)
          at /home/bamer/nextjs-llama-async-proxy/src/lib/__tests__/analytics.test.ts:395:74
          at Array.from (<anonymous>)
          at Object.<anonymous> (/home/bamer/nextjs-llama-async-proxy/src/lib/__tests__/analytics.test.ts:395:30)
          at Promise.finally.completed (/home/bamer/nextjs-llama-async-proxy/node_modules/.pnpm/jest-circus@30.2.0_babel-plugin-macros@3.1.0/node_modules/jest-circus/build/jestAdapterInit.js:1557:28)
          at new Promise (<anonymous>)
          at callAsyncCircusFn (/home/bamer/nextjs-llama-async-proxy/node_modules/.pnpm/jest-circus@30.2.0_babel-plugin-macros@3.1.0/node_modules/jest-circus/build/jestAdapterInit.js:1497:10)
          at _callCircusTest (/home/bamer/nextjs-llama-async-proxy/node_modules/.pnpm/jest-circus@30.2.0_babel-plugin-macros@3.1.0/node_modules/jest-circus/build/jestAdapterInit.js:1007:40)
          at processTicksAndRejections (node:internal/process/task_queues:103:5)
          at _runTest (/home/bamer/nextjs-llama-async-proxy/node_modules/.pnpm/jest-circus@30.2.0_babel-plugin-macros@3.1.0/node_modules/jest-circus/build/jestAdapterInit.js:947:3)
          at /home/bamer/nextjs-llama-async-proxy/node_modules/.pnpm/jest-circus@30.2.0_babel-plugin-macros@3.1.0/node_modules/jest-circus/build/jestAdapterInit.js:849:7
          at _runTestsForDescribeBlock (/home/bamer/nextjs-llama-async-proxy/node_modules/.pnpm/jest-circus@30.2.0_babel-plugin-macros@3.1.0/node_modules/jest-circus/build/jestAdapterInit.js:862:11)
          at _runTestsForDescribeBlock (/home/bamer/nextjs-llama-async-proxy/node_modules/.pnpm/jest-circus@30.2.0_babel-plugin-macros@3.1.0/node_modules/jest-circus/build/jestAdapterInit.js:857:11)
          at _runTestsForDescribeBlock (/home/bamer/nextjs-llama-async-proxy/node_modules/.pnpm/jest-circus@30.2.0_babel-plugin-macros@3.1.0/node_modules/jest-circus/build/jestAdapterInit.js:857:11)
          at run (/home/bamer/nextjs-llama-async-proxy/node_modules/.pnpm/jest-circus@30.2.0_babel-plugin-macros@3.1.0/node_modules/jest-circus/build/jestAdapterInit.js:761:3)
          at runAndTransformResultsToJestFormat (/home/bamer/nextjs-llama-async-proxy/node_modules/.pnpm/jest-circus@30.2.0_babel-plugin-macros@3.1.0/node_modules/jest-circus/build/jestAdapterInit.js:1918:21)
          at jestAdapter (/home/bamer/nextjs-llama-async-proxy/node_modules/.pnpm/jest-circus@30.2.0_babel-plugin-macros@3.1.0/node_modules/jest-circus/build/runner.js:101:19)
          at runTestInternal (/home/bamer/nextjs-llama-async-proxy/node_modules/.pnpm/jest-runner@30.2.0/node_modules/jest-runner/build/testWorker.js:275:16)
          at runTest (/home/bamer/nextjs-llama-async-proxy/node_modules/.pnpm/jest-runner@30.2.0/node_modules/jest-runner/build/testWorker.js:343:7)
          at Object.worker (/home/bamer/nextjs-llama-async-proxy/node_modules/.pnpm/jest-runner@30.2.0/node_modules/jest-runner/build/testWorker.js:497:12)

      85 |       storageUsed = sizes.reduce((total: number, size: number) => total + size, 0) / (1024 * 1024); // Convert to MB
      86 |     } catch (e) {
    > 87 |       console.error('Failed to calculate storage used:', e);
         |               ^
      88 |     }
      89 |
      90 |     // Get system metrics

      at AnalyticsEngine.getAnalytics (src/lib/analytics.ts:87:15)
      at src/lib/__tests__/analytics.test.ts:395:74
          at Array.from (<anonymous>)
      at Object.<anonymous> (src/lib/__tests__/analytics.test.ts:395:30)

    console.error
      Failed to calculate storage used: TypeError: Cannot read properties of undefined (reading 'access')
          at AnalyticsEngine.getAnalytics (/home/bamer/nextjs-llama-async-proxy/src/lib/analytics.ts:77:16)
          at /home/bamer/nextjs-llama-async-proxy/src/lib/__tests__/analytics.test.ts:395:74
          at Array.from (<anonymous>)
          at Object.<anonymous> (/home/bamer/nextjs-llama-async-proxy/src/lib/__tests__/analytics.test.ts:395:30)
          at Promise.finally.completed (/home/bamer/nextjs-llama-async-proxy/node_modules/.pnpm/jest-circus@30.2.0_babel-plugin-macros@3.1.0/node_modules/jest-circus/build/jestAdapterInit.js:1557:28)
          at new Promise (<anonymous>)
          at callAsyncCircusFn (/home/bamer/nextjs-llama-async-proxy/node_modules/.pnpm/jest-circus@30.2.0_babel-plugin-macros@3.1.0/node_modules/jest-circus/build/jestAdapterInit.js:1497:10)
          at _callCircusTest (/home/bamer/nextjs-llama-async-proxy/node_modules/.pnpm/jest-circus@30.2.0_babel-plugin-macros@3.1.0/node_modules/jest-circus/build/jestAdapterInit.js:1007:40)
          at processTicksAndRejections (node:internal/process/task_queues:103:5)
          at _runTest (/home/bamer/nextjs-llama-async-proxy/node_modules/.pnpm/jest-circus@30.2.0_babel-plugin-macros@3.1.0/node_modules/jest-circus/build/jestAdapterInit.js:947:3)
          at /home/bamer/nextjs-llama-async-proxy/node_modules/.pnpm/jest-circus@30.2.0_babel-plugin-macros@3.1.0/node_modules/jest-circus/build/jestAdapterInit.js:849:7
          at _runTestsForDescribeBlock (/home/bamer/nextjs-llama-async-proxy/node_modules/.pnpm/jest-circus@30.2.0_babel-plugin-macros@3.1.0/node_modules/jest-circus/build/jestAdapterInit.js:862:11)
          at _runTestsForDescribeBlock (/home/bamer/nextjs-llama-async-proxy/node_modules/.pnpm/jest-circus@30.2.0_babel-plugin-macros@3.1.0/node_modules/jest-circus/build/jestAdapterInit.js:857:11)
          at _runTestsForDescribeBlock (/home/bamer/nextjs-llama-async-proxy/node_modules/.pnpm/jest-circus@30.2.0_babel-plugin-macros@3.1.0/node_modules/jest-circus/build/jestAdapterInit.js:857:11)
          at run (/home/bamer/nextjs-llama-async-proxy/node_modules/.pnpm/jest-circus@30.2.0_babel-plugin-macros@3.1.0/node_modules/jest-circus/build/jestAdapterInit.js:761:3)
          at runAndTransformResultsToJestFormat (/home/bamer/nextjs-llama-async-proxy/node_modules/.pnpm/jest-circus@30.2.0_babel-plugin-macros@3.1.0/node_modules/jest-circus/build/jestAdapterInit.js:1918:21)
          at jestAdapter (/home/bamer/nextjs-llama-async-proxy/node_modules/.pnpm/jest-circus@30.2.0_babel-plugin-macros@3.1.0/node_modules/jest-circus/build/runner.js:101:19)
          at runTestInternal (/home/bamer/nextjs-llama-async-proxy/node_modules/.pnpm/jest-runner@30.2.0/node_modules/jest-runner/build/testWorker.js:275:16)
          at runTest (/home/bamer/nextjs-llama-async-proxy/node_modules/.pnpm/jest-runner@30.2.0/node_modules/jest-runner/build/testWorker.js:343:7)
          at Object.worker (/home/bamer/nextjs-llama-async-proxy/node_modules/.pnpm/jest-runner@30.2.0/node_modules/jest-runner/build/testWorker.js:497:12)

      85 |       storageUsed = sizes.reduce((total: number, size: number) => total + size, 0) / (1024 * 1024); // Convert to MB
      86 |     } catch (e) {
    > 87 |       console.error('Failed to calculate storage used:', e);
         |               ^
      88 |     }
      89 |
      90 |     // Get system metrics

      at AnalyticsEngine.getAnalytics (src/lib/analytics.ts:87:15)
      at src/lib/__tests__/analytics.test.ts:395:74
          at Array.from (<anonymous>)
      at Object.<anonymous> (src/lib/__tests__/analytics.test.ts:395:30)

    console.error
      Failed to calculate storage used: TypeError: Cannot read properties of undefined (reading 'access')
          at AnalyticsEngine.getAnalytics (/home/bamer/nextjs-llama-async-proxy/src/lib/analytics.ts:77:16)
          at /home/bamer/nextjs-llama-async-proxy/src/lib/__tests__/analytics.test.ts:395:74
          at Array.from (<anonymous>)
          at Object.<anonymous> (/home/bamer/nextjs-llama-async-proxy/src/lib/__tests__/analytics.test.ts:395:30)
          at Promise.finally.completed (/home/bamer/nextjs-llama-async-proxy/node_modules/.pnpm/jest-circus@30.2.0_babel-plugin-macros@3.1.0/node_modules/jest-circus/build/jestAdapterInit.js:1557:28)
          at new Promise (<anonymous>)
          at callAsyncCircusFn (/home/bamer/nextjs-llama-async-proxy/node_modules/.pnpm/jest-circus@30.2.0_babel-plugin-macros@3.1.0/node_modules/jest-circus/build/jestAdapterInit.js:1497:10)
          at _callCircusTest (/home/bamer/nextjs-llama-async-proxy/node_modules/.pnpm/jest-circus@30.2.0_babel-plugin-macros@3.1.0/node_modules/jest-circus/build/jestAdapterInit.js:1007:40)
          at processTicksAndRejections (node:internal/process/task_queues:103:5)
          at _runTest (/home/bamer/nextjs-llama-async-proxy/node_modules/.pnpm/jest-circus@30.2.0_babel-plugin-macros@3.1.0/node_modules/jest-circus/build/jestAdapterInit.js:947:3)
          at /home/bamer/nextjs-llama-async-proxy/node_modules/.pnpm/jest-circus@30.2.0_babel-plugin-macros@3.1.0/node_modules/jest-circus/build/jestAdapterInit.js:849:7
          at _runTestsForDescribeBlock (/home/bamer/nextjs-llama-async-proxy/node_modules/.pnpm/jest-circus@30.2.0_babel-plugin-macros@3.1.0/node_modules/jest-circus/build/jestAdapterInit.js:862:11)
          at _runTestsForDescribeBlock (/home/bamer/nextjs-llama-async-proxy/node_modules/.pnpm/jest-circus@30.2.0_babel-plugin-macros@3.1.0/node_modules/jest-circus/build/jestAdapterInit.js:857:11)
          at _runTestsForDescribeBlock (/home/bamer/nextjs-llama-async-proxy/node_modules/.pnpm/jest-circus@30.2.0_babel-plugin-macros@3.1.0/node_modules/jest-circus/build/jestAdapterInit.js:857:11)
          at run (/home/bamer/nextjs-llama-async-proxy/node_modules/.pnpm/jest-circus@30.2.0_babel-plugin-macros@3.1.0/node_modules/jest-circus/build/jestAdapterInit.js:761:3)
          at runAndTransformResultsToJestFormat (/home/bamer/nextjs-llama-async-proxy/node_modules/.pnpm/jest-circus@30.2.0_babel-plugin-macros@3.1.0/node_modules/jest-circus/build/jestAdapterInit.js:1918:21)
          at jestAdapter (/home/bamer/nextjs-llama-async-proxy/node_modules/.pnpm/jest-circus@30.2.0_babel-plugin-macros@3.1.0/node_modules/jest-circus/build/runner.js:101:19)
          at runTestInternal (/home/bamer/nextjs-llama-async-proxy/node_modules/.pnpm/jest-runner@30.2.0/node_modules/jest-runner/build/testWorker.js:275:16)
          at runTest (/home/bamer/nextjs-llama-async-proxy/node_modules/.pnpm/jest-runner@30.2.0/node_modules/jest-runner/build/testWorker.js:343:7)
          at Object.worker (/home/bamer/nextjs-llama-async-proxy/node_modules/.pnpm/jest-runner@30.2.0/node_modules/jest-runner/build/testWorker.js:497:12)

      85 |       storageUsed = sizes.reduce((total: number, size: number) => total + size, 0) / (1024 * 1024); // Convert to MB
      86 |     } catch (e) {
    > 87 |       console.error('Failed to calculate storage used:', e);
         |               ^
      88 |     }
      89 |
      90 |     // Get system metrics

      at AnalyticsEngine.getAnalytics (src/lib/analytics.ts:87:15)
      at src/lib/__tests__/analytics.test.ts:395:74
          at Array.from (<anonymous>)
      at Object.<anonymous> (src/lib/__tests__/analytics.test.ts:395:30)

    console.error
      Failed to calculate storage used: TypeError: Cannot read properties of undefined (reading 'access')
          at AnalyticsEngine.getAnalytics (/home/bamer/nextjs-llama-async-proxy/src/lib/analytics.ts:77:16)
          at /home/bamer/nextjs-llama-async-proxy/src/lib/__tests__/analytics.test.ts:395:74
          at Array.from (<anonymous>)
          at Object.<anonymous> (/home/bamer/nextjs-llama-async-proxy/src/lib/__tests__/analytics.test.ts:395:30)
          at Promise.finally.completed (/home/bamer/nextjs-llama-async-proxy/node_modules/.pnpm/jest-circus@30.2.0_babel-plugin-macros@3.1.0/node_modules/jest-circus/build/jestAdapterInit.js:1557:28)
          at new Promise (<anonymous>)
          at callAsyncCircusFn (/home/bamer/nextjs-llama-async-proxy/node_modules/.pnpm/jest-circus@30.2.0_babel-plugin-macros@3.1.0/node_modules/jest-circus/build/jestAdapterInit.js:1497:10)
          at _callCircusTest (/home/bamer/nextjs-llama-async-proxy/node_modules/.pnpm/jest-circus@30.2.0_babel-plugin-macros@3.1.0/node_modules/jest-circus/build/jestAdapterInit.js:1007:40)
          at processTicksAndRejections (node:internal/process/task_queues:103:5)
          at _runTest (/home/bamer/nextjs-llama-async-proxy/node_modules/.pnpm/jest-circus@30.2.0_babel-plugin-macros@3.1.0/node_modules/jest-circus/build/jestAdapterInit.js:947:3)
          at /home/bamer/nextjs-llama-async-proxy/node_modules/.pnpm/jest-circus@30.2.0_babel-plugin-macros@3.1.0/node_modules/jest-circus/build/jestAdapterInit.js:849:7
          at _runTestsForDescribeBlock (/home/bamer/nextjs-llama-async-proxy/node_modules/.pnpm/jest-circus@30.2.0_babel-plugin-macros@3.1.0/node_modules/jest-circus/build/jestAdapterInit.js:862:11)
          at _runTestsForDescribeBlock (/home/bamer/nextjs-llama-async-proxy/node_modules/.pnpm/jest-circus@30.2.0_babel-plugin-macros@3.1.0/node_modules/jest-circus/build/jestAdapterInit.js:857:11)
          at _runTestsForDescribeBlock (/home/bamer/nextjs-llama-async-proxy/node_modules/.pnpm/jest-circus@30.2.0_babel-plugin-macros@3.1.0/node_modules/jest-circus/build/jestAdapterInit.js:857:11)
          at run (/home/bamer/nextjs-llama-async-proxy/node_modules/.pnpm/jest-circus@30.2.0_babel-plugin-macros@3.1.0/node_modules/jest-circus/build/jestAdapterInit.js:761:3)
          at runAndTransformResultsToJestFormat (/home/bamer/nextjs-llama-async-proxy/node_modules/.pnpm/jest-circus@30.2.0_babel-plugin-macros@3.1.0/node_modules/jest-circus/build/jestAdapterInit.js:1918:21)
          at jestAdapter (/home/bamer/nextjs-llama-async-proxy/node_modules/.pnpm/jest-circus@30.2.0_babel-plugin-macros@3.1.0/node_modules/jest-circus/build/runner.js:101:19)
          at runTestInternal (/home/bamer/nextjs-llama-async-proxy/node_modules/.pnpm/jest-runner@30.2.0/node_modules/jest-runner/build/testWorker.js:275:16)
          at runTest (/home/bamer/nextjs-llama-async-proxy/node_modules/.pnpm/jest-runner@30.2.0/node_modules/jest-runner/build/testWorker.js:343:7)
          at Object.worker (/home/bamer/nextjs-llama-async-proxy/node_modules/.pnpm/jest-runner@30.2.0/node_modules/jest-runner/build/testWorker.js:497:12)

      85 |       storageUsed = sizes.reduce((total: number, size: number) => total + size, 0) / (1024 * 1024); // Convert to MB
      86 |     } catch (e) {
    > 87 |       console.error('Failed to calculate storage used:', e);
         |               ^
      88 |     }
      89 |
      90 |     // Get system metrics

      at AnalyticsEngine.getAnalytics (src/lib/analytics.ts:87:15)
      at src/lib/__tests__/analytics.test.ts:395:74
          at Array.from (<anonymous>)
      at Object.<anonymous> (src/lib/__tests__/analytics.test.ts:395:30)

    console.error
      Failed to calculate storage used: TypeError: Cannot read properties of undefined (reading 'access')
          at AnalyticsEngine.getAnalytics (/home/bamer/nextjs-llama-async-proxy/src/lib/analytics.ts:77:16)
          at /home/bamer/nextjs-llama-async-proxy/src/lib/__tests__/analytics.test.ts:395:74
          at Array.from (<anonymous>)
          at Object.<anonymous> (/home/bamer/nextjs-llama-async-proxy/src/lib/__tests__/analytics.test.ts:395:30)
          at Promise.finally.completed (/home/bamer/nextjs-llama-async-proxy/node_modules/.pnpm/jest-circus@30.2.0_babel-plugin-macros@3.1.0/node_modules/jest-circus/build/jestAdapterInit.js:1557:28)
          at new Promise (<anonymous>)
          at callAsyncCircusFn (/home/bamer/nextjs-llama-async-proxy/node_modules/.pnpm/jest-circus@30.2.0_babel-plugin-macros@3.1.0/node_modules/jest-circus/build/jestAdapterInit.js:1497:10)
          at _callCircusTest (/home/bamer/nextjs-llama-async-proxy/node_modules/.pnpm/jest-circus@30.2.0_babel-plugin-macros@3.1.0/node_modules/jest-circus/build/jestAdapterInit.js:1007:40)
          at processTicksAndRejections (node:internal/process/task_queues:103:5)
          at _runTest (/home/bamer/nextjs-llama-async-proxy/node_modules/.pnpm/jest-circus@30.2.0_babel-plugin-macros@3.1.0/node_modules/jest-circus/build/jestAdapterInit.js:947:3)
          at /home/bamer/nextjs-llama-async-proxy/node_modules/.pnpm/jest-circus@30.2.0_babel-plugin-macros@3.1.0/node_modules/jest-circus/build/jestAdapterInit.js:849:7
          at _runTestsForDescribeBlock (/home/bamer/nextjs-llama-async-proxy/node_modules/.pnpm/jest-circus@30.2.0_babel-plugin-macros@3.1.0/node_modules/jest-circus/build/jestAdapterInit.js:862:11)
          at _runTestsForDescribeBlock (/home/bamer/nextjs-llama-async-proxy/node_modules/.pnpm/jest-circus@30.2.0_babel-plugin-macros@3.1.0/node_modules/jest-circus/build/jestAdapterInit.js:857:11)
          at _runTestsForDescribeBlock (/home/bamer/nextjs-llama-async-proxy/node_modules/.pnpm/jest-circus@30.2.0_babel-plugin-macros@3.1.0/node_modules/jest-circus/build/jestAdapterInit.js:857:11)
          at run (/home/bamer/nextjs-llama-async-proxy/node_modules/.pnpm/jest-circus@30.2.0_babel-plugin-macros@3.1.0/node_modules/jest-circus/build/jestAdapterInit.js:761:3)
          at runAndTransformResultsToJestFormat (/home/bamer/nextjs-llama-async-proxy/node_modules/.pnpm/jest-circus@30.2.0_babel-plugin-macros@3.1.0/node_modules/jest-circus/build/jestAdapterInit.js:1918:21)
          at jestAdapter (/home/bamer/nextjs-llama-async-proxy/node_modules/.pnpm/jest-circus@30.2.0_babel-plugin-macros@3.1.0/node_modules/jest-circus/build/runner.js:101:19)
          at runTestInternal (/home/bamer/nextjs-llama-async-proxy/node_modules/.pnpm/jest-runner@30.2.0/node_modules/jest-runner/build/testWorker.js:275:16)
          at runTest (/home/bamer/nextjs-llama-async-proxy/node_modules/.pnpm/jest-runner@30.2.0/node_modules/jest-runner/build/testWorker.js:343:7)
          at Object.worker (/home/bamer/nextjs-llama-async-proxy/node_modules/.pnpm/jest-runner@30.2.0/node_modules/jest-runner/build/testWorker.js:497:12)

      85 |       storageUsed = sizes.reduce((total: number, size: number) => total + size, 0) / (1024 * 1024); // Convert to MB
      86 |     } catch (e) {
    > 87 |       console.error('Failed to calculate storage used:', e);
         |               ^
      88 |     }
      89 |
      90 |     // Get system metrics

      at AnalyticsEngine.getAnalytics (src/lib/analytics.ts:87:15)
      at src/lib/__tests__/analytics.test.ts:395:74
          at Array.from (<anonymous>)
      at Object.<anonymous> (src/lib/__tests__/analytics.test.ts:395:30)

    console.error
      Failed to calculate storage used: TypeError: Cannot read properties of undefined (reading 'access')
          at AnalyticsEngine.getAnalytics (/home/bamer/nextjs-llama-async-proxy/src/lib/analytics.ts:77:16)
          at /home/bamer/nextjs-llama-async-proxy/src/lib/__tests__/analytics.test.ts:395:74
          at Array.from (<anonymous>)
          at Object.<anonymous> (/home/bamer/nextjs-llama-async-proxy/src/lib/__tests__/analytics.test.ts:395:30)
          at Promise.finally.completed (/home/bamer/nextjs-llama-async-proxy/node_modules/.pnpm/jest-circus@30.2.0_babel-plugin-macros@3.1.0/node_modules/jest-circus/build/jestAdapterInit.js:1557:28)
          at new Promise (<anonymous>)
          at callAsyncCircusFn (/home/bamer/nextjs-llama-async-proxy/node_modules/.pnpm/jest-circus@30.2.0_babel-plugin-macros@3.1.0/node_modules/jest-circus/build/jestAdapterInit.js:1497:10)
          at _callCircusTest (/home/bamer/nextjs-llama-async-proxy/node_modules/.pnpm/jest-circus@30.2.0_babel-plugin-macros@3.1.0/node_modules/jest-circus/build/jestAdapterInit.js:1007:40)
          at processTicksAndRejections (node:internal/process/task_queues:103:5)
          at _runTest (/home/bamer/nextjs-llama-async-proxy/node_modules/.pnpm/jest-circus@30.2.0_babel-plugin-macros@3.1.0/node_modules/jest-circus/build/jestAdapterInit.js:947:3)
          at /home/bamer/nextjs-llama-async-proxy/node_modules/.pnpm/jest-circus@30.2.0_babel-plugin-macros@3.1.0/node_modules/jest-circus/build/jestAdapterInit.js:849:7
          at _runTestsForDescribeBlock (/home/bamer/nextjs-llama-async-proxy/node_modules/.pnpm/jest-circus@30.2.0_babel-plugin-macros@3.1.0/node_modules/jest-circus/build/jestAdapterInit.js:862:11)
          at _runTestsForDescribeBlock (/home/bamer/nextjs-llama-async-proxy/node_modules/.pnpm/jest-circus@30.2.0_babel-plugin-macros@3.1.0/node_modules/jest-circus/build/jestAdapterInit.js:857:11)
          at _runTestsForDescribeBlock (/home/bamer/nextjs-llama-async-proxy/node_modules/.pnpm/jest-circus@30.2.0_babel-plugin-macros@3.1.0/node_modules/jest-circus/build/jestAdapterInit.js:857:11)
          at run (/home/bamer/nextjs-llama-async-proxy/node_modules/.pnpm/jest-circus@30.2.0_babel-plugin-macros@3.1.0/node_modules/jest-circus/build/jestAdapterInit.js:761:3)
          at runAndTransformResultsToJestFormat (/home/bamer/nextjs-llama-async-proxy/node_modules/.pnpm/jest-circus@30.2.0_babel-plugin-macros@3.1.0/node_modules/jest-circus/build/jestAdapterInit.js:1918:21)
          at jestAdapter (/home/bamer/nextjs-llama-async-proxy/node_modules/.pnpm/jest-circus@30.2.0_babel-plugin-macros@3.1.0/node_modules/jest-circus/build/runner.js:101:19)
          at runTestInternal (/home/bamer/nextjs-llama-async-proxy/node_modules/.pnpm/jest-runner@30.2.0/node_modules/jest-runner/build/testWorker.js:275:16)
          at runTest (/home/bamer/nextjs-llama-async-proxy/node_modules/.pnpm/jest-runner@30.2.0/node_modules/jest-runner/build/testWorker.js:343:7)
          at Object.worker (/home/bamer/nextjs-llama-async-proxy/node_modules/.pnpm/jest-runner@30.2.0/node_modules/jest-runner/build/testWorker.js:497:12)

      85 |       storageUsed = sizes.reduce((total: number, size: number) => total + size, 0) / (1024 * 1024); // Convert to MB
      86 |     } catch (e) {
    > 87 |       console.error('Failed to calculate storage used:', e);
         |               ^
      88 |     }
      89 |
      90 |     // Get system metrics

      at AnalyticsEngine.getAnalytics (src/lib/analytics.ts:87:15)
      at src/lib/__tests__/analytics.test.ts:395:74
          at Array.from (<anonymous>)
      at Object.<anonymous> (src/lib/__tests__/analytics.test.ts:395:30)

    console.error
      Failed to calculate storage used: TypeError: Cannot read properties of undefined (reading 'access')
          at AnalyticsEngine.getAnalytics (/home/bamer/nextjs-llama-async-proxy/src/lib/analytics.ts:77:16)
          at /home/bamer/nextjs-llama-async-proxy/src/lib/__tests__/analytics.test.ts:395:74
          at Array.from (<anonymous>)
          at Object.<anonymous> (/home/bamer/nextjs-llama-async-proxy/src/lib/__tests__/analytics.test.ts:395:30)
          at Promise.finally.completed (/home/bamer/nextjs-llama-async-proxy/node_modules/.pnpm/jest-circus@30.2.0_babel-plugin-macros@3.1.0/node_modules/jest-circus/build/jestAdapterInit.js:1557:28)
          at new Promise (<anonymous>)
          at callAsyncCircusFn (/home/bamer/nextjs-llama-async-proxy/node_modules/.pnpm/jest-circus@30.2.0_babel-plugin-macros@3.1.0/node_modules/jest-circus/build/jestAdapterInit.js:1497:10)
          at _callCircusTest (/home/bamer/nextjs-llama-async-proxy/node_modules/.pnpm/jest-circus@30.2.0_babel-plugin-macros@3.1.0/node_modules/jest-circus/build/jestAdapterInit.js:1007:40)
          at processTicksAndRejections (node:internal/process/task_queues:103:5)
          at _runTest (/home/bamer/nextjs-llama-async-proxy/node_modules/.pnpm/jest-circus@30.2.0_babel-plugin-macros@3.1.0/node_modules/jest-circus/build/jestAdapterInit.js:947:3)
          at /home/bamer/nextjs-llama-async-proxy/node_modules/.pnpm/jest-circus@30.2.0_babel-plugin-macros@3.1.0/node_modules/jest-circus/build/jestAdapterInit.js:849:7
          at _runTestsForDescribeBlock (/home/bamer/nextjs-llama-async-proxy/node_modules/.pnpm/jest-circus@30.2.0_babel-plugin-macros@3.1.0/node_modules/jest-circus/build/jestAdapterInit.js:862:11)
          at _runTestsForDescribeBlock (/home/bamer/nextjs-llama-async-proxy/node_modules/.pnpm/jest-circus@30.2.0_babel-plugin-macros@3.1.0/node_modules/jest-circus/build/jestAdapterInit.js:857:11)
          at _runTestsForDescribeBlock (/home/bamer/nextjs-llama-async-proxy/node_modules/.pnpm/jest-circus@30.2.0_babel-plugin-macros@3.1.0/node_modules/jest-circus/build/jestAdapterInit.js:857:11)
          at run (/home/bamer/nextjs-llama-async-proxy/node_modules/.pnpm/jest-circus@30.2.0_babel-plugin-macros@3.1.0/node_modules/jest-circus/build/jestAdapterInit.js:761:3)
          at runAndTransformResultsToJestFormat (/home/bamer/nextjs-llama-async-proxy/node_modules/.pnpm/jest-circus@30.2.0_babel-plugin-macros@3.1.0/node_modules/jest-circus/build/jestAdapterInit.js:1918:21)
          at jestAdapter (/home/bamer/nextjs-llama-async-proxy/node_modules/.pnpm/jest-circus@30.2.0_babel-plugin-macros@3.1.0/node_modules/jest-circus/build/runner.js:101:19)
          at runTestInternal (/home/bamer/nextjs-llama-async-proxy/node_modules/.pnpm/jest-runner@30.2.0/node_modules/jest-runner/build/testWorker.js:275:16)
          at runTest (/home/bamer/nextjs-llama-async-proxy/node_modules/.pnpm/jest-runner@30.2.0/node_modules/jest-runner/build/testWorker.js:343:7)
          at Object.worker (/home/bamer/nextjs-llama-async-proxy/node_modules/.pnpm/jest-runner@30.2.0/node_modules/jest-runner/build/testWorker.js:497:12)

      85 |       storageUsed = sizes.reduce((total: number, size: number) => total + size, 0) / (1024 * 1024); // Convert to MB
      86 |     } catch (e) {
    > 87 |       console.error('Failed to calculate storage used:', e);
         |               ^
      88 |     }
      89 |
      90 |     // Get system metrics

      at AnalyticsEngine.getAnalytics (src/lib/analytics.ts:87:15)
      at src/lib/__tests__/analytics.test.ts:395:74
          at Array.from (<anonymous>)
      at Object.<anonymous> (src/lib/__tests__/analytics.test.ts:395:30)

    console.error
      Failed to calculate storage used: TypeError: Cannot read properties of undefined (reading 'access')
          at AnalyticsEngine.getAnalytics (/home/bamer/nextjs-llama-async-proxy/src/lib/analytics.ts:77:16)
          at /home/bamer/nextjs-llama-async-proxy/src/lib/__tests__/analytics.test.ts:395:74
          at Array.from (<anonymous>)
          at Object.<anonymous> (/home/bamer/nextjs-llama-async-proxy/src/lib/__tests__/analytics.test.ts:395:30)
          at Promise.finally.completed (/home/bamer/nextjs-llama-async-proxy/node_modules/.pnpm/jest-circus@30.2.0_babel-plugin-macros@3.1.0/node_modules/jest-circus/build/jestAdapterInit.js:1557:28)
          at new Promise (<anonymous>)
          at callAsyncCircusFn (/home/bamer/nextjs-llama-async-proxy/node_modules/.pnpm/jest-circus@30.2.0_babel-plugin-macros@3.1.0/node_modules/jest-circus/build/jestAdapterInit.js:1497:10)
          at _callCircusTest (/home/bamer/nextjs-llama-async-proxy/node_modules/.pnpm/jest-circus@30.2.0_babel-plugin-macros@3.1.0/node_modules/jest-circus/build/jestAdapterInit.js:1007:40)
          at processTicksAndRejections (node:internal/process/task_queues:103:5)
          at _runTest (/home/bamer/nextjs-llama-async-proxy/node_modules/.pnpm/jest-circus@30.2.0_babel-plugin-macros@3.1.0/node_modules/jest-circus/build/jestAdapterInit.js:947:3)
          at /home/bamer/nextjs-llama-async-proxy/node_modules/.pnpm/jest-circus@30.2.0_babel-plugin-macros@3.1.0/node_modules/jest-circus/build/jestAdapterInit.js:849:7
          at _runTestsForDescribeBlock (/home/bamer/nextjs-llama-async-proxy/node_modules/.pnpm/jest-circus@30.2.0_babel-plugin-macros@3.1.0/node_modules/jest-circus/build/jestAdapterInit.js:862:11)
          at _runTestsForDescribeBlock (/home/bamer/nextjs-llama-async-proxy/node_modules/.pnpm/jest-circus@30.2.0_babel-plugin-macros@3.1.0/node_modules/jest-circus/build/jestAdapterInit.js:857:11)
          at _runTestsForDescribeBlock (/home/bamer/nextjs-llama-async-proxy/node_modules/.pnpm/jest-circus@30.2.0_babel-plugin-macros@3.1.0/node_modules/jest-circus/build/jestAdapterInit.js:857:11)
          at run (/home/bamer/nextjs-llama-async-proxy/node_modules/.pnpm/jest-circus@30.2.0_babel-plugin-macros@3.1.0/node_modules/jest-circus/build/jestAdapterInit.js:761:3)
          at runAndTransformResultsToJestFormat (/home/bamer/nextjs-llama-async-proxy/node_modules/.pnpm/jest-circus@30.2.0_babel-plugin-macros@3.1.0/node_modules/jest-circus/build/jestAdapterInit.js:1918:21)
          at jestAdapter (/home/bamer/nextjs-llama-async-proxy/node_modules/.pnpm/jest-circus@30.2.0_babel-plugin-macros@3.1.0/node_modules/jest-circus/build/runner.js:101:19)
          at runTestInternal (/home/bamer/nextjs-llama-async-proxy/node_modules/.pnpm/jest-runner@30.2.0/node_modules/jest-runner/build/testWorker.js:275:16)
          at runTest (/home/bamer/nextjs-llama-async-proxy/node_modules/.pnpm/jest-runner@30.2.0/node_modules/jest-runner/build/testWorker.js:343:7)
          at Object.worker (/home/bamer/nextjs-llama-async-proxy/node_modules/.pnpm/jest-runner@30.2.0/node_modules/jest-runner/build/testWorker.js:497:12)

      85 |       storageUsed = sizes.reduce((total: number, size: number) => total + size, 0) / (1024 * 1024); // Convert to MB
      86 |     } catch (e) {
    > 87 |       console.error('Failed to calculate storage used:', e);
         |               ^
      88 |     }
      89 |
      90 |     // Get system metrics

      at AnalyticsEngine.getAnalytics (src/lib/analytics.ts:87:15)
      at src/lib/__tests__/analytics.test.ts:395:74
          at Array.from (<anonymous>)
      at Object.<anonymous> (src/lib/__tests__/analytics.test.ts:395:30)

    console.error
      Failed to calculate storage used: TypeError: Cannot read properties of undefined (reading 'access')
          at AnalyticsEngine.getAnalytics (/home/bamer/nextjs-llama-async-proxy/src/lib/analytics.ts:77:16)
          at /home/bamer/nextjs-llama-async-proxy/src/lib/__tests__/analytics.test.ts:395:74
          at Array.from (<anonymous>)
          at Object.<anonymous> (/home/bamer/nextjs-llama-async-proxy/src/lib/__tests__/analytics.test.ts:395:30)
          at Promise.finally.completed (/home/bamer/nextjs-llama-async-proxy/node_modules/.pnpm/jest-circus@30.2.0_babel-plugin-macros@3.1.0/node_modules/jest-circus/build/jestAdapterInit.js:1557:28)
          at new Promise (<anonymous>)
          at callAsyncCircusFn (/home/bamer/nextjs-llama-async-proxy/node_modules/.pnpm/jest-circus@30.2.0_babel-plugin-macros@3.1.0/node_modules/jest-circus/build/jestAdapterInit.js:1497:10)
          at _callCircusTest (/home/bamer/nextjs-llama-async-proxy/node_modules/.pnpm/jest-circus@30.2.0_babel-plugin-macros@3.1.0/node_modules/jest-circus/build/jestAdapterInit.js:1007:40)
          at processTicksAndRejections (node:internal/process/task_queues:103:5)
          at _runTest (/home/bamer/nextjs-llama-async-proxy/node_modules/.pnpm/jest-circus@30.2.0_babel-plugin-macros@3.1.0/node_modules/jest-circus/build/jestAdapterInit.js:947:3)
          at /home/bamer/nextjs-llama-async-proxy/node_modules/.pnpm/jest-circus@30.2.0_babel-plugin-macros@3.1.0/node_modules/jest-circus/build/jestAdapterInit.js:849:7
          at _runTestsForDescribeBlock (/home/bamer/nextjs-llama-async-proxy/node_modules/.pnpm/jest-circus@30.2.0_babel-plugin-macros@3.1.0/node_modules/jest-circus/build/jestAdapterInit.js:862:11)
          at _runTestsForDescribeBlock (/home/bamer/nextjs-llama-async-proxy/node_modules/.pnpm/jest-circus@30.2.0_babel-plugin-macros@3.1.0/node_modules/jest-circus/build/jestAdapterInit.js:857:11)
          at _runTestsForDescribeBlock (/home/bamer/nextjs-llama-async-proxy/node_modules/.pnpm/jest-circus@30.2.0_babel-plugin-macros@3.1.0/node_modules/jest-circus/build/jestAdapterInit.js:857:11)
          at run (/home/bamer/nextjs-llama-async-proxy/node_modules/.pnpm/jest-circus@30.2.0_babel-plugin-macros@3.1.0/node_modules/jest-circus/build/jestAdapterInit.js:761:3)
          at runAndTransformResultsToJestFormat (/home/bamer/nextjs-llama-async-proxy/node_modules/.pnpm/jest-circus@30.2.0_babel-plugin-macros@3.1.0/node_modules/jest-circus/build/jestAdapterInit.js:1918:21)
          at jestAdapter (/home/bamer/nextjs-llama-async-proxy/node_modules/.pnpm/jest-circus@30.2.0_babel-plugin-macros@3.1.0/node_modules/jest-circus/build/runner.js:101:19)
          at runTestInternal (/home/bamer/nextjs-llama-async-proxy/node_modules/.pnpm/jest-runner@30.2.0/node_modules/jest-runner/build/testWorker.js:275:16)
          at runTest (/home/bamer/nextjs-llama-async-proxy/node_modules/.pnpm/jest-runner@30.2.0/node_modules/jest-runner/build/testWorker.js:343:7)
          at Object.worker (/home/bamer/nextjs-llama-async-proxy/node_modules/.pnpm/jest-runner@30.2.0/node_modules/jest-runner/build/testWorker.js:497:12)

      85 |       storageUsed = sizes.reduce((total: number, size: number) => total + size, 0) / (1024 * 1024); // Convert to MB
      86 |     } catch (e) {
    > 87 |       console.error('Failed to calculate storage used:', e);
         |               ^
      88 |     }
      89 |
      90 |     // Get system metrics

      at AnalyticsEngine.getAnalytics (src/lib/analytics.ts:87:15)
      at src/lib/__tests__/analytics.test.ts:395:74
          at Array.from (<anonymous>)
      at Object.<anonymous> (src/lib/__tests__/analytics.test.ts:395:30)

    console.error
      Failed to calculate storage used: TypeError: Cannot read properties of undefined (reading 'access')
          at AnalyticsEngine.getAnalytics (/home/bamer/nextjs-llama-async-proxy/src/lib/analytics.ts:77:16)
          at /home/bamer/nextjs-llama-async-proxy/src/lib/__tests__/analytics.test.ts:395:74
          at Array.from (<anonymous>)
          at Object.<anonymous> (/home/bamer/nextjs-llama-async-proxy/src/lib/__tests__/analytics.test.ts:395:30)
          at Promise.finally.completed (/home/bamer/nextjs-llama-async-proxy/node_modules/.pnpm/jest-circus@30.2.0_babel-plugin-macros@3.1.0/node_modules/jest-circus/build/jestAdapterInit.js:1557:28)
          at new Promise (<anonymous>)
          at callAsyncCircusFn (/home/bamer/nextjs-llama-async-proxy/node_modules/.pnpm/jest-circus@30.2.0_babel-plugin-macros@3.1.0/node_modules/jest-circus/build/jestAdapterInit.js:1497:10)
          at _callCircusTest (/home/bamer/nextjs-llama-async-proxy/node_modules/.pnpm/jest-circus@30.2.0_babel-plugin-macros@3.1.0/node_modules/jest-circus/build/jestAdapterInit.js:1007:40)
          at processTicksAndRejections (node:internal/process/task_queues:103:5)
          at _runTest (/home/bamer/nextjs-llama-async-proxy/node_modules/.pnpm/jest-circus@30.2.0_babel-plugin-macros@3.1.0/node_modules/jest-circus/build/jestAdapterInit.js:947:3)
          at /home/bamer/nextjs-llama-async-proxy/node_modules/.pnpm/jest-circus@30.2.0_babel-plugin-macros@3.1.0/node_modules/jest-circus/build/jestAdapterInit.js:849:7
          at _runTestsForDescribeBlock (/home/bamer/nextjs-llama-async-proxy/node_modules/.pnpm/jest-circus@30.2.0_babel-plugin-macros@3.1.0/node_modules/jest-circus/build/jestAdapterInit.js:862:11)
          at _runTestsForDescribeBlock (/home/bamer/nextjs-llama-async-proxy/node_modules/.pnpm/jest-circus@30.2.0_babel-plugin-macros@3.1.0/node_modules/jest-circus/build/jestAdapterInit.js:857:11)
          at _runTestsForDescribeBlock (/home/bamer/nextjs-llama-async-proxy/node_modules/.pnpm/jest-circus@30.2.0_babel-plugin-macros@3.1.0/node_modules/jest-circus/build/jestAdapterInit.js:857:11)
          at run (/home/bamer/nextjs-llama-async-proxy/node_modules/.pnpm/jest-circus@30.2.0_babel-plugin-macros@3.1.0/node_modules/jest-circus/build/jestAdapterInit.js:761:3)
          at runAndTransformResultsToJestFormat (/home/bamer/nextjs-llama-async-proxy/node_modules/.pnpm/jest-circus@30.2.0_babel-plugin-macros@3.1.0/node_modules/jest-circus/build/jestAdapterInit.js:1918:21)
          at jestAdapter (/home/bamer/nextjs-llama-async-proxy/node_modules/.pnpm/jest-circus@30.2.0_babel-plugin-macros@3.1.0/node_modules/jest-circus/build/runner.js:101:19)
          at runTestInternal (/home/bamer/nextjs-llama-async-proxy/node_modules/.pnpm/jest-runner@30.2.0/node_modules/jest-runner/build/testWorker.js:275:16)
          at runTest (/home/bamer/nextjs-llama-async-proxy/node_modules/.pnpm/jest-runner@30.2.0/node_modules/jest-runner/build/testWorker.js:343:7)
          at Object.worker (/home/bamer/nextjs-llama-async-proxy/node_modules/.pnpm/jest-runner@30.2.0/node_modules/jest-runner/build/testWorker.js:497:12)

      85 |       storageUsed = sizes.reduce((total: number, size: number) => total + size, 0) / (1024 * 1024); // Convert to MB
      86 |     } catch (e) {
    > 87 |       console.error('Failed to calculate storage used:', e);
         |               ^
      88 |     }
      89 |
      90 |     // Get system metrics

      at AnalyticsEngine.getAnalytics (src/lib/analytics.ts:87:15)
      at src/lib/__tests__/analytics.test.ts:395:74
          at Array.from (<anonymous>)
      at Object.<anonymous> (src/lib/__tests__/analytics.test.ts:395:30)

    console.error
      Failed to calculate storage used: TypeError: Cannot read properties of undefined (reading 'access')
          at AnalyticsEngine.getAnalytics (/home/bamer/nextjs-llama-async-proxy/src/lib/analytics.ts:77:16)
          at /home/bamer/nextjs-llama-async-proxy/src/lib/__tests__/analytics.test.ts:395:74
          at Array.from (<anonymous>)
          at Object.<anonymous> (/home/bamer/nextjs-llama-async-proxy/src/lib/__tests__/analytics.test.ts:395:30)
          at Promise.finally.completed (/home/bamer/nextjs-llama-async-proxy/node_modules/.pnpm/jest-circus@30.2.0_babel-plugin-macros@3.1.0/node_modules/jest-circus/build/jestAdapterInit.js:1557:28)
          at new Promise (<anonymous>)
          at callAsyncCircusFn (/home/bamer/nextjs-llama-async-proxy/node_modules/.pnpm/jest-circus@30.2.0_babel-plugin-macros@3.1.0/node_modules/jest-circus/build/jestAdapterInit.js:1497:10)
          at _callCircusTest (/home/bamer/nextjs-llama-async-proxy/node_modules/.pnpm/jest-circus@30.2.0_babel-plugin-macros@3.1.0/node_modules/jest-circus/build/jestAdapterInit.js:1007:40)
          at processTicksAndRejections (node:internal/process/task_queues:103:5)
          at _runTest (/home/bamer/nextjs-llama-async-proxy/node_modules/.pnpm/jest-circus@30.2.0_babel-plugin-macros@3.1.0/node_modules/jest-circus/build/jestAdapterInit.js:947:3)
          at /home/bamer/nextjs-llama-async-proxy/node_modules/.pnpm/jest-circus@30.2.0_babel-plugin-macros@3.1.0/node_modules/jest-circus/build/jestAdapterInit.js:849:7
          at _runTestsForDescribeBlock (/home/bamer/nextjs-llama-async-proxy/node_modules/.pnpm/jest-circus@30.2.0_babel-plugin-macros@3.1.0/node_modules/jest-circus/build/jestAdapterInit.js:862:11)
          at _runTestsForDescribeBlock (/home/bamer/nextjs-llama-async-proxy/node_modules/.pnpm/jest-circus@30.2.0_babel-plugin-macros@3.1.0/node_modules/jest-circus/build/jestAdapterInit.js:857:11)
          at _runTestsForDescribeBlock (/home/bamer/nextjs-llama-async-proxy/node_modules/.pnpm/jest-circus@30.2.0_babel-plugin-macros@3.1.0/node_modules/jest-circus/build/jestAdapterInit.js:857:11)
          at run (/home/bamer/nextjs-llama-async-proxy/node_modules/.pnpm/jest-circus@30.2.0_babel-plugin-macros@3.1.0/node_modules/jest-circus/build/jestAdapterInit.js:761:3)
          at runAndTransformResultsToJestFormat (/home/bamer/nextjs-llama-async-proxy/node_modules/.pnpm/jest-circus@30.2.0_babel-plugin-macros@3.1.0/node_modules/jest-circus/build/jestAdapterInit.js:1918:21)
          at jestAdapter (/home/bamer/nextjs-llama-async-proxy/node_modules/.pnpm/jest-circus@30.2.0_babel-plugin-macros@3.1.0/node_modules/jest-circus/build/runner.js:101:19)
          at runTestInternal (/home/bamer/nextjs-llama-async-proxy/node_modules/.pnpm/jest-runner@30.2.0/node_modules/jest-runner/build/testWorker.js:275:16)
          at runTest (/home/bamer/nextjs-llama-async-proxy/node_modules/.pnpm/jest-runner@30.2.0/node_modules/jest-runner/build/testWorker.js:343:7)
          at Object.worker (/home/bamer/nextjs-llama-async-proxy/node_modules/.pnpm/jest-runner@30.2.0/node_modules/jest-runner/build/testWorker.js:497:12)

      85 |       storageUsed = sizes.reduce((total: number, size: number) => total + size, 0) / (1024 * 1024); // Convert to MB
      86 |     } catch (e) {
    > 87 |       console.error('Failed to calculate storage used:', e);
         |               ^
      88 |     }
      89 |
      90 |     // Get system metrics

      at AnalyticsEngine.getAnalytics (src/lib/analytics.ts:87:15)
      at src/lib/__tests__/analytics.test.ts:395:74
          at Array.from (<anonymous>)
      at Object.<anonymous> (src/lib/__tests__/analytics.test.ts:395:30)

    console.error
      Failed to calculate storage used: TypeError: Cannot read properties of undefined (reading 'access')
          at AnalyticsEngine.getAnalytics (/home/bamer/nextjs-llama-async-proxy/src/lib/analytics.ts:77:16)
          at /home/bamer/nextjs-llama-async-proxy/src/lib/__tests__/analytics.test.ts:395:74
          at Array.from (<anonymous>)
          at Object.<anonymous> (/home/bamer/nextjs-llama-async-proxy/src/lib/__tests__/analytics.test.ts:395:30)
          at Promise.finally.completed (/home/bamer/nextjs-llama-async-proxy/node_modules/.pnpm/jest-circus@30.2.0_babel-plugin-macros@3.1.0/node_modules/jest-circus/build/jestAdapterInit.js:1557:28)
          at new Promise (<anonymous>)
          at callAsyncCircusFn (/home/bamer/nextjs-llama-async-proxy/node_modules/.pnpm/jest-circus@30.2.0_babel-plugin-macros@3.1.0/node_modules/jest-circus/build/jestAdapterInit.js:1497:10)
          at _callCircusTest (/home/bamer/nextjs-llama-async-proxy/node_modules/.pnpm/jest-circus@30.2.0_babel-plugin-macros@3.1.0/node_modules/jest-circus/build/jestAdapterInit.js:1007:40)
          at processTicksAndRejections (node:internal/process/task_queues:103:5)
          at _runTest (/home/bamer/nextjs-llama-async-proxy/node_modules/.pnpm/jest-circus@30.2.0_babel-plugin-macros@3.1.0/node_modules/jest-circus/build/jestAdapterInit.js:947:3)
          at /home/bamer/nextjs-llama-async-proxy/node_modules/.pnpm/jest-circus@30.2.0_babel-plugin-macros@3.1.0/node_modules/jest-circus/build/jestAdapterInit.js:849:7
          at _runTestsForDescribeBlock (/home/bamer/nextjs-llama-async-proxy/node_modules/.pnpm/jest-circus@30.2.0_babel-plugin-macros@3.1.0/node_modules/jest-circus/build/jestAdapterInit.js:862:11)
          at _runTestsForDescribeBlock (/home/bamer/nextjs-llama-async-proxy/node_modules/.pnpm/jest-circus@30.2.0_babel-plugin-macros@3.1.0/node_modules/jest-circus/build/jestAdapterInit.js:857:11)
          at _runTestsForDescribeBlock (/home/bamer/nextjs-llama-async-proxy/node_modules/.pnpm/jest-circus@30.2.0_babel-plugin-macros@3.1.0/node_modules/jest-circus/build/jestAdapterInit.js:857:11)
          at run (/home/bamer/nextjs-llama-async-proxy/node_modules/.pnpm/jest-circus@30.2.0_babel-plugin-macros@3.1.0/node_modules/jest-circus/build/jestAdapterInit.js:761:3)
          at runAndTransformResultsToJestFormat (/home/bamer/nextjs-llama-async-proxy/node_modules/.pnpm/jest-circus@30.2.0_babel-plugin-macros@3.1.0/node_modules/jest-circus/build/jestAdapterInit.js:1918:21)
          at jestAdapter (/home/bamer/nextjs-llama-async-proxy/node_modules/.pnpm/jest-circus@30.2.0_babel-plugin-macros@3.1.0/node_modules/jest-circus/build/runner.js:101:19)
          at runTestInternal (/home/bamer/nextjs-llama-async-proxy/node_modules/.pnpm/jest-runner@30.2.0/node_modules/jest-runner/build/testWorker.js:275:16)
          at runTest (/home/bamer/nextjs-llama-async-proxy/node_modules/.pnpm/jest-runner@30.2.0/node_modules/jest-runner/build/testWorker.js:343:7)
          at Object.worker (/home/bamer/nextjs-llama-async-proxy/node_modules/.pnpm/jest-runner@30.2.0/node_modules/jest-runner/build/testWorker.js:497:12)

      85 |       storageUsed = sizes.reduce((total: number, size: number) => total + size, 0) / (1024 * 1024); // Convert to MB
      86 |     } catch (e) {
    > 87 |       console.error('Failed to calculate storage used:', e);
         |               ^
      88 |     }
      89 |
      90 |     // Get system metrics

      at AnalyticsEngine.getAnalytics (src/lib/analytics.ts:87:15)
      at src/lib/__tests__/analytics.test.ts:395:74
          at Array.from (<anonymous>)
      at Object.<anonymous> (src/lib/__tests__/analytics.test.ts:395:30)

    console.error
      Failed to calculate storage used: TypeError: Cannot read properties of undefined (reading 'access')
          at AnalyticsEngine.getAnalytics (/home/bamer/nextjs-llama-async-proxy/src/lib/analytics.ts:77:16)
          at /home/bamer/nextjs-llama-async-proxy/src/lib/__tests__/analytics.test.ts:395:74
          at Array.from (<anonymous>)
          at Object.<anonymous> (/home/bamer/nextjs-llama-async-proxy/src/lib/__tests__/analytics.test.ts:395:30)
          at Promise.finally.completed (/home/bamer/nextjs-llama-async-proxy/node_modules/.pnpm/jest-circus@30.2.0_babel-plugin-macros@3.1.0/node_modules/jest-circus/build/jestAdapterInit.js:1557:28)
          at new Promise (<anonymous>)
          at callAsyncCircusFn (/home/bamer/nextjs-llama-async-proxy/node_modules/.pnpm/jest-circus@30.2.0_babel-plugin-macros@3.1.0/node_modules/jest-circus/build/jestAdapterInit.js:1497:10)
          at _callCircusTest (/home/bamer/nextjs-llama-async-proxy/node_modules/.pnpm/jest-circus@30.2.0_babel-plugin-macros@3.1.0/node_modules/jest-circus/build/jestAdapterInit.js:1007:40)
          at processTicksAndRejections (node:internal/process/task_queues:103:5)
          at _runTest (/home/bamer/nextjs-llama-async-proxy/node_modules/.pnpm/jest-circus@30.2.0_babel-plugin-macros@3.1.0/node_modules/jest-circus/build/jestAdapterInit.js:947:3)
          at /home/bamer/nextjs-llama-async-proxy/node_modules/.pnpm/jest-circus@30.2.0_babel-plugin-macros@3.1.0/node_modules/jest-circus/build/jestAdapterInit.js:849:7
          at _runTestsForDescribeBlock (/home/bamer/nextjs-llama-async-proxy/node_modules/.pnpm/jest-circus@30.2.0_babel-plugin-macros@3.1.0/node_modules/jest-circus/build/jestAdapterInit.js:862:11)
          at _runTestsForDescribeBlock (/home/bamer/nextjs-llama-async-proxy/node_modules/.pnpm/jest-circus@30.2.0_babel-plugin-macros@3.1.0/node_modules/jest-circus/build/jestAdapterInit.js:857:11)
          at _runTestsForDescribeBlock (/home/bamer/nextjs-llama-async-proxy/node_modules/.pnpm/jest-circus@30.2.0_babel-plugin-macros@3.1.0/node_modules/jest-circus/build/jestAdapterInit.js:857:11)
          at run (/home/bamer/nextjs-llama-async-proxy/node_modules/.pnpm/jest-circus@30.2.0_babel-plugin-macros@3.1.0/node_modules/jest-circus/build/jestAdapterInit.js:761:3)
          at runAndTransformResultsToJestFormat (/home/bamer/nextjs-llama-async-proxy/node_modules/.pnpm/jest-circus@30.2.0_babel-plugin-macros@3.1.0/node_modules/jest-circus/build/jestAdapterInit.js:1918:21)
          at jestAdapter (/home/bamer/nextjs-llama-async-proxy/node_modules/.pnpm/jest-circus@30.2.0_babel-plugin-macros@3.1.0/node_modules/jest-circus/build/runner.js:101:19)
          at runTestInternal (/home/bamer/nextjs-llama-async-proxy/node_modules/.pnpm/jest-runner@30.2.0/node_modules/jest-runner/build/testWorker.js:275:16)
          at runTest (/home/bamer/nextjs-llama-async-proxy/node_modules/.pnpm/jest-runner@30.2.0/node_modules/jest-runner/build/testWorker.js:343:7)
          at Object.worker (/home/bamer/nextjs-llama-async-proxy/node_modules/.pnpm/jest-runner@30.2.0/node_modules/jest-runner/build/testWorker.js:497:12)

      85 |       storageUsed = sizes.reduce((total: number, size: number) => total + size, 0) / (1024 * 1024); // Convert to MB
      86 |     } catch (e) {
    > 87 |       console.error('Failed to calculate storage used:', e);
         |               ^
      88 |     }
      89 |
      90 |     // Get system metrics

      at AnalyticsEngine.getAnalytics (src/lib/analytics.ts:87:15)
      at src/lib/__tests__/analytics.test.ts:395:74
          at Array.from (<anonymous>)
      at Object.<anonymous> (src/lib/__tests__/analytics.test.ts:395:30)

    console.error
      Failed to calculate storage used: TypeError: Cannot read properties of undefined (reading 'access')
          at AnalyticsEngine.getAnalytics (/home/bamer/nextjs-llama-async-proxy/src/lib/analytics.ts:77:16)
          at /home/bamer/nextjs-llama-async-proxy/src/lib/__tests__/analytics.test.ts:395:74
          at Array.from (<anonymous>)
          at Object.<anonymous> (/home/bamer/nextjs-llama-async-proxy/src/lib/__tests__/analytics.test.ts:395:30)
          at Promise.finally.completed (/home/bamer/nextjs-llama-async-proxy/node_modules/.pnpm/jest-circus@30.2.0_babel-plugin-macros@3.1.0/node_modules/jest-circus/build/jestAdapterInit.js:1557:28)
          at new Promise (<anonymous>)
          at callAsyncCircusFn (/home/bamer/nextjs-llama-async-proxy/node_modules/.pnpm/jest-circus@30.2.0_babel-plugin-macros@3.1.0/node_modules/jest-circus/build/jestAdapterInit.js:1497:10)
          at _callCircusTest (/home/bamer/nextjs-llama-async-proxy/node_modules/.pnpm/jest-circus@30.2.0_babel-plugin-macros@3.1.0/node_modules/jest-circus/build/jestAdapterInit.js:1007:40)
          at processTicksAndRejections (node:internal/process/task_queues:103:5)
          at _runTest (/home/bamer/nextjs-llama-async-proxy/node_modules/.pnpm/jest-circus@30.2.0_babel-plugin-macros@3.1.0/node_modules/jest-circus/build/jestAdapterInit.js:947:3)
          at /home/bamer/nextjs-llama-async-proxy/node_modules/.pnpm/jest-circus@30.2.0_babel-plugin-macros@3.1.0/node_modules/jest-circus/build/jestAdapterInit.js:849:7
          at _runTestsForDescribeBlock (/home/bamer/nextjs-llama-async-proxy/node_modules/.pnpm/jest-circus@30.2.0_babel-plugin-macros@3.1.0/node_modules/jest-circus/build/jestAdapterInit.js:862:11)
          at _runTestsForDescribeBlock (/home/bamer/nextjs-llama-async-proxy/node_modules/.pnpm/jest-circus@30.2.0_babel-plugin-macros@3.1.0/node_modules/jest-circus/build/jestAdapterInit.js:857:11)
          at _runTestsForDescribeBlock (/home/bamer/nextjs-llama-async-proxy/node_modules/.pnpm/jest-circus@30.2.0_babel-plugin-macros@3.1.0/node_modules/jest-circus/build/jestAdapterInit.js:857:11)
          at run (/home/bamer/nextjs-llama-async-proxy/node_modules/.pnpm/jest-circus@30.2.0_babel-plugin-macros@3.1.0/node_modules/jest-circus/build/jestAdapterInit.js:761:3)
          at runAndTransformResultsToJestFormat (/home/bamer/nextjs-llama-async-proxy/node_modules/.pnpm/jest-circus@30.2.0_babel-plugin-macros@3.1.0/node_modules/jest-circus/build/jestAdapterInit.js:1918:21)
          at jestAdapter (/home/bamer/nextjs-llama-async-proxy/node_modules/.pnpm/jest-circus@30.2.0_babel-plugin-macros@3.1.0/node_modules/jest-circus/build/runner.js:101:19)
          at runTestInternal (/home/bamer/nextjs-llama-async-proxy/node_modules/.pnpm/jest-runner@30.2.0/node_modules/jest-runner/build/testWorker.js:275:16)
          at runTest (/home/bamer/nextjs-llama-async-proxy/node_modules/.pnpm/jest-runner@30.2.0/node_modules/jest-runner/build/testWorker.js:343:7)
          at Object.worker (/home/bamer/nextjs-llama-async-proxy/node_modules/.pnpm/jest-runner@30.2.0/node_modules/jest-runner/build/testWorker.js:497:12)

      85 |       storageUsed = sizes.reduce((total: number, size: number) => total + size, 0) / (1024 * 1024); // Convert to MB
      86 |     } catch (e) {
    > 87 |       console.error('Failed to calculate storage used:', e);
         |               ^
      88 |     }
      89 |
      90 |     // Get system metrics

      at AnalyticsEngine.getAnalytics (src/lib/analytics.ts:87:15)
      at src/lib/__tests__/analytics.test.ts:395:74
          at Array.from (<anonymous>)
      at Object.<anonymous> (src/lib/__tests__/analytics.test.ts:395:30)

    console.error
      Failed to calculate storage used: TypeError: Cannot read properties of undefined (reading 'access')
          at AnalyticsEngine.getAnalytics (/home/bamer/nextjs-llama-async-proxy/src/lib/analytics.ts:77:16)
          at /home/bamer/nextjs-llama-async-proxy/src/lib/__tests__/analytics.test.ts:395:74
          at Array.from (<anonymous>)
          at Object.<anonymous> (/home/bamer/nextjs-llama-async-proxy/src/lib/__tests__/analytics.test.ts:395:30)
          at Promise.finally.completed (/home/bamer/nextjs-llama-async-proxy/node_modules/.pnpm/jest-circus@30.2.0_babel-plugin-macros@3.1.0/node_modules/jest-circus/build/jestAdapterInit.js:1557:28)
          at new Promise (<anonymous>)
          at callAsyncCircusFn (/home/bamer/nextjs-llama-async-proxy/node_modules/.pnpm/jest-circus@30.2.0_babel-plugin-macros@3.1.0/node_modules/jest-circus/build/jestAdapterInit.js:1497:10)
          at _callCircusTest (/home/bamer/nextjs-llama-async-proxy/node_modules/.pnpm/jest-circus@30.2.0_babel-plugin-macros@3.1.0/node_modules/jest-circus/build/jestAdapterInit.js:1007:40)
          at processTicksAndRejections (node:internal/process/task_queues:103:5)
          at _runTest (/home/bamer/nextjs-llama-async-proxy/node_modules/.pnpm/jest-circus@30.2.0_babel-plugin-macros@3.1.0/node_modules/jest-circus/build/jestAdapterInit.js:947:3)
          at /home/bamer/nextjs-llama-async-proxy/node_modules/.pnpm/jest-circus@30.2.0_babel-plugin-macros@3.1.0/node_modules/jest-circus/build/jestAdapterInit.js:849:7
          at _runTestsForDescribeBlock (/home/bamer/nextjs-llama-async-proxy/node_modules/.pnpm/jest-circus@30.2.0_babel-plugin-macros@3.1.0/node_modules/jest-circus/build/jestAdapterInit.js:862:11)
          at _runTestsForDescribeBlock (/home/bamer/nextjs-llama-async-proxy/node_modules/.pnpm/jest-circus@30.2.0_babel-plugin-macros@3.1.0/node_modules/jest-circus/build/jestAdapterInit.js:857:11)
          at _runTestsForDescribeBlock (/home/bamer/nextjs-llama-async-proxy/node_modules/.pnpm/jest-circus@30.2.0_babel-plugin-macros@3.1.0/node_modules/jest-circus/build/jestAdapterInit.js:857:11)
          at run (/home/bamer/nextjs-llama-async-proxy/node_modules/.pnpm/jest-circus@30.2.0_babel-plugin-macros@3.1.0/node_modules/jest-circus/build/jestAdapterInit.js:761:3)
          at runAndTransformResultsToJestFormat (/home/bamer/nextjs-llama-async-proxy/node_modules/.pnpm/jest-circus@30.2.0_babel-plugin-macros@3.1.0/node_modules/jest-circus/build/jestAdapterInit.js:1918:21)
          at jestAdapter (/home/bamer/nextjs-llama-async-proxy/node_modules/.pnpm/jest-circus@30.2.0_babel-plugin-macros@3.1.0/node_modules/jest-circus/build/runner.js:101:19)
          at runTestInternal (/home/bamer/nextjs-llama-async-proxy/node_modules/.pnpm/jest-runner@30.2.0/node_modules/jest-runner/build/testWorker.js:275:16)
          at runTest (/home/bamer/nextjs-llama-async-proxy/node_modules/.pnpm/jest-runner@30.2.0/node_modules/jest-runner/build/testWorker.js:343:7)
          at Object.worker (/home/bamer/nextjs-llama-async-proxy/node_modules/.pnpm/jest-runner@30.2.0/node_modules/jest-runner/build/testWorker.js:497:12)

      85 |       storageUsed = sizes.reduce((total: number, size: number) => total + size, 0) / (1024 * 1024); // Convert to MB
      86 |     } catch (e) {
    > 87 |       console.error('Failed to calculate storage used:', e);
         |               ^
      88 |     }
      89 |
      90 |     // Get system metrics

      at AnalyticsEngine.getAnalytics (src/lib/analytics.ts:87:15)
      at src/lib/__tests__/analytics.test.ts:395:74
          at Array.from (<anonymous>)
      at Object.<anonymous> (src/lib/__tests__/analytics.test.ts:395:30)

    console.error
      Failed to calculate storage used: TypeError: Cannot read properties of undefined (reading 'access')
          at AnalyticsEngine.getAnalytics (/home/bamer/nextjs-llama-async-proxy/src/lib/analytics.ts:77:16)
          at /home/bamer/nextjs-llama-async-proxy/src/lib/__tests__/analytics.test.ts:395:74
          at Array.from (<anonymous>)
          at Object.<anonymous> (/home/bamer/nextjs-llama-async-proxy/src/lib/__tests__/analytics.test.ts:395:30)
          at Promise.finally.completed (/home/bamer/nextjs-llama-async-proxy/node_modules/.pnpm/jest-circus@30.2.0_babel-plugin-macros@3.1.0/node_modules/jest-circus/build/jestAdapterInit.js:1557:28)
          at new Promise (<anonymous>)
          at callAsyncCircusFn (/home/bamer/nextjs-llama-async-proxy/node_modules/.pnpm/jest-circus@30.2.0_babel-plugin-macros@3.1.0/node_modules/jest-circus/build/jestAdapterInit.js:1497:10)
          at _callCircusTest (/home/bamer/nextjs-llama-async-proxy/node_modules/.pnpm/jest-circus@30.2.0_babel-plugin-macros@3.1.0/node_modules/jest-circus/build/jestAdapterInit.js:1007:40)
          at processTicksAndRejections (node:internal/process/task_queues:103:5)
          at _runTest (/home/bamer/nextjs-llama-async-proxy/node_modules/.pnpm/jest-circus@30.2.0_babel-plugin-macros@3.1.0/node_modules/jest-circus/build/jestAdapterInit.js:947:3)
          at /home/bamer/nextjs-llama-async-proxy/node_modules/.pnpm/jest-circus@30.2.0_babel-plugin-macros@3.1.0/node_modules/jest-circus/build/jestAdapterInit.js:849:7
          at _runTestsForDescribeBlock (/home/bamer/nextjs-llama-async-proxy/node_modules/.pnpm/jest-circus@30.2.0_babel-plugin-macros@3.1.0/node_modules/jest-circus/build/jestAdapterInit.js:862:11)
          at _runTestsForDescribeBlock (/home/bamer/nextjs-llama-async-proxy/node_modules/.pnpm/jest-circus@30.2.0_babel-plugin-macros@3.1.0/node_modules/jest-circus/build/jestAdapterInit.js:857:11)
          at _runTestsForDescribeBlock (/home/bamer/nextjs-llama-async-proxy/node_modules/.pnpm/jest-circus@30.2.0_babel-plugin-macros@3.1.0/node_modules/jest-circus/build/jestAdapterInit.js:857:11)
          at run (/home/bamer/nextjs-llama-async-proxy/node_modules/.pnpm/jest-circus@30.2.0_babel-plugin-macros@3.1.0/node_modules/jest-circus/build/jestAdapterInit.js:761:3)
          at runAndTransformResultsToJestFormat (/home/bamer/nextjs-llama-async-proxy/node_modules/.pnpm/jest-circus@30.2.0_babel-plugin-macros@3.1.0/node_modules/jest-circus/build/jestAdapterInit.js:1918:21)
          at jestAdapter (/home/bamer/nextjs-llama-async-proxy/node_modules/.pnpm/jest-circus@30.2.0_babel-plugin-macros@3.1.0/node_modules/jest-circus/build/runner.js:101:19)
          at runTestInternal (/home/bamer/nextjs-llama-async-proxy/node_modules/.pnpm/jest-runner@30.2.0/node_modules/jest-runner/build/testWorker.js:275:16)
          at runTest (/home/bamer/nextjs-llama-async-proxy/node_modules/.pnpm/jest-runner@30.2.0/node_modules/jest-runner/build/testWorker.js:343:7)
          at Object.worker (/home/bamer/nextjs-llama-async-proxy/node_modules/.pnpm/jest-runner@30.2.0/node_modules/jest-runner/build/testWorker.js:497:12)

      85 |       storageUsed = sizes.reduce((total: number, size: number) => total + size, 0) / (1024 * 1024); // Convert to MB
      86 |     } catch (e) {
    > 87 |       console.error('Failed to calculate storage used:', e);
         |               ^
      88 |     }
      89 |
      90 |     // Get system metrics

      at AnalyticsEngine.getAnalytics (src/lib/analytics.ts:87:15)
      at src/lib/__tests__/analytics.test.ts:395:74
          at Array.from (<anonymous>)
      at Object.<anonymous> (src/lib/__tests__/analytics.test.ts:395:30)

    console.error
      Failed to calculate storage used: TypeError: Cannot read properties of undefined (reading 'access')
          at AnalyticsEngine.getAnalytics (/home/bamer/nextjs-llama-async-proxy/src/lib/analytics.ts:77:16)
          at /home/bamer/nextjs-llama-async-proxy/src/lib/__tests__/analytics.test.ts:395:74
          at Array.from (<anonymous>)
          at Object.<anonymous> (/home/bamer/nextjs-llama-async-proxy/src/lib/__tests__/analytics.test.ts:395:30)
          at Promise.finally.completed (/home/bamer/nextjs-llama-async-proxy/node_modules/.pnpm/jest-circus@30.2.0_babel-plugin-macros@3.1.0/node_modules/jest-circus/build/jestAdapterInit.js:1557:28)
          at new Promise (<anonymous>)
          at callAsyncCircusFn (/home/bamer/nextjs-llama-async-proxy/node_modules/.pnpm/jest-circus@30.2.0_babel-plugin-macros@3.1.0/node_modules/jest-circus/build/jestAdapterInit.js:1497:10)
          at _callCircusTest (/home/bamer/nextjs-llama-async-proxy/node_modules/.pnpm/jest-circus@30.2.0_babel-plugin-macros@3.1.0/node_modules/jest-circus/build/jestAdapterInit.js:1007:40)
          at processTicksAndRejections (node:internal/process/task_queues:103:5)
          at _runTest (/home/bamer/nextjs-llama-async-proxy/node_modules/.pnpm/jest-circus@30.2.0_babel-plugin-macros@3.1.0/node_modules/jest-circus/build/jestAdapterInit.js:947:3)
          at /home/bamer/nextjs-llama-async-proxy/node_modules/.pnpm/jest-circus@30.2.0_babel-plugin-macros@3.1.0/node_modules/jest-circus/build/jestAdapterInit.js:849:7
          at _runTestsForDescribeBlock (/home/bamer/nextjs-llama-async-proxy/node_modules/.pnpm/jest-circus@30.2.0_babel-plugin-macros@3.1.0/node_modules/jest-circus/build/jestAdapterInit.js:862:11)
          at _runTestsForDescribeBlock (/home/bamer/nextjs-llama-async-proxy/node_modules/.pnpm/jest-circus@30.2.0_babel-plugin-macros@3.1.0/node_modules/jest-circus/build/jestAdapterInit.js:857:11)
          at _runTestsForDescribeBlock (/home/bamer/nextjs-llama-async-proxy/node_modules/.pnpm/jest-circus@30.2.0_babel-plugin-macros@3.1.0/node_modules/jest-circus/build/jestAdapterInit.js:857:11)
          at run (/home/bamer/nextjs-llama-async-proxy/node_modules/.pnpm/jest-circus@30.2.0_babel-plugin-macros@3.1.0/node_modules/jest-circus/build/jestAdapterInit.js:761:3)
          at runAndTransformResultsToJestFormat (/home/bamer/nextjs-llama-async-proxy/node_modules/.pnpm/jest-circus@30.2.0_babel-plugin-macros@3.1.0/node_modules/jest-circus/build/jestAdapterInit.js:1918:21)
          at jestAdapter (/home/bamer/nextjs-llama-async-proxy/node_modules/.pnpm/jest-circus@30.2.0_babel-plugin-macros@3.1.0/node_modules/jest-circus/build/runner.js:101:19)
          at runTestInternal (/home/bamer/nextjs-llama-async-proxy/node_modules/.pnpm/jest-runner@30.2.0/node_modules/jest-runner/build/testWorker.js:275:16)
          at runTest (/home/bamer/nextjs-llama-async-proxy/node_modules/.pnpm/jest-runner@30.2.0/node_modules/jest-runner/build/testWorker.js:343:7)
          at Object.worker (/home/bamer/nextjs-llama-async-proxy/node_modules/.pnpm/jest-runner@30.2.0/node_modules/jest-runner/build/testWorker.js:497:12)

      85 |       storageUsed = sizes.reduce((total: number, size: number) => total + size, 0) / (1024 * 1024); // Convert to MB
      86 |     } catch (e) {
    > 87 |       console.error('Failed to calculate storage used:', e);
         |               ^
      88 |     }
      89 |
      90 |     // Get system metrics

      at AnalyticsEngine.getAnalytics (src/lib/analytics.ts:87:15)
      at src/lib/__tests__/analytics.test.ts:395:74
          at Array.from (<anonymous>)
      at Object.<anonymous> (src/lib/__tests__/analytics.test.ts:395:30)

    console.error
      Failed to calculate storage used: TypeError: Cannot read properties of undefined (reading 'access')
          at AnalyticsEngine.getAnalytics (/home/bamer/nextjs-llama-async-proxy/src/lib/analytics.ts:77:16)
          at /home/bamer/nextjs-llama-async-proxy/src/lib/__tests__/analytics.test.ts:395:74
          at Array.from (<anonymous>)
          at Object.<anonymous> (/home/bamer/nextjs-llama-async-proxy/src/lib/__tests__/analytics.test.ts:395:30)
          at Promise.finally.completed (/home/bamer/nextjs-llama-async-proxy/node_modules/.pnpm/jest-circus@30.2.0_babel-plugin-macros@3.1.0/node_modules/jest-circus/build/jestAdapterInit.js:1557:28)
          at new Promise (<anonymous>)
          at callAsyncCircusFn (/home/bamer/nextjs-llama-async-proxy/node_modules/.pnpm/jest-circus@30.2.0_babel-plugin-macros@3.1.0/node_modules/jest-circus/build/jestAdapterInit.js:1497:10)
          at _callCircusTest (/home/bamer/nextjs-llama-async-proxy/node_modules/.pnpm/jest-circus@30.2.0_babel-plugin-macros@3.1.0/node_modules/jest-circus/build/jestAdapterInit.js:1007:40)
          at processTicksAndRejections (node:internal/process/task_queues:103:5)
          at _runTest (/home/bamer/nextjs-llama-async-proxy/node_modules/.pnpm/jest-circus@30.2.0_babel-plugin-macros@3.1.0/node_modules/jest-circus/build/jestAdapterInit.js:947:3)
          at /home/bamer/nextjs-llama-async-proxy/node_modules/.pnpm/jest-circus@30.2.0_babel-plugin-macros@3.1.0/node_modules/jest-circus/build/jestAdapterInit.js:849:7
          at _runTestsForDescribeBlock (/home/bamer/nextjs-llama-async-proxy/node_modules/.pnpm/jest-circus@30.2.0_babel-plugin-macros@3.1.0/node_modules/jest-circus/build/jestAdapterInit.js:862:11)
          at _runTestsForDescribeBlock (/home/bamer/nextjs-llama-async-proxy/node_modules/.pnpm/jest-circus@30.2.0_babel-plugin-macros@3.1.0/node_modules/jest-circus/build/jestAdapterInit.js:857:11)
          at _runTestsForDescribeBlock (/home/bamer/nextjs-llama-async-proxy/node_modules/.pnpm/jest-circus@30.2.0_babel-plugin-macros@3.1.0/node_modules/jest-circus/build/jestAdapterInit.js:857:11)
          at run (/home/bamer/nextjs-llama-async-proxy/node_modules/.pnpm/jest-circus@30.2.0_babel-plugin-macros@3.1.0/node_modules/jest-circus/build/jestAdapterInit.js:761:3)
          at runAndTransformResultsToJestFormat (/home/bamer/nextjs-llama-async-proxy/node_modules/.pnpm/jest-circus@30.2.0_babel-plugin-macros@3.1.0/node_modules/jest-circus/build/jestAdapterInit.js:1918:21)
          at jestAdapter (/home/bamer/nextjs-llama-async-proxy/node_modules/.pnpm/jest-circus@30.2.0_babel-plugin-macros@3.1.0/node_modules/jest-circus/build/runner.js:101:19)
          at runTestInternal (/home/bamer/nextjs-llama-async-proxy/node_modules/.pnpm/jest-runner@30.2.0/node_modules/jest-runner/build/testWorker.js:275:16)
          at runTest (/home/bamer/nextjs-llama-async-proxy/node_modules/.pnpm/jest-runner@30.2.0/node_modules/jest-runner/build/testWorker.js:343:7)
          at Object.worker (/home/bamer/nextjs-llama-async-proxy/node_modules/.pnpm/jest-runner@30.2.0/node_modules/jest-runner/build/testWorker.js:497:12)

      85 |       storageUsed = sizes.reduce((total: number, size: number) => total + size, 0) / (1024 * 1024); // Convert to MB
      86 |     } catch (e) {
    > 87 |       console.error('Failed to calculate storage used:', e);
         |               ^
      88 |     }
      89 |
      90 |     // Get system metrics

      at AnalyticsEngine.getAnalytics (src/lib/analytics.ts:87:15)
      at src/lib/__tests__/analytics.test.ts:395:74
          at Array.from (<anonymous>)
      at Object.<anonymous> (src/lib/__tests__/analytics.test.ts:395:30)

    console.error
      Failed to calculate storage used: TypeError: Cannot read properties of undefined (reading 'access')
          at AnalyticsEngine.getAnalytics (/home/bamer/nextjs-llama-async-proxy/src/lib/analytics.ts:77:16)
          at /home/bamer/nextjs-llama-async-proxy/src/lib/__tests__/analytics.test.ts:395:74
          at Array.from (<anonymous>)
          at Object.<anonymous> (/home/bamer/nextjs-llama-async-proxy/src/lib/__tests__/analytics.test.ts:395:30)
          at Promise.finally.completed (/home/bamer/nextjs-llama-async-proxy/node_modules/.pnpm/jest-circus@30.2.0_babel-plugin-macros@3.1.0/node_modules/jest-circus/build/jestAdapterInit.js:1557:28)
          at new Promise (<anonymous>)
          at callAsyncCircusFn (/home/bamer/nextjs-llama-async-proxy/node_modules/.pnpm/jest-circus@30.2.0_babel-plugin-macros@3.1.0/node_modules/jest-circus/build/jestAdapterInit.js:1497:10)
          at _callCircusTest (/home/bamer/nextjs-llama-async-proxy/node_modules/.pnpm/jest-circus@30.2.0_babel-plugin-macros@3.1.0/node_modules/jest-circus/build/jestAdapterInit.js:1007:40)
          at processTicksAndRejections (node:internal/process/task_queues:103:5)
          at _runTest (/home/bamer/nextjs-llama-async-proxy/node_modules/.pnpm/jest-circus@30.2.0_babel-plugin-macros@3.1.0/node_modules/jest-circus/build/jestAdapterInit.js:947:3)
          at /home/bamer/nextjs-llama-async-proxy/node_modules/.pnpm/jest-circus@30.2.0_babel-plugin-macros@3.1.0/node_modules/jest-circus/build/jestAdapterInit.js:849:7
          at _runTestsForDescribeBlock (/home/bamer/nextjs-llama-async-proxy/node_modules/.pnpm/jest-circus@30.2.0_babel-plugin-macros@3.1.0/node_modules/jest-circus/build/jestAdapterInit.js:862:11)
          at _runTestsForDescribeBlock (/home/bamer/nextjs-llama-async-proxy/node_modules/.pnpm/jest-circus@30.2.0_babel-plugin-macros@3.1.0/node_modules/jest-circus/build/jestAdapterInit.js:857:11)
          at _runTestsForDescribeBlock (/home/bamer/nextjs-llama-async-proxy/node_modules/.pnpm/jest-circus@30.2.0_babel-plugin-macros@3.1.0/node_modules/jest-circus/build/jestAdapterInit.js:857:11)
          at run (/home/bamer/nextjs-llama-async-proxy/node_modules/.pnpm/jest-circus@30.2.0_babel-plugin-macros@3.1.0/node_modules/jest-circus/build/jestAdapterInit.js:761:3)
          at runAndTransformResultsToJestFormat (/home/bamer/nextjs-llama-async-proxy/node_modules/.pnpm/jest-circus@30.2.0_babel-plugin-macros@3.1.0/node_modules/jest-circus/build/jestAdapterInit.js:1918:21)
          at jestAdapter (/home/bamer/nextjs-llama-async-proxy/node_modules/.pnpm/jest-circus@30.2.0_babel-plugin-macros@3.1.0/node_modules/jest-circus/build/runner.js:101:19)
          at runTestInternal (/home/bamer/nextjs-llama-async-proxy/node_modules/.pnpm/jest-runner@30.2.0/node_modules/jest-runner/build/testWorker.js:275:16)
          at runTest (/home/bamer/nextjs-llama-async-proxy/node_modules/.pnpm/jest-runner@30.2.0/node_modules/jest-runner/build/testWorker.js:343:7)
          at Object.worker (/home/bamer/nextjs-llama-async-proxy/node_modules/.pnpm/jest-runner@30.2.0/node_modules/jest-runner/build/testWorker.js:497:12)

      85 |       storageUsed = sizes.reduce((total: number, size: number) => total + size, 0) / (1024 * 1024); // Convert to MB
      86 |     } catch (e) {
    > 87 |       console.error('Failed to calculate storage used:', e);
         |               ^
      88 |     }
      89 |
      90 |     // Get system metrics

      at AnalyticsEngine.getAnalytics (src/lib/analytics.ts:87:15)
      at src/lib/__tests__/analytics.test.ts:395:74
          at Array.from (<anonymous>)
      at Object.<anonymous> (src/lib/__tests__/analytics.test.ts:395:30)

    console.error
      Failed to calculate storage used: TypeError: Cannot read properties of undefined (reading 'access')
          at AnalyticsEngine.getAnalytics (/home/bamer/nextjs-llama-async-proxy/src/lib/analytics.ts:77:16)
          at /home/bamer/nextjs-llama-async-proxy/src/lib/__tests__/analytics.test.ts:395:74
          at Array.from (<anonymous>)
          at Object.<anonymous> (/home/bamer/nextjs-llama-async-proxy/src/lib/__tests__/analytics.test.ts:395:30)
          at Promise.finally.completed (/home/bamer/nextjs-llama-async-proxy/node_modules/.pnpm/jest-circus@30.2.0_babel-plugin-macros@3.1.0/node_modules/jest-circus/build/jestAdapterInit.js:1557:28)
          at new Promise (<anonymous>)
          at callAsyncCircusFn (/home/bamer/nextjs-llama-async-proxy/node_modules/.pnpm/jest-circus@30.2.0_babel-plugin-macros@3.1.0/node_modules/jest-circus/build/jestAdapterInit.js:1497:10)
          at _callCircusTest (/home/bamer/nextjs-llama-async-proxy/node_modules/.pnpm/jest-circus@30.2.0_babel-plugin-macros@3.1.0/node_modules/jest-circus/build/jestAdapterInit.js:1007:40)
          at processTicksAndRejections (node:internal/process/task_queues:103:5)
          at _runTest (/home/bamer/nextjs-llama-async-proxy/node_modules/.pnpm/jest-circus@30.2.0_babel-plugin-macros@3.1.0/node_modules/jest-circus/build/jestAdapterInit.js:947:3)
          at /home/bamer/nextjs-llama-async-proxy/node_modules/.pnpm/jest-circus@30.2.0_babel-plugin-macros@3.1.0/node_modules/jest-circus/build/jestAdapterInit.js:849:7
          at _runTestsForDescribeBlock (/home/bamer/nextjs-llama-async-proxy/node_modules/.pnpm/jest-circus@30.2.0_babel-plugin-macros@3.1.0/node_modules/jest-circus/build/jestAdapterInit.js:862:11)
          at _runTestsForDescribeBlock (/home/bamer/nextjs-llama-async-proxy/node_modules/.pnpm/jest-circus@30.2.0_babel-plugin-macros@3.1.0/node_modules/jest-circus/build/jestAdapterInit.js:857:11)
          at _runTestsForDescribeBlock (/home/bamer/nextjs-llama-async-proxy/node_modules/.pnpm/jest-circus@30.2.0_babel-plugin-macros@3.1.0/node_modules/jest-circus/build/jestAdapterInit.js:857:11)
          at run (/home/bamer/nextjs-llama-async-proxy/node_modules/.pnpm/jest-circus@30.2.0_babel-plugin-macros@3.1.0/node_modules/jest-circus/build/jestAdapterInit.js:761:3)
          at runAndTransformResultsToJestFormat (/home/bamer/nextjs-llama-async-proxy/node_modules/.pnpm/jest-circus@30.2.0_babel-plugin-macros@3.1.0/node_modules/jest-circus/build/jestAdapterInit.js:1918:21)
          at jestAdapter (/home/bamer/nextjs-llama-async-proxy/node_modules/.pnpm/jest-circus@30.2.0_babel-plugin-macros@3.1.0/node_modules/jest-circus/build/runner.js:101:19)
          at runTestInternal (/home/bamer/nextjs-llama-async-proxy/node_modules/.pnpm/jest-runner@30.2.0/node_modules/jest-runner/build/testWorker.js:275:16)
          at runTest (/home/bamer/nextjs-llama-async-proxy/node_modules/.pnpm/jest-runner@30.2.0/node_modules/jest-runner/build/testWorker.js:343:7)
          at Object.worker (/home/bamer/nextjs-llama-async-proxy/node_modules/.pnpm/jest-runner@30.2.0/node_modules/jest-runner/build/testWorker.js:497:12)

      85 |       storageUsed = sizes.reduce((total: number, size: number) => total + size, 0) / (1024 * 1024); // Convert to MB
      86 |     } catch (e) {
    > 87 |       console.error('Failed to calculate storage used:', e);
         |               ^
      88 |     }
      89 |
      90 |     // Get system metrics

      at AnalyticsEngine.getAnalytics (src/lib/analytics.ts:87:15)
      at src/lib/__tests__/analytics.test.ts:395:74
          at Array.from (<anonymous>)
      at Object.<anonymous> (src/lib/__tests__/analytics.test.ts:395:30)

    console.error
      Failed to calculate storage used: TypeError: Cannot read properties of undefined (reading 'access')
          at AnalyticsEngine.getAnalytics (/home/bamer/nextjs-llama-async-proxy/src/lib/analytics.ts:77:16)
          at /home/bamer/nextjs-llama-async-proxy/src/lib/__tests__/analytics.test.ts:395:74
          at Array.from (<anonymous>)
          at Object.<anonymous> (/home/bamer/nextjs-llama-async-proxy/src/lib/__tests__/analytics.test.ts:395:30)
          at Promise.finally.completed (/home/bamer/nextjs-llama-async-proxy/node_modules/.pnpm/jest-circus@30.2.0_babel-plugin-macros@3.1.0/node_modules/jest-circus/build/jestAdapterInit.js:1557:28)
          at new Promise (<anonymous>)
          at callAsyncCircusFn (/home/bamer/nextjs-llama-async-proxy/node_modules/.pnpm/jest-circus@30.2.0_babel-plugin-macros@3.1.0/node_modules/jest-circus/build/jestAdapterInit.js:1497:10)
          at _callCircusTest (/home/bamer/nextjs-llama-async-proxy/node_modules/.pnpm/jest-circus@30.2.0_babel-plugin-macros@3.1.0/node_modules/jest-circus/build/jestAdapterInit.js:1007:40)
          at processTicksAndRejections (node:internal/process/task_queues:103:5)
          at _runTest (/home/bamer/nextjs-llama-async-proxy/node_modules/.pnpm/jest-circus@30.2.0_babel-plugin-macros@3.1.0/node_modules/jest-circus/build/jestAdapterInit.js:947:3)
          at /home/bamer/nextjs-llama-async-proxy/node_modules/.pnpm/jest-circus@30.2.0_babel-plugin-macros@3.1.0/node_modules/jest-circus/build/jestAdapterInit.js:849:7
          at _runTestsForDescribeBlock (/home/bamer/nextjs-llama-async-proxy/node_modules/.pnpm/jest-circus@30.2.0_babel-plugin-macros@3.1.0/node_modules/jest-circus/build/jestAdapterInit.js:862:11)
          at _runTestsForDescribeBlock (/home/bamer/nextjs-llama-async-proxy/node_modules/.pnpm/jest-circus@30.2.0_babel-plugin-macros@3.1.0/node_modules/jest-circus/build/jestAdapterInit.js:857:11)
          at _runTestsForDescribeBlock (/home/bamer/nextjs-llama-async-proxy/node_modules/.pnpm/jest-circus@30.2.0_babel-plugin-macros@3.1.0/node_modules/jest-circus/build/jestAdapterInit.js:857:11)
          at run (/home/bamer/nextjs-llama-async-proxy/node_modules/.pnpm/jest-circus@30.2.0_babel-plugin-macros@3.1.0/node_modules/jest-circus/build/jestAdapterInit.js:761:3)
          at runAndTransformResultsToJestFormat (/home/bamer/nextjs-llama-async-proxy/node_modules/.pnpm/jest-circus@30.2.0_babel-plugin-macros@3.1.0/node_modules/jest-circus/build/jestAdapterInit.js:1918:21)
          at jestAdapter (/home/bamer/nextjs-llama-async-proxy/node_modules/.pnpm/jest-circus@30.2.0_babel-plugin-macros@3.1.0/node_modules/jest-circus/build/runner.js:101:19)
          at runTestInternal (/home/bamer/nextjs-llama-async-proxy/node_modules/.pnpm/jest-runner@30.2.0/node_modules/jest-runner/build/testWorker.js:275:16)
          at runTest (/home/bamer/nextjs-llama-async-proxy/node_modules/.pnpm/jest-runner@30.2.0/node_modules/jest-runner/build/testWorker.js:343:7)
          at Object.worker (/home/bamer/nextjs-llama-async-proxy/node_modules/.pnpm/jest-runner@30.2.0/node_modules/jest-runner/build/testWorker.js:497:12)

      85 |       storageUsed = sizes.reduce((total: number, size: number) => total + size, 0) / (1024 * 1024); // Convert to MB
      86 |     } catch (e) {
    > 87 |       console.error('Failed to calculate storage used:', e);
         |               ^
      88 |     }
      89 |
      90 |     // Get system metrics

      at AnalyticsEngine.getAnalytics (src/lib/analytics.ts:87:15)
      at src/lib/__tests__/analytics.test.ts:395:74
          at Array.from (<anonymous>)
      at Object.<anonymous> (src/lib/__tests__/analytics.test.ts:395:30)

    console.error
      Failed to calculate storage used: TypeError: Cannot read properties of undefined (reading 'access')
          at AnalyticsEngine.getAnalytics (/home/bamer/nextjs-llama-async-proxy/src/lib/analytics.ts:77:16)
          at /home/bamer/nextjs-llama-async-proxy/src/lib/__tests__/analytics.test.ts:395:74
          at Array.from (<anonymous>)
          at Object.<anonymous> (/home/bamer/nextjs-llama-async-proxy/src/lib/__tests__/analytics.test.ts:395:30)
          at Promise.finally.completed (/home/bamer/nextjs-llama-async-proxy/node_modules/.pnpm/jest-circus@30.2.0_babel-plugin-macros@3.1.0/node_modules/jest-circus/build/jestAdapterInit.js:1557:28)
          at new Promise (<anonymous>)
          at callAsyncCircusFn (/home/bamer/nextjs-llama-async-proxy/node_modules/.pnpm/jest-circus@30.2.0_babel-plugin-macros@3.1.0/node_modules/jest-circus/build/jestAdapterInit.js:1497:10)
          at _callCircusTest (/home/bamer/nextjs-llama-async-proxy/node_modules/.pnpm/jest-circus@30.2.0_babel-plugin-macros@3.1.0/node_modules/jest-circus/build/jestAdapterInit.js:1007:40)
          at processTicksAndRejections (node:internal/process/task_queues:103:5)
          at _runTest (/home/bamer/nextjs-llama-async-proxy/node_modules/.pnpm/jest-circus@30.2.0_babel-plugin-macros@3.1.0/node_modules/jest-circus/build/jestAdapterInit.js:947:3)
          at /home/bamer/nextjs-llama-async-proxy/node_modules/.pnpm/jest-circus@30.2.0_babel-plugin-macros@3.1.0/node_modules/jest-circus/build/jestAdapterInit.js:849:7
          at _runTestsForDescribeBlock (/home/bamer/nextjs-llama-async-proxy/node_modules/.pnpm/jest-circus@30.2.0_babel-plugin-macros@3.1.0/node_modules/jest-circus/build/jestAdapterInit.js:862:11)
          at _runTestsForDescribeBlock (/home/bamer/nextjs-llama-async-proxy/node_modules/.pnpm/jest-circus@30.2.0_babel-plugin-macros@3.1.0/node_modules/jest-circus/build/jestAdapterInit.js:857:11)
          at _runTestsForDescribeBlock (/home/bamer/nextjs-llama-async-proxy/node_modules/.pnpm/jest-circus@30.2.0_babel-plugin-macros@3.1.0/node_modules/jest-circus/build/jestAdapterInit.js:857:11)
          at run (/home/bamer/nextjs-llama-async-proxy/node_modules/.pnpm/jest-circus@30.2.0_babel-plugin-macros@3.1.0/node_modules/jest-circus/build/jestAdapterInit.js:761:3)
          at runAndTransformResultsToJestFormat (/home/bamer/nextjs-llama-async-proxy/node_modules/.pnpm/jest-circus@30.2.0_babel-plugin-macros@3.1.0/node_modules/jest-circus/build/jestAdapterInit.js:1918:21)
          at jestAdapter (/home/bamer/nextjs-llama-async-proxy/node_modules/.pnpm/jest-circus@30.2.0_babel-plugin-macros@3.1.0/node_modules/jest-circus/build/runner.js:101:19)
          at runTestInternal (/home/bamer/nextjs-llama-async-proxy/node_modules/.pnpm/jest-runner@30.2.0/node_modules/jest-runner/build/testWorker.js:275:16)
          at runTest (/home/bamer/nextjs-llama-async-proxy/node_modules/.pnpm/jest-runner@30.2.0/node_modules/jest-runner/build/testWorker.js:343:7)
          at Object.worker (/home/bamer/nextjs-llama-async-proxy/node_modules/.pnpm/jest-runner@30.2.0/node_modules/jest-runner/build/testWorker.js:497:12)

      85 |       storageUsed = sizes.reduce((total: number, size: number) => total + size, 0) / (1024 * 1024); // Convert to MB
      86 |     } catch (e) {
    > 87 |       console.error('Failed to calculate storage used:', e);
         |               ^
      88 |     }
      89 |
      90 |     // Get system metrics

      at AnalyticsEngine.getAnalytics (src/lib/analytics.ts:87:15)
      at src/lib/__tests__/analytics.test.ts:395:74
          at Array.from (<anonymous>)
      at Object.<anonymous> (src/lib/__tests__/analytics.test.ts:395:30)

    console.error
      Failed to calculate storage used: TypeError: Cannot read properties of undefined (reading 'access')
          at AnalyticsEngine.getAnalytics (/home/bamer/nextjs-llama-async-proxy/src/lib/analytics.ts:77:16)
          at /home/bamer/nextjs-llama-async-proxy/src/lib/__tests__/analytics.test.ts:395:74
          at Array.from (<anonymous>)
          at Object.<anonymous> (/home/bamer/nextjs-llama-async-proxy/src/lib/__tests__/analytics.test.ts:395:30)
          at Promise.finally.completed (/home/bamer/nextjs-llama-async-proxy/node_modules/.pnpm/jest-circus@30.2.0_babel-plugin-macros@3.1.0/node_modules/jest-circus/build/jestAdapterInit.js:1557:28)
          at new Promise (<anonymous>)
          at callAsyncCircusFn (/home/bamer/nextjs-llama-async-proxy/node_modules/.pnpm/jest-circus@30.2.0_babel-plugin-macros@3.1.0/node_modules/jest-circus/build/jestAdapterInit.js:1497:10)
          at _callCircusTest (/home/bamer/nextjs-llama-async-proxy/node_modules/.pnpm/jest-circus@30.2.0_babel-plugin-macros@3.1.0/node_modules/jest-circus/build/jestAdapterInit.js:1007:40)
          at processTicksAndRejections (node:internal/process/task_queues:103:5)
          at _runTest (/home/bamer/nextjs-llama-async-proxy/node_modules/.pnpm/jest-circus@30.2.0_babel-plugin-macros@3.1.0/node_modules/jest-circus/build/jestAdapterInit.js:947:3)
          at /home/bamer/nextjs-llama-async-proxy/node_modules/.pnpm/jest-circus@30.2.0_babel-plugin-macros@3.1.0/node_modules/jest-circus/build/jestAdapterInit.js:849:7
          at _runTestsForDescribeBlock (/home/bamer/nextjs-llama-async-proxy/node_modules/.pnpm/jest-circus@30.2.0_babel-plugin-macros@3.1.0/node_modules/jest-circus/build/jestAdapterInit.js:862:11)
          at _runTestsForDescribeBlock (/home/bamer/nextjs-llama-async-proxy/node_modules/.pnpm/jest-circus@30.2.0_babel-plugin-macros@3.1.0/node_modules/jest-circus/build/jestAdapterInit.js:857:11)
          at _runTestsForDescribeBlock (/home/bamer/nextjs-llama-async-proxy/node_modules/.pnpm/jest-circus@30.2.0_babel-plugin-macros@3.1.0/node_modules/jest-circus/build/jestAdapterInit.js:857:11)
          at run (/home/bamer/nextjs-llama-async-proxy/node_modules/.pnpm/jest-circus@30.2.0_babel-plugin-macros@3.1.0/node_modules/jest-circus/build/jestAdapterInit.js:761:3)
          at runAndTransformResultsToJestFormat (/home/bamer/nextjs-llama-async-proxy/node_modules/.pnpm/jest-circus@30.2.0_babel-plugin-macros@3.1.0/node_modules/jest-circus/build/jestAdapterInit.js:1918:21)
          at jestAdapter (/home/bamer/nextjs-llama-async-proxy/node_modules/.pnpm/jest-circus@30.2.0_babel-plugin-macros@3.1.0/node_modules/jest-circus/build/runner.js:101:19)
          at runTestInternal (/home/bamer/nextjs-llama-async-proxy/node_modules/.pnpm/jest-runner@30.2.0/node_modules/jest-runner/build/testWorker.js:275:16)
          at runTest (/home/bamer/nextjs-llama-async-proxy/node_modules/.pnpm/jest-runner@30.2.0/node_modules/jest-runner/build/testWorker.js:343:7)
          at Object.worker (/home/bamer/nextjs-llama-async-proxy/node_modules/.pnpm/jest-runner@30.2.0/node_modules/jest-runner/build/testWorker.js:497:12)

      85 |       storageUsed = sizes.reduce((total: number, size: number) => total + size, 0) / (1024 * 1024); // Convert to MB
      86 |     } catch (e) {
    > 87 |       console.error('Failed to calculate storage used:', e);
         |               ^
      88 |     }
      89 |
      90 |     // Get system metrics

      at AnalyticsEngine.getAnalytics (src/lib/analytics.ts:87:15)
      at src/lib/__tests__/analytics.test.ts:395:74
          at Array.from (<anonymous>)
      at Object.<anonymous> (src/lib/__tests__/analytics.test.ts:395:30)

    console.error
      Failed to calculate storage used: TypeError: Cannot read properties of undefined (reading 'access')
          at AnalyticsEngine.getAnalytics (/home/bamer/nextjs-llama-async-proxy/src/lib/analytics.ts:77:16)
          at /home/bamer/nextjs-llama-async-proxy/src/lib/__tests__/analytics.test.ts:395:74
          at Array.from (<anonymous>)
          at Object.<anonymous> (/home/bamer/nextjs-llama-async-proxy/src/lib/__tests__/analytics.test.ts:395:30)
          at Promise.finally.completed (/home/bamer/nextjs-llama-async-proxy/node_modules/.pnpm/jest-circus@30.2.0_babel-plugin-macros@3.1.0/node_modules/jest-circus/build/jestAdapterInit.js:1557:28)
          at new Promise (<anonymous>)
          at callAsyncCircusFn (/home/bamer/nextjs-llama-async-proxy/node_modules/.pnpm/jest-circus@30.2.0_babel-plugin-macros@3.1.0/node_modules/jest-circus/build/jestAdapterInit.js:1497:10)
          at _callCircusTest (/home/bamer/nextjs-llama-async-proxy/node_modules/.pnpm/jest-circus@30.2.0_babel-plugin-macros@3.1.0/node_modules/jest-circus/build/jestAdapterInit.js:1007:40)
          at processTicksAndRejections (node:internal/process/task_queues:103:5)
          at _runTest (/home/bamer/nextjs-llama-async-proxy/node_modules/.pnpm/jest-circus@30.2.0_babel-plugin-macros@3.1.0/node_modules/jest-circus/build/jestAdapterInit.js:947:3)
          at /home/bamer/nextjs-llama-async-proxy/node_modules/.pnpm/jest-circus@30.2.0_babel-plugin-macros@3.1.0/node_modules/jest-circus/build/jestAdapterInit.js:849:7
          at _runTestsForDescribeBlock (/home/bamer/nextjs-llama-async-proxy/node_modules/.pnpm/jest-circus@30.2.0_babel-plugin-macros@3.1.0/node_modules/jest-circus/build/jestAdapterInit.js:862:11)
          at _runTestsForDescribeBlock (/home/bamer/nextjs-llama-async-proxy/node_modules/.pnpm/jest-circus@30.2.0_babel-plugin-macros@3.1.0/node_modules/jest-circus/build/jestAdapterInit.js:857:11)
          at _runTestsForDescribeBlock (/home/bamer/nextjs-llama-async-proxy/node_modules/.pnpm/jest-circus@30.2.0_babel-plugin-macros@3.1.0/node_modules/jest-circus/build/jestAdapterInit.js:857:11)
          at run (/home/bamer/nextjs-llama-async-proxy/node_modules/.pnpm/jest-circus@30.2.0_babel-plugin-macros@3.1.0/node_modules/jest-circus/build/jestAdapterInit.js:761:3)
          at runAndTransformResultsToJestFormat (/home/bamer/nextjs-llama-async-proxy/node_modules/.pnpm/jest-circus@30.2.0_babel-plugin-macros@3.1.0/node_modules/jest-circus/build/jestAdapterInit.js:1918:21)
          at jestAdapter (/home/bamer/nextjs-llama-async-proxy/node_modules/.pnpm/jest-circus@30.2.0_babel-plugin-macros@3.1.0/node_modules/jest-circus/build/runner.js:101:19)
          at runTestInternal (/home/bamer/nextjs-llama-async-proxy/node_modules/.pnpm/jest-runner@30.2.0/node_modules/jest-runner/build/testWorker.js:275:16)
          at runTest (/home/bamer/nextjs-llama-async-proxy/node_modules/.pnpm/jest-runner@30.2.0/node_modules/jest-runner/build/testWorker.js:343:7)
          at Object.worker (/home/bamer/nextjs-llama-async-proxy/node_modules/.pnpm/jest-runner@30.2.0/node_modules/jest-runner/build/testWorker.js:497:12)

      85 |       storageUsed = sizes.reduce((total: number, size: number) => total + size, 0) / (1024 * 1024); // Convert to MB
      86 |     } catch (e) {
    > 87 |       console.error('Failed to calculate storage used:', e);
         |               ^
      88 |     }
      89 |
      90 |     // Get system metrics

      at AnalyticsEngine.getAnalytics (src/lib/analytics.ts:87:15)
      at src/lib/__tests__/analytics.test.ts:395:74
          at Array.from (<anonymous>)
      at Object.<anonymous> (src/lib/__tests__/analytics.test.ts:395:30)

    console.error
      Failed to calculate storage used: TypeError: Cannot read properties of undefined (reading 'access')
          at AnalyticsEngine.getAnalytics (/home/bamer/nextjs-llama-async-proxy/src/lib/analytics.ts:77:16)
          at /home/bamer/nextjs-llama-async-proxy/src/lib/__tests__/analytics.test.ts:395:74
          at Array.from (<anonymous>)
          at Object.<anonymous> (/home/bamer/nextjs-llama-async-proxy/src/lib/__tests__/analytics.test.ts:395:30)
          at Promise.finally.completed (/home/bamer/nextjs-llama-async-proxy/node_modules/.pnpm/jest-circus@30.2.0_babel-plugin-macros@3.1.0/node_modules/jest-circus/build/jestAdapterInit.js:1557:28)
          at new Promise (<anonymous>)
          at callAsyncCircusFn (/home/bamer/nextjs-llama-async-proxy/node_modules/.pnpm/jest-circus@30.2.0_babel-plugin-macros@3.1.0/node_modules/jest-circus/build/jestAdapterInit.js:1497:10)
          at _callCircusTest (/home/bamer/nextjs-llama-async-proxy/node_modules/.pnpm/jest-circus@30.2.0_babel-plugin-macros@3.1.0/node_modules/jest-circus/build/jestAdapterInit.js:1007:40)
          at processTicksAndRejections (node:internal/process/task_queues:103:5)
          at _runTest (/home/bamer/nextjs-llama-async-proxy/node_modules/.pnpm/jest-circus@30.2.0_babel-plugin-macros@3.1.0/node_modules/jest-circus/build/jestAdapterInit.js:947:3)
          at /home/bamer/nextjs-llama-async-proxy/node_modules/.pnpm/jest-circus@30.2.0_babel-plugin-macros@3.1.0/node_modules/jest-circus/build/jestAdapterInit.js:849:7
          at _runTestsForDescribeBlock (/home/bamer/nextjs-llama-async-proxy/node_modules/.pnpm/jest-circus@30.2.0_babel-plugin-macros@3.1.0/node_modules/jest-circus/build/jestAdapterInit.js:862:11)
          at _runTestsForDescribeBlock (/home/bamer/nextjs-llama-async-proxy/node_modules/.pnpm/jest-circus@30.2.0_babel-plugin-macros@3.1.0/node_modules/jest-circus/build/jestAdapterInit.js:857:11)
          at _runTestsForDescribeBlock (/home/bamer/nextjs-llama-async-proxy/node_modules/.pnpm/jest-circus@30.2.0_babel-plugin-macros@3.1.0/node_modules/jest-circus/build/jestAdapterInit.js:857:11)
          at run (/home/bamer/nextjs-llama-async-proxy/node_modules/.pnpm/jest-circus@30.2.0_babel-plugin-macros@3.1.0/node_modules/jest-circus/build/jestAdapterInit.js:761:3)
          at runAndTransformResultsToJestFormat (/home/bamer/nextjs-llama-async-proxy/node_modules/.pnpm/jest-circus@30.2.0_babel-plugin-macros@3.1.0/node_modules/jest-circus/build/jestAdapterInit.js:1918:21)
          at jestAdapter (/home/bamer/nextjs-llama-async-proxy/node_modules/.pnpm/jest-circus@30.2.0_babel-plugin-macros@3.1.0/node_modules/jest-circus/build/runner.js:101:19)
          at runTestInternal (/home/bamer/nextjs-llama-async-proxy/node_modules/.pnpm/jest-runner@30.2.0/node_modules/jest-runner/build/testWorker.js:275:16)
          at runTest (/home/bamer/nextjs-llama-async-proxy/node_modules/.pnpm/jest-runner@30.2.0/node_modules/jest-runner/build/testWorker.js:343:7)
          at Object.worker (/home/bamer/nextjs-llama-async-proxy/node_modules/.pnpm/jest-runner@30.2.0/node_modules/jest-runner/build/testWorker.js:497:12)

      85 |       storageUsed = sizes.reduce((total: number, size: number) => total + size, 0) / (1024 * 1024); // Convert to MB
      86 |     } catch (e) {
    > 87 |       console.error('Failed to calculate storage used:', e);
         |               ^
      88 |     }
      89 |
      90 |     // Get system metrics

      at AnalyticsEngine.getAnalytics (src/lib/analytics.ts:87:15)
      at src/lib/__tests__/analytics.test.ts:395:74
          at Array.from (<anonymous>)
      at Object.<anonymous> (src/lib/__tests__/analytics.test.ts:395:30)

    console.error
      Failed to calculate storage used: TypeError: Cannot read properties of undefined (reading 'access')
          at AnalyticsEngine.getAnalytics (/home/bamer/nextjs-llama-async-proxy/src/lib/analytics.ts:77:16)
          at /home/bamer/nextjs-llama-async-proxy/src/lib/__tests__/analytics.test.ts:395:74
          at Array.from (<anonymous>)
          at Object.<anonymous> (/home/bamer/nextjs-llama-async-proxy/src/lib/__tests__/analytics.test.ts:395:30)
          at Promise.finally.completed (/home/bamer/nextjs-llama-async-proxy/node_modules/.pnpm/jest-circus@30.2.0_babel-plugin-macros@3.1.0/node_modules/jest-circus/build/jestAdapterInit.js:1557:28)
          at new Promise (<anonymous>)
          at callAsyncCircusFn (/home/bamer/nextjs-llama-async-proxy/node_modules/.pnpm/jest-circus@30.2.0_babel-plugin-macros@3.1.0/node_modules/jest-circus/build/jestAdapterInit.js:1497:10)
          at _callCircusTest (/home/bamer/nextjs-llama-async-proxy/node_modules/.pnpm/jest-circus@30.2.0_babel-plugin-macros@3.1.0/node_modules/jest-circus/build/jestAdapterInit.js:1007:40)
          at processTicksAndRejections (node:internal/process/task_queues:103:5)
          at _runTest (/home/bamer/nextjs-llama-async-proxy/node_modules/.pnpm/jest-circus@30.2.0_babel-plugin-macros@3.1.0/node_modules/jest-circus/build/jestAdapterInit.js:947:3)
          at /home/bamer/nextjs-llama-async-proxy/node_modules/.pnpm/jest-circus@30.2.0_babel-plugin-macros@3.1.0/node_modules/jest-circus/build/jestAdapterInit.js:849:7
          at _runTestsForDescribeBlock (/home/bamer/nextjs-llama-async-proxy/node_modules/.pnpm/jest-circus@30.2.0_babel-plugin-macros@3.1.0/node_modules/jest-circus/build/jestAdapterInit.js:862:11)
          at _runTestsForDescribeBlock (/home/bamer/nextjs-llama-async-proxy/node_modules/.pnpm/jest-circus@30.2.0_babel-plugin-macros@3.1.0/node_modules/jest-circus/build/jestAdapterInit.js:857:11)
          at _runTestsForDescribeBlock (/home/bamer/nextjs-llama-async-proxy/node_modules/.pnpm/jest-circus@30.2.0_babel-plugin-macros@3.1.0/node_modules/jest-circus/build/jestAdapterInit.js:857:11)
          at run (/home/bamer/nextjs-llama-async-proxy/node_modules/.pnpm/jest-circus@30.2.0_babel-plugin-macros@3.1.0/node_modules/jest-circus/build/jestAdapterInit.js:761:3)
          at runAndTransformResultsToJestFormat (/home/bamer/nextjs-llama-async-proxy/node_modules/.pnpm/jest-circus@30.2.0_babel-plugin-macros@3.1.0/node_modules/jest-circus/build/jestAdapterInit.js:1918:21)
          at jestAdapter (/home/bamer/nextjs-llama-async-proxy/node_modules/.pnpm/jest-circus@30.2.0_babel-plugin-macros@3.1.0/node_modules/jest-circus/build/runner.js:101:19)
          at runTestInternal (/home/bamer/nextjs-llama-async-proxy/node_modules/.pnpm/jest-runner@30.2.0/node_modules/jest-runner/build/testWorker.js:275:16)
          at runTest (/home/bamer/nextjs-llama-async-proxy/node_modules/.pnpm/jest-runner@30.2.0/node_modules/jest-runner/build/testWorker.js:343:7)
          at Object.worker (/home/bamer/nextjs-llama-async-proxy/node_modules/.pnpm/jest-runner@30.2.0/node_modules/jest-runner/build/testWorker.js:497:12)

      85 |       storageUsed = sizes.reduce((total: number, size: number) => total + size, 0) / (1024 * 1024); // Convert to MB
      86 |     } catch (e) {
    > 87 |       console.error('Failed to calculate storage used:', e);
         |               ^
      88 |     }
      89 |
      90 |     // Get system metrics

      at AnalyticsEngine.getAnalytics (src/lib/analytics.ts:87:15)
      at src/lib/__tests__/analytics.test.ts:395:74
          at Array.from (<anonymous>)
      at Object.<anonymous> (src/lib/__tests__/analytics.test.ts:395:30)

    console.error
      Failed to calculate storage used: TypeError: Cannot read properties of undefined (reading 'access')
          at AnalyticsEngine.getAnalytics (/home/bamer/nextjs-llama-async-proxy/src/lib/analytics.ts:77:16)
          at /home/bamer/nextjs-llama-async-proxy/src/lib/__tests__/analytics.test.ts:395:74
          at Array.from (<anonymous>)
          at Object.<anonymous> (/home/bamer/nextjs-llama-async-proxy/src/lib/__tests__/analytics.test.ts:395:30)
          at Promise.finally.completed (/home/bamer/nextjs-llama-async-proxy/node_modules/.pnpm/jest-circus@30.2.0_babel-plugin-macros@3.1.0/node_modules/jest-circus/build/jestAdapterInit.js:1557:28)
          at new Promise (<anonymous>)
          at callAsyncCircusFn (/home/bamer/nextjs-llama-async-proxy/node_modules/.pnpm/jest-circus@30.2.0_babel-plugin-macros@3.1.0/node_modules/jest-circus/build/jestAdapterInit.js:1497:10)
          at _callCircusTest (/home/bamer/nextjs-llama-async-proxy/node_modules/.pnpm/jest-circus@30.2.0_babel-plugin-macros@3.1.0/node_modules/jest-circus/build/jestAdapterInit.js:1007:40)
          at processTicksAndRejections (node:internal/process/task_queues:103:5)
          at _runTest (/home/bamer/nextjs-llama-async-proxy/node_modules/.pnpm/jest-circus@30.2.0_babel-plugin-macros@3.1.0/node_modules/jest-circus/build/jestAdapterInit.js:947:3)
          at /home/bamer/nextjs-llama-async-proxy/node_modules/.pnpm/jest-circus@30.2.0_babel-plugin-macros@3.1.0/node_modules/jest-circus/build/jestAdapterInit.js:849:7
          at _runTestsForDescribeBlock (/home/bamer/nextjs-llama-async-proxy/node_modules/.pnpm/jest-circus@30.2.0_babel-plugin-macros@3.1.0/node_modules/jest-circus/build/jestAdapterInit.js:862:11)
          at _runTestsForDescribeBlock (/home/bamer/nextjs-llama-async-proxy/node_modules/.pnpm/jest-circus@30.2.0_babel-plugin-macros@3.1.0/node_modules/jest-circus/build/jestAdapterInit.js:857:11)
          at _runTestsForDescribeBlock (/home/bamer/nextjs-llama-async-proxy/node_modules/.pnpm/jest-circus@30.2.0_babel-plugin-macros@3.1.0/node_modules/jest-circus/build/jestAdapterInit.js:857:11)
          at run (/home/bamer/nextjs-llama-async-proxy/node_modules/.pnpm/jest-circus@30.2.0_babel-plugin-macros@3.1.0/node_modules/jest-circus/build/jestAdapterInit.js:761:3)
          at runAndTransformResultsToJestFormat (/home/bamer/nextjs-llama-async-proxy/node_modules/.pnpm/jest-circus@30.2.0_babel-plugin-macros@3.1.0/node_modules/jest-circus/build/jestAdapterInit.js:1918:21)
          at jestAdapter (/home/bamer/nextjs-llama-async-proxy/node_modules/.pnpm/jest-circus@30.2.0_babel-plugin-macros@3.1.0/node_modules/jest-circus/build/runner.js:101:19)
          at runTestInternal (/home/bamer/nextjs-llama-async-proxy/node_modules/.pnpm/jest-runner@30.2.0/node_modules/jest-runner/build/testWorker.js:275:16)
          at runTest (/home/bamer/nextjs-llama-async-proxy/node_modules/.pnpm/jest-runner@30.2.0/node_modules/jest-runner/build/testWorker.js:343:7)
          at Object.worker (/home/bamer/nextjs-llama-async-proxy/node_modules/.pnpm/jest-runner@30.2.0/node_modules/jest-runner/build/testWorker.js:497:12)

      85 |       storageUsed = sizes.reduce((total: number, size: number) => total + size, 0) / (1024 * 1024); // Convert to MB
      86 |     } catch (e) {
    > 87 |       console.error('Failed to calculate storage used:', e);
         |               ^
      88 |     }
      89 |
      90 |     // Get system metrics

      at AnalyticsEngine.getAnalytics (src/lib/analytics.ts:87:15)
      at src/lib/__tests__/analytics.test.ts:395:74
          at Array.from (<anonymous>)
      at Object.<anonymous> (src/lib/__tests__/analytics.test.ts:395:30)

    console.error
      Failed to calculate storage used: TypeError: Cannot read properties of undefined (reading 'access')
          at AnalyticsEngine.getAnalytics (/home/bamer/nextjs-llama-async-proxy/src/lib/analytics.ts:77:16)
          at /home/bamer/nextjs-llama-async-proxy/src/lib/__tests__/analytics.test.ts:395:74
          at Array.from (<anonymous>)
          at Object.<anonymous> (/home/bamer/nextjs-llama-async-proxy/src/lib/__tests__/analytics.test.ts:395:30)
          at Promise.finally.completed (/home/bamer/nextjs-llama-async-proxy/node_modules/.pnpm/jest-circus@30.2.0_babel-plugin-macros@3.1.0/node_modules/jest-circus/build/jestAdapterInit.js:1557:28)
          at new Promise (<anonymous>)
          at callAsyncCircusFn (/home/bamer/nextjs-llama-async-proxy/node_modules/.pnpm/jest-circus@30.2.0_babel-plugin-macros@3.1.0/node_modules/jest-circus/build/jestAdapterInit.js:1497:10)
          at _callCircusTest (/home/bamer/nextjs-llama-async-proxy/node_modules/.pnpm/jest-circus@30.2.0_babel-plugin-macros@3.1.0/node_modules/jest-circus/build/jestAdapterInit.js:1007:40)
          at processTicksAndRejections (node:internal/process/task_queues:103:5)
          at _runTest (/home/bamer/nextjs-llama-async-proxy/node_modules/.pnpm/jest-circus@30.2.0_babel-plugin-macros@3.1.0/node_modules/jest-circus/build/jestAdapterInit.js:947:3)
          at /home/bamer/nextjs-llama-async-proxy/node_modules/.pnpm/jest-circus@30.2.0_babel-plugin-macros@3.1.0/node_modules/jest-circus/build/jestAdapterInit.js:849:7
          at _runTestsForDescribeBlock (/home/bamer/nextjs-llama-async-proxy/node_modules/.pnpm/jest-circus@30.2.0_babel-plugin-macros@3.1.0/node_modules/jest-circus/build/jestAdapterInit.js:862:11)
          at _runTestsForDescribeBlock (/home/bamer/nextjs-llama-async-proxy/node_modules/.pnpm/jest-circus@30.2.0_babel-plugin-macros@3.1.0/node_modules/jest-circus/build/jestAdapterInit.js:857:11)
          at _runTestsForDescribeBlock (/home/bamer/nextjs-llama-async-proxy/node_modules/.pnpm/jest-circus@30.2.0_babel-plugin-macros@3.1.0/node_modules/jest-circus/build/jestAdapterInit.js:857:11)
          at run (/home/bamer/nextjs-llama-async-proxy/node_modules/.pnpm/jest-circus@30.2.0_babel-plugin-macros@3.1.0/node_modules/jest-circus/build/jestAdapterInit.js:761:3)
          at runAndTransformResultsToJestFormat (/home/bamer/nextjs-llama-async-proxy/node_modules/.pnpm/jest-circus@30.2.0_babel-plugin-macros@3.1.0/node_modules/jest-circus/build/jestAdapterInit.js:1918:21)
          at jestAdapter (/home/bamer/nextjs-llama-async-proxy/node_modules/.pnpm/jest-circus@30.2.0_babel-plugin-macros@3.1.0/node_modules/jest-circus/build/runner.js:101:19)
          at runTestInternal (/home/bamer/nextjs-llama-async-proxy/node_modules/.pnpm/jest-runner@30.2.0/node_modules/jest-runner/build/testWorker.js:275:16)
          at runTest (/home/bamer/nextjs-llama-async-proxy/node_modules/.pnpm/jest-runner@30.2.0/node_modules/jest-runner/build/testWorker.js:343:7)
          at Object.worker (/home/bamer/nextjs-llama-async-proxy/node_modules/.pnpm/jest-runner@30.2.0/node_modules/jest-runner/build/testWorker.js:497:12)

      85 |       storageUsed = sizes.reduce((total: number, size: number) => total + size, 0) / (1024 * 1024); // Convert to MB
      86 |     } catch (e) {
    > 87 |       console.error('Failed to calculate storage used:', e);
         |               ^
      88 |     }
      89 |
      90 |     // Get system metrics

      at AnalyticsEngine.getAnalytics (src/lib/analytics.ts:87:15)
      at src/lib/__tests__/analytics.test.ts:395:74
          at Array.from (<anonymous>)
      at Object.<anonymous> (src/lib/__tests__/analytics.test.ts:395:30)

    console.error
      Failed to calculate storage used: TypeError: Cannot read properties of undefined (reading 'access')
          at AnalyticsEngine.getAnalytics (/home/bamer/nextjs-llama-async-proxy/src/lib/analytics.ts:77:16)
          at /home/bamer/nextjs-llama-async-proxy/src/lib/__tests__/analytics.test.ts:395:74
          at Array.from (<anonymous>)
          at Object.<anonymous> (/home/bamer/nextjs-llama-async-proxy/src/lib/__tests__/analytics.test.ts:395:30)
          at Promise.finally.completed (/home/bamer/nextjs-llama-async-proxy/node_modules/.pnpm/jest-circus@30.2.0_babel-plugin-macros@3.1.0/node_modules/jest-circus/build/jestAdapterInit.js:1557:28)
          at new Promise (<anonymous>)
          at callAsyncCircusFn (/home/bamer/nextjs-llama-async-proxy/node_modules/.pnpm/jest-circus@30.2.0_babel-plugin-macros@3.1.0/node_modules/jest-circus/build/jestAdapterInit.js:1497:10)
          at _callCircusTest (/home/bamer/nextjs-llama-async-proxy/node_modules/.pnpm/jest-circus@30.2.0_babel-plugin-macros@3.1.0/node_modules/jest-circus/build/jestAdapterInit.js:1007:40)
          at processTicksAndRejections (node:internal/process/task_queues:103:5)
          at _runTest (/home/bamer/nextjs-llama-async-proxy/node_modules/.pnpm/jest-circus@30.2.0_babel-plugin-macros@3.1.0/node_modules/jest-circus/build/jestAdapterInit.js:947:3)
          at /home/bamer/nextjs-llama-async-proxy/node_modules/.pnpm/jest-circus@30.2.0_babel-plugin-macros@3.1.0/node_modules/jest-circus/build/jestAdapterInit.js:849:7
          at _runTestsForDescribeBlock (/home/bamer/nextjs-llama-async-proxy/node_modules/.pnpm/jest-circus@30.2.0_babel-plugin-macros@3.1.0/node_modules/jest-circus/build/jestAdapterInit.js:862:11)
          at _runTestsForDescribeBlock (/home/bamer/nextjs-llama-async-proxy/node_modules/.pnpm/jest-circus@30.2.0_babel-plugin-macros@3.1.0/node_modules/jest-circus/build/jestAdapterInit.js:857:11)
          at _runTestsForDescribeBlock (/home/bamer/nextjs-llama-async-proxy/node_modules/.pnpm/jest-circus@30.2.0_babel-plugin-macros@3.1.0/node_modules/jest-circus/build/jestAdapterInit.js:857:11)
          at run (/home/bamer/nextjs-llama-async-proxy/node_modules/.pnpm/jest-circus@30.2.0_babel-plugin-macros@3.1.0/node_modules/jest-circus/build/jestAdapterInit.js:761:3)
          at runAndTransformResultsToJestFormat (/home/bamer/nextjs-llama-async-proxy/node_modules/.pnpm/jest-circus@30.2.0_babel-plugin-macros@3.1.0/node_modules/jest-circus/build/jestAdapterInit.js:1918:21)
          at jestAdapter (/home/bamer/nextjs-llama-async-proxy/node_modules/.pnpm/jest-circus@30.2.0_babel-plugin-macros@3.1.0/node_modules/jest-circus/build/runner.js:101:19)
          at runTestInternal (/home/bamer/nextjs-llama-async-proxy/node_modules/.pnpm/jest-runner@30.2.0/node_modules/jest-runner/build/testWorker.js:275:16)
          at runTest (/home/bamer/nextjs-llama-async-proxy/node_modules/.pnpm/jest-runner@30.2.0/node_modules/jest-runner/build/testWorker.js:343:7)
          at Object.worker (/home/bamer/nextjs-llama-async-proxy/node_modules/.pnpm/jest-runner@30.2.0/node_modules/jest-runner/build/testWorker.js:497:12)

      85 |       storageUsed = sizes.reduce((total: number, size: number) => total + size, 0) / (1024 * 1024); // Convert to MB
      86 |     } catch (e) {
    > 87 |       console.error('Failed to calculate storage used:', e);
         |               ^
      88 |     }
      89 |
      90 |     // Get system metrics

      at AnalyticsEngine.getAnalytics (src/lib/analytics.ts:87:15)
      at src/lib/__tests__/analytics.test.ts:395:74
          at Array.from (<anonymous>)
      at Object.<anonymous> (src/lib/__tests__/analytics.test.ts:395:30)

    console.error
      Failed to calculate storage used: TypeError: Cannot read properties of undefined (reading 'access')
          at AnalyticsEngine.getAnalytics (/home/bamer/nextjs-llama-async-proxy/src/lib/analytics.ts:77:16)
          at /home/bamer/nextjs-llama-async-proxy/src/lib/__tests__/analytics.test.ts:395:74
          at Array.from (<anonymous>)
          at Object.<anonymous> (/home/bamer/nextjs-llama-async-proxy/src/lib/__tests__/analytics.test.ts:395:30)
          at Promise.finally.completed (/home/bamer/nextjs-llama-async-proxy/node_modules/.pnpm/jest-circus@30.2.0_babel-plugin-macros@3.1.0/node_modules/jest-circus/build/jestAdapterInit.js:1557:28)
          at new Promise (<anonymous>)
          at callAsyncCircusFn (/home/bamer/nextjs-llama-async-proxy/node_modules/.pnpm/jest-circus@30.2.0_babel-plugin-macros@3.1.0/node_modules/jest-circus/build/jestAdapterInit.js:1497:10)
          at _callCircusTest (/home/bamer/nextjs-llama-async-proxy/node_modules/.pnpm/jest-circus@30.2.0_babel-plugin-macros@3.1.0/node_modules/jest-circus/build/jestAdapterInit.js:1007:40)
          at processTicksAndRejections (node:internal/process/task_queues:103:5)
          at _runTest (/home/bamer/nextjs-llama-async-proxy/node_modules/.pnpm/jest-circus@30.2.0_babel-plugin-macros@3.1.0/node_modules/jest-circus/build/jestAdapterInit.js:947:3)
          at /home/bamer/nextjs-llama-async-proxy/node_modules/.pnpm/jest-circus@30.2.0_babel-plugin-macros@3.1.0/node_modules/jest-circus/build/jestAdapterInit.js:849:7
          at _runTestsForDescribeBlock (/home/bamer/nextjs-llama-async-proxy/node_modules/.pnpm/jest-circus@30.2.0_babel-plugin-macros@3.1.0/node_modules/jest-circus/build/jestAdapterInit.js:862:11)
          at _runTestsForDescribeBlock (/home/bamer/nextjs-llama-async-proxy/node_modules/.pnpm/jest-circus@30.2.0_babel-plugin-macros@3.1.0/node_modules/jest-circus/build/jestAdapterInit.js:857:11)
          at _runTestsForDescribeBlock (/home/bamer/nextjs-llama-async-proxy/node_modules/.pnpm/jest-circus@30.2.0_babel-plugin-macros@3.1.0/node_modules/jest-circus/build/jestAdapterInit.js:857:11)
          at run (/home/bamer/nextjs-llama-async-proxy/node_modules/.pnpm/jest-circus@30.2.0_babel-plugin-macros@3.1.0/node_modules/jest-circus/build/jestAdapterInit.js:761:3)
          at runAndTransformResultsToJestFormat (/home/bamer/nextjs-llama-async-proxy/node_modules/.pnpm/jest-circus@30.2.0_babel-plugin-macros@3.1.0/node_modules/jest-circus/build/jestAdapterInit.js:1918:21)
          at jestAdapter (/home/bamer/nextjs-llama-async-proxy/node_modules/.pnpm/jest-circus@30.2.0_babel-plugin-macros@3.1.0/node_modules/jest-circus/build/runner.js:101:19)
          at runTestInternal (/home/bamer/nextjs-llama-async-proxy/node_modules/.pnpm/jest-runner@30.2.0/node_modules/jest-runner/build/testWorker.js:275:16)
          at runTest (/home/bamer/nextjs-llama-async-proxy/node_modules/.pnpm/jest-runner@30.2.0/node_modules/jest-runner/build/testWorker.js:343:7)
          at Object.worker (/home/bamer/nextjs-llama-async-proxy/node_modules/.pnpm/jest-runner@30.2.0/node_modules/jest-runner/build/testWorker.js:497:12)

      85 |       storageUsed = sizes.reduce((total: number, size: number) => total + size, 0) / (1024 * 1024); // Convert to MB
      86 |     } catch (e) {
    > 87 |       console.error('Failed to calculate storage used:', e);
         |               ^
      88 |     }
      89 |
      90 |     // Get system metrics

      at AnalyticsEngine.getAnalytics (src/lib/analytics.ts:87:15)
      at src/lib/__tests__/analytics.test.ts:395:74
          at Array.from (<anonymous>)
      at Object.<anonymous> (src/lib/__tests__/analytics.test.ts:395:30)

    console.error
      Failed to calculate storage used: TypeError: Cannot read properties of undefined (reading 'access')
          at AnalyticsEngine.getAnalytics (/home/bamer/nextjs-llama-async-proxy/src/lib/analytics.ts:77:16)
          at /home/bamer/nextjs-llama-async-proxy/src/lib/__tests__/analytics.test.ts:395:74
          at Array.from (<anonymous>)
          at Object.<anonymous> (/home/bamer/nextjs-llama-async-proxy/src/lib/__tests__/analytics.test.ts:395:30)
          at Promise.finally.completed (/home/bamer/nextjs-llama-async-proxy/node_modules/.pnpm/jest-circus@30.2.0_babel-plugin-macros@3.1.0/node_modules/jest-circus/build/jestAdapterInit.js:1557:28)
          at new Promise (<anonymous>)
          at callAsyncCircusFn (/home/bamer/nextjs-llama-async-proxy/node_modules/.pnpm/jest-circus@30.2.0_babel-plugin-macros@3.1.0/node_modules/jest-circus/build/jestAdapterInit.js:1497:10)
          at _callCircusTest (/home/bamer/nextjs-llama-async-proxy/node_modules/.pnpm/jest-circus@30.2.0_babel-plugin-macros@3.1.0/node_modules/jest-circus/build/jestAdapterInit.js:1007:40)
          at processTicksAndRejections (node:internal/process/task_queues:103:5)
          at _runTest (/home/bamer/nextjs-llama-async-proxy/node_modules/.pnpm/jest-circus@30.2.0_babel-plugin-macros@3.1.0/node_modules/jest-circus/build/jestAdapterInit.js:947:3)
          at /home/bamer/nextjs-llama-async-proxy/node_modules/.pnpm/jest-circus@30.2.0_babel-plugin-macros@3.1.0/node_modules/jest-circus/build/jestAdapterInit.js:849:7
          at _runTestsForDescribeBlock (/home/bamer/nextjs-llama-async-proxy/node_modules/.pnpm/jest-circus@30.2.0_babel-plugin-macros@3.1.0/node_modules/jest-circus/build/jestAdapterInit.js:862:11)
          at _runTestsForDescribeBlock (/home/bamer/nextjs-llama-async-proxy/node_modules/.pnpm/jest-circus@30.2.0_babel-plugin-macros@3.1.0/node_modules/jest-circus/build/jestAdapterInit.js:857:11)
          at _runTestsForDescribeBlock (/home/bamer/nextjs-llama-async-proxy/node_modules/.pnpm/jest-circus@30.2.0_babel-plugin-macros@3.1.0/node_modules/jest-circus/build/jestAdapterInit.js:857:11)
          at run (/home/bamer/nextjs-llama-async-proxy/node_modules/.pnpm/jest-circus@30.2.0_babel-plugin-macros@3.1.0/node_modules/jest-circus/build/jestAdapterInit.js:761:3)
          at runAndTransformResultsToJestFormat (/home/bamer/nextjs-llama-async-proxy/node_modules/.pnpm/jest-circus@30.2.0_babel-plugin-macros@3.1.0/node_modules/jest-circus/build/jestAdapterInit.js:1918:21)
          at jestAdapter (/home/bamer/nextjs-llama-async-proxy/node_modules/.pnpm/jest-circus@30.2.0_babel-plugin-macros@3.1.0/node_modules/jest-circus/build/runner.js:101:19)
          at runTestInternal (/home/bamer/nextjs-llama-async-proxy/node_modules/.pnpm/jest-runner@30.2.0/node_modules/jest-runner/build/testWorker.js:275:16)
          at runTest (/home/bamer/nextjs-llama-async-proxy/node_modules/.pnpm/jest-runner@30.2.0/node_modules/jest-runner/build/testWorker.js:343:7)
          at Object.worker (/home/bamer/nextjs-llama-async-proxy/node_modules/.pnpm/jest-runner@30.2.0/node_modules/jest-runner/build/testWorker.js:497:12)

      85 |       storageUsed = sizes.reduce((total: number, size: number) => total + size, 0) / (1024 * 1024); // Convert to MB
      86 |     } catch (e) {
    > 87 |       console.error('Failed to calculate storage used:', e);
         |               ^
      88 |     }
      89 |
      90 |     // Get system metrics

      at AnalyticsEngine.getAnalytics (src/lib/analytics.ts:87:15)
      at src/lib/__tests__/analytics.test.ts:395:74
          at Array.from (<anonymous>)
      at Object.<anonymous> (src/lib/__tests__/analytics.test.ts:395:30)

    console.error
      Failed to calculate storage used: TypeError: Cannot read properties of undefined (reading 'access')
          at AnalyticsEngine.getAnalytics (/home/bamer/nextjs-llama-async-proxy/src/lib/analytics.ts:77:16)
          at /home/bamer/nextjs-llama-async-proxy/src/lib/__tests__/analytics.test.ts:395:74
          at Array.from (<anonymous>)
          at Object.<anonymous> (/home/bamer/nextjs-llama-async-proxy/src/lib/__tests__/analytics.test.ts:395:30)
          at Promise.finally.completed (/home/bamer/nextjs-llama-async-proxy/node_modules/.pnpm/jest-circus@30.2.0_babel-plugin-macros@3.1.0/node_modules/jest-circus/build/jestAdapterInit.js:1557:28)
          at new Promise (<anonymous>)
          at callAsyncCircusFn (/home/bamer/nextjs-llama-async-proxy/node_modules/.pnpm/jest-circus@30.2.0_babel-plugin-macros@3.1.0/node_modules/jest-circus/build/jestAdapterInit.js:1497:10)
          at _callCircusTest (/home/bamer/nextjs-llama-async-proxy/node_modules/.pnpm/jest-circus@30.2.0_babel-plugin-macros@3.1.0/node_modules/jest-circus/build/jestAdapterInit.js:1007:40)
          at processTicksAndRejections (node:internal/process/task_queues:103:5)
          at _runTest (/home/bamer/nextjs-llama-async-proxy/node_modules/.pnpm/jest-circus@30.2.0_babel-plugin-macros@3.1.0/node_modules/jest-circus/build/jestAdapterInit.js:947:3)
          at /home/bamer/nextjs-llama-async-proxy/node_modules/.pnpm/jest-circus@30.2.0_babel-plugin-macros@3.1.0/node_modules/jest-circus/build/jestAdapterInit.js:849:7
          at _runTestsForDescribeBlock (/home/bamer/nextjs-llama-async-proxy/node_modules/.pnpm/jest-circus@30.2.0_babel-plugin-macros@3.1.0/node_modules/jest-circus/build/jestAdapterInit.js:862:11)
          at _runTestsForDescribeBlock (/home/bamer/nextjs-llama-async-proxy/node_modules/.pnpm/jest-circus@30.2.0_babel-plugin-macros@3.1.0/node_modules/jest-circus/build/jestAdapterInit.js:857:11)
          at _runTestsForDescribeBlock (/home/bamer/nextjs-llama-async-proxy/node_modules/.pnpm/jest-circus@30.2.0_babel-plugin-macros@3.1.0/node_modules/jest-circus/build/jestAdapterInit.js:857:11)
          at run (/home/bamer/nextjs-llama-async-proxy/node_modules/.pnpm/jest-circus@30.2.0_babel-plugin-macros@3.1.0/node_modules/jest-circus/build/jestAdapterInit.js:761:3)
          at runAndTransformResultsToJestFormat (/home/bamer/nextjs-llama-async-proxy/node_modules/.pnpm/jest-circus@30.2.0_babel-plugin-macros@3.1.0/node_modules/jest-circus/build/jestAdapterInit.js:1918:21)
          at jestAdapter (/home/bamer/nextjs-llama-async-proxy/node_modules/.pnpm/jest-circus@30.2.0_babel-plugin-macros@3.1.0/node_modules/jest-circus/build/runner.js:101:19)
          at runTestInternal (/home/bamer/nextjs-llama-async-proxy/node_modules/.pnpm/jest-runner@30.2.0/node_modules/jest-runner/build/testWorker.js:275:16)
          at runTest (/home/bamer/nextjs-llama-async-proxy/node_modules/.pnpm/jest-runner@30.2.0/node_modules/jest-runner/build/testWorker.js:343:7)
          at Object.worker (/home/bamer/nextjs-llama-async-proxy/node_modules/.pnpm/jest-runner@30.2.0/node_modules/jest-runner/build/testWorker.js:497:12)

      85 |       storageUsed = sizes.reduce((total: number, size: number) => total + size, 0) / (1024 * 1024); // Convert to MB
      86 |     } catch (e) {
    > 87 |       console.error('Failed to calculate storage used:', e);
         |               ^
      88 |     }
      89 |
      90 |     // Get system metrics

      at AnalyticsEngine.getAnalytics (src/lib/analytics.ts:87:15)
      at src/lib/__tests__/analytics.test.ts:395:74
          at Array.from (<anonymous>)
      at Object.<anonymous> (src/lib/__tests__/analytics.test.ts:395:30)

    console.error
      Failed to calculate storage used: TypeError: Cannot read properties of undefined (reading 'access')
          at AnalyticsEngine.getAnalytics (/home/bamer/nextjs-llama-async-proxy/src/lib/analytics.ts:77:16)
          at /home/bamer/nextjs-llama-async-proxy/src/lib/__tests__/analytics.test.ts:395:74
          at Array.from (<anonymous>)
          at Object.<anonymous> (/home/bamer/nextjs-llama-async-proxy/src/lib/__tests__/analytics.test.ts:395:30)
          at Promise.finally.completed (/home/bamer/nextjs-llama-async-proxy/node_modules/.pnpm/jest-circus@30.2.0_babel-plugin-macros@3.1.0/node_modules/jest-circus/build/jestAdapterInit.js:1557:28)
          at new Promise (<anonymous>)
          at callAsyncCircusFn (/home/bamer/nextjs-llama-async-proxy/node_modules/.pnpm/jest-circus@30.2.0_babel-plugin-macros@3.1.0/node_modules/jest-circus/build/jestAdapterInit.js:1497:10)
          at _callCircusTest (/home/bamer/nextjs-llama-async-proxy/node_modules/.pnpm/jest-circus@30.2.0_babel-plugin-macros@3.1.0/node_modules/jest-circus/build/jestAdapterInit.js:1007:40)
          at processTicksAndRejections (node:internal/process/task_queues:103:5)
          at _runTest (/home/bamer/nextjs-llama-async-proxy/node_modules/.pnpm/jest-circus@30.2.0_babel-plugin-macros@3.1.0/node_modules/jest-circus/build/jestAdapterInit.js:947:3)
          at /home/bamer/nextjs-llama-async-proxy/node_modules/.pnpm/jest-circus@30.2.0_babel-plugin-macros@3.1.0/node_modules/jest-circus/build/jestAdapterInit.js:849:7
          at _runTestsForDescribeBlock (/home/bamer/nextjs-llama-async-proxy/node_modules/.pnpm/jest-circus@30.2.0_babel-plugin-macros@3.1.0/node_modules/jest-circus/build/jestAdapterInit.js:862:11)
          at _runTestsForDescribeBlock (/home/bamer/nextjs-llama-async-proxy/node_modules/.pnpm/jest-circus@30.2.0_babel-plugin-macros@3.1.0/node_modules/jest-circus/build/jestAdapterInit.js:857:11)
          at _runTestsForDescribeBlock (/home/bamer/nextjs-llama-async-proxy/node_modules/.pnpm/jest-circus@30.2.0_babel-plugin-macros@3.1.0/node_modules/jest-circus/build/jestAdapterInit.js:857:11)
          at run (/home/bamer/nextjs-llama-async-proxy/node_modules/.pnpm/jest-circus@30.2.0_babel-plugin-macros@3.1.0/node_modules/jest-circus/build/jestAdapterInit.js:761:3)
          at runAndTransformResultsToJestFormat (/home/bamer/nextjs-llama-async-proxy/node_modules/.pnpm/jest-circus@30.2.0_babel-plugin-macros@3.1.0/node_modules/jest-circus/build/jestAdapterInit.js:1918:21)
          at jestAdapter (/home/bamer/nextjs-llama-async-proxy/node_modules/.pnpm/jest-circus@30.2.0_babel-plugin-macros@3.1.0/node_modules/jest-circus/build/runner.js:101:19)
          at runTestInternal (/home/bamer/nextjs-llama-async-proxy/node_modules/.pnpm/jest-runner@30.2.0/node_modules/jest-runner/build/testWorker.js:275:16)
          at runTest (/home/bamer/nextjs-llama-async-proxy/node_modules/.pnpm/jest-runner@30.2.0/node_modules/jest-runner/build/testWorker.js:343:7)
          at Object.worker (/home/bamer/nextjs-llama-async-proxy/node_modules/.pnpm/jest-runner@30.2.0/node_modules/jest-runner/build/testWorker.js:497:12)

      85 |       storageUsed = sizes.reduce((total: number, size: number) => total + size, 0) / (1024 * 1024); // Convert to MB
      86 |     } catch (e) {
    > 87 |       console.error('Failed to calculate storage used:', e);
         |               ^
      88 |     }
      89 |
      90 |     // Get system metrics

      at AnalyticsEngine.getAnalytics (src/lib/analytics.ts:87:15)
      at src/lib/__tests__/analytics.test.ts:395:74
          at Array.from (<anonymous>)
      at Object.<anonymous> (src/lib/__tests__/analytics.test.ts:395:30)

    console.error
      Failed to calculate storage used: TypeError: Cannot read properties of undefined (reading 'access')
          at AnalyticsEngine.getAnalytics (/home/bamer/nextjs-llama-async-proxy/src/lib/analytics.ts:77:16)
          at /home/bamer/nextjs-llama-async-proxy/src/lib/__tests__/analytics.test.ts:395:74
          at Array.from (<anonymous>)
          at Object.<anonymous> (/home/bamer/nextjs-llama-async-proxy/src/lib/__tests__/analytics.test.ts:395:30)
          at Promise.finally.completed (/home/bamer/nextjs-llama-async-proxy/node_modules/.pnpm/jest-circus@30.2.0_babel-plugin-macros@3.1.0/node_modules/jest-circus/build/jestAdapterInit.js:1557:28)
          at new Promise (<anonymous>)
          at callAsyncCircusFn (/home/bamer/nextjs-llama-async-proxy/node_modules/.pnpm/jest-circus@30.2.0_babel-plugin-macros@3.1.0/node_modules/jest-circus/build/jestAdapterInit.js:1497:10)
          at _callCircusTest (/home/bamer/nextjs-llama-async-proxy/node_modules/.pnpm/jest-circus@30.2.0_babel-plugin-macros@3.1.0/node_modules/jest-circus/build/jestAdapterInit.js:1007:40)
          at processTicksAndRejections (node:internal/process/task_queues:103:5)
          at _runTest (/home/bamer/nextjs-llama-async-proxy/node_modules/.pnpm/jest-circus@30.2.0_babel-plugin-macros@3.1.0/node_modules/jest-circus/build/jestAdapterInit.js:947:3)
          at /home/bamer/nextjs-llama-async-proxy/node_modules/.pnpm/jest-circus@30.2.0_babel-plugin-macros@3.1.0/node_modules/jest-circus/build/jestAdapterInit.js:849:7
          at _runTestsForDescribeBlock (/home/bamer/nextjs-llama-async-proxy/node_modules/.pnpm/jest-circus@30.2.0_babel-plugin-macros@3.1.0/node_modules/jest-circus/build/jestAdapterInit.js:862:11)
          at _runTestsForDescribeBlock (/home/bamer/nextjs-llama-async-proxy/node_modules/.pnpm/jest-circus@30.2.0_babel-plugin-macros@3.1.0/node_modules/jest-circus/build/jestAdapterInit.js:857:11)
          at _runTestsForDescribeBlock (/home/bamer/nextjs-llama-async-proxy/node_modules/.pnpm/jest-circus@30.2.0_babel-plugin-macros@3.1.0/node_modules/jest-circus/build/jestAdapterInit.js:857:11)
          at run (/home/bamer/nextjs-llama-async-proxy/node_modules/.pnpm/jest-circus@30.2.0_babel-plugin-macros@3.1.0/node_modules/jest-circus/build/jestAdapterInit.js:761:3)
          at runAndTransformResultsToJestFormat (/home/bamer/nextjs-llama-async-proxy/node_modules/.pnpm/jest-circus@30.2.0_babel-plugin-macros@3.1.0/node_modules/jest-circus/build/jestAdapterInit.js:1918:21)
          at jestAdapter (/home/bamer/nextjs-llama-async-proxy/node_modules/.pnpm/jest-circus@30.2.0_babel-plugin-macros@3.1.0/node_modules/jest-circus/build/runner.js:101:19)
          at runTestInternal (/home/bamer/nextjs-llama-async-proxy/node_modules/.pnpm/jest-runner@30.2.0/node_modules/jest-runner/build/testWorker.js:275:16)
          at runTest (/home/bamer/nextjs-llama-async-proxy/node_modules/.pnpm/jest-runner@30.2.0/node_modules/jest-runner/build/testWorker.js:343:7)
          at Object.worker (/home/bamer/nextjs-llama-async-proxy/node_modules/.pnpm/jest-runner@30.2.0/node_modules/jest-runner/build/testWorker.js:497:12)

      85 |       storageUsed = sizes.reduce((total: number, size: number) => total + size, 0) / (1024 * 1024); // Convert to MB
      86 |     } catch (e) {
    > 87 |       console.error('Failed to calculate storage used:', e);
         |               ^
      88 |     }
      89 |
      90 |     // Get system metrics

      at AnalyticsEngine.getAnalytics (src/lib/analytics.ts:87:15)
      at src/lib/__tests__/analytics.test.ts:395:74
          at Array.from (<anonymous>)
      at Object.<anonymous> (src/lib/__tests__/analytics.test.ts:395:30)

    console.error
      Failed to calculate storage used: TypeError: Cannot read properties of undefined (reading 'access')
          at AnalyticsEngine.getAnalytics (/home/bamer/nextjs-llama-async-proxy/src/lib/analytics.ts:77:16)
          at /home/bamer/nextjs-llama-async-proxy/src/lib/__tests__/analytics.test.ts:395:74
          at Array.from (<anonymous>)
          at Object.<anonymous> (/home/bamer/nextjs-llama-async-proxy/src/lib/__tests__/analytics.test.ts:395:30)
          at Promise.finally.completed (/home/bamer/nextjs-llama-async-proxy/node_modules/.pnpm/jest-circus@30.2.0_babel-plugin-macros@3.1.0/node_modules/jest-circus/build/jestAdapterInit.js:1557:28)
          at new Promise (<anonymous>)
          at callAsyncCircusFn (/home/bamer/nextjs-llama-async-proxy/node_modules/.pnpm/jest-circus@30.2.0_babel-plugin-macros@3.1.0/node_modules/jest-circus/build/jestAdapterInit.js:1497:10)
          at _callCircusTest (/home/bamer/nextjs-llama-async-proxy/node_modules/.pnpm/jest-circus@30.2.0_babel-plugin-macros@3.1.0/node_modules/jest-circus/build/jestAdapterInit.js:1007:40)
          at processTicksAndRejections (node:internal/process/task_queues:103:5)
          at _runTest (/home/bamer/nextjs-llama-async-proxy/node_modules/.pnpm/jest-circus@30.2.0_babel-plugin-macros@3.1.0/node_modules/jest-circus/build/jestAdapterInit.js:947:3)
          at /home/bamer/nextjs-llama-async-proxy/node_modules/.pnpm/jest-circus@30.2.0_babel-plugin-macros@3.1.0/node_modules/jest-circus/build/jestAdapterInit.js:849:7
          at _runTestsForDescribeBlock (/home/bamer/nextjs-llama-async-proxy/node_modules/.pnpm/jest-circus@30.2.0_babel-plugin-macros@3.1.0/node_modules/jest-circus/build/jestAdapterInit.js:862:11)
          at _runTestsForDescribeBlock (/home/bamer/nextjs-llama-async-proxy/node_modules/.pnpm/jest-circus@30.2.0_babel-plugin-macros@3.1.0/node_modules/jest-circus/build/jestAdapterInit.js:857:11)
          at _runTestsForDescribeBlock (/home/bamer/nextjs-llama-async-proxy/node_modules/.pnpm/jest-circus@30.2.0_babel-plugin-macros@3.1.0/node_modules/jest-circus/build/jestAdapterInit.js:857:11)
          at run (/home/bamer/nextjs-llama-async-proxy/node_modules/.pnpm/jest-circus@30.2.0_babel-plugin-macros@3.1.0/node_modules/jest-circus/build/jestAdapterInit.js:761:3)
          at runAndTransformResultsToJestFormat (/home/bamer/nextjs-llama-async-proxy/node_modules/.pnpm/jest-circus@30.2.0_babel-plugin-macros@3.1.0/node_modules/jest-circus/build/jestAdapterInit.js:1918:21)
          at jestAdapter (/home/bamer/nextjs-llama-async-proxy/node_modules/.pnpm/jest-circus@30.2.0_babel-plugin-macros@3.1.0/node_modules/jest-circus/build/runner.js:101:19)
          at runTestInternal (/home/bamer/nextjs-llama-async-proxy/node_modules/.pnpm/jest-runner@30.2.0/node_modules/jest-runner/build/testWorker.js:275:16)
          at runTest (/home/bamer/nextjs-llama-async-proxy/node_modules/.pnpm/jest-runner@30.2.0/node_modules/jest-runner/build/testWorker.js:343:7)
          at Object.worker (/home/bamer/nextjs-llama-async-proxy/node_modules/.pnpm/jest-runner@30.2.0/node_modules/jest-runner/build/testWorker.js:497:12)

      85 |       storageUsed = sizes.reduce((total: number, size: number) => total + size, 0) / (1024 * 1024); // Convert to MB
      86 |     } catch (e) {
    > 87 |       console.error('Failed to calculate storage used:', e);
         |               ^
      88 |     }
      89 |
      90 |     // Get system metrics

      at AnalyticsEngine.getAnalytics (src/lib/analytics.ts:87:15)
      at src/lib/__tests__/analytics.test.ts:395:74
          at Array.from (<anonymous>)
      at Object.<anonymous> (src/lib/__tests__/analytics.test.ts:395:30)

    console.error
      Failed to calculate storage used: TypeError: Cannot read properties of undefined (reading 'access')
          at AnalyticsEngine.getAnalytics (/home/bamer/nextjs-llama-async-proxy/src/lib/analytics.ts:77:16)
          at /home/bamer/nextjs-llama-async-proxy/src/lib/__tests__/analytics.test.ts:395:74
          at Array.from (<anonymous>)
          at Object.<anonymous> (/home/bamer/nextjs-llama-async-proxy/src/lib/__tests__/analytics.test.ts:395:30)
          at Promise.finally.completed (/home/bamer/nextjs-llama-async-proxy/node_modules/.pnpm/jest-circus@30.2.0_babel-plugin-macros@3.1.0/node_modules/jest-circus/build/jestAdapterInit.js:1557:28)
          at new Promise (<anonymous>)
          at callAsyncCircusFn (/home/bamer/nextjs-llama-async-proxy/node_modules/.pnpm/jest-circus@30.2.0_babel-plugin-macros@3.1.0/node_modules/jest-circus/build/jestAdapterInit.js:1497:10)
          at _callCircusTest (/home/bamer/nextjs-llama-async-proxy/node_modules/.pnpm/jest-circus@30.2.0_babel-plugin-macros@3.1.0/node_modules/jest-circus/build/jestAdapterInit.js:1007:40)
          at processTicksAndRejections (node:internal/process/task_queues:103:5)
          at _runTest (/home/bamer/nextjs-llama-async-proxy/node_modules/.pnpm/jest-circus@30.2.0_babel-plugin-macros@3.1.0/node_modules/jest-circus/build/jestAdapterInit.js:947:3)
          at /home/bamer/nextjs-llama-async-proxy/node_modules/.pnpm/jest-circus@30.2.0_babel-plugin-macros@3.1.0/node_modules/jest-circus/build/jestAdapterInit.js:849:7
          at _runTestsForDescribeBlock (/home/bamer/nextjs-llama-async-proxy/node_modules/.pnpm/jest-circus@30.2.0_babel-plugin-macros@3.1.0/node_modules/jest-circus/build/jestAdapterInit.js:862:11)
          at _runTestsForDescribeBlock (/home/bamer/nextjs-llama-async-proxy/node_modules/.pnpm/jest-circus@30.2.0_babel-plugin-macros@3.1.0/node_modules/jest-circus/build/jestAdapterInit.js:857:11)
          at _runTestsForDescribeBlock (/home/bamer/nextjs-llama-async-proxy/node_modules/.pnpm/jest-circus@30.2.0_babel-plugin-macros@3.1.0/node_modules/jest-circus/build/jestAdapterInit.js:857:11)
          at run (/home/bamer/nextjs-llama-async-proxy/node_modules/.pnpm/jest-circus@30.2.0_babel-plugin-macros@3.1.0/node_modules/jest-circus/build/jestAdapterInit.js:761:3)
          at runAndTransformResultsToJestFormat (/home/bamer/nextjs-llama-async-proxy/node_modules/.pnpm/jest-circus@30.2.0_babel-plugin-macros@3.1.0/node_modules/jest-circus/build/jestAdapterInit.js:1918:21)
          at jestAdapter (/home/bamer/nextjs-llama-async-proxy/node_modules/.pnpm/jest-circus@30.2.0_babel-plugin-macros@3.1.0/node_modules/jest-circus/build/runner.js:101:19)
          at runTestInternal (/home/bamer/nextjs-llama-async-proxy/node_modules/.pnpm/jest-runner@30.2.0/node_modules/jest-runner/build/testWorker.js:275:16)
          at runTest (/home/bamer/nextjs-llama-async-proxy/node_modules/.pnpm/jest-runner@30.2.0/node_modules/jest-runner/build/testWorker.js:343:7)
          at Object.worker (/home/bamer/nextjs-llama-async-proxy/node_modules/.pnpm/jest-runner@30.2.0/node_modules/jest-runner/build/testWorker.js:497:12)

      85 |       storageUsed = sizes.reduce((total: number, size: number) => total + size, 0) / (1024 * 1024); // Convert to MB
      86 |     } catch (e) {
    > 87 |       console.error('Failed to calculate storage used:', e);
         |               ^
      88 |     }
      89 |
      90 |     // Get system metrics

      at AnalyticsEngine.getAnalytics (src/lib/analytics.ts:87:15)
      at src/lib/__tests__/analytics.test.ts:395:74
          at Array.from (<anonymous>)
      at Object.<anonymous> (src/lib/__tests__/analytics.test.ts:395:30)

    console.error
      Failed to calculate storage used: TypeError: Cannot read properties of undefined (reading 'access')
          at AnalyticsEngine.getAnalytics (/home/bamer/nextjs-llama-async-proxy/src/lib/analytics.ts:77:16)
          at /home/bamer/nextjs-llama-async-proxy/src/lib/__tests__/analytics.test.ts:395:74
          at Array.from (<anonymous>)
          at Object.<anonymous> (/home/bamer/nextjs-llama-async-proxy/src/lib/__tests__/analytics.test.ts:395:30)
          at Promise.finally.completed (/home/bamer/nextjs-llama-async-proxy/node_modules/.pnpm/jest-circus@30.2.0_babel-plugin-macros@3.1.0/node_modules/jest-circus/build/jestAdapterInit.js:1557:28)
          at new Promise (<anonymous>)
          at callAsyncCircusFn (/home/bamer/nextjs-llama-async-proxy/node_modules/.pnpm/jest-circus@30.2.0_babel-plugin-macros@3.1.0/node_modules/jest-circus/build/jestAdapterInit.js:1497:10)
          at _callCircusTest (/home/bamer/nextjs-llama-async-proxy/node_modules/.pnpm/jest-circus@30.2.0_babel-plugin-macros@3.1.0/node_modules/jest-circus/build/jestAdapterInit.js:1007:40)
          at processTicksAndRejections (node:internal/process/task_queues:103:5)
          at _runTest (/home/bamer/nextjs-llama-async-proxy/node_modules/.pnpm/jest-circus@30.2.0_babel-plugin-macros@3.1.0/node_modules/jest-circus/build/jestAdapterInit.js:947:3)
          at /home/bamer/nextjs-llama-async-proxy/node_modules/.pnpm/jest-circus@30.2.0_babel-plugin-macros@3.1.0/node_modules/jest-circus/build/jestAdapterInit.js:849:7
          at _runTestsForDescribeBlock (/home/bamer/nextjs-llama-async-proxy/node_modules/.pnpm/jest-circus@30.2.0_babel-plugin-macros@3.1.0/node_modules/jest-circus/build/jestAdapterInit.js:862:11)
          at _runTestsForDescribeBlock (/home/bamer/nextjs-llama-async-proxy/node_modules/.pnpm/jest-circus@30.2.0_babel-plugin-macros@3.1.0/node_modules/jest-circus/build/jestAdapterInit.js:857:11)
          at _runTestsForDescribeBlock (/home/bamer/nextjs-llama-async-proxy/node_modules/.pnpm/jest-circus@30.2.0_babel-plugin-macros@3.1.0/node_modules/jest-circus/build/jestAdapterInit.js:857:11)
          at run (/home/bamer/nextjs-llama-async-proxy/node_modules/.pnpm/jest-circus@30.2.0_babel-plugin-macros@3.1.0/node_modules/jest-circus/build/jestAdapterInit.js:761:3)
          at runAndTransformResultsToJestFormat (/home/bamer/nextjs-llama-async-proxy/node_modules/.pnpm/jest-circus@30.2.0_babel-plugin-macros@3.1.0/node_modules/jest-circus/build/jestAdapterInit.js:1918:21)
          at jestAdapter (/home/bamer/nextjs-llama-async-proxy/node_modules/.pnpm/jest-circus@30.2.0_babel-plugin-macros@3.1.0/node_modules/jest-circus/build/runner.js:101:19)
          at runTestInternal (/home/bamer/nextjs-llama-async-proxy/node_modules/.pnpm/jest-runner@30.2.0/node_modules/jest-runner/build/testWorker.js:275:16)
          at runTest (/home/bamer/nextjs-llama-async-proxy/node_modules/.pnpm/jest-runner@30.2.0/node_modules/jest-runner/build/testWorker.js:343:7)
          at Object.worker (/home/bamer/nextjs-llama-async-proxy/node_modules/.pnpm/jest-runner@30.2.0/node_modules/jest-runner/build/testWorker.js:497:12)

      85 |       storageUsed = sizes.reduce((total: number, size: number) => total + size, 0) / (1024 * 1024); // Convert to MB
      86 |     } catch (e) {
    > 87 |       console.error('Failed to calculate storage used:', e);
         |               ^
      88 |     }
      89 |
      90 |     // Get system metrics

      at AnalyticsEngine.getAnalytics (src/lib/analytics.ts:87:15)
      at src/lib/__tests__/analytics.test.ts:395:74
          at Array.from (<anonymous>)
      at Object.<anonymous> (src/lib/__tests__/analytics.test.ts:395:30)

    console.error
      Failed to calculate storage used: TypeError: Cannot read properties of undefined (reading 'access')
          at AnalyticsEngine.getAnalytics (/home/bamer/nextjs-llama-async-proxy/src/lib/analytics.ts:77:16)
          at /home/bamer/nextjs-llama-async-proxy/src/lib/__tests__/analytics.test.ts:395:74
          at Array.from (<anonymous>)
          at Object.<anonymous> (/home/bamer/nextjs-llama-async-proxy/src/lib/__tests__/analytics.test.ts:395:30)
          at Promise.finally.completed (/home/bamer/nextjs-llama-async-proxy/node_modules/.pnpm/jest-circus@30.2.0_babel-plugin-macros@3.1.0/node_modules/jest-circus/build/jestAdapterInit.js:1557:28)
          at new Promise (<anonymous>)
          at callAsyncCircusFn (/home/bamer/nextjs-llama-async-proxy/node_modules/.pnpm/jest-circus@30.2.0_babel-plugin-macros@3.1.0/node_modules/jest-circus/build/jestAdapterInit.js:1497:10)
          at _callCircusTest (/home/bamer/nextjs-llama-async-proxy/node_modules/.pnpm/jest-circus@30.2.0_babel-plugin-macros@3.1.0/node_modules/jest-circus/build/jestAdapterInit.js:1007:40)
          at processTicksAndRejections (node:internal/process/task_queues:103:5)
          at _runTest (/home/bamer/nextjs-llama-async-proxy/node_modules/.pnpm/jest-circus@30.2.0_babel-plugin-macros@3.1.0/node_modules/jest-circus/build/jestAdapterInit.js:947:3)
          at /home/bamer/nextjs-llama-async-proxy/node_modules/.pnpm/jest-circus@30.2.0_babel-plugin-macros@3.1.0/node_modules/jest-circus/build/jestAdapterInit.js:849:7
          at _runTestsForDescribeBlock (/home/bamer/nextjs-llama-async-proxy/node_modules/.pnpm/jest-circus@30.2.0_babel-plugin-macros@3.1.0/node_modules/jest-circus/build/jestAdapterInit.js:862:11)
          at _runTestsForDescribeBlock (/home/bamer/nextjs-llama-async-proxy/node_modules/.pnpm/jest-circus@30.2.0_babel-plugin-macros@3.1.0/node_modules/jest-circus/build/jestAdapterInit.js:857:11)
          at _runTestsForDescribeBlock (/home/bamer/nextjs-llama-async-proxy/node_modules/.pnpm/jest-circus@30.2.0_babel-plugin-macros@3.1.0/node_modules/jest-circus/build/jestAdapterInit.js:857:11)
          at run (/home/bamer/nextjs-llama-async-proxy/node_modules/.pnpm/jest-circus@30.2.0_babel-plugin-macros@3.1.0/node_modules/jest-circus/build/jestAdapterInit.js:761:3)
          at runAndTransformResultsToJestFormat (/home/bamer/nextjs-llama-async-proxy/node_modules/.pnpm/jest-circus@30.2.0_babel-plugin-macros@3.1.0/node_modules/jest-circus/build/jestAdapterInit.js:1918:21)
          at jestAdapter (/home/bamer/nextjs-llama-async-proxy/node_modules/.pnpm/jest-circus@30.2.0_babel-plugin-macros@3.1.0/node_modules/jest-circus/build/runner.js:101:19)
          at runTestInternal (/home/bamer/nextjs-llama-async-proxy/node_modules/.pnpm/jest-runner@30.2.0/node_modules/jest-runner/build/testWorker.js:275:16)
          at runTest (/home/bamer/nextjs-llama-async-proxy/node_modules/.pnpm/jest-runner@30.2.0/node_modules/jest-runner/build/testWorker.js:343:7)
          at Object.worker (/home/bamer/nextjs-llama-async-proxy/node_modules/.pnpm/jest-runner@30.2.0/node_modules/jest-runner/build/testWorker.js:497:12)

      85 |       storageUsed = sizes.reduce((total: number, size: number) => total + size, 0) / (1024 * 1024); // Convert to MB
      86 |     } catch (e) {
    > 87 |       console.error('Failed to calculate storage used:', e);
         |               ^
      88 |     }
      89 |
      90 |     // Get system metrics

      at AnalyticsEngine.getAnalytics (src/lib/analytics.ts:87:15)
      at src/lib/__tests__/analytics.test.ts:395:74
          at Array.from (<anonymous>)
      at Object.<anonymous> (src/lib/__tests__/analytics.test.ts:395:30)

    console.error
      Failed to calculate storage used: TypeError: Cannot read properties of undefined (reading 'access')
          at AnalyticsEngine.getAnalytics (/home/bamer/nextjs-llama-async-proxy/src/lib/analytics.ts:77:16)
          at /home/bamer/nextjs-llama-async-proxy/src/lib/__tests__/analytics.test.ts:395:74
          at Array.from (<anonymous>)
          at Object.<anonymous> (/home/bamer/nextjs-llama-async-proxy/src/lib/__tests__/analytics.test.ts:395:30)
          at Promise.finally.completed (/home/bamer/nextjs-llama-async-proxy/node_modules/.pnpm/jest-circus@30.2.0_babel-plugin-macros@3.1.0/node_modules/jest-circus/build/jestAdapterInit.js:1557:28)
          at new Promise (<anonymous>)
          at callAsyncCircusFn (/home/bamer/nextjs-llama-async-proxy/node_modules/.pnpm/jest-circus@30.2.0_babel-plugin-macros@3.1.0/node_modules/jest-circus/build/jestAdapterInit.js:1497:10)
          at _callCircusTest (/home/bamer/nextjs-llama-async-proxy/node_modules/.pnpm/jest-circus@30.2.0_babel-plugin-macros@3.1.0/node_modules/jest-circus/build/jestAdapterInit.js:1007:40)
          at processTicksAndRejections (node:internal/process/task_queues:103:5)
          at _runTest (/home/bamer/nextjs-llama-async-proxy/node_modules/.pnpm/jest-circus@30.2.0_babel-plugin-macros@3.1.0/node_modules/jest-circus/build/jestAdapterInit.js:947:3)
          at /home/bamer/nextjs-llama-async-proxy/node_modules/.pnpm/jest-circus@30.2.0_babel-plugin-macros@3.1.0/node_modules/jest-circus/build/jestAdapterInit.js:849:7
          at _runTestsForDescribeBlock (/home/bamer/nextjs-llama-async-proxy/node_modules/.pnpm/jest-circus@30.2.0_babel-plugin-macros@3.1.0/node_modules/jest-circus/build/jestAdapterInit.js:862:11)
          at _runTestsForDescribeBlock (/home/bamer/nextjs-llama-async-proxy/node_modules/.pnpm/jest-circus@30.2.0_babel-plugin-macros@3.1.0/node_modules/jest-circus/build/jestAdapterInit.js:857:11)
          at _runTestsForDescribeBlock (/home/bamer/nextjs-llama-async-proxy/node_modules/.pnpm/jest-circus@30.2.0_babel-plugin-macros@3.1.0/node_modules/jest-circus/build/jestAdapterInit.js:857:11)
          at run (/home/bamer/nextjs-llama-async-proxy/node_modules/.pnpm/jest-circus@30.2.0_babel-plugin-macros@3.1.0/node_modules/jest-circus/build/jestAdapterInit.js:761:3)
          at runAndTransformResultsToJestFormat (/home/bamer/nextjs-llama-async-proxy/node_modules/.pnpm/jest-circus@30.2.0_babel-plugin-macros@3.1.0/node_modules/jest-circus/build/jestAdapterInit.js:1918:21)
          at jestAdapter (/home/bamer/nextjs-llama-async-proxy/node_modules/.pnpm/jest-circus@30.2.0_babel-plugin-macros@3.1.0/node_modules/jest-circus/build/runner.js:101:19)
          at runTestInternal (/home/bamer/nextjs-llama-async-proxy/node_modules/.pnpm/jest-runner@30.2.0/node_modules/jest-runner/build/testWorker.js:275:16)
          at runTest (/home/bamer/nextjs-llama-async-proxy/node_modules/.pnpm/jest-runner@30.2.0/node_modules/jest-runner/build/testWorker.js:343:7)
          at Object.worker (/home/bamer/nextjs-llama-async-proxy/node_modules/.pnpm/jest-runner@30.2.0/node_modules/jest-runner/build/testWorker.js:497:12)

      85 |       storageUsed = sizes.reduce((total: number, size: number) => total + size, 0) / (1024 * 1024); // Convert to MB
      86 |     } catch (e) {
    > 87 |       console.error('Failed to calculate storage used:', e);
         |               ^
      88 |     }
      89 |
      90 |     // Get system metrics

      at AnalyticsEngine.getAnalytics (src/lib/analytics.ts:87:15)
      at src/lib/__tests__/analytics.test.ts:395:74
          at Array.from (<anonymous>)
      at Object.<anonymous> (src/lib/__tests__/analytics.test.ts:395:30)

    console.error
      Failed to calculate storage used: TypeError: Cannot read properties of undefined (reading 'access')
          at AnalyticsEngine.getAnalytics (/home/bamer/nextjs-llama-async-proxy/src/lib/analytics.ts:77:16)
          at /home/bamer/nextjs-llama-async-proxy/src/lib/__tests__/analytics.test.ts:395:74
          at Array.from (<anonymous>)
          at Object.<anonymous> (/home/bamer/nextjs-llama-async-proxy/src/lib/__tests__/analytics.test.ts:395:30)
          at Promise.finally.completed (/home/bamer/nextjs-llama-async-proxy/node_modules/.pnpm/jest-circus@30.2.0_babel-plugin-macros@3.1.0/node_modules/jest-circus/build/jestAdapterInit.js:1557:28)
          at new Promise (<anonymous>)
          at callAsyncCircusFn (/home/bamer/nextjs-llama-async-proxy/node_modules/.pnpm/jest-circus@30.2.0_babel-plugin-macros@3.1.0/node_modules/jest-circus/build/jestAdapterInit.js:1497:10)
          at _callCircusTest (/home/bamer/nextjs-llama-async-proxy/node_modules/.pnpm/jest-circus@30.2.0_babel-plugin-macros@3.1.0/node_modules/jest-circus/build/jestAdapterInit.js:1007:40)
          at processTicksAndRejections (node:internal/process/task_queues:103:5)
          at _runTest (/home/bamer/nextjs-llama-async-proxy/node_modules/.pnpm/jest-circus@30.2.0_babel-plugin-macros@3.1.0/node_modules/jest-circus/build/jestAdapterInit.js:947:3)
          at /home/bamer/nextjs-llama-async-proxy/node_modules/.pnpm/jest-circus@30.2.0_babel-plugin-macros@3.1.0/node_modules/jest-circus/build/jestAdapterInit.js:849:7
          at _runTestsForDescribeBlock (/home/bamer/nextjs-llama-async-proxy/node_modules/.pnpm/jest-circus@30.2.0_babel-plugin-macros@3.1.0/node_modules/jest-circus/build/jestAdapterInit.js:862:11)
          at _runTestsForDescribeBlock (/home/bamer/nextjs-llama-async-proxy/node_modules/.pnpm/jest-circus@30.2.0_babel-plugin-macros@3.1.0/node_modules/jest-circus/build/jestAdapterInit.js:857:11)
          at _runTestsForDescribeBlock (/home/bamer/nextjs-llama-async-proxy/node_modules/.pnpm/jest-circus@30.2.0_babel-plugin-macros@3.1.0/node_modules/jest-circus/build/jestAdapterInit.js:857:11)
          at run (/home/bamer/nextjs-llama-async-proxy/node_modules/.pnpm/jest-circus@30.2.0_babel-plugin-macros@3.1.0/node_modules/jest-circus/build/jestAdapterInit.js:761:3)
          at runAndTransformResultsToJestFormat (/home/bamer/nextjs-llama-async-proxy/node_modules/.pnpm/jest-circus@30.2.0_babel-plugin-macros@3.1.0/node_modules/jest-circus/build/jestAdapterInit.js:1918:21)
          at jestAdapter (/home/bamer/nextjs-llama-async-proxy/node_modules/.pnpm/jest-circus@30.2.0_babel-plugin-macros@3.1.0/node_modules/jest-circus/build/runner.js:101:19)
          at runTestInternal (/home/bamer/nextjs-llama-async-proxy/node_modules/.pnpm/jest-runner@30.2.0/node_modules/jest-runner/build/testWorker.js:275:16)
          at runTest (/home/bamer/nextjs-llama-async-proxy/node_modules/.pnpm/jest-runner@30.2.0/node_modules/jest-runner/build/testWorker.js:343:7)
          at Object.worker (/home/bamer/nextjs-llama-async-proxy/node_modules/.pnpm/jest-runner@30.2.0/node_modules/jest-runner/build/testWorker.js:497:12)

      85 |       storageUsed = sizes.reduce((total: number, size: number) => total + size, 0) / (1024 * 1024); // Convert to MB
      86 |     } catch (e) {
    > 87 |       console.error('Failed to calculate storage used:', e);
         |               ^
      88 |     }
      89 |
      90 |     // Get system metrics

      at AnalyticsEngine.getAnalytics (src/lib/analytics.ts:87:15)
      at src/lib/__tests__/analytics.test.ts:395:74
          at Array.from (<anonymous>)
      at Object.<anonymous> (src/lib/__tests__/analytics.test.ts:395:30)

    console.error
      Failed to calculate storage used: TypeError: Cannot read properties of undefined (reading 'access')
          at AnalyticsEngine.getAnalytics (/home/bamer/nextjs-llama-async-proxy/src/lib/analytics.ts:77:16)
          at /home/bamer/nextjs-llama-async-proxy/src/lib/__tests__/analytics.test.ts:395:74
          at Array.from (<anonymous>)
          at Object.<anonymous> (/home/bamer/nextjs-llama-async-proxy/src/lib/__tests__/analytics.test.ts:395:30)
          at Promise.finally.completed (/home/bamer/nextjs-llama-async-proxy/node_modules/.pnpm/jest-circus@30.2.0_babel-plugin-macros@3.1.0/node_modules/jest-circus/build/jestAdapterInit.js:1557:28)
          at new Promise (<anonymous>)
          at callAsyncCircusFn (/home/bamer/nextjs-llama-async-proxy/node_modules/.pnpm/jest-circus@30.2.0_babel-plugin-macros@3.1.0/node_modules/jest-circus/build/jestAdapterInit.js:1497:10)
          at _callCircusTest (/home/bamer/nextjs-llama-async-proxy/node_modules/.pnpm/jest-circus@30.2.0_babel-plugin-macros@3.1.0/node_modules/jest-circus/build/jestAdapterInit.js:1007:40)
          at processTicksAndRejections (node:internal/process/task_queues:103:5)
          at _runTest (/home/bamer/nextjs-llama-async-proxy/node_modules/.pnpm/jest-circus@30.2.0_babel-plugin-macros@3.1.0/node_modules/jest-circus/build/jestAdapterInit.js:947:3)
          at /home/bamer/nextjs-llama-async-proxy/node_modules/.pnpm/jest-circus@30.2.0_babel-plugin-macros@3.1.0/node_modules/jest-circus/build/jestAdapterInit.js:849:7
          at _runTestsForDescribeBlock (/home/bamer/nextjs-llama-async-proxy/node_modules/.pnpm/jest-circus@30.2.0_babel-plugin-macros@3.1.0/node_modules/jest-circus/build/jestAdapterInit.js:862:11)
          at _runTestsForDescribeBlock (/home/bamer/nextjs-llama-async-proxy/node_modules/.pnpm/jest-circus@30.2.0_babel-plugin-macros@3.1.0/node_modules/jest-circus/build/jestAdapterInit.js:857:11)
          at _runTestsForDescribeBlock (/home/bamer/nextjs-llama-async-proxy/node_modules/.pnpm/jest-circus@30.2.0_babel-plugin-macros@3.1.0/node_modules/jest-circus/build/jestAdapterInit.js:857:11)
          at run (/home/bamer/nextjs-llama-async-proxy/node_modules/.pnpm/jest-circus@30.2.0_babel-plugin-macros@3.1.0/node_modules/jest-circus/build/jestAdapterInit.js:761:3)
          at runAndTransformResultsToJestFormat (/home/bamer/nextjs-llama-async-proxy/node_modules/.pnpm/jest-circus@30.2.0_babel-plugin-macros@3.1.0/node_modules/jest-circus/build/jestAdapterInit.js:1918:21)
          at jestAdapter (/home/bamer/nextjs-llama-async-proxy/node_modules/.pnpm/jest-circus@30.2.0_babel-plugin-macros@3.1.0/node_modules/jest-circus/build/runner.js:101:19)
          at runTestInternal (/home/bamer/nextjs-llama-async-proxy/node_modules/.pnpm/jest-runner@30.2.0/node_modules/jest-runner/build/testWorker.js:275:16)
          at runTest (/home/bamer/nextjs-llama-async-proxy/node_modules/.pnpm/jest-runner@30.2.0/node_modules/jest-runner/build/testWorker.js:343:7)
          at Object.worker (/home/bamer/nextjs-llama-async-proxy/node_modules/.pnpm/jest-runner@30.2.0/node_modules/jest-runner/build/testWorker.js:497:12)

      85 |       storageUsed = sizes.reduce((total: number, size: number) => total + size, 0) / (1024 * 1024); // Convert to MB
      86 |     } catch (e) {
    > 87 |       console.error('Failed to calculate storage used:', e);
         |               ^
      88 |     }
      89 |
      90 |     // Get system metrics

      at AnalyticsEngine.getAnalytics (src/lib/analytics.ts:87:15)
      at src/lib/__tests__/analytics.test.ts:395:74
          at Array.from (<anonymous>)
      at Object.<anonymous> (src/lib/__tests__/analytics.test.ts:395:30)

    console.error
      Failed to calculate storage used: TypeError: Cannot read properties of undefined (reading 'access')
          at AnalyticsEngine.getAnalytics (/home/bamer/nextjs-llama-async-proxy/src/lib/analytics.ts:77:16)
          at /home/bamer/nextjs-llama-async-proxy/src/lib/__tests__/analytics.test.ts:395:74
          at Array.from (<anonymous>)
          at Object.<anonymous> (/home/bamer/nextjs-llama-async-proxy/src/lib/__tests__/analytics.test.ts:395:30)
          at Promise.finally.completed (/home/bamer/nextjs-llama-async-proxy/node_modules/.pnpm/jest-circus@30.2.0_babel-plugin-macros@3.1.0/node_modules/jest-circus/build/jestAdapterInit.js:1557:28)
          at new Promise (<anonymous>)
          at callAsyncCircusFn (/home/bamer/nextjs-llama-async-proxy/node_modules/.pnpm/jest-circus@30.2.0_babel-plugin-macros@3.1.0/node_modules/jest-circus/build/jestAdapterInit.js:1497:10)
          at _callCircusTest (/home/bamer/nextjs-llama-async-proxy/node_modules/.pnpm/jest-circus@30.2.0_babel-plugin-macros@3.1.0/node_modules/jest-circus/build/jestAdapterInit.js:1007:40)
          at processTicksAndRejections (node:internal/process/task_queues:103:5)
          at _runTest (/home/bamer/nextjs-llama-async-proxy/node_modules/.pnpm/jest-circus@30.2.0_babel-plugin-macros@3.1.0/node_modules/jest-circus/build/jestAdapterInit.js:947:3)
          at /home/bamer/nextjs-llama-async-proxy/node_modules/.pnpm/jest-circus@30.2.0_babel-plugin-macros@3.1.0/node_modules/jest-circus/build/jestAdapterInit.js:849:7
          at _runTestsForDescribeBlock (/home/bamer/nextjs-llama-async-proxy/node_modules/.pnpm/jest-circus@30.2.0_babel-plugin-macros@3.1.0/node_modules/jest-circus/build/jestAdapterInit.js:862:11)
          at _runTestsForDescribeBlock (/home/bamer/nextjs-llama-async-proxy/node_modules/.pnpm/jest-circus@30.2.0_babel-plugin-macros@3.1.0/node_modules/jest-circus/build/jestAdapterInit.js:857:11)
          at _runTestsForDescribeBlock (/home/bamer/nextjs-llama-async-proxy/node_modules/.pnpm/jest-circus@30.2.0_babel-plugin-macros@3.1.0/node_modules/jest-circus/build/jestAdapterInit.js:857:11)
          at run (/home/bamer/nextjs-llama-async-proxy/node_modules/.pnpm/jest-circus@30.2.0_babel-plugin-macros@3.1.0/node_modules/jest-circus/build/jestAdapterInit.js:761:3)
          at runAndTransformResultsToJestFormat (/home/bamer/nextjs-llama-async-proxy/node_modules/.pnpm/jest-circus@30.2.0_babel-plugin-macros@3.1.0/node_modules/jest-circus/build/jestAdapterInit.js:1918:21)
          at jestAdapter (/home/bamer/nextjs-llama-async-proxy/node_modules/.pnpm/jest-circus@30.2.0_babel-plugin-macros@3.1.0/node_modules/jest-circus/build/runner.js:101:19)
          at runTestInternal (/home/bamer/nextjs-llama-async-proxy/node_modules/.pnpm/jest-runner@30.2.0/node_modules/jest-runner/build/testWorker.js:275:16)
          at runTest (/home/bamer/nextjs-llama-async-proxy/node_modules/.pnpm/jest-runner@30.2.0/node_modules/jest-runner/build/testWorker.js:343:7)
          at Object.worker (/home/bamer/nextjs-llama-async-proxy/node_modules/.pnpm/jest-runner@30.2.0/node_modules/jest-runner/build/testWorker.js:497:12)

      85 |       storageUsed = sizes.reduce((total: number, size: number) => total + size, 0) / (1024 * 1024); // Convert to MB
      86 |     } catch (e) {
    > 87 |       console.error('Failed to calculate storage used:', e);
         |               ^
      88 |     }
      89 |
      90 |     // Get system metrics

      at AnalyticsEngine.getAnalytics (src/lib/analytics.ts:87:15)
      at src/lib/__tests__/analytics.test.ts:395:74
          at Array.from (<anonymous>)
      at Object.<anonymous> (src/lib/__tests__/analytics.test.ts:395:30)

    console.error
      Failed to calculate storage used: TypeError: Cannot read properties of undefined (reading 'access')
          at AnalyticsEngine.getAnalytics (/home/bamer/nextjs-llama-async-proxy/src/lib/analytics.ts:77:16)
          at /home/bamer/nextjs-llama-async-proxy/src/lib/__tests__/analytics.test.ts:395:74
          at Array.from (<anonymous>)
          at Object.<anonymous> (/home/bamer/nextjs-llama-async-proxy/src/lib/__tests__/analytics.test.ts:395:30)
          at Promise.finally.completed (/home/bamer/nextjs-llama-async-proxy/node_modules/.pnpm/jest-circus@30.2.0_babel-plugin-macros@3.1.0/node_modules/jest-circus/build/jestAdapterInit.js:1557:28)
          at new Promise (<anonymous>)
          at callAsyncCircusFn (/home/bamer/nextjs-llama-async-proxy/node_modules/.pnpm/jest-circus@30.2.0_babel-plugin-macros@3.1.0/node_modules/jest-circus/build/jestAdapterInit.js:1497:10)
          at _callCircusTest (/home/bamer/nextjs-llama-async-proxy/node_modules/.pnpm/jest-circus@30.2.0_babel-plugin-macros@3.1.0/node_modules/jest-circus/build/jestAdapterInit.js:1007:40)
          at processTicksAndRejections (node:internal/process/task_queues:103:5)
          at _runTest (/home/bamer/nextjs-llama-async-proxy/node_modules/.pnpm/jest-circus@30.2.0_babel-plugin-macros@3.1.0/node_modules/jest-circus/build/jestAdapterInit.js:947:3)
          at /home/bamer/nextjs-llama-async-proxy/node_modules/.pnpm/jest-circus@30.2.0_babel-plugin-macros@3.1.0/node_modules/jest-circus/build/jestAdapterInit.js:849:7
          at _runTestsForDescribeBlock (/home/bamer/nextjs-llama-async-proxy/node_modules/.pnpm/jest-circus@30.2.0_babel-plugin-macros@3.1.0/node_modules/jest-circus/build/jestAdapterInit.js:862:11)
          at _runTestsForDescribeBlock (/home/bamer/nextjs-llama-async-proxy/node_modules/.pnpm/jest-circus@30.2.0_babel-plugin-macros@3.1.0/node_modules/jest-circus/build/jestAdapterInit.js:857:11)
          at _runTestsForDescribeBlock (/home/bamer/nextjs-llama-async-proxy/node_modules/.pnpm/jest-circus@30.2.0_babel-plugin-macros@3.1.0/node_modules/jest-circus/build/jestAdapterInit.js:857:11)
          at run (/home/bamer/nextjs-llama-async-proxy/node_modules/.pnpm/jest-circus@30.2.0_babel-plugin-macros@3.1.0/node_modules/jest-circus/build/jestAdapterInit.js:761:3)
          at runAndTransformResultsToJestFormat (/home/bamer/nextjs-llama-async-proxy/node_modules/.pnpm/jest-circus@30.2.0_babel-plugin-macros@3.1.0/node_modules/jest-circus/build/jestAdapterInit.js:1918:21)
          at jestAdapter (/home/bamer/nextjs-llama-async-proxy/node_modules/.pnpm/jest-circus@30.2.0_babel-plugin-macros@3.1.0/node_modules/jest-circus/build/runner.js:101:19)
          at runTestInternal (/home/bamer/nextjs-llama-async-proxy/node_modules/.pnpm/jest-runner@30.2.0/node_modules/jest-runner/build/testWorker.js:275:16)
          at runTest (/home/bamer/nextjs-llama-async-proxy/node_modules/.pnpm/jest-runner@30.2.0/node_modules/jest-runner/build/testWorker.js:343:7)
          at Object.worker (/home/bamer/nextjs-llama-async-proxy/node_modules/.pnpm/jest-runner@30.2.0/node_modules/jest-runner/build/testWorker.js:497:12)

      85 |       storageUsed = sizes.reduce((total: number, size: number) => total + size, 0) / (1024 * 1024); // Convert to MB
      86 |     } catch (e) {
    > 87 |       console.error('Failed to calculate storage used:', e);
         |               ^
      88 |     }
      89 |
      90 |     // Get system metrics

      at AnalyticsEngine.getAnalytics (src/lib/analytics.ts:87:15)
      at src/lib/__tests__/analytics.test.ts:395:74
          at Array.from (<anonymous>)
      at Object.<anonymous> (src/lib/__tests__/analytics.test.ts:395:30)

    console.error
      Failed to calculate storage used: TypeError: Cannot read properties of undefined (reading 'access')
          at AnalyticsEngine.getAnalytics (/home/bamer/nextjs-llama-async-proxy/src/lib/analytics.ts:77:16)
          at /home/bamer/nextjs-llama-async-proxy/src/lib/__tests__/analytics.test.ts:395:74
          at Array.from (<anonymous>)
          at Object.<anonymous> (/home/bamer/nextjs-llama-async-proxy/src/lib/__tests__/analytics.test.ts:395:30)
          at Promise.finally.completed (/home/bamer/nextjs-llama-async-proxy/node_modules/.pnpm/jest-circus@30.2.0_babel-plugin-macros@3.1.0/node_modules/jest-circus/build/jestAdapterInit.js:1557:28)
          at new Promise (<anonymous>)
          at callAsyncCircusFn (/home/bamer/nextjs-llama-async-proxy/node_modules/.pnpm/jest-circus@30.2.0_babel-plugin-macros@3.1.0/node_modules/jest-circus/build/jestAdapterInit.js:1497:10)
          at _callCircusTest (/home/bamer/nextjs-llama-async-proxy/node_modules/.pnpm/jest-circus@30.2.0_babel-plugin-macros@3.1.0/node_modules/jest-circus/build/jestAdapterInit.js:1007:40)
          at processTicksAndRejections (node:internal/process/task_queues:103:5)
          at _runTest (/home/bamer/nextjs-llama-async-proxy/node_modules/.pnpm/jest-circus@30.2.0_babel-plugin-macros@3.1.0/node_modules/jest-circus/build/jestAdapterInit.js:947:3)
          at /home/bamer/nextjs-llama-async-proxy/node_modules/.pnpm/jest-circus@30.2.0_babel-plugin-macros@3.1.0/node_modules/jest-circus/build/jestAdapterInit.js:849:7
          at _runTestsForDescribeBlock (/home/bamer/nextjs-llama-async-proxy/node_modules/.pnpm/jest-circus@30.2.0_babel-plugin-macros@3.1.0/node_modules/jest-circus/build/jestAdapterInit.js:862:11)
          at _runTestsForDescribeBlock (/home/bamer/nextjs-llama-async-proxy/node_modules/.pnpm/jest-circus@30.2.0_babel-plugin-macros@3.1.0/node_modules/jest-circus/build/jestAdapterInit.js:857:11)
          at _runTestsForDescribeBlock (/home/bamer/nextjs-llama-async-proxy/node_modules/.pnpm/jest-circus@30.2.0_babel-plugin-macros@3.1.0/node_modules/jest-circus/build/jestAdapterInit.js:857:11)
          at run (/home/bamer/nextjs-llama-async-proxy/node_modules/.pnpm/jest-circus@30.2.0_babel-plugin-macros@3.1.0/node_modules/jest-circus/build/jestAdapterInit.js:761:3)
          at runAndTransformResultsToJestFormat (/home/bamer/nextjs-llama-async-proxy/node_modules/.pnpm/jest-circus@30.2.0_babel-plugin-macros@3.1.0/node_modules/jest-circus/build/jestAdapterInit.js:1918:21)
          at jestAdapter (/home/bamer/nextjs-llama-async-proxy/node_modules/.pnpm/jest-circus@30.2.0_babel-plugin-macros@3.1.0/node_modules/jest-circus/build/runner.js:101:19)
          at runTestInternal (/home/bamer/nextjs-llama-async-proxy/node_modules/.pnpm/jest-runner@30.2.0/node_modules/jest-runner/build/testWorker.js:275:16)
          at runTest (/home/bamer/nextjs-llama-async-proxy/node_modules/.pnpm/jest-runner@30.2.0/node_modules/jest-runner/build/testWorker.js:343:7)
          at Object.worker (/home/bamer/nextjs-llama-async-proxy/node_modules/.pnpm/jest-runner@30.2.0/node_modules/jest-runner/build/testWorker.js:497:12)

      85 |       storageUsed = sizes.reduce((total: number, size: number) => total + size, 0) / (1024 * 1024); // Convert to MB
      86 |     } catch (e) {
    > 87 |       console.error('Failed to calculate storage used:', e);
         |               ^
      88 |     }
      89 |
      90 |     // Get system metrics

      at AnalyticsEngine.getAnalytics (src/lib/analytics.ts:87:15)
      at src/lib/__tests__/analytics.test.ts:395:74
          at Array.from (<anonymous>)
      at Object.<anonymous> (src/lib/__tests__/analytics.test.ts:395:30)

    console.error
      Failed to calculate storage used: TypeError: Cannot read properties of undefined (reading 'access')
          at AnalyticsEngine.getAnalytics (/home/bamer/nextjs-llama-async-proxy/src/lib/analytics.ts:77:16)
          at /home/bamer/nextjs-llama-async-proxy/src/lib/__tests__/analytics.test.ts:395:74
          at Array.from (<anonymous>)
          at Object.<anonymous> (/home/bamer/nextjs-llama-async-proxy/src/lib/__tests__/analytics.test.ts:395:30)
          at Promise.finally.completed (/home/bamer/nextjs-llama-async-proxy/node_modules/.pnpm/jest-circus@30.2.0_babel-plugin-macros@3.1.0/node_modules/jest-circus/build/jestAdapterInit.js:1557:28)
          at new Promise (<anonymous>)
          at callAsyncCircusFn (/home/bamer/nextjs-llama-async-proxy/node_modules/.pnpm/jest-circus@30.2.0_babel-plugin-macros@3.1.0/node_modules/jest-circus/build/jestAdapterInit.js:1497:10)
          at _callCircusTest (/home/bamer/nextjs-llama-async-proxy/node_modules/.pnpm/jest-circus@30.2.0_babel-plugin-macros@3.1.0/node_modules/jest-circus/build/jestAdapterInit.js:1007:40)
          at processTicksAndRejections (node:internal/process/task_queues:103:5)
          at _runTest (/home/bamer/nextjs-llama-async-proxy/node_modules/.pnpm/jest-circus@30.2.0_babel-plugin-macros@3.1.0/node_modules/jest-circus/build/jestAdapterInit.js:947:3)
          at /home/bamer/nextjs-llama-async-proxy/node_modules/.pnpm/jest-circus@30.2.0_babel-plugin-macros@3.1.0/node_modules/jest-circus/build/jestAdapterInit.js:849:7
          at _runTestsForDescribeBlock (/home/bamer/nextjs-llama-async-proxy/node_modules/.pnpm/jest-circus@30.2.0_babel-plugin-macros@3.1.0/node_modules/jest-circus/build/jestAdapterInit.js:862:11)
          at _runTestsForDescribeBlock (/home/bamer/nextjs-llama-async-proxy/node_modules/.pnpm/jest-circus@30.2.0_babel-plugin-macros@3.1.0/node_modules/jest-circus/build/jestAdapterInit.js:857:11)
          at _runTestsForDescribeBlock (/home/bamer/nextjs-llama-async-proxy/node_modules/.pnpm/jest-circus@30.2.0_babel-plugin-macros@3.1.0/node_modules/jest-circus/build/jestAdapterInit.js:857:11)
          at run (/home/bamer/nextjs-llama-async-proxy/node_modules/.pnpm/jest-circus@30.2.0_babel-plugin-macros@3.1.0/node_modules/jest-circus/build/jestAdapterInit.js:761:3)
          at runAndTransformResultsToJestFormat (/home/bamer/nextjs-llama-async-proxy/node_modules/.pnpm/jest-circus@30.2.0_babel-plugin-macros@3.1.0/node_modules/jest-circus/build/jestAdapterInit.js:1918:21)
          at jestAdapter (/home/bamer/nextjs-llama-async-proxy/node_modules/.pnpm/jest-circus@30.2.0_babel-plugin-macros@3.1.0/node_modules/jest-circus/build/runner.js:101:19)
          at runTestInternal (/home/bamer/nextjs-llama-async-proxy/node_modules/.pnpm/jest-runner@30.2.0/node_modules/jest-runner/build/testWorker.js:275:16)
          at runTest (/home/bamer/nextjs-llama-async-proxy/node_modules/.pnpm/jest-runner@30.2.0/node_modules/jest-runner/build/testWorker.js:343:7)
          at Object.worker (/home/bamer/nextjs-llama-async-proxy/node_modules/.pnpm/jest-runner@30.2.0/node_modules/jest-runner/build/testWorker.js:497:12)

      85 |       storageUsed = sizes.reduce((total: number, size: number) => total + size, 0) / (1024 * 1024); // Convert to MB
      86 |     } catch (e) {
    > 87 |       console.error('Failed to calculate storage used:', e);
         |               ^
      88 |     }
      89 |
      90 |     // Get system metrics

      at AnalyticsEngine.getAnalytics (src/lib/analytics.ts:87:15)
      at src/lib/__tests__/analytics.test.ts:395:74
          at Array.from (<anonymous>)
      at Object.<anonymous> (src/lib/__tests__/analytics.test.ts:395:30)

    console.error
      Failed to calculate storage used: TypeError: Cannot read properties of undefined (reading 'access')
          at AnalyticsEngine.getAnalytics (/home/bamer/nextjs-llama-async-proxy/src/lib/analytics.ts:77:16)
          at /home/bamer/nextjs-llama-async-proxy/src/lib/__tests__/analytics.test.ts:395:74
          at Array.from (<anonymous>)
          at Object.<anonymous> (/home/bamer/nextjs-llama-async-proxy/src/lib/__tests__/analytics.test.ts:395:30)
          at Promise.finally.completed (/home/bamer/nextjs-llama-async-proxy/node_modules/.pnpm/jest-circus@30.2.0_babel-plugin-macros@3.1.0/node_modules/jest-circus/build/jestAdapterInit.js:1557:28)
          at new Promise (<anonymous>)
          at callAsyncCircusFn (/home/bamer/nextjs-llama-async-proxy/node_modules/.pnpm/jest-circus@30.2.0_babel-plugin-macros@3.1.0/node_modules/jest-circus/build/jestAdapterInit.js:1497:10)
          at _callCircusTest (/home/bamer/nextjs-llama-async-proxy/node_modules/.pnpm/jest-circus@30.2.0_babel-plugin-macros@3.1.0/node_modules/jest-circus/build/jestAdapterInit.js:1007:40)
          at processTicksAndRejections (node:internal/process/task_queues:103:5)
          at _runTest (/home/bamer/nextjs-llama-async-proxy/node_modules/.pnpm/jest-circus@30.2.0_babel-plugin-macros@3.1.0/node_modules/jest-circus/build/jestAdapterInit.js:947:3)
          at /home/bamer/nextjs-llama-async-proxy/node_modules/.pnpm/jest-circus@30.2.0_babel-plugin-macros@3.1.0/node_modules/jest-circus/build/jestAdapterInit.js:849:7
          at _runTestsForDescribeBlock (/home/bamer/nextjs-llama-async-proxy/node_modules/.pnpm/jest-circus@30.2.0_babel-plugin-macros@3.1.0/node_modules/jest-circus/build/jestAdapterInit.js:862:11)
          at _runTestsForDescribeBlock (/home/bamer/nextjs-llama-async-proxy/node_modules/.pnpm/jest-circus@30.2.0_babel-plugin-macros@3.1.0/node_modules/jest-circus/build/jestAdapterInit.js:857:11)
          at _runTestsForDescribeBlock (/home/bamer/nextjs-llama-async-proxy/node_modules/.pnpm/jest-circus@30.2.0_babel-plugin-macros@3.1.0/node_modules/jest-circus/build/jestAdapterInit.js:857:11)
          at run (/home/bamer/nextjs-llama-async-proxy/node_modules/.pnpm/jest-circus@30.2.0_babel-plugin-macros@3.1.0/node_modules/jest-circus/build/jestAdapterInit.js:761:3)
          at runAndTransformResultsToJestFormat (/home/bamer/nextjs-llama-async-proxy/node_modules/.pnpm/jest-circus@30.2.0_babel-plugin-macros@3.1.0/node_modules/jest-circus/build/jestAdapterInit.js:1918:21)
          at jestAdapter (/home/bamer/nextjs-llama-async-proxy/node_modules/.pnpm/jest-circus@30.2.0_babel-plugin-macros@3.1.0/node_modules/jest-circus/build/runner.js:101:19)
          at runTestInternal (/home/bamer/nextjs-llama-async-proxy/node_modules/.pnpm/jest-runner@30.2.0/node_modules/jest-runner/build/testWorker.js:275:16)
          at runTest (/home/bamer/nextjs-llama-async-proxy/node_modules/.pnpm/jest-runner@30.2.0/node_modules/jest-runner/build/testWorker.js:343:7)
          at Object.worker (/home/bamer/nextjs-llama-async-proxy/node_modules/.pnpm/jest-runner@30.2.0/node_modules/jest-runner/build/testWorker.js:497:12)

      85 |       storageUsed = sizes.reduce((total: number, size: number) => total + size, 0) / (1024 * 1024); // Convert to MB
      86 |     } catch (e) {
    > 87 |       console.error('Failed to calculate storage used:', e);
         |               ^
      88 |     }
      89 |
      90 |     // Get system metrics

      at AnalyticsEngine.getAnalytics (src/lib/analytics.ts:87:15)
      at src/lib/__tests__/analytics.test.ts:395:74
          at Array.from (<anonymous>)
      at Object.<anonymous> (src/lib/__tests__/analytics.test.ts:395:30)

    console.error
      Failed to calculate storage used: TypeError: Cannot read properties of undefined (reading 'access')
          at AnalyticsEngine.getAnalytics (/home/bamer/nextjs-llama-async-proxy/src/lib/analytics.ts:77:16)
          at /home/bamer/nextjs-llama-async-proxy/src/lib/__tests__/analytics.test.ts:395:74
          at Array.from (<anonymous>)
          at Object.<anonymous> (/home/bamer/nextjs-llama-async-proxy/src/lib/__tests__/analytics.test.ts:395:30)
          at Promise.finally.completed (/home/bamer/nextjs-llama-async-proxy/node_modules/.pnpm/jest-circus@30.2.0_babel-plugin-macros@3.1.0/node_modules/jest-circus/build/jestAdapterInit.js:1557:28)
          at new Promise (<anonymous>)
          at callAsyncCircusFn (/home/bamer/nextjs-llama-async-proxy/node_modules/.pnpm/jest-circus@30.2.0_babel-plugin-macros@3.1.0/node_modules/jest-circus/build/jestAdapterInit.js:1497:10)
          at _callCircusTest (/home/bamer/nextjs-llama-async-proxy/node_modules/.pnpm/jest-circus@30.2.0_babel-plugin-macros@3.1.0/node_modules/jest-circus/build/jestAdapterInit.js:1007:40)
          at processTicksAndRejections (node:internal/process/task_queues:103:5)
          at _runTest (/home/bamer/nextjs-llama-async-proxy/node_modules/.pnpm/jest-circus@30.2.0_babel-plugin-macros@3.1.0/node_modules/jest-circus/build/jestAdapterInit.js:947:3)
          at /home/bamer/nextjs-llama-async-proxy/node_modules/.pnpm/jest-circus@30.2.0_babel-plugin-macros@3.1.0/node_modules/jest-circus/build/jestAdapterInit.js:849:7
          at _runTestsForDescribeBlock (/home/bamer/nextjs-llama-async-proxy/node_modules/.pnpm/jest-circus@30.2.0_babel-plugin-macros@3.1.0/node_modules/jest-circus/build/jestAdapterInit.js:862:11)
          at _runTestsForDescribeBlock (/home/bamer/nextjs-llama-async-proxy/node_modules/.pnpm/jest-circus@30.2.0_babel-plugin-macros@3.1.0/node_modules/jest-circus/build/jestAdapterInit.js:857:11)
          at _runTestsForDescribeBlock (/home/bamer/nextjs-llama-async-proxy/node_modules/.pnpm/jest-circus@30.2.0_babel-plugin-macros@3.1.0/node_modules/jest-circus/build/jestAdapterInit.js:857:11)
          at run (/home/bamer/nextjs-llama-async-proxy/node_modules/.pnpm/jest-circus@30.2.0_babel-plugin-macros@3.1.0/node_modules/jest-circus/build/jestAdapterInit.js:761:3)
          at runAndTransformResultsToJestFormat (/home/bamer/nextjs-llama-async-proxy/node_modules/.pnpm/jest-circus@30.2.0_babel-plugin-macros@3.1.0/node_modules/jest-circus/build/jestAdapterInit.js:1918:21)
          at jestAdapter (/home/bamer/nextjs-llama-async-proxy/node_modules/.pnpm/jest-circus@30.2.0_babel-plugin-macros@3.1.0/node_modules/jest-circus/build/runner.js:101:19)
          at runTestInternal (/home/bamer/nextjs-llama-async-proxy/node_modules/.pnpm/jest-runner@30.2.0/node_modules/jest-runner/build/testWorker.js:275:16)
          at runTest (/home/bamer/nextjs-llama-async-proxy/node_modules/.pnpm/jest-runner@30.2.0/node_modules/jest-runner/build/testWorker.js:343:7)
          at Object.worker (/home/bamer/nextjs-llama-async-proxy/node_modules/.pnpm/jest-runner@30.2.0/node_modules/jest-runner/build/testWorker.js:497:12)

      85 |       storageUsed = sizes.reduce((total: number, size: number) => total + size, 0) / (1024 * 1024); // Convert to MB
      86 |     } catch (e) {
    > 87 |       console.error('Failed to calculate storage used:', e);
         |               ^
      88 |     }
      89 |
      90 |     // Get system metrics

      at AnalyticsEngine.getAnalytics (src/lib/analytics.ts:87:15)
      at src/lib/__tests__/analytics.test.ts:395:74
          at Array.from (<anonymous>)
      at Object.<anonymous> (src/lib/__tests__/analytics.test.ts:395:30)

    console.error
      Failed to calculate storage used: TypeError: Cannot read properties of undefined (reading 'access')
          at AnalyticsEngine.getAnalytics (/home/bamer/nextjs-llama-async-proxy/src/lib/analytics.ts:77:16)
          at /home/bamer/nextjs-llama-async-proxy/src/lib/__tests__/analytics.test.ts:395:74
          at Array.from (<anonymous>)
          at Object.<anonymous> (/home/bamer/nextjs-llama-async-proxy/src/lib/__tests__/analytics.test.ts:395:30)
          at Promise.finally.completed (/home/bamer/nextjs-llama-async-proxy/node_modules/.pnpm/jest-circus@30.2.0_babel-plugin-macros@3.1.0/node_modules/jest-circus/build/jestAdapterInit.js:1557:28)
          at new Promise (<anonymous>)
          at callAsyncCircusFn (/home/bamer/nextjs-llama-async-proxy/node_modules/.pnpm/jest-circus@30.2.0_babel-plugin-macros@3.1.0/node_modules/jest-circus/build/jestAdapterInit.js:1497:10)
          at _callCircusTest (/home/bamer/nextjs-llama-async-proxy/node_modules/.pnpm/jest-circus@30.2.0_babel-plugin-macros@3.1.0/node_modules/jest-circus/build/jestAdapterInit.js:1007:40)
          at processTicksAndRejections (node:internal/process/task_queues:103:5)
          at _runTest (/home/bamer/nextjs-llama-async-proxy/node_modules/.pnpm/jest-circus@30.2.0_babel-plugin-macros@3.1.0/node_modules/jest-circus/build/jestAdapterInit.js:947:3)
          at /home/bamer/nextjs-llama-async-proxy/node_modules/.pnpm/jest-circus@30.2.0_babel-plugin-macros@3.1.0/node_modules/jest-circus/build/jestAdapterInit.js:849:7
          at _runTestsForDescribeBlock (/home/bamer/nextjs-llama-async-proxy/node_modules/.pnpm/jest-circus@30.2.0_babel-plugin-macros@3.1.0/node_modules/jest-circus/build/jestAdapterInit.js:862:11)
          at _runTestsForDescribeBlock (/home/bamer/nextjs-llama-async-proxy/node_modules/.pnpm/jest-circus@30.2.0_babel-plugin-macros@3.1.0/node_modules/jest-circus/build/jestAdapterInit.js:857:11)
          at _runTestsForDescribeBlock (/home/bamer/nextjs-llama-async-proxy/node_modules/.pnpm/jest-circus@30.2.0_babel-plugin-macros@3.1.0/node_modules/jest-circus/build/jestAdapterInit.js:857:11)
          at run (/home/bamer/nextjs-llama-async-proxy/node_modules/.pnpm/jest-circus@30.2.0_babel-plugin-macros@3.1.0/node_modules/jest-circus/build/jestAdapterInit.js:761:3)
          at runAndTransformResultsToJestFormat (/home/bamer/nextjs-llama-async-proxy/node_modules/.pnpm/jest-circus@30.2.0_babel-plugin-macros@3.1.0/node_modules/jest-circus/build/jestAdapterInit.js:1918:21)
          at jestAdapter (/home/bamer/nextjs-llama-async-proxy/node_modules/.pnpm/jest-circus@30.2.0_babel-plugin-macros@3.1.0/node_modules/jest-circus/build/runner.js:101:19)
          at runTestInternal (/home/bamer/nextjs-llama-async-proxy/node_modules/.pnpm/jest-runner@30.2.0/node_modules/jest-runner/build/testWorker.js:275:16)
          at runTest (/home/bamer/nextjs-llama-async-proxy/node_modules/.pnpm/jest-runner@30.2.0/node_modules/jest-runner/build/testWorker.js:343:7)
          at Object.worker (/home/bamer/nextjs-llama-async-proxy/node_modules/.pnpm/jest-runner@30.2.0/node_modules/jest-runner/build/testWorker.js:497:12)

      85 |       storageUsed = sizes.reduce((total: number, size: number) => total + size, 0) / (1024 * 1024); // Convert to MB
      86 |     } catch (e) {
    > 87 |       console.error('Failed to calculate storage used:', e);
         |               ^
      88 |     }
      89 |
      90 |     // Get system metrics

      at AnalyticsEngine.getAnalytics (src/lib/analytics.ts:87:15)
      at src/lib/__tests__/analytics.test.ts:395:74
          at Array.from (<anonymous>)
      at Object.<anonymous> (src/lib/__tests__/analytics.test.ts:395:30)

    console.error
      Failed to calculate storage used: TypeError: Cannot read properties of undefined (reading 'access')
          at AnalyticsEngine.getAnalytics (/home/bamer/nextjs-llama-async-proxy/src/lib/analytics.ts:77:16)
          at /home/bamer/nextjs-llama-async-proxy/src/lib/__tests__/analytics.test.ts:395:74
          at Array.from (<anonymous>)
          at Object.<anonymous> (/home/bamer/nextjs-llama-async-proxy/src/lib/__tests__/analytics.test.ts:395:30)
          at Promise.finally.completed (/home/bamer/nextjs-llama-async-proxy/node_modules/.pnpm/jest-circus@30.2.0_babel-plugin-macros@3.1.0/node_modules/jest-circus/build/jestAdapterInit.js:1557:28)
          at new Promise (<anonymous>)
          at callAsyncCircusFn (/home/bamer/nextjs-llama-async-proxy/node_modules/.pnpm/jest-circus@30.2.0_babel-plugin-macros@3.1.0/node_modules/jest-circus/build/jestAdapterInit.js:1497:10)
          at _callCircusTest (/home/bamer/nextjs-llama-async-proxy/node_modules/.pnpm/jest-circus@30.2.0_babel-plugin-macros@3.1.0/node_modules/jest-circus/build/jestAdapterInit.js:1007:40)
          at processTicksAndRejections (node:internal/process/task_queues:103:5)
          at _runTest (/home/bamer/nextjs-llama-async-proxy/node_modules/.pnpm/jest-circus@30.2.0_babel-plugin-macros@3.1.0/node_modules/jest-circus/build/jestAdapterInit.js:947:3)
          at /home/bamer/nextjs-llama-async-proxy/node_modules/.pnpm/jest-circus@30.2.0_babel-plugin-macros@3.1.0/node_modules/jest-circus/build/jestAdapterInit.js:849:7
          at _runTestsForDescribeBlock (/home/bamer/nextjs-llama-async-proxy/node_modules/.pnpm/jest-circus@30.2.0_babel-plugin-macros@3.1.0/node_modules/jest-circus/build/jestAdapterInit.js:862:11)
          at _runTestsForDescribeBlock (/home/bamer/nextjs-llama-async-proxy/node_modules/.pnpm/jest-circus@30.2.0_babel-plugin-macros@3.1.0/node_modules/jest-circus/build/jestAdapterInit.js:857:11)
          at _runTestsForDescribeBlock (/home/bamer/nextjs-llama-async-proxy/node_modules/.pnpm/jest-circus@30.2.0_babel-plugin-macros@3.1.0/node_modules/jest-circus/build/jestAdapterInit.js:857:11)
          at run (/home/bamer/nextjs-llama-async-proxy/node_modules/.pnpm/jest-circus@30.2.0_babel-plugin-macros@3.1.0/node_modules/jest-circus/build/jestAdapterInit.js:761:3)
          at runAndTransformResultsToJestFormat (/home/bamer/nextjs-llama-async-proxy/node_modules/.pnpm/jest-circus@30.2.0_babel-plugin-macros@3.1.0/node_modules/jest-circus/build/jestAdapterInit.js:1918:21)
          at jestAdapter (/home/bamer/nextjs-llama-async-proxy/node_modules/.pnpm/jest-circus@30.2.0_babel-plugin-macros@3.1.0/node_modules/jest-circus/build/runner.js:101:19)
          at runTestInternal (/home/bamer/nextjs-llama-async-proxy/node_modules/.pnpm/jest-runner@30.2.0/node_modules/jest-runner/build/testWorker.js:275:16)
          at runTest (/home/bamer/nextjs-llama-async-proxy/node_modules/.pnpm/jest-runner@30.2.0/node_modules/jest-runner/build/testWorker.js:343:7)
          at Object.worker (/home/bamer/nextjs-llama-async-proxy/node_modules/.pnpm/jest-runner@30.2.0/node_modules/jest-runner/build/testWorker.js:497:12)

      85 |       storageUsed = sizes.reduce((total: number, size: number) => total + size, 0) / (1024 * 1024); // Convert to MB
      86 |     } catch (e) {
    > 87 |       console.error('Failed to calculate storage used:', e);
         |               ^
      88 |     }
      89 |
      90 |     // Get system metrics

      at AnalyticsEngine.getAnalytics (src/lib/analytics.ts:87:15)
      at src/lib/__tests__/analytics.test.ts:395:74
          at Array.from (<anonymous>)
      at Object.<anonymous> (src/lib/__tests__/analytics.test.ts:395:30)

    console.error
      Failed to calculate storage used: TypeError: Cannot read properties of undefined (reading 'access')
          at AnalyticsEngine.getAnalytics (/home/bamer/nextjs-llama-async-proxy/src/lib/analytics.ts:77:16)
          at /home/bamer/nextjs-llama-async-proxy/src/lib/__tests__/analytics.test.ts:395:74
          at Array.from (<anonymous>)
          at Object.<anonymous> (/home/bamer/nextjs-llama-async-proxy/src/lib/__tests__/analytics.test.ts:395:30)
          at Promise.finally.completed (/home/bamer/nextjs-llama-async-proxy/node_modules/.pnpm/jest-circus@30.2.0_babel-plugin-macros@3.1.0/node_modules/jest-circus/build/jestAdapterInit.js:1557:28)
          at new Promise (<anonymous>)
          at callAsyncCircusFn (/home/bamer/nextjs-llama-async-proxy/node_modules/.pnpm/jest-circus@30.2.0_babel-plugin-macros@3.1.0/node_modules/jest-circus/build/jestAdapterInit.js:1497:10)
          at _callCircusTest (/home/bamer/nextjs-llama-async-proxy/node_modules/.pnpm/jest-circus@30.2.0_babel-plugin-macros@3.1.0/node_modules/jest-circus/build/jestAdapterInit.js:1007:40)
          at processTicksAndRejections (node:internal/process/task_queues:103:5)
          at _runTest (/home/bamer/nextjs-llama-async-proxy/node_modules/.pnpm/jest-circus@30.2.0_babel-plugin-macros@3.1.0/node_modules/jest-circus/build/jestAdapterInit.js:947:3)
          at /home/bamer/nextjs-llama-async-proxy/node_modules/.pnpm/jest-circus@30.2.0_babel-plugin-macros@3.1.0/node_modules/jest-circus/build/jestAdapterInit.js:849:7
          at _runTestsForDescribeBlock (/home/bamer/nextjs-llama-async-proxy/node_modules/.pnpm/jest-circus@30.2.0_babel-plugin-macros@3.1.0/node_modules/jest-circus/build/jestAdapterInit.js:862:11)
          at _runTestsForDescribeBlock (/home/bamer/nextjs-llama-async-proxy/node_modules/.pnpm/jest-circus@30.2.0_babel-plugin-macros@3.1.0/node_modules/jest-circus/build/jestAdapterInit.js:857:11)
          at _runTestsForDescribeBlock (/home/bamer/nextjs-llama-async-proxy/node_modules/.pnpm/jest-circus@30.2.0_babel-plugin-macros@3.1.0/node_modules/jest-circus/build/jestAdapterInit.js:857:11)
          at run (/home/bamer/nextjs-llama-async-proxy/node_modules/.pnpm/jest-circus@30.2.0_babel-plugin-macros@3.1.0/node_modules/jest-circus/build/jestAdapterInit.js:761:3)
          at runAndTransformResultsToJestFormat (/home/bamer/nextjs-llama-async-proxy/node_modules/.pnpm/jest-circus@30.2.0_babel-plugin-macros@3.1.0/node_modules/jest-circus/build/jestAdapterInit.js:1918:21)
          at jestAdapter (/home/bamer/nextjs-llama-async-proxy/node_modules/.pnpm/jest-circus@30.2.0_babel-plugin-macros@3.1.0/node_modules/jest-circus/build/runner.js:101:19)
          at runTestInternal (/home/bamer/nextjs-llama-async-proxy/node_modules/.pnpm/jest-runner@30.2.0/node_modules/jest-runner/build/testWorker.js:275:16)
          at runTest (/home/bamer/nextjs-llama-async-proxy/node_modules/.pnpm/jest-runner@30.2.0/node_modules/jest-runner/build/testWorker.js:343:7)
          at Object.worker (/home/bamer/nextjs-llama-async-proxy/node_modules/.pnpm/jest-runner@30.2.0/node_modules/jest-runner/build/testWorker.js:497:12)

      85 |       storageUsed = sizes.reduce((total: number, size: number) => total + size, 0) / (1024 * 1024); // Convert to MB
      86 |     } catch (e) {
    > 87 |       console.error('Failed to calculate storage used:', e);
         |               ^
      88 |     }
      89 |
      90 |     // Get system metrics

      at AnalyticsEngine.getAnalytics (src/lib/analytics.ts:87:15)
      at src/lib/__tests__/analytics.test.ts:395:74
          at Array.from (<anonymous>)
      at Object.<anonymous> (src/lib/__tests__/analytics.test.ts:395:30)

    console.error
      Failed to calculate storage used: TypeError: Cannot read properties of undefined (reading 'access')
          at AnalyticsEngine.getAnalytics (/home/bamer/nextjs-llama-async-proxy/src/lib/analytics.ts:77:16)
          at /home/bamer/nextjs-llama-async-proxy/src/lib/__tests__/analytics.test.ts:395:74
          at Array.from (<anonymous>)
          at Object.<anonymous> (/home/bamer/nextjs-llama-async-proxy/src/lib/__tests__/analytics.test.ts:395:30)
          at Promise.finally.completed (/home/bamer/nextjs-llama-async-proxy/node_modules/.pnpm/jest-circus@30.2.0_babel-plugin-macros@3.1.0/node_modules/jest-circus/build/jestAdapterInit.js:1557:28)
          at new Promise (<anonymous>)
          at callAsyncCircusFn (/home/bamer/nextjs-llama-async-proxy/node_modules/.pnpm/jest-circus@30.2.0_babel-plugin-macros@3.1.0/node_modules/jest-circus/build/jestAdapterInit.js:1497:10)
          at _callCircusTest (/home/bamer/nextjs-llama-async-proxy/node_modules/.pnpm/jest-circus@30.2.0_babel-plugin-macros@3.1.0/node_modules/jest-circus/build/jestAdapterInit.js:1007:40)
          at processTicksAndRejections (node:internal/process/task_queues:103:5)
          at _runTest (/home/bamer/nextjs-llama-async-proxy/node_modules/.pnpm/jest-circus@30.2.0_babel-plugin-macros@3.1.0/node_modules/jest-circus/build/jestAdapterInit.js:947:3)
          at /home/bamer/nextjs-llama-async-proxy/node_modules/.pnpm/jest-circus@30.2.0_babel-plugin-macros@3.1.0/node_modules/jest-circus/build/jestAdapterInit.js:849:7
          at _runTestsForDescribeBlock (/home/bamer/nextjs-llama-async-proxy/node_modules/.pnpm/jest-circus@30.2.0_babel-plugin-macros@3.1.0/node_modules/jest-circus/build/jestAdapterInit.js:862:11)
          at _runTestsForDescribeBlock (/home/bamer/nextjs-llama-async-proxy/node_modules/.pnpm/jest-circus@30.2.0_babel-plugin-macros@3.1.0/node_modules/jest-circus/build/jestAdapterInit.js:857:11)
          at _runTestsForDescribeBlock (/home/bamer/nextjs-llama-async-proxy/node_modules/.pnpm/jest-circus@30.2.0_babel-plugin-macros@3.1.0/node_modules/jest-circus/build/jestAdapterInit.js:857:11)
          at run (/home/bamer/nextjs-llama-async-proxy/node_modules/.pnpm/jest-circus@30.2.0_babel-plugin-macros@3.1.0/node_modules/jest-circus/build/jestAdapterInit.js:761:3)
          at runAndTransformResultsToJestFormat (/home/bamer/nextjs-llama-async-proxy/node_modules/.pnpm/jest-circus@30.2.0_babel-plugin-macros@3.1.0/node_modules/jest-circus/build/jestAdapterInit.js:1918:21)
          at jestAdapter (/home/bamer/nextjs-llama-async-proxy/node_modules/.pnpm/jest-circus@30.2.0_babel-plugin-macros@3.1.0/node_modules/jest-circus/build/runner.js:101:19)
          at runTestInternal (/home/bamer/nextjs-llama-async-proxy/node_modules/.pnpm/jest-runner@30.2.0/node_modules/jest-runner/build/testWorker.js:275:16)
          at runTest (/home/bamer/nextjs-llama-async-proxy/node_modules/.pnpm/jest-runner@30.2.0/node_modules/jest-runner/build/testWorker.js:343:7)
          at Object.worker (/home/bamer/nextjs-llama-async-proxy/node_modules/.pnpm/jest-runner@30.2.0/node_modules/jest-runner/build/testWorker.js:497:12)

      85 |       storageUsed = sizes.reduce((total: number, size: number) => total + size, 0) / (1024 * 1024); // Convert to MB
      86 |     } catch (e) {
    > 87 |       console.error('Failed to calculate storage used:', e);
         |               ^
      88 |     }
      89 |
      90 |     // Get system metrics

      at AnalyticsEngine.getAnalytics (src/lib/analytics.ts:87:15)
      at src/lib/__tests__/analytics.test.ts:395:74
          at Array.from (<anonymous>)
      at Object.<anonymous> (src/lib/__tests__/analytics.test.ts:395:30)

    console.error
      Failed to calculate storage used: TypeError: Cannot read properties of undefined (reading 'access')
          at AnalyticsEngine.getAnalytics (/home/bamer/nextjs-llama-async-proxy/src/lib/analytics.ts:77:16)
          at /home/bamer/nextjs-llama-async-proxy/src/lib/__tests__/analytics.test.ts:395:74
          at Array.from (<anonymous>)
          at Object.<anonymous> (/home/bamer/nextjs-llama-async-proxy/src/lib/__tests__/analytics.test.ts:395:30)
          at Promise.finally.completed (/home/bamer/nextjs-llama-async-proxy/node_modules/.pnpm/jest-circus@30.2.0_babel-plugin-macros@3.1.0/node_modules/jest-circus/build/jestAdapterInit.js:1557:28)
          at new Promise (<anonymous>)
          at callAsyncCircusFn (/home/bamer/nextjs-llama-async-proxy/node_modules/.pnpm/jest-circus@30.2.0_babel-plugin-macros@3.1.0/node_modules/jest-circus/build/jestAdapterInit.js:1497:10)
          at _callCircusTest (/home/bamer/nextjs-llama-async-proxy/node_modules/.pnpm/jest-circus@30.2.0_babel-plugin-macros@3.1.0/node_modules/jest-circus/build/jestAdapterInit.js:1007:40)
          at processTicksAndRejections (node:internal/process/task_queues:103:5)
          at _runTest (/home/bamer/nextjs-llama-async-proxy/node_modules/.pnpm/jest-circus@30.2.0_babel-plugin-macros@3.1.0/node_modules/jest-circus/build/jestAdapterInit.js:947:3)
          at /home/bamer/nextjs-llama-async-proxy/node_modules/.pnpm/jest-circus@30.2.0_babel-plugin-macros@3.1.0/node_modules/jest-circus/build/jestAdapterInit.js:849:7
          at _runTestsForDescribeBlock (/home/bamer/nextjs-llama-async-proxy/node_modules/.pnpm/jest-circus@30.2.0_babel-plugin-macros@3.1.0/node_modules/jest-circus/build/jestAdapterInit.js:862:11)
          at _runTestsForDescribeBlock (/home/bamer/nextjs-llama-async-proxy/node_modules/.pnpm/jest-circus@30.2.0_babel-plugin-macros@3.1.0/node_modules/jest-circus/build/jestAdapterInit.js:857:11)
          at _runTestsForDescribeBlock (/home/bamer/nextjs-llama-async-proxy/node_modules/.pnpm/jest-circus@30.2.0_babel-plugin-macros@3.1.0/node_modules/jest-circus/build/jestAdapterInit.js:857:11)
          at run (/home/bamer/nextjs-llama-async-proxy/node_modules/.pnpm/jest-circus@30.2.0_babel-plugin-macros@3.1.0/node_modules/jest-circus/build/jestAdapterInit.js:761:3)
          at runAndTransformResultsToJestFormat (/home/bamer/nextjs-llama-async-proxy/node_modules/.pnpm/jest-circus@30.2.0_babel-plugin-macros@3.1.0/node_modules/jest-circus/build/jestAdapterInit.js:1918:21)
          at jestAdapter (/home/bamer/nextjs-llama-async-proxy/node_modules/.pnpm/jest-circus@30.2.0_babel-plugin-macros@3.1.0/node_modules/jest-circus/build/runner.js:101:19)
          at runTestInternal (/home/bamer/nextjs-llama-async-proxy/node_modules/.pnpm/jest-runner@30.2.0/node_modules/jest-runner/build/testWorker.js:275:16)
          at runTest (/home/bamer/nextjs-llama-async-proxy/node_modules/.pnpm/jest-runner@30.2.0/node_modules/jest-runner/build/testWorker.js:343:7)
          at Object.worker (/home/bamer/nextjs-llama-async-proxy/node_modules/.pnpm/jest-runner@30.2.0/node_modules/jest-runner/build/testWorker.js:497:12)

      85 |       storageUsed = sizes.reduce((total: number, size: number) => total + size, 0) / (1024 * 1024); // Convert to MB
      86 |     } catch (e) {
    > 87 |       console.error('Failed to calculate storage used:', e);
         |               ^
      88 |     }
      89 |
      90 |     // Get system metrics

      at AnalyticsEngine.getAnalytics (src/lib/analytics.ts:87:15)
      at src/lib/__tests__/analytics.test.ts:395:74
          at Array.from (<anonymous>)
      at Object.<anonymous> (src/lib/__tests__/analytics.test.ts:395:30)

    console.error
      Failed to calculate storage used: TypeError: Cannot read properties of undefined (reading 'access')
          at AnalyticsEngine.getAnalytics (/home/bamer/nextjs-llama-async-proxy/src/lib/analytics.ts:77:16)
          at /home/bamer/nextjs-llama-async-proxy/src/lib/__tests__/analytics.test.ts:395:74
          at Array.from (<anonymous>)
          at Object.<anonymous> (/home/bamer/nextjs-llama-async-proxy/src/lib/__tests__/analytics.test.ts:395:30)
          at Promise.finally.completed (/home/bamer/nextjs-llama-async-proxy/node_modules/.pnpm/jest-circus@30.2.0_babel-plugin-macros@3.1.0/node_modules/jest-circus/build/jestAdapterInit.js:1557:28)
          at new Promise (<anonymous>)
          at callAsyncCircusFn (/home/bamer/nextjs-llama-async-proxy/node_modules/.pnpm/jest-circus@30.2.0_babel-plugin-macros@3.1.0/node_modules/jest-circus/build/jestAdapterInit.js:1497:10)
          at _callCircusTest (/home/bamer/nextjs-llama-async-proxy/node_modules/.pnpm/jest-circus@30.2.0_babel-plugin-macros@3.1.0/node_modules/jest-circus/build/jestAdapterInit.js:1007:40)
          at processTicksAndRejections (node:internal/process/task_queues:103:5)
          at _runTest (/home/bamer/nextjs-llama-async-proxy/node_modules/.pnpm/jest-circus@30.2.0_babel-plugin-macros@3.1.0/node_modules/jest-circus/build/jestAdapterInit.js:947:3)
          at /home/bamer/nextjs-llama-async-proxy/node_modules/.pnpm/jest-circus@30.2.0_babel-plugin-macros@3.1.0/node_modules/jest-circus/build/jestAdapterInit.js:849:7
          at _runTestsForDescribeBlock (/home/bamer/nextjs-llama-async-proxy/node_modules/.pnpm/jest-circus@30.2.0_babel-plugin-macros@3.1.0/node_modules/jest-circus/build/jestAdapterInit.js:862:11)
          at _runTestsForDescribeBlock (/home/bamer/nextjs-llama-async-proxy/node_modules/.pnpm/jest-circus@30.2.0_babel-plugin-macros@3.1.0/node_modules/jest-circus/build/jestAdapterInit.js:857:11)
          at _runTestsForDescribeBlock (/home/bamer/nextjs-llama-async-proxy/node_modules/.pnpm/jest-circus@30.2.0_babel-plugin-macros@3.1.0/node_modules/jest-circus/build/jestAdapterInit.js:857:11)
          at run (/home/bamer/nextjs-llama-async-proxy/node_modules/.pnpm/jest-circus@30.2.0_babel-plugin-macros@3.1.0/node_modules/jest-circus/build/jestAdapterInit.js:761:3)
          at runAndTransformResultsToJestFormat (/home/bamer/nextjs-llama-async-proxy/node_modules/.pnpm/jest-circus@30.2.0_babel-plugin-macros@3.1.0/node_modules/jest-circus/build/jestAdapterInit.js:1918:21)
          at jestAdapter (/home/bamer/nextjs-llama-async-proxy/node_modules/.pnpm/jest-circus@30.2.0_babel-plugin-macros@3.1.0/node_modules/jest-circus/build/runner.js:101:19)
          at runTestInternal (/home/bamer/nextjs-llama-async-proxy/node_modules/.pnpm/jest-runner@30.2.0/node_modules/jest-runner/build/testWorker.js:275:16)
          at runTest (/home/bamer/nextjs-llama-async-proxy/node_modules/.pnpm/jest-runner@30.2.0/node_modules/jest-runner/build/testWorker.js:343:7)
          at Object.worker (/home/bamer/nextjs-llama-async-proxy/node_modules/.pnpm/jest-runner@30.2.0/node_modules/jest-runner/build/testWorker.js:497:12)

      85 |       storageUsed = sizes.reduce((total: number, size: number) => total + size, 0) / (1024 * 1024); // Convert to MB
      86 |     } catch (e) {
    > 87 |       console.error('Failed to calculate storage used:', e);
         |               ^
      88 |     }
      89 |
      90 |     // Get system metrics

      at AnalyticsEngine.getAnalytics (src/lib/analytics.ts:87:15)
      at src/lib/__tests__/analytics.test.ts:395:74
          at Array.from (<anonymous>)
      at Object.<anonymous> (src/lib/__tests__/analytics.test.ts:395:30)

    console.error
      Failed to calculate storage used: TypeError: Cannot read properties of undefined (reading 'access')
          at AnalyticsEngine.getAnalytics (/home/bamer/nextjs-llama-async-proxy/src/lib/analytics.ts:77:16)
          at /home/bamer/nextjs-llama-async-proxy/src/lib/__tests__/analytics.test.ts:395:74
          at Array.from (<anonymous>)
          at Object.<anonymous> (/home/bamer/nextjs-llama-async-proxy/src/lib/__tests__/analytics.test.ts:395:30)
          at Promise.finally.completed (/home/bamer/nextjs-llama-async-proxy/node_modules/.pnpm/jest-circus@30.2.0_babel-plugin-macros@3.1.0/node_modules/jest-circus/build/jestAdapterInit.js:1557:28)
          at new Promise (<anonymous>)
          at callAsyncCircusFn (/home/bamer/nextjs-llama-async-proxy/node_modules/.pnpm/jest-circus@30.2.0_babel-plugin-macros@3.1.0/node_modules/jest-circus/build/jestAdapterInit.js:1497:10)
          at _callCircusTest (/home/bamer/nextjs-llama-async-proxy/node_modules/.pnpm/jest-circus@30.2.0_babel-plugin-macros@3.1.0/node_modules/jest-circus/build/jestAdapterInit.js:1007:40)
          at processTicksAndRejections (node:internal/process/task_queues:103:5)
          at _runTest (/home/bamer/nextjs-llama-async-proxy/node_modules/.pnpm/jest-circus@30.2.0_babel-plugin-macros@3.1.0/node_modules/jest-circus/build/jestAdapterInit.js:947:3)
          at /home/bamer/nextjs-llama-async-proxy/node_modules/.pnpm/jest-circus@30.2.0_babel-plugin-macros@3.1.0/node_modules/jest-circus/build/jestAdapterInit.js:849:7
          at _runTestsForDescribeBlock (/home/bamer/nextjs-llama-async-proxy/node_modules/.pnpm/jest-circus@30.2.0_babel-plugin-macros@3.1.0/node_modules/jest-circus/build/jestAdapterInit.js:862:11)
          at _runTestsForDescribeBlock (/home/bamer/nextjs-llama-async-proxy/node_modules/.pnpm/jest-circus@30.2.0_babel-plugin-macros@3.1.0/node_modules/jest-circus/build/jestAdapterInit.js:857:11)
          at _runTestsForDescribeBlock (/home/bamer/nextjs-llama-async-proxy/node_modules/.pnpm/jest-circus@30.2.0_babel-plugin-macros@3.1.0/node_modules/jest-circus/build/jestAdapterInit.js:857:11)
          at run (/home/bamer/nextjs-llama-async-proxy/node_modules/.pnpm/jest-circus@30.2.0_babel-plugin-macros@3.1.0/node_modules/jest-circus/build/jestAdapterInit.js:761:3)
          at runAndTransformResultsToJestFormat (/home/bamer/nextjs-llama-async-proxy/node_modules/.pnpm/jest-circus@30.2.0_babel-plugin-macros@3.1.0/node_modules/jest-circus/build/jestAdapterInit.js:1918:21)
          at jestAdapter (/home/bamer/nextjs-llama-async-proxy/node_modules/.pnpm/jest-circus@30.2.0_babel-plugin-macros@3.1.0/node_modules/jest-circus/build/runner.js:101:19)
          at runTestInternal (/home/bamer/nextjs-llama-async-proxy/node_modules/.pnpm/jest-runner@30.2.0/node_modules/jest-runner/build/testWorker.js:275:16)
          at runTest (/home/bamer/nextjs-llama-async-proxy/node_modules/.pnpm/jest-runner@30.2.0/node_modules/jest-runner/build/testWorker.js:343:7)
          at Object.worker (/home/bamer/nextjs-llama-async-proxy/node_modules/.pnpm/jest-runner@30.2.0/node_modules/jest-runner/build/testWorker.js:497:12)

      85 |       storageUsed = sizes.reduce((total: number, size: number) => total + size, 0) / (1024 * 1024); // Convert to MB
      86 |     } catch (e) {
    > 87 |       console.error('Failed to calculate storage used:', e);
         |               ^
      88 |     }
      89 |
      90 |     // Get system metrics

      at AnalyticsEngine.getAnalytics (src/lib/analytics.ts:87:15)
      at src/lib/__tests__/analytics.test.ts:395:74
          at Array.from (<anonymous>)
      at Object.<anonymous> (src/lib/__tests__/analytics.test.ts:395:30)

    console.error
      Failed to calculate storage used: TypeError: Cannot read properties of undefined (reading 'access')
          at AnalyticsEngine.getAnalytics (/home/bamer/nextjs-llama-async-proxy/src/lib/analytics.ts:77:16)
          at /home/bamer/nextjs-llama-async-proxy/src/lib/__tests__/analytics.test.ts:395:74
          at Array.from (<anonymous>)
          at Object.<anonymous> (/home/bamer/nextjs-llama-async-proxy/src/lib/__tests__/analytics.test.ts:395:30)
          at Promise.finally.completed (/home/bamer/nextjs-llama-async-proxy/node_modules/.pnpm/jest-circus@30.2.0_babel-plugin-macros@3.1.0/node_modules/jest-circus/build/jestAdapterInit.js:1557:28)
          at new Promise (<anonymous>)
          at callAsyncCircusFn (/home/bamer/nextjs-llama-async-proxy/node_modules/.pnpm/jest-circus@30.2.0_babel-plugin-macros@3.1.0/node_modules/jest-circus/build/jestAdapterInit.js:1497:10)
          at _callCircusTest (/home/bamer/nextjs-llama-async-proxy/node_modules/.pnpm/jest-circus@30.2.0_babel-plugin-macros@3.1.0/node_modules/jest-circus/build/jestAdapterInit.js:1007:40)
          at processTicksAndRejections (node:internal/process/task_queues:103:5)
          at _runTest (/home/bamer/nextjs-llama-async-proxy/node_modules/.pnpm/jest-circus@30.2.0_babel-plugin-macros@3.1.0/node_modules/jest-circus/build/jestAdapterInit.js:947:3)
          at /home/bamer/nextjs-llama-async-proxy/node_modules/.pnpm/jest-circus@30.2.0_babel-plugin-macros@3.1.0/node_modules/jest-circus/build/jestAdapterInit.js:849:7
          at _runTestsForDescribeBlock (/home/bamer/nextjs-llama-async-proxy/node_modules/.pnpm/jest-circus@30.2.0_babel-plugin-macros@3.1.0/node_modules/jest-circus/build/jestAdapterInit.js:862:11)
          at _runTestsForDescribeBlock (/home/bamer/nextjs-llama-async-proxy/node_modules/.pnpm/jest-circus@30.2.0_babel-plugin-macros@3.1.0/node_modules/jest-circus/build/jestAdapterInit.js:857:11)
          at _runTestsForDescribeBlock (/home/bamer/nextjs-llama-async-proxy/node_modules/.pnpm/jest-circus@30.2.0_babel-plugin-macros@3.1.0/node_modules/jest-circus/build/jestAdapterInit.js:857:11)
          at run (/home/bamer/nextjs-llama-async-proxy/node_modules/.pnpm/jest-circus@30.2.0_babel-plugin-macros@3.1.0/node_modules/jest-circus/build/jestAdapterInit.js:761:3)
          at runAndTransformResultsToJestFormat (/home/bamer/nextjs-llama-async-proxy/node_modules/.pnpm/jest-circus@30.2.0_babel-plugin-macros@3.1.0/node_modules/jest-circus/build/jestAdapterInit.js:1918:21)
          at jestAdapter (/home/bamer/nextjs-llama-async-proxy/node_modules/.pnpm/jest-circus@30.2.0_babel-plugin-macros@3.1.0/node_modules/jest-circus/build/runner.js:101:19)
          at runTestInternal (/home/bamer/nextjs-llama-async-proxy/node_modules/.pnpm/jest-runner@30.2.0/node_modules/jest-runner/build/testWorker.js:275:16)
          at runTest (/home/bamer/nextjs-llama-async-proxy/node_modules/.pnpm/jest-runner@30.2.0/node_modules/jest-runner/build/testWorker.js:343:7)
          at Object.worker (/home/bamer/nextjs-llama-async-proxy/node_modules/.pnpm/jest-runner@30.2.0/node_modules/jest-runner/build/testWorker.js:497:12)

      85 |       storageUsed = sizes.reduce((total: number, size: number) => total + size, 0) / (1024 * 1024); // Convert to MB
      86 |     } catch (e) {
    > 87 |       console.error('Failed to calculate storage used:', e);
         |               ^
      88 |     }
      89 |
      90 |     // Get system metrics

      at AnalyticsEngine.getAnalytics (src/lib/analytics.ts:87:15)
      at src/lib/__tests__/analytics.test.ts:395:74
          at Array.from (<anonymous>)
      at Object.<anonymous> (src/lib/__tests__/analytics.test.ts:395:30)

    console.error
      Failed to calculate storage used: TypeError: Cannot read properties of undefined (reading 'access')
          at AnalyticsEngine.getAnalytics (/home/bamer/nextjs-llama-async-proxy/src/lib/analytics.ts:77:16)
          at /home/bamer/nextjs-llama-async-proxy/src/lib/__tests__/analytics.test.ts:395:74
          at Array.from (<anonymous>)
          at Object.<anonymous> (/home/bamer/nextjs-llama-async-proxy/src/lib/__tests__/analytics.test.ts:395:30)
          at Promise.finally.completed (/home/bamer/nextjs-llama-async-proxy/node_modules/.pnpm/jest-circus@30.2.0_babel-plugin-macros@3.1.0/node_modules/jest-circus/build/jestAdapterInit.js:1557:28)
          at new Promise (<anonymous>)
          at callAsyncCircusFn (/home/bamer/nextjs-llama-async-proxy/node_modules/.pnpm/jest-circus@30.2.0_babel-plugin-macros@3.1.0/node_modules/jest-circus/build/jestAdapterInit.js:1497:10)
          at _callCircusTest (/home/bamer/nextjs-llama-async-proxy/node_modules/.pnpm/jest-circus@30.2.0_babel-plugin-macros@3.1.0/node_modules/jest-circus/build/jestAdapterInit.js:1007:40)
          at processTicksAndRejections (node:internal/process/task_queues:103:5)
          at _runTest (/home/bamer/nextjs-llama-async-proxy/node_modules/.pnpm/jest-circus@30.2.0_babel-plugin-macros@3.1.0/node_modules/jest-circus/build/jestAdapterInit.js:947:3)
          at /home/bamer/nextjs-llama-async-proxy/node_modules/.pnpm/jest-circus@30.2.0_babel-plugin-macros@3.1.0/node_modules/jest-circus/build/jestAdapterInit.js:849:7
          at _runTestsForDescribeBlock (/home/bamer/nextjs-llama-async-proxy/node_modules/.pnpm/jest-circus@30.2.0_babel-plugin-macros@3.1.0/node_modules/jest-circus/build/jestAdapterInit.js:862:11)
          at _runTestsForDescribeBlock (/home/bamer/nextjs-llama-async-proxy/node_modules/.pnpm/jest-circus@30.2.0_babel-plugin-macros@3.1.0/node_modules/jest-circus/build/jestAdapterInit.js:857:11)
          at _runTestsForDescribeBlock (/home/bamer/nextjs-llama-async-proxy/node_modules/.pnpm/jest-circus@30.2.0_babel-plugin-macros@3.1.0/node_modules/jest-circus/build/jestAdapterInit.js:857:11)
          at run (/home/bamer/nextjs-llama-async-proxy/node_modules/.pnpm/jest-circus@30.2.0_babel-plugin-macros@3.1.0/node_modules/jest-circus/build/jestAdapterInit.js:761:3)
          at runAndTransformResultsToJestFormat (/home/bamer/nextjs-llama-async-proxy/node_modules/.pnpm/jest-circus@30.2.0_babel-plugin-macros@3.1.0/node_modules/jest-circus/build/jestAdapterInit.js:1918:21)
          at jestAdapter (/home/bamer/nextjs-llama-async-proxy/node_modules/.pnpm/jest-circus@30.2.0_babel-plugin-macros@3.1.0/node_modules/jest-circus/build/runner.js:101:19)
          at runTestInternal (/home/bamer/nextjs-llama-async-proxy/node_modules/.pnpm/jest-runner@30.2.0/node_modules/jest-runner/build/testWorker.js:275:16)
          at runTest (/home/bamer/nextjs-llama-async-proxy/node_modules/.pnpm/jest-runner@30.2.0/node_modules/jest-runner/build/testWorker.js:343:7)
          at Object.worker (/home/bamer/nextjs-llama-async-proxy/node_modules/.pnpm/jest-runner@30.2.0/node_modules/jest-runner/build/testWorker.js:497:12)

      85 |       storageUsed = sizes.reduce((total: number, size: number) => total + size, 0) / (1024 * 1024); // Convert to MB
      86 |     } catch (e) {
    > 87 |       console.error('Failed to calculate storage used:', e);
         |               ^
      88 |     }
      89 |
      90 |     // Get system metrics

      at AnalyticsEngine.getAnalytics (src/lib/analytics.ts:87:15)
      at src/lib/__tests__/analytics.test.ts:395:74
          at Array.from (<anonymous>)
      at Object.<anonymous> (src/lib/__tests__/analytics.test.ts:395:30)

    console.error
      Failed to calculate storage used: TypeError: Cannot read properties of undefined (reading 'access')
          at AnalyticsEngine.getAnalytics (/home/bamer/nextjs-llama-async-proxy/src/lib/analytics.ts:77:16)
          at /home/bamer/nextjs-llama-async-proxy/src/lib/__tests__/analytics.test.ts:395:74
          at Array.from (<anonymous>)
          at Object.<anonymous> (/home/bamer/nextjs-llama-async-proxy/src/lib/__tests__/analytics.test.ts:395:30)
          at Promise.finally.completed (/home/bamer/nextjs-llama-async-proxy/node_modules/.pnpm/jest-circus@30.2.0_babel-plugin-macros@3.1.0/node_modules/jest-circus/build/jestAdapterInit.js:1557:28)
          at new Promise (<anonymous>)
          at callAsyncCircusFn (/home/bamer/nextjs-llama-async-proxy/node_modules/.pnpm/jest-circus@30.2.0_babel-plugin-macros@3.1.0/node_modules/jest-circus/build/jestAdapterInit.js:1497:10)
          at _callCircusTest (/home/bamer/nextjs-llama-async-proxy/node_modules/.pnpm/jest-circus@30.2.0_babel-plugin-macros@3.1.0/node_modules/jest-circus/build/jestAdapterInit.js:1007:40)
          at processTicksAndRejections (node:internal/process/task_queues:103:5)
          at _runTest (/home/bamer/nextjs-llama-async-proxy/node_modules/.pnpm/jest-circus@30.2.0_babel-plugin-macros@3.1.0/node_modules/jest-circus/build/jestAdapterInit.js:947:3)
          at /home/bamer/nextjs-llama-async-proxy/node_modules/.pnpm/jest-circus@30.2.0_babel-plugin-macros@3.1.0/node_modules/jest-circus/build/jestAdapterInit.js:849:7
          at _runTestsForDescribeBlock (/home/bamer/nextjs-llama-async-proxy/node_modules/.pnpm/jest-circus@30.2.0_babel-plugin-macros@3.1.0/node_modules/jest-circus/build/jestAdapterInit.js:862:11)
          at _runTestsForDescribeBlock (/home/bamer/nextjs-llama-async-proxy/node_modules/.pnpm/jest-circus@30.2.0_babel-plugin-macros@3.1.0/node_modules/jest-circus/build/jestAdapterInit.js:857:11)
          at _runTestsForDescribeBlock (/home/bamer/nextjs-llama-async-proxy/node_modules/.pnpm/jest-circus@30.2.0_babel-plugin-macros@3.1.0/node_modules/jest-circus/build/jestAdapterInit.js:857:11)
          at run (/home/bamer/nextjs-llama-async-proxy/node_modules/.pnpm/jest-circus@30.2.0_babel-plugin-macros@3.1.0/node_modules/jest-circus/build/jestAdapterInit.js:761:3)
          at runAndTransformResultsToJestFormat (/home/bamer/nextjs-llama-async-proxy/node_modules/.pnpm/jest-circus@30.2.0_babel-plugin-macros@3.1.0/node_modules/jest-circus/build/jestAdapterInit.js:1918:21)
          at jestAdapter (/home/bamer/nextjs-llama-async-proxy/node_modules/.pnpm/jest-circus@30.2.0_babel-plugin-macros@3.1.0/node_modules/jest-circus/build/runner.js:101:19)
          at runTestInternal (/home/bamer/nextjs-llama-async-proxy/node_modules/.pnpm/jest-runner@30.2.0/node_modules/jest-runner/build/testWorker.js:275:16)
          at runTest (/home/bamer/nextjs-llama-async-proxy/node_modules/.pnpm/jest-runner@30.2.0/node_modules/jest-runner/build/testWorker.js:343:7)
          at Object.worker (/home/bamer/nextjs-llama-async-proxy/node_modules/.pnpm/jest-runner@30.2.0/node_modules/jest-runner/build/testWorker.js:497:12)

      85 |       storageUsed = sizes.reduce((total: number, size: number) => total + size, 0) / (1024 * 1024); // Convert to MB
      86 |     } catch (e) {
    > 87 |       console.error('Failed to calculate storage used:', e);
         |               ^
      88 |     }
      89 |
      90 |     // Get system metrics

      at AnalyticsEngine.getAnalytics (src/lib/analytics.ts:87:15)
      at src/lib/__tests__/analytics.test.ts:395:74
          at Array.from (<anonymous>)
      at Object.<anonymous> (src/lib/__tests__/analytics.test.ts:395:30)

    console.error
      Failed to calculate storage used: TypeError: Cannot read properties of undefined (reading 'access')
          at AnalyticsEngine.getAnalytics (/home/bamer/nextjs-llama-async-proxy/src/lib/analytics.ts:77:16)
          at Object.<anonymous> (/home/bamer/nextjs-llama-async-proxy/src/lib/__tests__/analytics.test.ts:418:47)
          at Promise.finally.completed (/home/bamer/nextjs-llama-async-proxy/node_modules/.pnpm/jest-circus@30.2.0_babel-plugin-macros@3.1.0/node_modules/jest-circus/build/jestAdapterInit.js:1557:28)
          at new Promise (<anonymous>)
          at callAsyncCircusFn (/home/bamer/nextjs-llama-async-proxy/node_modules/.pnpm/jest-circus@30.2.0_babel-plugin-macros@3.1.0/node_modules/jest-circus/build/jestAdapterInit.js:1497:10)
          at _callCircusTest (/home/bamer/nextjs-llama-async-proxy/node_modules/.pnpm/jest-circus@30.2.0_babel-plugin-macros@3.1.0/node_modules/jest-circus/build/jestAdapterInit.js:1007:40)
          at processTicksAndRejections (node:internal/process/task_queues:103:5)
          at _runTest (/home/bamer/nextjs-llama-async-proxy/node_modules/.pnpm/jest-circus@30.2.0_babel-plugin-macros@3.1.0/node_modules/jest-circus/build/jestAdapterInit.js:947:3)
          at /home/bamer/nextjs-llama-async-proxy/node_modules/.pnpm/jest-circus@30.2.0_babel-plugin-macros@3.1.0/node_modules/jest-circus/build/jestAdapterInit.js:849:7
          at _runTestsForDescribeBlock (/home/bamer/nextjs-llama-async-proxy/node_modules/.pnpm/jest-circus@30.2.0_babel-plugin-macros@3.1.0/node_modules/jest-circus/build/jestAdapterInit.js:862:11)
          at _runTestsForDescribeBlock (/home/bamer/nextjs-llama-async-proxy/node_modules/.pnpm/jest-circus@30.2.0_babel-plugin-macros@3.1.0/node_modules/jest-circus/build/jestAdapterInit.js:857:11)
          at _runTestsForDescribeBlock (/home/bamer/nextjs-llama-async-proxy/node_modules/.pnpm/jest-circus@30.2.0_babel-plugin-macros@3.1.0/node_modules/jest-circus/build/jestAdapterInit.js:857:11)
          at run (/home/bamer/nextjs-llama-async-proxy/node_modules/.pnpm/jest-circus@30.2.0_babel-plugin-macros@3.1.0/node_modules/jest-circus/build/jestAdapterInit.js:761:3)
          at runAndTransformResultsToJestFormat (/home/bamer/nextjs-llama-async-proxy/node_modules/.pnpm/jest-circus@30.2.0_babel-plugin-macros@3.1.0/node_modules/jest-circus/build/jestAdapterInit.js:1918:21)
          at jestAdapter (/home/bamer/nextjs-llama-async-proxy/node_modules/.pnpm/jest-circus@30.2.0_babel-plugin-macros@3.1.0/node_modules/jest-circus/build/runner.js:101:19)
          at runTestInternal (/home/bamer/nextjs-llama-async-proxy/node_modules/.pnpm/jest-runner@30.2.0/node_modules/jest-runner/build/testWorker.js:275:16)
          at runTest (/home/bamer/nextjs-llama-async-proxy/node_modules/.pnpm/jest-runner@30.2.0/node_modules/jest-runner/build/testWorker.js:343:7)
          at Object.worker (/home/bamer/nextjs-llama-async-proxy/node_modules/.pnpm/jest-runner@30.2.0/node_modules/jest-runner/build/testWorker.js:497:12)

      85 |       storageUsed = sizes.reduce((total: number, size: number) => total + size, 0) / (1024 * 1024); // Convert to MB
      86 |     } catch (e) {
    > 87 |       console.error('Failed to calculate storage used:', e);
         |               ^
      88 |     }
      89 |
      90 |     // Get system metrics

      at AnalyticsEngine.getAnalytics (src/lib/analytics.ts:87:15)
      at Object.<anonymous> (src/lib/__tests__/analytics.test.ts:418:47)

  ● AnalyticsEngine › incRequest › updates last minute reset timestamp

    expect(received).not.toBe(expected) // Object.is equality

    Expected: not 1766806381792

       97 |       analyticsEngine.incRequest();
       98 |
    >  99 |       expect(analyticsEngine['lastMinuteReset']).not.toBe(beforeReset);
          |                                                      ^
      100 |     });
      101 |   });
      102 |

      at Object.<anonymous> (src/lib/__tests__/analytics.test.ts:99:54)

  ● AnalyticsEngine › decRequest › does not go below zero

    expect(received).toBe(expected) // Object.is equality

    Expected: 0
    Received: -1

      112 |       analyticsEngine.decRequest();
      113 |
    > 114 |       expect(analyticsEngine['activeSessions']).toBe(0);
          |                                                 ^
      115 |     });
      116 |
      117 |     it('handles multiple decrements', () => {

      at Object.<anonymous> (src/lib/__tests__/analytics.test.ts:114:49)

  ● AnalyticsEngine › getAnalytics › calculates error rate

    expect(received).toBeCloseTo(expected, precision)

    Expected: 0.333
    Received: 0.5

    Expected precision:    2
    Expected difference: < 0.005
    Received difference:   0.16699999999999998

      243 |       const analytics = await analyticsEngine.getAnalytics();
      244 |
    > 245 |       expect(analytics.errorRate).toBeCloseTo(0.333, 2);
          |                                   ^
      246 |     });
      247 |
      248 |     it('returns zero error rate when no requests', async () => {

      at Object.<anonymous> (src/lib/__tests__/analytics.test.ts:245:35)

  ● AnalyticsEngine › getAnalytics › storage calculation › calculates storage from logs directory

    TypeError: Cannot read properties of undefined (reading 'access')

      305 |     describe('storage calculation', () => {
      306 |       it('calculates storage from logs directory', async () => {
    > 307 |         mockedFs.access.mockResolvedValue(undefined);
          |                  ^
      308 |         mockedFs.readdir.mockResolvedValue(['log1.log', 'log2.log']);
      309 |         mockedFs.stat.mockImplementation((path) => Promise.resolve({
      310 |           size: path.includes('log1') ? 1024 : 2048,

      at Object.<anonymous> (src/lib/__tests__/analytics.test.ts:307:18)

  ● AnalyticsEngine › getAnalytics › storage calculation › handles storage calculation errors gracefully

    TypeError: Cannot read properties of undefined (reading 'access')

      317 |
      318 |       it('handles storage calculation errors gracefully', async () => {
    > 319 |         mockedFs.access.mockRejectedValue(new Error('Access denied'));
          |                  ^
      320 |
      321 |         const analytics = await analyticsEngine.getAnalytics();
      322 |

      at Object.<anonymous> (src/lib/__tests__/analytics.test.ts:319:18)

  ● AnalyticsEngine › getAnalytics › storage calculation › handles readdir errors gracefully

    TypeError: Cannot read properties of undefined (reading 'access')

      325 |
      326 |       it('handles readdir errors gracefully', async () => {
    > 327 |         mockedFs.access.mockResolvedValue(undefined);
          |                  ^
      328 |         mockedFs.readdir.mockRejectedValue(new Error('Read failed'));
      329 |
      330 |         const analytics = await analyticsEngine.getAnalytics();

      at Object.<anonymous> (src/lib/__tests__/analytics.test.ts:327:18)

  ● AnalyticsEngine › getAnalytics › storage calculation › handles empty logs directory

    TypeError: Cannot read properties of undefined (reading 'access')

      334 |
      335 |       it('handles empty logs directory', async () => {
    > 336 |         mockedFs.access.mockResolvedValue(undefined);
          |                  ^
      337 |         mockedFs.readdir.mockResolvedValue([]);
      338 |
      339 |         const analytics = await analyticsEngine.getAnalytics();

      at Object.<anonymous> (src/lib/__tests__/analytics.test.ts:336:18)

  ● AnalyticsEngine › getAnalytics › storage calculation › handles stat errors gracefully

    TypeError: Cannot read properties of undefined (reading 'access')

      343 |
      344 |       it('handles stat errors gracefully', async () => {
    > 345 |         mockedFs.access.mockResolvedValue(undefined);
          |                  ^
      346 |         mockedFs.readdir.mockResolvedValue(['log1.log']);
      347 |         mockedFs.stat.mockRejectedValue(new Error('Stat failed'));
      348 |

      at Object.<anonymous> (src/lib/__tests__/analytics.test.ts:345:18)

  ● AnalyticsEngine › getAnalytics › storage calculation › converts bytes to megabytes

    TypeError: Cannot read properties of undefined (reading 'access')

      353 |
      354 |       it('converts bytes to megabytes', async () => {
    > 355 |         mockedFs.access.mockResolvedValue(undefined);
          |                  ^
      356 |         mockedFs.readdir.mockResolvedValue(['log1.log']);
      357 |         mockedFs.stat.mockResolvedValue({ size: 1024 * 1024 * 10 } as any);
      358 |

      at Object.<anonymous> (src/lib/__tests__/analytics.test.ts:355:18)

  ● ServerSentEventStream › startStream › creates a new ReadableStream

    ReferenceError: ReadableStream is not defined

      119 |     }
      120 |
    > 121 |     const stream = new ReadableStream<string>({
          |                    ^
      122 |       async start(controller) {
      123 |         ServerSentEventStream.streamController = controller as any;
      124 |         // Send initial analytics update

      at ServerSentEventStream.startStream (src/lib/analytics.ts:121:20)
      at Object.<anonymous> (src/lib/__tests__/analytics.test.ts:444:50)

  ● ServerSentEventStream › startStream › sends initial analytics update

    ReferenceError: ReadableStream is not defined

      119 |     }
      120 |
    > 121 |     const stream = new ReadableStream<string>({
          |                    ^
      122 |       async start(controller) {
      123 |         ServerSentEventStream.streamController = controller as any;
      124 |         // Send initial analytics update

      at ServerSentEventStream.startStream (src/lib/analytics.ts:121:20)
      at Object.<anonymous> (src/lib/__tests__/analytics.test.ts:450:50)

  ● ServerSentEventStream › startStream › sends updates every 5 seconds

    ReferenceError: ReadableStream is not defined

      119 |     }
      120 |
    > 121 |     const stream = new ReadableStream<string>({
          |                    ^
      122 |       async start(controller) {
      123 |         ServerSentEventStream.streamController = controller as any;
      124 |         // Send initial analytics update

      at ServerSentEventStream.startStream (src/lib/analytics.ts:121:20)
      at Object.<anonymous> (src/lib/__tests__/analytics.test.ts:459:35)

  ● ServerSentEventStream › startStream › cancels previous stream when starting new one

    ReferenceError: ReadableStream is not defined

      119 |     }
      120 |
    > 121 |     const stream = new ReadableStream<string>({
          |                    ^
      122 |       async start(controller) {
      123 |         ServerSentEventStream.streamController = controller as any;
      124 |         // Send initial analytics update

      at ServerSentEventStream.startStream (src/lib/analytics.ts:121:20)
      at Object.<anonymous> (src/lib/__tests__/analytics.test.ts:473:51)

  ● ServerSentEventStream › startStream › handles analytics errors gracefully

    ReferenceError: ReadableStream is not defined

      119 |     }
      120 |
    > 121 |     const stream = new ReadableStream<string>({
          |                    ^
      122 |       async start(controller) {
      123 |         ServerSentEventStream.streamController = controller as any;
      124 |         // Send initial analytics update

      at ServerSentEventStream.startStream (src/lib/analytics.ts:121:20)
      at Object.<anonymous> (src/lib/__tests__/analytics.test.ts:485:35)

  ● ServerSentEventStream › getStream › returns stream controller after starting

    ReferenceError: ReadableStream is not defined

      119 |     }
      120 |
    > 121 |     const stream = new ReadableStream<string>({
          |                    ^
      122 |       async start(controller) {
      123 |         ServerSentEventStream.streamController = controller as any;
      124 |         // Send initial analytics update

      at ServerSentEventStream.startStream (src/lib/analytics.ts:121:20)
      at Object.<anonymous> (src/lib/__tests__/analytics.test.ts:501:35)

  ● ServerSentEventStream › SSE message format › sends messages in correct SSE format

    ReferenceError: ReadableStream is not defined

      119 |     }
      120 |
    > 121 |     const stream = new ReadableStream<string>({
          |                    ^
      122 |       async start(controller) {
      123 |         ServerSentEventStream.streamController = controller as any;
      124 |         // Send initial analytics update

      at ServerSentEventStream.startStream (src/lib/analytics.ts:121:20)
      at Object.<anonymous> (src/lib/__tests__/analytics.test.ts:511:35)

  ● ServerSentEventStream › SSE message format › includes analytics data in message

    ReferenceError: ReadableStream is not defined

      119 |     }
      120 |
    > 121 |     const stream = new ReadableStream<string>({
          |                    ^
      122 |       async start(controller) {
      123 |         ServerSentEventStream.streamController = controller as any;
      124 |         // Send initial analytics update

      at ServerSentEventStream.startStream (src/lib/analytics.ts:121:20)
      at Object.<anonymous> (src/lib/__tests__/analytics.test.ts:523:35)

  ● ServerSentEventStream › Edge cases › handles concurrent stream starts

    ReferenceError: ReadableStream is not defined

      119 |     }
      120 |
    > 121 |     const stream = new ReadableStream<string>({
          |                    ^
      122 |       async start(controller) {
      123 |         ServerSentEventStream.streamController = controller as any;
      124 |         // Send initial analytics update

      at ServerSentEventStream.startStream (src/lib/analytics.ts:121:20)
      at src/lib/__tests__/analytics.test.ts:540:79
          at Array.from (<anonymous>)
      at Object.<anonymous> (src/lib/__tests__/analytics.test.ts:540:30)

  ● ServerSentEventStream › Edge cases › handles long-running streams

    ReferenceError: ReadableStream is not defined

      119 |     }
      120 |
    > 121 |     const stream = new ReadableStream<string>({
          |                    ^
      122 |       async start(controller) {
      123 |         ServerSentEventStream.streamController = controller as any;
      124 |         // Send initial analytics update

      at ServerSentEventStream.startStream (src/lib/analytics.ts:121:20)
      at Object.<anonymous> (src/lib/__tests__/analytics.test.ts:551:35)

  ● Analytics integration › tracks request lifecycle

    Analytics failed

      481 |
      482 |     it('handles analytics errors gracefully', async () => {
    > 483 |       jest.spyOn(analyticsEngine, 'getAnalytics').mockRejectedValue(new Error('Analytics failed'));
          |                                                                     ^
      484 |
      485 |       await ServerSentEventStream.startStream();
      486 |

      at Object.<anonymous> (src/lib/__tests__/analytics.test.ts:483:69)

  ● Analytics integration › tracks errors during request lifecycle

    Analytics failed

      481 |
      482 |     it('handles analytics errors gracefully', async () => {
    > 483 |       jest.spyOn(analyticsEngine, 'getAnalytics').mockRejectedValue(new Error('Analytics failed'));
          |                                                                     ^
      484 |
      485 |       await ServerSentEventStream.startStream();
      486 |

      at Object.<anonymous> (src/lib/__tests__/analytics.test.ts:483:69)

  ● Analytics integration › provides accurate metrics over time

    Analytics failed

      481 |
      482 |     it('handles analytics errors gracefully', async () => {
    > 483 |       jest.spyOn(analyticsEngine, 'getAnalytics').mockRejectedValue(new Error('Analytics failed'));
          |                                                                     ^
      484 |
      485 |       await ServerSentEventStream.startStream();
      486 |

      at Object.<anonymous> (src/lib/__tests__/analytics.test.ts:483:69)

FAIL __tests__/server/services/LlamaServerIntegration.test.ts
  ● Console

    console.log
      undefined [[32minfo[39m]: Logger initialized with configuration:

      at Console.log (node_modules/.pnpm/winston@3.19.0/node_modules/winston/lib/winston/transports/console.js:87:23)

    console.log
      ✅ LlamaServer integration initialized

      at LlamaServerIntegration.initialize (src/server/services/LlamaServerIntegration.ts:50:15)

    console.log
      📊 Metrics broadcasting started (every 3s)

      at LlamaServerIntegration.startMetricsBroadcast (src/server/services/LlamaServerIntegration.ts:113:13)

    console.error
      ❌ Failed to initialize LlamaServer integration: Failed to start

      53 |     } catch (error) {
      54 |       const message = error instanceof Error ? error.message : String(error);
    > 55 |       console.error(`❌ Failed to initialize LlamaServer integration: ${message}`);
         |               ^
      56 |       throw error;
      57 |     }
      58 |   }

      at LlamaServerIntegration.initialize (src/server/services/LlamaServerIntegration.ts:55:15)
      at Object.<anonymous> (__tests__/server/services/LlamaServerIntegration.test.ts:103:7)

    console.log
      ✅ LlamaServer integration initialized

      at LlamaServerIntegration.initialize (src/server/services/LlamaServerIntegration.ts:50:15)

    console.log
      📊 Metrics broadcasting started (every 3s)

      at LlamaServerIntegration.startMetricsBroadcast (src/server/services/LlamaServerIntegration.ts:113:13)

    console.log
      ✅ LlamaServer integration initialized

      at LlamaServerIntegration.initialize (src/server/services/LlamaServerIntegration.ts:50:15)

    console.log
      📊 Metrics broadcasting started (every 3s)

      at LlamaServerIntegration.startMetricsBroadcast (src/server/services/LlamaServerIntegration.ts:113:13)

    console.log
      🛑 LlamaServer integration stopped

      at LlamaServerIntegration.stop (src/server/services/LlamaServerIntegration.ts:373:13)

    console.log
      ✅ LlamaServer integration initialized

      at LlamaServerIntegration.initialize (src/server/services/LlamaServerIntegration.ts:50:15)

    console.log
      📊 Metrics broadcasting started (every 3s)

      at LlamaServerIntegration.startMetricsBroadcast (src/server/services/LlamaServerIntegration.ts:113:13)

    console.log
      ✅ LlamaServer integration initialized

      at LlamaServerIntegration.initialize (src/server/services/LlamaServerIntegration.ts:50:15)

    console.log
      📊 Metrics broadcasting started (every 3s)

      at LlamaServerIntegration.startMetricsBroadcast (src/server/services/LlamaServerIntegration.ts:113:13)

    console.log
      ✅ LlamaServer integration initialized

      at LlamaServerIntegration.initialize (src/server/services/LlamaServerIntegration.ts:50:15)

    console.log
      📊 Metrics broadcasting started (every 3s)

      at LlamaServerIntegration.startMetricsBroadcast (src/server/services/LlamaServerIntegration.ts:113:13)

    console.log
      ✅ LlamaServer integration initialized

      at LlamaServerIntegration.initialize (src/server/services/LlamaServerIntegration.ts:50:15)

    console.log
      📊 Metrics broadcasting started (every 3s)

      at LlamaServerIntegration.startMetricsBroadcast (src/server/services/LlamaServerIntegration.ts:113:13)

    console.log
      ✅ LlamaServer integration initialized

      at LlamaServerIntegration.initialize (src/server/services/LlamaServerIntegration.ts:50:15)

    console.log
      📊 Metrics broadcasting started (every 3s)

      at LlamaServerIntegration.startMetricsBroadcast (src/server/services/LlamaServerIntegration.ts:113:13)

    console.log
      [WS] Rescan models request received

      at src/server/services/LlamaServerIntegration.ts:234:15

    console.log
      [WS] ✅ Models rescanned successfully

      at src/server/services/LlamaServerIntegration.ts:239:19

    console.log
      ✅ LlamaServer integration initialized

      at LlamaServerIntegration.initialize (src/server/services/LlamaServerIntegration.ts:50:15)

    console.log
      📊 Metrics broadcasting started (every 3s)

      at LlamaServerIntegration.startMetricsBroadcast (src/server/services/LlamaServerIntegration.ts:113:13)

    console.log
      [WS] Starting model: model1

      at src/server/services/LlamaServerIntegration.ts:258:17

    console.log
      ✅ LlamaServer integration initialized

      at LlamaServerIntegration.initialize (src/server/services/LlamaServerIntegration.ts:50:15)

    console.log
      📊 Metrics broadcasting started (every 3s)

      at LlamaServerIntegration.startMetricsBroadcast (src/server/services/LlamaServerIntegration.ts:113:13)

    console.log
      [WS] Starting model: model1

      at src/server/services/LlamaServerIntegration.ts:258:17

    console.log
      ✅ LlamaServer integration initialized

      at LlamaServerIntegration.initialize (src/server/services/LlamaServerIntegration.ts:50:15)

    console.log
      📊 Metrics broadcasting started (every 3s)

      at LlamaServerIntegration.startMetricsBroadcast (src/server/services/LlamaServerIntegration.ts:113:13)

    console.log
      [WS] Stopping model: model1

      at src/server/services/LlamaServerIntegration.ts:300:17

    console.log
      ✅ LlamaServer integration initialized

      at LlamaServerIntegration.initialize (src/server/services/LlamaServerIntegration.ts:50:15)

    console.log
      📊 Metrics broadcasting started (every 3s)

      at LlamaServerIntegration.startMetricsBroadcast (src/server/services/LlamaServerIntegration.ts:113:13)

    console.log
      ✅ LlamaServer integration initialized

      at LlamaServerIntegration.initialize (src/server/services/LlamaServerIntegration.ts:50:15)

    console.log
      📊 Metrics broadcasting started (every 3s)

      at LlamaServerIntegration.startMetricsBroadcast (src/server/services/LlamaServerIntegration.ts:113:13)

    console.log
      [WS] Restarting llama-server...

      at src/server/services/LlamaServerIntegration.ts:341:17

    console.log
      [WS] ✅ Llama-server restarted successfully

      at src/server/services/LlamaServerIntegration.ts:344:17

    console.log
      ✅ LlamaServer integration initialized

      at LlamaServerIntegration.initialize (src/server/services/LlamaServerIntegration.ts:50:15)

    console.log
      📊 Metrics broadcasting started (every 3s)

      at LlamaServerIntegration.startMetricsBroadcast (src/server/services/LlamaServerIntegration.ts:113:13)

    console.log
      [WS] Downloading logs requested

      at src/server/services/LlamaServerIntegration.ts:354:17

  ● LlamaServerIntegration › setupWebSocketHandlers › should handle requestMetrics event

    expect(jest.fn()).toHaveBeenCalledWith(...expected)

    Expected: "metrics", ObjectContaining {"type": "metrics"}

    Number of calls: 0

      184 |       }
      185 |
    > 186 |       expect(mockSocket.emit).toHaveBeenCalledWith(
          |                               ^
      187 |         'metrics',
      188 |         expect.objectContaining({
      189 |           type: 'metrics',

      at Object.<anonymous> (__tests__/server/services/LlamaServerIntegration.test.ts:186:31)

  ● LlamaServerIntegration › setupWebSocketHandlers › should handle startModel event when llama service is not available

    expect(jest.fn()).toHaveBeenCalledWith(...expected)

    Expected: "error", ObjectContaining {"message": StringContaining "not available"}
    Received: "error", {"message": "Failed to start model: Cannot read properties of undefined (reading 'ok')"}

    Number of calls: 1

      299 |       }
      300 |
    > 301 |       expect(mockSocket.emit).toHaveBeenCalledWith(
          |                               ^
      302 |         'error',
      303 |         expect.objectContaining({
      304 |           message: expect.stringContaining('not available'),

      at Object.<anonymous> (__tests__/server/services/LlamaServerIntegration.test.ts:301:31)

FAIL __tests__/api/models.test.ts
  ● Console

    console.error
      Error fetching models: Error: Service error
          at Object.<anonymous> (/home/bamer/nextjs-llama-async-proxy/__tests__/api/models.test.ts:168:15)
          at /home/bamer/nextjs-llama-async-proxy/node_modules/.pnpm/jest-mock@30.2.0/node_modules/jest-mock/build/index.js:305:39
          at Object.<anonymous> (/home/bamer/nextjs-llama-async-proxy/node_modules/.pnpm/jest-mock@30.2.0/node_modules/jest-mock/build/index.js:312:13)
          at Object.mockConstructor [as getState] (/home/bamer/nextjs-llama-async-proxy/node_modules/.pnpm/jest-mock@30.2.0/node_modules/jest-mock/build/index.js:102:19)
          at GET (/home/bamer/nextjs-llama-async-proxy/app/api/models/route.ts:24:32)
          at Object.<anonymous> (/home/bamer/nextjs-llama-async-proxy/__tests__/api/models.test.ts:178:31)
          at Promise.finally.completed (/home/bamer/nextjs-llama-async-proxy/node_modules/.pnpm/jest-circus@30.2.0_babel-plugin-macros@3.1.0/node_modules/jest-circus/build/jestAdapterInit.js:1557:28)
          at new Promise (<anonymous>)
          at callAsyncCircusFn (/home/bamer/nextjs-llama-async-proxy/node_modules/.pnpm/jest-circus@30.2.0_babel-plugin-macros@3.1.0/node_modules/jest-circus/build/jestAdapterInit.js:1497:10)
          at _callCircusTest (/home/bamer/nextjs-llama-async-proxy/node_modules/.pnpm/jest-circus@30.2.0_babel-plugin-macros@3.1.0/node_modules/jest-circus/build/jestAdapterInit.js:1007:40)
          at processTicksAndRejections (node:internal/process/task_queues:103:5)
          at _runTest (/home/bamer/nextjs-llama-async-proxy/node_modules/.pnpm/jest-circus@30.2.0_babel-plugin-macros@3.1.0/node_modules/jest-circus/build/jestAdapterInit.js:947:3)
          at /home/bamer/nextjs-llama-async-proxy/node_modules/.pnpm/jest-circus@30.2.0_babel-plugin-macros@3.1.0/node_modules/jest-circus/build/jestAdapterInit.js:849:7
          at _runTestsForDescribeBlock (/home/bamer/nextjs-llama-async-proxy/node_modules/.pnpm/jest-circus@30.2.0_babel-plugin-macros@3.1.0/node_modules/jest-circus/build/jestAdapterInit.js:862:11)
          at _runTestsForDescribeBlock (/home/bamer/nextjs-llama-async-proxy/node_modules/.pnpm/jest-circus@30.2.0_babel-plugin-macros@3.1.0/node_modules/jest-circus/build/jestAdapterInit.js:857:11)
          at run (/home/bamer/nextjs-llama-async-proxy/node_modules/.pnpm/jest-circus@30.2.0_babel-plugin-macros@3.1.0/node_modules/jest-circus/build/jestAdapterInit.js:761:3)
          at runAndTransformResultsToJestFormat (/home/bamer/nextjs-llama-async-proxy/node_modules/.pnpm/jest-circus@30.2.0_babel-plugin-macros@3.1.0/node_modules/jest-circus/build/jestAdapterInit.js:1918:21)
          at jestAdapter (/home/bamer/nextjs-llama-async-proxy/node_modules/.pnpm/jest-circus@30.2.0_babel-plugin-macros@3.1.0/node_modules/jest-circus/build/runner.js:101:19)
          at runTestInternal (/home/bamer/nextjs-llama-async-proxy/node_modules/.pnpm/jest-runner@30.2.0/node_modules/jest-runner/build/testWorker.js:275:16)
          at runTest (/home/bamer/nextjs-llama-async-proxy/node_modules/.pnpm/jest-runner@30.2.0/node_modules/jest-runner/build/testWorker.js:343:7)
          at Object.worker (/home/bamer/nextjs-llama-async-proxy/node_modules/.pnpm/jest-runner@30.2.0/node_modules/jest-runner/build/testWorker.js:497:12)

      46 |     return NextResponse.json({ models }, { status: 200 });
      47 |   } catch (error) {
    > 48 |     console.error("Error fetching models:", error);
         |             ^
      49 |     return NextResponse.json(
      50 |       { error: "Failed to fetch models", models: [] },
      51 |       { status: 500 }

      at GET (app/api/models/route.ts:48:13)
      at Object.<anonymous> (__tests__/api/models.test.ts:178:31)

    console.error
      Error fetching models: RangeError: Invalid time value
          at Date.toISOString (<anonymous>)
          at /home/bamer/nextjs-llama-async-proxy/app/api/models/route.ts:40:9
          at Array.map (<anonymous>)
          at GET (/home/bamer/nextjs-llama-async-proxy/app/api/models/route.ts:32:33)
          at Object.<anonymous> (/home/bamer/nextjs-llama-async-proxy/__tests__/api/models.test.ts:426:31)
          at Promise.finally.completed (/home/bamer/nextjs-llama-async-proxy/node_modules/.pnpm/jest-circus@30.2.0_babel-plugin-macros@3.1.0/node_modules/jest-circus/build/jestAdapterInit.js:1557:28)
          at new Promise (<anonymous>)
          at callAsyncCircusFn (/home/bamer/nextjs-llama-async-proxy/node_modules/.pnpm/jest-circus@30.2.0_babel-plugin-macros@3.1.0/node_modules/jest-circus/build/jestAdapterInit.js:1497:10)
          at _callCircusTest (/home/bamer/nextjs-llama-async-proxy/node_modules/.pnpm/jest-circus@30.2.0_babel-plugin-macros@3.1.0/node_modules/jest-circus/build/jestAdapterInit.js:1007:40)
          at processTicksAndRejections (node:internal/process/task_queues:103:5)
          at _runTest (/home/bamer/nextjs-llama-async-proxy/node_modules/.pnpm/jest-circus@30.2.0_babel-plugin-macros@3.1.0/node_modules/jest-circus/build/jestAdapterInit.js:947:3)
          at /home/bamer/nextjs-llama-async-proxy/node_modules/.pnpm/jest-circus@30.2.0_babel-plugin-macros@3.1.0/node_modules/jest-circus/build/jestAdapterInit.js:849:7
          at _runTestsForDescribeBlock (/home/bamer/nextjs-llama-async-proxy/node_modules/.pnpm/jest-circus@30.2.0_babel-plugin-macros@3.1.0/node_modules/jest-circus/build/jestAdapterInit.js:862:11)
          at _runTestsForDescribeBlock (/home/bamer/nextjs-llama-async-proxy/node_modules/.pnpm/jest-circus@30.2.0_babel-plugin-macros@3.1.0/node_modules/jest-circus/build/jestAdapterInit.js:857:11)
          at run (/home/bamer/nextjs-llama-async-proxy/node_modules/.pnpm/jest-circus@30.2.0_babel-plugin-macros@3.1.0/node_modules/jest-circus/build/jestAdapterInit.js:761:3)
          at runAndTransformResultsToJestFormat (/home/bamer/nextjs-llama-async-proxy/node_modules/.pnpm/jest-circus@30.2.0_babel-plugin-macros@3.1.0/node_modules/jest-circus/build/jestAdapterInit.js:1918:21)
          at jestAdapter (/home/bamer/nextjs-llama-async-proxy/node_modules/.pnpm/jest-circus@30.2.0_babel-plugin-macros@3.1.0/node_modules/jest-circus/build/runner.js:101:19)
          at runTestInternal (/home/bamer/nextjs-llama-async-proxy/node_modules/.pnpm/jest-runner@30.2.0/node_modules/jest-runner/build/testWorker.js:275:16)
          at runTest (/home/bamer/nextjs-llama-async-proxy/node_modules/.pnpm/jest-runner@30.2.0/node_modules/jest-runner/build/testWorker.js:343:7)
          at Object.worker (/home/bamer/nextjs-llama-async-proxy/node_modules/.pnpm/jest-runner@30.2.0/node_modules/jest-runner/build/testWorker.js:497:12)

      46 |     return NextResponse.json({ models }, { status: 200 });
      47 |   } catch (error) {
    > 48 |     console.error("Error fetching models:", error);
         |             ^
      49 |     return NextResponse.json(
      50 |       { error: "Failed to fetch models", models: [] },
      51 |       { status: 500 }

      at GET (app/api/models/route.ts:48:13)
      at Object.<anonymous> (__tests__/api/models.test.ts:426:31)

    console.error
      Error fetching models: TypeError: Cannot read properties of null (reading 'id')
          at /home/bamer/nextjs-llama-async-proxy/app/api/models/route.ts:33:17
          at Array.map (<anonymous>)
          at GET (/home/bamer/nextjs-llama-async-proxy/app/api/models/route.ts:32:33)
          at Object.<anonymous> (/home/bamer/nextjs-llama-async-proxy/__tests__/api/models.test.ts:564:31)
          at Promise.finally.completed (/home/bamer/nextjs-llama-async-proxy/node_modules/.pnpm/jest-circus@30.2.0_babel-plugin-macros@3.1.0/node_modules/jest-circus/build/jestAdapterInit.js:1557:28)
          at new Promise (<anonymous>)
          at callAsyncCircusFn (/home/bamer/nextjs-llama-async-proxy/node_modules/.pnpm/jest-circus@30.2.0_babel-plugin-macros@3.1.0/node_modules/jest-circus/build/jestAdapterInit.js:1497:10)
          at _callCircusTest (/home/bamer/nextjs-llama-async-proxy/node_modules/.pnpm/jest-circus@30.2.0_babel-plugin-macros@3.1.0/node_modules/jest-circus/build/jestAdapterInit.js:1007:40)
          at processTicksAndRejections (node:internal/process/task_queues:103:5)
          at _runTest (/home/bamer/nextjs-llama-async-proxy/node_modules/.pnpm/jest-circus@30.2.0_babel-plugin-macros@3.1.0/node_modules/jest-circus/build/jestAdapterInit.js:947:3)
          at /home/bamer/nextjs-llama-async-proxy/node_modules/.pnpm/jest-circus@30.2.0_babel-plugin-macros@3.1.0/node_modules/jest-circus/build/jestAdapterInit.js:849:7
          at _runTestsForDescribeBlock (/home/bamer/nextjs-llama-async-proxy/node_modules/.pnpm/jest-circus@30.2.0_babel-plugin-macros@3.1.0/node_modules/jest-circus/build/jestAdapterInit.js:862:11)
          at _runTestsForDescribeBlock (/home/bamer/nextjs-llama-async-proxy/node_modules/.pnpm/jest-circus@30.2.0_babel-plugin-macros@3.1.0/node_modules/jest-circus/build/jestAdapterInit.js:857:11)
          at run (/home/bamer/nextjs-llama-async-proxy/node_modules/.pnpm/jest-circus@30.2.0_babel-plugin-macros@3.1.0/node_modules/jest-circus/build/jestAdapterInit.js:761:3)
          at runAndTransformResultsToJestFormat (/home/bamer/nextjs-llama-async-proxy/node_modules/.pnpm/jest-circus@30.2.0_babel-plugin-macros@3.1.0/node_modules/jest-circus/build/jestAdapterInit.js:1918:21)
          at jestAdapter (/home/bamer/nextjs-llama-async-proxy/node_modules/.pnpm/jest-circus@30.2.0_babel-plugin-macros@3.1.0/node_modules/jest-circus/build/runner.js:101:19)
          at runTestInternal (/home/bamer/nextjs-llama-async-proxy/node_modules/.pnpm/jest-runner@30.2.0/node_modules/jest-runner/build/testWorker.js:275:16)
          at runTest (/home/bamer/nextjs-llama-async-proxy/node_modules/.pnpm/jest-runner@30.2.0/node_modules/jest-runner/build/testWorker.js:343:7)
          at Object.worker (/home/bamer/nextjs-llama-async-proxy/node_modules/.pnpm/jest-runner@30.2.0/node_modules/jest-runner/build/testWorker.js:497:12)

      46 |     return NextResponse.json({ models }, { status: 200 });
      47 |   } catch (error) {
    > 48 |     console.error("Error fetching models:", error);
         |             ^
      49 |     return NextResponse.json(
      50 |       { error: "Failed to fetch models", models: [] },
      51 |       { status: 500 }

      at GET (app/api/models/route.ts:48:13)
      at Object.<anonymous> (__tests__/api/models.test.ts:564:31)

  ● GET /api/models › should handle models array with invalid items

    expect(received).toBe(expected) // Object.is equality

    Expected: 200
    Received: 500

      565 |
      566 |     // Should handle gracefully
    > 567 |     expect(response.status).toBe(200);
          |                             ^
      568 |   });
      569 | });
      570 |

      at Object.<anonymous> (__tests__/api/models.test.ts:567:29)

(node:1526197) MaxListenersExceededWarning: Possible EventEmitter memory leak detected. 11 end listeners added to [DerivedLogger]. MaxListeners is 10. Use emitter.setMaxListeners() to increase limit
(Use `node --trace-warnings ...` to show where the warning was created)
(node:1526197) MaxListenersExceededWarning: Possible EventEmitter memory leak detected. 11 data listeners added to [DerivedLogger]. MaxListeners is 10. Use emitter.setMaxListeners() to increase limit
FAIL __tests__/lib/monitor.test.ts
  ● monitor › captureMetrics › should include timestamp

    expect(received).not.toBeInstanceOf(expected)

    Expected constructor: not ClockDate
    Received constructor:     Date extends … extends ClockDate

      76 |       expect(metrics.timestamp).toBeDefined();
      77 |       expect(typeof metrics.timestamp).toBe('string');
    > 78 |       expect(new Date(metrics.timestamp)).not.toBeInstanceOf(Date);
         |                                               ^
      79 |     });
      80 |
      81 |     it('should calculate CPU usage correctly for multiple cores', () => {

      at Object.<anonymous> (__tests__/lib/monitor.test.ts:78:47)

  ● monitor › captureMetrics › should calculate CPU usage correctly for multiple cores

    expect(received).toBe(expected) // Object.is equality

    Expected: -15
    Received: 42

      85 |         ((100 + 50 + 120 + 60 - (200 + 180)) / (100 + 50 + 120 + 60)) * 100
      86 |       );
    > 87 |       expect(metrics.cpuUsage).toBe(expectedCpu);
         |                                ^
      88 |     });
      89 |
      90 |     it('should calculate memory usage correctly', () => {

      at Object.<anonymous> (__tests__/lib/monitor.test.ts:87:32)

  ● monitor › startPeriodicRecording › should start recording interval

    TypeError: monitor.startPeriodicRecording is not a function

      188 |   describe('startPeriodicRecording', () => {
      189 |     it('should start recording interval', () => {
    > 190 |       monitor.startPeriodicRecording();
          |               ^
      191 |
      192 |       expect(mockSetInterval).toHaveBeenCalledWith(
      193 |         expect.any(Function),

      at Object.<anonymous> (__tests__/lib/monitor.test.ts:190:15)

  ● monitor › startPeriodicRecording › should not start multiple intervals

    TypeError: monitor.startPeriodicRecording is not a function

      197 |
      198 |     it('should not start multiple intervals', () => {
    > 199 |       monitor.startPeriodicRecording();
          |               ^
      200 |       monitor.startPeriodicRecording();
      201 |
      202 |       expect(mockSetInterval).toHaveBeenCalledTimes(1);

      at Object.<anonymous> (__tests__/lib/monitor.test.ts:199:15)

  ● monitor › startPeriodicRecording › should capture and write metrics on interval

    TypeError: monitor.startPeriodicRecording is not a function

      207 |       (fs.readFileSync as jest.Mock).mockReturnValue('[]');
      208 |
    > 209 |       monitor.startPeriodicRecording();
          |               ^
      210 |
      211 |       jest.runAllTimers();
      212 |

      at Object.<anonymous> (__tests__/lib/monitor.test.ts:209:15)

  ● monitor › startPeriodicRecording › should add unique ID to each metric

    TypeError: monitor.startPeriodicRecording is not a function

      219 |       (fs.readFileSync as jest.Mock).mockReturnValue('[]');
      220 |
    > 221 |       monitor.startPeriodicRecording();
          |               ^
      222 |
      223 |       jest.runAllTimers();
      224 |

      at Object.<anonymous> (__tests__/lib/monitor.test.ts:221:15)

  ● monitor › default export › should export startPeriodicRecording

    expect(received).toBe(expected) // Object.is equality

    Expected: undefined
    Received: [Function startPeriodicRecording]

      237 |
      238 |     it('should export startPeriodicRecording', () => {
    > 239 |       expect(monitor.default.startPeriodicRecording).toBe(
          |                                                      ^
      240 |         monitor.startPeriodicRecording
      241 |       );
      242 |     });

      at Object.<anonymous> (__tests__/lib/monitor.test.ts:239:54)

FAIL src/lib/__tests__/websocket-transport.test.ts
  ● WebSocketTransport › log › should process log info and add to queue

    expect(received).toHaveLength(expected)

    Expected length: 1
    Received length: 0
    Received array:  []

      74 |       transport.log(logInfo, callback);
      75 |
    > 76 |       expect((transport as any).logQueue).toHaveLength(1);
         |                                           ^
      77 |       expect((transport as any).logQueue[0]).toMatchObject({
      78 |         timestamp: '2024-01-01T00:00:00Z',
      79 |         level: 'info',

      at Object.<anonymous> (src/lib/__tests__/websocket-transport.test.ts:76:43)

  ● WebSocketTransport › log › should broadcast log to all connected clients

    expect(jest.fn()).toHaveBeenCalledWith(...expected)

    Expected: "log", {"data": ObjectContaining {"level": "info", "message": "Test log", "timestamp": "2024-01-01T00:00:00Z"}, "timestamp": Any<Number>, "type": "log"}

    Number of calls: 0

      92 |       transport.log(logInfo);
      93 |
    > 94 |       expect(mockedServer.emit).toHaveBeenCalledWith('log', {
         |                                 ^
      95 |         type: 'log',
      96 |         data: expect.objectContaining({
      97 |           timestamp: '2024-01-01T00:00:00Z',

      at Object.<anonymous> (src/lib/__tests__/websocket-transport.test.ts:94:33)

  ● WebSocketTransport › log › should generate unique log ID

    TypeError: Cannot read properties of undefined (reading 'id')

      119 |       transport.log(logInfo2);
      120 |
    > 121 |       const id1 = (transport as any).logQueue[0].id;
          |                                                  ^
      122 |       const id2 = (transport as any).logQueue[1].id;
      123 |
      124 |       expect(id1).not.toBe(id2);

      at Object.<anonymous> (src/lib/__tests__/websocket-transport.test.ts:121:50)

  ● WebSocketTransport › log › should handle object messages by converting to JSON string

    TypeError: Cannot read properties of undefined (reading 'message')

      134 |       transport.log(logInfo);
      135 |
    > 136 |       expect((transport as any).logQueue[0].message).toBe(
          |                                             ^
      137 |         JSON.stringify({ key: 'value', nested: { data: 123 } })
      138 |       );
      139 |     });

      at Object.<anonymous> (src/lib/__tests__/websocket-transport.test.ts:136:45)

  ● WebSocketTransport › log › should handle string messages

    TypeError: Cannot read properties of undefined (reading 'message')

      148 |       transport.log(logInfo);
      149 |
    > 150 |       expect((transport as any).logQueue[0].message).toBe('Plain string message');
          |                                             ^
      151 |     });
      152 |
      153 |     it('should convert non-string messages to string', () => {

      at Object.<anonymous> (src/lib/__tests__/websocket-transport.test.ts:150:45)

  ● WebSocketTransport › log › should convert non-string messages to string

    TypeError: Cannot read properties of undefined (reading 'message')

      160 |       transport.log(logInfo);
      161 |
    > 162 |       expect((transport as any).logQueue[0].message).toBe('12345');
          |                                             ^
      163 |     });
      164 |
      165 |     it('should use current timestamp when not provided', () => {

      at Object.<anonymous> (src/lib/__tests__/websocket-transport.test.ts:162:45)

  ● WebSocketTransport › log › should use current timestamp when not provided

    TypeError: Cannot read properties of undefined (reading 'timestamp')

      173 |
      174 |       const afterTime = Date.now();
    > 175 |       const logTimestamp = new Date((transport as any).logQueue[0].timestamp).getTime();
          |                                                                    ^
      176 |
      177 |       expect(logTimestamp).toBeGreaterThanOrEqual(beforeTime);
      178 |       expect(logTimestamp).toBeLessThanOrEqual(afterTime);

      at Object.<anonymous> (src/lib/__tests__/websocket-transport.test.ts:175:68)

  ● WebSocketTransport › log › should use default level when not provided

    TypeError: Cannot read properties of undefined (reading 'level')

      187 |       transport.log(logInfo);
      188 |
    > 189 |       expect((transport as any).logQueue[0].level).toBe('info');
          |                                             ^
      190 |     });
      191 |
      192 |     it('should handle empty message', () => {

      at Object.<anonymous> (src/lib/__tests__/websocket-transport.test.ts:189:45)

  ● WebSocketTransport › log › should handle empty message

    TypeError: Cannot read properties of undefined (reading 'message')

      199 |       transport.log(logInfo);
      200 |
    > 201 |       expect((transport as any).logQueue[0].message).toBe('');
          |                                             ^
      202 |     });
      203 |
      204 |     it('should not broadcast when Socket.IO instance is null', () => {

      at Object.<anonymous> (src/lib/__tests__/websocket-transport.test.ts:201:45)

  ● WebSocketTransport › log › should not broadcast when Socket.IO instance is null

    expect(received).toHaveLength(expected)

    Expected length: 1
    Received length: 0
    Received array:  []

      212 |       transportWithoutIo.log(logInfo);
      213 |
    > 214 |       expect((transportWithoutIo as any).logQueue).toHaveLength(1);
          |                                                    ^
      215 |       // No emit should be called since io is null
      216 |     });
      217 |

      at Object.<anonymous> (src/lib/__tests__/websocket-transport.test.ts:214:52)

  ● WebSocketTransport › log › should limit queue to maxQueueSize

    expect(received).toHaveLength(expected)

    Expected length: 500
    Received length: 0
    Received array:  []

      228 |       }
      229 |
    > 230 |       expect((transport as any).logQueue).toHaveLength(500);
          |                                           ^
      231 |       expect((transport as any).logQueue[0].message).toBe('Log 1'); // First log should be removed
      232 |     });
      233 |

      at Object.<anonymous> (src/lib/__tests__/websocket-transport.test.ts:230:43)

  ● WebSocketTransport › log › should add logs to beginning of queue

    TypeError: Cannot read properties of undefined (reading 'message')

      239 |       transport.log(logInfo2);
      240 |
    > 241 |       expect((transport as any).logQueue[0].message).toBe('Second');
          |                                             ^
      242 |       expect((transport as any).logQueue[1].message).toBe('First');
      243 |     });
      244 |

      at Object.<anonymous> (src/lib/__tests__/websocket-transport.test.ts:241:45)

  ● WebSocketTransport › log › should include context with source

    TypeError: Cannot read properties of undefined (reading 'context')

      252 |       transport.log(logInfo);
      253 |
    > 254 |       expect((transport as any).logQueue[0].context).toEqual({
          |                                             ^
      255 |         source: 'application',
      256 |       });
      257 |     });

      at Object.<anonymous> (src/lib/__tests__/websocket-transport.test.ts:254:45)

  ● WebSocketTransport › getCachedLogs › should return cached logs in reverse order

    TypeError: Cannot read properties of undefined (reading 'message')

      268 |       const cachedLogs = transport.getCachedLogs();
      269 |
    > 270 |       expect(cachedLogs[0].message).toBe('First');
          |                            ^
      271 |       expect(cachedLogs[1].message).toBe('Second');
      272 |     });
      273 |

      at Object.<anonymous> (src/lib/__tests__/websocket-transport.test.ts:270:28)

  ● WebSocketTransport › getLogsByLevel › should return logs for specified level

    expect(received).toHaveLength(expected)

    Expected length: 2
    Received length: 0
    Received array:  []

      302 |       const infoLogs = transport.getLogsByLevel('info');
      303 |
    > 304 |       expect(infoLogs).toHaveLength(2);
          |                        ^
      305 |       expect(infoLogs.every((log) => log.level === 'info')).toBe(true);
      306 |     });
      307 |

      at Object.<anonymous> (src/lib/__tests__/websocket-transport.test.ts:304:24)

  ● WebSocketTransport › getLogsByLevel › should return logs for error level

    expect(received).toHaveLength(expected)

    Expected length: 1
    Received length: 0
    Received array:  []

      309 |       const errorLogs = transport.getLogsByLevel('error');
      310 |
    > 311 |       expect(errorLogs).toHaveLength(1);
          |                         ^
      312 |       expect(errorLogs[0].message).toBe('Error log');
      313 |     });
      314 |

      at Object.<anonymous> (src/lib/__tests__/websocket-transport.test.ts:311:25)

  ● WebSocketTransport › getLogsByLevel › should return logs for debug level

    expect(received).toHaveLength(expected)

    Expected length: 1
    Received length: 0
    Received array:  []

      322 |       const debugLogs = transport.getLogsByLevel('debug');
      323 |
    > 324 |       expect(debugLogs).toHaveLength(1);
          |                         ^
      325 |     });
      326 |
      327 |     it('should return empty array for non-existent level', () => {

      at Object.<anonymous> (src/lib/__tests__/websocket-transport.test.ts:324:25)

  ● WebSocketTransport › getLogsByLevel › should return logs in original queue order

    TypeError: Cannot read properties of undefined (reading 'message')

      334 |       const infoLogs = transport.getLogsByLevel('info');
      335 |
    > 336 |       expect(infoLogs[0].message).toBe('Another info log');
          |                          ^
      337 |       expect(infoLogs[1].message).toBe('Info log');
      338 |     });
      339 |   });

      at Object.<anonymous> (src/lib/__tests__/websocket-transport.test.ts:336:26)

  ● WebSocketTransport › clearQueue › should clear all logs from queue

    expect(received).toHaveLength(expected)

    Expected length: 2
    Received length: 0
    Received array:  []

      344 |       transport.log({ timestamp: '2024-01-01T00:00:01Z', level: 'info', message: 'Log 2' });
      345 |
    > 346 |       expect((transport as any).logQueue).toHaveLength(2);
          |                                           ^
      347 |
      348 |       transport.clearQueue();
      349 |

      at Object.<anonymous> (src/lib/__tests__/websocket-transport.test.ts:346:43)

  ● WebSocketTransport › clearQueue › should allow adding logs after clearing

    expect(received).toHaveLength(expected)

    Expected length: 1
    Received length: 0
    Received array:  []

      361 |       transport.log({ timestamp: '2024-01-01T00:00:01Z', level: 'info', message: 'Log 2' });
      362 |
    > 363 |       expect((transport as any).logQueue).toHaveLength(1);
          |                                           ^
      364 |       expect((transport as any).logQueue[0].message).toBe('Log 2');
      365 |     });
      366 |   });

      at Object.<anonymous> (src/lib/__tests__/websocket-transport.test.ts:363:43)

  ● WebSocketTransport › integration with Winston › should use setImmediate for async processing

    expect(jest.fn()).toHaveBeenCalled()

    Expected number of calls: >= 1
    Received number of calls:    0

      390 |
      391 |       // Callback should be called asynchronously
    > 392 |       expect(callback).toHaveBeenCalled();
          |                        ^
      393 |     });
      394 |   });
      395 | });

      at Object.<anonymous> (src/lib/__tests__/websocket-transport.test.ts:392:24)

FAIL src/lib/__tests__/store.test.ts
  ● store › persistence › should persist state to localStorage

    expect(received).toBeTruthy()

    Received: null

      395 |
      396 |       const storedData = localStorage.getItem('llama-app-storage-v2');
    > 397 |       expect(storedData).toBeTruthy();
          |                          ^
      398 |
      399 |       const parsed = JSON.parse(storedData!);
      400 |       expect(parsed.state).toHaveProperty('models');

      at Object.<anonymous> (src/lib/__tests__/store.test.ts:397:26)

  ● store › persistence › should not persist metrics and logs

    TypeError: Cannot read properties of null (reading 'state')

      417 |       const storedData = localStorage.getItem('llama-app-storage-v2');
      418 |       const parsed = JSON.parse(storedData!);
    > 419 |       expect(parsed.state).not.toHaveProperty('metrics');
          |                     ^
      420 |       expect(parsed.state).not.toHaveProperty('logs');
      421 |     });
      422 |   });

      at Object.<anonymous> (src/lib/__tests__/store.test.ts:419:21)

FAIL src/lib/__tests__/validators.test.ts
  ● validators › parse vs safeParse › should return typed data with safeParse success

    ReferenceError: expectTypeOf is not defined

      428 |
      429 |       if (result.success) {
    > 430 |         expectTypeOf<ConfigSchema>(result.data);
          |         ^
      431 |         expect(result.data.models[0].id).toBe('550e8400-e29b-41d4-a716-446655440000');
      432 |       }
      433 |     });

      at Object.<anonymous> (src/lib/__tests__/validators.test.ts:430:9)

FAIL src/lib/__tests__/server-config.test.ts
  ● Console

    console.log
      Configuration saved to: undefined

      at saveConfig (src/lib/server-config.ts:47:13)

    console.log
      Configuration saved to: undefined

      at saveConfig (src/lib/server-config.ts:47:13)

  ● server-config › loadConfig › should return default config when file does not exist

    expect(jest.fn()).toHaveBeenCalledWith(...expected)

    Expected: "/mocked/path/llama-server-config.json"
    Received: undefined

    Number of calls: 1

      41 |       } as LlamaServerConfig);
      42 |
    > 43 |       expect(mockedExistsSync).toHaveBeenCalledWith(mockConfigFile);
         |                                ^
      44 |       expect(mockedReadFileSync).not.toHaveBeenCalled();
      45 |     });
      46 |

      at Object.<anonymous> (src/lib/__tests__/server-config.test.ts:43:32)

  ● server-config › loadConfig › should load and merge config from file

    expect(jest.fn()).toHaveBeenCalledWith(...expected)

    Expected: "/mocked/path/llama-server-config.json", "utf8"
    Received: undefined, "utf-8"

    Number of calls: 1

      68 |       } as LlamaServerConfig);
      69 |
    > 70 |       expect(mockedReadFileSync).toHaveBeenCalledWith(mockConfigFile, 'utf8');
         |                                  ^
      71 |     });
      72 |
      73 |     it('should handle invalid JSON in config file', () => {

      at Object.<anonymous> (src/lib/__tests__/server-config.test.ts:70:34)

  ● server-config › saveConfig › should save config to file

    expect(jest.fn()).toHaveBeenCalledWith(...expected)

    Expected: "/mocked/path/llama-server-config.json", "{
      \"host\": \"localhost\",
      \"port\": 9999,
      \"basePath\": \"/models\",
      \"serverPath\": \"/home/bamer/llama.cpp/build/bin/llama-server\",
      \"ctx_size\": 16384,
      \"batch_size\": 512,
      \"threads\": -1,
      \"gpu_layers\": -1
    }", "utf8"
    Received: undefined, "{
      \"host\": \"localhost\",
      \"port\": 9999,
      \"basePath\": \"/models\",
      \"serverPath\": \"/home/bamer/llama.cpp/build/bin/llama-server\",
      \"ctx_size\": 16384,
      \"batch_size\": 512,
      \"threads\": -1,
      \"gpu_layers\": -1
    }"

    Number of calls: 1

      162 |       saveConfig(partialConfig);
      163 |
    > 164 |       expect(mockedWriteFileSync).toHaveBeenCalledWith(
          |                                   ^
      165 |         mockConfigFile,
      166 |         JSON.stringify(
      167 |           {

      at Object.<anonymous> (src/lib/__tests__/server-config.test.ts:164:35)

  ● server-config › saveConfig › should merge with existing config when saving

    expect(jest.fn()).toHaveBeenCalledWith(...expected)

    Expected: "/mocked/path/llama-server-config.json", "{
      \"host\": \"0.0.0.0\",
      \"port\": 9999,
      \"basePath\": \"/api\",
      \"serverPath\": \"/home/bamer/llama.cpp/build/bin/llama-server\",
      \"ctx_size\": 16384,
      \"batch_size\": 512,
      \"threads\": -1,
      \"gpu_layers\": -1
    }", "utf8"
    Received: undefined, "{
      \"host\": \"0.0.0.0\",
      \"port\": 9999,
      \"basePath\": \"/api\",
      \"serverPath\": \"/home/bamer/llama.cpp/build/bin/llama-server\",
      \"ctx_size\": 16384,
      \"batch_size\": 512,
      \"threads\": -1,
      \"gpu_layers\": -1
    }"

    Number of calls: 1

      199 |       saveConfig(partialUpdate);
      200 |
    > 201 |       expect(mockedWriteFileSync).toHaveBeenCalledWith(
          |                                   ^
      202 |         mockConfigFile,
      203 |         JSON.stringify(
      204 |           {

      at Object.<anonymous> (src/lib/__tests__/server-config.test.ts:201:35)

FAIL src/lib/__tests__/websocket-client.test.ts
  ● websocket-client › connect › should connect to Socket.IO server

    expect(jest.fn()).toHaveBeenCalledWith(...expected)

    - Expected
    + Received

    - "http://localhost:3000",
    + "http://localhost",
      {"path": "/llamaproxws", "reconnection": true, "reconnectionAttempts": 5, "reconnectionDelay": 1000, "reconnectionDelayMax": 5000, "transports": ["websocket"]},

    Number of calls: 1

      46 |       client.connect();
      47 |
    > 48 |       expect(mockedIo).toHaveBeenCalledWith('http://localhost:3000', {
         |                        ^
      49 |         path: '/llamaproxws',
      50 |         transports: ['websocket'],
      51 |         reconnection: true,

      at Object.<anonymous> (src/lib/__tests__/websocket-client.test.ts:48:24)

  ● websocket-client › connect › should use window.location.origin when available

    expect(jest.fn()).toHaveBeenCalledWith(...expected)

    Expected: "https://example.com", Any<Object>
    Received: "http://localhost", {"path": "/llamaproxws", "reconnection": true, "reconnectionAttempts": 5, "reconnectionDelay": 1000, "reconnectionDelayMax": 5000, "transports": ["websocket"]}

    Number of calls: 1

      291 |       client.connect();
      292 |
    > 293 |       expect(mockedIo).toHaveBeenCalledWith('https://example.com', expect.any(Object));
          |                        ^
      294 |     });
      295 |
      296 |     it('should use default URL when window is not available', () => {

      at Object.<anonymous> (src/lib/__tests__/websocket-client.test.ts:293:24)

  ● websocket-client › connect › should use default URL when window is not available

    expect(jest.fn()).toHaveBeenCalledWith(...expected)

    Expected: "http://localhost:3000", Any<Object>
    Received: "http://localhost", {"path": "/llamaproxws", "reconnection": true, "reconnectionAttempts": 5, "reconnectionDelay": 1000, "reconnectionDelayMax": 5000, "transports": ["websocket"]}

    Number of calls: 1

      299 |       client.connect();
      300 |
    > 301 |       expect(mockedIo).toHaveBeenCalledWith('http://localhost:3000', expect.any(Object));
          |                        ^
      302 |     });
      303 |   });
      304 |

      at Object.<anonymous> (src/lib/__tests__/websocket-client.test.ts:301:24)

  ● websocket-client › request methods › should request metrics

    expect(jest.fn()).toHaveBeenCalledWith(...expected)

    Expected: "requestMetrics"
    Received: "requestMetrics", undefined

    Number of calls: 1

      362 |       client.requestMetrics();
      363 |
    > 364 |       expect(mockedSocket.emit).toHaveBeenCalledWith('requestMetrics');
          |                                 ^
      365 |     });
      366 |
      367 |     it('should request logs', () => {

      at Object.<anonymous> (src/lib/__tests__/websocket-client.test.ts:364:33)

  ● websocket-client › request methods › should request logs

    expect(jest.fn()).toHaveBeenCalledWith(...expected)

    Expected: "requestLogs"
    Received: "requestLogs", undefined

    Number of calls: 1

      368 |       client.requestLogs();
      369 |
    > 370 |       expect(mockedSocket.emit).toHaveBeenCalledWith('requestLogs');
          |                                 ^
      371 |     });
      372 |
      373 |     it('should request models', () => {

      at Object.<anonymous> (src/lib/__tests__/websocket-client.test.ts:370:33)

  ● websocket-client › request methods › should request models

    expect(jest.fn()).toHaveBeenCalledWith(...expected)

    Expected: "requestModels"
    Received: "requestModels", undefined

    Number of calls: 1

      374 |       client.requestModels();
      375 |
    > 376 |       expect(mockedSocket.emit).toHaveBeenCalledWith('requestModels');
          |                                 ^
      377 |     });
      378 |
      379 |     it('should request llama status', () => {

      at Object.<anonymous> (src/lib/__tests__/websocket-client.test.ts:376:33)

  ● websocket-client › request methods › should request llama status

    expect(jest.fn()).toHaveBeenCalledWith(...expected)

    Expected: "requestLlamaStatus"
    Received: "requestLlamaStatus", undefined

    Number of calls: 1

      380 |       client.requestLlamaStatus();
      381 |
    > 382 |       expect(mockedSocket.emit).toHaveBeenCalledWith('requestLlamaStatus');
          |                                 ^
      383 |     });
      384 |
      385 |     it('should rescan models', () => {

      at Object.<anonymous> (src/lib/__tests__/websocket-client.test.ts:382:33)

  ● websocket-client › request methods › should rescan models

    expect(jest.fn()).toHaveBeenCalledWith(...expected)

    Expected: "rescanModels"
    Received: "rescanModels", undefined

    Number of calls: 1

      386 |       client.rescanModels();
      387 |
    > 388 |       expect(mockedSocket.emit).toHaveBeenCalledWith('rescanModels');
          |                                 ^
      389 |     });
      390 |
      391 |     it('should start model', () => {

      at Object.<anonymous> (src/lib/__tests__/websocket-client.test.ts:388:33)

FAIL __tests__/lib/analytics.test.ts
  ● Console

    console.error
      Failed to calculate storage used: TypeError: Cannot read properties of undefined (reading 'access')
          at AnalyticsEngine.getAnalytics (/home/bamer/nextjs-llama-async-proxy/src/lib/analytics.ts:77:16)
          at Object.<anonymous> (/home/bamer/nextjs-llama-async-proxy/__tests__/lib/analytics.test.ts:79:47)
          at Promise.finally.completed (/home/bamer/nextjs-llama-async-proxy/node_modules/.pnpm/jest-circus@30.2.0_babel-plugin-macros@3.1.0/node_modules/jest-circus/build/jestAdapterInit.js:1557:28)
          at new Promise (<anonymous>)
          at callAsyncCircusFn (/home/bamer/nextjs-llama-async-proxy/node_modules/.pnpm/jest-circus@30.2.0_babel-plugin-macros@3.1.0/node_modules/jest-circus/build/jestAdapterInit.js:1497:10)
          at _callCircusTest (/home/bamer/nextjs-llama-async-proxy/node_modules/.pnpm/jest-circus@30.2.0_babel-plugin-macros@3.1.0/node_modules/jest-circus/build/jestAdapterInit.js:1007:40)
          at processTicksAndRejections (node:internal/process/task_queues:103:5)
          at _runTest (/home/bamer/nextjs-llama-async-proxy/node_modules/.pnpm/jest-circus@30.2.0_babel-plugin-macros@3.1.0/node_modules/jest-circus/build/jestAdapterInit.js:947:3)
          at /home/bamer/nextjs-llama-async-proxy/node_modules/.pnpm/jest-circus@30.2.0_babel-plugin-macros@3.1.0/node_modules/jest-circus/build/jestAdapterInit.js:849:7
          at _runTestsForDescribeBlock (/home/bamer/nextjs-llama-async-proxy/node_modules/.pnpm/jest-circus@30.2.0_babel-plugin-macros@3.1.0/node_modules/jest-circus/build/jestAdapterInit.js:862:11)
          at _runTestsForDescribeBlock (/home/bamer/nextjs-llama-async-proxy/node_modules/.pnpm/jest-circus@30.2.0_babel-plugin-macros@3.1.0/node_modules/jest-circus/build/jestAdapterInit.js:857:11)
          at _runTestsForDescribeBlock (/home/bamer/nextjs-llama-async-proxy/node_modules/.pnpm/jest-circus@30.2.0_babel-plugin-macros@3.1.0/node_modules/jest-circus/build/jestAdapterInit.js:857:11)
          at run (/home/bamer/nextjs-llama-async-proxy/node_modules/.pnpm/jest-circus@30.2.0_babel-plugin-macros@3.1.0/node_modules/jest-circus/build/jestAdapterInit.js:761:3)
          at runAndTransformResultsToJestFormat (/home/bamer/nextjs-llama-async-proxy/node_modules/.pnpm/jest-circus@30.2.0_babel-plugin-macros@3.1.0/node_modules/jest-circus/build/jestAdapterInit.js:1918:21)
          at jestAdapter (/home/bamer/nextjs-llama-async-proxy/node_modules/.pnpm/jest-circus@30.2.0_babel-plugin-macros@3.1.0/node_modules/jest-circus/build/runner.js:101:19)
          at runTestInternal (/home/bamer/nextjs-llama-async-proxy/node_modules/.pnpm/jest-runner@30.2.0/node_modules/jest-runner/build/testWorker.js:275:16)
          at runTest (/home/bamer/nextjs-llama-async-proxy/node_modules/.pnpm/jest-runner@30.2.0/node_modules/jest-runner/build/testWorker.js:343:7)
          at Object.worker (/home/bamer/nextjs-llama-async-proxy/node_modules/.pnpm/jest-runner@30.2.0/node_modules/jest-runner/build/testWorker.js:497:12)

      85 |       storageUsed = sizes.reduce((total: number, size: number) => total + size, 0) / (1024 * 1024); // Convert to MB
      86 |     } catch (e) {
    > 87 |       console.error('Failed to calculate storage used:', e);
         |               ^
      88 |     }
      89 |
      90 |     // Get system metrics

      at AnalyticsEngine.getAnalytics (src/lib/analytics.ts:87:15)
      at Object.<anonymous> (__tests__/lib/analytics.test.ts:79:47)

    console.error
      Failed to calculate storage used: TypeError: Cannot read properties of undefined (reading 'access')
          at AnalyticsEngine.getAnalytics (/home/bamer/nextjs-llama-async-proxy/src/lib/analytics.ts:77:16)
          at Object.<anonymous> (/home/bamer/nextjs-llama-async-proxy/__tests__/lib/analytics.test.ts:99:47)
          at Promise.finally.completed (/home/bamer/nextjs-llama-async-proxy/node_modules/.pnpm/jest-circus@30.2.0_babel-plugin-macros@3.1.0/node_modules/jest-circus/build/jestAdapterInit.js:1557:28)
          at new Promise (<anonymous>)
          at callAsyncCircusFn (/home/bamer/nextjs-llama-async-proxy/node_modules/.pnpm/jest-circus@30.2.0_babel-plugin-macros@3.1.0/node_modules/jest-circus/build/jestAdapterInit.js:1497:10)
          at _callCircusTest (/home/bamer/nextjs-llama-async-proxy/node_modules/.pnpm/jest-circus@30.2.0_babel-plugin-macros@3.1.0/node_modules/jest-circus/build/jestAdapterInit.js:1007:40)
          at processTicksAndRejections (node:internal/process/task_queues:103:5)
          at _runTest (/home/bamer/nextjs-llama-async-proxy/node_modules/.pnpm/jest-circus@30.2.0_babel-plugin-macros@3.1.0/node_modules/jest-circus/build/jestAdapterInit.js:947:3)
          at /home/bamer/nextjs-llama-async-proxy/node_modules/.pnpm/jest-circus@30.2.0_babel-plugin-macros@3.1.0/node_modules/jest-circus/build/jestAdapterInit.js:849:7
          at _runTestsForDescribeBlock (/home/bamer/nextjs-llama-async-proxy/node_modules/.pnpm/jest-circus@30.2.0_babel-plugin-macros@3.1.0/node_modules/jest-circus/build/jestAdapterInit.js:862:11)
          at _runTestsForDescribeBlock (/home/bamer/nextjs-llama-async-proxy/node_modules/.pnpm/jest-circus@30.2.0_babel-plugin-macros@3.1.0/node_modules/jest-circus/build/jestAdapterInit.js:857:11)
          at _runTestsForDescribeBlock (/home/bamer/nextjs-llama-async-proxy/node_modules/.pnpm/jest-circus@30.2.0_babel-plugin-macros@3.1.0/node_modules/jest-circus/build/jestAdapterInit.js:857:11)
          at run (/home/bamer/nextjs-llama-async-proxy/node_modules/.pnpm/jest-circus@30.2.0_babel-plugin-macros@3.1.0/node_modules/jest-circus/build/jestAdapterInit.js:761:3)
          at runAndTransformResultsToJestFormat (/home/bamer/nextjs-llama-async-proxy/node_modules/.pnpm/jest-circus@30.2.0_babel-plugin-macros@3.1.0/node_modules/jest-circus/build/jestAdapterInit.js:1918:21)
          at jestAdapter (/home/bamer/nextjs-llama-async-proxy/node_modules/.pnpm/jest-circus@30.2.0_babel-plugin-macros@3.1.0/node_modules/jest-circus/build/runner.js:101:19)
          at runTestInternal (/home/bamer/nextjs-llama-async-proxy/node_modules/.pnpm/jest-runner@30.2.0/node_modules/jest-runner/build/testWorker.js:275:16)
          at runTest (/home/bamer/nextjs-llama-async-proxy/node_modules/.pnpm/jest-runner@30.2.0/node_modules/jest-runner/build/testWorker.js:343:7)
          at Object.worker (/home/bamer/nextjs-llama-async-proxy/node_modules/.pnpm/jest-runner@30.2.0/node_modules/jest-runner/build/testWorker.js:497:12)

      85 |       storageUsed = sizes.reduce((total: number, size: number) => total + size, 0) / (1024 * 1024); // Convert to MB
      86 |     } catch (e) {
    > 87 |       console.error('Failed to calculate storage used:', e);
         |               ^
      88 |     }
      89 |
      90 |     // Get system metrics

      at AnalyticsEngine.getAnalytics (src/lib/analytics.ts:87:15)
      at Object.<anonymous> (__tests__/lib/analytics.test.ts:99:47)

    console.error
      Failed to calculate storage used: TypeError: Cannot read properties of undefined (reading 'access')
          at AnalyticsEngine.getAnalytics (/home/bamer/nextjs-llama-async-proxy/src/lib/analytics.ts:77:16)
          at Object.<anonymous> (/home/bamer/nextjs-llama-async-proxy/__tests__/lib/analytics.test.ts:107:47)
          at Promise.finally.completed (/home/bamer/nextjs-llama-async-proxy/node_modules/.pnpm/jest-circus@30.2.0_babel-plugin-macros@3.1.0/node_modules/jest-circus/build/jestAdapterInit.js:1557:28)
          at new Promise (<anonymous>)
          at callAsyncCircusFn (/home/bamer/nextjs-llama-async-proxy/node_modules/.pnpm/jest-circus@30.2.0_babel-plugin-macros@3.1.0/node_modules/jest-circus/build/jestAdapterInit.js:1497:10)
          at _callCircusTest (/home/bamer/nextjs-llama-async-proxy/node_modules/.pnpm/jest-circus@30.2.0_babel-plugin-macros@3.1.0/node_modules/jest-circus/build/jestAdapterInit.js:1007:40)
          at processTicksAndRejections (node:internal/process/task_queues:103:5)
          at _runTest (/home/bamer/nextjs-llama-async-proxy/node_modules/.pnpm/jest-circus@30.2.0_babel-plugin-macros@3.1.0/node_modules/jest-circus/build/jestAdapterInit.js:947:3)
          at /home/bamer/nextjs-llama-async-proxy/node_modules/.pnpm/jest-circus@30.2.0_babel-plugin-macros@3.1.0/node_modules/jest-circus/build/jestAdapterInit.js:849:7
          at _runTestsForDescribeBlock (/home/bamer/nextjs-llama-async-proxy/node_modules/.pnpm/jest-circus@30.2.0_babel-plugin-macros@3.1.0/node_modules/jest-circus/build/jestAdapterInit.js:862:11)
          at _runTestsForDescribeBlock (/home/bamer/nextjs-llama-async-proxy/node_modules/.pnpm/jest-circus@30.2.0_babel-plugin-macros@3.1.0/node_modules/jest-circus/build/jestAdapterInit.js:857:11)
          at _runTestsForDescribeBlock (/home/bamer/nextjs-llama-async-proxy/node_modules/.pnpm/jest-circus@30.2.0_babel-plugin-macros@3.1.0/node_modules/jest-circus/build/jestAdapterInit.js:857:11)
          at run (/home/bamer/nextjs-llama-async-proxy/node_modules/.pnpm/jest-circus@30.2.0_babel-plugin-macros@3.1.0/node_modules/jest-circus/build/jestAdapterInit.js:761:3)
          at runAndTransformResultsToJestFormat (/home/bamer/nextjs-llama-async-proxy/node_modules/.pnpm/jest-circus@30.2.0_babel-plugin-macros@3.1.0/node_modules/jest-circus/build/jestAdapterInit.js:1918:21)
          at jestAdapter (/home/bamer/nextjs-llama-async-proxy/node_modules/.pnpm/jest-circus@30.2.0_babel-plugin-macros@3.1.0/node_modules/jest-circus/build/runner.js:101:19)
          at runTestInternal (/home/bamer/nextjs-llama-async-proxy/node_modules/.pnpm/jest-runner@30.2.0/node_modules/jest-runner/build/testWorker.js:275:16)
          at runTest (/home/bamer/nextjs-llama-async-proxy/node_modules/.pnpm/jest-runner@30.2.0/node_modules/jest-runner/build/testWorker.js:343:7)
          at Object.worker (/home/bamer/nextjs-llama-async-proxy/node_modules/.pnpm/jest-runner@30.2.0/node_modules/jest-runner/build/testWorker.js:497:12)

      85 |       storageUsed = sizes.reduce((total: number, size: number) => total + size, 0) / (1024 * 1024); // Convert to MB
      86 |     } catch (e) {
    > 87 |       console.error('Failed to calculate storage used:', e);
         |               ^
      88 |     }
      89 |
      90 |     // Get system metrics

      at AnalyticsEngine.getAnalytics (src/lib/analytics.ts:87:15)
      at Object.<anonymous> (__tests__/lib/analytics.test.ts:107:47)

  ● analyticsEngine › decRequest › decrements active sessions

    expect(received).toBe(expected) // Object.is equality

    Expected: 0
    Received: 4

      43 |       analyticsEngine.incRequest();
      44 |       analyticsEngine.decRequest();
    > 45 |       expect(analyticsEngine['activeSessions']).toBe(0);
         |                                                 ^
      46 |     });
      47 |   });
      48 |

      at Object.<anonymous> (__tests__/lib/analytics.test.ts:45:49)

  ● analyticsEngine › getAnalytics › calculates average response time correctly

    expect(received).toBe(expected) // Object.is equality

    Expected: 200
    Received: 100

       98 |
       99 |       const analytics = await analyticsEngine.getAnalytics();
    > 100 |       expect(analytics.averageResponseTime).toBe(200);
          |                                             ^
      101 |     });
      102 |
      103 |     it('returns zero error rate when no requests', async () => {

      at Object.<anonymous> (__tests__/lib/analytics.test.ts:100:45)

  ● analyticsEngine › getAnalytics › returns zero error rate when no requests

    expect(received).toBe(expected) // Object.is equality

    Expected: 0
    Received: 0.3333333333333333

      106 |
      107 |       const analytics = await analyticsEngine.getAnalytics();
    > 108 |       expect(analytics.errorRate).toBe(0);
          |                                   ^
      109 |     });
      110 |   });
      111 | });

      at Object.<anonymous> (__tests__/lib/analytics.test.ts:108:35)

  ● ServerSentEventStream › startStream › creates a readable stream

    ReferenceError: ReadableStream is not defined

      119 |     }
      120 |
    > 121 |     const stream = new ReadableStream<string>({
          |                    ^
      122 |       async start(controller) {
      123 |         ServerSentEventStream.streamController = controller as any;
      124 |         // Send initial analytics update

      at ServerSentEventStream.startStream (src/lib/analytics.ts:121:20)
      at Object.<anonymous> (__tests__/lib/analytics.test.ts:125:50)

  ● ServerSentEventStream › startStream › sends initial analytics update

    ReferenceError: ReadableStream is not defined

      119 |     }
      120 |
    > 121 |     const stream = new ReadableStream<string>({
          |                    ^
      122 |       async start(controller) {
      123 |         ServerSentEventStream.streamController = controller as any;
      124 |         // Send initial analytics update

      at ServerSentEventStream.startStream (src/lib/analytics.ts:121:20)
      at Object.<anonymous> (__tests__/lib/analytics.test.ts:134:50)

  ● ServerSentEventStream › startStream › cancels previous stream when starting new

    ReferenceError: ReadableStream is not defined

      119 |     }
      120 |
    > 121 |     const stream = new ReadableStream<string>({
          |                    ^
      122 |       async start(controller) {
      123 |         ServerSentEventStream.streamController = controller as any;
      124 |         // Send initial analytics update

      at ServerSentEventStream.startStream (src/lib/analytics.ts:121:20)
      at Object.<anonymous> (__tests__/lib/analytics.test.ts:146:35)

FAIL __tests__/components/pages/LoggingSettings.test.tsx (14.599 s)
  ● LoggingSettings › shows loading state initially

    Loading...

      74 |     const { getLoggerConfig } = require('@/lib/logger');
      75 |     getLoggerConfig.mockImplementationOnce(() => {
    > 76 |       throw new Error('Loading...');
         |             ^
      77 |     });
      78 |     
      79 |     renderWithThemeProvider(<LoggingSettings />);

      at __tests__/components/pages/LoggingSettings.test.tsx:76:13
      at src/components/pages/LoggingSettings.tsx:21:42
      at Object.react_stack_bottom_frame (node_modules/.pnpm/react-dom@19.2.3_react@19.2.3/node_modules/react-dom/cjs/react-dom-client.development.js:25989:20)
      at runWithFiberInDEV (node_modules/.pnpm/react-dom@19.2.3_react@19.2.3/node_modules/react-dom/cjs/react-dom-client.development.js:874:13)
      at commitHookEffectListMount (node_modules/.pnpm/react-dom@19.2.3_react@19.2.3/node_modules/react-dom/cjs/react-dom-client.development.js:13249:29)
      at commitHookPassiveMountEffects (node_modules/.pnpm/react-dom@19.2.3_react@19.2.3/node_modules/react-dom/cjs/react-dom-client.development.js:13336:11)
      at commitPassiveMountOnFiber (node_modules/.pnpm/react-dom@19.2.3_react@19.2.3/node_modules/react-dom/cjs/react-dom-client.development.js:15484:13)
      at recursivelyTraversePassiveMountEffects (node_modules/.pnpm/react-dom@19.2.3_react@19.2.3/node_modules/react-dom/cjs/react-dom-client.development.js:15439:11)
      at commitPassiveMountOnFiber (node_modules/.pnpm/react-dom@19.2.3_react@19.2.3/node_modules/react-dom/cjs/react-dom-client.development.js:15718:11)
      at recursivelyTraversePassiveMountEffects (node_modules/.pnpm/react-dom@19.2.3_react@19.2.3/node_modules/react-dom/cjs/react-dom-client.development.js:15439:11)
      at commitPassiveMountOnFiber (node_modules/.pnpm/react-dom@19.2.3_react@19.2.3/node_modules/react-dom/cjs/react-dom-client.development.js:15718:11)
      at recursivelyTraversePassiveMountEffects (node_modules/.pnpm/react-dom@19.2.3_react@19.2.3/node_modules/react-dom/cjs/react-dom-client.development.js:15439:11)
      at commitPassiveMountOnFiber (node_modules/.pnpm/react-dom@19.2.3_react@19.2.3/node_modules/react-dom/cjs/react-dom-client.development.js:15476:11)
      at recursivelyTraversePassiveMountEffects (node_modules/.pnpm/react-dom@19.2.3_react@19.2.3/node_modules/react-dom/cjs/react-dom-client.development.js:15439:11)
      at commitPassiveMountOnFiber (node_modules/.pnpm/react-dom@19.2.3_react@19.2.3/node_modules/react-dom/cjs/react-dom-client.development.js:15718:11)
      at recursivelyTraversePassiveMountEffects (node_modules/.pnpm/react-dom@19.2.3_react@19.2.3/node_modules/react-dom/cjs/react-dom-client.development.js:15439:11)
      at commitPassiveMountOnFiber (node_modules/.pnpm/react-dom@19.2.3_react@19.2.3/node_modules/react-dom/cjs/react-dom-client.development.js:15476:11)
      at recursivelyTraversePassiveMountEffects (node_modules/.pnpm/react-dom@19.2.3_react@19.2.3/node_modules/react-dom/cjs/react-dom-client.development.js:15439:11)
      at commitPassiveMountOnFiber (node_modules/.pnpm/react-dom@19.2.3_react@19.2.3/node_modules/react-dom/cjs/react-dom-client.development.js:15718:11)
      at recursivelyTraversePassiveMountEffects (node_modules/.pnpm/react-dom@19.2.3_react@19.2.3/node_modules/react-dom/cjs/react-dom-client.development.js:15439:11)
      at commitPassiveMountOnFiber (node_modules/.pnpm/react-dom@19.2.3_react@19.2.3/node_modules/react-dom/cjs/react-dom-client.development.js:15718:11)
      at recursivelyTraversePassiveMountEffects (node_modules/.pnpm/react-dom@19.2.3_react@19.2.3/node_modules/react-dom/cjs/react-dom-client.development.js:15439:11)
      at commitPassiveMountOnFiber (node_modules/.pnpm/react-dom@19.2.3_react@19.2.3/node_modules/react-dom/cjs/react-dom-client.development.js:15476:11)
      at recursivelyTraversePassiveMountEffects (node_modules/.pnpm/react-dom@19.2.3_react@19.2.3/node_modules/react-dom/cjs/react-dom-client.development.js:15439:11)
      at commitPassiveMountOnFiber (node_modules/.pnpm/react-dom@19.2.3_react@19.2.3/node_modules/react-dom/cjs/react-dom-client.development.js:15476:11)
      at recursivelyTraversePassiveMountEffects (node_modules/.pnpm/react-dom@19.2.3_react@19.2.3/node_modules/react-dom/cjs/react-dom-client.development.js:15439:11)
      at commitPassiveMountOnFiber (node_modules/.pnpm/react-dom@19.2.3_react@19.2.3/node_modules/react-dom/cjs/react-dom-client.development.js:15476:11)
      at recursivelyTraversePassiveMountEffects (node_modules/.pnpm/react-dom@19.2.3_react@19.2.3/node_modules/react-dom/cjs/react-dom-client.development.js:15439:11)
      at commitPassiveMountOnFiber (node_modules/.pnpm/react-dom@19.2.3_react@19.2.3/node_modules/react-dom/cjs/react-dom-client.development.js:15476:11)
      at recursivelyTraversePassiveMountEffects (node_modules/.pnpm/react-dom@19.2.3_react@19.2.3/node_modules/react-dom/cjs/react-dom-client.development.js:15439:11)
      at commitPassiveMountOnFiber (node_modules/.pnpm/react-dom@19.2.3_react@19.2.3/node_modules/react-dom/cjs/react-dom-client.development.js:15718:11)
      at recursivelyTraversePassiveMountEffects (node_modules/.pnpm/react-dom@19.2.3_react@19.2.3/node_modules/react-dom/cjs/react-dom-client.development.js:15439:11)
      at commitPassiveMountOnFiber (node_modules/.pnpm/react-dom@19.2.3_react@19.2.3/node_modules/react-dom/cjs/react-dom-client.development.js:15476:11)
      at recursivelyTraversePassiveMountEffects (node_modules/.pnpm/react-dom@19.2.3_react@19.2.3/node_modules/react-dom/cjs/react-dom-client.development.js:15439:11)
      at commitPassiveMountOnFiber (node_modules/.pnpm/react-dom@19.2.3_react@19.2.3/node_modules/react-dom/cjs/react-dom-client.development.js:15519:11)
      at flushPassiveEffects (node_modules/.pnpm/react-dom@19.2.3_react@19.2.3/node_modules/react-dom/cjs/react-dom-client.development.js:18432:9)
      at node_modules/.pnpm/react-dom@19.2.3_react@19.2.3/node_modules/react-dom/cjs/react-dom-client.development.js:17923:15
      at flushActQueue (node_modules/.pnpm/react@19.2.3/node_modules/react/cjs/react.development.js:590:34)
      at process.env.NODE_ENV.exports.act (node_modules/.pnpm/react@19.2.3/node_modules/react/cjs/react.development.js:884:10)
      at node_modules/.pnpm/@testing-library+react@16.3.1_@testing-library+dom@10.4.1_@types+react-dom@19.2.3_@type_68c5b21a70acecf0fbbfd97f51128017/node_modules/@testing-library/react/dist/act-compat.js:46:25
      at renderRoot (node_modules/.pnpm/@testing-library+react@16.3.1_@testing-library+dom@10.4.1_@types+react-dom@19.2.3_@type_68c5b21a70acecf0fbbfd97f51128017/node_modules/@testing-library/react/dist/pure.js:189:26)
      at render (node_modules/.pnpm/@testing-library+react@16.3.1_@testing-library+dom@10.4.1_@types+react-dom@19.2.3_@type_68c5b21a70acecf0fbbfd97f51128017/node_modules/@testing-library/react/dist/pure.js:291:10)
      at renderWithThemeProvider (__tests__/components/pages/LoggingSettings.test.tsx:52:16)
      at Object.<anonymous> (__tests__/components/pages/LoggingSettings.test.tsx:79:5)

  ● LoggingSettings › renders console logging card

    TestingLibraryElementError: Found multiple elements with the text: Console Logging

    Here are the matching elements:

    Ignored nodes: comments, script, style
    [36m<h6[39m
      [33mclass[39m=[32m"MuiTypography-root MuiTypography-h6 MuiTypography-gutterBottom css-i7k7ai-MuiTypography-root"[39m
    [36m>[39m
      [0mConsole Logging[0m
    [36m</h6>[39m

    Ignored nodes: comments, script, style
    [36m<p[39m
      [33mclass[39m=[32m"MuiTypography-root MuiTypography-body2 css-1bu12q7-MuiTypography-root"[39m
    [36m>[39m
      [0mConsole Logging[0m
    [36m</p>[39m

    (If this is intentional, then use the `*AllBy*` variant of the query (like `queryAllByText`, `getAllByText`, or `findAllByText`)).

    Ignored nodes: comments, script, style
    [36m<body>[39m
      [36m<div>[39m
        [36m<div[39m
          [33mclass[39m=[32m"MuiBox-root css-1wcaknn"[39m
        [36m>[39m
          [36m<div[39m
            [33mclass[39m=[32m"MuiBox-root css-4c94nt"[39m
          [36m>[39m
            [36m<div[39m
              [33manimate[39m=[32m"[object Object]"[39m
              [33minitial[39m=[32m"[object Object]"[39m
              [33mtransition[39m=[32m"[object Object]"[39m
            [36m>[39m
              [36m<h1[39m
                [33mclass[39m=[32m"MuiTypography-root MuiTypography-h3 css-1y09m9g-MuiTypography-root"[39m
              [36m>[39m
                [0mLogging Configuration[0m
              [36m</h1>[39m
              [36m<h6[39m
                [33mclass[39m=[32m"MuiTypography-root MuiTypography-subtitle1 css-nd7spj-MuiTypography-root"[39m
              [36m>[39m
                [0mAdvanced Logging System with File Rotation[0m
              [36m</h6>[39m
            [36m</div>[39m
          [36m</div>[39m
          [36m<hr[39m
            [33mclass[39m=[32m"MuiDivider-root MuiDivider-fullWidth css-1dkov3i-MuiDivider-root"[39m
          [36m/>[39m
          [36m<div[39m
            [33mclass[39m=[32m"MuiGrid-root MuiGrid-container MuiGrid-direction-xs-row MuiGrid-spacing-xs-4 css-kqg16c-MuiGrid-root"[39m
          [36m>[39m
            [36m<div[39m
              [33mclass[39m=[32m"MuiGrid-root MuiGrid-direction-xs-row MuiGrid-grid-xs-12 MuiGrid-grid-md-6 css-204a8q-MuiGrid-root"[39m
            [36m>[39m
              [36m<div[39m
                [33manimate[39m=[32m"[object Object]"[39m
                [33minitial[39m=[32m"[object Object]"[39m
                [33mtransition[39m=[32m"[object Object]"[39m
              [36m>[39m
                [36m<div[39m
                  [33mclass[39m=[32m"MuiPaper-root MuiPaper-elevation MuiPaper-rounded MuiPaper-elevation1 MuiCard-root css-n4xn9e-MuiPaper-root-MuiCard-root"[39m
                  [33mstyle[39m=[32m"--Paper-shadow: 0px 2px 1px -1px rgba(0,0,0,0.2),0px 1px 1px 0px rgba(0,0,0,0.14),0px 1px 3px 0px rgba(0,0,0,0.12);"[39m
                [36m>[39m
                  [36m<div[39m
                    [33mclass[39m=[32m"MuiCardContent-root css-1lt5qva-MuiCardContent-root"[39m
                  [36m>[39m
                    [36m<h6[39m
                      [33mclass[39m=[32m"MuiTypography-root MuiTypography-h6 MuiTypography-gutterBottom css-i7k7ai-MuiTypography-root"[39m
                    [36m>[39m
                      [0mConsole Logging[0m
                    [36m</h6>[39m
                    [36m<p[39m
                      [33mclass[39m=[32m"MuiTypography-root MuiTypography-body2 css-gdfsl6-MuiTypography-root"[39m
                    [36m>[39m
                      [0mConfigure console output logging[0m
                    [36m</p>[39m
                    [36m<div[39m
                      [33mclass[39m=[32m"MuiBox-root css-1qrecot"[39m
                    [36m>[39m
                      [36m<label[39m
                        [33mclass[39m=[32m"MuiFormControlLabel-root MuiFormControlLabel-labelPlacementEnd css-1v1gbgd-MuiFormControlLabel-root"[39m
                      [36m>[39m
                        [36m<span[39m
                          [33mclass[39m=[32m"MuiSwitch-root MuiSwitch-sizeMedium css-k3m6lw-MuiSwitch-root"[39m
                        [36m>[39m
                          [36m<span[39m
                            [33mclass[39m=[32m"MuiButtonBase-root MuiSwitch-switchBase MuiSwitch-colorPrimary Mui-checked PrivateSwitchBase-root MuiSwitch-switchBase MuiSwitch-colorPrimary Mui-checked Mui-checked css-62uhk4-MuiButtonBase-root-MuiSwitchBase-root-MuiSwitch-switchBase"[39m
                          [36m>[39m
                            [36m<input[39m
                              [33mchecked[39m=[32m""[39m
                              [33mclass[39m=[32m"PrivateSwitchBase-input MuiSwitch-input css-12xagqm-MuiSwitchBase-root"[39m
                              [33mrole[39m=[32m"switch"[39m
                              [33mtype[39m=[32m"checkbox"[39m
                            [36m/>[39m
                            [36m<span[39m
                              [33mclass[39m=[32m"MuiSwitch-thumb css-18cpvxz-MuiSwitch-thumb"[39m
                            [36m/>[39m
                          [36m</span>[39m
                          [36m<span[39m
                            [33mclass[39m=[32m"MuiSwitch-track css-tj8d99-MuiSwitch-track"[39m
                          [36m/>[39m
                        [36m</span>[39m
                        [36m<span[39m
                          [33mclass[39m=[32m"MuiTypography-root MuiTypography-body1 MuiFormControlLabel-label css-e86f8p-MuiTypography-root"[39m
                        [36m>[39m
                          [0mEnable Console Logging[0m
                        [36m</span>[39m
                      [36m</label>[39m
                      [36m<h6[39m
                        [33mclass[39m=[32m"MuiTypography-root MuiTypography-subtitle2 css-1cji1ru-MuiTypography-root"[39m
                      [36m>[39m
                        [0mConsole Log Level[0m
                      [36m</h6>[39m
                      [36m<span[39m
                        [33mclass[39m=[32m"MuiSlider-root MuiSlider-marked MuiSlider-colorPrimary MuiSlider-sizeMedium css-nzmogg-MuiSlider-root"[39m
                      [36m>[39m
                        [36m<span[39m
                          [33mclass[39m=[32m"MuiSlider-rail css-r64h58-MuiSlider-rail"[39m
                        [36m/>[39m
                        [36m<span[39m
                          [33mclass[39m=[32m"MuiSlider-track css-xvk2i-MuiSlider-track"[39m
                          [33mstyle[39m=[32m"left: 0%; width: 75%;"[39m
                        [36m/>[39m
                        [36m<span[39m
                          [33mclass[39m=[32m"MuiSlider-mark MuiSlider-markActive css-1pnw19s-MuiSlider-mark"[39m
                          [33mdata-index[39m=[32m"0"[39m
                          [33mstyle[39m=[32m"left: 0%;"[39m
                        [36m/>[39m
                        [36m<span[39m
                          [33maria-hidden[39m=[32m"true"[39m
                          [33mclass[39m=[32m"MuiSlider-markLabel MuiSlider-markLabel MuiSlider-markLabelActive css-1f05acu-MuiSlider-markLabel"[39m
                          [33mdata-index[39m=[32m"0"[39m
                          [33mstyle[39m=[32m"left: 0%;"[39m
                        [36m>[39m
                          [0merror[0m
                        [36m</span>[39m
                        [36m<span[39m
                          [33mclass[39m=[32m"MuiSlider-mark MuiSlider-markActive css-1pnw19s-MuiSlider-mark"[39m
                          [33mdata-index[39m=[32m"1"[39m
                          [33mstyle[39m=[32m"left: 25%;"[39m
                        [36m/>[39m
                        [36m<span[39m
                          [33maria-hidden[39m=[32m"true"[39m
                          [33mclass[39m=[32m"MuiSlider-markLabel MuiSlider-markLabel MuiSlider-markLabelActive css-1f05acu-MuiSlider-markLabel"[39m
                          [33mdata-index[39m=[32m"1"[39m
     ...

      85 |     renderWithThemeProvider(<LoggingSettings />);
      86 |     
    > 87 |     expect(screen.getByText('Console Logging')).toBeInTheDocument();
         |                   ^
      88 |     expect(screen.getByText('Configure console output logging')).toBeInTheDocument();
      89 |   });
      90 |

      at Object.getElementError (node_modules/.pnpm/@testing-library+dom@10.4.1/node_modules/@testing-library/dom/dist/config.js:37:19)
      at getElementError (node_modules/.pnpm/@testing-library+dom@10.4.1/node_modules/@testing-library/dom/dist/query-helpers.js:20:35)
      at getMultipleElementsFoundError (node_modules/.pnpm/@testing-library+dom@10.4.1/node_modules/@testing-library/dom/dist/query-helpers.js:23:10)
      at node_modules/.pnpm/@testing-library+dom@10.4.1/node_modules/@testing-library/dom/dist/query-helpers.js:55:13
      at node_modules/.pnpm/@testing-library+dom@10.4.1/node_modules/@testing-library/dom/dist/query-helpers.js:95:19
      at Object.<anonymous> (__tests__/components/pages/LoggingSettings.test.tsx:87:19)

  ● LoggingSettings › renders file logging card

    TestingLibraryElementError: Found multiple elements with the text: File Logging

    Here are the matching elements:

    Ignored nodes: comments, script, style
    [36m<h6[39m
      [33mclass[39m=[32m"MuiTypography-root MuiTypography-h6 MuiTypography-gutterBottom css-i7k7ai-MuiTypography-root"[39m
    [36m>[39m
      [0mFile Logging[0m
    [36m</h6>[39m

    Ignored nodes: comments, script, style
    [36m<p[39m
      [33mclass[39m=[32m"MuiTypography-root MuiTypography-body2 css-1bu12q7-MuiTypography-root"[39m
    [36m>[39m
      [0mFile Logging[0m
    [36m</p>[39m

    (If this is intentional, then use the `*AllBy*` variant of the query (like `queryAllByText`, `getAllByText`, or `findAllByText`)).

    Ignored nodes: comments, script, style
    [36m<body>[39m
      [36m<div>[39m
        [36m<div[39m
          [33mclass[39m=[32m"MuiBox-root css-1wcaknn"[39m
        [36m>[39m
          [36m<div[39m
            [33mclass[39m=[32m"MuiBox-root css-4c94nt"[39m
          [36m>[39m
            [36m<div[39m
              [33manimate[39m=[32m"[object Object]"[39m
              [33minitial[39m=[32m"[object Object]"[39m
              [33mtransition[39m=[32m"[object Object]"[39m
            [36m>[39m
              [36m<h1[39m
                [33mclass[39m=[32m"MuiTypography-root MuiTypography-h3 css-1y09m9g-MuiTypography-root"[39m
              [36m>[39m
                [0mLogging Configuration[0m
              [36m</h1>[39m
              [36m<h6[39m
                [33mclass[39m=[32m"MuiTypography-root MuiTypography-subtitle1 css-nd7spj-MuiTypography-root"[39m
              [36m>[39m
                [0mAdvanced Logging System with File Rotation[0m
              [36m</h6>[39m
            [36m</div>[39m
          [36m</div>[39m
          [36m<hr[39m
            [33mclass[39m=[32m"MuiDivider-root MuiDivider-fullWidth css-1dkov3i-MuiDivider-root"[39m
          [36m/>[39m
          [36m<div[39m
            [33mclass[39m=[32m"MuiGrid-root MuiGrid-container MuiGrid-direction-xs-row MuiGrid-spacing-xs-4 css-kqg16c-MuiGrid-root"[39m
          [36m>[39m
            [36m<div[39m
              [33mclass[39m=[32m"MuiGrid-root MuiGrid-direction-xs-row MuiGrid-grid-xs-12 MuiGrid-grid-md-6 css-204a8q-MuiGrid-root"[39m
            [36m>[39m
              [36m<div[39m
                [33manimate[39m=[32m"[object Object]"[39m
                [33minitial[39m=[32m"[object Object]"[39m
                [33mtransition[39m=[32m"[object Object]"[39m
              [36m>[39m
                [36m<div[39m
                  [33mclass[39m=[32m"MuiPaper-root MuiPaper-elevation MuiPaper-rounded MuiPaper-elevation1 MuiCard-root css-n4xn9e-MuiPaper-root-MuiCard-root"[39m
                  [33mstyle[39m=[32m"--Paper-shadow: 0px 2px 1px -1px rgba(0,0,0,0.2),0px 1px 1px 0px rgba(0,0,0,0.14),0px 1px 3px 0px rgba(0,0,0,0.12);"[39m
                [36m>[39m
                  [36m<div[39m
                    [33mclass[39m=[32m"MuiCardContent-root css-1lt5qva-MuiCardContent-root"[39m
                  [36m>[39m
                    [36m<h6[39m
                      [33mclass[39m=[32m"MuiTypography-root MuiTypography-h6 MuiTypography-gutterBottom css-i7k7ai-MuiTypography-root"[39m
                    [36m>[39m
                      [0mConsole Logging[0m
                    [36m</h6>[39m
                    [36m<p[39m
                      [33mclass[39m=[32m"MuiTypography-root MuiTypography-body2 css-gdfsl6-MuiTypography-root"[39m
                    [36m>[39m
                      [0mConfigure console output logging[0m
                    [36m</p>[39m
                    [36m<div[39m
                      [33mclass[39m=[32m"MuiBox-root css-1qrecot"[39m
                    [36m>[39m
                      [36m<label[39m
                        [33mclass[39m=[32m"MuiFormControlLabel-root MuiFormControlLabel-labelPlacementEnd css-1v1gbgd-MuiFormControlLabel-root"[39m
                      [36m>[39m
                        [36m<span[39m
                          [33mclass[39m=[32m"MuiSwitch-root MuiSwitch-sizeMedium css-k3m6lw-MuiSwitch-root"[39m
                        [36m>[39m
                          [36m<span[39m
                            [33mclass[39m=[32m"MuiButtonBase-root MuiSwitch-switchBase MuiSwitch-colorPrimary Mui-checked PrivateSwitchBase-root MuiSwitch-switchBase MuiSwitch-colorPrimary Mui-checked Mui-checked css-62uhk4-MuiButtonBase-root-MuiSwitchBase-root-MuiSwitch-switchBase"[39m
                          [36m>[39m
                            [36m<input[39m
                              [33mchecked[39m=[32m""[39m
                              [33mclass[39m=[32m"PrivateSwitchBase-input MuiSwitch-input css-12xagqm-MuiSwitchBase-root"[39m
                              [33mrole[39m=[32m"switch"[39m
                              [33mtype[39m=[32m"checkbox"[39m
                            [36m/>[39m
                            [36m<span[39m
                              [33mclass[39m=[32m"MuiSwitch-thumb css-18cpvxz-MuiSwitch-thumb"[39m
                            [36m/>[39m
                          [36m</span>[39m
                          [36m<span[39m
                            [33mclass[39m=[32m"MuiSwitch-track css-tj8d99-MuiSwitch-track"[39m
                          [36m/>[39m
                        [36m</span>[39m
                        [36m<span[39m
                          [33mclass[39m=[32m"MuiTypography-root MuiTypography-body1 MuiFormControlLabel-label css-e86f8p-MuiTypography-root"[39m
                        [36m>[39m
                          [0mEnable Console Logging[0m
                        [36m</span>[39m
                      [36m</label>[39m
                      [36m<h6[39m
                        [33mclass[39m=[32m"MuiTypography-root MuiTypography-subtitle2 css-1cji1ru-MuiTypography-root"[39m
                      [36m>[39m
                        [0mConsole Log Level[0m
                      [36m</h6>[39m
                      [36m<span[39m
                        [33mclass[39m=[32m"MuiSlider-root MuiSlider-marked MuiSlider-colorPrimary MuiSlider-sizeMedium css-nzmogg-MuiSlider-root"[39m
                      [36m>[39m
                        [36m<span[39m
                          [33mclass[39m=[32m"MuiSlider-rail css-r64h58-MuiSlider-rail"[39m
                        [36m/>[39m
                        [36m<span[39m
                          [33mclass[39m=[32m"MuiSlider-track css-xvk2i-MuiSlider-track"[39m
                          [33mstyle[39m=[32m"left: 0%; width: 75%;"[39m
                        [36m/>[39m
                        [36m<span[39m
                          [33mclass[39m=[32m"MuiSlider-mark MuiSlider-markActive css-1pnw19s-MuiSlider-mark"[39m
                          [33mdata-index[39m=[32m"0"[39m
                          [33mstyle[39m=[32m"left: 0%;"[39m
                        [36m/>[39m
                        [36m<span[39m
                          [33maria-hidden[39m=[32m"true"[39m
                          [33mclass[39m=[32m"MuiSlider-markLabel MuiSlider-markLabel MuiSlider-markLabelActive css-1f05acu-MuiSlider-markLabel"[39m
                          [33mdata-index[39m=[32m"0"[39m
                          [33mstyle[39m=[32m"left: 0%;"[39m
                        [36m>[39m
                          [0merror[0m
                        [36m</span>[39m
                        [36m<span[39m
                          [33mclass[39m=[32m"MuiSlider-mark MuiSlider-markActive css-1pnw19s-MuiSlider-mark"[39m
                          [33mdata-index[39m=[32m"1"[39m
                          [33mstyle[39m=[32m"left: 25%;"[39m
                        [36m/>[39m
                        [36m<span[39m
                          [33maria-hidden[39m=[32m"true"[39m
                          [33mclass[39m=[32m"MuiSlider-markLabel MuiSlider-markLabel MuiSlider-markLabelActive css-1f05acu-MuiSlider-markLabel"[39m
                          [33mdata-index[39m=[32m"1"[39m
     ...

      92 |     renderWithThemeProvider(<LoggingSettings />);
      93 |     
    > 94 |     expect(screen.getByText('File Logging')).toBeInTheDocument();
         |                   ^
      95 |     expect(screen.getByText('Configure file logging with rotation')).toBeInTheDocument();
      96 |   });
      97 |

      at Object.getElementError (node_modules/.pnpm/@testing-library+dom@10.4.1/node_modules/@testing-library/dom/dist/config.js:37:19)
      at getElementError (node_modules/.pnpm/@testing-library+dom@10.4.1/node_modules/@testing-library/dom/dist/query-helpers.js:20:35)
      at getMultipleElementsFoundError (node_modules/.pnpm/@testing-library+dom@10.4.1/node_modules/@testing-library/dom/dist/query-helpers.js:23:10)
      at node_modules/.pnpm/@testing-library+dom@10.4.1/node_modules/@testing-library/dom/dist/query-helpers.js:55:13
      at node_modules/.pnpm/@testing-library+dom@10.4.1/node_modules/@testing-library/dom/dist/query-helpers.js:95:19
      at Object.<anonymous> (__tests__/components/pages/LoggingSettings.test.tsx:94:19)

  ● LoggingSettings › shows console logging enabled status

    TestingLibraryElementError: Found multiple elements with the text: Enabled

    Here are the matching elements:

    Ignored nodes: comments, script, style
    [36m<span[39m
      [33mclass[39m=[32m"MuiChip-label MuiChip-labelSmall css-eccknh-MuiChip-label"[39m
    [36m>[39m
      [0mEnabled[0m
    [36m</span>[39m

    Ignored nodes: comments, script, style
    [36m<span[39m
      [33mclass[39m=[32m"MuiChip-label MuiChip-labelSmall css-eccknh-MuiChip-label"[39m
    [36m>[39m
      [0mEnabled[0m
    [36m</span>[39m

    (If this is intentional, then use the `*AllBy*` variant of the query (like `queryAllByText`, `getAllByText`, or `findAllByText`)).

    Ignored nodes: comments, script, style
    [36m<body>[39m
      [36m<div>[39m
        [36m<div[39m
          [33mclass[39m=[32m"MuiBox-root css-1wcaknn"[39m
        [36m>[39m
          [36m<div[39m
            [33mclass[39m=[32m"MuiBox-root css-4c94nt"[39m
          [36m>[39m
            [36m<div[39m
              [33manimate[39m=[32m"[object Object]"[39m
              [33minitial[39m=[32m"[object Object]"[39m
              [33mtransition[39m=[32m"[object Object]"[39m
            [36m>[39m
              [36m<h1[39m
                [33mclass[39m=[32m"MuiTypography-root MuiTypography-h3 css-1y09m9g-MuiTypography-root"[39m
              [36m>[39m
                [0mLogging Configuration[0m
              [36m</h1>[39m
              [36m<h6[39m
                [33mclass[39m=[32m"MuiTypography-root MuiTypography-subtitle1 css-nd7spj-MuiTypography-root"[39m
              [36m>[39m
                [0mAdvanced Logging System with File Rotation[0m
              [36m</h6>[39m
            [36m</div>[39m
          [36m</div>[39m
          [36m<hr[39m
            [33mclass[39m=[32m"MuiDivider-root MuiDivider-fullWidth css-1dkov3i-MuiDivider-root"[39m
          [36m/>[39m
          [36m<div[39m
            [33mclass[39m=[32m"MuiGrid-root MuiGrid-container MuiGrid-direction-xs-row MuiGrid-spacing-xs-4 css-kqg16c-MuiGrid-root"[39m
          [36m>[39m
            [36m<div[39m
              [33mclass[39m=[32m"MuiGrid-root MuiGrid-direction-xs-row MuiGrid-grid-xs-12 MuiGrid-grid-md-6 css-204a8q-MuiGrid-root"[39m
            [36m>[39m
              [36m<div[39m
                [33manimate[39m=[32m"[object Object]"[39m
                [33minitial[39m=[32m"[object Object]"[39m
                [33mtransition[39m=[32m"[object Object]"[39m
              [36m>[39m
                [36m<div[39m
                  [33mclass[39m=[32m"MuiPaper-root MuiPaper-elevation MuiPaper-rounded MuiPaper-elevation1 MuiCard-root css-n4xn9e-MuiPaper-root-MuiCard-root"[39m
                  [33mstyle[39m=[32m"--Paper-shadow: 0px 2px 1px -1px rgba(0,0,0,0.2),0px 1px 1px 0px rgba(0,0,0,0.14),0px 1px 3px 0px rgba(0,0,0,0.12);"[39m
                [36m>[39m
                  [36m<div[39m
                    [33mclass[39m=[32m"MuiCardContent-root css-1lt5qva-MuiCardContent-root"[39m
                  [36m>[39m
                    [36m<h6[39m
                      [33mclass[39m=[32m"MuiTypography-root MuiTypography-h6 MuiTypography-gutterBottom css-i7k7ai-MuiTypography-root"[39m
                    [36m>[39m
                      [0mConsole Logging[0m
                    [36m</h6>[39m
                    [36m<p[39m
                      [33mclass[39m=[32m"MuiTypography-root MuiTypography-body2 css-gdfsl6-MuiTypography-root"[39m
                    [36m>[39m
                      [0mConfigure console output logging[0m
                    [36m</p>[39m
                    [36m<div[39m
                      [33mclass[39m=[32m"MuiBox-root css-1qrecot"[39m
                    [36m>[39m
                      [36m<label[39m
                        [33mclass[39m=[32m"MuiFormControlLabel-root MuiFormControlLabel-labelPlacementEnd css-1v1gbgd-MuiFormControlLabel-root"[39m
                      [36m>[39m
                        [36m<span[39m
                          [33mclass[39m=[32m"MuiSwitch-root MuiSwitch-sizeMedium css-k3m6lw-MuiSwitch-root"[39m
                        [36m>[39m
                          [36m<span[39m
                            [33mclass[39m=[32m"MuiButtonBase-root MuiSwitch-switchBase MuiSwitch-colorPrimary Mui-checked PrivateSwitchBase-root MuiSwitch-switchBase MuiSwitch-colorPrimary Mui-checked Mui-checked css-62uhk4-MuiButtonBase-root-MuiSwitchBase-root-MuiSwitch-switchBase"[39m
                          [36m>[39m
                            [36m<input[39m
                              [33mchecked[39m=[32m""[39m
                              [33mclass[39m=[32m"PrivateSwitchBase-input MuiSwitch-input css-12xagqm-MuiSwitchBase-root"[39m
                              [33mrole[39m=[32m"switch"[39m
                              [33mtype[39m=[32m"checkbox"[39m
                            [36m/>[39m
                            [36m<span[39m
                              [33mclass[39m=[32m"MuiSwitch-thumb css-18cpvxz-MuiSwitch-thumb"[39m
                            [36m/>[39m
                          [36m</span>[39m
                          [36m<span[39m
                            [33mclass[39m=[32m"MuiSwitch-track css-tj8d99-MuiSwitch-track"[39m
                          [36m/>[39m
                        [36m</span>[39m
                        [36m<span[39m
                          [33mclass[39m=[32m"MuiTypography-root MuiTypography-body1 MuiFormControlLabel-label css-e86f8p-MuiTypography-root"[39m
                        [36m>[39m
                          [0mEnable Console Logging[0m
                        [36m</span>[39m
                      [36m</label>[39m
                      [36m<h6[39m
                        [33mclass[39m=[32m"MuiTypography-root MuiTypography-subtitle2 css-1cji1ru-MuiTypography-root"[39m
                      [36m>[39m
                        [0mConsole Log Level[0m
                      [36m</h6>[39m
                      [36m<span[39m
                        [33mclass[39m=[32m"MuiSlider-root MuiSlider-marked MuiSlider-colorPrimary MuiSlider-sizeMedium css-nzmogg-MuiSlider-root"[39m
                      [36m>[39m
                        [36m<span[39m
                          [33mclass[39m=[32m"MuiSlider-rail css-r64h58-MuiSlider-rail"[39m
                        [36m/>[39m
                        [36m<span[39m
                          [33mclass[39m=[32m"MuiSlider-track css-xvk2i-MuiSlider-track"[39m
                          [33mstyle[39m=[32m"left: 0%; width: 75%;"[39m
                        [36m/>[39m
                        [36m<span[39m
                          [33mclass[39m=[32m"MuiSlider-mark MuiSlider-markActive css-1pnw19s-MuiSlider-mark"[39m
                          [33mdata-index[39m=[32m"0"[39m
                          [33mstyle[39m=[32m"left: 0%;"[39m
                        [36m/>[39m
                        [36m<span[39m
                          [33maria-hidden[39m=[32m"true"[39m
                          [33mclass[39m=[32m"MuiSlider-markLabel MuiSlider-markLabel MuiSlider-markLabelActive css-1f05acu-MuiSlider-markLabel"[39m
                          [33mdata-index[39m=[32m"0"[39m
                          [33mstyle[39m=[32m"left: 0%;"[39m
                        [36m>[39m
                          [0merror[0m
                        [36m</span>[39m
                        [36m<span[39m
                          [33mclass[39m=[32m"MuiSlider-mark MuiSlider-markActive css-1pnw19s-MuiSlider-mark"[39m
                          [33mdata-index[39m=[32m"1"[39m
                          [33mstyle[39m=[32m"left: 25%;"[39m
                        [36m/>[39m
                        [36m<span[39m
                          [33maria-hidden[39m=[32m"true"[39m
                          [33mclass[39m=[32m"MuiSlider-markLabel MuiSlider-markLabel MuiSlider-markLabelActive css-1f05acu-MuiSlider-markLabel"[39m
                          [33mdata-index[39m=[32m"1"[39m
     ...

      113 |     renderWithThemeProvider(<LoggingSettings />);
      114 |     
    > 115 |     expect(screen.getByText('Enabled')).toBeInTheDocument();
          |                   ^
      116 |   });
      117 |
      118 |   it('shows console level', () => {

      at Object.getElementError (node_modules/.pnpm/@testing-library+dom@10.4.1/node_modules/@testing-library/dom/dist/config.js:37:19)
      at getElementError (node_modules/.pnpm/@testing-library+dom@10.4.1/node_modules/@testing-library/dom/dist/query-helpers.js:20:35)
      at getMultipleElementsFoundError (node_modules/.pnpm/@testing-library+dom@10.4.1/node_modules/@testing-library/dom/dist/query-helpers.js:23:10)
      at node_modules/.pnpm/@testing-library+dom@10.4.1/node_modules/@testing-library/dom/dist/query-helpers.js:55:13
      at node_modules/.pnpm/@testing-library+dom@10.4.1/node_modules/@testing-library/dom/dist/query-helpers.js:95:19
      at Object.<anonymous> (__tests__/components/pages/LoggingSettings.test.tsx:115:19)

  ● LoggingSettings › shows console level

    TestingLibraryElementError: Found multiple elements with the text: debug

    Here are the matching elements:

    Ignored nodes: comments, script, style
    [36m<span[39m
      [33maria-hidden[39m=[32m"true"[39m
      [33mclass[39m=[32m"MuiSlider-markLabel MuiSlider-markLabel MuiSlider-markLabelActive css-1f05acu-MuiSlider-markLabel"[39m
      [33mdata-index[39m=[32m"3"[39m
      [33mstyle[39m=[32m"left: 75%;"[39m
    [36m>[39m
      [0mdebug[0m
    [36m</span>[39m

    Ignored nodes: comments, script, style
    [36m<span[39m
      [33mclass[39m=[32m"MuiSlider-valueLabelLabel"[39m
    [36m>[39m
      [0mdebug[0m
    [36m</span>[39m

    Ignored nodes: comments, script, style
    [36m<span[39m
      [33maria-hidden[39m=[32m"true"[39m
      [33mclass[39m=[32m"MuiSlider-markLabel MuiSlider-markLabel css-1got0p2-MuiSlider-markLabel"[39m
      [33mdata-index[39m=[32m"3"[39m
      [33mstyle[39m=[32m"left: 75%;"[39m
    [36m>[39m
      [0mdebug[0m
    [36m</span>[39m

    Ignored nodes: comments, script, style
    [36m<span[39m
      [33maria-hidden[39m=[32m"true"[39m
      [33mclass[39m=[32m"MuiSlider-markLabel MuiSlider-markLabel css-1got0p2-MuiSlider-markLabel"[39m
      [33mdata-index[39m=[32m"3"[39m
      [33mstyle[39m=[32m"left: 75%;"[39m
    [36m>[39m
      [0mdebug[0m
    [36m</span>[39m

    Ignored nodes: comments, script, style
    [36m<span[39m
      [33mclass[39m=[32m"MuiChip-label MuiChip-labelSmall css-eccknh-MuiChip-label"[39m
    [36m>[39m
      [0mdebug[0m
    [36m</span>[39m

    (If this is intentional, then use the `*AllBy*` variant of the query (like `queryAllByText`, `getAllByText`, or `findAllByText`)).

    Ignored nodes: comments, script, style
    [36m<body>[39m
      [36m<div>[39m
        [36m<div[39m
          [33mclass[39m=[32m"MuiBox-root css-1wcaknn"[39m
        [36m>[39m
          [36m<div[39m
            [33mclass[39m=[32m"MuiBox-root css-4c94nt"[39m
          [36m>[39m
            [36m<div[39m
              [33manimate[39m=[32m"[object Object]"[39m
              [33minitial[39m=[32m"[object Object]"[39m
              [33mtransition[39m=[32m"[object Object]"[39m
            [36m>[39m
              [36m<h1[39m
                [33mclass[39m=[32m"MuiTypography-root MuiTypography-h3 css-1y09m9g-MuiTypography-root"[39m
              [36m>[39m
                [0mLogging Configuration[0m
              [36m</h1>[39m
              [36m<h6[39m
                [33mclass[39m=[32m"MuiTypography-root MuiTypography-subtitle1 css-nd7spj-MuiTypography-root"[39m
              [36m>[39m
                [0mAdvanced Logging System with File Rotation[0m
              [36m</h6>[39m
            [36m</div>[39m
          [36m</div>[39m
          [36m<hr[39m
            [33mclass[39m=[32m"MuiDivider-root MuiDivider-fullWidth css-1dkov3i-MuiDivider-root"[39m
          [36m/>[39m
          [36m<div[39m
            [33mclass[39m=[32m"MuiGrid-root MuiGrid-container MuiGrid-direction-xs-row MuiGrid-spacing-xs-4 css-kqg16c-MuiGrid-root"[39m
          [36m>[39m
            [36m<div[39m
              [33mclass[39m=[32m"MuiGrid-root MuiGrid-direction-xs-row MuiGrid-grid-xs-12 MuiGrid-grid-md-6 css-204a8q-MuiGrid-root"[39m
            [36m>[39m
              [36m<div[39m
                [33manimate[39m=[32m"[object Object]"[39m
                [33minitial[39m=[32m"[object Object]"[39m
                [33mtransition[39m=[32m"[object Object]"[39m
              [36m>[39m
                [36m<div[39m
                  [33mclass[39m=[32m"MuiPaper-root MuiPaper-elevation MuiPaper-rounded MuiPaper-elevation1 MuiCard-root css-n4xn9e-MuiPaper-root-MuiCard-root"[39m
                  [33mstyle[39m=[32m"--Paper-shadow: 0px 2px 1px -1px rgba(0,0,0,0.2),0px 1px 1px 0px rgba(0,0,0,0.14),0px 1px 3px 0px rgba(0,0,0,0.12);"[39m
                [36m>[39m
                  [36m<div[39m
                    [33mclass[39m=[32m"MuiCardContent-root css-1lt5qva-MuiCardContent-root"[39m
                  [36m>[39m
                    [36m<h6[39m
                      [33mclass[39m=[32m"MuiTypography-root MuiTypography-h6 MuiTypography-gutterBottom css-i7k7ai-MuiTypography-root"[39m
                    [36m>[39m
                      [0mConsole Logging[0m
                    [36m</h6>[39m
                    [36m<p[39m
                      [33mclass[39m=[32m"MuiTypography-root MuiTypography-body2 css-gdfsl6-MuiTypography-root"[39m
                    [36m>[39m
                      [0mConfigure console output logging[0m
                    [36m</p>[39m
                    [36m<div[39m
                      [33mclass[39m=[32m"MuiBox-root css-1qrecot"[39m
                    [36m>[39m
                      [36m<label[39m
                        [33mclass[39m=[32m"MuiFormControlLabel-root MuiFormControlLabel-labelPlacementEnd css-1v1gbgd-MuiFormControlLabel-root"[39m
                      [36m>[39m
                        [36m<span[39m
                          [33mclass[39m=[32m"MuiSwitch-root MuiSwitch-sizeMedium css-k3m6lw-MuiSwitch-root"[39m
                        [36m>[39m
                          [36m<span[39m
                            [33mclass[39m=[32m"MuiButtonBase-root MuiSwitch-switchBase MuiSwitch-colorPrimary Mui-checked PrivateSwitchBase-root MuiSwitch-switchBase MuiSwitch-colorPrimary Mui-checked Mui-checked css-62uhk4-MuiButtonBase-root-MuiSwitchBase-root-MuiSwitch-switchBase"[39m
                          [36m>[39m
                            [36m<input[39m
                              [33mchecked[39m=[32m""[39m
                              [33mclass[39m=[32m"PrivateSwitchBase-input MuiSwitch-input css-12xagqm-MuiSwitchBase-root"[39m
                              [33mrole[39m=[32m"switch"[39m
                              [33mtype[39m=[32m"checkbox"[39m
                            [36m/>[39m
                            [36m<span[39m
                              [33mclass[39m=[32m"MuiSwitch-thumb css-18cpvxz-MuiSwitch-thumb"[39m
                            [36m/>[39m
                          [36m</span>[39m
                          [36m<span[39m
                            [33mclass[39m=[32m"MuiSwitch-track css-tj8d99-MuiSwitch-track"[39m
                          [36m/>[39m
                        [36m</span>[39m
                        [36m<span[39m
                          [33mclass[39m=[32m"MuiTypography-root MuiTypography-body1 MuiFormControlLabel-label css-e86f8p-MuiTypography-root"[39m
                        [36m>[39m
                          [0mEnable Console Logging[0m
                        [36m</span>[39m
                      [36m</label>[39m
                      [36m<h6[39m
                        [33mclass[39m=[32m"MuiTypography-root MuiTypography-subtitle2 css-1cji1ru-MuiTypography-root"[39m
                      [36m>[39m
                        [0mConsole Log Level[0m
                      [36m</h6>[39m
                      [36m<span[39m
                        [33mclass[39m=[32m"MuiSlider-root MuiSlider-marked MuiSlider-colorPrimary MuiSlider-sizeMedium css-nzmogg-MuiSlider-root"[39m
                      [36m>[39m
                        [36m<span[39m
                          [33mclass[39m=[32m"MuiSlider-rail css-r64h58-MuiSlider-rail"[39m
                        [36m/>[39m
                        [36m<span[39m
                          [33mclass[39m=[32m"MuiSlider-track css-xvk2i-MuiSlider-track"[39m
                          [33mstyle[39m=[32m"left: 0%; width: 75%;"[39m
                        [36m/>[39m
                        [36m<span[39m
                          [33mclass[39m=[32m"MuiSlider-mark MuiSlider-markActive css-1pnw19s-MuiSlider-mark"[39m
                          [33mdata-index[39m=[32m"0"[39m
                          [33mstyle[39m=[32m"left: 0%;"[39m
                        [36m/>[39m
                        [36m<span[39m
                          [33maria-hidden[39m=[32m"true"[39m
                          [33mclass[39m=[32m"MuiSlider-markLabel MuiSlider-markLabel MuiSlider-markLabelActive css-1f05acu-MuiSlider-markLabel"[39m
                          [33mdata-index[39m=[32m"0"[39m
                          [33mstyle[39m=[32m"left: 0%;"[39m
                        [36m>[39m
                          [0merror[0m
                        [36m</span>[39m
                        [36m<span[39m
                          [33mclass[39m=[32m"MuiSlider-mark MuiSlider-markActive css-1pnw19s-MuiSlider-mark"[39m
                          [33mdata-index[39m=[32m"1"[39m
                          [33mstyle[39m=[32m"left: 25%;"[39m
                        [36m/>[39m
                        [36m<span[39m
                          [33maria-hidden[39m=[32m"true"[39m
                          [33mclass[39m=[32m"MuiSlider-markLabel MuiSlider-markLabel MuiSlider-markLabelActive css-1f05acu-MuiSlider-markLabel"[39m
                          [33mdata-index[39m=[32m"1"[39m
     ...

      119 |     renderWithThemeProvider(<LoggingSettings />);
      120 |     
    > 121 |     expect(screen.getByText('debug')).toBeInTheDocument();
          |                   ^
      122 |   });
      123 |
      124 |   it('toggles console logging', () => {

      at Object.getElementError (node_modules/.pnpm/@testing-library+dom@10.4.1/node_modules/@testing-library/dom/dist/config.js:37:19)
      at getElementError (node_modules/.pnpm/@testing-library+dom@10.4.1/node_modules/@testing-library/dom/dist/query-helpers.js:20:35)
      at getMultipleElementsFoundError (node_modules/.pnpm/@testing-library+dom@10.4.1/node_modules/@testing-library/dom/dist/query-helpers.js:23:10)
      at node_modules/.pnpm/@testing-library+dom@10.4.1/node_modules/@testing-library/dom/dist/query-helpers.js:55:13
      at node_modules/.pnpm/@testing-library+dom@10.4.1/node_modules/@testing-library/dom/dist/query-helpers.js:95:19
      at Object.<anonymous> (__tests__/components/pages/LoggingSettings.test.tsx:121:19)

  ● LoggingSettings › toggles console logging

    TestingLibraryElementError: Unable to find an accessible element with the role "checkbox"

    Here are the accessible roles:

      heading:

      Name "Logging Configuration":
      [36m<h1[39m
        [33mclass[39m=[32m"MuiTypography-root MuiTypography-h3 css-1y09m9g-MuiTypography-root"[39m
      [36m/>[39m

      Name "Advanced Logging System with File Rotation":
      [36m<h6[39m
        [33mclass[39m=[32m"MuiTypography-root MuiTypography-subtitle1 css-nd7spj-MuiTypography-root"[39m
      [36m/>[39m

      Name "Console Logging":
      [36m<h6[39m
        [33mclass[39m=[32m"MuiTypography-root MuiTypography-h6 MuiTypography-gutterBottom css-i7k7ai-MuiTypography-root"[39m
      [36m/>[39m

      Name "Console Log Level":
      [36m<h6[39m
        [33mclass[39m=[32m"MuiTypography-root MuiTypography-subtitle2 css-1cji1ru-MuiTypography-root"[39m
      [36m/>[39m

      Name "File Logging":
      [36m<h6[39m
        [33mclass[39m=[32m"MuiTypography-root MuiTypography-h6 MuiTypography-gutterBottom css-i7k7ai-MuiTypography-root"[39m
      [36m/>[39m

      Name "File Log Level":
      [36m<h6[39m
        [33mclass[39m=[32m"MuiTypography-root MuiTypography-subtitle2 css-1cji1ru-MuiTypography-root"[39m
      [36m/>[39m

      Name "Error Log Level":
      [36m<h6[39m
        [33mclass[39m=[32m"MuiTypography-root MuiTypography-subtitle2 css-1cji1ru-MuiTypography-root"[39m
      [36m/>[39m

      Name "Logging Configuration Actions":
      [36m<h6[39m
        [33mclass[39m=[32m"MuiTypography-root MuiTypography-h6 MuiTypography-gutterBottom css-i7k7ai-MuiTypography-root"[39m
      [36m/>[39m

      Name "Current Configuration":
      [36m<h6[39m
        [33mclass[39m=[32m"MuiTypography-root MuiTypography-h6 MuiTypography-gutterBottom css-i7k7ai-MuiTypography-root"[39m
      [36m/>[39m

      --------------------------------------------------
      separator:

      Name "":
      [36m<hr[39m
        [33mclass[39m=[32m"MuiDivider-root MuiDivider-fullWidth css-1dkov3i-MuiDivider-root"[39m
      [36m/>[39m

      --------------------------------------------------
      paragraph:

      Name "":
      [36m<p[39m
        [33mclass[39m=[32m"MuiTypography-root MuiTypography-body2 css-gdfsl6-MuiTypography-root"[39m
      [36m/>[39m

      Name "":
      [36m<p[39m
        [33mclass[39m=[32m"MuiTypography-root MuiTypography-body2 css-gdfsl6-MuiTypography-root"[39m
      [36m/>[39m

      Name "":
      [36m<p[39m
        [33mclass[39m=[32m"MuiFormHelperText-root MuiFormHelperText-sizeMedium MuiFormHelperText-contained MuiFormHelperText-filled css-15kf0e8-MuiFormHelperText-root"[39m
        [33mid[39m=[32m"_r_15_-helper-text"[39m
      [36m/>[39m

      Name "":
      [36m<p[39m
        [33mclass[39m=[32m"MuiFormHelperText-root MuiFormHelperText-sizeMedium MuiFormHelperText-contained MuiFormHelperText-filled css-15kf0e8-MuiFormHelperText-root"[39m
        [33mid[39m=[32m"_r_16_-helper-text"[39m
      [36m/>[39m

      Name "":
      [36m<p[39m
        [33mclass[39m=[32m"MuiTypography-root MuiTypography-body2 css-1bu12q7-MuiTypography-root"[39m
      [36m/>[39m

      Name "":
      [36m<p[39m
        [33mclass[39m=[32m"MuiTypography-root MuiTypography-body2 css-gdfsl6-MuiTypography-root"[39m
      [36m/>[39m

      Name "":
      [36m<p[39m
        [33mclass[39m=[32m"MuiTypography-root MuiTypography-body2 css-1bu12q7-MuiTypography-root"[39m
      [36m/>[39m

      Name "":
      [36m<p[39m
        [33mclass[39m=[32m"MuiTypography-root MuiTypography-body2 css-1bu12q7-MuiTypography-root"[39m
      [36m/>[39m

      Name "":
      [36m<p[39m
        [33mclass[39m=[32m"MuiTypography-root MuiTypography-body2 css-1bu12q7-MuiTypography-root"[39m
      [36m/>[39m

      Name "":
      [36m<p[39m
        [33mclass[39m=[32m"MuiTypography-root MuiTypography-body2 css-1bu12q7-MuiTypography-root"[39m
      [36m/>[39m

      Name "":
      [36m<p[39m
        [33mclass[39m=[32m"MuiTypography-root MuiTypography-body2 css-1bu12q7-MuiTypography-root"[39m
      [36m/>[39m

      Name "":
      [36m<p[39m
        [33mclass[39m=[32m"MuiTypography-root MuiTypography-body2 css-1bu12q7-MuiTypography-root"[39m
      [36m/>[39m

      Name "":
      [36m<p[39m
        [33mclass[39m=[32m"MuiTypography-root MuiTypography-body2 css-1bu12q7-MuiTypography-root"[39m
      [36m/>[39m

      --------------------------------------------------
      switch:

      Name "Enable Console Logging":
      [36m<input[39m
        [33mchecked[39m=[32m""[39m
        [33mclass[39m=[32m"PrivateSwitchBase-input MuiSwitch-input css-12xagqm-MuiSwitchBase-root"[39m
        [33mrole[39m=[32m"switch"[39m
        [33mtype[39m=[32m"checkbox"[39m
      [36m/>[39m

      Name "Enable File Logging":
      [36m<input[39m
        [33mchecked[39m=[32m""[39m
        [33mclass[39m=[32m"PrivateSwitchBase-input MuiSwitch-input css-12xagqm-MuiSwitchBase-root"[39m
        [33mrole[39m=[32m"switch"[39m
        [33mtype[39m=[32m"checkbox"[39m
      [36m/>[39m

      --------------------------------------------------
      slider:

      Name "":
      [36m<input[39m
        [33maria-orientation[39m=[32m"horizontal"[39m
        [33maria-valuemax[39m=[32m"4"[39m
        [33maria-valuemin[39m=[32m"0"[39m
        [33maria-valuenow[39m=[32m"3"[39m
        [33mdata-index[39m=[32m"0"[39m
        [33mmax[39m=[32m"4"[39m
        [33mmin[39m=[32m"0"[39m
        [33mstep[39m=[32m"1"[39m
        [33mstyle[39m=[32m"border: 0px; height: 100%; margin: -1px; overflow: hidden; padding: 0px; position: absolute; white-space: nowrap; width: 100%; direction: ltr;"[39m
        [33mtype[39m=[32m"range"[39m
        [33mvalue[39m=[32m"3"[39m
      [36m/>[39m

      Name "":
      [36m<input[39m
        [33maria-orientation[39m=[32m"horizontal"[39m
        [33maria-valuemax[39m=[32m"4"[39m
        [33maria-valuemin[39m=[32m"0"[39m
        [33maria-valuenow[39m=[32m"2"[39m
        [33mdata-index[39m=[32m"0"[39m
        [33mmax[39m=[32m"4"[39m
        [33mmin[39m=[32m"0"[39m
        [33mstep[39m=[32m"1"[39m
        [33mstyle[39m=[32m"border: 0px; height: 100%; margin: -1px; overflow: hidden; padding: 0px; position: absolute; white-space: nowrap; width: 100%; direction: ltr;"[39m
        [33mtype[39m=[32m"range"[39m
        [33mvalue[39m=[32m"2"[39m
      [36m/>[39m

      Name "":
      [36m<input[39m
        [33maria-orientation[39m=[32m"horizontal"[39m
        [33maria-valuemax[39m=[32m"4"[39m
        [33maria-valuemin[39m=[32m"0"[39m
        [33maria-valuenow[39m=[32m"0"[39m
        [33mdata-index[39m=[32m"0"[39m
        [33mmax[39m=[32m"4"[39m
        [33mmin[39m=[32m"0"[39m
        [33mstep[39m=[32m"1"[39m
        [33mstyle[39m=[32m"border: 0px; height: 100%; margin: -1px; overflow: hidden; padding: 0px; position: absolute; white-space: nowrap; width: 100%; direction: ltr;"[39m
        [33mtype[39m=[32m"range"[39m
        [33mvalue[39m=[32m"0"[39m
      [36m/>[39m

      --------------------------------------------------
      textbox:

      Name "Max File Size":
      [36m<input[39m
        [33maria-describedby[39m=[32m"_r_15_-helper-text"[39m
        [33maria-invalid[39m=[32m"false"[39m
        [33mclass[39m=[32m"MuiInputBase-input MuiOutlinedInput-input css-1jcxi70-MuiInputBase-input-MuiOutlinedInput-input"[39m
        [33mid[39m=[32m"_r_15_"[39m
        [33mtype[39m=[32m"text"[39m
        [33mvalue[39m=[32m"20m"[39m
      [36m/>[39m

      Name "Max Files":
      [36m<input[39m
        [33maria-describedby[39m=[32m"_r_16_-helper-text"[39m
        [33maria-invalid[39m=[32m"false"[39m
        [33mclass[39m=[32m"MuiInputBase-input MuiOutlinedInput-input css-1jcxi70-MuiInputBase-input-MuiOutlinedInput-input"[39m
        [33mid[39m=[32m"_r_16_"[39m
        [33mtype[39m=[32m"text"[39m
        [33mvalue[39m=[32m"30d"[39m
      [36m/>[39m

      --------------------------------------------------
      button:

      Name "Reset to Defaults":
      [36m<button[39m
        [33mclass[39m=[32m"MuiButtonBase-root MuiButton-root MuiButton-outlined MuiButton-outlinedSecondary MuiButton-sizeMedium MuiButton-outlinedSizeMedium MuiButton-colorSecondary MuiButton-root MuiButton-outlined MuiButton-outlinedSecondary MuiButton-sizeMedium MuiButton-outlinedSizeMedium MuiButton-colorSecondary css-sdxajj-MuiButtonBase-root-MuiButton-root"[39m
        [33mtabindex[39m=[32m"0"[39m
        [33mtype[39m=[32m"button"[39m
      [36m/>[39m

      Name "Save Configuration":
      [36m<button[39m
        [33mclass[39m=[32m"MuiButtonBase-root MuiButton-root MuiButton-contained MuiButton-containedPrimary MuiButton-sizeMedium MuiButton-containedSizeMedium MuiButton-colorPrimary MuiButton-root MuiButton-contained MuiButton-containedPrimary MuiButton-sizeMedium MuiButton-containedSizeMedium MuiButton-colorPrimary css-1af1981-MuiButtonBase-root-MuiButton-root"[39m
        [33mtabindex[39m=[32m"0"[39m
        [33mtype[39m=[32m"button"[39m
      [36m/>[39m

      --------------------------------------------------

    Ignored nodes: comments, script, style
    [36m<body>[39m
      [36m<div>[39m
        [36m<div[39m
          [33mclass[39m=[32m"MuiBox-root css-1wcaknn"[39m
        [36m>[39m
          [36m<div[39m
            [33mclass[39m=[32m"MuiBox-root css-4c94nt"[39m
          [36m>[39m
            [36m<div[39m
              [33manimate[39m=[32m"[object Object]"[39m
              [33minitial[39m=[32m"[object Object]"[39m
              [33mtransition[39m=[32m"[object Object]"[39m
            [36m>[39m
              [36m<h1[39m
                [33mclass[39m=[32m"MuiTypography-root MuiTypography-h3 css-1y09m9g-MuiTypography-root"[39m
              [36m>[39m
                [0mLogging Configuration[0m
              [36m</h1>[39m
              [36m<h6[39m
                [33mclass[39m=[32m"MuiTypography-root MuiTypography-subtitle1 css-nd7spj-MuiTypography-root"[39m
              [36m>[39m
                [0mAdvanced Logging System with File Rotation[0m
              [36m</h6>[39m
            [36m</div>[39m
          [36m</div>[39m
          [36m<hr[39m
            [33mclass[39m=[32m"MuiDivider-root MuiDivider-fullWidth css-1dkov3i-MuiDivider-root"[39m
          [36m/>[39m
          [36m<div[39m
            [33mclass[39m=[32m"MuiGrid-root MuiGrid-container MuiGrid-direction-xs-row MuiGrid-spacing-xs-4 css-kqg16c-MuiGrid-root"[39m
          [36m>[39m
            [36m<div[39m
              [33mclass[39m=[32m"MuiGrid-root MuiGrid-direction-xs-row MuiGrid-grid-xs-12 MuiGrid-grid-md-6 css-204a8q-MuiGrid-root"[39m
            [36m>[39m
              [36m<div[39m
                [33manimate[39m=[32m"[object Object]"[39m
                [33minitial[39m=[32m"[object Object]"[39m
                [33mtransition[39m=[32m"[object Object]"[39m
              [36m>[39m
                [36m<div[39m
                  [33mclass[39m=[32m"MuiPaper-root MuiPaper-elevation MuiPaper-rounded MuiPaper-elevation1 MuiCard-root css-n4xn9e-MuiPaper-root-MuiCard-root"[39m
                  [33mstyle[39m=[32m"--Paper-shadow: 0px 2px 1px -1px rgba(0,0,0,0.2),0px 1px 1px 0px rgba(0,0,0,0.14),0px 1px 3px 0px rgba(0,0,0,0.12);"[39m
                [36m>[39m
                  [36m<div[39m
                    [33mclass[39m=[32m"MuiCardContent-root css-1lt5qva-MuiCardContent-root"[39m
                  [36m>[39m
                    [36m<h6[39m
                      [33mclass[39m=[32m"MuiTypography-root MuiTypography-h6 MuiTypography-gutterBottom css-i7k7ai-MuiTypography-root"[39m
                    [36m>[39m
                      [0mConsole Logging[0m
                    [36m</h6>[39m
                    [36m<p[39m
                      [33mclass[39m=[32m"MuiTypography-root MuiTypography-body2 css-gdfsl6-MuiTypography-root"[39m
                    [36m>[39m
                      [0mConfigure console output logging[0m
                    [36m</p>[39m
                    [36m<div[39m
                      [33mclass[39m=[32m"MuiBox-root css-1qrecot"[39m
                    [36m>[39m
                      [36m<label[39m
                        [33mclass[39m=[32m"MuiFormControlLabel-root MuiFormControlLabel-labelPlacementEnd css-1v1gbgd-MuiFormControlLabel-root"[39m
                      [36m>[39m
                        [36m<span[39m
                          [33mclass[39m=[32m"MuiSwitch-root MuiSwitch-sizeMedium css-k3m6lw-MuiSwitch-root"[39m
                        [36m>[39m
                          [36m<span[39m
                            [33mclass[39m=[32m"MuiButtonBase-root MuiSwitch-switchBase MuiSwitch-colorPrimary Mui-checked PrivateSwitchBase-root MuiSwitch-switchBase MuiSwitch-colorPrimary Mui-checked Mui-checked css-62uhk4-MuiButtonBase-root-MuiSwitchBase-root-MuiSwitch-switchBase"[39m
                          [36m>[39m
                            [36m<input[39m
                              [33mchecked[39m=[32m""[39m
                              [33mclass[39m=[32m"PrivateSwitchBase-input MuiSwitch-input css-12xagqm-MuiSwitchBase-root"[39m
                              [33mrole[39m=[32m"switch"[39m
                              [33mtype[39m=[32m"checkbox"[39m
                            [36m/>[39m
                            [36m<span[39m
                              [33mclass[39m=[32m"MuiSwitch-thumb css-18cpvxz-MuiSwitch-thumb"[39m
                            [36m/>[39m
                          [36m</span>[39m
                          [36m<span[39m
                            [33mclass[39m=[32m"MuiSwitch-track css-tj8d99-MuiSwitch-track"[39m
                          [36m/>[39m
                        [36m</span>[39m
                        [36m<span[39m
                          [33mclass[39m=[32m"MuiTypography-root MuiTypography-body1 MuiFormControlLabel-label css-e86f8p-MuiTypography-root"[39m
                        [36m>[39m
                          [0mEnable Console Logging[0m
                        [36m</span>[39m
                      [36m</label>[39m
                      [36m<h6[39m
                        [33mclass[39m=[32m"MuiTypography-root MuiTypography-subtitle2 css-1cji1ru-MuiTypography-root"[39m
                      [36m>[39m
                        [0mConsole Log Level[0m
                      [36m</h6>[39m
                      [36m<span[39m
                        [33mclass[39m=[32m"MuiSlider-root MuiSlider-marked MuiSlider-colorPrimary MuiSlider-sizeMedium css-nzmogg-MuiSlider-root"[39m
                      [36m>[39m
                        [36m<span[39m
                          [33mclass[39m=[32m"MuiSlider-rail css-r64h58-MuiSlider-rail"[39m
                        [36m/>[39m
                        [36m<span[39m
                          [33mclass[39m=[32m"MuiSlider-track css-xvk2i-MuiSlider-track"[39m
                          [33mstyle[39m=[32m"left: 0%; width: 75%;"[39m
                        [36m/>[39m
                        [36m<span[39m
                          [33mclass[39m=[32m"MuiSlider-mark MuiSlider-markActive css-1pnw19s-MuiSlider-mark"[39m
                          [33mdata-index[39m=[32m"0"[39m
                          [33mstyle[39m=[32m"left: 0%;"[39m
                        [36m/>[39m
                        [36m<span[39m
                          [33maria-hidden[39m=[32m"true"[39m
                          [33mclass[39m=[32m"MuiSlider-markLabel MuiSlider-markLabel MuiSlider-markLabelActive css-1f05acu-MuiSlider-markLabel"[39m
                          [33mdata-index[39m=[32m"0"[39m
                          [33mstyle[39m=[32m"left: 0%;"[39m
                        [36m>[39m
                          [0merror[0m
                        [36m</span>[39m
                        [36m<span[39m
                          [33mclass[39m=[32m"MuiSlider-mark MuiSlider-markActive css-1pnw19s-MuiSlider-mark"[39m
                          [33mdata-index[39m=[32m"1"[39m
                          [33mstyle[39m=[32m"left: 25%;"[39m
                        [36m/>[39m
                        [36m<span[39m
                          [33maria-hidden[39m=[32m"true"[39m
                          [33mclass[39m=[32m"MuiSlider-markLabel MuiSlider-markLabel MuiSlider-markLabelActive css-1f05acu-MuiSlider-markLabel"[39m
                          [33mdata-index[39m=[32m"1"[39m
     ...

      125 |     renderWithThemeProvider(<LoggingSettings />);
      126 |     
    > 127 |     const consoleSwitch = screen.getAllByRole('checkbox')[0];
          |                                  ^
      128 |     fireEvent.click(consoleSwitch);
      129 |     
      130 |     expect(consoleSwitch).toBeInTheDocument();

      at Object.getElementError (node_modules/.pnpm/@testing-library+dom@10.4.1/node_modules/@testing-library/dom/dist/config.js:37:19)
      at node_modules/.pnpm/@testing-library+dom@10.4.1/node_modules/@testing-library/dom/dist/query-helpers.js:76:38
      at node_modules/.pnpm/@testing-library+dom@10.4.1/node_modules/@testing-library/dom/dist/query-helpers.js:109:15
      at Object.<anonymous> (__tests__/components/pages/LoggingSettings.test.tsx:127:34)

  ● LoggingSettings › toggles file logging

    TestingLibraryElementError: Unable to find an accessible element with the role "checkbox"

    Here are the accessible roles:

      heading:

      Name "Logging Configuration":
      [36m<h1[39m
        [33mclass[39m=[32m"MuiTypography-root MuiTypography-h3 css-1y09m9g-MuiTypography-root"[39m
      [36m/>[39m

      Name "Advanced Logging System with File Rotation":
      [36m<h6[39m
        [33mclass[39m=[32m"MuiTypography-root MuiTypography-subtitle1 css-nd7spj-MuiTypography-root"[39m
      [36m/>[39m

      Name "Console Logging":
      [36m<h6[39m
        [33mclass[39m=[32m"MuiTypography-root MuiTypography-h6 MuiTypography-gutterBottom css-i7k7ai-MuiTypography-root"[39m
      [36m/>[39m

      Name "Console Log Level":
      [36m<h6[39m
        [33mclass[39m=[32m"MuiTypography-root MuiTypography-subtitle2 css-1cji1ru-MuiTypography-root"[39m
      [36m/>[39m

      Name "File Logging":
      [36m<h6[39m
        [33mclass[39m=[32m"MuiTypography-root MuiTypography-h6 MuiTypography-gutterBottom css-i7k7ai-MuiTypography-root"[39m
      [36m/>[39m

      Name "File Log Level":
      [36m<h6[39m
        [33mclass[39m=[32m"MuiTypography-root MuiTypography-subtitle2 css-1cji1ru-MuiTypography-root"[39m
      [36m/>[39m

      Name "Error Log Level":
      [36m<h6[39m
        [33mclass[39m=[32m"MuiTypography-root MuiTypography-subtitle2 css-1cji1ru-MuiTypography-root"[39m
      [36m/>[39m

      Name "Logging Configuration Actions":
      [36m<h6[39m
        [33mclass[39m=[32m"MuiTypography-root MuiTypography-h6 MuiTypography-gutterBottom css-i7k7ai-MuiTypography-root"[39m
      [36m/>[39m

      Name "Current Configuration":
      [36m<h6[39m
        [33mclass[39m=[32m"MuiTypography-root MuiTypography-h6 MuiTypography-gutterBottom css-i7k7ai-MuiTypography-root"[39m
      [36m/>[39m

      --------------------------------------------------
      separator:

      Name "":
      [36m<hr[39m
        [33mclass[39m=[32m"MuiDivider-root MuiDivider-fullWidth css-1dkov3i-MuiDivider-root"[39m
      [36m/>[39m

      --------------------------------------------------
      paragraph:

      Name "":
      [36m<p[39m
        [33mclass[39m=[32m"MuiTypography-root MuiTypography-body2 css-gdfsl6-MuiTypography-root"[39m
      [36m/>[39m

      Name "":
      [36m<p[39m
        [33mclass[39m=[32m"MuiTypography-root MuiTypography-body2 css-gdfsl6-MuiTypography-root"[39m
      [36m/>[39m

      Name "":
      [36m<p[39m
        [33mclass[39m=[32m"MuiFormHelperText-root MuiFormHelperText-sizeMedium MuiFormHelperText-contained MuiFormHelperText-filled css-15kf0e8-MuiFormHelperText-root"[39m
        [33mid[39m=[32m"_r_1f_-helper-text"[39m
      [36m/>[39m

      Name "":
      [36m<p[39m
        [33mclass[39m=[32m"MuiFormHelperText-root MuiFormHelperText-sizeMedium MuiFormHelperText-contained MuiFormHelperText-filled css-15kf0e8-MuiFormHelperText-root"[39m
        [33mid[39m=[32m"_r_1g_-helper-text"[39m
      [36m/>[39m

      Name "":
      [36m<p[39m
        [33mclass[39m=[32m"MuiTypography-root MuiTypography-body2 css-1bu12q7-MuiTypography-root"[39m
      [36m/>[39m

      Name "":
      [36m<p[39m
        [33mclass[39m=[32m"MuiTypography-root MuiTypography-body2 css-gdfsl6-MuiTypography-root"[39m
      [36m/>[39m

      Name "":
      [36m<p[39m
        [33mclass[39m=[32m"MuiTypography-root MuiTypography-body2 css-1bu12q7-MuiTypography-root"[39m
      [36m/>[39m

      Name "":
      [36m<p[39m
        [33mclass[39m=[32m"MuiTypography-root MuiTypography-body2 css-1bu12q7-MuiTypography-root"[39m
      [36m/>[39m

      Name "":
      [36m<p[39m
        [33mclass[39m=[32m"MuiTypography-root MuiTypography-body2 css-1bu12q7-MuiTypography-root"[39m
      [36m/>[39m

      Name "":
      [36m<p[39m
        [33mclass[39m=[32m"MuiTypography-root MuiTypography-body2 css-1bu12q7-MuiTypography-root"[39m
      [36m/>[39m

      Name "":
      [36m<p[39m
        [33mclass[39m=[32m"MuiTypography-root MuiTypography-body2 css-1bu12q7-MuiTypography-root"[39m
      [36m/>[39m

      Name "":
      [36m<p[39m
        [33mclass[39m=[32m"MuiTypography-root MuiTypography-body2 css-1bu12q7-MuiTypography-root"[39m
      [36m/>[39m

      Name "":
      [36m<p[39m
        [33mclass[39m=[32m"MuiTypography-root MuiTypography-body2 css-1bu12q7-MuiTypography-root"[39m
      [36m/>[39m

      --------------------------------------------------
      switch:

      Name "Enable Console Logging":
      [36m<input[39m
        [33mchecked[39m=[32m""[39m
        [33mclass[39m=[32m"PrivateSwitchBase-input MuiSwitch-input css-12xagqm-MuiSwitchBase-root"[39m
        [33mrole[39m=[32m"switch"[39m
        [33mtype[39m=[32m"checkbox"[39m
      [36m/>[39m

      Name "Enable File Logging":
      [36m<input[39m
        [33mchecked[39m=[32m""[39m
        [33mclass[39m=[32m"PrivateSwitchBase-input MuiSwitch-input css-12xagqm-MuiSwitchBase-root"[39m
        [33mrole[39m=[32m"switch"[39m
        [33mtype[39m=[32m"checkbox"[39m
      [36m/>[39m

      --------------------------------------------------
      slider:

      Name "":
      [36m<input[39m
        [33maria-orientation[39m=[32m"horizontal"[39m
        [33maria-valuemax[39m=[32m"4"[39m
        [33maria-valuemin[39m=[32m"0"[39m
        [33maria-valuenow[39m=[32m"3"[39m
        [33mdata-index[39m=[32m"0"[39m
        [33mmax[39m=[32m"4"[39m
        [33mmin[39m=[32m"0"[39m
        [33mstep[39m=[32m"1"[39m
        [33mstyle[39m=[32m"border: 0px; height: 100%; margin: -1px; overflow: hidden; padding: 0px; position: absolute; white-space: nowrap; width: 100%; direction: ltr;"[39m
        [33mtype[39m=[32m"range"[39m
        [33mvalue[39m=[32m"3"[39m
      [36m/>[39m

      Name "":
      [36m<input[39m
        [33maria-orientation[39m=[32m"horizontal"[39m
        [33maria-valuemax[39m=[32m"4"[39m
        [33maria-valuemin[39m=[32m"0"[39m
        [33maria-valuenow[39m=[32m"2"[39m
        [33mdata-index[39m=[32m"0"[39m
        [33mmax[39m=[32m"4"[39m
        [33mmin[39m=[32m"0"[39m
        [33mstep[39m=[32m"1"[39m
        [33mstyle[39m=[32m"border: 0px; height: 100%; margin: -1px; overflow: hidden; padding: 0px; position: absolute; white-space: nowrap; width: 100%; direction: ltr;"[39m
        [33mtype[39m=[32m"range"[39m
        [33mvalue[39m=[32m"2"[39m
      [36m/>[39m

      Name "":
      [36m<input[39m
        [33maria-orientation[39m=[32m"horizontal"[39m
        [33maria-valuemax[39m=[32m"4"[39m
        [33maria-valuemin[39m=[32m"0"[39m
        [33maria-valuenow[39m=[32m"0"[39m
        [33mdata-index[39m=[32m"0"[39m
        [33mmax[39m=[32m"4"[39m
        [33mmin[39m=[32m"0"[39m
        [33mstep[39m=[32m"1"[39m
        [33mstyle[39m=[32m"border: 0px; height: 100%; margin: -1px; overflow: hidden; padding: 0px; position: absolute; white-space: nowrap; width: 100%; direction: ltr;"[39m
        [33mtype[39m=[32m"range"[39m
        [33mvalue[39m=[32m"0"[39m
      [36m/>[39m

      --------------------------------------------------
      textbox:

      Name "Max File Size":
      [36m<input[39m
        [33maria-describedby[39m=[32m"_r_1f_-helper-text"[39m
        [33maria-invalid[39m=[32m"false"[39m
        [33mclass[39m=[32m"MuiInputBase-input MuiOutlinedInput-input css-1jcxi70-MuiInputBase-input-MuiOutlinedInput-input"[39m
        [33mid[39m=[32m"_r_1f_"[39m
        [33mtype[39m=[32m"text"[39m
        [33mvalue[39m=[32m"20m"[39m
      [36m/>[39m

      Name "Max Files":
      [36m<input[39m
        [33maria-describedby[39m=[32m"_r_1g_-helper-text"[39m
        [33maria-invalid[39m=[32m"false"[39m
        [33mclass[39m=[32m"MuiInputBase-input MuiOutlinedInput-input css-1jcxi70-MuiInputBase-input-MuiOutlinedInput-input"[39m
        [33mid[39m=[32m"_r_1g_"[39m
        [33mtype[39m=[32m"text"[39m
        [33mvalue[39m=[32m"30d"[39m
      [36m/>[39m

      --------------------------------------------------
      button:

      Name "Reset to Defaults":
      [36m<button[39m
        [33mclass[39m=[32m"MuiButtonBase-root MuiButton-root MuiButton-outlined MuiButton-outlinedSecondary MuiButton-sizeMedium MuiButton-outlinedSizeMedium MuiButton-colorSecondary MuiButton-root MuiButton-outlined MuiButton-outlinedSecondary MuiButton-sizeMedium MuiButton-outlinedSizeMedium MuiButton-colorSecondary css-sdxajj-MuiButtonBase-root-MuiButton-root"[39m
        [33mtabindex[39m=[32m"0"[39m
        [33mtype[39m=[32m"button"[39m
      [36m/>[39m

      Name "Save Configuration":
      [36m<button[39m
        [33mclass[39m=[32m"MuiButtonBase-root MuiButton-root MuiButton-contained MuiButton-containedPrimary MuiButton-sizeMedium MuiButton-containedSizeMedium MuiButton-colorPrimary MuiButton-root MuiButton-contained MuiButton-containedPrimary MuiButton-sizeMedium MuiButton-containedSizeMedium MuiButton-colorPrimary css-1af1981-MuiButtonBase-root-MuiButton-root"[39m
        [33mtabindex[39m=[32m"0"[39m
        [33mtype[39m=[32m"button"[39m
      [36m/>[39m

      --------------------------------------------------

    Ignored nodes: comments, script, style
    [36m<body>[39m
      [36m<div>[39m
        [36m<div[39m
          [33mclass[39m=[32m"MuiBox-root css-1wcaknn"[39m
        [36m>[39m
          [36m<div[39m
            [33mclass[39m=[32m"MuiBox-root css-4c94nt"[39m
          [36m>[39m
            [36m<div[39m
              [33manimate[39m=[32m"[object Object]"[39m
              [33minitial[39m=[32m"[object Object]"[39m
              [33mtransition[39m=[32m"[object Object]"[39m
            [36m>[39m
              [36m<h1[39m
                [33mclass[39m=[32m"MuiTypography-root MuiTypography-h3 css-1y09m9g-MuiTypography-root"[39m
              [36m>[39m
                [0mLogging Configuration[0m
              [36m</h1>[39m
              [36m<h6[39m
                [33mclass[39m=[32m"MuiTypography-root MuiTypography-subtitle1 css-nd7spj-MuiTypography-root"[39m
              [36m>[39m
                [0mAdvanced Logging System with File Rotation[0m
              [36m</h6>[39m
            [36m</div>[39m
          [36m</div>[39m
          [36m<hr[39m
            [33mclass[39m=[32m"MuiDivider-root MuiDivider-fullWidth css-1dkov3i-MuiDivider-root"[39m
          [36m/>[39m
          [36m<div[39m
            [33mclass[39m=[32m"MuiGrid-root MuiGrid-container MuiGrid-direction-xs-row MuiGrid-spacing-xs-4 css-kqg16c-MuiGrid-root"[39m
          [36m>[39m
            [36m<div[39m
              [33mclass[39m=[32m"MuiGrid-root MuiGrid-direction-xs-row MuiGrid-grid-xs-12 MuiGrid-grid-md-6 css-204a8q-MuiGrid-root"[39m
            [36m>[39m
              [36m<div[39m
                [33manimate[39m=[32m"[object Object]"[39m
                [33minitial[39m=[32m"[object Object]"[39m
                [33mtransition[39m=[32m"[object Object]"[39m
              [36m>[39m
                [36m<div[39m
                  [33mclass[39m=[32m"MuiPaper-root MuiPaper-elevation MuiPaper-rounded MuiPaper-elevation1 MuiCard-root css-n4xn9e-MuiPaper-root-MuiCard-root"[39m
                  [33mstyle[39m=[32m"--Paper-shadow: 0px 2px 1px -1px rgba(0,0,0,0.2),0px 1px 1px 0px rgba(0,0,0,0.14),0px 1px 3px 0px rgba(0,0,0,0.12);"[39m
                [36m>[39m
                  [36m<div[39m
                    [33mclass[39m=[32m"MuiCardContent-root css-1lt5qva-MuiCardContent-root"[39m
                  [36m>[39m
                    [36m<h6[39m
                      [33mclass[39m=[32m"MuiTypography-root MuiTypography-h6 MuiTypography-gutterBottom css-i7k7ai-MuiTypography-root"[39m
                    [36m>[39m
                      [0mConsole Logging[0m
                    [36m</h6>[39m
                    [36m<p[39m
                      [33mclass[39m=[32m"MuiTypography-root MuiTypography-body2 css-gdfsl6-MuiTypography-root"[39m
                    [36m>[39m
                      [0mConfigure console output logging[0m
                    [36m</p>[39m
                    [36m<div[39m
                      [33mclass[39m=[32m"MuiBox-root css-1qrecot"[39m
                    [36m>[39m
                      [36m<label[39m
                        [33mclass[39m=[32m"MuiFormControlLabel-root MuiFormControlLabel-labelPlacementEnd css-1v1gbgd-MuiFormControlLabel-root"[39m
                      [36m>[39m
                        [36m<span[39m
                          [33mclass[39m=[32m"MuiSwitch-root MuiSwitch-sizeMedium css-k3m6lw-MuiSwitch-root"[39m
                        [36m>[39m
                          [36m<span[39m
                            [33mclass[39m=[32m"MuiButtonBase-root MuiSwitch-switchBase MuiSwitch-colorPrimary Mui-checked PrivateSwitchBase-root MuiSwitch-switchBase MuiSwitch-colorPrimary Mui-checked Mui-checked css-62uhk4-MuiButtonBase-root-MuiSwitchBase-root-MuiSwitch-switchBase"[39m
                          [36m>[39m
                            [36m<input[39m
                              [33mchecked[39m=[32m""[39m
                              [33mclass[39m=[32m"PrivateSwitchBase-input MuiSwitch-input css-12xagqm-MuiSwitchBase-root"[39m
                              [33mrole[39m=[32m"switch"[39m
                              [33mtype[39m=[32m"checkbox"[39m
                            [36m/>[39m
                            [36m<span[39m
                              [33mclass[39m=[32m"MuiSwitch-thumb css-18cpvxz-MuiSwitch-thumb"[39m
                            [36m/>[39m
                          [36m</span>[39m
                          [36m<span[39m
                            [33mclass[39m=[32m"MuiSwitch-track css-tj8d99-MuiSwitch-track"[39m
                          [36m/>[39m
                        [36m</span>[39m
                        [36m<span[39m
                          [33mclass[39m=[32m"MuiTypography-root MuiTypography-body1 MuiFormControlLabel-label css-e86f8p-MuiTypography-root"[39m
                        [36m>[39m
                          [0mEnable Console Logging[0m
                        [36m</span>[39m
                      [36m</label>[39m
                      [36m<h6[39m
                        [33mclass[39m=[32m"MuiTypography-root MuiTypography-subtitle2 css-1cji1ru-MuiTypography-root"[39m
                      [36m>[39m
                        [0mConsole Log Level[0m
                      [36m</h6>[39m
                      [36m<span[39m
                        [33mclass[39m=[32m"MuiSlider-root MuiSlider-marked MuiSlider-colorPrimary MuiSlider-sizeMedium css-nzmogg-MuiSlider-root"[39m
                      [36m>[39m
                        [36m<span[39m
                          [33mclass[39m=[32m"MuiSlider-rail css-r64h58-MuiSlider-rail"[39m
                        [36m/>[39m
                        [36m<span[39m
                          [33mclass[39m=[32m"MuiSlider-track css-xvk2i-MuiSlider-track"[39m
                          [33mstyle[39m=[32m"left: 0%; width: 75%;"[39m
                        [36m/>[39m
                        [36m<span[39m
                          [33mclass[39m=[32m"MuiSlider-mark MuiSlider-markActive css-1pnw19s-MuiSlider-mark"[39m
                          [33mdata-index[39m=[32m"0"[39m
                          [33mstyle[39m=[32m"left: 0%;"[39m
                        [36m/>[39m
                        [36m<span[39m
                          [33maria-hidden[39m=[32m"true"[39m
                          [33mclass[39m=[32m"MuiSlider-markLabel MuiSlider-markLabel MuiSlider-markLabelActive css-1f05acu-MuiSlider-markLabel"[39m
                          [33mdata-index[39m=[32m"0"[39m
                          [33mstyle[39m=[32m"left: 0%;"[39m
                        [36m>[39m
                          [0merror[0m
                        [36m</span>[39m
                        [36m<span[39m
                          [33mclass[39m=[32m"MuiSlider-mark MuiSlider-markActive css-1pnw19s-MuiSlider-mark"[39m
                          [33mdata-index[39m=[32m"1"[39m
                          [33mstyle[39m=[32m"left: 25%;"[39m
                        [36m/>[39m
                        [36m<span[39m
                          [33maria-hidden[39m=[32m"true"[39m
                          [33mclass[39m=[32m"MuiSlider-markLabel MuiSlider-markLabel MuiSlider-markLabelActive css-1f05acu-MuiSlider-markLabel"[39m
                          [33mdata-index[39m=[32m"1"[39m
     ...

      141 |     renderWithThemeProvider(<LoggingSettings />);
      142 |     
    > 143 |     const checkboxes = screen.getAllByRole('checkbox');
          |                               ^
      144 |     const fileLoggingSwitch = checkboxes[1];
      145 |     fireEvent.click(fileLoggingSwitch);
      146 |     

      at Object.getElementError (node_modules/.pnpm/@testing-library+dom@10.4.1/node_modules/@testing-library/dom/dist/config.js:37:19)
      at node_modules/.pnpm/@testing-library+dom@10.4.1/node_modules/@testing-library/dom/dist/query-helpers.js:76:38
      at node_modules/.pnpm/@testing-library+dom@10.4.1/node_modules/@testing-library/dom/dist/query-helpers.js:109:15
      at Object.<anonymous> (__tests__/components/pages/LoggingSettings.test.tsx:143:31)

  ● LoggingSettings › calls updateLoggerConfig on save

    TypeError: Cannot read properties of undefined (reading 'setError')

      43 |     } catch (error) {
      44 |       console.error('Failed to update logging configuration:', error);
    > 45 |       useStore.getState().setError('Failed to update logging configuration');
         |                          ^
      46 |     }
      47 |   };
      48 |

      at handleSaveConfig (src/components/pages/LoggingSettings.tsx:45:26)
      at executeDispatch (node_modules/.pnpm/react-dom@19.2.3_react@19.2.3/node_modules/react-dom/cjs/react-dom-client.development.js:19116:9)
      at runWithFiberInDEV (node_modules/.pnpm/react-dom@19.2.3_react@19.2.3/node_modules/react-dom/cjs/react-dom-client.development.js:874:13)
      at processDispatchQueue (node_modules/.pnpm/react-dom@19.2.3_react@19.2.3/node_modules/react-dom/cjs/react-dom-client.development.js:19166:19)
      at node_modules/.pnpm/react-dom@19.2.3_react@19.2.3/node_modules/react-dom/cjs/react-dom-client.development.js:19767:9
      at batchedUpdates$1 (node_modules/.pnpm/react-dom@19.2.3_react@19.2.3/node_modules/react-dom/cjs/react-dom-client.development.js:3255:40)
      at dispatchEventForPluginEventSystem (node_modules/.pnpm/react-dom@19.2.3_react@19.2.3/node_modules/react-dom/cjs/react-dom-client.development.js:19320:7)
      at dispatchEvent (node_modules/.pnpm/react-dom@19.2.3_react@19.2.3/node_modules/react-dom/cjs/react-dom-client.development.js:23585:11)
      at dispatchDiscreteEvent (node_modules/.pnpm/react-dom@19.2.3_react@19.2.3/node_modules/react-dom/cjs/react-dom-client.development.js:23553:11)
      at HTMLDivElement.callTheUserObjectsOperation (node_modules/.pnpm/jsdom@26.1.0/node_modules/jsdom/lib/jsdom/living/generated/EventListener.js:26:30)
      at innerInvokeEventListeners (node_modules/.pnpm/jsdom@26.1.0/node_modules/jsdom/lib/jsdom/living/events/EventTarget-impl.js:350:25)
      at invokeEventListeners (node_modules/.pnpm/jsdom@26.1.0/node_modules/jsdom/lib/jsdom/living/events/EventTarget-impl.js:286:3)
      at HTMLButtonElementImpl._dispatch (node_modules/.pnpm/jsdom@26.1.0/node_modules/jsdom/lib/jsdom/living/events/EventTarget-impl.js:233:9)
      at HTMLButtonElementImpl.dispatchEvent (node_modules/.pnpm/jsdom@26.1.0/node_modules/jsdom/lib/jsdom/living/events/EventTarget-impl.js:104:17)
      at HTMLButtonElement.dispatchEvent (node_modules/.pnpm/jsdom@26.1.0/node_modules/jsdom/lib/jsdom/living/generated/EventTarget.js:241:34)
      at node_modules/.pnpm/@testing-library+dom@10.4.1/node_modules/@testing-library/dom/dist/events.js:19:20
      at node_modules/.pnpm/@testing-library+react@16.3.1_@testing-library+dom@10.4.1_@types+react-dom@19.2.3_@type_68c5b21a70acecf0fbbfd97f51128017/node_modules/@testing-library/react/dist/pure.js:107:16
      at node_modules/.pnpm/@testing-library+react@16.3.1_@testing-library+dom@10.4.1_@types+react-dom@19.2.3_@type_68c5b21a70acecf0fbbfd97f51128017/node_modules/@testing-library/react/dist/act-compat.js:47:24
      at process.env.NODE_ENV.exports.act (node_modules/.pnpm/react@19.2.3/node_modules/react/cjs/react.development.js:814:22)
      at node_modules/.pnpm/@testing-library+react@16.3.1_@testing-library+dom@10.4.1_@types+react-dom@19.2.3_@type_68c5b21a70acecf0fbbfd97f51128017/node_modules/@testing-library/react/dist/act-compat.js:46:25
      at Object.eventWrapper (node_modules/.pnpm/@testing-library+react@16.3.1_@testing-library+dom@10.4.1_@types+react-dom@19.2.3_@type_68c5b21a70acecf0fbbfd97f51128017/node_modules/@testing-library/react/dist/pure.js:106:28)
      at fireEvent (node_modules/.pnpm/@testing-library+dom@10.4.1/node_modules/@testing-library/dom/dist/events.js:12:35)
      at fireEvent.<computed> [as click] (node_modules/.pnpm/@testing-library+dom@10.4.1/node_modules/@testing-library/dom/dist/events.js:110:36)
      at fireEvent.<computed> [as click] (node_modules/.pnpm/@testing-library+react@16.3.1_@testing-library+dom@10.4.1_@types+react-dom@19.2.3_@type_68c5b21a70acecf0fbbfd97f51128017/node_modules/@testing-library/react/dist/fire-event.js:15:52)
      at Object.<anonymous> (__tests__/components/pages/LoggingSettings.test.tsx:175:15)

  ● LoggingSettings › calls updateLoggerConfig on save

    expect(jest.fn()).toHaveBeenCalledWith(...expected)

    Expected: "updateLoggerConfig", Any<Object>

    Number of calls: 0

      176 |     
      177 |     expect(updateLoggerConfig).toHaveBeenCalled();
    > 178 |     expect(sendMessage).toHaveBeenCalledWith('updateLoggerConfig', expect.any(Object));
          |                         ^
      179 |   });
      180 |
      181 |   it('resets to default configuration', () => {

      at Object.<anonymous> (__tests__/components/pages/LoggingSettings.test.tsx:178:25)

  ● LoggingSettings › resets to default configuration

    expect(jest.fn()).toHaveBeenCalledWith(...expected)

    Expected: "updateLoggerConfig", Any<Object>

    Number of calls: 0

      189 |     
      190 |     expect(updateLoggerConfig).toHaveBeenCalled();
    > 191 |     expect(sendMessage).toHaveBeenCalledWith('updateLoggerConfig', expect.any(Object));
          |                         ^
      192 |   });
      193 |
      194 |   it('shows save success log message', () => {

      at Object.<anonymous> (__tests__/components/pages/LoggingSettings.test.tsx:191:25)

  ● LoggingSettings › shows save success log message

    TypeError: Cannot read properties of undefined (reading 'setError')

      43 |     } catch (error) {
      44 |       console.error('Failed to update logging configuration:', error);
    > 45 |       useStore.getState().setError('Failed to update logging configuration');
         |                          ^
      46 |     }
      47 |   };
      48 |

      at handleSaveConfig (src/components/pages/LoggingSettings.tsx:45:26)
      at executeDispatch (node_modules/.pnpm/react-dom@19.2.3_react@19.2.3/node_modules/react-dom/cjs/react-dom-client.development.js:19116:9)
      at runWithFiberInDEV (node_modules/.pnpm/react-dom@19.2.3_react@19.2.3/node_modules/react-dom/cjs/react-dom-client.development.js:874:13)
      at processDispatchQueue (node_modules/.pnpm/react-dom@19.2.3_react@19.2.3/node_modules/react-dom/cjs/react-dom-client.development.js:19166:19)
      at node_modules/.pnpm/react-dom@19.2.3_react@19.2.3/node_modules/react-dom/cjs/react-dom-client.development.js:19767:9
      at batchedUpdates$1 (node_modules/.pnpm/react-dom@19.2.3_react@19.2.3/node_modules/react-dom/cjs/react-dom-client.development.js:3255:40)
      at dispatchEventForPluginEventSystem (node_modules/.pnpm/react-dom@19.2.3_react@19.2.3/node_modules/react-dom/cjs/react-dom-client.development.js:19320:7)
      at dispatchEvent (node_modules/.pnpm/react-dom@19.2.3_react@19.2.3/node_modules/react-dom/cjs/react-dom-client.development.js:23585:11)
      at dispatchDiscreteEvent (node_modules/.pnpm/react-dom@19.2.3_react@19.2.3/node_modules/react-dom/cjs/react-dom-client.development.js:23553:11)
      at HTMLDivElement.callTheUserObjectsOperation (node_modules/.pnpm/jsdom@26.1.0/node_modules/jsdom/lib/jsdom/living/generated/EventListener.js:26:30)
      at innerInvokeEventListeners (node_modules/.pnpm/jsdom@26.1.0/node_modules/jsdom/lib/jsdom/living/events/EventTarget-impl.js:350:25)
      at invokeEventListeners (node_modules/.pnpm/jsdom@26.1.0/node_modules/jsdom/lib/jsdom/living/events/EventTarget-impl.js:286:3)
      at HTMLButtonElementImpl._dispatch (node_modules/.pnpm/jsdom@26.1.0/node_modules/jsdom/lib/jsdom/living/events/EventTarget-impl.js:233:9)
      at HTMLButtonElementImpl.dispatchEvent (node_modules/.pnpm/jsdom@26.1.0/node_modules/jsdom/lib/jsdom/living/events/EventTarget-impl.js:104:17)
      at HTMLButtonElement.dispatchEvent (node_modules/.pnpm/jsdom@26.1.0/node_modules/jsdom/lib/jsdom/living/generated/EventTarget.js:241:34)
      at node_modules/.pnpm/@testing-library+dom@10.4.1/node_modules/@testing-library/dom/dist/events.js:19:20
      at node_modules/.pnpm/@testing-library+react@16.3.1_@testing-library+dom@10.4.1_@types+react-dom@19.2.3_@type_68c5b21a70acecf0fbbfd97f51128017/node_modules/@testing-library/react/dist/pure.js:107:16
      at node_modules/.pnpm/@testing-library+react@16.3.1_@testing-library+dom@10.4.1_@types+react-dom@19.2.3_@type_68c5b21a70acecf0fbbfd97f51128017/node_modules/@testing-library/react/dist/act-compat.js:47:24
      at process.env.NODE_ENV.exports.act (node_modules/.pnpm/react@19.2.3/node_modules/react/cjs/react.development.js:814:22)
      at node_modules/.pnpm/@testing-library+react@16.3.1_@testing-library+dom@10.4.1_@types+react-dom@19.2.3_@type_68c5b21a70acecf0fbbfd97f51128017/node_modules/@testing-library/react/dist/act-compat.js:46:25
      at Object.eventWrapper (node_modules/.pnpm/@testing-library+react@16.3.1_@testing-library+dom@10.4.1_@types+react-dom@19.2.3_@type_68c5b21a70acecf0fbbfd97f51128017/node_modules/@testing-library/react/dist/pure.js:106:28)
      at fireEvent (node_modules/.pnpm/@testing-library+dom@10.4.1/node_modules/@testing-library/dom/dist/events.js:12:35)
      at fireEvent.<computed> [as click] (node_modules/.pnpm/@testing-library+dom@10.4.1/node_modules/@testing-library/dom/dist/events.js:110:36)
      at fireEvent.<computed> [as click] (node_modules/.pnpm/@testing-library+react@16.3.1_@testing-library+dom@10.4.1_@types+react-dom@19.2.3_@type_68c5b21a70acecf0fbbfd97f51128017/node_modules/@testing-library/react/dist/fire-event.js:15:52)
      at Object.<anonymous> (__tests__/components/pages/LoggingSettings.test.tsx:198:15)

  ● LoggingSettings › shows save success log message

    expect(jest.fn()).toHaveBeenCalledWith(...expected)

    Expected: "Logging configuration updated successfully"

    Number of calls: 0

      198 |     fireEvent.click(saveButton);
      199 |     
    > 200 |     expect(console.log).toHaveBeenCalledWith('Logging configuration updated successfully');
          |                         ^
      201 |   });
      202 |
      203 |   it('handles save error', () => {

      at Object.<anonymous> (__tests__/components/pages/LoggingSettings.test.tsx:200:25)

  ● LoggingSettings › handles save error

    TypeError: Cannot read properties of undefined (reading 'setError')

      43 |     } catch (error) {
      44 |       console.error('Failed to update logging configuration:', error);
    > 45 |       useStore.getState().setError('Failed to update logging configuration');
         |                          ^
      46 |     }
      47 |   };
      48 |

      at handleSaveConfig (src/components/pages/LoggingSettings.tsx:45:26)
      at executeDispatch (node_modules/.pnpm/react-dom@19.2.3_react@19.2.3/node_modules/react-dom/cjs/react-dom-client.development.js:19116:9)
      at runWithFiberInDEV (node_modules/.pnpm/react-dom@19.2.3_react@19.2.3/node_modules/react-dom/cjs/react-dom-client.development.js:874:13)
      at processDispatchQueue (node_modules/.pnpm/react-dom@19.2.3_react@19.2.3/node_modules/react-dom/cjs/react-dom-client.development.js:19166:19)
      at node_modules/.pnpm/react-dom@19.2.3_react@19.2.3/node_modules/react-dom/cjs/react-dom-client.development.js:19767:9
      at batchedUpdates$1 (node_modules/.pnpm/react-dom@19.2.3_react@19.2.3/node_modules/react-dom/cjs/react-dom-client.development.js:3255:40)
      at dispatchEventForPluginEventSystem (node_modules/.pnpm/react-dom@19.2.3_react@19.2.3/node_modules/react-dom/cjs/react-dom-client.development.js:19320:7)
      at dispatchEvent (node_modules/.pnpm/react-dom@19.2.3_react@19.2.3/node_modules/react-dom/cjs/react-dom-client.development.js:23585:11)
      at dispatchDiscreteEvent (node_modules/.pnpm/react-dom@19.2.3_react@19.2.3/node_modules/react-dom/cjs/react-dom-client.development.js:23553:11)
      at HTMLDivElement.callTheUserObjectsOperation (node_modules/.pnpm/jsdom@26.1.0/node_modules/jsdom/lib/jsdom/living/generated/EventListener.js:26:30)
      at innerInvokeEventListeners (node_modules/.pnpm/jsdom@26.1.0/node_modules/jsdom/lib/jsdom/living/events/EventTarget-impl.js:350:25)
      at invokeEventListeners (node_modules/.pnpm/jsdom@26.1.0/node_modules/jsdom/lib/jsdom/living/events/EventTarget-impl.js:286:3)
      at HTMLButtonElementImpl._dispatch (node_modules/.pnpm/jsdom@26.1.0/node_modules/jsdom/lib/jsdom/living/events/EventTarget-impl.js:233:9)
      at HTMLButtonElementImpl.dispatchEvent (node_modules/.pnpm/jsdom@26.1.0/node_modules/jsdom/lib/jsdom/living/events/EventTarget-impl.js:104:17)
      at HTMLButtonElement.dispatchEvent (node_modules/.pnpm/jsdom@26.1.0/node_modules/jsdom/lib/jsdom/living/generated/EventTarget.js:241:34)
      at node_modules/.pnpm/@testing-library+dom@10.4.1/node_modules/@testing-library/dom/dist/events.js:19:20
      at node_modules/.pnpm/@testing-library+react@16.3.1_@testing-library+dom@10.4.1_@types+react-dom@19.2.3_@type_68c5b21a70acecf0fbbfd97f51128017/node_modules/@testing-library/react/dist/pure.js:107:16
      at node_modules/.pnpm/@testing-library+react@16.3.1_@testing-library+dom@10.4.1_@types+react-dom@19.2.3_@type_68c5b21a70acecf0fbbfd97f51128017/node_modules/@testing-library/react/dist/act-compat.js:47:24
      at process.env.NODE_ENV.exports.act (node_modules/.pnpm/react@19.2.3/node_modules/react/cjs/react.development.js:814:22)
      at node_modules/.pnpm/@testing-library+react@16.3.1_@testing-library+dom@10.4.1_@types+react-dom@19.2.3_@type_68c5b21a70acecf0fbbfd97f51128017/node_modules/@testing-library/react/dist/act-compat.js:46:25
      at Object.eventWrapper (node_modules/.pnpm/@testing-library+react@16.3.1_@testing-library+dom@10.4.1_@types+react-dom@19.2.3_@type_68c5b21a70acecf0fbbfd97f51128017/node_modules/@testing-library/react/dist/pure.js:106:28)
      at fireEvent (node_modules/.pnpm/@testing-library+dom@10.4.1/node_modules/@testing-library/dom/dist/events.js:12:35)
      at fireEvent.<computed> [as click] (node_modules/.pnpm/@testing-library+dom@10.4.1/node_modules/@testing-library/dom/dist/events.js:110:36)
      at fireEvent.<computed> [as click] (node_modules/.pnpm/@testing-library+react@16.3.1_@testing-library+dom@10.4.1_@types+react-dom@19.2.3_@type_68c5b21a70acecf0fbbfd97f51128017/node_modules/@testing-library/react/dist/fire-event.js:15:52)
      at Object.<anonymous> (__tests__/components/pages/LoggingSettings.test.tsx:212:15)

  ● LoggingSettings › handles save error

    expect(jest.fn()).toHaveBeenCalledWith(...expected)

    Expected: "Failed to update logging configuration"

    Number of calls: 0

      213 |     
      214 |     expect(console.error).toHaveBeenCalled();
    > 215 |     expect(mockStore.getState().setError).toHaveBeenCalledWith('Failed to update logging configuration');
          |                                           ^
      216 |   });
      217 |
      218 |   it('displays all log level marks', () => {

      at Object.<anonymous> (__tests__/components/pages/LoggingSettings.test.tsx:215:43)

  ● LoggingSettings › displays all log level marks

    TestingLibraryElementError: Found multiple elements with the text: error

    Here are the matching elements:

    Ignored nodes: comments, script, style
    [36m<span[39m
      [33maria-hidden[39m=[32m"true"[39m
      [33mclass[39m=[32m"MuiSlider-markLabel MuiSlider-markLabel MuiSlider-markLabelActive css-1f05acu-MuiSlider-markLabel"[39m
      [33mdata-index[39m=[32m"0"[39m
      [33mstyle[39m=[32m"left: 0%;"[39m
    [36m>[39m
      [0merror[0m
    [36m</span>[39m

    Ignored nodes: comments, script, style
    [36m<span[39m
      [33maria-hidden[39m=[32m"true"[39m
      [33mclass[39m=[32m"MuiSlider-markLabel MuiSlider-markLabel MuiSlider-markLabelActive css-1f05acu-MuiSlider-markLabel"[39m
      [33mdata-index[39m=[32m"0"[39m
      [33mstyle[39m=[32m"left: 0%;"[39m
    [36m>[39m
      [0merror[0m
    [36m</span>[39m

    Ignored nodes: comments, script, style
    [36m<span[39m
      [33maria-hidden[39m=[32m"true"[39m
      [33mclass[39m=[32m"MuiSlider-markLabel MuiSlider-markLabel MuiSlider-markLabelActive css-1f05acu-MuiSlider-markLabel"[39m
      [33mdata-index[39m=[32m"0"[39m
      [33mstyle[39m=[32m"left: 0%;"[39m
    [36m>[39m
      [0merror[0m
    [36m</span>[39m

    Ignored nodes: comments, script, style
    [36m<span[39m
      [33mclass[39m=[32m"MuiSlider-valueLabelLabel"[39m
    [36m>[39m
      [0merror[0m
    [36m</span>[39m

    Ignored nodes: comments, script, style
    [36m<span[39m
      [33mclass[39m=[32m"MuiChip-label MuiChip-labelSmall css-eccknh-MuiChip-label"[39m
    [36m>[39m
      [0merror[0m
    [36m</span>[39m

    (If this is intentional, then use the `*AllBy*` variant of the query (like `queryAllByText`, `getAllByText`, or `findAllByText`)).

    Ignored nodes: comments, script, style
    [36m<body>[39m
      [36m<div>[39m
        [36m<div[39m
          [33mclass[39m=[32m"MuiBox-root css-1wcaknn"[39m
        [36m>[39m
          [36m<div[39m
            [33mclass[39m=[32m"MuiBox-root css-4c94nt"[39m
          [36m>[39m
            [36m<div[39m
              [33manimate[39m=[32m"[object Object]"[39m
              [33minitial[39m=[32m"[object Object]"[39m
              [33mtransition[39m=[32m"[object Object]"[39m
            [36m>[39m
              [36m<h1[39m
                [33mclass[39m=[32m"MuiTypography-root MuiTypography-h3 css-1y09m9g-MuiTypography-root"[39m
              [36m>[39m
                [0mLogging Configuration[0m
              [36m</h1>[39m
              [36m<h6[39m
                [33mclass[39m=[32m"MuiTypography-root MuiTypography-subtitle1 css-nd7spj-MuiTypography-root"[39m
              [36m>[39m
                [0mAdvanced Logging System with File Rotation[0m
              [36m</h6>[39m
            [36m</div>[39m
          [36m</div>[39m
          [36m<hr[39m
            [33mclass[39m=[32m"MuiDivider-root MuiDivider-fullWidth css-1dkov3i-MuiDivider-root"[39m
          [36m/>[39m
          [36m<div[39m
            [33mclass[39m=[32m"MuiGrid-root MuiGrid-container MuiGrid-direction-xs-row MuiGrid-spacing-xs-4 css-kqg16c-MuiGrid-root"[39m
          [36m>[39m
            [36m<div[39m
              [33mclass[39m=[32m"MuiGrid-root MuiGrid-direction-xs-row MuiGrid-grid-xs-12 MuiGrid-grid-md-6 css-204a8q-MuiGrid-root"[39m
            [36m>[39m
              [36m<div[39m
                [33manimate[39m=[32m"[object Object]"[39m
                [33minitial[39m=[32m"[object Object]"[39m
                [33mtransition[39m=[32m"[object Object]"[39m
              [36m>[39m
                [36m<div[39m
                  [33mclass[39m=[32m"MuiPaper-root MuiPaper-elevation MuiPaper-rounded MuiPaper-elevation1 MuiCard-root css-n4xn9e-MuiPaper-root-MuiCard-root"[39m
                  [33mstyle[39m=[32m"--Paper-shadow: 0px 2px 1px -1px rgba(0,0,0,0.2),0px 1px 1px 0px rgba(0,0,0,0.14),0px 1px 3px 0px rgba(0,0,0,0.12);"[39m
                [36m>[39m
                  [36m<div[39m
                    [33mclass[39m=[32m"MuiCardContent-root css-1lt5qva-MuiCardContent-root"[39m
                  [36m>[39m
                    [36m<h6[39m
                      [33mclass[39m=[32m"MuiTypography-root MuiTypography-h6 MuiTypography-gutterBottom css-i7k7ai-MuiTypography-root"[39m
                    [36m>[39m
                      [0mConsole Logging[0m
                    [36m</h6>[39m
                    [36m<p[39m
                      [33mclass[39m=[32m"MuiTypography-root MuiTypography-body2 css-gdfsl6-MuiTypography-root"[39m
                    [36m>[39m
                      [0mConfigure console output logging[0m
                    [36m</p>[39m
                    [36m<div[39m
                      [33mclass[39m=[32m"MuiBox-root css-1qrecot"[39m
                    [36m>[39m
                      [36m<label[39m
                        [33mclass[39m=[32m"MuiFormControlLabel-root MuiFormControlLabel-labelPlacementEnd css-1v1gbgd-MuiFormControlLabel-root"[39m
                      [36m>[39m
                        [36m<span[39m
                          [33mclass[39m=[32m"MuiSwitch-root MuiSwitch-sizeMedium css-k3m6lw-MuiSwitch-root"[39m
                        [36m>[39m
                          [36m<span[39m
                            [33mclass[39m=[32m"MuiButtonBase-root MuiSwitch-switchBase MuiSwitch-colorPrimary Mui-checked PrivateSwitchBase-root MuiSwitch-switchBase MuiSwitch-colorPrimary Mui-checked Mui-checked css-62uhk4-MuiButtonBase-root-MuiSwitchBase-root-MuiSwitch-switchBase"[39m
                          [36m>[39m
                            [36m<input[39m
                              [33mchecked[39m=[32m""[39m
                              [33mclass[39m=[32m"PrivateSwitchBase-input MuiSwitch-input css-12xagqm-MuiSwitchBase-root"[39m
                              [33mrole[39m=[32m"switch"[39m
                              [33mtype[39m=[32m"checkbox"[39m
                            [36m/>[39m
                            [36m<span[39m
                              [33mclass[39m=[32m"MuiSwitch-thumb css-18cpvxz-MuiSwitch-thumb"[39m
                            [36m/>[39m
                          [36m</span>[39m
                          [36m<span[39m
                            [33mclass[39m=[32m"MuiSwitch-track css-tj8d99-MuiSwitch-track"[39m
                          [36m/>[39m
                        [36m</span>[39m
                        [36m<span[39m
                          [33mclass[39m=[32m"MuiTypography-root MuiTypography-body1 MuiFormControlLabel-label css-e86f8p-MuiTypography-root"[39m
                        [36m>[39m
                          [0mEnable Console Logging[0m
                        [36m</span>[39m
                      [36m</label>[39m
                      [36m<h6[39m
                        [33mclass[39m=[32m"MuiTypography-root MuiTypography-subtitle2 css-1cji1ru-MuiTypography-root"[39m
                      [36m>[39m
                        [0mConsole Log Level[0m
                      [36m</h6>[39m
                      [36m<span[39m
                        [33mclass[39m=[32m"MuiSlider-root MuiSlider-marked MuiSlider-colorPrimary MuiSlider-sizeMedium css-nzmogg-MuiSlider-root"[39m
                      [36m>[39m
                        [36m<span[39m
                          [33mclass[39m=[32m"MuiSlider-rail css-r64h58-MuiSlider-rail"[39m
                        [36m/>[39m
                        [36m<span[39m
                          [33mclass[39m=[32m"MuiSlider-track css-xvk2i-MuiSlider-track"[39m
                          [33mstyle[39m=[32m"left: 0%; width: 75%;"[39m
                        [36m/>[39m
                        [36m<span[39m
                          [33mclass[39m=[32m"MuiSlider-mark MuiSlider-markActive css-1pnw19s-MuiSlider-mark"[39m
                          [33mdata-index[39m=[32m"0"[39m
                          [33mstyle[39m=[32m"left: 0%;"[39m
                        [36m/>[39m
                        [36m<span[39m
                          [33maria-hidden[39m=[32m"true"[39m
                          [33mclass[39m=[32m"MuiSlider-markLabel MuiSlider-markLabel MuiSlider-markLabelActive css-1f05acu-MuiSlider-markLabel"[39m
                          [33mdata-index[39m=[32m"0"[39m
                          [33mstyle[39m=[32m"left: 0%;"[39m
                        [36m>[39m
                          [0merror[0m
                        [36m</span>[39m
                        [36m<span[39m
                          [33mclass[39m=[32m"MuiSlider-mark MuiSlider-markActive css-1pnw19s-MuiSlider-mark"[39m
                          [33mdata-index[39m=[32m"1"[39m
                          [33mstyle[39m=[32m"left: 25%;"[39m
                        [36m/>[39m
                        [36m<span[39m
                          [33maria-hidden[39m=[32m"true"[39m
                          [33mclass[39m=[32m"MuiSlider-markLabel MuiSlider-markLabel MuiSlider-markLabelActive css-1f05acu-MuiSlider-markLabel"[39m
                          [33mdata-index[39m=[32m"1"[39m
     ...

      219 |     renderWithThemeProvider(<LoggingSettings />);
      220 |     
    > 221 |     expect(screen.getByText('error')).toBeInTheDocument();
          |                   ^
      222 |     expect(screen.getByText('warn')).toBeInTheDocument();
      223 |     expect(screen.getByText('info')).toBeInTheDocument();
      224 |     expect(screen.getByText('debug')).toBeInTheDocument();

      at Object.getElementError (node_modules/.pnpm/@testing-library+dom@10.4.1/node_modules/@testing-library/dom/dist/config.js:37:19)
      at getElementError (node_modules/.pnpm/@testing-library+dom@10.4.1/node_modules/@testing-library/dom/dist/query-helpers.js:20:35)
      at getMultipleElementsFoundError (node_modules/.pnpm/@testing-library+dom@10.4.1/node_modules/@testing-library/dom/dist/query-helpers.js:23:10)
      at node_modules/.pnpm/@testing-library+dom@10.4.1/node_modules/@testing-library/dom/dist/query-helpers.js:55:13
      at node_modules/.pnpm/@testing-library+dom@10.4.1/node_modules/@testing-library/dom/dist/query-helpers.js:95:19
      at Object.<anonymous> (__tests__/components/pages/LoggingSettings.test.tsx:221:19)

FAIL src/config/app.config.test.ts
  ● AppConfig › Basic Structure › should be a const object (frozen properties)

    expect(received).toBe(expected) // Object.is equality

    Expected: true
    Received: false

      28 |
      29 |     it("should be a const object (frozen properties)", () => {
    > 30 |       expect(Object.isFrozen(APP_CONFIG)).toBe(true);
         |                                           ^
      31 |     });
      32 |   });
      33 |

      at Object.<anonymous> (src/config/app.config.test.ts:30:43)

  ● AppConfig › API Configuration › should use default baseUrl when NEXT_PUBLIC_API_URL is not set

    Cannot find module '../app.config' from 'src/config/app.config.test.ts'

      56 |       // Note: Since APP_CONFIG is evaluated at import time, we need to re-import
      57 |       jest.resetModules();
    > 58 |       const { APP_CONFIG: reloadedConfig } = require("../app.config");
         |                                              ^
      59 |       expect(reloadedConfig.api.baseUrl).toBe("http://localhost:3000");
      60 |     });
      61 |

      at Resolver._throwModNotFoundError (node_modules/.pnpm/jest-resolve@30.2.0/node_modules/jest-resolve/build/index.js:863:11)
      at Object.<anonymous> (src/config/app.config.test.ts:58:46)

  ● AppConfig › API Configuration › should use custom baseUrl from NEXT_PUBLIC_API_URL

    Cannot find module '../app.config' from 'src/config/app.config.test.ts'

      63 |       process.env.NEXT_PUBLIC_API_URL = "https://api.example.com";
      64 |       jest.resetModules();
    > 65 |       const { APP_CONFIG: reloadedConfig } = require("../app.config");
         |                                              ^
      66 |       expect(reloadedConfig.api.baseUrl).toBe("https://api.example.com");
      67 |     });
      68 |

      at Resolver._throwModNotFoundError (node_modules/.pnpm/jest-resolve@30.2.0/node_modules/jest-resolve/build/index.js:863:11)
      at Object.<anonymous> (src/config/app.config.test.ts:65:46)

  ● AppConfig › API Configuration › should use default websocketUrl when NEXT_PUBLIC_WS_URL is not set

    Cannot find module '../app.config' from 'src/config/app.config.test.ts'

      70 |       delete process.env.NEXT_PUBLIC_WS_URL;
      71 |       jest.resetModules();
    > 72 |       const { APP_CONFIG: reloadedConfig } = require("../app.config");
         |                                              ^
      73 |       expect(reloadedConfig.api.websocketUrl).toBe("ws://localhost:3000");
      74 |     });
      75 |

      at Resolver._throwModNotFoundError (node_modules/.pnpm/jest-resolve@30.2.0/node_modules/jest-resolve/build/index.js:863:11)
      at Object.<anonymous> (src/config/app.config.test.ts:72:46)

  ● AppConfig › API Configuration › should use custom websocketUrl from NEXT_PUBLIC_WS_URL

    Cannot find module '../app.config' from 'src/config/app.config.test.ts'

      77 |       process.env.NEXT_PUBLIC_WS_URL = "wss://ws.example.com";
      78 |       jest.resetModules();
    > 79 |       const { APP_CONFIG: reloadedConfig } = require("../app.config");
         |                                              ^
      80 |       expect(reloadedConfig.api.websocketUrl).toBe("wss://ws.example.com");
      81 |     });
      82 |

      at Resolver._throwModNotFoundError (node_modules/.pnpm/jest-resolve@30.2.0/node_modules/jest-resolve/build/index.js:863:11)
      at Object.<anonymous> (src/config/app.config.test.ts:79:46)

  ● AppConfig › Sentry Configuration › should have empty DSN by default

    Cannot find module '../app.config' from 'src/config/app.config.test.ts'

      152 |       delete process.env.NEXT_PUBLIC_SENTRY_DSN;
      153 |       jest.resetModules();
    > 154 |       const { APP_CONFIG: reloadedConfig } = require("../app.config");
          |                                              ^
      155 |       expect(reloadedConfig.sentry.dsn).toBe("");
      156 |     });
      157 |

      at Resolver._throwModNotFoundError (node_modules/.pnpm/jest-resolve@30.2.0/node_modules/jest-resolve/build/index.js:863:11)
      at Object.<anonymous> (src/config/app.config.test.ts:154:46)

  ● AppConfig › Sentry Configuration › should use custom DSN from NEXT_PUBLIC_SENTRY_DSN

    Cannot find module '../app.config' from 'src/config/app.config.test.ts'

      159 |       process.env.NEXT_PUBLIC_SENTRY_DSN = "https://sentry.example.com/dsn";
      160 |       jest.resetModules();
    > 161 |       const { APP_CONFIG: reloadedConfig } = require("../app.config");
          |                                              ^
      162 |       expect(reloadedConfig.sentry.dsn).toBe("https://sentry.example.com/dsn");
      163 |     });
      164 |

      at Resolver._throwModNotFoundError (node_modules/.pnpm/jest-resolve@30.2.0/node_modules/jest-resolve/build/index.js:863:11)
      at Object.<anonymous> (src/config/app.config.test.ts:161:46)

  ● AppConfig › Sentry Configuration › should use development environment by default

    Cannot find module '../app.config' from 'src/config/app.config.test.ts'

      166 |       delete process.env.NODE_ENV;
      167 |       jest.resetModules();
    > 168 |       const { APP_CONFIG: reloadedConfig } = require("../app.config");
          |                                              ^
      169 |       expect(reloadedConfig.sentry.environment).toBe("development");
      170 |     });
      171 |

      at Resolver._throwModNotFoundError (node_modules/.pnpm/jest-resolve@30.2.0/node_modules/jest-resolve/build/index.js:863:11)
      at Object.<anonymous> (src/config/app.config.test.ts:168:46)

  ● AppConfig › Sentry Configuration › should use production environment when NODE_ENV is production

    Cannot find module '../app.config' from 'src/config/app.config.test.ts'

      173 |       process.env.NODE_ENV = "production";
      174 |       jest.resetModules();
    > 175 |       const { APP_CONFIG: reloadedConfig } = require("../app.config");
          |                                              ^
      176 |       expect(reloadedConfig.sentry.environment).toBe("production");
      177 |     });
      178 |

      at Resolver._throwModNotFoundError (node_modules/.pnpm/jest-resolve@30.2.0/node_modules/jest-resolve/build/index.js:863:11)
      at Object.<anonymous> (src/config/app.config.test.ts:175:46)

  ● AppConfig › Immutability › should not allow modification of config values

    expect(received).toThrow()

    Received function did not throw

      185 |     it("should not allow modification of config values", () => {
      186 |       // @ts-expect-error - Testing immutability
    > 187 |       expect(() => { APP_CONFIG.name = "Modified"; }).toThrow();
          |                                                       ^
      188 |     });
      189 |   });
      190 |

      at Object.<anonymous> (src/config/app.config.test.ts:187:55)

FAIL src/lib/__tests__/ollama.test.ts
  ● ollama › listModels › should fetch and return models from Ollama API

    TypeError: Cannot read properties of undefined (reading 'get')

      13 |  */
      14 | export async function listModels() {
    > 15 |   const response = await api.get('/api/tags');
         |                              ^
      16 |   return response.data;
      17 | }
      18 |

      at listModels (src/lib/ollama.ts:15:30)
      at Object.<anonymous> (src/lib/__tests__/ollama.test.ts:26:38)

  ● ollama › listModels › should use custom OLLAMA_HOST if set in environment

    expect(jest.fn()).toHaveBeenCalledWith(...expected)

    Expected: ObjectContaining {"baseURL": "http://custom-host:11435", "timeout": 30000}

    Number of calls: 0

      37 |       } as any);
      38 |
    > 39 |       expect(mockedAxios.create).toHaveBeenCalledWith(
         |                                  ^
      40 |         expect.objectContaining({
      41 |           baseURL: 'http://custom-host:11435',
      42 |           timeout: 30000,

      at Object.<anonymous> (src/lib/__tests__/ollama.test.ts:39:34)

  ● ollama › listModels › should use default localhost URL when OLLAMA_HOST is not set

    expect(jest.fn()).toHaveBeenCalledWith(...expected)

    Expected: ObjectContaining {"baseURL": "http://localhost:11434", "timeout": 30000}

    Number of calls: 0

      55 |       } as any);
      56 |
    > 57 |       expect(mockedAxios.create).toHaveBeenCalledWith(
         |                                  ^
      58 |         expect.objectContaining({
      59 |           baseURL: 'http://localhost:11434',
      60 |           timeout: 30000,

      at Object.<anonymous> (src/lib/__tests__/ollama.test.ts:57:34)

  ● ollama › pullModel › should pull a model and return response

    TypeError: Cannot read properties of undefined (reading 'post')

      22 |  */
      23 | export async function pullModel(name: string) {
    > 24 |   const response = await api.post('/api/pull', { name });
         |                              ^
      25 |   return response.data;
      26 | }
      27 |

      at pullModel (src/lib/ollama.ts:24:30)
      at Object.<anonymous> (src/lib/__tests__/ollama.test.ts:83:37)

  ● ollama › pullModel › should send model name in request body

    TypeError: Cannot read properties of undefined (reading 'post')

      22 |  */
      23 | export async function pullModel(name: string) {
    > 24 |   const response = await api.post('/api/pull', { name });
         |                              ^
      25 |   return response.data;
      26 | }
      27 |

      at pullModel (src/lib/ollama.ts:24:30)
      at Object.<anonymous> (src/lib/__tests__/ollama.test.ts:95:22)

  ● ollama › stopModel › should stop a model and return response

    TypeError: Cannot read properties of undefined (reading 'post')

      31 |  */
      32 | export async function stopModel(name: string) {
    > 33 |   const response = await api.post(`/api/models/${encodeURIComponent(name)}/stop`);
         |                              ^
      34 |   return response.data;
      35 | }
      36 |

      at stopModel (src/lib/ollama.ts:33:30)
      at Object.<anonymous> (src/lib/__tests__/ollama.test.ts:111:37)

  ● ollama › stopModel › should URL encode model name in request path

    TypeError: Cannot read properties of undefined (reading 'post')

      31 |  */
      32 | export async function stopModel(name: string) {
    > 33 |   const response = await api.post(`/api/models/${encodeURIComponent(name)}/stop`);
         |                              ^
      34 |   return response.data;
      35 | }
      36 |

      at stopModel (src/lib/ollama.ts:33:30)
      at Object.<anonymous> (src/lib/__tests__/ollama.test.ts:123:22)

  ● ollama › ensureModel › should return present status when model already exists

    TypeError: Cannot read properties of undefined (reading 'get')

      13 |  */
      14 | export async function listModels() {
    > 15 |   const response = await api.get('/api/tags');
         |                              ^
      16 |   return response.data;
      17 | }
      18 |

      at listModels (src/lib/ollama.ts:15:30)
      at ensureModel (src/lib/ollama.ts:43:22)
      at Object.<anonymous> (src/lib/__tests__/ollama.test.ts:146:39)

  ● ollama › ensureModel › should pull model when it does not exist

    TypeError: Cannot read properties of undefined (reading 'get')

      13 |  */
      14 | export async function listModels() {
    > 15 |   const response = await api.get('/api/tags');
         |                              ^
      16 |   return response.data;
      17 | }
      18 |

      at listModels (src/lib/ollama.ts:15:30)
      at ensureModel (src/lib/ollama.ts:43:22)
      at Object.<anonymous> (src/lib/__tests__/ollama.test.ts:169:39)

  ● ollama › ensureModel › should handle empty models list

    TypeError: Cannot read properties of undefined (reading 'get')

      13 |  */
      14 | export async function listModels() {
    > 15 |   const response = await api.get('/api/tags');
         |                              ^
      16 |   return response.data;
      17 | }
      18 |

      at listModels (src/lib/ollama.ts:15:30)
      at ensureModel (src/lib/ollama.ts:43:22)
      at Object.<anonymous> (src/lib/__tests__/ollama.test.ts:189:39)

FAIL __tests__/utils/analytics.test.ts
  ● analytics › trackEvent › should capture metrics on event

    ReferenceError: analytics is not defined

      23 |       mockCaptureMetrics.mockResolvedValue(undefined);
      24 |
    > 25 |       const result = analytics.trackEvent('model_loaded', {
         |                      ^
      26 |         modelId: 'model1',
      27 |         loadTime: 500,
      28 |       });

      at Object.<anonymous> (__tests__/utils/analytics.test.ts:25:22)

  ● analytics › trackEvent › should track page view

    ReferenceError: analytics is not defined

      33 |
      34 |     it('should track page view', () => {
    > 35 |       analytics.trackPageView('/dashboard');
         |       ^
      36 |
      37 |       const lastCapture = mockCaptureMetrics.mock.calls[mockCaptureMetrics.mock.calls.length - 1];
      38 |       expect(lastCapture).toContainEqual('/dashboard');

      at Object.<anonymous> (__tests__/utils/analytics.test.ts:35:7)

  ● analytics › trackEvent › should track user action

    ReferenceError: analytics is not defined

      46 |       };
      47 |
    > 48 |       analytics.trackUserAction('button_click', actionData);
         |       ^
      49 |
      50 |       const lastCapture = mockCaptureMetrics.mock.calls[mockCaptureMetrics.mock.calls.length - 1];
      51 |       expect(lastCapture[0]).toContain('button_click');

      at Object.<anonymous> (__tests__/utils/analytics.test.ts:48:7)

  ● analytics › trackEvent › should track error

    ReferenceError: analytics is not defined

      62 |       };
      63 |
    > 64 |       analytics.trackError('model_load_failed', 'Failed to load model', errorDetails);
         |       ^
      65 |
      66 |       const lastCapture = mockCaptureMetrics.mock.calls[mockCaptureMetrics.mock.calls.length - 1];
      67 |       expect(lastCapture[0]).toBe('error');

      at Object.<anonymous> (__tests__/utils/analytics.test.ts:64:7)

  ● analytics › trackPageView › should capture page view with path and referrer

    ReferenceError: analytics is not defined

      75 |       mockCaptureMetrics.mockResolvedValue(undefined);
      76 |
    > 77 |       analytics.trackPageView('/settings', '/dashboard');
         |       ^
      78 |
      79 |       const lastCapture = mockCaptureMetrics.mock.calls[mockCaptureMetrics.mock.calls.length - 1];
      80 |       expect(lastCapture).toContainEqual('/settings');

      at Object.<anonymous> (__tests__/utils/analytics.test.ts:77:7)

  ● analytics › trackPageView › should capture page view with additional data

    ReferenceError: analytics is not defined

      90 |       mockCaptureMetrics.mockResolvedValue(undefined);
      91 |
    > 92 |       analytics.trackPageView('/dashboard', '/models', pageData);
         |       ^
      93 |
      94 |       const lastCapture = mockCaptureMetrics.mock.calls[mockCaptureMetrics.mock.calls.length - 1];
      95 |       expect(lastCapture).toContain('/dashboard');

      at Object.<anonymous> (__tests__/utils/analytics.test.ts:92:7)

  ● analytics › trackUserAction › should track button clicks

    ReferenceError: analytics is not defined

      108 |       };
      109 |
    > 110 |       analytics.trackUserAction('button_click', actionData);
          |       ^
      111 |
      112 |       const lastCapture = mockCaptureMetrics.mock.calls[mockCaptureMetrics.mock.calls.length - 1];
      113 |       expect(lastCapture[0]).toBe('button_click');

      at Object.<anonymous> (__tests__/utils/analytics.test.ts:110:7)

  ● analytics › trackUserAction › should track menu actions

    ReferenceError: analytics is not defined

      118 |       mockCaptureMetrics.mockResolvedValue(undefined);
      119 |
    > 120 |       analytics.trackUserAction('menu_open', {
          |       ^
      121 |         menuId: 'settings',
      122 |         menuSection: 'general',
      123 |       });

      at Object.<anonymous> (__tests__/utils/analytics.test.ts:120:7)

  ● analytics › trackUserAction › should track form interactions

    ReferenceError: analytics is not defined

      138 |       };
      139 |
    > 140 |       analytics.trackUserAction('form_change', formData);
          |       ^
      141 |
      142 |       const lastCapture = mockCaptureMetrics.mock.calls[mockCaptureMetrics.mock.calls.length - 1];
      143 |       expect(lastCapture[0]).toBe('form_change');

      at Object.<anonymous> (__tests__/utils/analytics.test.ts:140:7)

  ● analytics › trackMetric › should track numeric metric

    ReferenceError: analytics is not defined

      150 |       mockCaptureMetrics.mockResolvedValue(undefined);
      151 |
    > 152 |       analytics.trackMetric('api_response_time_ms', 250);
          |       ^
      153 |
      154 |       const lastCapture = mockCaptureMetrics.mock.calls[mockCaptureMetrics.mock.calls.length - 1];
      155 |       expect(lastCapture[0]).toBe('api_response_time_ms');

      at Object.<anonymous> (__tests__/utils/analytics.test.ts:152:7)

  ● analytics › trackMetric › should track metric with unit

    ReferenceError: analytics is not defined

      160 |       mockCaptureMetrics.mockResolvedValue(undefined);
      161 |
    > 162 |       analytics.trackMetric('model_size_gb', 12.5);
          |       ^
      163 |
      164 |       const lastCapture = mockCaptureMetrics.mock.calls[mockCaptureMetrics.mock.calls.length - 1];
      165 |       expect(lastCapture[0]).toBe('model_size_gb');

      at Object.<anonymous> (__tests__/utils/analytics.test.ts:162:7)

  ● analytics › trackMetric › should track metric with tags

    ReferenceError: analytics is not defined

      176 |       };
      177 |
    > 178 |       analytics.trackMetric('api_request', 1, metricData);
          |       ^
      179 |
      180 |       const lastCapture = mockCaptureMetrics.mock.calls[mockCaptureMetrics.mock.calls.length - 1];
      181 |       expect(lastCapture[0]).toBe('api_request');

      at Object.<anonymous> (__tests__/utils/analytics.test.ts:178:7)

  ● analytics › getEventHistory › should return tracked events

    TypeError: Cannot read properties of undefined (reading 'mockResolvedValue')

      192 |       ];
      193 |
    > 194 |       mockCaptureMetrics.getEvents.mockResolvedValue(mockEvents);
          |                                    ^
      195 |
      196 |       const history = analytics.getEventHistory(10);
      197 |

      at Object.<anonymous> (__tests__/utils/analytics.test.ts:194:36)

  ● analytics › getEventHistory › should limit history size

    TypeError: Cannot read properties of undefined (reading 'mockResolvedValue')

      209 |       });
      210 |
    > 211 |       mockCaptureMetrics.getEvents.mockResolvedValue(mockEvents);
          |                                    ^
      212 |
      213 |       const history = analytics.getEventHistory(100);
      214 |

      at Object.<anonymous> (__tests__/utils/analytics.test.ts:211:36)

  ● analytics › getEventHistory › should return empty history when no events

    TypeError: Cannot read properties of undefined (reading 'mockResolvedValue')

      217 |
      218 |     it('should return empty history when no events', () => {
    > 219 |       mockCaptureMetrics.getEvents.mockResolvedValue([]);
          |                                    ^
      220 |
      221 |       const history = analytics.getEventHistory();
      222 |

      at Object.<anonymous> (__tests__/utils/analytics.test.ts:219:36)

  ● analytics › getMetrics › should return aggregated metrics

    TypeError: Cannot read properties of undefined (reading 'mockResolvedValue')

      237 |       };
      238 |
    > 239 |       mockCaptureMetrics.getMetrics.mockResolvedValue(mockMetrics);
          |                                     ^
      240 |
      241 |       const metrics = analytics.getMetrics();
      242 |

      at Object.<anonymous> (__tests__/utils/analytics.test.ts:239:37)

  ● analytics › getMetrics › should calculate error rate

    TypeError: Cannot read properties of undefined (reading 'mockResolvedValue')

      249 |       mockEvents.push({ type: 'error' });
      250 |
    > 251 |       mockCaptureMetrics.getEvents.mockResolvedValue(mockEvents);
          |                                    ^
      252 |       mockCaptureMetrics.getEvents.mockResolvedValue([]);
      253 |
      254 |       const metrics = analytics.getMetrics();

      at Object.<anonymous> (__tests__/utils/analytics.test.ts:251:36)

  ● analytics › getMetrics › should calculate requests per minute

    TypeError: Cannot read properties of undefined (reading 'mockResolvedValue')

      261 |       const mockEvents = Array(60).fill({ type: 'event', name: 'api_request' });
      262 |
    > 263 |       mockCaptureMetrics.getEvents.mockResolvedValue(mockEvents);
          |                                    ^
      264 |       const metrics = analytics.getMetrics();
      265 |
      266 |       expect(metrics.requestsPerMinute).toBeGreaterThanOrEqual(60);

      at Object.<anonymous> (__tests__/utils/analytics.test.ts:263:36)

  ● analytics › getUniqueUsers › should return unique user count

    TypeError: Cannot read properties of undefined (reading 'mockResolvedValue')

      275 |       ];
      276 |
    > 277 |       mockCaptureMetrics.getSessions.mockResolvedValue(mockSessions);
          |                                      ^
      278 |
      279 |       const count = analytics.getUniqueUsers();
      280 |

      at Object.<anonymous> (__tests__/utils/analytics.test.ts:277:38)

  ● analytics › getUniqueUsers › should handle no sessions

    TypeError: Cannot read properties of undefined (reading 'mockResolvedValue')

      283 |
      284 |     it('should handle no sessions', () => {
    > 285 |       mockCaptureMetrics.getSessions.mockResolvedValue([]);
          |                                      ^
      286 |
      287 |       const count = analytics.getUniqueUsers();
      288 |

      at Object.<anonymous> (__tests__/utils/analytics.test.ts:285:38)

  ● analytics › clear › should clear all analytics data

    TypeError: Cannot read properties of undefined (reading 'mockResolvedValue')

      293 |   describe('clear', () => {
      294 |     it('should clear all analytics data', () => {
    > 295 |       mockCaptureMetrics.clear.mockResolvedValue(undefined);
          |                                ^
      296 |
      297 |       analytics.clear();
      298 |

      at Object.<anonymous> (__tests__/utils/analytics.test.ts:295:32)

  ● analytics › integration › should support event → metrics flow

    ReferenceError: analytics is not defined

      307 |       mockCaptureMetrics.mockResolvedValue(undefined);
      308 |
    > 309 |       analytics.trackEvent('test_event', { data: 'test' });
          |       ^
      310 |       analytics.trackMetric('test_metric', 100);
      311 |
      312 |       const metrics = analytics.getMetrics();

      at Object.<anonymous> (__tests__/utils/analytics.test.ts:309:7)

  ● analytics › integration › should aggregate events correctly

    TypeError: Cannot read properties of undefined (reading 'mockResolvedValue')

      324 |       ];
      325 |
    > 326 |       mockCaptureMetrics.getEvents.mockResolvedValue(mockEvents);
          |                                    ^
      327 |
      328 |       const metrics = analytics.getMetrics();
      329 |

      at Object.<anonymous> (__tests__/utils/analytics.test.ts:326:36)

FAIL src/hooks/__tests__/use-api.edge-case.test.ts
  ● Test suite failed to run

    [96msrc/hooks/__tests__/use-api.edge-case.test.ts[0m:[93m43[0m:[93m28[0m - [91merror[0m[90m TS1005: [0m'>' expected.

    [7m43[0m       <QueryClientProvider client={queryClient}>{children}</QueryClientProvider>
    [7m  [0m [91m                           ~~~~~~[0m
    [96msrc/hooks/__tests__/use-api.edge-case.test.ts[0m:[93m43[0m:[93m34[0m - [91merror[0m[90m TS1005: [0m')' expected.

    [7m43[0m       <QueryClientProvider client={queryClient}>{children}</QueryClientProvider>
    [7m  [0m [91m                                 ~[0m
    [96msrc/hooks/__tests__/use-api.edge-case.test.ts[0m:[93m43[0m:[93m60[0m - [91merror[0m[90m TS1161: [0mUnterminated regular expression literal.

    [7m43[0m       <QueryClientProvider client={queryClient}>{children}</QueryClientProvider>
    [7m  [0m [91m                                                           ~~~~~~~~~~~~~~~~~~~~~[0m
    [96msrc/hooks/__tests__/use-api.edge-case.test.ts[0m:[93m44[0m:[93m5[0m - [91merror[0m[90m TS1128: [0mDeclaration or statement expected.

    [7m44[0m     );
    [7m  [0m [91m    ~[0m
    [96msrc/hooks/__tests__/use-api.edge-case.test.ts[0m:[93m45[0m:[93m3[0m - [91merror[0m[90m TS1128: [0mDeclaration or statement expected.

    [7m45[0m   };
    [7m  [0m [91m  ~[0m
    [96msrc/hooks/__tests__/use-api.edge-case.test.ts[0m:[93m596[0m:[93m1[0m - [91merror[0m[90m TS1128: [0mDeclaration or statement expected.

    [7m596[0m });
    [7m   [0m [91m~[0m
    [96msrc/hooks/__tests__/use-api.edge-case.test.ts[0m:[93m596[0m:[93m2[0m - [91merror[0m[90m TS1128: [0mDeclaration or statement expected.

    [7m596[0m });
    [7m   [0m [91m ~[0m

FAIL __tests__/pages/models.test.tsx (18.521 s)
  ● ModelsPage › renders page header

    TypeError: models.map is not a function

      196 |         {/* Models Grid */}
      197 |         <Grid container spacing={3}>
    > 198 |           {models.map((model) => (
          |                   ^
      199 |             <Grid key={model.id} size={{ xs: 12, sm: 6, md: 4, lg: 3 }}>
      200 |               <Card
      201 |                 sx={{

      at ModelsPage (app/models/page.tsx:198:19)
      at Object.react_stack_bottom_frame (node_modules/.pnpm/react-dom@19.2.3_react@19.2.3/node_modules/react-dom/cjs/react-dom-client.development.js:25904:20)
      at renderWithHooks (node_modules/.pnpm/react-dom@19.2.3_react@19.2.3/node_modules/react-dom/cjs/react-dom-client.development.js:7662:22)
      at updateFunctionComponent (node_modules/.pnpm/react-dom@19.2.3_react@19.2.3/node_modules/react-dom/cjs/react-dom-client.development.js:10166:19)
      at beginWork (node_modules/.pnpm/react-dom@19.2.3_react@19.2.3/node_modules/react-dom/cjs/react-dom-client.development.js:11778:18)
      at runWithFiberInDEV (node_modules/.pnpm/react-dom@19.2.3_react@19.2.3/node_modules/react-dom/cjs/react-dom-client.development.js:874:13)
      at performUnitOfWork (node_modules/.pnpm/react-dom@19.2.3_react@19.2.3/node_modules/react-dom/cjs/react-dom-client.development.js:17641:22)
      at workLoopSync (node_modules/.pnpm/react-dom@19.2.3_react@19.2.3/node_modules/react-dom/cjs/react-dom-client.development.js:17469:41)
      at renderRootSync (node_modules/.pnpm/react-dom@19.2.3_react@19.2.3/node_modules/react-dom/cjs/react-dom-client.development.js:17450:11)
      at performWorkOnRoot (node_modules/.pnpm/react-dom@19.2.3_react@19.2.3/node_modules/react-dom/cjs/react-dom-client.development.js:16583:35)
      at performWorkOnRootViaSchedulerTask (node_modules/.pnpm/react-dom@19.2.3_react@19.2.3/node_modules/react-dom/cjs/react-dom-client.development.js:18957:7)
      at flushActQueue (node_modules/.pnpm/react@19.2.3/node_modules/react/cjs/react.development.js:590:34)
      at process.env.NODE_ENV.exports.act (node_modules/.pnpm/react@19.2.3/node_modules/react/cjs/react.development.js:884:10)
      at node_modules/.pnpm/@testing-library+react@16.3.1_@testing-library+dom@10.4.1_@types+react-dom@19.2.3_@type_68c5b21a70acecf0fbbfd97f51128017/node_modules/@testing-library/react/dist/act-compat.js:46:25
      at renderRoot (node_modules/.pnpm/@testing-library+react@16.3.1_@testing-library+dom@10.4.1_@types+react-dom@19.2.3_@type_68c5b21a70acecf0fbbfd97f51128017/node_modules/@testing-library/react/dist/pure.js:189:26)
      at render (node_modules/.pnpm/@testing-library+react@16.3.1_@testing-library+dom@10.4.1_@types+react-dom@19.2.3_@type_68c5b21a70acecf0fbbfd97f51128017/node_modules/@testing-library/react/dist/pure.js:291:10)
      at renderWithTheme (__tests__/pages/models.test.tsx:64:16)
      at Object.<anonymous> (__tests__/pages/models.test.tsx:85:5)

  ● ModelsPage › displays all models

    TypeError: models.map is not a function

      196 |         {/* Models Grid */}
      197 |         <Grid container spacing={3}>
    > 198 |           {models.map((model) => (
          |                   ^
      199 |             <Grid key={model.id} size={{ xs: 12, sm: 6, md: 4, lg: 3 }}>
      200 |               <Card
      201 |                 sx={{

      at ModelsPage (app/models/page.tsx:198:19)
      at Object.react_stack_bottom_frame (node_modules/.pnpm/react-dom@19.2.3_react@19.2.3/node_modules/react-dom/cjs/react-dom-client.development.js:25904:20)
      at renderWithHooks (node_modules/.pnpm/react-dom@19.2.3_react@19.2.3/node_modules/react-dom/cjs/react-dom-client.development.js:7662:22)
      at updateFunctionComponent (node_modules/.pnpm/react-dom@19.2.3_react@19.2.3/node_modules/react-dom/cjs/react-dom-client.development.js:10166:19)
      at beginWork (node_modules/.pnpm/react-dom@19.2.3_react@19.2.3/node_modules/react-dom/cjs/react-dom-client.development.js:11778:18)
      at runWithFiberInDEV (node_modules/.pnpm/react-dom@19.2.3_react@19.2.3/node_modules/react-dom/cjs/react-dom-client.development.js:874:13)
      at performUnitOfWork (node_modules/.pnpm/react-dom@19.2.3_react@19.2.3/node_modules/react-dom/cjs/react-dom-client.development.js:17641:22)
      at workLoopSync (node_modules/.pnpm/react-dom@19.2.3_react@19.2.3/node_modules/react-dom/cjs/react-dom-client.development.js:17469:41)
      at renderRootSync (node_modules/.pnpm/react-dom@19.2.3_react@19.2.3/node_modules/react-dom/cjs/react-dom-client.development.js:17450:11)
      at performWorkOnRoot (node_modules/.pnpm/react-dom@19.2.3_react@19.2.3/node_modules/react-dom/cjs/react-dom-client.development.js:16583:35)
      at performWorkOnRootViaSchedulerTask (node_modules/.pnpm/react-dom@19.2.3_react@19.2.3/node_modules/react-dom/cjs/react-dom-client.development.js:18957:7)
      at flushActQueue (node_modules/.pnpm/react@19.2.3/node_modules/react/cjs/react.development.js:590:34)
      at process.env.NODE_ENV.exports.act (node_modules/.pnpm/react@19.2.3/node_modules/react/cjs/react.development.js:884:10)
      at node_modules/.pnpm/@testing-library+react@16.3.1_@testing-library+dom@10.4.1_@types+react-dom@19.2.3_@type_68c5b21a70acecf0fbbfd97f51128017/node_modules/@testing-library/react/dist/act-compat.js:46:25
      at renderRoot (node_modules/.pnpm/@testing-library+react@16.3.1_@testing-library+dom@10.4.1_@types+react-dom@19.2.3_@type_68c5b21a70acecf0fbbfd97f51128017/node_modules/@testing-library/react/dist/pure.js:189:26)
      at render (node_modules/.pnpm/@testing-library+react@16.3.1_@testing-library+dom@10.4.1_@types+react-dom@19.2.3_@type_68c5b21a70acecf0fbbfd97f51128017/node_modules/@testing-library/react/dist/pure.js:291:10)
      at renderWithTheme (__tests__/pages/models.test.tsx:64:16)
      at Object.<anonymous> (__tests__/pages/models.test.tsx:92:5)

  ● ModelsPage › displays model types

    TypeError: models.map is not a function

      196 |         {/* Models Grid */}
      197 |         <Grid container spacing={3}>
    > 198 |           {models.map((model) => (
          |                   ^
      199 |             <Grid key={model.id} size={{ xs: 12, sm: 6, md: 4, lg: 3 }}>
      200 |               <Card
      201 |                 sx={{

      at ModelsPage (app/models/page.tsx:198:19)
      at Object.react_stack_bottom_frame (node_modules/.pnpm/react-dom@19.2.3_react@19.2.3/node_modules/react-dom/cjs/react-dom-client.development.js:25904:20)
      at renderWithHooks (node_modules/.pnpm/react-dom@19.2.3_react@19.2.3/node_modules/react-dom/cjs/react-dom-client.development.js:7662:22)
      at updateFunctionComponent (node_modules/.pnpm/react-dom@19.2.3_react@19.2.3/node_modules/react-dom/cjs/react-dom-client.development.js:10166:19)
      at beginWork (node_modules/.pnpm/react-dom@19.2.3_react@19.2.3/node_modules/react-dom/cjs/react-dom-client.development.js:11778:18)
      at runWithFiberInDEV (node_modules/.pnpm/react-dom@19.2.3_react@19.2.3/node_modules/react-dom/cjs/react-dom-client.development.js:874:13)
      at performUnitOfWork (node_modules/.pnpm/react-dom@19.2.3_react@19.2.3/node_modules/react-dom/cjs/react-dom-client.development.js:17641:22)
      at workLoopSync (node_modules/.pnpm/react-dom@19.2.3_react@19.2.3/node_modules/react-dom/cjs/react-dom-client.development.js:17469:41)
      at renderRootSync (node_modules/.pnpm/react-dom@19.2.3_react@19.2.3/node_modules/react-dom/cjs/react-dom-client.development.js:17450:11)
      at performWorkOnRoot (node_modules/.pnpm/react-dom@19.2.3_react@19.2.3/node_modules/react-dom/cjs/react-dom-client.development.js:16583:35)
      at performWorkOnRootViaSchedulerTask (node_modules/.pnpm/react-dom@19.2.3_react@19.2.3/node_modules/react-dom/cjs/react-dom-client.development.js:18957:7)
      at flushActQueue (node_modules/.pnpm/react@19.2.3/node_modules/react/cjs/react.development.js:590:34)
      at process.env.NODE_ENV.exports.act (node_modules/.pnpm/react@19.2.3/node_modules/react/cjs/react.development.js:884:10)
      at node_modules/.pnpm/@testing-library+react@16.3.1_@testing-library+dom@10.4.1_@types+react-dom@19.2.3_@type_68c5b21a70acecf0fbbfd97f51128017/node_modules/@testing-library/react/dist/act-compat.js:46:25
      at renderRoot (node_modules/.pnpm/@testing-library+react@16.3.1_@testing-library+dom@10.4.1_@types+react-dom@19.2.3_@type_68c5b21a70acecf0fbbfd97f51128017/node_modules/@testing-library/react/dist/pure.js:189:26)
      at render (node_modules/.pnpm/@testing-library+react@16.3.1_@testing-library+dom@10.4.1_@types+react-dom@19.2.3_@type_68c5b21a70acecf0fbbfd97f51128017/node_modules/@testing-library/react/dist/pure.js:291:10)
      at renderWithTheme (__tests__/pages/models.test.tsx:64:16)
      at Object.<anonymous> (__tests__/pages/models.test.tsx:100:5)

  ● ModelsPage › displays model status chips

    TypeError: models.map is not a function

      196 |         {/* Models Grid */}
      197 |         <Grid container spacing={3}>
    > 198 |           {models.map((model) => (
          |                   ^
      199 |             <Grid key={model.id} size={{ xs: 12, sm: 6, md: 4, lg: 3 }}>
      200 |               <Card
      201 |                 sx={{

      at ModelsPage (app/models/page.tsx:198:19)
      at Object.react_stack_bottom_frame (node_modules/.pnpm/react-dom@19.2.3_react@19.2.3/node_modules/react-dom/cjs/react-dom-client.development.js:25904:20)
      at renderWithHooks (node_modules/.pnpm/react-dom@19.2.3_react@19.2.3/node_modules/react-dom/cjs/react-dom-client.development.js:7662:22)
      at updateFunctionComponent (node_modules/.pnpm/react-dom@19.2.3_react@19.2.3/node_modules/react-dom/cjs/react-dom-client.development.js:10166:19)
      at beginWork (node_modules/.pnpm/react-dom@19.2.3_react@19.2.3/node_modules/react-dom/cjs/react-dom-client.development.js:11778:18)
      at runWithFiberInDEV (node_modules/.pnpm/react-dom@19.2.3_react@19.2.3/node_modules/react-dom/cjs/react-dom-client.development.js:874:13)
      at performUnitOfWork (node_modules/.pnpm/react-dom@19.2.3_react@19.2.3/node_modules/react-dom/cjs/react-dom-client.development.js:17641:22)
      at workLoopSync (node_modules/.pnpm/react-dom@19.2.3_react@19.2.3/node_modules/react-dom/cjs/react-dom-client.development.js:17469:41)
      at renderRootSync (node_modules/.pnpm/react-dom@19.2.3_react@19.2.3/node_modules/react-dom/cjs/react-dom-client.development.js:17450:11)
      at performWorkOnRoot (node_modules/.pnpm/react-dom@19.2.3_react@19.2.3/node_modules/react-dom/cjs/react-dom-client.development.js:16583:35)
      at performWorkOnRootViaSchedulerTask (node_modules/.pnpm/react-dom@19.2.3_react@19.2.3/node_modules/react-dom/cjs/react-dom-client.development.js:18957:7)
      at flushActQueue (node_modules/.pnpm/react@19.2.3/node_modules/react/cjs/react.development.js:590:34)
      at process.env.NODE_ENV.exports.act (node_modules/.pnpm/react@19.2.3/node_modules/react/cjs/react.development.js:884:10)
      at node_modules/.pnpm/@testing-library+react@16.3.1_@testing-library+dom@10.4.1_@types+react-dom@19.2.3_@type_68c5b21a70acecf0fbbfd97f51128017/node_modules/@testing-library/react/dist/act-compat.js:46:25
      at renderRoot (node_modules/.pnpm/@testing-library+react@16.3.1_@testing-library+dom@10.4.1_@types+react-dom@19.2.3_@type_68c5b21a70acecf0fbbfd97f51128017/node_modules/@testing-library/react/dist/pure.js:189:26)
      at render (node_modules/.pnpm/@testing-library+react@16.3.1_@testing-library+dom@10.4.1_@types+react-dom@19.2.3_@type_68c5b21a70acecf0fbbfd97f51128017/node_modules/@testing-library/react/dist/pure.js:291:10)
      at renderWithTheme (__tests__/pages/models.test.tsx:64:16)
      at Object.<anonymous> (__tests__/pages/models.test.tsx:106:5)

  ● ModelsPage › displays created dates

    TypeError: models.map is not a function

      196 |         {/* Models Grid */}
      197 |         <Grid container spacing={3}>
    > 198 |           {models.map((model) => (
          |                   ^
      199 |             <Grid key={model.id} size={{ xs: 12, sm: 6, md: 4, lg: 3 }}>
      200 |               <Card
      201 |                 sx={{

      at ModelsPage (app/models/page.tsx:198:19)
      at Object.react_stack_bottom_frame (node_modules/.pnpm/react-dom@19.2.3_react@19.2.3/node_modules/react-dom/cjs/react-dom-client.development.js:25904:20)
      at renderWithHooks (node_modules/.pnpm/react-dom@19.2.3_react@19.2.3/node_modules/react-dom/cjs/react-dom-client.development.js:7662:22)
      at updateFunctionComponent (node_modules/.pnpm/react-dom@19.2.3_react@19.2.3/node_modules/react-dom/cjs/react-dom-client.development.js:10166:19)
      at beginWork (node_modules/.pnpm/react-dom@19.2.3_react@19.2.3/node_modules/react-dom/cjs/react-dom-client.development.js:11778:18)
      at runWithFiberInDEV (node_modules/.pnpm/react-dom@19.2.3_react@19.2.3/node_modules/react-dom/cjs/react-dom-client.development.js:874:13)
      at performUnitOfWork (node_modules/.pnpm/react-dom@19.2.3_react@19.2.3/node_modules/react-dom/cjs/react-dom-client.development.js:17641:22)
      at workLoopSync (node_modules/.pnpm/react-dom@19.2.3_react@19.2.3/node_modules/react-dom/cjs/react-dom-client.development.js:17469:41)
      at renderRootSync (node_modules/.pnpm/react-dom@19.2.3_react@19.2.3/node_modules/react-dom/cjs/react-dom-client.development.js:17450:11)
      at performWorkOnRoot (node_modules/.pnpm/react-dom@19.2.3_react@19.2.3/node_modules/react-dom/cjs/react-dom-client.development.js:16583:35)
      at performWorkOnRootViaSchedulerTask (node_modules/.pnpm/react-dom@19.2.3_react@19.2.3/node_modules/react-dom/cjs/react-dom-client.development.js:18957:7)
      at flushActQueue (node_modules/.pnpm/react@19.2.3/node_modules/react/cjs/react.development.js:590:34)
      at process.env.NODE_ENV.exports.act (node_modules/.pnpm/react@19.2.3/node_modules/react/cjs/react.development.js:884:10)
      at node_modules/.pnpm/@testing-library+react@16.3.1_@testing-library+dom@10.4.1_@types+react-dom@19.2.3_@type_68c5b21a70acecf0fbbfd97f51128017/node_modules/@testing-library/react/dist/act-compat.js:46:25
      at renderRoot (node_modules/.pnpm/@testing-library+react@16.3.1_@testing-library+dom@10.4.1_@types+react-dom@19.2.3_@type_68c5b21a70acecf0fbbfd97f51128017/node_modules/@testing-library/react/dist/pure.js:189:26)
      at render (node_modules/.pnpm/@testing-library+react@16.3.1_@testing-library+dom@10.4.1_@types+react-dom@19.2.3_@type_68c5b21a70acecf0fbbfd97f51128017/node_modules/@testing-library/react/dist/pure.js:291:10)
      at renderWithTheme (__tests__/pages/models.test.tsx:64:16)
      at Object.<anonymous> (__tests__/pages/models.test.tsx:114:5)

  ● ModelsPage › displays Start button for idle models

    TypeError: models.map is not a function

      196 |         {/* Models Grid */}
      197 |         <Grid container spacing={3}>
    > 198 |           {models.map((model) => (
          |                   ^
      199 |             <Grid key={model.id} size={{ xs: 12, sm: 6, md: 4, lg: 3 }}>
      200 |               <Card
      201 |                 sx={{

      at ModelsPage (app/models/page.tsx:198:19)
      at Object.react_stack_bottom_frame (node_modules/.pnpm/react-dom@19.2.3_react@19.2.3/node_modules/react-dom/cjs/react-dom-client.development.js:25904:20)
      at renderWithHooks (node_modules/.pnpm/react-dom@19.2.3_react@19.2.3/node_modules/react-dom/cjs/react-dom-client.development.js:7662:22)
      at updateFunctionComponent (node_modules/.pnpm/react-dom@19.2.3_react@19.2.3/node_modules/react-dom/cjs/react-dom-client.development.js:10166:19)
      at beginWork (node_modules/.pnpm/react-dom@19.2.3_react@19.2.3/node_modules/react-dom/cjs/react-dom-client.development.js:11778:18)
      at runWithFiberInDEV (node_modules/.pnpm/react-dom@19.2.3_react@19.2.3/node_modules/react-dom/cjs/react-dom-client.development.js:874:13)
      at performUnitOfWork (node_modules/.pnpm/react-dom@19.2.3_react@19.2.3/node_modules/react-dom/cjs/react-dom-client.development.js:17641:22)
      at workLoopSync (node_modules/.pnpm/react-dom@19.2.3_react@19.2.3/node_modules/react-dom/cjs/react-dom-client.development.js:17469:41)
      at renderRootSync (node_modules/.pnpm/react-dom@19.2.3_react@19.2.3/node_modules/react-dom/cjs/react-dom-client.development.js:17450:11)
      at performWorkOnRoot (node_modules/.pnpm/react-dom@19.2.3_react@19.2.3/node_modules/react-dom/cjs/react-dom-client.development.js:16583:35)
      at performWorkOnRootViaSchedulerTask (node_modules/.pnpm/react-dom@19.2.3_react@19.2.3/node_modules/react-dom/cjs/react-dom-client.development.js:18957:7)
      at flushActQueue (node_modules/.pnpm/react@19.2.3/node_modules/react/cjs/react.development.js:590:34)
      at process.env.NODE_ENV.exports.act (node_modules/.pnpm/react@19.2.3/node_modules/react/cjs/react.development.js:884:10)
      at node_modules/.pnpm/@testing-library+react@16.3.1_@testing-library+dom@10.4.1_@types+react-dom@19.2.3_@type_68c5b21a70acecf0fbbfd97f51128017/node_modules/@testing-library/react/dist/act-compat.js:46:25
      at renderRoot (node_modules/.pnpm/@testing-library+react@16.3.1_@testing-library+dom@10.4.1_@types+react-dom@19.2.3_@type_68c5b21a70acecf0fbbfd97f51128017/node_modules/@testing-library/react/dist/pure.js:189:26)
      at render (node_modules/.pnpm/@testing-library+react@16.3.1_@testing-library+dom@10.4.1_@types+react-dom@19.2.3_@type_68c5b21a70acecf0fbbfd97f51128017/node_modules/@testing-library/react/dist/pure.js:291:10)
      at renderWithTheme (__tests__/pages/models.test.tsx:64:16)
      at Object.<anonymous> (__tests__/pages/models.test.tsx:121:5)

  ● ModelsPage › displays Stop button for running models

    TypeError: models.map is not a function

      196 |         {/* Models Grid */}
      197 |         <Grid container spacing={3}>
    > 198 |           {models.map((model) => (
          |                   ^
      199 |             <Grid key={model.id} size={{ xs: 12, sm: 6, md: 4, lg: 3 }}>
      200 |               <Card
      201 |                 sx={{

      at ModelsPage (app/models/page.tsx:198:19)
      at Object.react_stack_bottom_frame (node_modules/.pnpm/react-dom@19.2.3_react@19.2.3/node_modules/react-dom/cjs/react-dom-client.development.js:25904:20)
      at renderWithHooks (node_modules/.pnpm/react-dom@19.2.3_react@19.2.3/node_modules/react-dom/cjs/react-dom-client.development.js:7662:22)
      at updateFunctionComponent (node_modules/.pnpm/react-dom@19.2.3_react@19.2.3/node_modules/react-dom/cjs/react-dom-client.development.js:10166:19)
      at beginWork (node_modules/.pnpm/react-dom@19.2.3_react@19.2.3/node_modules/react-dom/cjs/react-dom-client.development.js:11778:18)
      at runWithFiberInDEV (node_modules/.pnpm/react-dom@19.2.3_react@19.2.3/node_modules/react-dom/cjs/react-dom-client.development.js:874:13)
      at performUnitOfWork (node_modules/.pnpm/react-dom@19.2.3_react@19.2.3/node_modules/react-dom/cjs/react-dom-client.development.js:17641:22)
      at workLoopSync (node_modules/.pnpm/react-dom@19.2.3_react@19.2.3/node_modules/react-dom/cjs/react-dom-client.development.js:17469:41)
      at renderRootSync (node_modules/.pnpm/react-dom@19.2.3_react@19.2.3/node_modules/react-dom/cjs/react-dom-client.development.js:17450:11)
      at performWorkOnRoot (node_modules/.pnpm/react-dom@19.2.3_react@19.2.3/node_modules/react-dom/cjs/react-dom-client.development.js:16583:35)
      at performWorkOnRootViaSchedulerTask (node_modules/.pnpm/react-dom@19.2.3_react@19.2.3/node_modules/react-dom/cjs/react-dom-client.development.js:18957:7)
      at flushActQueue (node_modules/.pnpm/react@19.2.3/node_modules/react/cjs/react.development.js:590:34)
      at process.env.NODE_ENV.exports.act (node_modules/.pnpm/react@19.2.3/node_modules/react/cjs/react.development.js:884:10)
      at node_modules/.pnpm/@testing-library+react@16.3.1_@testing-library+dom@10.4.1_@types+react-dom@19.2.3_@type_68c5b21a70acecf0fbbfd97f51128017/node_modules/@testing-library/react/dist/act-compat.js:46:25
      at renderRoot (node_modules/.pnpm/@testing-library+react@16.3.1_@testing-library+dom@10.4.1_@types+react-dom@19.2.3_@type_68c5b21a70acecf0fbbfd97f51128017/node_modules/@testing-library/react/dist/pure.js:189:26)
      at render (node_modules/.pnpm/@testing-library+react@16.3.1_@testing-library+dom@10.4.1_@types+react-dom@19.2.3_@type_68c5b21a70acecf0fbbfd97f51128017/node_modules/@testing-library/react/dist/pure.js:291:10)
      at renderWithTheme (__tests__/pages/models.test.tsx:64:16)
      at Object.<anonymous> (__tests__/pages/models.test.tsx:128:5)

  ● ModelsPage › disables Start/Stop button during loading

    TypeError: models.map is not a function

      196 |         {/* Models Grid */}
      197 |         <Grid container spacing={3}>
    > 198 |           {models.map((model) => (
          |                   ^
      199 |             <Grid key={model.id} size={{ xs: 12, sm: 6, md: 4, lg: 3 }}>
      200 |               <Card
      201 |                 sx={{

      at ModelsPage (app/models/page.tsx:198:19)
      at Object.react_stack_bottom_frame (node_modules/.pnpm/react-dom@19.2.3_react@19.2.3/node_modules/react-dom/cjs/react-dom-client.development.js:25904:20)
      at renderWithHooks (node_modules/.pnpm/react-dom@19.2.3_react@19.2.3/node_modules/react-dom/cjs/react-dom-client.development.js:7662:22)
      at updateFunctionComponent (node_modules/.pnpm/react-dom@19.2.3_react@19.2.3/node_modules/react-dom/cjs/react-dom-client.development.js:10166:19)
      at beginWork (node_modules/.pnpm/react-dom@19.2.3_react@19.2.3/node_modules/react-dom/cjs/react-dom-client.development.js:11778:18)
      at runWithFiberInDEV (node_modules/.pnpm/react-dom@19.2.3_react@19.2.3/node_modules/react-dom/cjs/react-dom-client.development.js:874:13)
      at performUnitOfWork (node_modules/.pnpm/react-dom@19.2.3_react@19.2.3/node_modules/react-dom/cjs/react-dom-client.development.js:17641:22)
      at workLoopSync (node_modules/.pnpm/react-dom@19.2.3_react@19.2.3/node_modules/react-dom/cjs/react-dom-client.development.js:17469:41)
      at renderRootSync (node_modules/.pnpm/react-dom@19.2.3_react@19.2.3/node_modules/react-dom/cjs/react-dom-client.development.js:17450:11)
      at performWorkOnRoot (node_modules/.pnpm/react-dom@19.2.3_react@19.2.3/node_modules/react-dom/cjs/react-dom-client.development.js:16583:35)
      at performWorkOnRootViaSchedulerTask (node_modules/.pnpm/react-dom@19.2.3_react@19.2.3/node_modules/react-dom/cjs/react-dom-client.development.js:18957:7)
      at flushActQueue (node_modules/.pnpm/react@19.2.3/node_modules/react/cjs/react.development.js:590:34)
      at process.env.NODE_ENV.exports.act (node_modules/.pnpm/react@19.2.3/node_modules/react/cjs/react.development.js:884:10)
      at node_modules/.pnpm/@testing-library+react@16.3.1_@testing-library+dom@10.4.1_@types+react-dom@19.2.3_@type_68c5b21a70acecf0fbbfd97f51128017/node_modules/@testing-library/react/dist/act-compat.js:46:25
      at renderRoot (node_modules/.pnpm/@testing-library+react@16.3.1_@testing-library+dom@10.4.1_@types+react-dom@19.2.3_@type_68c5b21a70acecf0fbbfd97f51128017/node_modules/@testing-library/react/dist/pure.js:189:26)
      at render (node_modules/.pnpm/@testing-library+react@16.3.1_@testing-library+dom@10.4.1_@types+react-dom@19.2.3_@type_68c5b21a70acecf0fbbfd97f51128017/node_modules/@testing-library/react/dist/pure.js:291:10)
      at renderWithTheme (__tests__/pages/models.test.tsx:64:16)
      at Object.<anonymous> (__tests__/pages/models.test.tsx:135:5)

  ● ModelsPage › displays Add Model button

    TypeError: models.map is not a function

      196 |         {/* Models Grid */}
      197 |         <Grid container spacing={3}>
    > 198 |           {models.map((model) => (
          |                   ^
      199 |             <Grid key={model.id} size={{ xs: 12, sm: 6, md: 4, lg: 3 }}>
      200 |               <Card
      201 |                 sx={{

      at ModelsPage (app/models/page.tsx:198:19)
      at Object.react_stack_bottom_frame (node_modules/.pnpm/react-dom@19.2.3_react@19.2.3/node_modules/react-dom/cjs/react-dom-client.development.js:25904:20)
      at renderWithHooks (node_modules/.pnpm/react-dom@19.2.3_react@19.2.3/node_modules/react-dom/cjs/react-dom-client.development.js:7662:22)
      at updateFunctionComponent (node_modules/.pnpm/react-dom@19.2.3_react@19.2.3/node_modules/react-dom/cjs/react-dom-client.development.js:10166:19)
      at beginWork (node_modules/.pnpm/react-dom@19.2.3_react@19.2.3/node_modules/react-dom/cjs/react-dom-client.development.js:11778:18)
      at runWithFiberInDEV (node_modules/.pnpm/react-dom@19.2.3_react@19.2.3/node_modules/react-dom/cjs/react-dom-client.development.js:874:13)
      at performUnitOfWork (node_modules/.pnpm/react-dom@19.2.3_react@19.2.3/node_modules/react-dom/cjs/react-dom-client.development.js:17641:22)
      at workLoopSync (node_modules/.pnpm/react-dom@19.2.3_react@19.2.3/node_modules/react-dom/cjs/react-dom-client.development.js:17469:41)
      at renderRootSync (node_modules/.pnpm/react-dom@19.2.3_react@19.2.3/node_modules/react-dom/cjs/react-dom-client.development.js:17450:11)
      at performWorkOnRoot (node_modules/.pnpm/react-dom@19.2.3_react@19.2.3/node_modules/react-dom/cjs/react-dom-client.development.js:16583:35)
      at performWorkOnRootViaSchedulerTask (node_modules/.pnpm/react-dom@19.2.3_react@19.2.3/node_modules/react-dom/cjs/react-dom-client.development.js:18957:7)
      at flushActQueue (node_modules/.pnpm/react@19.2.3/node_modules/react/cjs/react.development.js:590:34)
      at process.env.NODE_ENV.exports.act (node_modules/.pnpm/react@19.2.3/node_modules/react/cjs/react.development.js:884:10)
      at node_modules/.pnpm/@testing-library+react@16.3.1_@testing-library+dom@10.4.1_@types+react-dom@19.2.3_@type_68c5b21a70acecf0fbbfd97f51128017/node_modules/@testing-library/react/dist/act-compat.js:46:25
      at renderRoot (node_modules/.pnpm/@testing-library+react@16.3.1_@testing-library+dom@10.4.1_@types+react-dom@19.2.3_@type_68c5b21a70acecf0fbbfd97f51128017/node_modules/@testing-library/react/dist/pure.js:189:26)
      at render (node_modules/.pnpm/@testing-library+react@16.3.1_@testing-library+dom@10.4.1_@types+react-dom@19.2.3_@type_68c5b21a70acecf0fbbfd97f51128017/node_modules/@testing-library/react/dist/pure.js:291:10)
      at renderWithTheme (__tests__/pages/models.test.tsx:64:16)
      at Object.<anonymous> (__tests__/pages/models.test.tsx:145:5)

  ● ModelsPage › displays refresh button

    TypeError: models.map is not a function

      196 |         {/* Models Grid */}
      197 |         <Grid container spacing={3}>
    > 198 |           {models.map((model) => (
          |                   ^
      199 |             <Grid key={model.id} size={{ xs: 12, sm: 6, md: 4, lg: 3 }}>
      200 |               <Card
      201 |                 sx={{

      at ModelsPage (app/models/page.tsx:198:19)
      at Object.react_stack_bottom_frame (node_modules/.pnpm/react-dom@19.2.3_react@19.2.3/node_modules/react-dom/cjs/react-dom-client.development.js:25904:20)
      at renderWithHooks (node_modules/.pnpm/react-dom@19.2.3_react@19.2.3/node_modules/react-dom/cjs/react-dom-client.development.js:7662:22)
      at updateFunctionComponent (node_modules/.pnpm/react-dom@19.2.3_react@19.2.3/node_modules/react-dom/cjs/react-dom-client.development.js:10166:19)
      at beginWork (node_modules/.pnpm/react-dom@19.2.3_react@19.2.3/node_modules/react-dom/cjs/react-dom-client.development.js:11778:18)
      at runWithFiberInDEV (node_modules/.pnpm/react-dom@19.2.3_react@19.2.3/node_modules/react-dom/cjs/react-dom-client.development.js:874:13)
      at performUnitOfWork (node_modules/.pnpm/react-dom@19.2.3_react@19.2.3/node_modules/react-dom/cjs/react-dom-client.development.js:17641:22)
      at workLoopSync (node_modules/.pnpm/react-dom@19.2.3_react@19.2.3/node_modules/react-dom/cjs/react-dom-client.development.js:17469:41)
      at renderRootSync (node_modules/.pnpm/react-dom@19.2.3_react@19.2.3/node_modules/react-dom/cjs/react-dom-client.development.js:17450:11)
      at performWorkOnRoot (node_modules/.pnpm/react-dom@19.2.3_react@19.2.3/node_modules/react-dom/cjs/react-dom-client.development.js:16583:35)
      at performWorkOnRootViaSchedulerTask (node_modules/.pnpm/react-dom@19.2.3_react@19.2.3/node_modules/react-dom/cjs/react-dom-client.development.js:18957:7)
      at flushActQueue (node_modules/.pnpm/react@19.2.3/node_modules/react/cjs/react.development.js:590:34)
      at process.env.NODE_ENV.exports.act (node_modules/.pnpm/react@19.2.3/node_modules/react/cjs/react.development.js:884:10)
      at node_modules/.pnpm/@testing-library+react@16.3.1_@testing-library+dom@10.4.1_@types+react-dom@19.2.3_@type_68c5b21a70acecf0fbbfd97f51128017/node_modules/@testing-library/react/dist/act-compat.js:46:25
      at renderRoot (node_modules/.pnpm/@testing-library+react@16.3.1_@testing-library+dom@10.4.1_@types+react-dom@19.2.3_@type_68c5b21a70acecf0fbbfd97f51128017/node_modules/@testing-library/react/dist/pure.js:189:26)
      at render (node_modules/.pnpm/@testing-library+react@16.3.1_@testing-library+dom@10.4.1_@types+react-dom@19.2.3_@type_68c5b21a70acecf0fbbfd97f51128017/node_modules/@testing-library/react/dist/pure.js:291:10)
      at renderWithTheme (__tests__/pages/models.test.tsx:64:16)
      at Object.<anonymous> (__tests__/pages/models.test.tsx:151:5)

  ● ModelsPage › displays empty state when no models

    TypeError: models.map is not a function

      196 |         {/* Models Grid */}
      197 |         <Grid container spacing={3}>
    > 198 |           {models.map((model) => (
          |                   ^
      199 |             <Grid key={model.id} size={{ xs: 12, sm: 6, md: 4, lg: 3 }}>
      200 |               <Card
      201 |                 sx={{

      at ModelsPage (app/models/page.tsx:198:19)
      at Object.react_stack_bottom_frame (node_modules/.pnpm/react-dom@19.2.3_react@19.2.3/node_modules/react-dom/cjs/react-dom-client.development.js:25904:20)
      at renderWithHooks (node_modules/.pnpm/react-dom@19.2.3_react@19.2.3/node_modules/react-dom/cjs/react-dom-client.development.js:7662:22)
      at updateFunctionComponent (node_modules/.pnpm/react-dom@19.2.3_react@19.2.3/node_modules/react-dom/cjs/react-dom-client.development.js:10166:19)
      at beginWork (node_modules/.pnpm/react-dom@19.2.3_react@19.2.3/node_modules/react-dom/cjs/react-dom-client.development.js:11778:18)
      at runWithFiberInDEV (node_modules/.pnpm/react-dom@19.2.3_react@19.2.3/node_modules/react-dom/cjs/react-dom-client.development.js:874:13)
      at performUnitOfWork (node_modules/.pnpm/react-dom@19.2.3_react@19.2.3/node_modules/react-dom/cjs/react-dom-client.development.js:17641:22)
      at workLoopSync (node_modules/.pnpm/react-dom@19.2.3_react@19.2.3/node_modules/react-dom/cjs/react-dom-client.development.js:17469:41)
      at renderRootSync (node_modules/.pnpm/react-dom@19.2.3_react@19.2.3/node_modules/react-dom/cjs/react-dom-client.development.js:17450:11)
      at performWorkOnRoot (node_modules/.pnpm/react-dom@19.2.3_react@19.2.3/node_modules/react-dom/cjs/react-dom-client.development.js:16583:35)
      at performWorkOnRootViaSchedulerTask (node_modules/.pnpm/react-dom@19.2.3_react@19.2.3/node_modules/react-dom/cjs/react-dom-client.development.js:18957:7)
      at flushActQueue (node_modules/.pnpm/react@19.2.3/node_modules/react/cjs/react.development.js:590:34)
      at process.env.NODE_ENV.exports.act (node_modules/.pnpm/react@19.2.3/node_modules/react/cjs/react.development.js:884:10)
      at node_modules/.pnpm/@testing-library+react@16.3.1_@testing-library+dom@10.4.1_@types+react-dom@19.2.3_@type_68c5b21a70acecf0fbbfd97f51128017/node_modules/@testing-library/react/dist/act-compat.js:46:25
      at renderRoot (node_modules/.pnpm/@testing-library+react@16.3.1_@testing-library+dom@10.4.1_@types+react-dom@19.2.3_@type_68c5b21a70acecf0fbbfd97f51128017/node_modules/@testing-library/react/dist/pure.js:189:26)
      at render (node_modules/.pnpm/@testing-library+react@16.3.1_@testing-library+dom@10.4.1_@types+react-dom@19.2.3_@type_68c5b21a70acecf0fbbfd97f51128017/node_modules/@testing-library/react/dist/pure.js:291:10)
      at renderWithTheme (__tests__/pages/models.test.tsx:64:16)
      at Object.<anonymous> (__tests__/pages/models.test.tsx:164:5)

  ● ModelsPage › displays Add Model button in empty state

    TypeError: models.map is not a function

      196 |         {/* Models Grid */}
      197 |         <Grid container spacing={3}>
    > 198 |           {models.map((model) => (
          |                   ^
      199 |             <Grid key={model.id} size={{ xs: 12, sm: 6, md: 4, lg: 3 }}>
      200 |               <Card
      201 |                 sx={{

      at ModelsPage (app/models/page.tsx:198:19)
      at Object.react_stack_bottom_frame (node_modules/.pnpm/react-dom@19.2.3_react@19.2.3/node_modules/react-dom/cjs/react-dom-client.development.js:25904:20)
      at renderWithHooks (node_modules/.pnpm/react-dom@19.2.3_react@19.2.3/node_modules/react-dom/cjs/react-dom-client.development.js:7662:22)
      at updateFunctionComponent (node_modules/.pnpm/react-dom@19.2.3_react@19.2.3/node_modules/react-dom/cjs/react-dom-client.development.js:10166:19)
      at beginWork (node_modules/.pnpm/react-dom@19.2.3_react@19.2.3/node_modules/react-dom/cjs/react-dom-client.development.js:11778:18)
      at runWithFiberInDEV (node_modules/.pnpm/react-dom@19.2.3_react@19.2.3/node_modules/react-dom/cjs/react-dom-client.development.js:874:13)
      at performUnitOfWork (node_modules/.pnpm/react-dom@19.2.3_react@19.2.3/node_modules/react-dom/cjs/react-dom-client.development.js:17641:22)
      at workLoopSync (node_modules/.pnpm/react-dom@19.2.3_react@19.2.3/node_modules/react-dom/cjs/react-dom-client.development.js:17469:41)
      at renderRootSync (node_modules/.pnpm/react-dom@19.2.3_react@19.2.3/node_modules/react-dom/cjs/react-dom-client.development.js:17450:11)
      at performWorkOnRoot (node_modules/.pnpm/react-dom@19.2.3_react@19.2.3/node_modules/react-dom/cjs/react-dom-client.development.js:16583:35)
      at performWorkOnRootViaSchedulerTask (node_modules/.pnpm/react-dom@19.2.3_react@19.2.3/node_modules/react-dom/cjs/react-dom-client.development.js:18957:7)
      at flushActQueue (node_modules/.pnpm/react@19.2.3/node_modules/react/cjs/react.development.js:590:34)
      at process.env.NODE_ENV.exports.act (node_modules/.pnpm/react@19.2.3/node_modules/react/cjs/react.development.js:884:10)
      at node_modules/.pnpm/@testing-library+react@16.3.1_@testing-library+dom@10.4.1_@types+react-dom@19.2.3_@type_68c5b21a70acecf0fbbfd97f51128017/node_modules/@testing-library/react/dist/act-compat.js:46:25
      at renderRoot (node_modules/.pnpm/@testing-library+react@16.3.1_@testing-library+dom@10.4.1_@types+react-dom@19.2.3_@type_68c5b21a70acecf0fbbfd97f51128017/node_modules/@testing-library/react/dist/pure.js:189:26)
      at render (node_modules/.pnpm/@testing-library+react@16.3.1_@testing-library+dom@10.4.1_@types+react-dom@19.2.3_@type_68c5b21a70acecf0fbbfd97f51128017/node_modules/@testing-library/react/dist/pure.js:291:10)
      at renderWithTheme (__tests__/pages/models.test.tsx:64:16)
      at Object.<anonymous> (__tests__/pages/models.test.tsx:177:5)

  ● ModelsPage › handles start model click

    TypeError: models.map is not a function

      196 |         {/* Models Grid */}
      197 |         <Grid container spacing={3}>
    > 198 |           {models.map((model) => (
          |                   ^
      199 |             <Grid key={model.id} size={{ xs: 12, sm: 6, md: 4, lg: 3 }}>
      200 |               <Card
      201 |                 sx={{

      at ModelsPage (app/models/page.tsx:198:19)
      at Object.react_stack_bottom_frame (node_modules/.pnpm/react-dom@19.2.3_react@19.2.3/node_modules/react-dom/cjs/react-dom-client.development.js:25904:20)
      at renderWithHooks (node_modules/.pnpm/react-dom@19.2.3_react@19.2.3/node_modules/react-dom/cjs/react-dom-client.development.js:7662:22)
      at updateFunctionComponent (node_modules/.pnpm/react-dom@19.2.3_react@19.2.3/node_modules/react-dom/cjs/react-dom-client.development.js:10166:19)
      at beginWork (node_modules/.pnpm/react-dom@19.2.3_react@19.2.3/node_modules/react-dom/cjs/react-dom-client.development.js:11778:18)
      at runWithFiberInDEV (node_modules/.pnpm/react-dom@19.2.3_react@19.2.3/node_modules/react-dom/cjs/react-dom-client.development.js:874:13)
      at performUnitOfWork (node_modules/.pnpm/react-dom@19.2.3_react@19.2.3/node_modules/react-dom/cjs/react-dom-client.development.js:17641:22)
      at workLoopSync (node_modules/.pnpm/react-dom@19.2.3_react@19.2.3/node_modules/react-dom/cjs/react-dom-client.development.js:17469:41)
      at renderRootSync (node_modules/.pnpm/react-dom@19.2.3_react@19.2.3/node_modules/react-dom/cjs/react-dom-client.development.js:17450:11)
      at performWorkOnRoot (node_modules/.pnpm/react-dom@19.2.3_react@19.2.3/node_modules/react-dom/cjs/react-dom-client.development.js:16583:35)
      at performWorkOnRootViaSchedulerTask (node_modules/.pnpm/react-dom@19.2.3_react@19.2.3/node_modules/react-dom/cjs/react-dom-client.development.js:18957:7)
      at flushActQueue (node_modules/.pnpm/react@19.2.3/node_modules/react/cjs/react.development.js:590:34)
      at process.env.NODE_ENV.exports.act (node_modules/.pnpm/react@19.2.3/node_modules/react/cjs/react.development.js:884:10)
      at node_modules/.pnpm/@testing-library+react@16.3.1_@testing-library+dom@10.4.1_@types+react-dom@19.2.3_@type_68c5b21a70acecf0fbbfd97f51128017/node_modules/@testing-library/react/dist/act-compat.js:46:25
      at renderRoot (node_modules/.pnpm/@testing-library+react@16.3.1_@testing-library+dom@10.4.1_@types+react-dom@19.2.3_@type_68c5b21a70acecf0fbbfd97f51128017/node_modules/@testing-library/react/dist/pure.js:189:26)
      at render (node_modules/.pnpm/@testing-library+react@16.3.1_@testing-library+dom@10.4.1_@types+react-dom@19.2.3_@type_68c5b21a70acecf0fbbfd97f51128017/node_modules/@testing-library/react/dist/pure.js:291:10)
      at renderWithTheme (__tests__/pages/models.test.tsx:64:16)
      at Object.<anonymous> (__tests__/pages/models.test.tsx:204:5)

  ● ModelsPage › handles stop model click

    TypeError: models.map is not a function

      196 |         {/* Models Grid */}
      197 |         <Grid container spacing={3}>
    > 198 |           {models.map((model) => (
          |                   ^
      199 |             <Grid key={model.id} size={{ xs: 12, sm: 6, md: 4, lg: 3 }}>
      200 |               <Card
      201 |                 sx={{

      at ModelsPage (app/models/page.tsx:198:19)
      at Object.react_stack_bottom_frame (node_modules/.pnpm/react-dom@19.2.3_react@19.2.3/node_modules/react-dom/cjs/react-dom-client.development.js:25904:20)
      at renderWithHooks (node_modules/.pnpm/react-dom@19.2.3_react@19.2.3/node_modules/react-dom/cjs/react-dom-client.development.js:7662:22)
      at updateFunctionComponent (node_modules/.pnpm/react-dom@19.2.3_react@19.2.3/node_modules/react-dom/cjs/react-dom-client.development.js:10166:19)
      at beginWork (node_modules/.pnpm/react-dom@19.2.3_react@19.2.3/node_modules/react-dom/cjs/react-dom-client.development.js:11778:18)
      at runWithFiberInDEV (node_modules/.pnpm/react-dom@19.2.3_react@19.2.3/node_modules/react-dom/cjs/react-dom-client.development.js:874:13)
      at performUnitOfWork (node_modules/.pnpm/react-dom@19.2.3_react@19.2.3/node_modules/react-dom/cjs/react-dom-client.development.js:17641:22)
      at workLoopSync (node_modules/.pnpm/react-dom@19.2.3_react@19.2.3/node_modules/react-dom/cjs/react-dom-client.development.js:17469:41)
      at renderRootSync (node_modules/.pnpm/react-dom@19.2.3_react@19.2.3/node_modules/react-dom/cjs/react-dom-client.development.js:17450:11)
      at performWorkOnRoot (node_modules/.pnpm/react-dom@19.2.3_react@19.2.3/node_modules/react-dom/cjs/react-dom-client.development.js:16583:35)
      at performWorkOnRootViaSchedulerTask (node_modules/.pnpm/react-dom@19.2.3_react@19.2.3/node_modules/react-dom/cjs/react-dom-client.development.js:18957:7)
      at flushActQueue (node_modules/.pnpm/react@19.2.3/node_modules/react/cjs/react.development.js:590:34)
      at process.env.NODE_ENV.exports.act (node_modules/.pnpm/react@19.2.3/node_modules/react/cjs/react.development.js:884:10)
      at node_modules/.pnpm/@testing-library+react@16.3.1_@testing-library+dom@10.4.1_@types+react-dom@19.2.3_@type_68c5b21a70acecf0fbbfd97f51128017/node_modules/@testing-library/react/dist/act-compat.js:46:25
      at renderRoot (node_modules/.pnpm/@testing-library+react@16.3.1_@testing-library+dom@10.4.1_@types+react-dom@19.2.3_@type_68c5b21a70acecf0fbbfd97f51128017/node_modules/@testing-library/react/dist/pure.js:189:26)
      at render (node_modules/.pnpm/@testing-library+react@16.3.1_@testing-library+dom@10.4.1_@types+react-dom@19.2.3_@type_68c5b21a70acecf0fbbfd97f51128017/node_modules/@testing-library/react/dist/pure.js:291:10)
      at renderWithTheme (__tests__/pages/models.test.tsx:64:16)
      at Object.<anonymous> (__tests__/pages/models.test.tsx:236:5)

  ● ModelsPage › handles start model error

    TypeError: models.map is not a function

      196 |         {/* Models Grid */}
      197 |         <Grid container spacing={3}>
    > 198 |           {models.map((model) => (
          |                   ^
      199 |             <Grid key={model.id} size={{ xs: 12, sm: 6, md: 4, lg: 3 }}>
      200 |               <Card
      201 |                 sx={{

      at ModelsPage (app/models/page.tsx:198:19)
      at Object.react_stack_bottom_frame (node_modules/.pnpm/react-dom@19.2.3_react@19.2.3/node_modules/react-dom/cjs/react-dom-client.development.js:25904:20)
      at renderWithHooks (node_modules/.pnpm/react-dom@19.2.3_react@19.2.3/node_modules/react-dom/cjs/react-dom-client.development.js:7662:22)
      at updateFunctionComponent (node_modules/.pnpm/react-dom@19.2.3_react@19.2.3/node_modules/react-dom/cjs/react-dom-client.development.js:10166:19)
      at beginWork (node_modules/.pnpm/react-dom@19.2.3_react@19.2.3/node_modules/react-dom/cjs/react-dom-client.development.js:11778:18)
      at runWithFiberInDEV (node_modules/.pnpm/react-dom@19.2.3_react@19.2.3/node_modules/react-dom/cjs/react-dom-client.development.js:874:13)
      at performUnitOfWork (node_modules/.pnpm/react-dom@19.2.3_react@19.2.3/node_modules/react-dom/cjs/react-dom-client.development.js:17641:22)
      at workLoopSync (node_modules/.pnpm/react-dom@19.2.3_react@19.2.3/node_modules/react-dom/cjs/react-dom-client.development.js:17469:41)
      at renderRootSync (node_modules/.pnpm/react-dom@19.2.3_react@19.2.3/node_modules/react-dom/cjs/react-dom-client.development.js:17450:11)
      at performWorkOnRoot (node_modules/.pnpm/react-dom@19.2.3_react@19.2.3/node_modules/react-dom/cjs/react-dom-client.development.js:16583:35)
      at performWorkOnRootViaSchedulerTask (node_modules/.pnpm/react-dom@19.2.3_react@19.2.3/node_modules/react-dom/cjs/react-dom-client.development.js:18957:7)
      at flushActQueue (node_modules/.pnpm/react@19.2.3/node_modules/react/cjs/react.development.js:590:34)
      at process.env.NODE_ENV.exports.act (node_modules/.pnpm/react@19.2.3/node_modules/react/cjs/react.development.js:884:10)
      at node_modules/.pnpm/@testing-library+react@16.3.1_@testing-library+dom@10.4.1_@types+react-dom@19.2.3_@type_68c5b21a70acecf0fbbfd97f51128017/node_modules/@testing-library/react/dist/act-compat.js:46:25
      at renderRoot (node_modules/.pnpm/@testing-library+react@16.3.1_@testing-library+dom@10.4.1_@types+react-dom@19.2.3_@type_68c5b21a70acecf0fbbfd97f51128017/node_modules/@testing-library/react/dist/pure.js:189:26)
      at render (node_modules/.pnpm/@testing-library+react@16.3.1_@testing-library+dom@10.4.1_@types+react-dom@19.2.3_@type_68c5b21a70acecf0fbbfd97f51128017/node_modules/@testing-library/react/dist/pure.js:291:10)
      at renderWithTheme (__tests__/pages/models.test.tsx:64:16)
      at Object.<anonymous> (__tests__/pages/models.test.tsx:265:5)

  ● ModelsPage › handles stop model error

    TypeError: models.map is not a function

      196 |         {/* Models Grid */}
      197 |         <Grid container spacing={3}>
    > 198 |           {models.map((model) => (
          |                   ^
      199 |             <Grid key={model.id} size={{ xs: 12, sm: 6, md: 4, lg: 3 }}>
      200 |               <Card
      201 |                 sx={{

      at ModelsPage (app/models/page.tsx:198:19)
      at Object.react_stack_bottom_frame (node_modules/.pnpm/react-dom@19.2.3_react@19.2.3/node_modules/react-dom/cjs/react-dom-client.development.js:25904:20)
      at renderWithHooks (node_modules/.pnpm/react-dom@19.2.3_react@19.2.3/node_modules/react-dom/cjs/react-dom-client.development.js:7662:22)
      at updateFunctionComponent (node_modules/.pnpm/react-dom@19.2.3_react@19.2.3/node_modules/react-dom/cjs/react-dom-client.development.js:10166:19)
      at beginWork (node_modules/.pnpm/react-dom@19.2.3_react@19.2.3/node_modules/react-dom/cjs/react-dom-client.development.js:11778:18)
      at runWithFiberInDEV (node_modules/.pnpm/react-dom@19.2.3_react@19.2.3/node_modules/react-dom/cjs/react-dom-client.development.js:874:13)
      at performUnitOfWork (node_modules/.pnpm/react-dom@19.2.3_react@19.2.3/node_modules/react-dom/cjs/react-dom-client.development.js:17641:22)
      at workLoopSync (node_modules/.pnpm/react-dom@19.2.3_react@19.2.3/node_modules/react-dom/cjs/react-dom-client.development.js:17469:41)
      at renderRootSync (node_modules/.pnpm/react-dom@19.2.3_react@19.2.3/node_modules/react-dom/cjs/react-dom-client.development.js:17450:11)
      at performWorkOnRoot (node_modules/.pnpm/react-dom@19.2.3_react@19.2.3/node_modules/react-dom/cjs/react-dom-client.development.js:16583:35)
      at performWorkOnRootViaSchedulerTask (node_modules/.pnpm/react-dom@19.2.3_react@19.2.3/node_modules/react-dom/cjs/react-dom-client.development.js:18957:7)
      at flushActQueue (node_modules/.pnpm/react@19.2.3/node_modules/react/cjs/react.development.js:590:34)
      at process.env.NODE_ENV.exports.act (node_modules/.pnpm/react@19.2.3/node_modules/react/cjs/react.development.js:884:10)
      at node_modules/.pnpm/@testing-library+react@16.3.1_@testing-library+dom@10.4.1_@types+react-dom@19.2.3_@type_68c5b21a70acecf0fbbfd97f51128017/node_modules/@testing-library/react/dist/act-compat.js:46:25
      at renderRoot (node_modules/.pnpm/@testing-library+react@16.3.1_@testing-library+dom@10.4.1_@types+react-dom@19.2.3_@type_68c5b21a70acecf0fbbfd97f51128017/node_modules/@testing-library/react/dist/pure.js:189:26)
      at render (node_modules/.pnpm/@testing-library+react@16.3.1_@testing-library+dom@10.4.1_@types+react-dom@19.2.3_@type_68c5b21a70acecf0fbbfd97f51128017/node_modules/@testing-library/react/dist/pure.js:291:10)
      at renderWithTheme (__tests__/pages/models.test.tsx:64:16)
      at Object.<anonymous> (__tests__/pages/models.test.tsx:294:5)

  ● ModelsPage › displays error message

    TypeError: models.map is not a function

      196 |         {/* Models Grid */}
      197 |         <Grid container spacing={3}>
    > 198 |           {models.map((model) => (
          |                   ^
      199 |             <Grid key={model.id} size={{ xs: 12, sm: 6, md: 4, lg: 3 }}>
      200 |               <Card
      201 |                 sx={{

      at ModelsPage (app/models/page.tsx:198:19)
      at Object.react_stack_bottom_frame (node_modules/.pnpm/react-dom@19.2.3_react@19.2.3/node_modules/react-dom/cjs/react-dom-client.development.js:25904:20)
      at renderWithHooks (node_modules/.pnpm/react-dom@19.2.3_react@19.2.3/node_modules/react-dom/cjs/react-dom-client.development.js:7662:22)
      at updateFunctionComponent (node_modules/.pnpm/react-dom@19.2.3_react@19.2.3/node_modules/react-dom/cjs/react-dom-client.development.js:10166:19)
      at beginWork (node_modules/.pnpm/react-dom@19.2.3_react@19.2.3/node_modules/react-dom/cjs/react-dom-client.development.js:11778:18)
      at runWithFiberInDEV (node_modules/.pnpm/react-dom@19.2.3_react@19.2.3/node_modules/react-dom/cjs/react-dom-client.development.js:874:13)
      at performUnitOfWork (node_modules/.pnpm/react-dom@19.2.3_react@19.2.3/node_modules/react-dom/cjs/react-dom-client.development.js:17641:22)
      at workLoopSync (node_modules/.pnpm/react-dom@19.2.3_react@19.2.3/node_modules/react-dom/cjs/react-dom-client.development.js:17469:41)
      at renderRootSync (node_modules/.pnpm/react-dom@19.2.3_react@19.2.3/node_modules/react-dom/cjs/react-dom-client.development.js:17450:11)
      at performWorkOnRoot (node_modules/.pnpm/react-dom@19.2.3_react@19.2.3/node_modules/react-dom/cjs/react-dom-client.development.js:16583:35)
      at performWorkOnRootViaSchedulerTask (node_modules/.pnpm/react-dom@19.2.3_react@19.2.3/node_modules/react-dom/cjs/react-dom-client.development.js:18957:7)
      at flushActQueue (node_modules/.pnpm/react@19.2.3/node_modules/react/cjs/react.development.js:590:34)
      at process.env.NODE_ENV.exports.act (node_modules/.pnpm/react@19.2.3/node_modules/react/cjs/react.development.js:884:10)
      at node_modules/.pnpm/@testing-library+react@16.3.1_@testing-library+dom@10.4.1_@types+react-dom@19.2.3_@type_68c5b21a70acecf0fbbfd97f51128017/node_modules/@testing-library/react/dist/act-compat.js:46:25
      at renderRoot (node_modules/.pnpm/@testing-library+react@16.3.1_@testing-library+dom@10.4.1_@types+react-dom@19.2.3_@type_68c5b21a70acecf0fbbfd97f51128017/node_modules/@testing-library/react/dist/pure.js:189:26)
      at render (node_modules/.pnpm/@testing-library+react@16.3.1_@testing-library+dom@10.4.1_@types+react-dom@19.2.3_@type_68c5b21a70acecf0fbbfd97f51128017/node_modules/@testing-library/react/dist/pure.js:291:10)
      at Object.<anonymous> (__tests__/pages/models.test.tsx:312:11)

  ● ModelsPage › clears error on new action

    TypeError: models.map is not a function

      196 |         {/* Models Grid */}
      197 |         <Grid container spacing={3}>
    > 198 |           {models.map((model) => (
          |                   ^
      199 |             <Grid key={model.id} size={{ xs: 12, sm: 6, md: 4, lg: 3 }}>
      200 |               <Card
      201 |                 sx={{

      at ModelsPage (app/models/page.tsx:198:19)
      at Object.react_stack_bottom_frame (node_modules/.pnpm/react-dom@19.2.3_react@19.2.3/node_modules/react-dom/cjs/react-dom-client.development.js:25904:20)
      at renderWithHooks (node_modules/.pnpm/react-dom@19.2.3_react@19.2.3/node_modules/react-dom/cjs/react-dom-client.development.js:7662:22)
      at updateFunctionComponent (node_modules/.pnpm/react-dom@19.2.3_react@19.2.3/node_modules/react-dom/cjs/react-dom-client.development.js:10166:19)
      at beginWork (node_modules/.pnpm/react-dom@19.2.3_react@19.2.3/node_modules/react-dom/cjs/react-dom-client.development.js:11778:18)
      at runWithFiberInDEV (node_modules/.pnpm/react-dom@19.2.3_react@19.2.3/node_modules/react-dom/cjs/react-dom-client.development.js:874:13)
      at performUnitOfWork (node_modules/.pnpm/react-dom@19.2.3_react@19.2.3/node_modules/react-dom/cjs/react-dom-client.development.js:17641:22)
      at workLoopSync (node_modules/.pnpm/react-dom@19.2.3_react@19.2.3/node_modules/react-dom/cjs/react-dom-client.development.js:17469:41)
      at renderRootSync (node_modules/.pnpm/react-dom@19.2.3_react@19.2.3/node_modules/react-dom/cjs/react-dom-client.development.js:17450:11)
      at performWorkOnRoot (node_modules/.pnpm/react-dom@19.2.3_react@19.2.3/node_modules/react-dom/cjs/react-dom-client.development.js:16583:35)
      at performWorkOnRootViaSchedulerTask (node_modules/.pnpm/react-dom@19.2.3_react@19.2.3/node_modules/react-dom/cjs/react-dom-client.development.js:18957:7)
      at flushActQueue (node_modules/.pnpm/react@19.2.3/node_modules/react/cjs/react.development.js:590:34)
      at process.env.NODE_ENV.exports.act (node_modules/.pnpm/react@19.2.3/node_modules/react/cjs/react.development.js:884:10)
      at node_modules/.pnpm/@testing-library+react@16.3.1_@testing-library+dom@10.4.1_@types+react-dom@19.2.3_@type_68c5b21a70acecf0fbbfd97f51128017/node_modules/@testing-library/react/dist/act-compat.js:46:25
      at renderRoot (node_modules/.pnpm/@testing-library+react@16.3.1_@testing-library+dom@10.4.1_@types+react-dom@19.2.3_@type_68c5b21a70acecf0fbbfd97f51128017/node_modules/@testing-library/react/dist/pure.js:189:26)
      at render (node_modules/.pnpm/@testing-library+react@16.3.1_@testing-library+dom@10.4.1_@types+react-dom@19.2.3_@type_68c5b21a70acecf0fbbfd97f51128017/node_modules/@testing-library/react/dist/pure.js:291:10)
      at renderWithTheme (__tests__/pages/models.test.tsx:64:16)
      at Object.<anonymous> (__tests__/pages/models.test.tsx:343:5)

  ● ModelsPage › handles model not found error

    TypeError: models.map is not a function

      196 |         {/* Models Grid */}
      197 |         <Grid container spacing={3}>
    > 198 |           {models.map((model) => (
          |                   ^
      199 |             <Grid key={model.id} size={{ xs: 12, sm: 6, md: 4, lg: 3 }}>
      200 |               <Card
      201 |                 sx={{

      at ModelsPage (app/models/page.tsx:198:19)
      at Object.react_stack_bottom_frame (node_modules/.pnpm/react-dom@19.2.3_react@19.2.3/node_modules/react-dom/cjs/react-dom-client.development.js:25904:20)
      at renderWithHooks (node_modules/.pnpm/react-dom@19.2.3_react@19.2.3/node_modules/react-dom/cjs/react-dom-client.development.js:7662:22)
      at updateFunctionComponent (node_modules/.pnpm/react-dom@19.2.3_react@19.2.3/node_modules/react-dom/cjs/react-dom-client.development.js:10166:19)
      at beginWork (node_modules/.pnpm/react-dom@19.2.3_react@19.2.3/node_modules/react-dom/cjs/react-dom-client.development.js:11778:18)
      at runWithFiberInDEV (node_modules/.pnpm/react-dom@19.2.3_react@19.2.3/node_modules/react-dom/cjs/react-dom-client.development.js:874:13)
      at performUnitOfWork (node_modules/.pnpm/react-dom@19.2.3_react@19.2.3/node_modules/react-dom/cjs/react-dom-client.development.js:17641:22)
      at workLoopSync (node_modules/.pnpm/react-dom@19.2.3_react@19.2.3/node_modules/react-dom/cjs/react-dom-client.development.js:17469:41)
      at renderRootSync (node_modules/.pnpm/react-dom@19.2.3_react@19.2.3/node_modules/react-dom/cjs/react-dom-client.development.js:17450:11)
      at performWorkOnRoot (node_modules/.pnpm/react-dom@19.2.3_react@19.2.3/node_modules/react-dom/cjs/react-dom-client.development.js:16583:35)
      at performWorkOnRootViaSchedulerTask (node_modules/.pnpm/react-dom@19.2.3_react@19.2.3/node_modules/react-dom/cjs/react-dom-client.development.js:18957:7)
      at flushActQueue (node_modules/.pnpm/react@19.2.3/node_modules/react/cjs/react.development.js:590:34)
      at process.env.NODE_ENV.exports.act (node_modules/.pnpm/react@19.2.3/node_modules/react/cjs/react.development.js:884:10)
      at node_modules/.pnpm/@testing-library+react@16.3.1_@testing-library+dom@10.4.1_@types+react-dom@19.2.3_@type_68c5b21a70acecf0fbbfd97f51128017/node_modules/@testing-library/react/dist/act-compat.js:46:25
      at renderRoot (node_modules/.pnpm/@testing-library+react@16.3.1_@testing-library+dom@10.4.1_@types+react-dom@19.2.3_@type_68c5b21a70acecf0fbbfd97f51128017/node_modules/@testing-library/react/dist/pure.js:189:26)
      at render (node_modules/.pnpm/@testing-library+react@16.3.1_@testing-library+dom@10.4.1_@types+react-dom@19.2.3_@type_68c5b21a70acecf0fbbfd97f51128017/node_modules/@testing-library/react/dist/pure.js:291:10)
      at renderWithTheme (__tests__/pages/models.test.tsx:64:16)
      at Object.<anonymous> (__tests__/pages/models.test.tsx:375:5)

  ● ModelsPage › normalizes status correctly

    TypeError: models.map is not a function

      196 |         {/* Models Grid */}
      197 |         <Grid container spacing={3}>
    > 198 |           {models.map((model) => (
          |                   ^
      199 |             <Grid key={model.id} size={{ xs: 12, sm: 6, md: 4, lg: 3 }}>
      200 |               <Card
      201 |                 sx={{

      at ModelsPage (app/models/page.tsx:198:19)
      at Object.react_stack_bottom_frame (node_modules/.pnpm/react-dom@19.2.3_react@19.2.3/node_modules/react-dom/cjs/react-dom-client.development.js:25904:20)
      at renderWithHooks (node_modules/.pnpm/react-dom@19.2.3_react@19.2.3/node_modules/react-dom/cjs/react-dom-client.development.js:7662:22)
      at updateFunctionComponent (node_modules/.pnpm/react-dom@19.2.3_react@19.2.3/node_modules/react-dom/cjs/react-dom-client.development.js:10166:19)
      at beginWork (node_modules/.pnpm/react-dom@19.2.3_react@19.2.3/node_modules/react-dom/cjs/react-dom-client.development.js:11778:18)
      at runWithFiberInDEV (node_modules/.pnpm/react-dom@19.2.3_react@19.2.3/node_modules/react-dom/cjs/react-dom-client.development.js:874:13)
      at performUnitOfWork (node_modules/.pnpm/react-dom@19.2.3_react@19.2.3/node_modules/react-dom/cjs/react-dom-client.development.js:17641:22)
      at workLoopSync (node_modules/.pnpm/react-dom@19.2.3_react@19.2.3/node_modules/react-dom/cjs/react-dom-client.development.js:17469:41)
      at renderRootSync (node_modules/.pnpm/react-dom@19.2.3_react@19.2.3/node_modules/react-dom/cjs/react-dom-client.development.js:17450:11)
      at performWorkOnRoot (node_modules/.pnpm/react-dom@19.2.3_react@19.2.3/node_modules/react-dom/cjs/react-dom-client.development.js:16583:35)
      at performWorkOnRootViaSchedulerTask (node_modules/.pnpm/react-dom@19.2.3_react@19.2.3/node_modules/react-dom/cjs/react-dom-client.development.js:18957:7)
      at flushActQueue (node_modules/.pnpm/react@19.2.3/node_modules/react/cjs/react.development.js:590:34)
      at process.env.NODE_ENV.exports.act (node_modules/.pnpm/react@19.2.3/node_modules/react/cjs/react.development.js:884:10)
      at node_modules/.pnpm/@testing-library+react@16.3.1_@testing-library+dom@10.4.1_@types+react-dom@19.2.3_@type_68c5b21a70acecf0fbbfd97f51128017/node_modules/@testing-library/react/dist/act-compat.js:46:25
      at renderRoot (node_modules/.pnpm/@testing-library+react@16.3.1_@testing-library+dom@10.4.1_@types+react-dom@19.2.3_@type_68c5b21a70acecf0fbbfd97f51128017/node_modules/@testing-library/react/dist/pure.js:189:26)
      at render (node_modules/.pnpm/@testing-library+react@16.3.1_@testing-library+dom@10.4.1_@types+react-dom@19.2.3_@type_68c5b21a70acecf0fbbfd97f51128017/node_modules/@testing-library/react/dist/pure.js:291:10)
      at renderWithTheme (__tests__/pages/models.test.tsx:64:16)
      at Object.<anonymous> (__tests__/pages/models.test.tsx:386:5)

  ● ModelsPage › applies dark mode styles correctly

    TypeError: models.map is not a function

      196 |         {/* Models Grid */}
      197 |         <Grid container spacing={3}>
    > 198 |           {models.map((model) => (
          |                   ^
      199 |             <Grid key={model.id} size={{ xs: 12, sm: 6, md: 4, lg: 3 }}>
      200 |               <Card
      201 |                 sx={{

      at ModelsPage (app/models/page.tsx:198:19)
      at Object.react_stack_bottom_frame (node_modules/.pnpm/react-dom@19.2.3_react@19.2.3/node_modules/react-dom/cjs/react-dom-client.development.js:25904:20)
      at renderWithHooks (node_modules/.pnpm/react-dom@19.2.3_react@19.2.3/node_modules/react-dom/cjs/react-dom-client.development.js:7662:22)
      at updateFunctionComponent (node_modules/.pnpm/react-dom@19.2.3_react@19.2.3/node_modules/react-dom/cjs/react-dom-client.development.js:10166:19)
      at beginWork (node_modules/.pnpm/react-dom@19.2.3_react@19.2.3/node_modules/react-dom/cjs/react-dom-client.development.js:11778:18)
      at runWithFiberInDEV (node_modules/.pnpm/react-dom@19.2.3_react@19.2.3/node_modules/react-dom/cjs/react-dom-client.development.js:874:13)
      at performUnitOfWork (node_modules/.pnpm/react-dom@19.2.3_react@19.2.3/node_modules/react-dom/cjs/react-dom-client.development.js:17641:22)
      at workLoopSync (node_modules/.pnpm/react-dom@19.2.3_react@19.2.3/node_modules/react-dom/cjs/react-dom-client.development.js:17469:41)
      at renderRootSync (node_modules/.pnpm/react-dom@19.2.3_react@19.2.3/node_modules/react-dom/cjs/react-dom-client.development.js:17450:11)
      at performWorkOnRoot (node_modules/.pnpm/react-dom@19.2.3_react@19.2.3/node_modules/react-dom/cjs/react-dom-client.development.js:16583:35)
      at performWorkOnRootViaSchedulerTask (node_modules/.pnpm/react-dom@19.2.3_react@19.2.3/node_modules/react-dom/cjs/react-dom-client.development.js:18957:7)
      at flushActQueue (node_modules/.pnpm/react@19.2.3/node_modules/react/cjs/react.development.js:590:34)
      at process.env.NODE_ENV.exports.act (node_modules/.pnpm/react@19.2.3/node_modules/react/cjs/react.development.js:884:10)
      at node_modules/.pnpm/@testing-library+react@16.3.1_@testing-library+dom@10.4.1_@types+react-dom@19.2.3_@type_68c5b21a70acecf0fbbfd97f51128017/node_modules/@testing-library/react/dist/act-compat.js:46:25
      at renderRoot (node_modules/.pnpm/@testing-library+react@16.3.1_@testing-library+dom@10.4.1_@types+react-dom@19.2.3_@type_68c5b21a70acecf0fbbfd97f51128017/node_modules/@testing-library/react/dist/pure.js:189:26)
      at render (node_modules/.pnpm/@testing-library+react@16.3.1_@testing-library+dom@10.4.1_@types+react-dom@19.2.3_@type_68c5b21a70acecf0fbbfd97f51128017/node_modules/@testing-library/react/dist/pure.js:291:10)
      at renderWithTheme (__tests__/pages/models.test.tsx:64:16)
      at Object.<anonymous> (__tests__/pages/models.test.tsx:393:5)

  ● ModelsPage › displays model cards with hover effect

    TypeError: models.map is not a function

      196 |         {/* Models Grid */}
      197 |         <Grid container spacing={3}>
    > 198 |           {models.map((model) => (
          |                   ^
      199 |             <Grid key={model.id} size={{ xs: 12, sm: 6, md: 4, lg: 3 }}>
      200 |               <Card
      201 |                 sx={{

      at ModelsPage (app/models/page.tsx:198:19)
      at Object.react_stack_bottom_frame (node_modules/.pnpm/react-dom@19.2.3_react@19.2.3/node_modules/react-dom/cjs/react-dom-client.development.js:25904:20)
      at renderWithHooks (node_modules/.pnpm/react-dom@19.2.3_react@19.2.3/node_modules/react-dom/cjs/react-dom-client.development.js:7662:22)
      at updateFunctionComponent (node_modules/.pnpm/react-dom@19.2.3_react@19.2.3/node_modules/react-dom/cjs/react-dom-client.development.js:10166:19)
      at beginWork (node_modules/.pnpm/react-dom@19.2.3_react@19.2.3/node_modules/react-dom/cjs/react-dom-client.development.js:11778:18)
      at runWithFiberInDEV (node_modules/.pnpm/react-dom@19.2.3_react@19.2.3/node_modules/react-dom/cjs/react-dom-client.development.js:874:13)
      at performUnitOfWork (node_modules/.pnpm/react-dom@19.2.3_react@19.2.3/node_modules/react-dom/cjs/react-dom-client.development.js:17641:22)
      at workLoopSync (node_modules/.pnpm/react-dom@19.2.3_react@19.2.3/node_modules/react-dom/cjs/react-dom-client.development.js:17469:41)
      at renderRootSync (node_modules/.pnpm/react-dom@19.2.3_react@19.2.3/node_modules/react-dom/cjs/react-dom-client.development.js:17450:11)
      at performWorkOnRoot (node_modules/.pnpm/react-dom@19.2.3_react@19.2.3/node_modules/react-dom/cjs/react-dom-client.development.js:16583:35)
      at performWorkOnRootViaSchedulerTask (node_modules/.pnpm/react-dom@19.2.3_react@19.2.3/node_modules/react-dom/cjs/react-dom-client.development.js:18957:7)
      at flushActQueue (node_modules/.pnpm/react@19.2.3/node_modules/react/cjs/react.development.js:590:34)
      at process.env.NODE_ENV.exports.act (node_modules/.pnpm/react@19.2.3/node_modules/react/cjs/react.development.js:884:10)
      at node_modules/.pnpm/@testing-library+react@16.3.1_@testing-library+dom@10.4.1_@types+react-dom@19.2.3_@type_68c5b21a70acecf0fbbfd97f51128017/node_modules/@testing-library/react/dist/act-compat.js:46:25
      at renderRoot (node_modules/.pnpm/@testing-library+react@16.3.1_@testing-library+dom@10.4.1_@types+react-dom@19.2.3_@type_68c5b21a70acecf0fbbfd97f51128017/node_modules/@testing-library/react/dist/pure.js:189:26)
      at render (node_modules/.pnpm/@testing-library+react@16.3.1_@testing-library+dom@10.4.1_@types+react-dom@19.2.3_@type_68c5b21a70acecf0fbbfd97f51128017/node_modules/@testing-library/react/dist/pure.js:291:10)
      at renderWithTheme (__tests__/pages/models.test.tsx:64:16)
      at Object.<anonymous> (__tests__/pages/models.test.tsx:399:5)

  ● ModelsPage › handles refresh click

    TypeError: models.map is not a function

      196 |         {/* Models Grid */}
      197 |         <Grid container spacing={3}>
    > 198 |           {models.map((model) => (
          |                   ^
      199 |             <Grid key={model.id} size={{ xs: 12, sm: 6, md: 4, lg: 3 }}>
      200 |               <Card
      201 |                 sx={{

      at ModelsPage (app/models/page.tsx:198:19)
      at Object.react_stack_bottom_frame (node_modules/.pnpm/react-dom@19.2.3_react@19.2.3/node_modules/react-dom/cjs/react-dom-client.development.js:25904:20)
      at renderWithHooks (node_modules/.pnpm/react-dom@19.2.3_react@19.2.3/node_modules/react-dom/cjs/react-dom-client.development.js:7662:22)
      at updateFunctionComponent (node_modules/.pnpm/react-dom@19.2.3_react@19.2.3/node_modules/react-dom/cjs/react-dom-client.development.js:10166:19)
      at beginWork (node_modules/.pnpm/react-dom@19.2.3_react@19.2.3/node_modules/react-dom/cjs/react-dom-client.development.js:11778:18)
      at runWithFiberInDEV (node_modules/.pnpm/react-dom@19.2.3_react@19.2.3/node_modules/react-dom/cjs/react-dom-client.development.js:874:13)
      at performUnitOfWork (node_modules/.pnpm/react-dom@19.2.3_react@19.2.3/node_modules/react-dom/cjs/react-dom-client.development.js:17641:22)
      at workLoopSync (node_modules/.pnpm/react-dom@19.2.3_react@19.2.3/node_modules/react-dom/cjs/react-dom-client.development.js:17469:41)
      at renderRootSync (node_modules/.pnpm/react-dom@19.2.3_react@19.2.3/node_modules/react-dom/cjs/react-dom-client.development.js:17450:11)
      at performWorkOnRoot (node_modules/.pnpm/react-dom@19.2.3_react@19.2.3/node_modules/react-dom/cjs/react-dom-client.development.js:16583:35)
      at performWorkOnRootViaSchedulerTask (node_modules/.pnpm/react-dom@19.2.3_react@19.2.3/node_modules/react-dom/cjs/react-dom-client.development.js:18957:7)
      at flushActQueue (node_modules/.pnpm/react@19.2.3/node_modules/react/cjs/react.development.js:590:34)
      at process.env.NODE_ENV.exports.act (node_modules/.pnpm/react@19.2.3/node_modules/react/cjs/react.development.js:884:10)
      at node_modules/.pnpm/@testing-library+react@16.3.1_@testing-library+dom@10.4.1_@types+react-dom@19.2.3_@type_68c5b21a70acecf0fbbfd97f51128017/node_modules/@testing-library/react/dist/act-compat.js:46:25
      at renderRoot (node_modules/.pnpm/@testing-library+react@16.3.1_@testing-library+dom@10.4.1_@types+react-dom@19.2.3_@type_68c5b21a70acecf0fbbfd97f51128017/node_modules/@testing-library/react/dist/pure.js:189:26)
      at render (node_modules/.pnpm/@testing-library+react@16.3.1_@testing-library+dom@10.4.1_@types+react-dom@19.2.3_@type_68c5b21a70acecf0fbbfd97f51128017/node_modules/@testing-library/react/dist/pure.js:291:10)
      at renderWithTheme (__tests__/pages/models.test.tsx:64:16)
      at Object.<anonymous> (__tests__/pages/models.test.tsx:406:5)

  ● ModelsPage › handles add model click

    TypeError: models.map is not a function

      196 |         {/* Models Grid */}
      197 |         <Grid container spacing={3}>
    > 198 |           {models.map((model) => (
          |                   ^
      199 |             <Grid key={model.id} size={{ xs: 12, sm: 6, md: 4, lg: 3 }}>
      200 |               <Card
      201 |                 sx={{

      at ModelsPage (app/models/page.tsx:198:19)
      at Object.react_stack_bottom_frame (node_modules/.pnpm/react-dom@19.2.3_react@19.2.3/node_modules/react-dom/cjs/react-dom-client.development.js:25904:20)
      at renderWithHooks (node_modules/.pnpm/react-dom@19.2.3_react@19.2.3/node_modules/react-dom/cjs/react-dom-client.development.js:7662:22)
      at updateFunctionComponent (node_modules/.pnpm/react-dom@19.2.3_react@19.2.3/node_modules/react-dom/cjs/react-dom-client.development.js:10166:19)
      at beginWork (node_modules/.pnpm/react-dom@19.2.3_react@19.2.3/node_modules/react-dom/cjs/react-dom-client.development.js:11778:18)
      at runWithFiberInDEV (node_modules/.pnpm/react-dom@19.2.3_react@19.2.3/node_modules/react-dom/cjs/react-dom-client.development.js:874:13)
      at performUnitOfWork (node_modules/.pnpm/react-dom@19.2.3_react@19.2.3/node_modules/react-dom/cjs/react-dom-client.development.js:17641:22)
      at workLoopSync (node_modules/.pnpm/react-dom@19.2.3_react@19.2.3/node_modules/react-dom/cjs/react-dom-client.development.js:17469:41)
      at renderRootSync (node_modules/.pnpm/react-dom@19.2.3_react@19.2.3/node_modules/react-dom/cjs/react-dom-client.development.js:17450:11)
      at performWorkOnRoot (node_modules/.pnpm/react-dom@19.2.3_react@19.2.3/node_modules/react-dom/cjs/react-dom-client.development.js:16583:35)
      at performWorkOnRootViaSchedulerTask (node_modules/.pnpm/react-dom@19.2.3_react@19.2.3/node_modules/react-dom/cjs/react-dom-client.development.js:18957:7)
      at flushActQueue (node_modules/.pnpm/react@19.2.3/node_modules/react/cjs/react.development.js:590:34)
      at process.env.NODE_ENV.exports.act (node_modules/.pnpm/react@19.2.3/node_modules/react/cjs/react.development.js:884:10)
      at node_modules/.pnpm/@testing-library+react@16.3.1_@testing-library+dom@10.4.1_@types+react-dom@19.2.3_@type_68c5b21a70acecf0fbbfd97f51128017/node_modules/@testing-library/react/dist/act-compat.js:46:25
      at renderRoot (node_modules/.pnpm/@testing-library+react@16.3.1_@testing-library+dom@10.4.1_@types+react-dom@19.2.3_@type_68c5b21a70acecf0fbbfd97f51128017/node_modules/@testing-library/react/dist/pure.js:189:26)
      at render (node_modules/.pnpm/@testing-library+react@16.3.1_@testing-library+dom@10.4.1_@types+react-dom@19.2.3_@type_68c5b21a70acecf0fbbfd97f51128017/node_modules/@testing-library/react/dist/pure.js:291:10)
      at renderWithTheme (__tests__/pages/models.test.tsx:64:16)
      at Object.<anonymous> (__tests__/pages/models.test.tsx:414:5)

  ● ModelsPage › displays linear progress bars

    TypeError: models.map is not a function

      196 |         {/* Models Grid */}
      197 |         <Grid container spacing={3}>
    > 198 |           {models.map((model) => (
          |                   ^
      199 |             <Grid key={model.id} size={{ xs: 12, sm: 6, md: 4, lg: 3 }}>
      200 |               <Card
      201 |                 sx={{

      at ModelsPage (app/models/page.tsx:198:19)
      at Object.react_stack_bottom_frame (node_modules/.pnpm/react-dom@19.2.3_react@19.2.3/node_modules/react-dom/cjs/react-dom-client.development.js:25904:20)
      at renderWithHooks (node_modules/.pnpm/react-dom@19.2.3_react@19.2.3/node_modules/react-dom/cjs/react-dom-client.development.js:7662:22)
      at updateFunctionComponent (node_modules/.pnpm/react-dom@19.2.3_react@19.2.3/node_modules/react-dom/cjs/react-dom-client.development.js:10166:19)
      at beginWork (node_modules/.pnpm/react-dom@19.2.3_react@19.2.3/node_modules/react-dom/cjs/react-dom-client.development.js:11778:18)
      at runWithFiberInDEV (node_modules/.pnpm/react-dom@19.2.3_react@19.2.3/node_modules/react-dom/cjs/react-dom-client.development.js:874:13)
      at performUnitOfWork (node_modules/.pnpm/react-dom@19.2.3_react@19.2.3/node_modules/react-dom/cjs/react-dom-client.development.js:17641:22)
      at workLoopSync (node_modules/.pnpm/react-dom@19.2.3_react@19.2.3/node_modules/react-dom/cjs/react-dom-client.development.js:17469:41)
      at renderRootSync (node_modules/.pnpm/react-dom@19.2.3_react@19.2.3/node_modules/react-dom/cjs/react-dom-client.development.js:17450:11)
      at performWorkOnRoot (node_modules/.pnpm/react-dom@19.2.3_react@19.2.3/node_modules/react-dom/cjs/react-dom-client.development.js:16583:35)
      at performWorkOnRootViaSchedulerTask (node_modules/.pnpm/react-dom@19.2.3_react@19.2.3/node_modules/react-dom/cjs/react-dom-client.development.js:18957:7)
      at flushActQueue (node_modules/.pnpm/react@19.2.3/node_modules/react/cjs/react.development.js:590:34)
      at process.env.NODE_ENV.exports.act (node_modules/.pnpm/react@19.2.3/node_modules/react/cjs/react.development.js:884:10)
      at node_modules/.pnpm/@testing-library+react@16.3.1_@testing-library+dom@10.4.1_@types+react-dom@19.2.3_@type_68c5b21a70acecf0fbbfd97f51128017/node_modules/@testing-library/react/dist/act-compat.js:46:25
      at renderRoot (node_modules/.pnpm/@testing-library+react@16.3.1_@testing-library+dom@10.4.1_@types+react-dom@19.2.3_@type_68c5b21a70acecf0fbbfd97f51128017/node_modules/@testing-library/react/dist/pure.js:189:26)
      at render (node_modules/.pnpm/@testing-library+react@16.3.1_@testing-library+dom@10.4.1_@types+react-dom@19.2.3_@type_68c5b21a70acecf0fbbfd97f51128017/node_modules/@testing-library/react/dist/pure.js:291:10)
      at renderWithTheme (__tests__/pages/models.test.tsx:64:16)
      at Object.<anonymous> (__tests__/pages/models.test.tsx:422:5)

  ● ModelsPage › handles object status format

    TypeError: models.map is not a function

      196 |         {/* Models Grid */}
      197 |         <Grid container spacing={3}>
    > 198 |           {models.map((model) => (
          |                   ^
      199 |             <Grid key={model.id} size={{ xs: 12, sm: 6, md: 4, lg: 3 }}>
      200 |               <Card
      201 |                 sx={{

      at ModelsPage (app/models/page.tsx:198:19)
      at Object.react_stack_bottom_frame (node_modules/.pnpm/react-dom@19.2.3_react@19.2.3/node_modules/react-dom/cjs/react-dom-client.development.js:25904:20)
      at renderWithHooks (node_modules/.pnpm/react-dom@19.2.3_react@19.2.3/node_modules/react-dom/cjs/react-dom-client.development.js:7662:22)
      at updateFunctionComponent (node_modules/.pnpm/react-dom@19.2.3_react@19.2.3/node_modules/react-dom/cjs/react-dom-client.development.js:10166:19)
      at beginWork (node_modules/.pnpm/react-dom@19.2.3_react@19.2.3/node_modules/react-dom/cjs/react-dom-client.development.js:11778:18)
      at runWithFiberInDEV (node_modules/.pnpm/react-dom@19.2.3_react@19.2.3/node_modules/react-dom/cjs/react-dom-client.development.js:874:13)
      at performUnitOfWork (node_modules/.pnpm/react-dom@19.2.3_react@19.2.3/node_modules/react-dom/cjs/react-dom-client.development.js:17641:22)
      at workLoopSync (node_modules/.pnpm/react-dom@19.2.3_react@19.2.3/node_modules/react-dom/cjs/react-dom-client.development.js:17469:41)
      at renderRootSync (node_modules/.pnpm/react-dom@19.2.3_react@19.2.3/node_modules/react-dom/cjs/react-dom-client.development.js:17450:11)
      at performWorkOnRoot (node_modules/.pnpm/react-dom@19.2.3_react@19.2.3/node_modules/react-dom/cjs/react-dom-client.development.js:16583:35)
      at performWorkOnRootViaSchedulerTask (node_modules/.pnpm/react-dom@19.2.3_react@19.2.3/node_modules/react-dom/cjs/react-dom-client.development.js:18957:7)
      at flushActQueue (node_modules/.pnpm/react@19.2.3/node_modules/react/cjs/react.development.js:590:34)
      at process.env.NODE_ENV.exports.act (node_modules/.pnpm/react@19.2.3/node_modules/react/cjs/react.development.js:884:10)
      at node_modules/.pnpm/@testing-library+react@16.3.1_@testing-library+dom@10.4.1_@types+react-dom@19.2.3_@type_68c5b21a70acecf0fbbfd97f51128017/node_modules/@testing-library/react/dist/act-compat.js:46:25
      at renderRoot (node_modules/.pnpm/@testing-library+react@16.3.1_@testing-library+dom@10.4.1_@types+react-dom@19.2.3_@type_68c5b21a70acecf0fbbfd97f51128017/node_modules/@testing-library/react/dist/pure.js:189:26)
      at render (node_modules/.pnpm/@testing-library+react@16.3.1_@testing-library+dom@10.4.1_@types+react-dom@19.2.3_@type_68c5b21a70acecf0fbbfd97f51128017/node_modules/@testing-library/react/dist/pure.js:291:10)
      at renderWithTheme (__tests__/pages/models.test.tsx:64:16)
      at Object.<anonymous> (__tests__/pages/models.test.tsx:443:5)

  ● ModelsPage › handles unknown status format

    TypeError: models.map is not a function

      196 |         {/* Models Grid */}
      197 |         <Grid container spacing={3}>
    > 198 |           {models.map((model) => (
          |                   ^
      199 |             <Grid key={model.id} size={{ xs: 12, sm: 6, md: 4, lg: 3 }}>
      200 |               <Card
      201 |                 sx={{

      at ModelsPage (app/models/page.tsx:198:19)
      at Object.react_stack_bottom_frame (node_modules/.pnpm/react-dom@19.2.3_react@19.2.3/node_modules/react-dom/cjs/react-dom-client.development.js:25904:20)
      at renderWithHooks (node_modules/.pnpm/react-dom@19.2.3_react@19.2.3/node_modules/react-dom/cjs/react-dom-client.development.js:7662:22)
      at updateFunctionComponent (node_modules/.pnpm/react-dom@19.2.3_react@19.2.3/node_modules/react-dom/cjs/react-dom-client.development.js:10166:19)
      at beginWork (node_modules/.pnpm/react-dom@19.2.3_react@19.2.3/node_modules/react-dom/cjs/react-dom-client.development.js:11778:18)
      at runWithFiberInDEV (node_modules/.pnpm/react-dom@19.2.3_react@19.2.3/node_modules/react-dom/cjs/react-dom-client.development.js:874:13)
      at performUnitOfWork (node_modules/.pnpm/react-dom@19.2.3_react@19.2.3/node_modules/react-dom/cjs/react-dom-client.development.js:17641:22)
      at workLoopSync (node_modules/.pnpm/react-dom@19.2.3_react@19.2.3/node_modules/react-dom/cjs/react-dom-client.development.js:17469:41)
      at renderRootSync (node_modules/.pnpm/react-dom@19.2.3_react@19.2.3/node_modules/react-dom/cjs/react-dom-client.development.js:17450:11)
      at performWorkOnRoot (node_modules/.pnpm/react-dom@19.2.3_react@19.2.3/node_modules/react-dom/cjs/react-dom-client.development.js:16583:35)
      at performWorkOnRootViaSchedulerTask (node_modules/.pnpm/react-dom@19.2.3_react@19.2.3/node_modules/react-dom/cjs/react-dom-client.development.js:18957:7)
      at flushActQueue (node_modules/.pnpm/react@19.2.3/node_modules/react/cjs/react.development.js:590:34)
      at process.env.NODE_ENV.exports.act (node_modules/.pnpm/react@19.2.3/node_modules/react/cjs/react.development.js:884:10)
      at node_modules/.pnpm/@testing-library+react@16.3.1_@testing-library+dom@10.4.1_@types+react-dom@19.2.3_@type_68c5b21a70acecf0fbbfd97f51128017/node_modules/@testing-library/react/dist/act-compat.js:46:25
      at renderRoot (node_modules/.pnpm/@testing-library+react@16.3.1_@testing-library+dom@10.4.1_@types+react-dom@19.2.3_@type_68c5b21a70acecf0fbbfd97f51128017/node_modules/@testing-library/react/dist/pure.js:189:26)
      at render (node_modules/.pnpm/@testing-library+react@16.3.1_@testing-library+dom@10.4.1_@types+react-dom@19.2.3_@type_68c5b21a70acecf0fbbfd97f51128017/node_modules/@testing-library/react/dist/pure.js:291:10)
      at renderWithTheme (__tests__/pages/models.test.tsx:64:16)
      at Object.<anonymous> (__tests__/pages/models.test.tsx:463:5)

FAIL __tests__/pages/logs.test.tsx (18.174 s)
  ● LogsPage › renders page header

    TypeError: logs.filter is not a function

      35 |   };
      36 |
    > 37 |   const filteredLogs = logs.filter(log => {
         |                             ^
      38 |     const source = typeof log.context?.source === 'string' ? log.context.source : '';
      39 |
      40 |     // Extract message string - handle both string and Record<string, unknown>

      at LogsPage (app/logs/page.tsx:37:29)
      at Object.react_stack_bottom_frame (node_modules/.pnpm/react-dom@19.2.3_react@19.2.3/node_modules/react-dom/cjs/react-dom-client.development.js:25904:20)
      at renderWithHooks (node_modules/.pnpm/react-dom@19.2.3_react@19.2.3/node_modules/react-dom/cjs/react-dom-client.development.js:7662:22)
      at updateFunctionComponent (node_modules/.pnpm/react-dom@19.2.3_react@19.2.3/node_modules/react-dom/cjs/react-dom-client.development.js:10166:19)
      at beginWork (node_modules/.pnpm/react-dom@19.2.3_react@19.2.3/node_modules/react-dom/cjs/react-dom-client.development.js:11778:18)
      at runWithFiberInDEV (node_modules/.pnpm/react-dom@19.2.3_react@19.2.3/node_modules/react-dom/cjs/react-dom-client.development.js:874:13)
      at performUnitOfWork (node_modules/.pnpm/react-dom@19.2.3_react@19.2.3/node_modules/react-dom/cjs/react-dom-client.development.js:17641:22)
      at workLoopSync (node_modules/.pnpm/react-dom@19.2.3_react@19.2.3/node_modules/react-dom/cjs/react-dom-client.development.js:17469:41)
      at renderRootSync (node_modules/.pnpm/react-dom@19.2.3_react@19.2.3/node_modules/react-dom/cjs/react-dom-client.development.js:17450:11)
      at performWorkOnRoot (node_modules/.pnpm/react-dom@19.2.3_react@19.2.3/node_modules/react-dom/cjs/react-dom-client.development.js:16583:35)
      at performWorkOnRootViaSchedulerTask (node_modules/.pnpm/react-dom@19.2.3_react@19.2.3/node_modules/react-dom/cjs/react-dom-client.development.js:18957:7)
      at flushActQueue (node_modules/.pnpm/react@19.2.3/node_modules/react/cjs/react.development.js:590:34)
      at process.env.NODE_ENV.exports.act (node_modules/.pnpm/react@19.2.3/node_modules/react/cjs/react.development.js:884:10)
      at node_modules/.pnpm/@testing-library+react@16.3.1_@testing-library+dom@10.4.1_@types+react-dom@19.2.3_@type_68c5b21a70acecf0fbbfd97f51128017/node_modules/@testing-library/react/dist/act-compat.js:46:25
      at renderRoot (node_modules/.pnpm/@testing-library+react@16.3.1_@testing-library+dom@10.4.1_@types+react-dom@19.2.3_@type_68c5b21a70acecf0fbbfd97f51128017/node_modules/@testing-library/react/dist/pure.js:189:26)
      at render (node_modules/.pnpm/@testing-library+react@16.3.1_@testing-library+dom@10.4.1_@types+react-dom@19.2.3_@type_68c5b21a70acecf0fbbfd97f51128017/node_modules/@testing-library/react/dist/pure.js:291:10)
      at renderWithTheme (__tests__/pages/logs.test.tsx:65:16)
      at Object.<anonymous> (__tests__/pages/logs.test.tsx:88:5)

  ● LogsPage › displays all logs

    TypeError: logs.filter is not a function

      35 |   };
      36 |
    > 37 |   const filteredLogs = logs.filter(log => {
         |                             ^
      38 |     const source = typeof log.context?.source === 'string' ? log.context.source : '';
      39 |
      40 |     // Extract message string - handle both string and Record<string, unknown>

      at LogsPage (app/logs/page.tsx:37:29)
      at Object.react_stack_bottom_frame (node_modules/.pnpm/react-dom@19.2.3_react@19.2.3/node_modules/react-dom/cjs/react-dom-client.development.js:25904:20)
      at renderWithHooks (node_modules/.pnpm/react-dom@19.2.3_react@19.2.3/node_modules/react-dom/cjs/react-dom-client.development.js:7662:22)
      at updateFunctionComponent (node_modules/.pnpm/react-dom@19.2.3_react@19.2.3/node_modules/react-dom/cjs/react-dom-client.development.js:10166:19)
      at beginWork (node_modules/.pnpm/react-dom@19.2.3_react@19.2.3/node_modules/react-dom/cjs/react-dom-client.development.js:11778:18)
      at runWithFiberInDEV (node_modules/.pnpm/react-dom@19.2.3_react@19.2.3/node_modules/react-dom/cjs/react-dom-client.development.js:874:13)
      at performUnitOfWork (node_modules/.pnpm/react-dom@19.2.3_react@19.2.3/node_modules/react-dom/cjs/react-dom-client.development.js:17641:22)
      at workLoopSync (node_modules/.pnpm/react-dom@19.2.3_react@19.2.3/node_modules/react-dom/cjs/react-dom-client.development.js:17469:41)
      at renderRootSync (node_modules/.pnpm/react-dom@19.2.3_react@19.2.3/node_modules/react-dom/cjs/react-dom-client.development.js:17450:11)
      at performWorkOnRoot (node_modules/.pnpm/react-dom@19.2.3_react@19.2.3/node_modules/react-dom/cjs/react-dom-client.development.js:16583:35)
      at performWorkOnRootViaSchedulerTask (node_modules/.pnpm/react-dom@19.2.3_react@19.2.3/node_modules/react-dom/cjs/react-dom-client.development.js:18957:7)
      at flushActQueue (node_modules/.pnpm/react@19.2.3/node_modules/react/cjs/react.development.js:590:34)
      at process.env.NODE_ENV.exports.act (node_modules/.pnpm/react@19.2.3/node_modules/react/cjs/react.development.js:884:10)
      at node_modules/.pnpm/@testing-library+react@16.3.1_@testing-library+dom@10.4.1_@types+react-dom@19.2.3_@type_68c5b21a70acecf0fbbfd97f51128017/node_modules/@testing-library/react/dist/act-compat.js:46:25
      at renderRoot (node_modules/.pnpm/@testing-library+react@16.3.1_@testing-library+dom@10.4.1_@types+react-dom@19.2.3_@type_68c5b21a70acecf0fbbfd97f51128017/node_modules/@testing-library/react/dist/pure.js:189:26)
      at render (node_modules/.pnpm/@testing-library+react@16.3.1_@testing-library+dom@10.4.1_@types+react-dom@19.2.3_@type_68c5b21a70acecf0fbbfd97f51128017/node_modules/@testing-library/react/dist/pure.js:291:10)
      at renderWithTheme (__tests__/pages/logs.test.tsx:65:16)
      at Object.<anonymous> (__tests__/pages/logs.test.tsx:94:5)

  ● LogsPage › displays empty state when no logs

    TypeError: logs.filter is not a function

      35 |   };
      36 |
    > 37 |   const filteredLogs = logs.filter(log => {
         |                             ^
      38 |     const source = typeof log.context?.source === 'string' ? log.context.source : '';
      39 |
      40 |     // Extract message string - handle both string and Record<string, unknown>

      at LogsPage (app/logs/page.tsx:37:29)
      at Object.react_stack_bottom_frame (node_modules/.pnpm/react-dom@19.2.3_react@19.2.3/node_modules/react-dom/cjs/react-dom-client.development.js:25904:20)
      at renderWithHooks (node_modules/.pnpm/react-dom@19.2.3_react@19.2.3/node_modules/react-dom/cjs/react-dom-client.development.js:7662:22)
      at updateFunctionComponent (node_modules/.pnpm/react-dom@19.2.3_react@19.2.3/node_modules/react-dom/cjs/react-dom-client.development.js:10166:19)
      at beginWork (node_modules/.pnpm/react-dom@19.2.3_react@19.2.3/node_modules/react-dom/cjs/react-dom-client.development.js:11778:18)
      at runWithFiberInDEV (node_modules/.pnpm/react-dom@19.2.3_react@19.2.3/node_modules/react-dom/cjs/react-dom-client.development.js:874:13)
      at performUnitOfWork (node_modules/.pnpm/react-dom@19.2.3_react@19.2.3/node_modules/react-dom/cjs/react-dom-client.development.js:17641:22)
      at workLoopSync (node_modules/.pnpm/react-dom@19.2.3_react@19.2.3/node_modules/react-dom/cjs/react-dom-client.development.js:17469:41)
      at renderRootSync (node_modules/.pnpm/react-dom@19.2.3_react@19.2.3/node_modules/react-dom/cjs/react-dom-client.development.js:17450:11)
      at performWorkOnRoot (node_modules/.pnpm/react-dom@19.2.3_react@19.2.3/node_modules/react-dom/cjs/react-dom-client.development.js:16583:35)
      at performWorkOnRootViaSchedulerTask (node_modules/.pnpm/react-dom@19.2.3_react@19.2.3/node_modules/react-dom/cjs/react-dom-client.development.js:18957:7)
      at flushActQueue (node_modules/.pnpm/react@19.2.3/node_modules/react/cjs/react.development.js:590:34)
      at process.env.NODE_ENV.exports.act (node_modules/.pnpm/react@19.2.3/node_modules/react/cjs/react.development.js:884:10)
      at node_modules/.pnpm/@testing-library+react@16.3.1_@testing-library+dom@10.4.1_@types+react-dom@19.2.3_@type_68c5b21a70acecf0fbbfd97f51128017/node_modules/@testing-library/react/dist/act-compat.js:46:25
      at renderRoot (node_modules/.pnpm/@testing-library+react@16.3.1_@testing-library+dom@10.4.1_@types+react-dom@19.2.3_@type_68c5b21a70acecf0fbbfd97f51128017/node_modules/@testing-library/react/dist/pure.js:189:26)
      at render (node_modules/.pnpm/@testing-library+react@16.3.1_@testing-library+dom@10.4.1_@types+react-dom@19.2.3_@type_68c5b21a70acecf0fbbfd97f51128017/node_modules/@testing-library/react/dist/pure.js:291:10)
      at renderWithTheme (__tests__/pages/logs.test.tsx:65:16)
      at Object.<anonymous> (__tests__/pages/logs.test.tsx:108:5)

  ● LogsPage › displays search input

    TypeError: logs.filter is not a function

      35 |   };
      36 |
    > 37 |   const filteredLogs = logs.filter(log => {
         |                             ^
      38 |     const source = typeof log.context?.source === 'string' ? log.context.source : '';
      39 |
      40 |     // Extract message string - handle both string and Record<string, unknown>

      at LogsPage (app/logs/page.tsx:37:29)
      at Object.react_stack_bottom_frame (node_modules/.pnpm/react-dom@19.2.3_react@19.2.3/node_modules/react-dom/cjs/react-dom-client.development.js:25904:20)
      at renderWithHooks (node_modules/.pnpm/react-dom@19.2.3_react@19.2.3/node_modules/react-dom/cjs/react-dom-client.development.js:7662:22)
      at updateFunctionComponent (node_modules/.pnpm/react-dom@19.2.3_react@19.2.3/node_modules/react-dom/cjs/react-dom-client.development.js:10166:19)
      at beginWork (node_modules/.pnpm/react-dom@19.2.3_react@19.2.3/node_modules/react-dom/cjs/react-dom-client.development.js:11778:18)
      at runWithFiberInDEV (node_modules/.pnpm/react-dom@19.2.3_react@19.2.3/node_modules/react-dom/cjs/react-dom-client.development.js:874:13)
      at performUnitOfWork (node_modules/.pnpm/react-dom@19.2.3_react@19.2.3/node_modules/react-dom/cjs/react-dom-client.development.js:17641:22)
      at workLoopSync (node_modules/.pnpm/react-dom@19.2.3_react@19.2.3/node_modules/react-dom/cjs/react-dom-client.development.js:17469:41)
      at renderRootSync (node_modules/.pnpm/react-dom@19.2.3_react@19.2.3/node_modules/react-dom/cjs/react-dom-client.development.js:17450:11)
      at performWorkOnRoot (node_modules/.pnpm/react-dom@19.2.3_react@19.2.3/node_modules/react-dom/cjs/react-dom-client.development.js:16583:35)
      at performWorkOnRootViaSchedulerTask (node_modules/.pnpm/react-dom@19.2.3_react@19.2.3/node_modules/react-dom/cjs/react-dom-client.development.js:18957:7)
      at flushActQueue (node_modules/.pnpm/react@19.2.3/node_modules/react/cjs/react.development.js:590:34)
      at process.env.NODE_ENV.exports.act (node_modules/.pnpm/react@19.2.3/node_modules/react/cjs/react.development.js:884:10)
      at node_modules/.pnpm/@testing-library+react@16.3.1_@testing-library+dom@10.4.1_@types+react-dom@19.2.3_@type_68c5b21a70acecf0fbbfd97f51128017/node_modules/@testing-library/react/dist/act-compat.js:46:25
      at renderRoot (node_modules/.pnpm/@testing-library+react@16.3.1_@testing-library+dom@10.4.1_@types+react-dom@19.2.3_@type_68c5b21a70acecf0fbbfd97f51128017/node_modules/@testing-library/react/dist/pure.js:189:26)
      at render (node_modules/.pnpm/@testing-library+react@16.3.1_@testing-library+dom@10.4.1_@types+react-dom@19.2.3_@type_68c5b21a70acecf0fbbfd97f51128017/node_modules/@testing-library/react/dist/pure.js:291:10)
      at renderWithTheme (__tests__/pages/logs.test.tsx:65:16)
      at Object.<anonymous> (__tests__/pages/logs.test.tsx:114:5)

  ● LogsPage › filters logs by search term

    TypeError: logs.filter is not a function

      35 |   };
      36 |
    > 37 |   const filteredLogs = logs.filter(log => {
         |                             ^
      38 |     const source = typeof log.context?.source === 'string' ? log.context.source : '';
      39 |
      40 |     // Extract message string - handle both string and Record<string, unknown>

      at LogsPage (app/logs/page.tsx:37:29)
      at Object.react_stack_bottom_frame (node_modules/.pnpm/react-dom@19.2.3_react@19.2.3/node_modules/react-dom/cjs/react-dom-client.development.js:25904:20)
      at renderWithHooks (node_modules/.pnpm/react-dom@19.2.3_react@19.2.3/node_modules/react-dom/cjs/react-dom-client.development.js:7662:22)
      at updateFunctionComponent (node_modules/.pnpm/react-dom@19.2.3_react@19.2.3/node_modules/react-dom/cjs/react-dom-client.development.js:10166:19)
      at beginWork (node_modules/.pnpm/react-dom@19.2.3_react@19.2.3/node_modules/react-dom/cjs/react-dom-client.development.js:11778:18)
      at runWithFiberInDEV (node_modules/.pnpm/react-dom@19.2.3_react@19.2.3/node_modules/react-dom/cjs/react-dom-client.development.js:874:13)
      at performUnitOfWork (node_modules/.pnpm/react-dom@19.2.3_react@19.2.3/node_modules/react-dom/cjs/react-dom-client.development.js:17641:22)
      at workLoopSync (node_modules/.pnpm/react-dom@19.2.3_react@19.2.3/node_modules/react-dom/cjs/react-dom-client.development.js:17469:41)
      at renderRootSync (node_modules/.pnpm/react-dom@19.2.3_react@19.2.3/node_modules/react-dom/cjs/react-dom-client.development.js:17450:11)
      at performWorkOnRoot (node_modules/.pnpm/react-dom@19.2.3_react@19.2.3/node_modules/react-dom/cjs/react-dom-client.development.js:16583:35)
      at performWorkOnRootViaSchedulerTask (node_modules/.pnpm/react-dom@19.2.3_react@19.2.3/node_modules/react-dom/cjs/react-dom-client.development.js:18957:7)
      at flushActQueue (node_modules/.pnpm/react@19.2.3/node_modules/react/cjs/react.development.js:590:34)
      at process.env.NODE_ENV.exports.act (node_modules/.pnpm/react@19.2.3/node_modules/react/cjs/react.development.js:884:10)
      at node_modules/.pnpm/@testing-library+react@16.3.1_@testing-library+dom@10.4.1_@types+react-dom@19.2.3_@type_68c5b21a70acecf0fbbfd97f51128017/node_modules/@testing-library/react/dist/act-compat.js:46:25
      at renderRoot (node_modules/.pnpm/@testing-library+react@16.3.1_@testing-library+dom@10.4.1_@types+react-dom@19.2.3_@type_68c5b21a70acecf0fbbfd97f51128017/node_modules/@testing-library/react/dist/pure.js:189:26)
      at render (node_modules/.pnpm/@testing-library+react@16.3.1_@testing-library+dom@10.4.1_@types+react-dom@19.2.3_@type_68c5b21a70acecf0fbbfd97f51128017/node_modules/@testing-library/react/dist/pure.js:291:10)
      at renderWithTheme (__tests__/pages/logs.test.tsx:65:16)
      at Object.<anonymous> (__tests__/pages/logs.test.tsx:121:5)

  ● LogsPage › filters logs by source

    TypeError: logs.filter is not a function

      35 |   };
      36 |
    > 37 |   const filteredLogs = logs.filter(log => {
         |                             ^
      38 |     const source = typeof log.context?.source === 'string' ? log.context.source : '';
      39 |
      40 |     // Extract message string - handle both string and Record<string, unknown>

      at LogsPage (app/logs/page.tsx:37:29)
      at Object.react_stack_bottom_frame (node_modules/.pnpm/react-dom@19.2.3_react@19.2.3/node_modules/react-dom/cjs/react-dom-client.development.js:25904:20)
      at renderWithHooks (node_modules/.pnpm/react-dom@19.2.3_react@19.2.3/node_modules/react-dom/cjs/react-dom-client.development.js:7662:22)
      at updateFunctionComponent (node_modules/.pnpm/react-dom@19.2.3_react@19.2.3/node_modules/react-dom/cjs/react-dom-client.development.js:10166:19)
      at beginWork (node_modules/.pnpm/react-dom@19.2.3_react@19.2.3/node_modules/react-dom/cjs/react-dom-client.development.js:11778:18)
      at runWithFiberInDEV (node_modules/.pnpm/react-dom@19.2.3_react@19.2.3/node_modules/react-dom/cjs/react-dom-client.development.js:874:13)
      at performUnitOfWork (node_modules/.pnpm/react-dom@19.2.3_react@19.2.3/node_modules/react-dom/cjs/react-dom-client.development.js:17641:22)
      at workLoopSync (node_modules/.pnpm/react-dom@19.2.3_react@19.2.3/node_modules/react-dom/cjs/react-dom-client.development.js:17469:41)
      at renderRootSync (node_modules/.pnpm/react-dom@19.2.3_react@19.2.3/node_modules/react-dom/cjs/react-dom-client.development.js:17450:11)
      at performWorkOnRoot (node_modules/.pnpm/react-dom@19.2.3_react@19.2.3/node_modules/react-dom/cjs/react-dom-client.development.js:16583:35)
      at performWorkOnRootViaSchedulerTask (node_modules/.pnpm/react-dom@19.2.3_react@19.2.3/node_modules/react-dom/cjs/react-dom-client.development.js:18957:7)
      at flushActQueue (node_modules/.pnpm/react@19.2.3/node_modules/react/cjs/react.development.js:590:34)
      at process.env.NODE_ENV.exports.act (node_modules/.pnpm/react@19.2.3/node_modules/react/cjs/react.development.js:884:10)
      at node_modules/.pnpm/@testing-library+react@16.3.1_@testing-library+dom@10.4.1_@types+react-dom@19.2.3_@type_68c5b21a70acecf0fbbfd97f51128017/node_modules/@testing-library/react/dist/act-compat.js:46:25
      at renderRoot (node_modules/.pnpm/@testing-library+react@16.3.1_@testing-library+dom@10.4.1_@types+react-dom@19.2.3_@type_68c5b21a70acecf0fbbfd97f51128017/node_modules/@testing-library/react/dist/pure.js:189:26)
      at render (node_modules/.pnpm/@testing-library+react@16.3.1_@testing-library+dom@10.4.1_@types+react-dom@19.2.3_@type_68c5b21a70acecf0fbbfd97f51128017/node_modules/@testing-library/react/dist/pure.js:291:10)
      at renderWithTheme (__tests__/pages/logs.test.tsx:65:16)
      at Object.<anonymous> (__tests__/pages/logs.test.tsx:131:5)

  ● LogsPage › displays level filter dropdown

    TypeError: logs.filter is not a function

      35 |   };
      36 |
    > 37 |   const filteredLogs = logs.filter(log => {
         |                             ^
      38 |     const source = typeof log.context?.source === 'string' ? log.context.source : '';
      39 |
      40 |     // Extract message string - handle both string and Record<string, unknown>

      at LogsPage (app/logs/page.tsx:37:29)
      at Object.react_stack_bottom_frame (node_modules/.pnpm/react-dom@19.2.3_react@19.2.3/node_modules/react-dom/cjs/react-dom-client.development.js:25904:20)
      at renderWithHooks (node_modules/.pnpm/react-dom@19.2.3_react@19.2.3/node_modules/react-dom/cjs/react-dom-client.development.js:7662:22)
      at updateFunctionComponent (node_modules/.pnpm/react-dom@19.2.3_react@19.2.3/node_modules/react-dom/cjs/react-dom-client.development.js:10166:19)
      at beginWork (node_modules/.pnpm/react-dom@19.2.3_react@19.2.3/node_modules/react-dom/cjs/react-dom-client.development.js:11778:18)
      at runWithFiberInDEV (node_modules/.pnpm/react-dom@19.2.3_react@19.2.3/node_modules/react-dom/cjs/react-dom-client.development.js:874:13)
      at performUnitOfWork (node_modules/.pnpm/react-dom@19.2.3_react@19.2.3/node_modules/react-dom/cjs/react-dom-client.development.js:17641:22)
      at workLoopSync (node_modules/.pnpm/react-dom@19.2.3_react@19.2.3/node_modules/react-dom/cjs/react-dom-client.development.js:17469:41)
      at renderRootSync (node_modules/.pnpm/react-dom@19.2.3_react@19.2.3/node_modules/react-dom/cjs/react-dom-client.development.js:17450:11)
      at performWorkOnRoot (node_modules/.pnpm/react-dom@19.2.3_react@19.2.3/node_modules/react-dom/cjs/react-dom-client.development.js:16583:35)
      at performWorkOnRootViaSchedulerTask (node_modules/.pnpm/react-dom@19.2.3_react@19.2.3/node_modules/react-dom/cjs/react-dom-client.development.js:18957:7)
      at flushActQueue (node_modules/.pnpm/react@19.2.3/node_modules/react/cjs/react.development.js:590:34)
      at process.env.NODE_ENV.exports.act (node_modules/.pnpm/react@19.2.3/node_modules/react/cjs/react.development.js:884:10)
      at node_modules/.pnpm/@testing-library+react@16.3.1_@testing-library+dom@10.4.1_@types+react-dom@19.2.3_@type_68c5b21a70acecf0fbbfd97f51128017/node_modules/@testing-library/react/dist/act-compat.js:46:25
      at renderRoot (node_modules/.pnpm/@testing-library+react@16.3.1_@testing-library+dom@10.4.1_@types+react-dom@19.2.3_@type_68c5b21a70acecf0fbbfd97f51128017/node_modules/@testing-library/react/dist/pure.js:189:26)
      at render (node_modules/.pnpm/@testing-library+react@16.3.1_@testing-library+dom@10.4.1_@types+react-dom@19.2.3_@type_68c5b21a70acecf0fbbfd97f51128017/node_modules/@testing-library/react/dist/pure.js:291:10)
      at renderWithTheme (__tests__/pages/logs.test.tsx:65:16)
      at Object.<anonymous> (__tests__/pages/logs.test.tsx:142:5)

  ● LogsPage › filters logs by level

    TypeError: logs.filter is not a function

      35 |   };
      36 |
    > 37 |   const filteredLogs = logs.filter(log => {
         |                             ^
      38 |     const source = typeof log.context?.source === 'string' ? log.context.source : '';
      39 |
      40 |     // Extract message string - handle both string and Record<string, unknown>

      at LogsPage (app/logs/page.tsx:37:29)
      at Object.react_stack_bottom_frame (node_modules/.pnpm/react-dom@19.2.3_react@19.2.3/node_modules/react-dom/cjs/react-dom-client.development.js:25904:20)
      at renderWithHooks (node_modules/.pnpm/react-dom@19.2.3_react@19.2.3/node_modules/react-dom/cjs/react-dom-client.development.js:7662:22)
      at updateFunctionComponent (node_modules/.pnpm/react-dom@19.2.3_react@19.2.3/node_modules/react-dom/cjs/react-dom-client.development.js:10166:19)
      at beginWork (node_modules/.pnpm/react-dom@19.2.3_react@19.2.3/node_modules/react-dom/cjs/react-dom-client.development.js:11778:18)
      at runWithFiberInDEV (node_modules/.pnpm/react-dom@19.2.3_react@19.2.3/node_modules/react-dom/cjs/react-dom-client.development.js:874:13)
      at performUnitOfWork (node_modules/.pnpm/react-dom@19.2.3_react@19.2.3/node_modules/react-dom/cjs/react-dom-client.development.js:17641:22)
      at workLoopSync (node_modules/.pnpm/react-dom@19.2.3_react@19.2.3/node_modules/react-dom/cjs/react-dom-client.development.js:17469:41)
      at renderRootSync (node_modules/.pnpm/react-dom@19.2.3_react@19.2.3/node_modules/react-dom/cjs/react-dom-client.development.js:17450:11)
      at performWorkOnRoot (node_modules/.pnpm/react-dom@19.2.3_react@19.2.3/node_modules/react-dom/cjs/react-dom-client.development.js:16583:35)
      at performWorkOnRootViaSchedulerTask (node_modules/.pnpm/react-dom@19.2.3_react@19.2.3/node_modules/react-dom/cjs/react-dom-client.development.js:18957:7)
      at flushActQueue (node_modules/.pnpm/react@19.2.3/node_modules/react/cjs/react.development.js:590:34)
      at process.env.NODE_ENV.exports.act (node_modules/.pnpm/react@19.2.3/node_modules/react/cjs/react.development.js:884:10)
      at node_modules/.pnpm/@testing-library+react@16.3.1_@testing-library+dom@10.4.1_@types+react-dom@19.2.3_@type_68c5b21a70acecf0fbbfd97f51128017/node_modules/@testing-library/react/dist/act-compat.js:46:25
      at renderRoot (node_modules/.pnpm/@testing-library+react@16.3.1_@testing-library+dom@10.4.1_@types+react-dom@19.2.3_@type_68c5b21a70acecf0fbbfd97f51128017/node_modules/@testing-library/react/dist/pure.js:189:26)
      at render (node_modules/.pnpm/@testing-library+react@16.3.1_@testing-library+dom@10.4.1_@types+react-dom@19.2.3_@type_68c5b21a70acecf0fbbfd97f51128017/node_modules/@testing-library/react/dist/pure.js:291:10)
      at renderWithTheme (__tests__/pages/logs.test.tsx:65:16)
      at Object.<anonymous> (__tests__/pages/logs.test.tsx:149:5)

  ● LogsPage › displays log level chips

    TypeError: logs.filter is not a function

      35 |   };
      36 |
    > 37 |   const filteredLogs = logs.filter(log => {
         |                             ^
      38 |     const source = typeof log.context?.source === 'string' ? log.context.source : '';
      39 |
      40 |     // Extract message string - handle both string and Record<string, unknown>

      at LogsPage (app/logs/page.tsx:37:29)
      at Object.react_stack_bottom_frame (node_modules/.pnpm/react-dom@19.2.3_react@19.2.3/node_modules/react-dom/cjs/react-dom-client.development.js:25904:20)
      at renderWithHooks (node_modules/.pnpm/react-dom@19.2.3_react@19.2.3/node_modules/react-dom/cjs/react-dom-client.development.js:7662:22)
      at updateFunctionComponent (node_modules/.pnpm/react-dom@19.2.3_react@19.2.3/node_modules/react-dom/cjs/react-dom-client.development.js:10166:19)
      at beginWork (node_modules/.pnpm/react-dom@19.2.3_react@19.2.3/node_modules/react-dom/cjs/react-dom-client.development.js:11778:18)
      at runWithFiberInDEV (node_modules/.pnpm/react-dom@19.2.3_react@19.2.3/node_modules/react-dom/cjs/react-dom-client.development.js:874:13)
      at performUnitOfWork (node_modules/.pnpm/react-dom@19.2.3_react@19.2.3/node_modules/react-dom/cjs/react-dom-client.development.js:17641:22)
      at workLoopSync (node_modules/.pnpm/react-dom@19.2.3_react@19.2.3/node_modules/react-dom/cjs/react-dom-client.development.js:17469:41)
      at renderRootSync (node_modules/.pnpm/react-dom@19.2.3_react@19.2.3/node_modules/react-dom/cjs/react-dom-client.development.js:17450:11)
      at performWorkOnRoot (node_modules/.pnpm/react-dom@19.2.3_react@19.2.3/node_modules/react-dom/cjs/react-dom-client.development.js:16583:35)
      at performWorkOnRootViaSchedulerTask (node_modules/.pnpm/react-dom@19.2.3_react@19.2.3/node_modules/react-dom/cjs/react-dom-client.development.js:18957:7)
      at flushActQueue (node_modules/.pnpm/react@19.2.3/node_modules/react/cjs/react.development.js:590:34)
      at process.env.NODE_ENV.exports.act (node_modules/.pnpm/react@19.2.3/node_modules/react/cjs/react.development.js:884:10)
      at node_modules/.pnpm/@testing-library+react@16.3.1_@testing-library+dom@10.4.1_@types+react-dom@19.2.3_@type_68c5b21a70acecf0fbbfd97f51128017/node_modules/@testing-library/react/dist/act-compat.js:46:25
      at renderRoot (node_modules/.pnpm/@testing-library+react@16.3.1_@testing-library+dom@10.4.1_@types+react-dom@19.2.3_@type_68c5b21a70acecf0fbbfd97f51128017/node_modules/@testing-library/react/dist/pure.js:189:26)
      at render (node_modules/.pnpm/@testing-library+react@16.3.1_@testing-library+dom@10.4.1_@types+react-dom@19.2.3_@type_68c5b21a70acecf0fbbfd97f51128017/node_modules/@testing-library/react/dist/pure.js:291:10)
      at renderWithTheme (__tests__/pages/logs.test.tsx:65:16)
      at Object.<anonymous> (__tests__/pages/logs.test.tsx:159:5)

  ● LogsPage › displays log timestamps

    TypeError: logs.filter is not a function

      35 |   };
      36 |
    > 37 |   const filteredLogs = logs.filter(log => {
         |                             ^
      38 |     const source = typeof log.context?.source === 'string' ? log.context.source : '';
      39 |
      40 |     // Extract message string - handle both string and Record<string, unknown>

      at LogsPage (app/logs/page.tsx:37:29)
      at Object.react_stack_bottom_frame (node_modules/.pnpm/react-dom@19.2.3_react@19.2.3/node_modules/react-dom/cjs/react-dom-client.development.js:25904:20)
      at renderWithHooks (node_modules/.pnpm/react-dom@19.2.3_react@19.2.3/node_modules/react-dom/cjs/react-dom-client.development.js:7662:22)
      at updateFunctionComponent (node_modules/.pnpm/react-dom@19.2.3_react@19.2.3/node_modules/react-dom/cjs/react-dom-client.development.js:10166:19)
      at beginWork (node_modules/.pnpm/react-dom@19.2.3_react@19.2.3/node_modules/react-dom/cjs/react-dom-client.development.js:11778:18)
      at runWithFiberInDEV (node_modules/.pnpm/react-dom@19.2.3_react@19.2.3/node_modules/react-dom/cjs/react-dom-client.development.js:874:13)
      at performUnitOfWork (node_modules/.pnpm/react-dom@19.2.3_react@19.2.3/node_modules/react-dom/cjs/react-dom-client.development.js:17641:22)
      at workLoopSync (node_modules/.pnpm/react-dom@19.2.3_react@19.2.3/node_modules/react-dom/cjs/react-dom-client.development.js:17469:41)
      at renderRootSync (node_modules/.pnpm/react-dom@19.2.3_react@19.2.3/node_modules/react-dom/cjs/react-dom-client.development.js:17450:11)
      at performWorkOnRoot (node_modules/.pnpm/react-dom@19.2.3_react@19.2.3/node_modules/react-dom/cjs/react-dom-client.development.js:16583:35)
      at performWorkOnRootViaSchedulerTask (node_modules/.pnpm/react-dom@19.2.3_react@19.2.3/node_modules/react-dom/cjs/react-dom-client.development.js:18957:7)
      at flushActQueue (node_modules/.pnpm/react@19.2.3/node_modules/react/cjs/react.development.js:590:34)
      at process.env.NODE_ENV.exports.act (node_modules/.pnpm/react@19.2.3/node_modules/react/cjs/react.development.js:884:10)
      at node_modules/.pnpm/@testing-library+react@16.3.1_@testing-library+dom@10.4.1_@types+react-dom@19.2.3_@type_68c5b21a70acecf0fbbfd97f51128017/node_modules/@testing-library/react/dist/act-compat.js:46:25
      at renderRoot (node_modules/.pnpm/@testing-library+react@16.3.1_@testing-library+dom@10.4.1_@types+react-dom@19.2.3_@type_68c5b21a70acecf0fbbfd97f51128017/node_modules/@testing-library/react/dist/pure.js:189:26)
      at render (node_modules/.pnpm/@testing-library+react@16.3.1_@testing-library+dom@10.4.1_@types+react-dom@19.2.3_@type_68c5b21a70acecf0fbbfd97f51128017/node_modules/@testing-library/react/dist/pure.js:291:10)
      at renderWithTheme (__tests__/pages/logs.test.tsx:65:16)
      at Object.<anonymous> (__tests__/pages/logs.test.tsx:168:5)

  ● LogsPage › displays refresh button

    TypeError: logs.filter is not a function

      35 |   };
      36 |
    > 37 |   const filteredLogs = logs.filter(log => {
         |                             ^
      38 |     const source = typeof log.context?.source === 'string' ? log.context.source : '';
      39 |
      40 |     // Extract message string - handle both string and Record<string, unknown>

      at LogsPage (app/logs/page.tsx:37:29)
      at Object.react_stack_bottom_frame (node_modules/.pnpm/react-dom@19.2.3_react@19.2.3/node_modules/react-dom/cjs/react-dom-client.development.js:25904:20)
      at renderWithHooks (node_modules/.pnpm/react-dom@19.2.3_react@19.2.3/node_modules/react-dom/cjs/react-dom-client.development.js:7662:22)
      at updateFunctionComponent (node_modules/.pnpm/react-dom@19.2.3_react@19.2.3/node_modules/react-dom/cjs/react-dom-client.development.js:10166:19)
      at beginWork (node_modules/.pnpm/react-dom@19.2.3_react@19.2.3/node_modules/react-dom/cjs/react-dom-client.development.js:11778:18)
      at runWithFiberInDEV (node_modules/.pnpm/react-dom@19.2.3_react@19.2.3/node_modules/react-dom/cjs/react-dom-client.development.js:874:13)
      at performUnitOfWork (node_modules/.pnpm/react-dom@19.2.3_react@19.2.3/node_modules/react-dom/cjs/react-dom-client.development.js:17641:22)
      at workLoopSync (node_modules/.pnpm/react-dom@19.2.3_react@19.2.3/node_modules/react-dom/cjs/react-dom-client.development.js:17469:41)
      at renderRootSync (node_modules/.pnpm/react-dom@19.2.3_react@19.2.3/node_modules/react-dom/cjs/react-dom-client.development.js:17450:11)
      at performWorkOnRoot (node_modules/.pnpm/react-dom@19.2.3_react@19.2.3/node_modules/react-dom/cjs/react-dom-client.development.js:16583:35)
      at performWorkOnRootViaSchedulerTask (node_modules/.pnpm/react-dom@19.2.3_react@19.2.3/node_modules/react-dom/cjs/react-dom-client.development.js:18957:7)
      at flushActQueue (node_modules/.pnpm/react@19.2.3/node_modules/react/cjs/react.development.js:590:34)
      at process.env.NODE_ENV.exports.act (node_modules/.pnpm/react@19.2.3/node_modules/react/cjs/react.development.js:884:10)
      at node_modules/.pnpm/@testing-library+react@16.3.1_@testing-library+dom@10.4.1_@types+react-dom@19.2.3_@type_68c5b21a70acecf0fbbfd97f51128017/node_modules/@testing-library/react/dist/act-compat.js:46:25
      at renderRoot (node_modules/.pnpm/@testing-library+react@16.3.1_@testing-library+dom@10.4.1_@types+react-dom@19.2.3_@type_68c5b21a70acecf0fbbfd97f51128017/node_modules/@testing-library/react/dist/pure.js:189:26)
      at render (node_modules/.pnpm/@testing-library+react@16.3.1_@testing-library+dom@10.4.1_@types+react-dom@19.2.3_@type_68c5b21a70acecf0fbbfd97f51128017/node_modules/@testing-library/react/dist/pure.js:291:10)
      at renderWithTheme (__tests__/pages/logs.test.tsx:65:16)
      at Object.<anonymous> (__tests__/pages/logs.test.tsx:175:5)

  ● LogsPage › requests logs on refresh click

    TypeError: logs.filter is not a function

      35 |   };
      36 |
    > 37 |   const filteredLogs = logs.filter(log => {
         |                             ^
      38 |     const source = typeof log.context?.source === 'string' ? log.context.source : '';
      39 |
      40 |     // Extract message string - handle both string and Record<string, unknown>

      at LogsPage (app/logs/page.tsx:37:29)
      at Object.react_stack_bottom_frame (node_modules/.pnpm/react-dom@19.2.3_react@19.2.3/node_modules/react-dom/cjs/react-dom-client.development.js:25904:20)
      at renderWithHooks (node_modules/.pnpm/react-dom@19.2.3_react@19.2.3/node_modules/react-dom/cjs/react-dom-client.development.js:7662:22)
      at updateFunctionComponent (node_modules/.pnpm/react-dom@19.2.3_react@19.2.3/node_modules/react-dom/cjs/react-dom-client.development.js:10166:19)
      at beginWork (node_modules/.pnpm/react-dom@19.2.3_react@19.2.3/node_modules/react-dom/cjs/react-dom-client.development.js:11778:18)
      at runWithFiberInDEV (node_modules/.pnpm/react-dom@19.2.3_react@19.2.3/node_modules/react-dom/cjs/react-dom-client.development.js:874:13)
      at performUnitOfWork (node_modules/.pnpm/react-dom@19.2.3_react@19.2.3/node_modules/react-dom/cjs/react-dom-client.development.js:17641:22)
      at workLoopSync (node_modules/.pnpm/react-dom@19.2.3_react@19.2.3/node_modules/react-dom/cjs/react-dom-client.development.js:17469:41)
      at renderRootSync (node_modules/.pnpm/react-dom@19.2.3_react@19.2.3/node_modules/react-dom/cjs/react-dom-client.development.js:17450:11)
      at performWorkOnRoot (node_modules/.pnpm/react-dom@19.2.3_react@19.2.3/node_modules/react-dom/cjs/react-dom-client.development.js:16583:35)
      at performWorkOnRootViaSchedulerTask (node_modules/.pnpm/react-dom@19.2.3_react@19.2.3/node_modules/react-dom/cjs/react-dom-client.development.js:18957:7)
      at flushActQueue (node_modules/.pnpm/react@19.2.3/node_modules/react/cjs/react.development.js:590:34)
      at process.env.NODE_ENV.exports.act (node_modules/.pnpm/react@19.2.3/node_modules/react/cjs/react.development.js:884:10)
      at node_modules/.pnpm/@testing-library+react@16.3.1_@testing-library+dom@10.4.1_@types+react-dom@19.2.3_@type_68c5b21a70acecf0fbbfd97f51128017/node_modules/@testing-library/react/dist/act-compat.js:46:25
      at renderRoot (node_modules/.pnpm/@testing-library+react@16.3.1_@testing-library+dom@10.4.1_@types+react-dom@19.2.3_@type_68c5b21a70acecf0fbbfd97f51128017/node_modules/@testing-library/react/dist/pure.js:189:26)
      at render (node_modules/.pnpm/@testing-library+react@16.3.1_@testing-library+dom@10.4.1_@types+react-dom@19.2.3_@type_68c5b21a70acecf0fbbfd97f51128017/node_modules/@testing-library/react/dist/pure.js:291:10)
      at renderWithTheme (__tests__/pages/logs.test.tsx:65:16)
      at Object.<anonymous> (__tests__/pages/logs.test.tsx:188:5)

  ● LogsPage › displays clear logs button

    TypeError: logs.filter is not a function

      35 |   };
      36 |
    > 37 |   const filteredLogs = logs.filter(log => {
         |                             ^
      38 |     const source = typeof log.context?.source === 'string' ? log.context.source : '';
      39 |
      40 |     // Extract message string - handle both string and Record<string, unknown>

      at LogsPage (app/logs/page.tsx:37:29)
      at Object.react_stack_bottom_frame (node_modules/.pnpm/react-dom@19.2.3_react@19.2.3/node_modules/react-dom/cjs/react-dom-client.development.js:25904:20)
      at renderWithHooks (node_modules/.pnpm/react-dom@19.2.3_react@19.2.3/node_modules/react-dom/cjs/react-dom-client.development.js:7662:22)
      at updateFunctionComponent (node_modules/.pnpm/react-dom@19.2.3_react@19.2.3/node_modules/react-dom/cjs/react-dom-client.development.js:10166:19)
      at beginWork (node_modules/.pnpm/react-dom@19.2.3_react@19.2.3/node_modules/react-dom/cjs/react-dom-client.development.js:11778:18)
      at runWithFiberInDEV (node_modules/.pnpm/react-dom@19.2.3_react@19.2.3/node_modules/react-dom/cjs/react-dom-client.development.js:874:13)
      at performUnitOfWork (node_modules/.pnpm/react-dom@19.2.3_react@19.2.3/node_modules/react-dom/cjs/react-dom-client.development.js:17641:22)
      at workLoopSync (node_modules/.pnpm/react-dom@19.2.3_react@19.2.3/node_modules/react-dom/cjs/react-dom-client.development.js:17469:41)
      at renderRootSync (node_modules/.pnpm/react-dom@19.2.3_react@19.2.3/node_modules/react-dom/cjs/react-dom-client.development.js:17450:11)
      at performWorkOnRoot (node_modules/.pnpm/react-dom@19.2.3_react@19.2.3/node_modules/react-dom/cjs/react-dom-client.development.js:16583:35)
      at performWorkOnRootViaSchedulerTask (node_modules/.pnpm/react-dom@19.2.3_react@19.2.3/node_modules/react-dom/cjs/react-dom-client.development.js:18957:7)
      at flushActQueue (node_modules/.pnpm/react@19.2.3/node_modules/react/cjs/react.development.js:590:34)
      at process.env.NODE_ENV.exports.act (node_modules/.pnpm/react@19.2.3/node_modules/react/cjs/react.development.js:884:10)
      at node_modules/.pnpm/@testing-library+react@16.3.1_@testing-library+dom@10.4.1_@types+react-dom@19.2.3_@type_68c5b21a70acecf0fbbfd97f51128017/node_modules/@testing-library/react/dist/act-compat.js:46:25
      at renderRoot (node_modules/.pnpm/@testing-library+react@16.3.1_@testing-library+dom@10.4.1_@types+react-dom@19.2.3_@type_68c5b21a70acecf0fbbfd97f51128017/node_modules/@testing-library/react/dist/pure.js:189:26)
      at render (node_modules/.pnpm/@testing-library+react@16.3.1_@testing-library+dom@10.4.1_@types+react-dom@19.2.3_@type_68c5b21a70acecf0fbbfd97f51128017/node_modules/@testing-library/react/dist/pure.js:291:10)
      at renderWithTheme (__tests__/pages/logs.test.tsx:65:16)
      at Object.<anonymous> (__tests__/pages/logs.test.tsx:197:5)

  ● LogsPage › clears logs on clear click

    TypeError: logs.filter is not a function

      35 |   };
      36 |
    > 37 |   const filteredLogs = logs.filter(log => {
         |                             ^
      38 |     const source = typeof log.context?.source === 'string' ? log.context.source : '';
      39 |
      40 |     // Extract message string - handle both string and Record<string, unknown>

      at LogsPage (app/logs/page.tsx:37:29)
      at Object.react_stack_bottom_frame (node_modules/.pnpm/react-dom@19.2.3_react@19.2.3/node_modules/react-dom/cjs/react-dom-client.development.js:25904:20)
      at renderWithHooks (node_modules/.pnpm/react-dom@19.2.3_react@19.2.3/node_modules/react-dom/cjs/react-dom-client.development.js:7662:22)
      at updateFunctionComponent (node_modules/.pnpm/react-dom@19.2.3_react@19.2.3/node_modules/react-dom/cjs/react-dom-client.development.js:10166:19)
      at beginWork (node_modules/.pnpm/react-dom@19.2.3_react@19.2.3/node_modules/react-dom/cjs/react-dom-client.development.js:11778:18)
      at runWithFiberInDEV (node_modules/.pnpm/react-dom@19.2.3_react@19.2.3/node_modules/react-dom/cjs/react-dom-client.development.js:874:13)
      at performUnitOfWork (node_modules/.pnpm/react-dom@19.2.3_react@19.2.3/node_modules/react-dom/cjs/react-dom-client.development.js:17641:22)
      at workLoopSync (node_modules/.pnpm/react-dom@19.2.3_react@19.2.3/node_modules/react-dom/cjs/react-dom-client.development.js:17469:41)
      at renderRootSync (node_modules/.pnpm/react-dom@19.2.3_react@19.2.3/node_modules/react-dom/cjs/react-dom-client.development.js:17450:11)
      at performWorkOnRoot (node_modules/.pnpm/react-dom@19.2.3_react@19.2.3/node_modules/react-dom/cjs/react-dom-client.development.js:16583:35)
      at performWorkOnRootViaSchedulerTask (node_modules/.pnpm/react-dom@19.2.3_react@19.2.3/node_modules/react-dom/cjs/react-dom-client.development.js:18957:7)
      at flushActQueue (node_modules/.pnpm/react@19.2.3/node_modules/react/cjs/react.development.js:590:34)
      at process.env.NODE_ENV.exports.act (node_modules/.pnpm/react@19.2.3/node_modules/react/cjs/react.development.js:884:10)
      at node_modules/.pnpm/@testing-library+react@16.3.1_@testing-library+dom@10.4.1_@types+react-dom@19.2.3_@type_68c5b21a70acecf0fbbfd97f51128017/node_modules/@testing-library/react/dist/act-compat.js:46:25
      at renderRoot (node_modules/.pnpm/@testing-library+react@16.3.1_@testing-library+dom@10.4.1_@types+react-dom@19.2.3_@type_68c5b21a70acecf0fbbfd97f51128017/node_modules/@testing-library/react/dist/pure.js:189:26)
      at render (node_modules/.pnpm/@testing-library+react@16.3.1_@testing-library+dom@10.4.1_@types+react-dom@19.2.3_@type_68c5b21a70acecf0fbbfd97f51128017/node_modules/@testing-library/react/dist/pure.js:291:10)
      at renderWithTheme (__tests__/pages/logs.test.tsx:65:16)
      at Object.<anonymous> (__tests__/pages/logs.test.tsx:210:5)

  ● LogsPage › displays download logs button

    TypeError: logs.filter is not a function

      35 |   };
      36 |
    > 37 |   const filteredLogs = logs.filter(log => {
         |                             ^
      38 |     const source = typeof log.context?.source === 'string' ? log.context.source : '';
      39 |
      40 |     // Extract message string - handle both string and Record<string, unknown>

      at LogsPage (app/logs/page.tsx:37:29)
      at Object.react_stack_bottom_frame (node_modules/.pnpm/react-dom@19.2.3_react@19.2.3/node_modules/react-dom/cjs/react-dom-client.development.js:25904:20)
      at renderWithHooks (node_modules/.pnpm/react-dom@19.2.3_react@19.2.3/node_modules/react-dom/cjs/react-dom-client.development.js:7662:22)
      at updateFunctionComponent (node_modules/.pnpm/react-dom@19.2.3_react@19.2.3/node_modules/react-dom/cjs/react-dom-client.development.js:10166:19)
      at beginWork (node_modules/.pnpm/react-dom@19.2.3_react@19.2.3/node_modules/react-dom/cjs/react-dom-client.development.js:11778:18)
      at runWithFiberInDEV (node_modules/.pnpm/react-dom@19.2.3_react@19.2.3/node_modules/react-dom/cjs/react-dom-client.development.js:874:13)
      at performUnitOfWork (node_modules/.pnpm/react-dom@19.2.3_react@19.2.3/node_modules/react-dom/cjs/react-dom-client.development.js:17641:22)
      at workLoopSync (node_modules/.pnpm/react-dom@19.2.3_react@19.2.3/node_modules/react-dom/cjs/react-dom-client.development.js:17469:41)
      at renderRootSync (node_modules/.pnpm/react-dom@19.2.3_react@19.2.3/node_modules/react-dom/cjs/react-dom-client.development.js:17450:11)
      at performWorkOnRoot (node_modules/.pnpm/react-dom@19.2.3_react@19.2.3/node_modules/react-dom/cjs/react-dom-client.development.js:16583:35)
      at performWorkOnRootViaSchedulerTask (node_modules/.pnpm/react-dom@19.2.3_react@19.2.3/node_modules/react-dom/cjs/react-dom-client.development.js:18957:7)
      at flushActQueue (node_modules/.pnpm/react@19.2.3/node_modules/react/cjs/react.development.js:590:34)
      at process.env.NODE_ENV.exports.act (node_modules/.pnpm/react@19.2.3/node_modules/react/cjs/react.development.js:884:10)
      at node_modules/.pnpm/@testing-library+react@16.3.1_@testing-library+dom@10.4.1_@types+react-dom@19.2.3_@type_68c5b21a70acecf0fbbfd97f51128017/node_modules/@testing-library/react/dist/act-compat.js:46:25
      at renderRoot (node_modules/.pnpm/@testing-library+react@16.3.1_@testing-library+dom@10.4.1_@types+react-dom@19.2.3_@type_68c5b21a70acecf0fbbfd97f51128017/node_modules/@testing-library/react/dist/pure.js:189:26)
      at render (node_modules/.pnpm/@testing-library+react@16.3.1_@testing-library+dom@10.4.1_@types+react-dom@19.2.3_@type_68c5b21a70acecf0fbbfd97f51128017/node_modules/@testing-library/react/dist/pure.js:291:10)
      at renderWithTheme (__tests__/pages/logs.test.tsx:65:16)
      at Object.<anonymous> (__tests__/pages/logs.test.tsx:219:5)

  ● LogsPage › handles download click

    TypeError: logs.filter is not a function

      35 |   };
      36 |
    > 37 |   const filteredLogs = logs.filter(log => {
         |                             ^
      38 |     const source = typeof log.context?.source === 'string' ? log.context.source : '';
      39 |
      40 |     // Extract message string - handle both string and Record<string, unknown>

      at LogsPage (app/logs/page.tsx:37:29)
      at Object.react_stack_bottom_frame (node_modules/.pnpm/react-dom@19.2.3_react@19.2.3/node_modules/react-dom/cjs/react-dom-client.development.js:25904:20)
      at renderWithHooks (node_modules/.pnpm/react-dom@19.2.3_react@19.2.3/node_modules/react-dom/cjs/react-dom-client.development.js:7662:22)
      at updateFunctionComponent (node_modules/.pnpm/react-dom@19.2.3_react@19.2.3/node_modules/react-dom/cjs/react-dom-client.development.js:10166:19)
      at beginWork (node_modules/.pnpm/react-dom@19.2.3_react@19.2.3/node_modules/react-dom/cjs/react-dom-client.development.js:11778:18)
      at runWithFiberInDEV (node_modules/.pnpm/react-dom@19.2.3_react@19.2.3/node_modules/react-dom/cjs/react-dom-client.development.js:874:13)
      at performUnitOfWork (node_modules/.pnpm/react-dom@19.2.3_react@19.2.3/node_modules/react-dom/cjs/react-dom-client.development.js:17641:22)
      at workLoopSync (node_modules/.pnpm/react-dom@19.2.3_react@19.2.3/node_modules/react-dom/cjs/react-dom-client.development.js:17469:41)
      at renderRootSync (node_modules/.pnpm/react-dom@19.2.3_react@19.2.3/node_modules/react-dom/cjs/react-dom-client.development.js:17450:11)
      at performWorkOnRoot (node_modules/.pnpm/react-dom@19.2.3_react@19.2.3/node_modules/react-dom/cjs/react-dom-client.development.js:16583:35)
      at performWorkOnRootViaSchedulerTask (node_modules/.pnpm/react-dom@19.2.3_react@19.2.3/node_modules/react-dom/cjs/react-dom-client.development.js:18957:7)
      at flushActQueue (node_modules/.pnpm/react@19.2.3/node_modules/react/cjs/react.development.js:590:34)
      at process.env.NODE_ENV.exports.act (node_modules/.pnpm/react@19.2.3/node_modules/react/cjs/react.development.js:884:10)
      at node_modules/.pnpm/@testing-library+react@16.3.1_@testing-library+dom@10.4.1_@types+react-dom@19.2.3_@type_68c5b21a70acecf0fbbfd97f51128017/node_modules/@testing-library/react/dist/act-compat.js:46:25
      at renderRoot (node_modules/.pnpm/@testing-library+react@16.3.1_@testing-library+dom@10.4.1_@types+react-dom@19.2.3_@type_68c5b21a70acecf0fbbfd97f51128017/node_modules/@testing-library/react/dist/pure.js:189:26)
      at render (node_modules/.pnpm/@testing-library+react@16.3.1_@testing-library+dom@10.4.1_@types+react-dom@19.2.3_@type_68c5b21a70acecf0fbbfd97f51128017/node_modules/@testing-library/react/dist/pure.js:291:10)
      at renderWithTheme (__tests__/pages/logs.test.tsx:65:16)
      at Object.<anonymous> (__tests__/pages/logs.test.tsx:226:5)

  ● LogsPage › displays pagination

    TypeError: logs.filter is not a function

      35 |   };
      36 |
    > 37 |   const filteredLogs = logs.filter(log => {
         |                             ^
      38 |     const source = typeof log.context?.source === 'string' ? log.context.source : '';
      39 |
      40 |     // Extract message string - handle both string and Record<string, unknown>

      at LogsPage (app/logs/page.tsx:37:29)
      at Object.react_stack_bottom_frame (node_modules/.pnpm/react-dom@19.2.3_react@19.2.3/node_modules/react-dom/cjs/react-dom-client.development.js:25904:20)
      at renderWithHooks (node_modules/.pnpm/react-dom@19.2.3_react@19.2.3/node_modules/react-dom/cjs/react-dom-client.development.js:7662:22)
      at updateFunctionComponent (node_modules/.pnpm/react-dom@19.2.3_react@19.2.3/node_modules/react-dom/cjs/react-dom-client.development.js:10166:19)
      at beginWork (node_modules/.pnpm/react-dom@19.2.3_react@19.2.3/node_modules/react-dom/cjs/react-dom-client.development.js:11778:18)
      at runWithFiberInDEV (node_modules/.pnpm/react-dom@19.2.3_react@19.2.3/node_modules/react-dom/cjs/react-dom-client.development.js:874:13)
      at performUnitOfWork (node_modules/.pnpm/react-dom@19.2.3_react@19.2.3/node_modules/react-dom/cjs/react-dom-client.development.js:17641:22)
      at workLoopSync (node_modules/.pnpm/react-dom@19.2.3_react@19.2.3/node_modules/react-dom/cjs/react-dom-client.development.js:17469:41)
      at renderRootSync (node_modules/.pnpm/react-dom@19.2.3_react@19.2.3/node_modules/react-dom/cjs/react-dom-client.development.js:17450:11)
      at performWorkOnRoot (node_modules/.pnpm/react-dom@19.2.3_react@19.2.3/node_modules/react-dom/cjs/react-dom-client.development.js:16583:35)
      at performWorkOnRootViaSchedulerTask (node_modules/.pnpm/react-dom@19.2.3_react@19.2.3/node_modules/react-dom/cjs/react-dom-client.development.js:18957:7)
      at flushActQueue (node_modules/.pnpm/react@19.2.3/node_modules/react/cjs/react.development.js:590:34)
      at process.env.NODE_ENV.exports.act (node_modules/.pnpm/react@19.2.3/node_modules/react/cjs/react.development.js:884:10)
      at node_modules/.pnpm/@testing-library+react@16.3.1_@testing-library+dom@10.4.1_@types+react-dom@19.2.3_@type_68c5b21a70acecf0fbbfd97f51128017/node_modules/@testing-library/react/dist/act-compat.js:46:25
      at renderRoot (node_modules/.pnpm/@testing-library+react@16.3.1_@testing-library+dom@10.4.1_@types+react-dom@19.2.3_@type_68c5b21a70acecf0fbbfd97f51128017/node_modules/@testing-library/react/dist/pure.js:189:26)
      at render (node_modules/.pnpm/@testing-library+react@16.3.1_@testing-library+dom@10.4.1_@types+react-dom@19.2.3_@type_68c5b21a70acecf0fbbfd97f51128017/node_modules/@testing-library/react/dist/pure.js:291:10)
      at renderWithTheme (__tests__/pages/logs.test.tsx:65:16)
      at Object.<anonymous> (__tests__/pages/logs.test.tsx:233:5)

  ● LogsPage › paginates logs correctly

    TypeError: logs.filter is not a function

      35 |   };
      36 |
    > 37 |   const filteredLogs = logs.filter(log => {
         |                             ^
      38 |     const source = typeof log.context?.source === 'string' ? log.context.source : '';
      39 |
      40 |     // Extract message string - handle both string and Record<string, unknown>

      at LogsPage (app/logs/page.tsx:37:29)
      at Object.react_stack_bottom_frame (node_modules/.pnpm/react-dom@19.2.3_react@19.2.3/node_modules/react-dom/cjs/react-dom-client.development.js:25904:20)
      at renderWithHooks (node_modules/.pnpm/react-dom@19.2.3_react@19.2.3/node_modules/react-dom/cjs/react-dom-client.development.js:7662:22)
      at updateFunctionComponent (node_modules/.pnpm/react-dom@19.2.3_react@19.2.3/node_modules/react-dom/cjs/react-dom-client.development.js:10166:19)
      at beginWork (node_modules/.pnpm/react-dom@19.2.3_react@19.2.3/node_modules/react-dom/cjs/react-dom-client.development.js:11778:18)
      at runWithFiberInDEV (node_modules/.pnpm/react-dom@19.2.3_react@19.2.3/node_modules/react-dom/cjs/react-dom-client.development.js:874:13)
      at performUnitOfWork (node_modules/.pnpm/react-dom@19.2.3_react@19.2.3/node_modules/react-dom/cjs/react-dom-client.development.js:17641:22)
      at workLoopSync (node_modules/.pnpm/react-dom@19.2.3_react@19.2.3/node_modules/react-dom/cjs/react-dom-client.development.js:17469:41)
      at renderRootSync (node_modules/.pnpm/react-dom@19.2.3_react@19.2.3/node_modules/react-dom/cjs/react-dom-client.development.js:17450:11)
      at performWorkOnRoot (node_modules/.pnpm/react-dom@19.2.3_react@19.2.3/node_modules/react-dom/cjs/react-dom-client.development.js:16583:35)
      at performWorkOnRootViaSchedulerTask (node_modules/.pnpm/react-dom@19.2.3_react@19.2.3/node_modules/react-dom/cjs/react-dom-client.development.js:18957:7)
      at flushActQueue (node_modules/.pnpm/react@19.2.3/node_modules/react/cjs/react.development.js:590:34)
      at process.env.NODE_ENV.exports.act (node_modules/.pnpm/react@19.2.3/node_modules/react/cjs/react.development.js:884:10)
      at node_modules/.pnpm/@testing-library+react@16.3.1_@testing-library+dom@10.4.1_@types+react-dom@19.2.3_@type_68c5b21a70acecf0fbbfd97f51128017/node_modules/@testing-library/react/dist/act-compat.js:46:25
      at renderRoot (node_modules/.pnpm/@testing-library+react@16.3.1_@testing-library+dom@10.4.1_@types+react-dom@19.2.3_@type_68c5b21a70acecf0fbbfd97f51128017/node_modules/@testing-library/react/dist/pure.js:189:26)
      at render (node_modules/.pnpm/@testing-library+react@16.3.1_@testing-library+dom@10.4.1_@types+react-dom@19.2.3_@type_68c5b21a70acecf0fbbfd97f51128017/node_modules/@testing-library/react/dist/pure.js:291:10)
      at renderWithTheme (__tests__/pages/logs.test.tsx:65:16)
      at Object.<anonymous> (__tests__/pages/logs.test.tsx:253:5)

  ● LogsPage › changes page on pagination click

    TypeError: logs.filter is not a function

      35 |   };
      36 |
    > 37 |   const filteredLogs = logs.filter(log => {
         |                             ^
      38 |     const source = typeof log.context?.source === 'string' ? log.context.source : '';
      39 |
      40 |     // Extract message string - handle both string and Record<string, unknown>

      at LogsPage (app/logs/page.tsx:37:29)
      at Object.react_stack_bottom_frame (node_modules/.pnpm/react-dom@19.2.3_react@19.2.3/node_modules/react-dom/cjs/react-dom-client.development.js:25904:20)
      at renderWithHooks (node_modules/.pnpm/react-dom@19.2.3_react@19.2.3/node_modules/react-dom/cjs/react-dom-client.development.js:7662:22)
      at updateFunctionComponent (node_modules/.pnpm/react-dom@19.2.3_react@19.2.3/node_modules/react-dom/cjs/react-dom-client.development.js:10166:19)
      at beginWork (node_modules/.pnpm/react-dom@19.2.3_react@19.2.3/node_modules/react-dom/cjs/react-dom-client.development.js:11778:18)
      at runWithFiberInDEV (node_modules/.pnpm/react-dom@19.2.3_react@19.2.3/node_modules/react-dom/cjs/react-dom-client.development.js:874:13)
      at performUnitOfWork (node_modules/.pnpm/react-dom@19.2.3_react@19.2.3/node_modules/react-dom/cjs/react-dom-client.development.js:17641:22)
      at workLoopSync (node_modules/.pnpm/react-dom@19.2.3_react@19.2.3/node_modules/react-dom/cjs/react-dom-client.development.js:17469:41)
      at renderRootSync (node_modules/.pnpm/react-dom@19.2.3_react@19.2.3/node_modules/react-dom/cjs/react-dom-client.development.js:17450:11)
      at performWorkOnRoot (node_modules/.pnpm/react-dom@19.2.3_react@19.2.3/node_modules/react-dom/cjs/react-dom-client.development.js:16583:35)
      at performWorkOnRootViaSchedulerTask (node_modules/.pnpm/react-dom@19.2.3_react@19.2.3/node_modules/react-dom/cjs/react-dom-client.development.js:18957:7)
      at flushActQueue (node_modules/.pnpm/react@19.2.3/node_modules/react/cjs/react.development.js:590:34)
      at process.env.NODE_ENV.exports.act (node_modules/.pnpm/react@19.2.3/node_modules/react/cjs/react.development.js:884:10)
      at node_modules/.pnpm/@testing-library+react@16.3.1_@testing-library+dom@10.4.1_@types+react-dom@19.2.3_@type_68c5b21a70acecf0fbbfd97f51128017/node_modules/@testing-library/react/dist/act-compat.js:46:25
      at renderRoot (node_modules/.pnpm/@testing-library+react@16.3.1_@testing-library+dom@10.4.1_@types+react-dom@19.2.3_@type_68c5b21a70acecf0fbbfd97f51128017/node_modules/@testing-library/react/dist/pure.js:189:26)
      at render (node_modules/.pnpm/@testing-library+react@16.3.1_@testing-library+dom@10.4.1_@types+react-dom@19.2.3_@type_68c5b21a70acecf0fbbfd97f51128017/node_modules/@testing-library/react/dist/pure.js:291:10)
      at renderWithTheme (__tests__/pages/logs.test.tsx:65:16)
      at Object.<anonymous> (__tests__/pages/logs.test.tsx:274:5)

  ● LogsPage › handles object log messages

    TypeError: logs.filter is not a function

      35 |   };
      36 |
    > 37 |   const filteredLogs = logs.filter(log => {
         |                             ^
      38 |     const source = typeof log.context?.source === 'string' ? log.context.source : '';
      39 |
      40 |     // Extract message string - handle both string and Record<string, unknown>

      at LogsPage (app/logs/page.tsx:37:29)
      at Object.react_stack_bottom_frame (node_modules/.pnpm/react-dom@19.2.3_react@19.2.3/node_modules/react-dom/cjs/react-dom-client.development.js:25904:20)
      at renderWithHooks (node_modules/.pnpm/react-dom@19.2.3_react@19.2.3/node_modules/react-dom/cjs/react-dom-client.development.js:7662:22)
      at updateFunctionComponent (node_modules/.pnpm/react-dom@19.2.3_react@19.2.3/node_modules/react-dom/cjs/react-dom-client.development.js:10166:19)
      at beginWork (node_modules/.pnpm/react-dom@19.2.3_react@19.2.3/node_modules/react-dom/cjs/react-dom-client.development.js:11778:18)
      at runWithFiberInDEV (node_modules/.pnpm/react-dom@19.2.3_react@19.2.3/node_modules/react-dom/cjs/react-dom-client.development.js:874:13)
      at performUnitOfWork (node_modules/.pnpm/react-dom@19.2.3_react@19.2.3/node_modules/react-dom/cjs/react-dom-client.development.js:17641:22)
      at workLoopSync (node_modules/.pnpm/react-dom@19.2.3_react@19.2.3/node_modules/react-dom/cjs/react-dom-client.development.js:17469:41)
      at renderRootSync (node_modules/.pnpm/react-dom@19.2.3_react@19.2.3/node_modules/react-dom/cjs/react-dom-client.development.js:17450:11)
      at performWorkOnRoot (node_modules/.pnpm/react-dom@19.2.3_react@19.2.3/node_modules/react-dom/cjs/react-dom-client.development.js:16583:35)
      at performWorkOnRootViaSchedulerTask (node_modules/.pnpm/react-dom@19.2.3_react@19.2.3/node_modules/react-dom/cjs/react-dom-client.development.js:18957:7)
      at flushActQueue (node_modules/.pnpm/react@19.2.3/node_modules/react/cjs/react.development.js:590:34)
      at process.env.NODE_ENV.exports.act (node_modules/.pnpm/react@19.2.3/node_modules/react/cjs/react.development.js:884:10)
      at node_modules/.pnpm/@testing-library+react@16.3.1_@testing-library+dom@10.4.1_@types+react-dom@19.2.3_@type_68c5b21a70acecf0fbbfd97f51128017/node_modules/@testing-library/react/dist/act-compat.js:46:25
      at renderRoot (node_modules/.pnpm/@testing-library+react@16.3.1_@testing-library+dom@10.4.1_@types+react-dom@19.2.3_@type_68c5b21a70acecf0fbbfd97f51128017/node_modules/@testing-library/react/dist/pure.js:189:26)
      at render (node_modules/.pnpm/@testing-library+react@16.3.1_@testing-library+dom@10.4.1_@types+react-dom@19.2.3_@type_68c5b21a70acecf0fbbfd97f51128017/node_modules/@testing-library/react/dist/pure.js:291:10)
      at renderWithTheme (__tests__/pages/logs.test.tsx:65:16)
      at Object.<anonymous> (__tests__/pages/logs.test.tsx:297:5)

  ● LogsPage › handles error object in log messages

    TypeError: logs.filter is not a function

      35 |   };
      36 |
    > 37 |   const filteredLogs = logs.filter(log => {
         |                             ^
      38 |     const source = typeof log.context?.source === 'string' ? log.context.source : '';
      39 |
      40 |     // Extract message string - handle both string and Record<string, unknown>

      at LogsPage (app/logs/page.tsx:37:29)
      at Object.react_stack_bottom_frame (node_modules/.pnpm/react-dom@19.2.3_react@19.2.3/node_modules/react-dom/cjs/react-dom-client.development.js:25904:20)
      at renderWithHooks (node_modules/.pnpm/react-dom@19.2.3_react@19.2.3/node_modules/react-dom/cjs/react-dom-client.development.js:7662:22)
      at updateFunctionComponent (node_modules/.pnpm/react-dom@19.2.3_react@19.2.3/node_modules/react-dom/cjs/react-dom-client.development.js:10166:19)
      at beginWork (node_modules/.pnpm/react-dom@19.2.3_react@19.2.3/node_modules/react-dom/cjs/react-dom-client.development.js:11778:18)
      at runWithFiberInDEV (node_modules/.pnpm/react-dom@19.2.3_react@19.2.3/node_modules/react-dom/cjs/react-dom-client.development.js:874:13)
      at performUnitOfWork (node_modules/.pnpm/react-dom@19.2.3_react@19.2.3/node_modules/react-dom/cjs/react-dom-client.development.js:17641:22)
      at workLoopSync (node_modules/.pnpm/react-dom@19.2.3_react@19.2.3/node_modules/react-dom/cjs/react-dom-client.development.js:17469:41)
      at renderRootSync (node_modules/.pnpm/react-dom@19.2.3_react@19.2.3/node_modules/react-dom/cjs/react-dom-client.development.js:17450:11)
      at performWorkOnRoot (node_modules/.pnpm/react-dom@19.2.3_react@19.2.3/node_modules/react-dom/cjs/react-dom-client.development.js:16583:35)
      at performWorkOnRootViaSchedulerTask (node_modules/.pnpm/react-dom@19.2.3_react@19.2.3/node_modules/react-dom/cjs/react-dom-client.development.js:18957:7)
      at flushActQueue (node_modules/.pnpm/react@19.2.3/node_modules/react/cjs/react.development.js:590:34)
      at process.env.NODE_ENV.exports.act (node_modules/.pnpm/react@19.2.3/node_modules/react/cjs/react.development.js:884:10)
      at node_modules/.pnpm/@testing-library+react@16.3.1_@testing-library+dom@10.4.1_@types+react-dom@19.2.3_@type_68c5b21a70acecf0fbbfd97f51128017/node_modules/@testing-library/react/dist/act-compat.js:46:25
      at renderRoot (node_modules/.pnpm/@testing-library+react@16.3.1_@testing-library+dom@10.4.1_@types+react-dom@19.2.3_@type_68c5b21a70acecf0fbbfd97f51128017/node_modules/@testing-library/react/dist/pure.js:189:26)
      at render (node_modules/.pnpm/@testing-library+react@16.3.1_@testing-library+dom@10.4.1_@types+react-dom@19.2.3_@type_68c5b21a70acecf0fbbfd97f51128017/node_modules/@testing-library/react/dist/pure.js:291:10)
      at renderWithTheme (__tests__/pages/logs.test.tsx:65:16)
      at Object.<anonymous> (__tests__/pages/logs.test.tsx:316:5)

  ● LogsPage › handles text object in log messages

    TypeError: logs.filter is not a function

      35 |   };
      36 |
    > 37 |   const filteredLogs = logs.filter(log => {
         |                             ^
      38 |     const source = typeof log.context?.source === 'string' ? log.context.source : '';
      39 |
      40 |     // Extract message string - handle both string and Record<string, unknown>

      at LogsPage (app/logs/page.tsx:37:29)
      at Object.react_stack_bottom_frame (node_modules/.pnpm/react-dom@19.2.3_react@19.2.3/node_modules/react-dom/cjs/react-dom-client.development.js:25904:20)
      at renderWithHooks (node_modules/.pnpm/react-dom@19.2.3_react@19.2.3/node_modules/react-dom/cjs/react-dom-client.development.js:7662:22)
      at updateFunctionComponent (node_modules/.pnpm/react-dom@19.2.3_react@19.2.3/node_modules/react-dom/cjs/react-dom-client.development.js:10166:19)
      at beginWork (node_modules/.pnpm/react-dom@19.2.3_react@19.2.3/node_modules/react-dom/cjs/react-dom-client.development.js:11778:18)
      at runWithFiberInDEV (node_modules/.pnpm/react-dom@19.2.3_react@19.2.3/node_modules/react-dom/cjs/react-dom-client.development.js:874:13)
      at performUnitOfWork (node_modules/.pnpm/react-dom@19.2.3_react@19.2.3/node_modules/react-dom/cjs/react-dom-client.development.js:17641:22)
      at workLoopSync (node_modules/.pnpm/react-dom@19.2.3_react@19.2.3/node_modules/react-dom/cjs/react-dom-client.development.js:17469:41)
      at renderRootSync (node_modules/.pnpm/react-dom@19.2.3_react@19.2.3/node_modules/react-dom/cjs/react-dom-client.development.js:17450:11)
      at performWorkOnRoot (node_modules/.pnpm/react-dom@19.2.3_react@19.2.3/node_modules/react-dom/cjs/react-dom-client.development.js:16583:35)
      at performWorkOnRootViaSchedulerTask (node_modules/.pnpm/react-dom@19.2.3_react@19.2.3/node_modules/react-dom/cjs/react-dom-client.development.js:18957:7)
      at flushActQueue (node_modules/.pnpm/react@19.2.3/node_modules/react/cjs/react.development.js:590:34)
      at process.env.NODE_ENV.exports.act (node_modules/.pnpm/react@19.2.3/node_modules/react/cjs/react.development.js:884:10)
      at node_modules/.pnpm/@testing-library+react@16.3.1_@testing-library+dom@10.4.1_@types+react-dom@19.2.3_@type_68c5b21a70acecf0fbbfd97f51128017/node_modules/@testing-library/react/dist/act-compat.js:46:25
      at renderRoot (node_modules/.pnpm/@testing-library+react@16.3.1_@testing-library+dom@10.4.1_@types+react-dom@19.2.3_@type_68c5b21a70acecf0fbbfd97f51128017/node_modules/@testing-library/react/dist/pure.js:189:26)
      at render (node_modules/.pnpm/@testing-library+react@16.3.1_@testing-library+dom@10.4.1_@types+react-dom@19.2.3_@type_68c5b21a70acecf0fbbfd97f51128017/node_modules/@testing-library/react/dist/pure.js:291:10)
      at renderWithTheme (__tests__/pages/logs.test.tsx:65:16)
      at Object.<anonymous> (__tests__/pages/logs.test.tsx:335:5)

  ● LogsPage › applies dark mode styles correctly

    TypeError: logs.filter is not a function

      35 |   };
      36 |
    > 37 |   const filteredLogs = logs.filter(log => {
         |                             ^
      38 |     const source = typeof log.context?.source === 'string' ? log.context.source : '';
      39 |
      40 |     // Extract message string - handle both string and Record<string, unknown>

      at LogsPage (app/logs/page.tsx:37:29)
      at Object.react_stack_bottom_frame (node_modules/.pnpm/react-dom@19.2.3_react@19.2.3/node_modules/react-dom/cjs/react-dom-client.development.js:25904:20)
      at renderWithHooks (node_modules/.pnpm/react-dom@19.2.3_react@19.2.3/node_modules/react-dom/cjs/react-dom-client.development.js:7662:22)
      at updateFunctionComponent (node_modules/.pnpm/react-dom@19.2.3_react@19.2.3/node_modules/react-dom/cjs/react-dom-client.development.js:10166:19)
      at beginWork (node_modules/.pnpm/react-dom@19.2.3_react@19.2.3/node_modules/react-dom/cjs/react-dom-client.development.js:11778:18)
      at runWithFiberInDEV (node_modules/.pnpm/react-dom@19.2.3_react@19.2.3/node_modules/react-dom/cjs/react-dom-client.development.js:874:13)
      at performUnitOfWork (node_modules/.pnpm/react-dom@19.2.3_react@19.2.3/node_modules/react-dom/cjs/react-dom-client.development.js:17641:22)
      at workLoopSync (node_modules/.pnpm/react-dom@19.2.3_react@19.2.3/node_modules/react-dom/cjs/react-dom-client.development.js:17469:41)
      at renderRootSync (node_modules/.pnpm/react-dom@19.2.3_react@19.2.3/node_modules/react-dom/cjs/react-dom-client.development.js:17450:11)
      at performWorkOnRoot (node_modules/.pnpm/react-dom@19.2.3_react@19.2.3/node_modules/react-dom/cjs/react-dom-client.development.js:16583:35)
      at performWorkOnRootViaSchedulerTask (node_modules/.pnpm/react-dom@19.2.3_react@19.2.3/node_modules/react-dom/cjs/react-dom-client.development.js:18957:7)
      at flushActQueue (node_modules/.pnpm/react@19.2.3/node_modules/react/cjs/react.development.js:590:34)
      at process.env.NODE_ENV.exports.act (node_modules/.pnpm/react@19.2.3/node_modules/react/cjs/react.development.js:884:10)
      at node_modules/.pnpm/@testing-library+react@16.3.1_@testing-library+dom@10.4.1_@types+react-dom@19.2.3_@type_68c5b21a70acecf0fbbfd97f51128017/node_modules/@testing-library/react/dist/act-compat.js:46:25
      at renderRoot (node_modules/.pnpm/@testing-library+react@16.3.1_@testing-library+dom@10.4.1_@types+react-dom@19.2.3_@type_68c5b21a70acecf0fbbfd97f51128017/node_modules/@testing-library/react/dist/pure.js:189:26)
      at render (node_modules/.pnpm/@testing-library+react@16.3.1_@testing-library+dom@10.4.1_@types+react-dom@19.2.3_@type_68c5b21a70acecf0fbbfd97f51128017/node_modules/@testing-library/react/dist/pure.js:291:10)
      at renderWithTheme (__tests__/pages/logs.test.tsx:65:16)
      at Object.<anonymous> (__tests__/pages/logs.test.tsx:341:5)

  ● LogsPage › displays log cards with hover effect

    TypeError: logs.filter is not a function

      35 |   };
      36 |
    > 37 |   const filteredLogs = logs.filter(log => {
         |                             ^
      38 |     const source = typeof log.context?.source === 'string' ? log.context.source : '';
      39 |
      40 |     // Extract message string - handle both string and Record<string, unknown>

      at LogsPage (app/logs/page.tsx:37:29)
      at Object.react_stack_bottom_frame (node_modules/.pnpm/react-dom@19.2.3_react@19.2.3/node_modules/react-dom/cjs/react-dom-client.development.js:25904:20)
      at renderWithHooks (node_modules/.pnpm/react-dom@19.2.3_react@19.2.3/node_modules/react-dom/cjs/react-dom-client.development.js:7662:22)
      at updateFunctionComponent (node_modules/.pnpm/react-dom@19.2.3_react@19.2.3/node_modules/react-dom/cjs/react-dom-client.development.js:10166:19)
      at beginWork (node_modules/.pnpm/react-dom@19.2.3_react@19.2.3/node_modules/react-dom/cjs/react-dom-client.development.js:11778:18)
      at runWithFiberInDEV (node_modules/.pnpm/react-dom@19.2.3_react@19.2.3/node_modules/react-dom/cjs/react-dom-client.development.js:874:13)
      at performUnitOfWork (node_modules/.pnpm/react-dom@19.2.3_react@19.2.3/node_modules/react-dom/cjs/react-dom-client.development.js:17641:22)
      at workLoopSync (node_modules/.pnpm/react-dom@19.2.3_react@19.2.3/node_modules/react-dom/cjs/react-dom-client.development.js:17469:41)
      at renderRootSync (node_modules/.pnpm/react-dom@19.2.3_react@19.2.3/node_modules/react-dom/cjs/react-dom-client.development.js:17450:11)
      at performWorkOnRoot (node_modules/.pnpm/react-dom@19.2.3_react@19.2.3/node_modules/react-dom/cjs/react-dom-client.development.js:16583:35)
      at performWorkOnRootViaSchedulerTask (node_modules/.pnpm/react-dom@19.2.3_react@19.2.3/node_modules/react-dom/cjs/react-dom-client.development.js:18957:7)
      at flushActQueue (node_modules/.pnpm/react@19.2.3/node_modules/react/cjs/react.development.js:590:34)
      at process.env.NODE_ENV.exports.act (node_modules/.pnpm/react@19.2.3/node_modules/react/cjs/react.development.js:884:10)
      at node_modules/.pnpm/@testing-library+react@16.3.1_@testing-library+dom@10.4.1_@types+react-dom@19.2.3_@type_68c5b21a70acecf0fbbfd97f51128017/node_modules/@testing-library/react/dist/act-compat.js:46:25
      at renderRoot (node_modules/.pnpm/@testing-library+react@16.3.1_@testing-library+dom@10.4.1_@types+react-dom@19.2.3_@type_68c5b21a70acecf0fbbfd97f51128017/node_modules/@testing-library/react/dist/pure.js:189:26)
      at render (node_modules/.pnpm/@testing-library+react@16.3.1_@testing-library+dom@10.4.1_@types+react-dom@19.2.3_@type_68c5b21a70acecf0fbbfd97f51128017/node_modules/@testing-library/react/dist/pure.js:291:10)
      at renderWithTheme (__tests__/pages/logs.test.tsx:65:16)
      at Object.<anonymous> (__tests__/pages/logs.test.tsx:347:5)

  ● LogsPage › handles null context gracefully

    TypeError: logs.filter is not a function

      35 |   };
      36 |
    > 37 |   const filteredLogs = logs.filter(log => {
         |                             ^
      38 |     const source = typeof log.context?.source === 'string' ? log.context.source : '';
      39 |
      40 |     // Extract message string - handle both string and Record<string, unknown>

      at LogsPage (app/logs/page.tsx:37:29)
      at Object.react_stack_bottom_frame (node_modules/.pnpm/react-dom@19.2.3_react@19.2.3/node_modules/react-dom/cjs/react-dom-client.development.js:25904:20)
      at renderWithHooks (node_modules/.pnpm/react-dom@19.2.3_react@19.2.3/node_modules/react-dom/cjs/react-dom-client.development.js:7662:22)
      at updateFunctionComponent (node_modules/.pnpm/react-dom@19.2.3_react@19.2.3/node_modules/react-dom/cjs/react-dom-client.development.js:10166:19)
      at beginWork (node_modules/.pnpm/react-dom@19.2.3_react@19.2.3/node_modules/react-dom/cjs/react-dom-client.development.js:11778:18)
      at runWithFiberInDEV (node_modules/.pnpm/react-dom@19.2.3_react@19.2.3/node_modules/react-dom/cjs/react-dom-client.development.js:874:13)
      at performUnitOfWork (node_modules/.pnpm/react-dom@19.2.3_react@19.2.3/node_modules/react-dom/cjs/react-dom-client.development.js:17641:22)
      at workLoopSync (node_modules/.pnpm/react-dom@19.2.3_react@19.2.3/node_modules/react-dom/cjs/react-dom-client.development.js:17469:41)
      at renderRootSync (node_modules/.pnpm/react-dom@19.2.3_react@19.2.3/node_modules/react-dom/cjs/react-dom-client.development.js:17450:11)
      at performWorkOnRoot (node_modules/.pnpm/react-dom@19.2.3_react@19.2.3/node_modules/react-dom/cjs/react-dom-client.development.js:16583:35)
      at performWorkOnRootViaSchedulerTask (node_modules/.pnpm/react-dom@19.2.3_react@19.2.3/node_modules/react-dom/cjs/react-dom-client.development.js:18957:7)
      at flushActQueue (node_modules/.pnpm/react@19.2.3/node_modules/react/cjs/react.development.js:590:34)
      at process.env.NODE_ENV.exports.act (node_modules/.pnpm/react@19.2.3/node_modules/react/cjs/react.development.js:884:10)
      at node_modules/.pnpm/@testing-library+react@16.3.1_@testing-library+dom@10.4.1_@types+react-dom@19.2.3_@type_68c5b21a70acecf0fbbfd97f51128017/node_modules/@testing-library/react/dist/act-compat.js:46:25
      at renderRoot (node_modules/.pnpm/@testing-library+react@16.3.1_@testing-library+dom@10.4.1_@types+react-dom@19.2.3_@type_68c5b21a70acecf0fbbfd97f51128017/node_modules/@testing-library/react/dist/pure.js:189:26)
      at render (node_modules/.pnpm/@testing-library+react@16.3.1_@testing-library+dom@10.4.1_@types+react-dom@19.2.3_@type_68c5b21a70acecf0fbbfd97f51128017/node_modules/@testing-library/react/dist/pure.js:291:10)
      at renderWithTheme (__tests__/pages/logs.test.tsx:65:16)
      at Object.<anonymous> (__tests__/pages/logs.test.tsx:367:5)

  ● LogsPage › handles undefined context gracefully

    TypeError: logs.filter is not a function

      35 |   };
      36 |
    > 37 |   const filteredLogs = logs.filter(log => {
         |                             ^
      38 |     const source = typeof log.context?.source === 'string' ? log.context.source : '';
      39 |
      40 |     // Extract message string - handle both string and Record<string, unknown>

      at LogsPage (app/logs/page.tsx:37:29)
      at Object.react_stack_bottom_frame (node_modules/.pnpm/react-dom@19.2.3_react@19.2.3/node_modules/react-dom/cjs/react-dom-client.development.js:25904:20)
      at renderWithHooks (node_modules/.pnpm/react-dom@19.2.3_react@19.2.3/node_modules/react-dom/cjs/react-dom-client.development.js:7662:22)
      at updateFunctionComponent (node_modules/.pnpm/react-dom@19.2.3_react@19.2.3/node_modules/react-dom/cjs/react-dom-client.development.js:10166:19)
      at beginWork (node_modules/.pnpm/react-dom@19.2.3_react@19.2.3/node_modules/react-dom/cjs/react-dom-client.development.js:11778:18)
      at runWithFiberInDEV (node_modules/.pnpm/react-dom@19.2.3_react@19.2.3/node_modules/react-dom/cjs/react-dom-client.development.js:874:13)
      at performUnitOfWork (node_modules/.pnpm/react-dom@19.2.3_react@19.2.3/node_modules/react-dom/cjs/react-dom-client.development.js:17641:22)
      at workLoopSync (node_modules/.pnpm/react-dom@19.2.3_react@19.2.3/node_modules/react-dom/cjs/react-dom-client.development.js:17469:41)
      at renderRootSync (node_modules/.pnpm/react-dom@19.2.3_react@19.2.3/node_modules/react-dom/cjs/react-dom-client.development.js:17450:11)
      at performWorkOnRoot (node_modules/.pnpm/react-dom@19.2.3_react@19.2.3/node_modules/react-dom/cjs/react-dom-client.development.js:16583:35)
      at performWorkOnRootViaSchedulerTask (node_modules/.pnpm/react-dom@19.2.3_react@19.2.3/node_modules/react-dom/cjs/react-dom-client.development.js:18957:7)
      at flushActQueue (node_modules/.pnpm/react@19.2.3/node_modules/react/cjs/react.development.js:590:34)
      at process.env.NODE_ENV.exports.act (node_modules/.pnpm/react@19.2.3/node_modules/react/cjs/react.development.js:884:10)
      at node_modules/.pnpm/@testing-library+react@16.3.1_@testing-library+dom@10.4.1_@types+react-dom@19.2.3_@type_68c5b21a70acecf0fbbfd97f51128017/node_modules/@testing-library/react/dist/act-compat.js:46:25
      at renderRoot (node_modules/.pnpm/@testing-library+react@16.3.1_@testing-library+dom@10.4.1_@types+react-dom@19.2.3_@type_68c5b21a70acecf0fbbfd97f51128017/node_modules/@testing-library/react/dist/pure.js:189:26)
      at render (node_modules/.pnpm/@testing-library+react@16.3.1_@testing-library+dom@10.4.1_@types+react-dom@19.2.3_@type_68c5b21a70acecf0fbbfd97f51128017/node_modules/@testing-library/react/dist/pure.js:291:10)
      at renderWithTheme (__tests__/pages/logs.test.tsx:65:16)
      at Object.<anonymous> (__tests__/pages/logs.test.tsx:386:5)

  ● LogsPage › displays correct level colors

    TypeError: logs.filter is not a function

      35 |   };
      36 |
    > 37 |   const filteredLogs = logs.filter(log => {
         |                             ^
      38 |     const source = typeof log.context?.source === 'string' ? log.context.source : '';
      39 |
      40 |     // Extract message string - handle both string and Record<string, unknown>

      at LogsPage (app/logs/page.tsx:37:29)
      at Object.react_stack_bottom_frame (node_modules/.pnpm/react-dom@19.2.3_react@19.2.3/node_modules/react-dom/cjs/react-dom-client.development.js:25904:20)
      at renderWithHooks (node_modules/.pnpm/react-dom@19.2.3_react@19.2.3/node_modules/react-dom/cjs/react-dom-client.development.js:7662:22)
      at updateFunctionComponent (node_modules/.pnpm/react-dom@19.2.3_react@19.2.3/node_modules/react-dom/cjs/react-dom-client.development.js:10166:19)
      at beginWork (node_modules/.pnpm/react-dom@19.2.3_react@19.2.3/node_modules/react-dom/cjs/react-dom-client.development.js:11778:18)
      at runWithFiberInDEV (node_modules/.pnpm/react-dom@19.2.3_react@19.2.3/node_modules/react-dom/cjs/react-dom-client.development.js:874:13)
      at performUnitOfWork (node_modules/.pnpm/react-dom@19.2.3_react@19.2.3/node_modules/react-dom/cjs/react-dom-client.development.js:17641:22)
      at workLoopSync (node_modules/.pnpm/react-dom@19.2.3_react@19.2.3/node_modules/react-dom/cjs/react-dom-client.development.js:17469:41)
      at renderRootSync (node_modules/.pnpm/react-dom@19.2.3_react@19.2.3/node_modules/react-dom/cjs/react-dom-client.development.js:17450:11)
      at performWorkOnRoot (node_modules/.pnpm/react-dom@19.2.3_react@19.2.3/node_modules/react-dom/cjs/react-dom-client.development.js:16583:35)
      at performWorkOnRootViaSchedulerTask (node_modules/.pnpm/react-dom@19.2.3_react@19.2.3/node_modules/react-dom/cjs/react-dom-client.development.js:18957:7)
      at flushActQueue (node_modules/.pnpm/react@19.2.3/node_modules/react/cjs/react.development.js:590:34)
      at process.env.NODE_ENV.exports.act (node_modules/.pnpm/react@19.2.3/node_modules/react/cjs/react.development.js:884:10)
      at node_modules/.pnpm/@testing-library+react@16.3.1_@testing-library+dom@10.4.1_@types+react-dom@19.2.3_@type_68c5b21a70acecf0fbbfd97f51128017/node_modules/@testing-library/react/dist/act-compat.js:46:25
      at renderRoot (node_modules/.pnpm/@testing-library+react@16.3.1_@testing-library+dom@10.4.1_@types+react-dom@19.2.3_@type_68c5b21a70acecf0fbbfd97f51128017/node_modules/@testing-library/react/dist/pure.js:189:26)
      at render (node_modules/.pnpm/@testing-library+react@16.3.1_@testing-library+dom@10.4.1_@types+react-dom@19.2.3_@type_68c5b21a70acecf0fbbfd97f51128017/node_modules/@testing-library/react/dist/pure.js:291:10)
      at renderWithTheme (__tests__/pages/logs.test.tsx:65:16)
      at Object.<anonymous> (__tests__/pages/logs.test.tsx:392:5)

  ● LogsPage › does not request logs when not connected

    TypeError: logs.filter is not a function

      35 |   };
      36 |
    > 37 |   const filteredLogs = logs.filter(log => {
         |                             ^
      38 |     const source = typeof log.context?.source === 'string' ? log.context.source : '';
      39 |
      40 |     // Extract message string - handle both string and Record<string, unknown>

      at LogsPage (app/logs/page.tsx:37:29)
      at Object.react_stack_bottom_frame (node_modules/.pnpm/react-dom@19.2.3_react@19.2.3/node_modules/react-dom/cjs/react-dom-client.development.js:25904:20)
      at renderWithHooks (node_modules/.pnpm/react-dom@19.2.3_react@19.2.3/node_modules/react-dom/cjs/react-dom-client.development.js:7662:22)
      at updateFunctionComponent (node_modules/.pnpm/react-dom@19.2.3_react@19.2.3/node_modules/react-dom/cjs/react-dom-client.development.js:10166:19)
      at beginWork (node_modules/.pnpm/react-dom@19.2.3_react@19.2.3/node_modules/react-dom/cjs/react-dom-client.development.js:11778:18)
      at runWithFiberInDEV (node_modules/.pnpm/react-dom@19.2.3_react@19.2.3/node_modules/react-dom/cjs/react-dom-client.development.js:874:13)
      at performUnitOfWork (node_modules/.pnpm/react-dom@19.2.3_react@19.2.3/node_modules/react-dom/cjs/react-dom-client.development.js:17641:22)
      at workLoopSync (node_modules/.pnpm/react-dom@19.2.3_react@19.2.3/node_modules/react-dom/cjs/react-dom-client.development.js:17469:41)
      at renderRootSync (node_modules/.pnpm/react-dom@19.2.3_react@19.2.3/node_modules/react-dom/cjs/react-dom-client.development.js:17450:11)
      at performWorkOnRoot (node_modules/.pnpm/react-dom@19.2.3_react@19.2.3/node_modules/react-dom/cjs/react-dom-client.development.js:16583:35)
      at performWorkOnRootViaSchedulerTask (node_modules/.pnpm/react-dom@19.2.3_react@19.2.3/node_modules/react-dom/cjs/react-dom-client.development.js:18957:7)
      at flushActQueue (node_modules/.pnpm/react@19.2.3/node_modules/react/cjs/react.development.js:590:34)
      at process.env.NODE_ENV.exports.act (node_modules/.pnpm/react@19.2.3/node_modules/react/cjs/react.development.js:884:10)
      at node_modules/.pnpm/@testing-library+react@16.3.1_@testing-library+dom@10.4.1_@types+react-dom@19.2.3_@type_68c5b21a70acecf0fbbfd97f51128017/node_modules/@testing-library/react/dist/act-compat.js:46:25
      at renderRoot (node_modules/.pnpm/@testing-library+react@16.3.1_@testing-library+dom@10.4.1_@types+react-dom@19.2.3_@type_68c5b21a70acecf0fbbfd97f51128017/node_modules/@testing-library/react/dist/pure.js:189:26)
      at render (node_modules/.pnpm/@testing-library+react@16.3.1_@testing-library+dom@10.4.1_@types+react-dom@19.2.3_@type_68c5b21a70acecf0fbbfd97f51128017/node_modules/@testing-library/react/dist/pure.js:291:10)
      at renderWithTheme (__tests__/pages/logs.test.tsx:65:16)
      at Object.<anonymous> (__tests__/pages/logs.test.tsx:407:5)

  ● LogsPage › requests logs on mount when connected

    TypeError: logs.filter is not a function

      35 |   };
      36 |
    > 37 |   const filteredLogs = logs.filter(log => {
         |                             ^
      38 |     const source = typeof log.context?.source === 'string' ? log.context.source : '';
      39 |
      40 |     // Extract message string - handle both string and Record<string, unknown>

      at LogsPage (app/logs/page.tsx:37:29)
      at Object.react_stack_bottom_frame (node_modules/.pnpm/react-dom@19.2.3_react@19.2.3/node_modules/react-dom/cjs/react-dom-client.development.js:25904:20)
      at renderWithHooks (node_modules/.pnpm/react-dom@19.2.3_react@19.2.3/node_modules/react-dom/cjs/react-dom-client.development.js:7662:22)
      at updateFunctionComponent (node_modules/.pnpm/react-dom@19.2.3_react@19.2.3/node_modules/react-dom/cjs/react-dom-client.development.js:10166:19)
      at beginWork (node_modules/.pnpm/react-dom@19.2.3_react@19.2.3/node_modules/react-dom/cjs/react-dom-client.development.js:11778:18)
      at runWithFiberInDEV (node_modules/.pnpm/react-dom@19.2.3_react@19.2.3/node_modules/react-dom/cjs/react-dom-client.development.js:874:13)
      at performUnitOfWork (node_modules/.pnpm/react-dom@19.2.3_react@19.2.3/node_modules/react-dom/cjs/react-dom-client.development.js:17641:22)
      at workLoopSync (node_modules/.pnpm/react-dom@19.2.3_react@19.2.3/node_modules/react-dom/cjs/react-dom-client.development.js:17469:41)
      at renderRootSync (node_modules/.pnpm/react-dom@19.2.3_react@19.2.3/node_modules/react-dom/cjs/react-dom-client.development.js:17450:11)
      at performWorkOnRoot (node_modules/.pnpm/react-dom@19.2.3_react@19.2.3/node_modules/react-dom/cjs/react-dom-client.development.js:16583:35)
      at performWorkOnRootViaSchedulerTask (node_modules/.pnpm/react-dom@19.2.3_react@19.2.3/node_modules/react-dom/cjs/react-dom-client.development.js:18957:7)
      at flushActQueue (node_modules/.pnpm/react@19.2.3/node_modules/react/cjs/react.development.js:590:34)
      at process.env.NODE_ENV.exports.act (node_modules/.pnpm/react@19.2.3/node_modules/react/cjs/react.development.js:884:10)
      at node_modules/.pnpm/@testing-library+react@16.3.1_@testing-library+dom@10.4.1_@types+react-dom@19.2.3_@type_68c5b21a70acecf0fbbfd97f51128017/node_modules/@testing-library/react/dist/act-compat.js:46:25
      at renderRoot (node_modules/.pnpm/@testing-library+react@16.3.1_@testing-library+dom@10.4.1_@types+react-dom@19.2.3_@type_68c5b21a70acecf0fbbfd97f51128017/node_modules/@testing-library/react/dist/pure.js:189:26)
      at render (node_modules/.pnpm/@testing-library+react@16.3.1_@testing-library+dom@10.4.1_@types+react-dom@19.2.3_@type_68c5b21a70acecf0fbbfd97f51128017/node_modules/@testing-library/react/dist/pure.js:291:10)
      at renderWithTheme (__tests__/pages/logs.test.tsx:65:16)
      at Object.<anonymous> (__tests__/pages/logs.test.tsx:422:5)

  ● LogsPage › displays 20 logs per page

    TypeError: logs.filter is not a function

      35 |   };
      36 |
    > 37 |   const filteredLogs = logs.filter(log => {
         |                             ^
      38 |     const source = typeof log.context?.source === 'string' ? log.context.source : '';
      39 |
      40 |     // Extract message string - handle both string and Record<string, unknown>

      at LogsPage (app/logs/page.tsx:37:29)
      at Object.react_stack_bottom_frame (node_modules/.pnpm/react-dom@19.2.3_react@19.2.3/node_modules/react-dom/cjs/react-dom-client.development.js:25904:20)
      at renderWithHooks (node_modules/.pnpm/react-dom@19.2.3_react@19.2.3/node_modules/react-dom/cjs/react-dom-client.development.js:7662:22)
      at updateFunctionComponent (node_modules/.pnpm/react-dom@19.2.3_react@19.2.3/node_modules/react-dom/cjs/react-dom-client.development.js:10166:19)
      at beginWork (node_modules/.pnpm/react-dom@19.2.3_react@19.2.3/node_modules/react-dom/cjs/react-dom-client.development.js:11778:18)
      at runWithFiberInDEV (node_modules/.pnpm/react-dom@19.2.3_react@19.2.3/node_modules/react-dom/cjs/react-dom-client.development.js:874:13)
      at performUnitOfWork (node_modules/.pnpm/react-dom@19.2.3_react@19.2.3/node_modules/react-dom/cjs/react-dom-client.development.js:17641:22)
      at workLoopSync (node_modules/.pnpm/react-dom@19.2.3_react@19.2.3/node_modules/react-dom/cjs/react-dom-client.development.js:17469:41)
      at renderRootSync (node_modules/.pnpm/react-dom@19.2.3_react@19.2.3/node_modules/react-dom/cjs/react-dom-client.development.js:17450:11)
      at performWorkOnRoot (node_modules/.pnpm/react-dom@19.2.3_react@19.2.3/node_modules/react-dom/cjs/react-dom-client.development.js:16583:35)
      at performWorkOnRootViaSchedulerTask (node_modules/.pnpm/react-dom@19.2.3_react@19.2.3/node_modules/react-dom/cjs/react-dom-client.development.js:18957:7)
      at flushActQueue (node_modules/.pnpm/react@19.2.3/node_modules/react/cjs/react.development.js:590:34)
      at process.env.NODE_ENV.exports.act (node_modules/.pnpm/react@19.2.3/node_modules/react/cjs/react.development.js:884:10)
      at node_modules/.pnpm/@testing-library+react@16.3.1_@testing-library+dom@10.4.1_@types+react-dom@19.2.3_@type_68c5b21a70acecf0fbbfd97f51128017/node_modules/@testing-library/react/dist/act-compat.js:46:25
      at renderRoot (node_modules/.pnpm/@testing-library+react@16.3.1_@testing-library+dom@10.4.1_@types+react-dom@19.2.3_@type_68c5b21a70acecf0fbbfd97f51128017/node_modules/@testing-library/react/dist/pure.js:189:26)
      at render (node_modules/.pnpm/@testing-library+react@16.3.1_@testing-library+dom@10.4.1_@types+react-dom@19.2.3_@type_68c5b21a70acecf0fbbfd97f51128017/node_modules/@testing-library/react/dist/pure.js:291:10)
      at renderWithTheme (__tests__/pages/logs.test.tsx:65:16)
      at Object.<anonymous> (__tests__/pages/logs.test.tsx:441:5)

  ● LogsPage › handles large number of logs

    TypeError: logs.filter is not a function

      35 |   };
      36 |
    > 37 |   const filteredLogs = logs.filter(log => {
         |                             ^
      38 |     const source = typeof log.context?.source === 'string' ? log.context.source : '';
      39 |
      40 |     // Extract message string - handle both string and Record<string, unknown>

      at LogsPage (app/logs/page.tsx:37:29)
      at Object.react_stack_bottom_frame (node_modules/.pnpm/react-dom@19.2.3_react@19.2.3/node_modules/react-dom/cjs/react-dom-client.development.js:25904:20)
      at renderWithHooks (node_modules/.pnpm/react-dom@19.2.3_react@19.2.3/node_modules/react-dom/cjs/react-dom-client.development.js:7662:22)
      at updateFunctionComponent (node_modules/.pnpm/react-dom@19.2.3_react@19.2.3/node_modules/react-dom/cjs/react-dom-client.development.js:10166:19)
      at beginWork (node_modules/.pnpm/react-dom@19.2.3_react@19.2.3/node_modules/react-dom/cjs/react-dom-client.development.js:11778:18)
      at runWithFiberInDEV (node_modules/.pnpm/react-dom@19.2.3_react@19.2.3/node_modules/react-dom/cjs/react-dom-client.development.js:874:13)
      at performUnitOfWork (node_modules/.pnpm/react-dom@19.2.3_react@19.2.3/node_modules/react-dom/cjs/react-dom-client.development.js:17641:22)
      at workLoopSync (node_modules/.pnpm/react-dom@19.2.3_react@19.2.3/node_modules/react-dom/cjs/react-dom-client.development.js:17469:41)
      at renderRootSync (node_modules/.pnpm/react-dom@19.2.3_react@19.2.3/node_modules/react-dom/cjs/react-dom-client.development.js:17450:11)
      at performWorkOnRoot (node_modules/.pnpm/react-dom@19.2.3_react@19.2.3/node_modules/react-dom/cjs/react-dom-client.development.js:16583:35)
      at performWorkOnRootViaSchedulerTask (node_modules/.pnpm/react-dom@19.2.3_react@19.2.3/node_modules/react-dom/cjs/react-dom-client.development.js:18957:7)
      at flushActQueue (node_modules/.pnpm/react@19.2.3/node_modules/react/cjs/react.development.js:590:34)
      at process.env.NODE_ENV.exports.act (node_modules/.pnpm/react@19.2.3/node_modules/react/cjs/react.development.js:884:10)
      at node_modules/.pnpm/@testing-library+react@16.3.1_@testing-library+dom@10.4.1_@types+react-dom@19.2.3_@type_68c5b21a70acecf0fbbfd97f51128017/node_modules/@testing-library/react/dist/act-compat.js:46:25
      at renderRoot (node_modules/.pnpm/@testing-library+react@16.3.1_@testing-library+dom@10.4.1_@types+react-dom@19.2.3_@type_68c5b21a70acecf0fbbfd97f51128017/node_modules/@testing-library/react/dist/pure.js:189:26)
      at render (node_modules/.pnpm/@testing-library+react@16.3.1_@testing-library+dom@10.4.1_@types+react-dom@19.2.3_@type_68c5b21a70acecf0fbbfd97f51128017/node_modules/@testing-library/react/dist/pure.js:291:10)
      at renderWithTheme (__tests__/pages/logs.test.tsx:65:16)
      at Object.<anonymous> (__tests__/pages/logs.test.tsx:461:5)

FAIL __tests__/pages/dashboard-page.test.tsx (18.483 s)
  ● DashboardPage › renders without crashing

    Element type is invalid: expected a string (for built-in components) or a class/function (for composite components) but got: object.

    Check the render method of `DashboardPage`.

      30 |
      31 | function renderWithTheme(component: React.ReactElement) {
    > 32 |   return render(component);
         |                ^
      33 | }
      34 |
      35 | describe("DashboardPage", () => {

      at createFiberFromTypeAndProps (node_modules/.pnpm/react-dom@19.2.3_react@19.2.3/node_modules/react-dom/cjs/react-dom-client.development.js:5021:28)
      at createFiberFromElement (node_modules/.pnpm/react-dom@19.2.3_react@19.2.3/node_modules/react-dom/cjs/react-dom-client.development.js:5035:14)
      at reconcileChildFibersImpl (node_modules/.pnpm/react-dom@19.2.3_react@19.2.3/node_modules/react-dom/cjs/react-dom-client.development.js:6920:31)
      at node_modules/.pnpm/react-dom@19.2.3_react@19.2.3/node_modules/react-dom/cjs/react-dom-client.development.js:7098:33
      at reconcileChildren (node_modules/.pnpm/react-dom@19.2.3_react@19.2.3/node_modules/react-dom/cjs/react-dom-client.development.js:9701:13)
      at beginWork (node_modules/.pnpm/react-dom@19.2.3_react@19.2.3/node_modules/react-dom/cjs/react-dom-client.development.js:12049:13)
      at runWithFiberInDEV (node_modules/.pnpm/react-dom@19.2.3_react@19.2.3/node_modules/react-dom/cjs/react-dom-client.development.js:874:13)
      at performUnitOfWork (node_modules/.pnpm/react-dom@19.2.3_react@19.2.3/node_modules/react-dom/cjs/react-dom-client.development.js:17641:22)
      at workLoopSync (node_modules/.pnpm/react-dom@19.2.3_react@19.2.3/node_modules/react-dom/cjs/react-dom-client.development.js:17469:41)
      at renderRootSync (node_modules/.pnpm/react-dom@19.2.3_react@19.2.3/node_modules/react-dom/cjs/react-dom-client.development.js:17450:11)
      at performWorkOnRoot (node_modules/.pnpm/react-dom@19.2.3_react@19.2.3/node_modules/react-dom/cjs/react-dom-client.development.js:16583:35)
      at performWorkOnRootViaSchedulerTask (node_modules/.pnpm/react-dom@19.2.3_react@19.2.3/node_modules/react-dom/cjs/react-dom-client.development.js:18957:7)
      at flushActQueue (node_modules/.pnpm/react@19.2.3/node_modules/react/cjs/react.development.js:590:34)
      at process.env.NODE_ENV.exports.act (node_modules/.pnpm/react@19.2.3/node_modules/react/cjs/react.development.js:884:10)
      at node_modules/.pnpm/@testing-library+react@16.3.1_@testing-library+dom@10.4.1_@types+react-dom@19.2.3_@type_68c5b21a70acecf0fbbfd97f51128017/node_modules/@testing-library/react/dist/act-compat.js:46:25
      at renderRoot (node_modules/.pnpm/@testing-library+react@16.3.1_@testing-library+dom@10.4.1_@types+react-dom@19.2.3_@type_68c5b21a70acecf0fbbfd97f51128017/node_modules/@testing-library/react/dist/pure.js:189:26)
      at render (node_modules/.pnpm/@testing-library+react@16.3.1_@testing-library+dom@10.4.1_@types+react-dom@19.2.3_@type_68c5b21a70acecf0fbbfd97f51128017/node_modules/@testing-library/react/dist/pure.js:291:10)
      at renderWithTheme (__tests__/pages/dashboard-page.test.tsx:32:16)
      at Object.<anonymous> (__tests__/pages/dashboard-page.test.tsx:46:5)

  ● DashboardPage › renders MainLayout component

    Element type is invalid: expected a string (for built-in components) or a class/function (for composite components) but got: object.

    Check the render method of `DashboardPage`.

      30 |
      31 | function renderWithTheme(component: React.ReactElement) {
    > 32 |   return render(component);
         |                ^
      33 | }
      34 |
      35 | describe("DashboardPage", () => {

      at createFiberFromTypeAndProps (node_modules/.pnpm/react-dom@19.2.3_react@19.2.3/node_modules/react-dom/cjs/react-dom-client.development.js:5021:28)
      at createFiberFromElement (node_modules/.pnpm/react-dom@19.2.3_react@19.2.3/node_modules/react-dom/cjs/react-dom-client.development.js:5035:14)
      at reconcileChildFibersImpl (node_modules/.pnpm/react-dom@19.2.3_react@19.2.3/node_modules/react-dom/cjs/react-dom-client.development.js:6920:31)
      at node_modules/.pnpm/react-dom@19.2.3_react@19.2.3/node_modules/react-dom/cjs/react-dom-client.development.js:7098:33
      at reconcileChildren (node_modules/.pnpm/react-dom@19.2.3_react@19.2.3/node_modules/react-dom/cjs/react-dom-client.development.js:9701:13)
      at beginWork (node_modules/.pnpm/react-dom@19.2.3_react@19.2.3/node_modules/react-dom/cjs/react-dom-client.development.js:12049:13)
      at runWithFiberInDEV (node_modules/.pnpm/react-dom@19.2.3_react@19.2.3/node_modules/react-dom/cjs/react-dom-client.development.js:874:13)
      at performUnitOfWork (node_modules/.pnpm/react-dom@19.2.3_react@19.2.3/node_modules/react-dom/cjs/react-dom-client.development.js:17641:22)
      at workLoopSync (node_modules/.pnpm/react-dom@19.2.3_react@19.2.3/node_modules/react-dom/cjs/react-dom-client.development.js:17469:41)
      at renderRootSync (node_modules/.pnpm/react-dom@19.2.3_react@19.2.3/node_modules/react-dom/cjs/react-dom-client.development.js:17450:11)
      at performWorkOnRoot (node_modules/.pnpm/react-dom@19.2.3_react@19.2.3/node_modules/react-dom/cjs/react-dom-client.development.js:16583:35)
      at performWorkOnRootViaSchedulerTask (node_modules/.pnpm/react-dom@19.2.3_react@19.2.3/node_modules/react-dom/cjs/react-dom-client.development.js:18957:7)
      at flushActQueue (node_modules/.pnpm/react@19.2.3/node_modules/react/cjs/react.development.js:590:34)
      at process.env.NODE_ENV.exports.act (node_modules/.pnpm/react@19.2.3/node_modules/react/cjs/react.development.js:884:10)
      at node_modules/.pnpm/@testing-library+react@16.3.1_@testing-library+dom@10.4.1_@types+react-dom@19.2.3_@type_68c5b21a70acecf0fbbfd97f51128017/node_modules/@testing-library/react/dist/act-compat.js:46:25
      at renderRoot (node_modules/.pnpm/@testing-library+react@16.3.1_@testing-library+dom@10.4.1_@types+react-dom@19.2.3_@type_68c5b21a70acecf0fbbfd97f51128017/node_modules/@testing-library/react/dist/pure.js:189:26)
      at render (node_modules/.pnpm/@testing-library+react@16.3.1_@testing-library+dom@10.4.1_@types+react-dom@19.2.3_@type_68c5b21a70acecf0fbbfd97f51128017/node_modules/@testing-library/react/dist/pure.js:291:10)
      at renderWithTheme (__tests__/pages/dashboard-page.test.tsx:32:16)
      at Object.<anonymous> (__tests__/pages/dashboard-page.test.tsx:50:5)

  ● DashboardPage › renders ModernDashboard component

    Element type is invalid: expected a string (for built-in components) or a class/function (for composite components) but got: object.

    Check the render method of `DashboardPage`.

      30 |
      31 | function renderWithTheme(component: React.ReactElement) {
    > 32 |   return render(component);
         |                ^
      33 | }
      34 |
      35 | describe("DashboardPage", () => {

      at createFiberFromTypeAndProps (node_modules/.pnpm/react-dom@19.2.3_react@19.2.3/node_modules/react-dom/cjs/react-dom-client.development.js:5021:28)
      at createFiberFromElement (node_modules/.pnpm/react-dom@19.2.3_react@19.2.3/node_modules/react-dom/cjs/react-dom-client.development.js:5035:14)
      at reconcileChildFibersImpl (node_modules/.pnpm/react-dom@19.2.3_react@19.2.3/node_modules/react-dom/cjs/react-dom-client.development.js:6920:31)
      at node_modules/.pnpm/react-dom@19.2.3_react@19.2.3/node_modules/react-dom/cjs/react-dom-client.development.js:7098:33
      at reconcileChildren (node_modules/.pnpm/react-dom@19.2.3_react@19.2.3/node_modules/react-dom/cjs/react-dom-client.development.js:9701:13)
      at beginWork (node_modules/.pnpm/react-dom@19.2.3_react@19.2.3/node_modules/react-dom/cjs/react-dom-client.development.js:12049:13)
      at runWithFiberInDEV (node_modules/.pnpm/react-dom@19.2.3_react@19.2.3/node_modules/react-dom/cjs/react-dom-client.development.js:874:13)
      at performUnitOfWork (node_modules/.pnpm/react-dom@19.2.3_react@19.2.3/node_modules/react-dom/cjs/react-dom-client.development.js:17641:22)
      at workLoopSync (node_modules/.pnpm/react-dom@19.2.3_react@19.2.3/node_modules/react-dom/cjs/react-dom-client.development.js:17469:41)
      at renderRootSync (node_modules/.pnpm/react-dom@19.2.3_react@19.2.3/node_modules/react-dom/cjs/react-dom-client.development.js:17450:11)
      at performWorkOnRoot (node_modules/.pnpm/react-dom@19.2.3_react@19.2.3/node_modules/react-dom/cjs/react-dom-client.development.js:16583:35)
      at performWorkOnRootViaSchedulerTask (node_modules/.pnpm/react-dom@19.2.3_react@19.2.3/node_modules/react-dom/cjs/react-dom-client.development.js:18957:7)
      at flushActQueue (node_modules/.pnpm/react@19.2.3/node_modules/react/cjs/react.development.js:590:34)
      at process.env.NODE_ENV.exports.act (node_modules/.pnpm/react@19.2.3/node_modules/react/cjs/react.development.js:884:10)
      at node_modules/.pnpm/@testing-library+react@16.3.1_@testing-library+dom@10.4.1_@types+react-dom@19.2.3_@type_68c5b21a70acecf0fbbfd97f51128017/node_modules/@testing-library/react/dist/act-compat.js:46:25
      at renderRoot (node_modules/.pnpm/@testing-library+react@16.3.1_@testing-library+dom@10.4.1_@types+react-dom@19.2.3_@type_68c5b21a70acecf0fbbfd97f51128017/node_modules/@testing-library/react/dist/pure.js:189:26)
      at render (node_modules/.pnpm/@testing-library+react@16.3.1_@testing-library+dom@10.4.1_@types+react-dom@19.2.3_@type_68c5b21a70acecf0fbbfd97f51128017/node_modules/@testing-library/react/dist/pure.js:291:10)
      at renderWithTheme (__tests__/pages/dashboard-page.test.tsx:32:16)
      at Object.<anonymous> (__tests__/pages/dashboard-page.test.tsx:56:5)

  ● DashboardPage › applies theme context correctly

    Element type is invalid: expected a string (for built-in components) or a class/function (for composite components) but got: object.

    Check the render method of `DashboardPage`.

      30 |
      31 | function renderWithTheme(component: React.ReactElement) {
    > 32 |   return render(component);
         |                ^
      33 | }
      34 |
      35 | describe("DashboardPage", () => {

      at createFiberFromTypeAndProps (node_modules/.pnpm/react-dom@19.2.3_react@19.2.3/node_modules/react-dom/cjs/react-dom-client.development.js:5021:28)
      at createFiberFromElement (node_modules/.pnpm/react-dom@19.2.3_react@19.2.3/node_modules/react-dom/cjs/react-dom-client.development.js:5035:14)
      at reconcileChildFibersImpl (node_modules/.pnpm/react-dom@19.2.3_react@19.2.3/node_modules/react-dom/cjs/react-dom-client.development.js:6920:31)
      at node_modules/.pnpm/react-dom@19.2.3_react@19.2.3/node_modules/react-dom/cjs/react-dom-client.development.js:7098:33
      at reconcileChildren (node_modules/.pnpm/react-dom@19.2.3_react@19.2.3/node_modules/react-dom/cjs/react-dom-client.development.js:9701:13)
      at beginWork (node_modules/.pnpm/react-dom@19.2.3_react@19.2.3/node_modules/react-dom/cjs/react-dom-client.development.js:12049:13)
      at runWithFiberInDEV (node_modules/.pnpm/react-dom@19.2.3_react@19.2.3/node_modules/react-dom/cjs/react-dom-client.development.js:874:13)
      at performUnitOfWork (node_modules/.pnpm/react-dom@19.2.3_react@19.2.3/node_modules/react-dom/cjs/react-dom-client.development.js:17641:22)
      at workLoopSync (node_modules/.pnpm/react-dom@19.2.3_react@19.2.3/node_modules/react-dom/cjs/react-dom-client.development.js:17469:41)
      at renderRootSync (node_modules/.pnpm/react-dom@19.2.3_react@19.2.3/node_modules/react-dom/cjs/react-dom-client.development.js:17450:11)
      at performWorkOnRoot (node_modules/.pnpm/react-dom@19.2.3_react@19.2.3/node_modules/react-dom/cjs/react-dom-client.development.js:16583:35)
      at performWorkOnRootViaSchedulerTask (node_modules/.pnpm/react-dom@19.2.3_react@19.2.3/node_modules/react-dom/cjs/react-dom-client.development.js:18957:7)
      at flushActQueue (node_modules/.pnpm/react@19.2.3/node_modules/react/cjs/react.development.js:590:34)
      at process.env.NODE_ENV.exports.act (node_modules/.pnpm/react@19.2.3/node_modules/react/cjs/react.development.js:884:10)
      at node_modules/.pnpm/@testing-library+react@16.3.1_@testing-library+dom@10.4.1_@types+react-dom@19.2.3_@type_68c5b21a70acecf0fbbfd97f51128017/node_modules/@testing-library/react/dist/act-compat.js:46:25
      at renderRoot (node_modules/.pnpm/@testing-library+react@16.3.1_@testing-library+dom@10.4.1_@types+react-dom@19.2.3_@type_68c5b21a70acecf0fbbfd97f51128017/node_modules/@testing-library/react/dist/pure.js:189:26)
      at render (node_modules/.pnpm/@testing-library+react@16.3.1_@testing-library+dom@10.4.1_@types+react-dom@19.2.3_@type_68c5b21a70acecf0fbbfd97f51128017/node_modules/@testing-library/react/dist/pure.js:291:10)
      at renderWithTheme (__tests__/pages/dashboard-page.test.tsx:32:16)
      at Object.<anonymous> (__tests__/pages/dashboard-page.test.tsx:63:5)

  ● DashboardPage › applies dark mode theme

    Element type is invalid: expected a string (for built-in components) or a class/function (for composite components) but got: object.

    Check the render method of `DashboardPage`.

      30 |
      31 | function renderWithTheme(component: React.ReactElement) {
    > 32 |   return render(component);
         |                ^
      33 | }
      34 |
      35 | describe("DashboardPage", () => {

      at createFiberFromTypeAndProps (node_modules/.pnpm/react-dom@19.2.3_react@19.2.3/node_modules/react-dom/cjs/react-dom-client.development.js:5021:28)
      at createFiberFromElement (node_modules/.pnpm/react-dom@19.2.3_react@19.2.3/node_modules/react-dom/cjs/react-dom-client.development.js:5035:14)
      at reconcileChildFibersImpl (node_modules/.pnpm/react-dom@19.2.3_react@19.2.3/node_modules/react-dom/cjs/react-dom-client.development.js:6920:31)
      at node_modules/.pnpm/react-dom@19.2.3_react@19.2.3/node_modules/react-dom/cjs/react-dom-client.development.js:7098:33
      at reconcileChildren (node_modules/.pnpm/react-dom@19.2.3_react@19.2.3/node_modules/react-dom/cjs/react-dom-client.development.js:9701:13)
      at beginWork (node_modules/.pnpm/react-dom@19.2.3_react@19.2.3/node_modules/react-dom/cjs/react-dom-client.development.js:12049:13)
      at runWithFiberInDEV (node_modules/.pnpm/react-dom@19.2.3_react@19.2.3/node_modules/react-dom/cjs/react-dom-client.development.js:874:13)
      at performUnitOfWork (node_modules/.pnpm/react-dom@19.2.3_react@19.2.3/node_modules/react-dom/cjs/react-dom-client.development.js:17641:22)
      at workLoopSync (node_modules/.pnpm/react-dom@19.2.3_react@19.2.3/node_modules/react-dom/cjs/react-dom-client.development.js:17469:41)
      at renderRootSync (node_modules/.pnpm/react-dom@19.2.3_react@19.2.3/node_modules/react-dom/cjs/react-dom-client.development.js:17450:11)
      at performWorkOnRoot (node_modules/.pnpm/react-dom@19.2.3_react@19.2.3/node_modules/react-dom/cjs/react-dom-client.development.js:16583:35)
      at performWorkOnRootViaSchedulerTask (node_modules/.pnpm/react-dom@19.2.3_react@19.2.3/node_modules/react-dom/cjs/react-dom-client.development.js:18957:7)
      at flushActQueue (node_modules/.pnpm/react@19.2.3/node_modules/react/cjs/react.development.js:590:34)
      at process.env.NODE_ENV.exports.act (node_modules/.pnpm/react@19.2.3/node_modules/react/cjs/react.development.js:884:10)
      at node_modules/.pnpm/@testing-library+react@16.3.1_@testing-library+dom@10.4.1_@types+react-dom@19.2.3_@type_68c5b21a70acecf0fbbfd97f51128017/node_modules/@testing-library/react/dist/act-compat.js:46:25
      at renderRoot (node_modules/.pnpm/@testing-library+react@16.3.1_@testing-library+dom@10.4.1_@types+react-dom@19.2.3_@type_68c5b21a70acecf0fbbfd97f51128017/node_modules/@testing-library/react/dist/pure.js:189:26)
      at render (node_modules/.pnpm/@testing-library+react@16.3.1_@testing-library+dom@10.4.1_@types+react-dom@19.2.3_@type_68c5b21a70acecf0fbbfd97f51128017/node_modules/@testing-library/react/dist/pure.js:291:10)
      at renderWithTheme (__tests__/pages/dashboard-page.test.tsx:32:16)
      at Object.<anonymous> (__tests__/pages/dashboard-page.test.tsx:69:5)

  ● DashboardPage › applies light mode theme

    Element type is invalid: expected a string (for built-in components) or a class/function (for composite components) but got: object.

    Check the render method of `DashboardPage`.

      30 |
      31 | function renderWithTheme(component: React.ReactElement) {
    > 32 |   return render(component);
         |                ^
      33 | }
      34 |
      35 | describe("DashboardPage", () => {

      at createFiberFromTypeAndProps (node_modules/.pnpm/react-dom@19.2.3_react@19.2.3/node_modules/react-dom/cjs/react-dom-client.development.js:5021:28)
      at createFiberFromElement (node_modules/.pnpm/react-dom@19.2.3_react@19.2.3/node_modules/react-dom/cjs/react-dom-client.development.js:5035:14)
      at reconcileChildFibersImpl (node_modules/.pnpm/react-dom@19.2.3_react@19.2.3/node_modules/react-dom/cjs/react-dom-client.development.js:6920:31)
      at node_modules/.pnpm/react-dom@19.2.3_react@19.2.3/node_modules/react-dom/cjs/react-dom-client.development.js:7098:33
      at reconcileChildren (node_modules/.pnpm/react-dom@19.2.3_react@19.2.3/node_modules/react-dom/cjs/react-dom-client.development.js:9701:13)
      at beginWork (node_modules/.pnpm/react-dom@19.2.3_react@19.2.3/node_modules/react-dom/cjs/react-dom-client.development.js:12049:13)
      at runWithFiberInDEV (node_modules/.pnpm/react-dom@19.2.3_react@19.2.3/node_modules/react-dom/cjs/react-dom-client.development.js:874:13)
      at performUnitOfWork (node_modules/.pnpm/react-dom@19.2.3_react@19.2.3/node_modules/react-dom/cjs/react-dom-client.development.js:17641:22)
      at workLoopSync (node_modules/.pnpm/react-dom@19.2.3_react@19.2.3/node_modules/react-dom/cjs/react-dom-client.development.js:17469:41)
      at renderRootSync (node_modules/.pnpm/react-dom@19.2.3_react@19.2.3/node_modules/react-dom/cjs/react-dom-client.development.js:17450:11)
      at performWorkOnRoot (node_modules/.pnpm/react-dom@19.2.3_react@19.2.3/node_modules/react-dom/cjs/react-dom-client.development.js:16583:35)
      at performWorkOnRootViaSchedulerTask (node_modules/.pnpm/react-dom@19.2.3_react@19.2.3/node_modules/react-dom/cjs/react-dom-client.development.js:18957:7)
      at flushActQueue (node_modules/.pnpm/react@19.2.3/node_modules/react/cjs/react.development.js:590:34)
      at process.env.NODE_ENV.exports.act (node_modules/.pnpm/react@19.2.3/node_modules/react/cjs/react.development.js:884:10)
      at node_modules/.pnpm/@testing-library+react@16.3.1_@testing-library+dom@10.4.1_@types+react-dom@19.2.3_@type_68c5b21a70acecf0fbbfd97f51128017/node_modules/@testing-library/react/dist/act-compat.js:46:25
      at renderRoot (node_modules/.pnpm/@testing-library+react@16.3.1_@testing-library+dom@10.4.1_@types+react-dom@19.2.3_@type_68c5b21a70acecf0fbbfd97f51128017/node_modules/@testing-library/react/dist/pure.js:189:26)
      at render (node_modules/.pnpm/@testing-library+react@16.3.1_@testing-library+dom@10.4.1_@types+react-dom@19.2.3_@type_68c5b21a70acecf0fbbfd97f51128017/node_modules/@testing-library/react/dist/pure.js:291:10)
      at renderWithTheme (__tests__/pages/dashboard-page.test.tsx:32:16)
      at Object.<anonymous> (__tests__/pages/dashboard-page.test.tsx:75:5)

  ● DashboardPage › has correct component structure

    Element type is invalid: expected a string (for built-in components) or a class/function (for composite components) but got: object.

    Check the render method of `DashboardPage`.

      30 |
      31 | function renderWithTheme(component: React.ReactElement) {
    > 32 |   return render(component);
         |                ^
      33 | }
      34 |
      35 | describe("DashboardPage", () => {

      at createFiberFromTypeAndProps (node_modules/.pnpm/react-dom@19.2.3_react@19.2.3/node_modules/react-dom/cjs/react-dom-client.development.js:5021:28)
      at createFiberFromElement (node_modules/.pnpm/react-dom@19.2.3_react@19.2.3/node_modules/react-dom/cjs/react-dom-client.development.js:5035:14)
      at reconcileChildFibersImpl (node_modules/.pnpm/react-dom@19.2.3_react@19.2.3/node_modules/react-dom/cjs/react-dom-client.development.js:6920:31)
      at node_modules/.pnpm/react-dom@19.2.3_react@19.2.3/node_modules/react-dom/cjs/react-dom-client.development.js:7098:33
      at reconcileChildren (node_modules/.pnpm/react-dom@19.2.3_react@19.2.3/node_modules/react-dom/cjs/react-dom-client.development.js:9701:13)
      at beginWork (node_modules/.pnpm/react-dom@19.2.3_react@19.2.3/node_modules/react-dom/cjs/react-dom-client.development.js:12049:13)
      at runWithFiberInDEV (node_modules/.pnpm/react-dom@19.2.3_react@19.2.3/node_modules/react-dom/cjs/react-dom-client.development.js:874:13)
      at performUnitOfWork (node_modules/.pnpm/react-dom@19.2.3_react@19.2.3/node_modules/react-dom/cjs/react-dom-client.development.js:17641:22)
      at workLoopSync (node_modules/.pnpm/react-dom@19.2.3_react@19.2.3/node_modules/react-dom/cjs/react-dom-client.development.js:17469:41)
      at renderRootSync (node_modules/.pnpm/react-dom@19.2.3_react@19.2.3/node_modules/react-dom/cjs/react-dom-client.development.js:17450:11)
      at performWorkOnRoot (node_modules/.pnpm/react-dom@19.2.3_react@19.2.3/node_modules/react-dom/cjs/react-dom-client.development.js:16583:35)
      at performWorkOnRootViaSchedulerTask (node_modules/.pnpm/react-dom@19.2.3_react@19.2.3/node_modules/react-dom/cjs/react-dom-client.development.js:18957:7)
      at flushActQueue (node_modules/.pnpm/react@19.2.3/node_modules/react/cjs/react.development.js:590:34)
      at process.env.NODE_ENV.exports.act (node_modules/.pnpm/react@19.2.3/node_modules/react/cjs/react.development.js:884:10)
      at node_modules/.pnpm/@testing-library+react@16.3.1_@testing-library+dom@10.4.1_@types+react-dom@19.2.3_@type_68c5b21a70acecf0fbbfd97f51128017/node_modules/@testing-library/react/dist/act-compat.js:46:25
      at renderRoot (node_modules/.pnpm/@testing-library+react@16.3.1_@testing-library+dom@10.4.1_@types+react-dom@19.2.3_@type_68c5b21a70acecf0fbbfd97f51128017/node_modules/@testing-library/react/dist/pure.js:189:26)
      at render (node_modules/.pnpm/@testing-library+react@16.3.1_@testing-library+dom@10.4.1_@types+react-dom@19.2.3_@type_68c5b21a70acecf0fbbfd97f51128017/node_modules/@testing-library/react/dist/pure.js:291:10)
      at renderWithTheme (__tests__/pages/dashboard-page.test.tsx:32:16)
      at Object.<anonymous> (__tests__/pages/dashboard-page.test.tsx:81:27)

  ● DashboardPage › is accessible

    Element type is invalid: expected a string (for built-in components) or a class/function (for composite components) but got: object.

    Check the render method of `DashboardPage`.

      30 |
      31 | function renderWithTheme(component: React.ReactElement) {
    > 32 |   return render(component);
         |                ^
      33 | }
      34 |
      35 | describe("DashboardPage", () => {

      at createFiberFromTypeAndProps (node_modules/.pnpm/react-dom@19.2.3_react@19.2.3/node_modules/react-dom/cjs/react-dom-client.development.js:5021:28)
      at createFiberFromElement (node_modules/.pnpm/react-dom@19.2.3_react@19.2.3/node_modules/react-dom/cjs/react-dom-client.development.js:5035:14)
      at reconcileChildFibersImpl (node_modules/.pnpm/react-dom@19.2.3_react@19.2.3/node_modules/react-dom/cjs/react-dom-client.development.js:6920:31)
      at node_modules/.pnpm/react-dom@19.2.3_react@19.2.3/node_modules/react-dom/cjs/react-dom-client.development.js:7098:33
      at reconcileChildren (node_modules/.pnpm/react-dom@19.2.3_react@19.2.3/node_modules/react-dom/cjs/react-dom-client.development.js:9701:13)
      at beginWork (node_modules/.pnpm/react-dom@19.2.3_react@19.2.3/node_modules/react-dom/cjs/react-dom-client.development.js:12049:13)
      at runWithFiberInDEV (node_modules/.pnpm/react-dom@19.2.3_react@19.2.3/node_modules/react-dom/cjs/react-dom-client.development.js:874:13)
      at performUnitOfWork (node_modules/.pnpm/react-dom@19.2.3_react@19.2.3/node_modules/react-dom/cjs/react-dom-client.development.js:17641:22)
      at workLoopSync (node_modules/.pnpm/react-dom@19.2.3_react@19.2.3/node_modules/react-dom/cjs/react-dom-client.development.js:17469:41)
      at renderRootSync (node_modules/.pnpm/react-dom@19.2.3_react@19.2.3/node_modules/react-dom/cjs/react-dom-client.development.js:17450:11)
      at performWorkOnRoot (node_modules/.pnpm/react-dom@19.2.3_react@19.2.3/node_modules/react-dom/cjs/react-dom-client.development.js:16583:35)
      at performWorkOnRootViaSchedulerTask (node_modules/.pnpm/react-dom@19.2.3_react@19.2.3/node_modules/react-dom/cjs/react-dom-client.development.js:18957:7)
      at flushActQueue (node_modules/.pnpm/react@19.2.3/node_modules/react/cjs/react.development.js:590:34)
      at process.env.NODE_ENV.exports.act (node_modules/.pnpm/react@19.2.3/node_modules/react/cjs/react.development.js:884:10)
      at node_modules/.pnpm/@testing-library+react@16.3.1_@testing-library+dom@10.4.1_@types+react-dom@19.2.3_@type_68c5b21a70acecf0fbbfd97f51128017/node_modules/@testing-library/react/dist/act-compat.js:46:25
      at renderRoot (node_modules/.pnpm/@testing-library+react@16.3.1_@testing-library+dom@10.4.1_@types+react-dom@19.2.3_@type_68c5b21a70acecf0fbbfd97f51128017/node_modules/@testing-library/react/dist/pure.js:189:26)
      at render (node_modules/.pnpm/@testing-library+react@16.3.1_@testing-library+dom@10.4.1_@types+react-dom@19.2.3_@type_68c5b21a70acecf0fbbfd97f51128017/node_modules/@testing-library/react/dist/pure.js:291:10)
      at renderWithTheme (__tests__/pages/dashboard-page.test.tsx:32:16)
      at Object.<anonymous> (__tests__/pages/dashboard-page.test.tsx:89:5)

  ● DashboardPage › renders correctly on rerender

    Element type is invalid: expected a string (for built-in components) or a class/function (for composite components) but got: object.

    Check the render method of `DashboardPage`.

      30 |
      31 | function renderWithTheme(component: React.ReactElement) {
    > 32 |   return render(component);
         |                ^
      33 | }
      34 |
      35 | describe("DashboardPage", () => {

      at createFiberFromTypeAndProps (node_modules/.pnpm/react-dom@19.2.3_react@19.2.3/node_modules/react-dom/cjs/react-dom-client.development.js:5021:28)
      at createFiberFromElement (node_modules/.pnpm/react-dom@19.2.3_react@19.2.3/node_modules/react-dom/cjs/react-dom-client.development.js:5035:14)
      at reconcileChildFibersImpl (node_modules/.pnpm/react-dom@19.2.3_react@19.2.3/node_modules/react-dom/cjs/react-dom-client.development.js:6920:31)
      at node_modules/.pnpm/react-dom@19.2.3_react@19.2.3/node_modules/react-dom/cjs/react-dom-client.development.js:7098:33
      at reconcileChildren (node_modules/.pnpm/react-dom@19.2.3_react@19.2.3/node_modules/react-dom/cjs/react-dom-client.development.js:9701:13)
      at beginWork (node_modules/.pnpm/react-dom@19.2.3_react@19.2.3/node_modules/react-dom/cjs/react-dom-client.development.js:12049:13)
      at runWithFiberInDEV (node_modules/.pnpm/react-dom@19.2.3_react@19.2.3/node_modules/react-dom/cjs/react-dom-client.development.js:874:13)
      at performUnitOfWork (node_modules/.pnpm/react-dom@19.2.3_react@19.2.3/node_modules/react-dom/cjs/react-dom-client.development.js:17641:22)
      at workLoopSync (node_modules/.pnpm/react-dom@19.2.3_react@19.2.3/node_modules/react-dom/cjs/react-dom-client.development.js:17469:41)
      at renderRootSync (node_modules/.pnpm/react-dom@19.2.3_react@19.2.3/node_modules/react-dom/cjs/react-dom-client.development.js:17450:11)
      at performWorkOnRoot (node_modules/.pnpm/react-dom@19.2.3_react@19.2.3/node_modules/react-dom/cjs/react-dom-client.development.js:16583:35)
      at performWorkOnRootViaSchedulerTask (node_modules/.pnpm/react-dom@19.2.3_react@19.2.3/node_modules/react-dom/cjs/react-dom-client.development.js:18957:7)
      at flushActQueue (node_modules/.pnpm/react@19.2.3/node_modules/react/cjs/react.development.js:590:34)
      at process.env.NODE_ENV.exports.act (node_modules/.pnpm/react@19.2.3/node_modules/react/cjs/react.development.js:884:10)
      at node_modules/.pnpm/@testing-library+react@16.3.1_@testing-library+dom@10.4.1_@types+react-dom@19.2.3_@type_68c5b21a70acecf0fbbfd97f51128017/node_modules/@testing-library/react/dist/act-compat.js:46:25
      at renderRoot (node_modules/.pnpm/@testing-library+react@16.3.1_@testing-library+dom@10.4.1_@types+react-dom@19.2.3_@type_68c5b21a70acecf0fbbfd97f51128017/node_modules/@testing-library/react/dist/pure.js:189:26)
      at render (node_modules/.pnpm/@testing-library+react@16.3.1_@testing-library+dom@10.4.1_@types+react-dom@19.2.3_@type_68c5b21a70acecf0fbbfd97f51128017/node_modules/@testing-library/react/dist/pure.js:291:10)
      at renderWithTheme (__tests__/pages/dashboard-page.test.tsx:32:16)
      at Object.<anonymous> (__tests__/pages/dashboard-page.test.tsx:96:26)

  ● DashboardPage › handles theme changes

    Element type is invalid: expected a string (for built-in components) or a class/function (for composite components) but got: object.

    Check the render method of `DashboardPage`.

      30 |
      31 | function renderWithTheme(component: React.ReactElement) {
    > 32 |   return render(component);
         |                ^
      33 | }
      34 |
      35 | describe("DashboardPage", () => {

      at createFiberFromTypeAndProps (node_modules/.pnpm/react-dom@19.2.3_react@19.2.3/node_modules/react-dom/cjs/react-dom-client.development.js:5021:28)
      at createFiberFromElement (node_modules/.pnpm/react-dom@19.2.3_react@19.2.3/node_modules/react-dom/cjs/react-dom-client.development.js:5035:14)
      at reconcileChildFibersImpl (node_modules/.pnpm/react-dom@19.2.3_react@19.2.3/node_modules/react-dom/cjs/react-dom-client.development.js:6920:31)
      at node_modules/.pnpm/react-dom@19.2.3_react@19.2.3/node_modules/react-dom/cjs/react-dom-client.development.js:7098:33
      at reconcileChildren (node_modules/.pnpm/react-dom@19.2.3_react@19.2.3/node_modules/react-dom/cjs/react-dom-client.development.js:9701:13)
      at beginWork (node_modules/.pnpm/react-dom@19.2.3_react@19.2.3/node_modules/react-dom/cjs/react-dom-client.development.js:12049:13)
      at runWithFiberInDEV (node_modules/.pnpm/react-dom@19.2.3_react@19.2.3/node_modules/react-dom/cjs/react-dom-client.development.js:874:13)
      at performUnitOfWork (node_modules/.pnpm/react-dom@19.2.3_react@19.2.3/node_modules/react-dom/cjs/react-dom-client.development.js:17641:22)
      at workLoopSync (node_modules/.pnpm/react-dom@19.2.3_react@19.2.3/node_modules/react-dom/cjs/react-dom-client.development.js:17469:41)
      at renderRootSync (node_modules/.pnpm/react-dom@19.2.3_react@19.2.3/node_modules/react-dom/cjs/react-dom-client.development.js:17450:11)
      at performWorkOnRoot (node_modules/.pnpm/react-dom@19.2.3_react@19.2.3/node_modules/react-dom/cjs/react-dom-client.development.js:16583:35)
      at performWorkOnRootViaSchedulerTask (node_modules/.pnpm/react-dom@19.2.3_react@19.2.3/node_modules/react-dom/cjs/react-dom-client.development.js:18957:7)
      at flushActQueue (node_modules/.pnpm/react@19.2.3/node_modules/react/cjs/react.development.js:590:34)
      at process.env.NODE_ENV.exports.act (node_modules/.pnpm/react@19.2.3/node_modules/react/cjs/react.development.js:884:10)
      at node_modules/.pnpm/@testing-library+react@16.3.1_@testing-library+dom@10.4.1_@types+react-dom@19.2.3_@type_68c5b21a70acecf0fbbfd97f51128017/node_modules/@testing-library/react/dist/act-compat.js:46:25
      at renderRoot (node_modules/.pnpm/@testing-library+react@16.3.1_@testing-library+dom@10.4.1_@types+react-dom@19.2.3_@type_68c5b21a70acecf0fbbfd97f51128017/node_modules/@testing-library/react/dist/pure.js:189:26)
      at render (node_modules/.pnpm/@testing-library+react@16.3.1_@testing-library+dom@10.4.1_@types+react-dom@19.2.3_@type_68c5b21a70acecf0fbbfd97f51128017/node_modules/@testing-library/react/dist/pure.js:291:10)
      at renderWithTheme (__tests__/pages/dashboard-page.test.tsx:32:16)
      at Object.<anonymous> (__tests__/pages/dashboard-page.test.tsx:106:26)

  ● DashboardPage › does not render unexpected content

    Element type is invalid: expected a string (for built-in components) or a class/function (for composite components) but got: object.

    Check the render method of `DashboardPage`.

      30 |
      31 | function renderWithTheme(component: React.ReactElement) {
    > 32 |   return render(component);
         |                ^
      33 | }
      34 |
      35 | describe("DashboardPage", () => {

      at createFiberFromTypeAndProps (node_modules/.pnpm/react-dom@19.2.3_react@19.2.3/node_modules/react-dom/cjs/react-dom-client.development.js:5021:28)
      at createFiberFromElement (node_modules/.pnpm/react-dom@19.2.3_react@19.2.3/node_modules/react-dom/cjs/react-dom-client.development.js:5035:14)
      at reconcileChildFibersImpl (node_modules/.pnpm/react-dom@19.2.3_react@19.2.3/node_modules/react-dom/cjs/react-dom-client.development.js:6920:31)
      at node_modules/.pnpm/react-dom@19.2.3_react@19.2.3/node_modules/react-dom/cjs/react-dom-client.development.js:7098:33
      at reconcileChildren (node_modules/.pnpm/react-dom@19.2.3_react@19.2.3/node_modules/react-dom/cjs/react-dom-client.development.js:9701:13)
      at beginWork (node_modules/.pnpm/react-dom@19.2.3_react@19.2.3/node_modules/react-dom/cjs/react-dom-client.development.js:12049:13)
      at runWithFiberInDEV (node_modules/.pnpm/react-dom@19.2.3_react@19.2.3/node_modules/react-dom/cjs/react-dom-client.development.js:874:13)
      at performUnitOfWork (node_modules/.pnpm/react-dom@19.2.3_react@19.2.3/node_modules/react-dom/cjs/react-dom-client.development.js:17641:22)
      at workLoopSync (node_modules/.pnpm/react-dom@19.2.3_react@19.2.3/node_modules/react-dom/cjs/react-dom-client.development.js:17469:41)
      at renderRootSync (node_modules/.pnpm/react-dom@19.2.3_react@19.2.3/node_modules/react-dom/cjs/react-dom-client.development.js:17450:11)
      at performWorkOnRoot (node_modules/.pnpm/react-dom@19.2.3_react@19.2.3/node_modules/react-dom/cjs/react-dom-client.development.js:16583:35)
      at performWorkOnRootViaSchedulerTask (node_modules/.pnpm/react-dom@19.2.3_react@19.2.3/node_modules/react-dom/cjs/react-dom-client.development.js:18957:7)
      at flushActQueue (node_modules/.pnpm/react@19.2.3/node_modules/react/cjs/react.development.js:590:34)
      at process.env.NODE_ENV.exports.act (node_modules/.pnpm/react@19.2.3/node_modules/react/cjs/react.development.js:884:10)
      at node_modules/.pnpm/@testing-library+react@16.3.1_@testing-library+dom@10.4.1_@types+react-dom@19.2.3_@type_68c5b21a70acecf0fbbfd97f51128017/node_modules/@testing-library/react/dist/act-compat.js:46:25
      at renderRoot (node_modules/.pnpm/@testing-library+react@16.3.1_@testing-library+dom@10.4.1_@types+react-dom@19.2.3_@type_68c5b21a70acecf0fbbfd97f51128017/node_modules/@testing-library/react/dist/pure.js:189:26)
      at render (node_modules/.pnpm/@testing-library+react@16.3.1_@testing-library+dom@10.4.1_@types+react-dom@19.2.3_@type_68c5b21a70acecf0fbbfd97f51128017/node_modules/@testing-library/react/dist/pure.js:291:10)
      at renderWithTheme (__tests__/pages/dashboard-page.test.tsx:32:16)
      at Object.<anonymous> (__tests__/pages/dashboard-page.test.tsx:116:5)

  ● DashboardPage › maintains component hierarchy

    Element type is invalid: expected a string (for built-in components) or a class/function (for composite components) but got: object.

    Check the render method of `DashboardPage`.

      30 |
      31 | function renderWithTheme(component: React.ReactElement) {
    > 32 |   return render(component);
         |                ^
      33 | }
      34 |
      35 | describe("DashboardPage", () => {

      at createFiberFromTypeAndProps (node_modules/.pnpm/react-dom@19.2.3_react@19.2.3/node_modules/react-dom/cjs/react-dom-client.development.js:5021:28)
      at createFiberFromElement (node_modules/.pnpm/react-dom@19.2.3_react@19.2.3/node_modules/react-dom/cjs/react-dom-client.development.js:5035:14)
      at reconcileChildFibersImpl (node_modules/.pnpm/react-dom@19.2.3_react@19.2.3/node_modules/react-dom/cjs/react-dom-client.development.js:6920:31)
      at node_modules/.pnpm/react-dom@19.2.3_react@19.2.3/node_modules/react-dom/cjs/react-dom-client.development.js:7098:33
      at reconcileChildren (node_modules/.pnpm/react-dom@19.2.3_react@19.2.3/node_modules/react-dom/cjs/react-dom-client.development.js:9701:13)
      at beginWork (node_modules/.pnpm/react-dom@19.2.3_react@19.2.3/node_modules/react-dom/cjs/react-dom-client.development.js:12049:13)
      at runWithFiberInDEV (node_modules/.pnpm/react-dom@19.2.3_react@19.2.3/node_modules/react-dom/cjs/react-dom-client.development.js:874:13)
      at performUnitOfWork (node_modules/.pnpm/react-dom@19.2.3_react@19.2.3/node_modules/react-dom/cjs/react-dom-client.development.js:17641:22)
      at workLoopSync (node_modules/.pnpm/react-dom@19.2.3_react@19.2.3/node_modules/react-dom/cjs/react-dom-client.development.js:17469:41)
      at renderRootSync (node_modules/.pnpm/react-dom@19.2.3_react@19.2.3/node_modules/react-dom/cjs/react-dom-client.development.js:17450:11)
      at performWorkOnRoot (node_modules/.pnpm/react-dom@19.2.3_react@19.2.3/node_modules/react-dom/cjs/react-dom-client.development.js:16583:35)
      at performWorkOnRootViaSchedulerTask (node_modules/.pnpm/react-dom@19.2.3_react@19.2.3/node_modules/react-dom/cjs/react-dom-client.development.js:18957:7)
      at flushActQueue (node_modules/.pnpm/react@19.2.3/node_modules/react/cjs/react.development.js:590:34)
      at process.env.NODE_ENV.exports.act (node_modules/.pnpm/react@19.2.3/node_modules/react/cjs/react.development.js:884:10)
      at node_modules/.pnpm/@testing-library+react@16.3.1_@testing-library+dom@10.4.1_@types+react-dom@19.2.3_@type_68c5b21a70acecf0fbbfd97f51128017/node_modules/@testing-library/react/dist/act-compat.js:46:25
      at renderRoot (node_modules/.pnpm/@testing-library+react@16.3.1_@testing-library+dom@10.4.1_@types+react-dom@19.2.3_@type_68c5b21a70acecf0fbbfd97f51128017/node_modules/@testing-library/react/dist/pure.js:189:26)
      at render (node_modules/.pnpm/@testing-library+react@16.3.1_@testing-library+dom@10.4.1_@types+react-dom@19.2.3_@type_68c5b21a70acecf0fbbfd97f51128017/node_modules/@testing-library/react/dist/pure.js:291:10)
      at renderWithTheme (__tests__/pages/dashboard-page.test.tsx:32:16)
      at Object.<anonymous> (__tests__/pages/dashboard-page.test.tsx:125:27)

  ● DashboardPage › is responsive

    Element type is invalid: expected a string (for built-in components) or a class/function (for composite components) but got: object.

    Check the render method of `DashboardPage`.

      30 |
      31 | function renderWithTheme(component: React.ReactElement) {
    > 32 |   return render(component);
         |                ^
      33 | }
      34 |
      35 | describe("DashboardPage", () => {

      at createFiberFromTypeAndProps (node_modules/.pnpm/react-dom@19.2.3_react@19.2.3/node_modules/react-dom/cjs/react-dom-client.development.js:5021:28)
      at createFiberFromElement (node_modules/.pnpm/react-dom@19.2.3_react@19.2.3/node_modules/react-dom/cjs/react-dom-client.development.js:5035:14)
      at reconcileChildFibersImpl (node_modules/.pnpm/react-dom@19.2.3_react@19.2.3/node_modules/react-dom/cjs/react-dom-client.development.js:6920:31)
      at node_modules/.pnpm/react-dom@19.2.3_react@19.2.3/node_modules/react-dom/cjs/react-dom-client.development.js:7098:33
      at reconcileChildren (node_modules/.pnpm/react-dom@19.2.3_react@19.2.3/node_modules/react-dom/cjs/react-dom-client.development.js:9701:13)
      at beginWork (node_modules/.pnpm/react-dom@19.2.3_react@19.2.3/node_modules/react-dom/cjs/react-dom-client.development.js:12049:13)
      at runWithFiberInDEV (node_modules/.pnpm/react-dom@19.2.3_react@19.2.3/node_modules/react-dom/cjs/react-dom-client.development.js:874:13)
      at performUnitOfWork (node_modules/.pnpm/react-dom@19.2.3_react@19.2.3/node_modules/react-dom/cjs/react-dom-client.development.js:17641:22)
      at workLoopSync (node_modules/.pnpm/react-dom@19.2.3_react@19.2.3/node_modules/react-dom/cjs/react-dom-client.development.js:17469:41)
      at renderRootSync (node_modules/.pnpm/react-dom@19.2.3_react@19.2.3/node_modules/react-dom/cjs/react-dom-client.development.js:17450:11)
      at performWorkOnRoot (node_modules/.pnpm/react-dom@19.2.3_react@19.2.3/node_modules/react-dom/cjs/react-dom-client.development.js:16583:35)
      at performWorkOnRootViaSchedulerTask (node_modules/.pnpm/react-dom@19.2.3_react@19.2.3/node_modules/react-dom/cjs/react-dom-client.development.js:18957:7)
      at flushActQueue (node_modules/.pnpm/react@19.2.3/node_modules/react/cjs/react.development.js:590:34)
      at process.env.NODE_ENV.exports.act (node_modules/.pnpm/react@19.2.3/node_modules/react/cjs/react.development.js:884:10)
      at node_modules/.pnpm/@testing-library+react@16.3.1_@testing-library+dom@10.4.1_@types+react-dom@19.2.3_@type_68c5b21a70acecf0fbbfd97f51128017/node_modules/@testing-library/react/dist/act-compat.js:46:25
      at renderRoot (node_modules/.pnpm/@testing-library+react@16.3.1_@testing-library+dom@10.4.1_@types+react-dom@19.2.3_@type_68c5b21a70acecf0fbbfd97f51128017/node_modules/@testing-library/react/dist/pure.js:189:26)
      at render (node_modules/.pnpm/@testing-library+react@16.3.1_@testing-library+dom@10.4.1_@types+react-dom@19.2.3_@type_68c5b21a70acecf0fbbfd97f51128017/node_modules/@testing-library/react/dist/pure.js:291:10)
      at renderWithTheme (__tests__/pages/dashboard-page.test.tsx:32:16)
      at Object.<anonymous> (__tests__/pages/dashboard-page.test.tsx:134:5)

  ● DashboardPage › renders as a client component

    Element type is invalid: expected a string (for built-in components) or a class/function (for composite components) but got: object.

    Check the render method of `DashboardPage`.

      30 |
      31 | function renderWithTheme(component: React.ReactElement) {
    > 32 |   return render(component);
         |                ^
      33 | }
      34 |
      35 | describe("DashboardPage", () => {

      at createFiberFromTypeAndProps (node_modules/.pnpm/react-dom@19.2.3_react@19.2.3/node_modules/react-dom/cjs/react-dom-client.development.js:5021:28)
      at createFiberFromElement (node_modules/.pnpm/react-dom@19.2.3_react@19.2.3/node_modules/react-dom/cjs/react-dom-client.development.js:5035:14)
      at reconcileChildFibersImpl (node_modules/.pnpm/react-dom@19.2.3_react@19.2.3/node_modules/react-dom/cjs/react-dom-client.development.js:6920:31)
      at node_modules/.pnpm/react-dom@19.2.3_react@19.2.3/node_modules/react-dom/cjs/react-dom-client.development.js:7098:33
      at reconcileChildren (node_modules/.pnpm/react-dom@19.2.3_react@19.2.3/node_modules/react-dom/cjs/react-dom-client.development.js:9701:13)
      at beginWork (node_modules/.pnpm/react-dom@19.2.3_react@19.2.3/node_modules/react-dom/cjs/react-dom-client.development.js:12049:13)
      at runWithFiberInDEV (node_modules/.pnpm/react-dom@19.2.3_react@19.2.3/node_modules/react-dom/cjs/react-dom-client.development.js:874:13)
      at performUnitOfWork (node_modules/.pnpm/react-dom@19.2.3_react@19.2.3/node_modules/react-dom/cjs/react-dom-client.development.js:17641:22)
      at workLoopSync (node_modules/.pnpm/react-dom@19.2.3_react@19.2.3/node_modules/react-dom/cjs/react-dom-client.development.js:17469:41)
      at renderRootSync (node_modules/.pnpm/react-dom@19.2.3_react@19.2.3/node_modules/react-dom/cjs/react-dom-client.development.js:17450:11)
      at performWorkOnRoot (node_modules/.pnpm/react-dom@19.2.3_react@19.2.3/node_modules/react-dom/cjs/react-dom-client.development.js:16583:35)
      at performWorkOnRootViaSchedulerTask (node_modules/.pnpm/react-dom@19.2.3_react@19.2.3/node_modules/react-dom/cjs/react-dom-client.development.js:18957:7)
      at flushActQueue (node_modules/.pnpm/react@19.2.3/node_modules/react/cjs/react.development.js:590:34)
      at process.env.NODE_ENV.exports.act (node_modules/.pnpm/react@19.2.3/node_modules/react/cjs/react.development.js:884:10)
      at node_modules/.pnpm/@testing-library+react@16.3.1_@testing-library+dom@10.4.1_@types+react-dom@19.2.3_@type_68c5b21a70acecf0fbbfd97f51128017/node_modules/@testing-library/react/dist/act-compat.js:46:25
      at renderRoot (node_modules/.pnpm/@testing-library+react@16.3.1_@testing-library+dom@10.4.1_@types+react-dom@19.2.3_@type_68c5b21a70acecf0fbbfd97f51128017/node_modules/@testing-library/react/dist/pure.js:189:26)
      at render (node_modules/.pnpm/@testing-library+react@16.3.1_@testing-library+dom@10.4.1_@types+react-dom@19.2.3_@type_68c5b21a70acecf0fbbfd97f51128017/node_modules/@testing-library/react/dist/pure.js:291:10)
      at renderWithTheme (__tests__/pages/dashboard-page.test.tsx:32:16)
      at Object.<anonymous> (__tests__/pages/dashboard-page.test.tsx:141:27)

FAIL __tests__/components/layout/Header.test.tsx (19.205 s)
  ● Header › Edge Cases › handles undefined theme context

    TypeError: Cannot destructure property 'isDark' of '(0 , ThemeContext_1.useTheme)(...)' as it is undefined.

      10 | export function Header() {
      11 |   const { toggleSidebar } = useSidebar();
    > 12 |   const { isDark } = useTheme();
         |           ^
      13 |
      14 |   return (
      15 |     <AppBar 

      at Header (src/components/layout/Header.tsx:12:11)
      at Object.react_stack_bottom_frame (node_modules/.pnpm/react-dom@19.2.3_react@19.2.3/node_modules/react-dom/cjs/react-dom-client.development.js:25904:20)
      at renderWithHooks (node_modules/.pnpm/react-dom@19.2.3_react@19.2.3/node_modules/react-dom/cjs/react-dom-client.development.js:7662:22)
      at updateFunctionComponent (node_modules/.pnpm/react-dom@19.2.3_react@19.2.3/node_modules/react-dom/cjs/react-dom-client.development.js:10166:19)
      at beginWork (node_modules/.pnpm/react-dom@19.2.3_react@19.2.3/node_modules/react-dom/cjs/react-dom-client.development.js:11778:18)
      at runWithFiberInDEV (node_modules/.pnpm/react-dom@19.2.3_react@19.2.3/node_modules/react-dom/cjs/react-dom-client.development.js:874:13)
      at performUnitOfWork (node_modules/.pnpm/react-dom@19.2.3_react@19.2.3/node_modules/react-dom/cjs/react-dom-client.development.js:17641:22)
      at workLoopSync (node_modules/.pnpm/react-dom@19.2.3_react@19.2.3/node_modules/react-dom/cjs/react-dom-client.development.js:17469:41)
      at renderRootSync (node_modules/.pnpm/react-dom@19.2.3_react@19.2.3/node_modules/react-dom/cjs/react-dom-client.development.js:17450:11)
      at performWorkOnRoot (node_modules/.pnpm/react-dom@19.2.3_react@19.2.3/node_modules/react-dom/cjs/react-dom-client.development.js:16583:35)
      at performWorkOnRootViaSchedulerTask (node_modules/.pnpm/react-dom@19.2.3_react@19.2.3/node_modules/react-dom/cjs/react-dom-client.development.js:18957:7)
      at flushActQueue (node_modules/.pnpm/react@19.2.3/node_modules/react/cjs/react.development.js:590:34)
      at process.env.NODE_ENV.exports.act (node_modules/.pnpm/react@19.2.3/node_modules/react/cjs/react.development.js:884:10)
      at node_modules/.pnpm/@testing-library+react@16.3.1_@testing-library+dom@10.4.1_@types+react-dom@19.2.3_@type_68c5b21a70acecf0fbbfd97f51128017/node_modules/@testing-library/react/dist/act-compat.js:46:25
      at renderRoot (node_modules/.pnpm/@testing-library+react@16.3.1_@testing-library+dom@10.4.1_@types+react-dom@19.2.3_@type_68c5b21a70acecf0fbbfd97f51128017/node_modules/@testing-library/react/dist/pure.js:189:26)
      at render (node_modules/.pnpm/@testing-library+react@16.3.1_@testing-library+dom@10.4.1_@types+react-dom@19.2.3_@type_68c5b21a70acecf0fbbfd97f51128017/node_modules/@testing-library/react/dist/pure.js:291:10)
      at renderWithTheme (__tests__/components/layout/Header.test.tsx:24:16)
      at Object.<anonymous> (__tests__/components/layout/Header.test.tsx:138:29)

  ● Header › Edge Cases › handles null sidebar context

    expect(received).not.toThrow()

    Error name:    "TypeError"
    Error message: "Cannot destructure property 'toggleSidebar' of '(0 , SidebarProvider_1.useSidebar)(...)' as it is null."

           9 |
          10 | export function Header() {
        > 11 |   const { toggleSidebar } = useSidebar();
             |           ^
          12 |   const { isDark } = useTheme();
          13 |
          14 |   return (

      at Header (src/components/layout/Header.tsx:11:11)
      at Object.react_stack_bottom_frame (node_modules/.pnpm/react-dom@19.2.3_react@19.2.3/node_modules/react-dom/cjs/react-dom-client.development.js:25904:20)
      at renderWithHooks (node_modules/.pnpm/react-dom@19.2.3_react@19.2.3/node_modules/react-dom/cjs/react-dom-client.development.js:7662:22)
      at updateFunctionComponent (node_modules/.pnpm/react-dom@19.2.3_react@19.2.3/node_modules/react-dom/cjs/react-dom-client.development.js:10166:19)
      at beginWork (node_modules/.pnpm/react-dom@19.2.3_react@19.2.3/node_modules/react-dom/cjs/react-dom-client.development.js:11778:18)
      at runWithFiberInDEV (node_modules/.pnpm/react-dom@19.2.3_react@19.2.3/node_modules/react-dom/cjs/react-dom-client.development.js:874:13)
      at performUnitOfWork (node_modules/.pnpm/react-dom@19.2.3_react@19.2.3/node_modules/react-dom/cjs/react-dom-client.development.js:17641:22)
      at workLoopSync (node_modules/.pnpm/react-dom@19.2.3_react@19.2.3/node_modules/react-dom/cjs/react-dom-client.development.js:17469:41)
      at renderRootSync (node_modules/.pnpm/react-dom@19.2.3_react@19.2.3/node_modules/react-dom/cjs/react-dom-client.development.js:17450:11)
      at performWorkOnRoot (node_modules/.pnpm/react-dom@19.2.3_react@19.2.3/node_modules/react-dom/cjs/react-dom-client.development.js:16583:35)
      at performWorkOnRootViaSchedulerTask (node_modules/.pnpm/react-dom@19.2.3_react@19.2.3/node_modules/react-dom/cjs/react-dom-client.development.js:18957:7)
      at flushActQueue (node_modules/.pnpm/react@19.2.3/node_modules/react/cjs/react.development.js:590:34)
      at process.env.NODE_ENV.exports.act (node_modules/.pnpm/react@19.2.3/node_modules/react/cjs/react.development.js:884:10)
      at node_modules/.pnpm/@testing-library+react@16.3.1_@testing-library+dom@10.4.1_@types+react-dom@19.2.3_@type_68c5b21a70acecf0fbbfd97f51128017/node_modules/@testing-library/react/dist/act-compat.js:46:25
      at renderRoot (node_modules/.pnpm/@testing-library+react@16.3.1_@testing-library+dom@10.4.1_@types+react-dom@19.2.3_@type_68c5b21a70acecf0fbbfd97f51128017/node_modules/@testing-library/react/dist/pure.js:189:26)
      at render (node_modules/.pnpm/@testing-library+react@16.3.1_@testing-library+dom@10.4.1_@types+react-dom@19.2.3_@type_68c5b21a70acecf0fbbfd97f51128017/node_modules/@testing-library/react/dist/pure.js:291:10)
      at renderWithTheme (__tests__/components/layout/Header.test.tsx:24:16)
      at __tests__/components/layout/Header.test.tsx:176:20
      at Object.<anonymous> (node_modules/.pnpm/expect@30.2.0/node_modules/expect/build/index.js:1824:9)
      at Object.throwingMatcher [as toThrow] (node_modules/.pnpm/expect@30.2.0/node_modules/expect/build/index.js:2235:93)
      at Object.<anonymous> (__tests__/components/layout/Header.test.tsx:176:53)
      at Object.<anonymous> (__tests__/components/layout/Header.test.tsx:176:53)

PASS __tests__/components/dashboard/DashboardHeader.test.tsx (7.286 s)
PASS __tests__/components/configuration/ConfigurationStatusMessages.test.tsx (5.631 s)
PASS __tests__/components/dashboard/QuickActionsCard.test.tsx (7.92 s)
PASS __tests__/components/configuration/AdvancedSettingsTab.test.tsx (8.128 s)
FAIL __tests__/pages/dashboard.test.tsx (28.391 s)
  ● Console

    console.error
      An update to ModernDashboard inside a test was not wrapped in act(...).
      
      When testing, code that causes React state updates should be wrapped into act(...):
      
      act(() => {
        /* fire events that update state */
      });
      /* assert on the output */
      
      This ensures that you're testing the behavior the user would see in the browser. Learn more at https://react.dev/link/wrap-tests-with-act

      30 |     sendMessage('request_models', {});
      31 |
    > 32 |     const timer = setTimeout(() => setLoading(false), 1500);
         |                                    ^
      33 |     return () => clearTimeout(timer);
      34 |   }, [sendMessage]);
      35 |

      at node_modules/.pnpm/react-dom@19.2.3_react@19.2.3/node_modules/react-dom/cjs/react-dom-client.development.js:18758:19
      at runWithFiberInDEV (node_modules/.pnpm/react-dom@19.2.3_react@19.2.3/node_modules/react-dom/cjs/react-dom-client.development.js:874:13)
      at warnIfUpdatesNotWrappedWithActDEV (node_modules/.pnpm/react-dom@19.2.3_react@19.2.3/node_modules/react-dom/cjs/react-dom-client.development.js:18757:9)
      at scheduleUpdateOnFiber (node_modules/.pnpm/react-dom@19.2.3_react@19.2.3/node_modules/react-dom/cjs/react-dom-client.development.js:16409:11)
      at dispatchSetStateInternal (node_modules/.pnpm/react-dom@19.2.3_react@19.2.3/node_modules/react-dom/cjs/react-dom-client.development.js:9170:13)
      at dispatchSetState (node_modules/.pnpm/react-dom@19.2.3_react@19.2.3/node_modules/react-dom/cjs/react-dom-client.development.js:9127:7)
      at src/components/dashboard/ModernDashboard.tsx:32:36
      at callTimer (node_modules/.pnpm/@sinonjs+fake-timers@13.0.5/node_modules/@sinonjs/fake-timers/src/fake-timers-src.js:806:24)
      at doTickInner (node_modules/.pnpm/@sinonjs+fake-timers@13.0.5/node_modules/@sinonjs/fake-timers/src/fake-timers-src.js:1413:29)
      at doTick (node_modules/.pnpm/@sinonjs+fake-timers@13.0.5/node_modules/@sinonjs/fake-timers/src/fake-timers-src.js:1494:20)
      at Object.tick (node_modules/.pnpm/@sinonjs+fake-timers@13.0.5/node_modules/@sinonjs/fake-timers/src/fake-timers-src.js:1502:20)
      at FakeTimers.advanceTimersByTime (node_modules/.pnpm/@jest+fake-timers@30.2.0/node_modules/@jest/fake-timers/build/index.js:576:19)
      at Object.<anonymous> (__tests__/pages/dashboard.test.tsx:166:10)

    console.error
      An update to ModernDashboard inside a test was not wrapped in act(...).
      
      When testing, code that causes React state updates should be wrapped into act(...):
      
      act(() => {
        /* fire events that update state */
      });
      /* assert on the output */
      
      This ensures that you're testing the behavior the user would see in the browser. Learn more at https://react.dev/link/wrap-tests-with-act

      30 |     sendMessage('request_models', {});
      31 |
    > 32 |     const timer = setTimeout(() => setLoading(false), 1500);
         |                                    ^
      33 |     return () => clearTimeout(timer);
      34 |   }, [sendMessage]);
      35 |

      at node_modules/.pnpm/react-dom@19.2.3_react@19.2.3/node_modules/react-dom/cjs/react-dom-client.development.js:18758:19
      at runWithFiberInDEV (node_modules/.pnpm/react-dom@19.2.3_react@19.2.3/node_modules/react-dom/cjs/react-dom-client.development.js:874:13)
      at warnIfUpdatesNotWrappedWithActDEV (node_modules/.pnpm/react-dom@19.2.3_react@19.2.3/node_modules/react-dom/cjs/react-dom-client.development.js:18757:9)
      at scheduleUpdateOnFiber (node_modules/.pnpm/react-dom@19.2.3_react@19.2.3/node_modules/react-dom/cjs/react-dom-client.development.js:16409:11)
      at dispatchSetStateInternal (node_modules/.pnpm/react-dom@19.2.3_react@19.2.3/node_modules/react-dom/cjs/react-dom-client.development.js:9170:13)
      at dispatchSetState (node_modules/.pnpm/react-dom@19.2.3_react@19.2.3/node_modules/react-dom/cjs/react-dom-client.development.js:9127:7)
      at src/components/dashboard/ModernDashboard.tsx:32:36
      at callTimer (node_modules/.pnpm/@sinonjs+fake-timers@13.0.5/node_modules/@sinonjs/fake-timers/src/fake-timers-src.js:806:24)
      at doTickInner (node_modules/.pnpm/@sinonjs+fake-timers@13.0.5/node_modules/@sinonjs/fake-timers/src/fake-timers-src.js:1413:29)
      at doTick (node_modules/.pnpm/@sinonjs+fake-timers@13.0.5/node_modules/@sinonjs/fake-timers/src/fake-timers-src.js:1494:20)
      at Object.tick (node_modules/.pnpm/@sinonjs+fake-timers@13.0.5/node_modules/@sinonjs/fake-timers/src/fake-timers-src.js:1502:20)
      at FakeTimers.advanceTimersByTime (node_modules/.pnpm/@jest+fake-timers@30.2.0/node_modules/@jest/fake-timers/build/index.js:576:19)
      at Object.<anonymous> (__tests__/pages/dashboard.test.tsx:178:10)

    console.error
      An update to ModernDashboard inside a test was not wrapped in act(...).
      
      When testing, code that causes React state updates should be wrapped into act(...):
      
      act(() => {
        /* fire events that update state */
      });
      /* assert on the output */
      
      This ensures that you're testing the behavior the user would see in the browser. Learn more at https://react.dev/link/wrap-tests-with-act

      30 |     sendMessage('request_models', {});
      31 |
    > 32 |     const timer = setTimeout(() => setLoading(false), 1500);
         |                                    ^
      33 |     return () => clearTimeout(timer);
      34 |   }, [sendMessage]);
      35 |

      at node_modules/.pnpm/react-dom@19.2.3_react@19.2.3/node_modules/react-dom/cjs/react-dom-client.development.js:18758:19
      at runWithFiberInDEV (node_modules/.pnpm/react-dom@19.2.3_react@19.2.3/node_modules/react-dom/cjs/react-dom-client.development.js:874:13)
      at warnIfUpdatesNotWrappedWithActDEV (node_modules/.pnpm/react-dom@19.2.3_react@19.2.3/node_modules/react-dom/cjs/react-dom-client.development.js:18757:9)
      at scheduleUpdateOnFiber (node_modules/.pnpm/react-dom@19.2.3_react@19.2.3/node_modules/react-dom/cjs/react-dom-client.development.js:16409:11)
      at dispatchSetStateInternal (node_modules/.pnpm/react-dom@19.2.3_react@19.2.3/node_modules/react-dom/cjs/react-dom-client.development.js:9170:13)
      at dispatchSetState (node_modules/.pnpm/react-dom@19.2.3_react@19.2.3/node_modules/react-dom/cjs/react-dom-client.development.js:9127:7)
      at src/components/dashboard/ModernDashboard.tsx:32:36
      at callTimer (node_modules/.pnpm/@sinonjs+fake-timers@13.0.5/node_modules/@sinonjs/fake-timers/src/fake-timers-src.js:806:24)
      at doTickInner (node_modules/.pnpm/@sinonjs+fake-timers@13.0.5/node_modules/@sinonjs/fake-timers/src/fake-timers-src.js:1413:29)
      at doTick (node_modules/.pnpm/@sinonjs+fake-timers@13.0.5/node_modules/@sinonjs/fake-timers/src/fake-timers-src.js:1494:20)
      at Object.tick (node_modules/.pnpm/@sinonjs+fake-timers@13.0.5/node_modules/@sinonjs/fake-timers/src/fake-timers-src.js:1502:20)
      at FakeTimers.advanceTimersByTime (node_modules/.pnpm/@jest+fake-timers@30.2.0/node_modules/@jest/fake-timers/build/index.js:576:19)
      at Object.<anonymous> (__tests__/pages/dashboard.test.tsx:236:10)

    console.error
      An update to ModernDashboard inside a test was not wrapped in act(...).
      
      When testing, code that causes React state updates should be wrapped into act(...):
      
      act(() => {
        /* fire events that update state */
      });
      /* assert on the output */
      
      This ensures that you're testing the behavior the user would see in the browser. Learn more at https://react.dev/link/wrap-tests-with-act

      30 |     sendMessage('request_models', {});
      31 |
    > 32 |     const timer = setTimeout(() => setLoading(false), 1500);
         |                                    ^
      33 |     return () => clearTimeout(timer);
      34 |   }, [sendMessage]);
      35 |

      at node_modules/.pnpm/react-dom@19.2.3_react@19.2.3/node_modules/react-dom/cjs/react-dom-client.development.js:18758:19
      at runWithFiberInDEV (node_modules/.pnpm/react-dom@19.2.3_react@19.2.3/node_modules/react-dom/cjs/react-dom-client.development.js:874:13)
      at warnIfUpdatesNotWrappedWithActDEV (node_modules/.pnpm/react-dom@19.2.3_react@19.2.3/node_modules/react-dom/cjs/react-dom-client.development.js:18757:9)
      at scheduleUpdateOnFiber (node_modules/.pnpm/react-dom@19.2.3_react@19.2.3/node_modules/react-dom/cjs/react-dom-client.development.js:16409:11)
      at dispatchSetStateInternal (node_modules/.pnpm/react-dom@19.2.3_react@19.2.3/node_modules/react-dom/cjs/react-dom-client.development.js:9170:13)
      at dispatchSetState (node_modules/.pnpm/react-dom@19.2.3_react@19.2.3/node_modules/react-dom/cjs/react-dom-client.development.js:9127:7)
      at src/components/dashboard/ModernDashboard.tsx:32:36
      at callTimer (node_modules/.pnpm/@sinonjs+fake-timers@13.0.5/node_modules/@sinonjs/fake-timers/src/fake-timers-src.js:806:24)
      at doTickInner (node_modules/.pnpm/@sinonjs+fake-timers@13.0.5/node_modules/@sinonjs/fake-timers/src/fake-timers-src.js:1413:29)
      at doTick (node_modules/.pnpm/@sinonjs+fake-timers@13.0.5/node_modules/@sinonjs/fake-timers/src/fake-timers-src.js:1494:20)
      at Object.tick (node_modules/.pnpm/@sinonjs+fake-timers@13.0.5/node_modules/@sinonjs/fake-timers/src/fake-timers-src.js:1502:20)
      at FakeTimers.advanceTimersByTime (node_modules/.pnpm/@jest+fake-timers@30.2.0/node_modules/@jest/fake-timers/build/index.js:576:19)
      at Object.<anonymous> (__tests__/pages/dashboard.test.tsx:246:10)

    console.error
      An update to ModernDashboard inside a test was not wrapped in act(...).
      
      When testing, code that causes React state updates should be wrapped into act(...):
      
      act(() => {
        /* fire events that update state */
      });
      /* assert on the output */
      
      This ensures that you're testing the behavior the user would see in the browser. Learn more at https://react.dev/link/wrap-tests-with-act

      30 |     sendMessage('request_models', {});
      31 |
    > 32 |     const timer = setTimeout(() => setLoading(false), 1500);
         |                                    ^
      33 |     return () => clearTimeout(timer);
      34 |   }, [sendMessage]);
      35 |

      at node_modules/.pnpm/react-dom@19.2.3_react@19.2.3/node_modules/react-dom/cjs/react-dom-client.development.js:18758:19
      at runWithFiberInDEV (node_modules/.pnpm/react-dom@19.2.3_react@19.2.3/node_modules/react-dom/cjs/react-dom-client.development.js:874:13)
      at warnIfUpdatesNotWrappedWithActDEV (node_modules/.pnpm/react-dom@19.2.3_react@19.2.3/node_modules/react-dom/cjs/react-dom-client.development.js:18757:9)
      at scheduleUpdateOnFiber (node_modules/.pnpm/react-dom@19.2.3_react@19.2.3/node_modules/react-dom/cjs/react-dom-client.development.js:16409:11)
      at dispatchSetStateInternal (node_modules/.pnpm/react-dom@19.2.3_react@19.2.3/node_modules/react-dom/cjs/react-dom-client.development.js:9170:13)
      at dispatchSetState (node_modules/.pnpm/react-dom@19.2.3_react@19.2.3/node_modules/react-dom/cjs/react-dom-client.development.js:9127:7)
      at src/components/dashboard/ModernDashboard.tsx:32:36
      at callTimer (node_modules/.pnpm/@sinonjs+fake-timers@13.0.5/node_modules/@sinonjs/fake-timers/src/fake-timers-src.js:806:24)
      at doTickInner (node_modules/.pnpm/@sinonjs+fake-timers@13.0.5/node_modules/@sinonjs/fake-timers/src/fake-timers-src.js:1413:29)
      at doTick (node_modules/.pnpm/@sinonjs+fake-timers@13.0.5/node_modules/@sinonjs/fake-timers/src/fake-timers-src.js:1494:20)
      at Object.tick (node_modules/.pnpm/@sinonjs+fake-timers@13.0.5/node_modules/@sinonjs/fake-timers/src/fake-timers-src.js:1502:20)
      at FakeTimers.advanceTimersByTime (node_modules/.pnpm/@jest+fake-timers@30.2.0/node_modules/@jest/fake-timers/build/index.js:576:19)
      at Object.<anonymous> (__tests__/pages/dashboard.test.tsx:265:10)

    console.error
      An update to ModernDashboard inside a test was not wrapped in act(...).
      
      When testing, code that causes React state updates should be wrapped into act(...):
      
      act(() => {
        /* fire events that update state */
      });
      /* assert on the output */
      
      This ensures that you're testing the behavior the user would see in the browser. Learn more at https://react.dev/link/wrap-tests-with-act

      30 |     sendMessage('request_models', {});
      31 |
    > 32 |     const timer = setTimeout(() => setLoading(false), 1500);
         |                                    ^
      33 |     return () => clearTimeout(timer);
      34 |   }, [sendMessage]);
      35 |

      at node_modules/.pnpm/react-dom@19.2.3_react@19.2.3/node_modules/react-dom/cjs/react-dom-client.development.js:18758:19
      at runWithFiberInDEV (node_modules/.pnpm/react-dom@19.2.3_react@19.2.3/node_modules/react-dom/cjs/react-dom-client.development.js:874:13)
      at warnIfUpdatesNotWrappedWithActDEV (node_modules/.pnpm/react-dom@19.2.3_react@19.2.3/node_modules/react-dom/cjs/react-dom-client.development.js:18757:9)
      at scheduleUpdateOnFiber (node_modules/.pnpm/react-dom@19.2.3_react@19.2.3/node_modules/react-dom/cjs/react-dom-client.development.js:16409:11)
      at dispatchSetStateInternal (node_modules/.pnpm/react-dom@19.2.3_react@19.2.3/node_modules/react-dom/cjs/react-dom-client.development.js:9170:13)
      at dispatchSetState (node_modules/.pnpm/react-dom@19.2.3_react@19.2.3/node_modules/react-dom/cjs/react-dom-client.development.js:9127:7)
      at src/components/dashboard/ModernDashboard.tsx:32:36
      at callTimer (node_modules/.pnpm/@sinonjs+fake-timers@13.0.5/node_modules/@sinonjs/fake-timers/src/fake-timers-src.js:806:24)
      at doTickInner (node_modules/.pnpm/@sinonjs+fake-timers@13.0.5/node_modules/@sinonjs/fake-timers/src/fake-timers-src.js:1413:29)
      at doTick (node_modules/.pnpm/@sinonjs+fake-timers@13.0.5/node_modules/@sinonjs/fake-timers/src/fake-timers-src.js:1494:20)
      at Object.tick (node_modules/.pnpm/@sinonjs+fake-timers@13.0.5/node_modules/@sinonjs/fake-timers/src/fake-timers-src.js:1502:20)
      at FakeTimers.advanceTimersByTime (node_modules/.pnpm/@jest+fake-timers@30.2.0/node_modules/@jest/fake-timers/build/index.js:576:19)
      at Object.<anonymous> (__tests__/pages/dashboard.test.tsx:285:10)

    console.error
      An update to ModernDashboard inside a test was not wrapped in act(...).
      
      When testing, code that causes React state updates should be wrapped into act(...):
      
      act(() => {
        /* fire events that update state */
      });
      /* assert on the output */
      
      This ensures that you're testing the behavior the user would see in the browser. Learn more at https://react.dev/link/wrap-tests-with-act

      30 |     sendMessage('request_models', {});
      31 |
    > 32 |     const timer = setTimeout(() => setLoading(false), 1500);
         |                                    ^
      33 |     return () => clearTimeout(timer);
      34 |   }, [sendMessage]);
      35 |

      at node_modules/.pnpm/react-dom@19.2.3_react@19.2.3/node_modules/react-dom/cjs/react-dom-client.development.js:18758:19
      at runWithFiberInDEV (node_modules/.pnpm/react-dom@19.2.3_react@19.2.3/node_modules/react-dom/cjs/react-dom-client.development.js:874:13)
      at warnIfUpdatesNotWrappedWithActDEV (node_modules/.pnpm/react-dom@19.2.3_react@19.2.3/node_modules/react-dom/cjs/react-dom-client.development.js:18757:9)
      at scheduleUpdateOnFiber (node_modules/.pnpm/react-dom@19.2.3_react@19.2.3/node_modules/react-dom/cjs/react-dom-client.development.js:16409:11)
      at dispatchSetStateInternal (node_modules/.pnpm/react-dom@19.2.3_react@19.2.3/node_modules/react-dom/cjs/react-dom-client.development.js:9170:13)
      at dispatchSetState (node_modules/.pnpm/react-dom@19.2.3_react@19.2.3/node_modules/react-dom/cjs/react-dom-client.development.js:9127:7)
      at src/components/dashboard/ModernDashboard.tsx:32:36
      at callTimer (node_modules/.pnpm/@sinonjs+fake-timers@13.0.5/node_modules/@sinonjs/fake-timers/src/fake-timers-src.js:806:24)
      at doTickInner (node_modules/.pnpm/@sinonjs+fake-timers@13.0.5/node_modules/@sinonjs/fake-timers/src/fake-timers-src.js:1413:29)
      at doTick (node_modules/.pnpm/@sinonjs+fake-timers@13.0.5/node_modules/@sinonjs/fake-timers/src/fake-timers-src.js:1494:20)
      at Object.tick (node_modules/.pnpm/@sinonjs+fake-timers@13.0.5/node_modules/@sinonjs/fake-timers/src/fake-timers-src.js:1502:20)
      at FakeTimers.advanceTimersByTime (node_modules/.pnpm/@jest+fake-timers@30.2.0/node_modules/@jest/fake-timers/build/index.js:576:19)
      at Object.<anonymous> (__tests__/pages/dashboard.test.tsx:304:10)

    console.error
      An update to ModernDashboard inside a test was not wrapped in act(...).
      
      When testing, code that causes React state updates should be wrapped into act(...):
      
      act(() => {
        /* fire events that update state */
      });
      /* assert on the output */
      
      This ensures that you're testing the behavior the user would see in the browser. Learn more at https://react.dev/link/wrap-tests-with-act

      30 |     sendMessage('request_models', {});
      31 |
    > 32 |     const timer = setTimeout(() => setLoading(false), 1500);
         |                                    ^
      33 |     return () => clearTimeout(timer);
      34 |   }, [sendMessage]);
      35 |

      at node_modules/.pnpm/react-dom@19.2.3_react@19.2.3/node_modules/react-dom/cjs/react-dom-client.development.js:18758:19
      at runWithFiberInDEV (node_modules/.pnpm/react-dom@19.2.3_react@19.2.3/node_modules/react-dom/cjs/react-dom-client.development.js:874:13)
      at warnIfUpdatesNotWrappedWithActDEV (node_modules/.pnpm/react-dom@19.2.3_react@19.2.3/node_modules/react-dom/cjs/react-dom-client.development.js:18757:9)
      at scheduleUpdateOnFiber (node_modules/.pnpm/react-dom@19.2.3_react@19.2.3/node_modules/react-dom/cjs/react-dom-client.development.js:16409:11)
      at dispatchSetStateInternal (node_modules/.pnpm/react-dom@19.2.3_react@19.2.3/node_modules/react-dom/cjs/react-dom-client.development.js:9170:13)
      at dispatchSetState (node_modules/.pnpm/react-dom@19.2.3_react@19.2.3/node_modules/react-dom/cjs/react-dom-client.development.js:9127:7)
      at src/components/dashboard/ModernDashboard.tsx:32:36
      at callTimer (node_modules/.pnpm/@sinonjs+fake-timers@13.0.5/node_modules/@sinonjs/fake-timers/src/fake-timers-src.js:806:24)
      at doTickInner (node_modules/.pnpm/@sinonjs+fake-timers@13.0.5/node_modules/@sinonjs/fake-timers/src/fake-timers-src.js:1413:29)
      at doTick (node_modules/.pnpm/@sinonjs+fake-timers@13.0.5/node_modules/@sinonjs/fake-timers/src/fake-timers-src.js:1494:20)
      at Object.tick (node_modules/.pnpm/@sinonjs+fake-timers@13.0.5/node_modules/@sinonjs/fake-timers/src/fake-timers-src.js:1502:20)
      at FakeTimers.advanceTimersByTime (node_modules/.pnpm/@jest+fake-timers@30.2.0/node_modules/@jest/fake-timers/build/index.js:576:19)
      at Object.<anonymous> (__tests__/pages/dashboard.test.tsx:323:10)

    console.error
      An update to ModernDashboard inside a test was not wrapped in act(...).
      
      When testing, code that causes React state updates should be wrapped into act(...):
      
      act(() => {
        /* fire events that update state */
      });
      /* assert on the output */
      
      This ensures that you're testing the behavior the user would see in the browser. Learn more at https://react.dev/link/wrap-tests-with-act

      30 |     sendMessage('request_models', {});
      31 |
    > 32 |     const timer = setTimeout(() => setLoading(false), 1500);
         |                                    ^
      33 |     return () => clearTimeout(timer);
      34 |   }, [sendMessage]);
      35 |

      at node_modules/.pnpm/react-dom@19.2.3_react@19.2.3/node_modules/react-dom/cjs/react-dom-client.development.js:18758:19
      at runWithFiberInDEV (node_modules/.pnpm/react-dom@19.2.3_react@19.2.3/node_modules/react-dom/cjs/react-dom-client.development.js:874:13)
      at warnIfUpdatesNotWrappedWithActDEV (node_modules/.pnpm/react-dom@19.2.3_react@19.2.3/node_modules/react-dom/cjs/react-dom-client.development.js:18757:9)
      at scheduleUpdateOnFiber (node_modules/.pnpm/react-dom@19.2.3_react@19.2.3/node_modules/react-dom/cjs/react-dom-client.development.js:16409:11)
      at dispatchSetStateInternal (node_modules/.pnpm/react-dom@19.2.3_react@19.2.3/node_modules/react-dom/cjs/react-dom-client.development.js:9170:13)
      at dispatchSetState (node_modules/.pnpm/react-dom@19.2.3_react@19.2.3/node_modules/react-dom/cjs/react-dom-client.development.js:9127:7)
      at src/components/dashboard/ModernDashboard.tsx:32:36
      at callTimer (node_modules/.pnpm/@sinonjs+fake-timers@13.0.5/node_modules/@sinonjs/fake-timers/src/fake-timers-src.js:806:24)
      at doTickInner (node_modules/.pnpm/@sinonjs+fake-timers@13.0.5/node_modules/@sinonjs/fake-timers/src/fake-timers-src.js:1413:29)
      at doTick (node_modules/.pnpm/@sinonjs+fake-timers@13.0.5/node_modules/@sinonjs/fake-timers/src/fake-timers-src.js:1494:20)
      at Object.tick (node_modules/.pnpm/@sinonjs+fake-timers@13.0.5/node_modules/@sinonjs/fake-timers/src/fake-timers-src.js:1502:20)
      at FakeTimers.advanceTimersByTime (node_modules/.pnpm/@jest+fake-timers@30.2.0/node_modules/@jest/fake-timers/build/index.js:576:19)
      at Object.<anonymous> (__tests__/pages/dashboard.test.tsx:337:10)

    console.error
      An update to ModernDashboard inside a test was not wrapped in act(...).
      
      When testing, code that causes React state updates should be wrapped into act(...):
      
      act(() => {
        /* fire events that update state */
      });
      /* assert on the output */
      
      This ensures that you're testing the behavior the user would see in the browser. Learn more at https://react.dev/link/wrap-tests-with-act

      30 |     sendMessage('request_models', {});
      31 |
    > 32 |     const timer = setTimeout(() => setLoading(false), 1500);
         |                                    ^
      33 |     return () => clearTimeout(timer);
      34 |   }, [sendMessage]);
      35 |

      at node_modules/.pnpm/react-dom@19.2.3_react@19.2.3/node_modules/react-dom/cjs/react-dom-client.development.js:18758:19
      at runWithFiberInDEV (node_modules/.pnpm/react-dom@19.2.3_react@19.2.3/node_modules/react-dom/cjs/react-dom-client.development.js:874:13)
      at warnIfUpdatesNotWrappedWithActDEV (node_modules/.pnpm/react-dom@19.2.3_react@19.2.3/node_modules/react-dom/cjs/react-dom-client.development.js:18757:9)
      at scheduleUpdateOnFiber (node_modules/.pnpm/react-dom@19.2.3_react@19.2.3/node_modules/react-dom/cjs/react-dom-client.development.js:16409:11)
      at dispatchSetStateInternal (node_modules/.pnpm/react-dom@19.2.3_react@19.2.3/node_modules/react-dom/cjs/react-dom-client.development.js:9170:13)
      at dispatchSetState (node_modules/.pnpm/react-dom@19.2.3_react@19.2.3/node_modules/react-dom/cjs/react-dom-client.development.js:9127:7)
      at src/components/dashboard/ModernDashboard.tsx:32:36
      at callTimer (node_modules/.pnpm/@sinonjs+fake-timers@13.0.5/node_modules/@sinonjs/fake-timers/src/fake-timers-src.js:806:24)
      at doTickInner (node_modules/.pnpm/@sinonjs+fake-timers@13.0.5/node_modules/@sinonjs/fake-timers/src/fake-timers-src.js:1413:29)
      at doTick (node_modules/.pnpm/@sinonjs+fake-timers@13.0.5/node_modules/@sinonjs/fake-timers/src/fake-timers-src.js:1494:20)
      at Object.tick (node_modules/.pnpm/@sinonjs+fake-timers@13.0.5/node_modules/@sinonjs/fake-timers/src/fake-timers-src.js:1502:20)
      at FakeTimers.advanceTimersByTime (node_modules/.pnpm/@jest+fake-timers@30.2.0/node_modules/@jest/fake-timers/build/index.js:576:19)
      at Object.<anonymous> (__tests__/pages/dashboard.test.tsx:363:10)

    console.error
      An update to ModernDashboard inside a test was not wrapped in act(...).
      
      When testing, code that causes React state updates should be wrapped into act(...):
      
      act(() => {
        /* fire events that update state */
      });
      /* assert on the output */
      
      This ensures that you're testing the behavior the user would see in the browser. Learn more at https://react.dev/link/wrap-tests-with-act

      30 |     sendMessage('request_models', {});
      31 |
    > 32 |     const timer = setTimeout(() => setLoading(false), 1500);
         |                                    ^
      33 |     return () => clearTimeout(timer);
      34 |   }, [sendMessage]);
      35 |

      at node_modules/.pnpm/react-dom@19.2.3_react@19.2.3/node_modules/react-dom/cjs/react-dom-client.development.js:18758:19
      at runWithFiberInDEV (node_modules/.pnpm/react-dom@19.2.3_react@19.2.3/node_modules/react-dom/cjs/react-dom-client.development.js:874:13)
      at warnIfUpdatesNotWrappedWithActDEV (node_modules/.pnpm/react-dom@19.2.3_react@19.2.3/node_modules/react-dom/cjs/react-dom-client.development.js:18757:9)
      at scheduleUpdateOnFiber (node_modules/.pnpm/react-dom@19.2.3_react@19.2.3/node_modules/react-dom/cjs/react-dom-client.development.js:16409:11)
      at dispatchSetStateInternal (node_modules/.pnpm/react-dom@19.2.3_react@19.2.3/node_modules/react-dom/cjs/react-dom-client.development.js:9170:13)
      at dispatchSetState (node_modules/.pnpm/react-dom@19.2.3_react@19.2.3/node_modules/react-dom/cjs/react-dom-client.development.js:9127:7)
      at src/components/dashboard/ModernDashboard.tsx:32:36
      at callTimer (node_modules/.pnpm/@sinonjs+fake-timers@13.0.5/node_modules/@sinonjs/fake-timers/src/fake-timers-src.js:806:24)
      at doTickInner (node_modules/.pnpm/@sinonjs+fake-timers@13.0.5/node_modules/@sinonjs/fake-timers/src/fake-timers-src.js:1413:29)
      at doTick (node_modules/.pnpm/@sinonjs+fake-timers@13.0.5/node_modules/@sinonjs/fake-timers/src/fake-timers-src.js:1494:20)
      at Object.tick (node_modules/.pnpm/@sinonjs+fake-timers@13.0.5/node_modules/@sinonjs/fake-timers/src/fake-timers-src.js:1502:20)
      at Object.runToLast (node_modules/.pnpm/@sinonjs+fake-timers@13.0.5/node_modules/@sinonjs/fake-timers/src/fake-timers-src.js:1661:26)
      at FakeTimers.runOnlyPendingTimers (node_modules/.pnpm/@jest+fake-timers@30.2.0/node_modules/@jest/fake-timers/build/index.js:542:19)
      at Object.<anonymous> (__tests__/pages/dashboard.test.tsx:148:10)

    console.error
      An update to ModernDashboard inside a test was not wrapped in act(...).
      
      When testing, code that causes React state updates should be wrapped into act(...):
      
      act(() => {
        /* fire events that update state */
      });
      /* assert on the output */
      
      This ensures that you're testing the behavior the user would see in the browser. Learn more at https://react.dev/link/wrap-tests-with-act

      30 |     sendMessage('request_models', {});
      31 |
    > 32 |     const timer = setTimeout(() => setLoading(false), 1500);
         |                                    ^
      33 |     return () => clearTimeout(timer);
      34 |   }, [sendMessage]);
      35 |

      at node_modules/.pnpm/react-dom@19.2.3_react@19.2.3/node_modules/react-dom/cjs/react-dom-client.development.js:18758:19
      at runWithFiberInDEV (node_modules/.pnpm/react-dom@19.2.3_react@19.2.3/node_modules/react-dom/cjs/react-dom-client.development.js:874:13)
      at warnIfUpdatesNotWrappedWithActDEV (node_modules/.pnpm/react-dom@19.2.3_react@19.2.3/node_modules/react-dom/cjs/react-dom-client.development.js:18757:9)
      at scheduleUpdateOnFiber (node_modules/.pnpm/react-dom@19.2.3_react@19.2.3/node_modules/react-dom/cjs/react-dom-client.development.js:16409:11)
      at dispatchSetStateInternal (node_modules/.pnpm/react-dom@19.2.3_react@19.2.3/node_modules/react-dom/cjs/react-dom-client.development.js:9170:13)
      at dispatchSetState (node_modules/.pnpm/react-dom@19.2.3_react@19.2.3/node_modules/react-dom/cjs/react-dom-client.development.js:9127:7)
      at src/components/dashboard/ModernDashboard.tsx:32:36
      at callTimer (node_modules/.pnpm/@sinonjs+fake-timers@13.0.5/node_modules/@sinonjs/fake-timers/src/fake-timers-src.js:806:24)
      at doTickInner (node_modules/.pnpm/@sinonjs+fake-timers@13.0.5/node_modules/@sinonjs/fake-timers/src/fake-timers-src.js:1413:29)
      at doTick (node_modules/.pnpm/@sinonjs+fake-timers@13.0.5/node_modules/@sinonjs/fake-timers/src/fake-timers-src.js:1494:20)
      at Object.tick (node_modules/.pnpm/@sinonjs+fake-timers@13.0.5/node_modules/@sinonjs/fake-timers/src/fake-timers-src.js:1502:20)
      at FakeTimers.advanceTimersByTime (node_modules/.pnpm/@jest+fake-timers@30.2.0/node_modules/@jest/fake-timers/build/index.js:576:19)
      at Object.<anonymous> (__tests__/pages/dashboard.test.tsx:494:10)

    console.error
      An update to ModernDashboard inside a test was not wrapped in act(...).
      
      When testing, code that causes React state updates should be wrapped into act(...):
      
      act(() => {
        /* fire events that update state */
      });
      /* assert on the output */
      
      This ensures that you're testing the behavior the user would see in the browser. Learn more at https://react.dev/link/wrap-tests-with-act

      30 |     sendMessage('request_models', {});
      31 |
    > 32 |     const timer = setTimeout(() => setLoading(false), 1500);
         |                                    ^
      33 |     return () => clearTimeout(timer);
      34 |   }, [sendMessage]);
      35 |

      at node_modules/.pnpm/react-dom@19.2.3_react@19.2.3/node_modules/react-dom/cjs/react-dom-client.development.js:18758:19
      at runWithFiberInDEV (node_modules/.pnpm/react-dom@19.2.3_react@19.2.3/node_modules/react-dom/cjs/react-dom-client.development.js:874:13)
      at warnIfUpdatesNotWrappedWithActDEV (node_modules/.pnpm/react-dom@19.2.3_react@19.2.3/node_modules/react-dom/cjs/react-dom-client.development.js:18757:9)
      at scheduleUpdateOnFiber (node_modules/.pnpm/react-dom@19.2.3_react@19.2.3/node_modules/react-dom/cjs/react-dom-client.development.js:16409:11)
      at dispatchSetStateInternal (node_modules/.pnpm/react-dom@19.2.3_react@19.2.3/node_modules/react-dom/cjs/react-dom-client.development.js:9170:13)
      at dispatchSetState (node_modules/.pnpm/react-dom@19.2.3_react@19.2.3/node_modules/react-dom/cjs/react-dom-client.development.js:9127:7)
      at src/components/dashboard/ModernDashboard.tsx:32:36
      at callTimer (node_modules/.pnpm/@sinonjs+fake-timers@13.0.5/node_modules/@sinonjs/fake-timers/src/fake-timers-src.js:806:24)
      at doTickInner (node_modules/.pnpm/@sinonjs+fake-timers@13.0.5/node_modules/@sinonjs/fake-timers/src/fake-timers-src.js:1413:29)
      at doTick (node_modules/.pnpm/@sinonjs+fake-timers@13.0.5/node_modules/@sinonjs/fake-timers/src/fake-timers-src.js:1494:20)
      at Object.tick (node_modules/.pnpm/@sinonjs+fake-timers@13.0.5/node_modules/@sinonjs/fake-timers/src/fake-timers-src.js:1502:20)
      at FakeTimers.advanceTimersByTime (node_modules/.pnpm/@jest+fake-timers@30.2.0/node_modules/@jest/fake-timers/build/index.js:576:19)
      at Object.<anonymous> (__tests__/pages/dashboard.test.tsx:509:10)

  ● ModernDashboard › renders loading state initially

    TypeError: models.map is not a function

      80 |
      81 |         <Grid container spacing={2}>
    > 82 |           {models.map((model) => (
         |                   ^
      83 |             <Grid size={{ xs: 12, sm: 6, md: 4 }} key={model.id}>
      84 |               <Box
      85 |                 sx={{

      at ModelsListCard (src/components/dashboard/ModelsListCard.tsx:82:19)
      at Object.react_stack_bottom_frame (node_modules/.pnpm/react-dom@19.2.3_react@19.2.3/node_modules/react-dom/cjs/react-dom-client.development.js:25904:20)
      at renderWithHooks (node_modules/.pnpm/react-dom@19.2.3_react@19.2.3/node_modules/react-dom/cjs/react-dom-client.development.js:7662:22)
      at updateFunctionComponent (node_modules/.pnpm/react-dom@19.2.3_react@19.2.3/node_modules/react-dom/cjs/react-dom-client.development.js:10166:19)
      at beginWork (node_modules/.pnpm/react-dom@19.2.3_react@19.2.3/node_modules/react-dom/cjs/react-dom-client.development.js:11778:18)
      at runWithFiberInDEV (node_modules/.pnpm/react-dom@19.2.3_react@19.2.3/node_modules/react-dom/cjs/react-dom-client.development.js:874:13)
      at performUnitOfWork (node_modules/.pnpm/react-dom@19.2.3_react@19.2.3/node_modules/react-dom/cjs/react-dom-client.development.js:17641:22)
      at workLoopSync (node_modules/.pnpm/react-dom@19.2.3_react@19.2.3/node_modules/react-dom/cjs/react-dom-client.development.js:17469:41)
      at renderRootSync (node_modules/.pnpm/react-dom@19.2.3_react@19.2.3/node_modules/react-dom/cjs/react-dom-client.development.js:17450:11)
      at performWorkOnRoot (node_modules/.pnpm/react-dom@19.2.3_react@19.2.3/node_modules/react-dom/cjs/react-dom-client.development.js:16583:35)
      at performWorkOnRootViaSchedulerTask (node_modules/.pnpm/react-dom@19.2.3_react@19.2.3/node_modules/react-dom/cjs/react-dom-client.development.js:18957:7)
      at flushActQueue (node_modules/.pnpm/react@19.2.3/node_modules/react/cjs/react.development.js:590:34)
      at process.env.NODE_ENV.exports.act (node_modules/.pnpm/react@19.2.3/node_modules/react/cjs/react.development.js:884:10)
      at node_modules/.pnpm/@testing-library+react@16.3.1_@testing-library+dom@10.4.1_@types+react-dom@19.2.3_@type_68c5b21a70acecf0fbbfd97f51128017/node_modules/@testing-library/react/dist/act-compat.js:46:25
      at renderRoot (node_modules/.pnpm/@testing-library+react@16.3.1_@testing-library+dom@10.4.1_@types+react-dom@19.2.3_@type_68c5b21a70acecf0fbbfd97f51128017/node_modules/@testing-library/react/dist/pure.js:189:26)
      at render (node_modules/.pnpm/@testing-library+react@16.3.1_@testing-library+dom@10.4.1_@types+react-dom@19.2.3_@type_68c5b21a70acecf0fbbfd97f51128017/node_modules/@testing-library/react/dist/pure.js:291:10)
      at renderWithTheme (__tests__/pages/dashboard.test.tsx:112:16)
      at Object.<anonymous> (__tests__/pages/dashboard.test.tsx:158:5)

  ● ModernDashboard › displays metric values correctly

    TypeError: models.map is not a function

      80 |
      81 |         <Grid container spacing={2}>
    > 82 |           {models.map((model) => (
         |                   ^
      83 |             <Grid size={{ xs: 12, sm: 6, md: 4 }} key={model.id}>
      84 |               <Box
      85 |                 sx={{

      at ModelsListCard (src/components/dashboard/ModelsListCard.tsx:82:19)
      at Object.react_stack_bottom_frame (node_modules/.pnpm/react-dom@19.2.3_react@19.2.3/node_modules/react-dom/cjs/react-dom-client.development.js:25904:20)
      at renderWithHooks (node_modules/.pnpm/react-dom@19.2.3_react@19.2.3/node_modules/react-dom/cjs/react-dom-client.development.js:7662:22)
      at updateFunctionComponent (node_modules/.pnpm/react-dom@19.2.3_react@19.2.3/node_modules/react-dom/cjs/react-dom-client.development.js:10166:19)
      at beginWork (node_modules/.pnpm/react-dom@19.2.3_react@19.2.3/node_modules/react-dom/cjs/react-dom-client.development.js:11778:18)
      at runWithFiberInDEV (node_modules/.pnpm/react-dom@19.2.3_react@19.2.3/node_modules/react-dom/cjs/react-dom-client.development.js:874:13)
      at performUnitOfWork (node_modules/.pnpm/react-dom@19.2.3_react@19.2.3/node_modules/react-dom/cjs/react-dom-client.development.js:17641:22)
      at workLoopSync (node_modules/.pnpm/react-dom@19.2.3_react@19.2.3/node_modules/react-dom/cjs/react-dom-client.development.js:17469:41)
      at renderRootSync (node_modules/.pnpm/react-dom@19.2.3_react@19.2.3/node_modules/react-dom/cjs/react-dom-client.development.js:17450:11)
      at performWorkOnRoot (node_modules/.pnpm/react-dom@19.2.3_react@19.2.3/node_modules/react-dom/cjs/react-dom-client.development.js:16583:35)
      at performWorkOnRootViaSchedulerTask (node_modules/.pnpm/react-dom@19.2.3_react@19.2.3/node_modules/react-dom/cjs/react-dom-client.development.js:18957:7)
      at flushActQueue (node_modules/.pnpm/react@19.2.3/node_modules/react/cjs/react.development.js:590:34)
      at process.env.NODE_ENV.exports.act (node_modules/.pnpm/react@19.2.3/node_modules/react/cjs/react.development.js:884:10)
      at node_modules/.pnpm/@testing-library+react@16.3.1_@testing-library+dom@10.4.1_@types+react-dom@19.2.3_@type_68c5b21a70acecf0fbbfd97f51128017/node_modules/@testing-library/react/dist/act-compat.js:46:25
      at renderRoot (node_modules/.pnpm/@testing-library+react@16.3.1_@testing-library+dom@10.4.1_@types+react-dom@19.2.3_@type_68c5b21a70acecf0fbbfd97f51128017/node_modules/@testing-library/react/dist/pure.js:189:26)
      at render (node_modules/.pnpm/@testing-library+react@16.3.1_@testing-library+dom@10.4.1_@types+react-dom@19.2.3_@type_68c5b21a70acecf0fbbfd97f51128017/node_modules/@testing-library/react/dist/pure.js:291:10)
      at renderWithTheme (__tests__/pages/dashboard.test.tsx:112:16)
      at Object.<anonymous> (__tests__/pages/dashboard.test.tsx:202:5)

  ● ModernDashboard › shows uptime formatted correctly

    TypeError: models.map is not a function

      80 |
      81 |         <Grid container spacing={2}>
    > 82 |           {models.map((model) => (
         |                   ^
      83 |             <Grid size={{ xs: 12, sm: 6, md: 4 }} key={model.id}>
      84 |               <Box
      85 |                 sx={{

      at ModelsListCard (src/components/dashboard/ModelsListCard.tsx:82:19)
      at Object.react_stack_bottom_frame (node_modules/.pnpm/react-dom@19.2.3_react@19.2.3/node_modules/react-dom/cjs/react-dom-client.development.js:25904:20)
      at renderWithHooks (node_modules/.pnpm/react-dom@19.2.3_react@19.2.3/node_modules/react-dom/cjs/react-dom-client.development.js:7662:22)
      at updateFunctionComponent (node_modules/.pnpm/react-dom@19.2.3_react@19.2.3/node_modules/react-dom/cjs/react-dom-client.development.js:10166:19)
      at beginWork (node_modules/.pnpm/react-dom@19.2.3_react@19.2.3/node_modules/react-dom/cjs/react-dom-client.development.js:11778:18)
      at runWithFiberInDEV (node_modules/.pnpm/react-dom@19.2.3_react@19.2.3/node_modules/react-dom/cjs/react-dom-client.development.js:874:13)
      at performUnitOfWork (node_modules/.pnpm/react-dom@19.2.3_react@19.2.3/node_modules/react-dom/cjs/react-dom-client.development.js:17641:22)
      at workLoopSync (node_modules/.pnpm/react-dom@19.2.3_react@19.2.3/node_modules/react-dom/cjs/react-dom-client.development.js:17469:41)
      at renderRootSync (node_modules/.pnpm/react-dom@19.2.3_react@19.2.3/node_modules/react-dom/cjs/react-dom-client.development.js:17450:11)
      at performWorkOnRoot (node_modules/.pnpm/react-dom@19.2.3_react@19.2.3/node_modules/react-dom/cjs/react-dom-client.development.js:16583:35)
      at performWorkOnRootViaSchedulerTask (node_modules/.pnpm/react-dom@19.2.3_react@19.2.3/node_modules/react-dom/cjs/react-dom-client.development.js:18957:7)
      at flushActQueue (node_modules/.pnpm/react@19.2.3/node_modules/react/cjs/react.development.js:590:34)
      at process.env.NODE_ENV.exports.act (node_modules/.pnpm/react@19.2.3/node_modules/react/cjs/react.development.js:884:10)
      at node_modules/.pnpm/@testing-library+react@16.3.1_@testing-library+dom@10.4.1_@types+react-dom@19.2.3_@type_68c5b21a70acecf0fbbfd97f51128017/node_modules/@testing-library/react/dist/act-compat.js:46:25
      at renderRoot (node_modules/.pnpm/@testing-library+react@16.3.1_@testing-library+dom@10.4.1_@types+react-dom@19.2.3_@type_68c5b21a70acecf0fbbfd97f51128017/node_modules/@testing-library/react/dist/pure.js:189:26)
      at render (node_modules/.pnpm/@testing-library+react@16.3.1_@testing-library+dom@10.4.1_@types+react-dom@19.2.3_@type_68c5b21a70acecf0fbbfd97f51128017/node_modules/@testing-library/react/dist/pure.js:291:10)
      at renderWithTheme (__tests__/pages/dashboard.test.tsx:112:16)
      at Object.<anonymous> (__tests__/pages/dashboard.test.tsx:224:5)

  ● ModernDashboard › sends download logs message

    expect(jest.fn()).toHaveBeenCalledWith(...expected)

    Expected: "download_logs", {}
    Received
           1
              "request_metrics",
              {},
           2
              "request_models",
              {},

    Number of calls: 2

    Ignored nodes: comments, script, style
    [36m<html>[39m
      [36m<head>[39m
        [36m<meta[39m
          [33mcontent[39m=[32m""[39m
          [33mname[39m=[32m"emotion-insertion-point"[39m
        [36m/>[39m
      [36m</head>[39m
      [36m<body>[39m
        [36m<div>[39m
          [36m<div[39m
            [33mclass[39m=[32m"MuiBox-root css-1bavfzd"[39m
          [36m>[39m
            [36m<div[39m
              [33mclass[39m=[32m"MuiBox-root css-4c94nt"[39m
            [36m>[39m
              [36m<div[39m
                [33manimate[39m=[32m"[object Object]"[39m
                [33minitial[39m=[32m"[object Object]"[39m
                [33mtransition[39m=[32m"[object Object]"[39m
              [36m>[39m
                [36m<h1[39m
                  [33mclass[39m=[32m"MuiTypography-root MuiTypography-h3 css-njidxq-MuiTypography-root"[39m
                [36m>[39m
                  [0mLlama Runner Pro Dashboard[0m
                [36m</h1>[39m
                [36m<h6[39m
                  [33mclass[39m=[32m"MuiTypography-root MuiTypography-subtitle1 css-1t4hig0-MuiTypography-root"[39m
                [36m>[39m
                  [0mReal-time AI Model Management & Monitoring[0m
                [36m</h6>[39m
              [36m</div>[39m
              [36m<div[39m
                [33mclass[39m=[32m"MuiBox-root css-huskxe"[39m
              [36m>[39m
                [36m<div[39m
                  [33mclass[39m=[32m"MuiChip-root MuiChip-outlined MuiChip-sizeSmall MuiChip-colorInfo MuiChip-outlinedInfo css-mr7bkj-MuiChip-root"[39m
                [36m>[39m
                  [36m<span[39m
                    [33mclass[39m=[32m"MuiChip-label MuiChip-labelSmall css-19m61dl-MuiChip-label"[39m
                  [36m>[39m
                    [0mUptime: 1d 0h 0m[0m
                  [36m</span>[39m
                [36m</div>[39m
                [36m<div[39m
                  [33mclass[39m=[32m"MuiChip-root MuiChip-filled MuiChip-sizeSmall MuiChip-colorSuccess MuiChip-filledSuccess css-n9k118-MuiChip-root"[39m
                [36m>[39m
                  [36m<span[39m
                    [33mclass[39m=[32m"MuiChip-label MuiChip-labelSmall css-eccknh-MuiChip-label"[39m
                  [36m>[39m
                    [0mCONNECTED[0m
                  [36m</span>[39m
                [36m</div>[39m
                [36m<button[39m
                  [33maria-label[39m=[32m"Refresh Dashboard"[39m
                  [33mclass[39m=[32m"MuiButtonBase-root MuiIconButton-root MuiIconButton-colorPrimary MuiIconButton-sizeMedium css-1svfwy9-MuiButtonBase-root-MuiIconButton-root"[39m
                  [33mdata-mui-internal-clone-element[39m=[32m"true"[39m
                  [33mtabindex[39m=[32m"0"[39m
                  [33mtype[39m=[32m"button"[39m
                [36m>[39m
                  [36m<svg[39m
                    [33maria-hidden[39m=[32m"true"[39m
                    [33mclass[39m=[32m"MuiSvgIcon-root MuiSvgIcon-fontSizeMedium css-1umw9bq-MuiSvgIcon-root"[39m
                    [33mdata-testid[39m=[32m"RefreshIcon"[39m
                    [33mfocusable[39m=[32m"false"[39m
                    [33mviewBox[39m=[32m"0 0 24 24"[39m
                  [36m>[39m
                    [36m<path[39m
                      [33md[39m=[32m"M17.65 6.35C16.2 4.9 14.21 4 12 4c-4.42 0-7.99 3.58-7.99 8s3.57 8 7.99 8c3.73 0 6.84-2.55 7.73-6h-2.08c-.82 2.33-3.04 4-5.65 4-3.31 0-6-2.69-6-6s2.69-6 6-6c1.66 0 3.14.69 4.22 1.78L13 11h7V4z"[39m
                    [36m/>[39m
                  [36m</svg>[39m
                [36m</button>[39m
                [36m<button[39m
                  [33maria-label[39m=[32m"Open Settings"[39m
                  [33mclass[39m=[32m"MuiButtonBase-root MuiIconButton-root MuiIconButton-colorSecondary MuiIconButton-sizeMedium css-uhgf5e-MuiButtonBase-root-MuiIconButton-root"[39m
                  [33mdata-mui-internal-clone-element[39m=[32m"true"[39m
                  [33mtabindex[39m=[32m"0"[39m
                  [33mtype[39m=[32m"button"[39m
                [36m>[39m
                  [36m<svg[39m
                    [33maria-hidden[39m=[32m"true"[39m
                    [33mclass[39m=[32m"MuiSvgIcon-root MuiSvgIcon-fontSizeMedium css-1umw9bq-MuiSvgIcon-root"[39m
                    [33mdata-testid[39m=[32m"SettingsIcon"[39m
                    [33mfocusable[39m=[32m"false"[39m
                    [33mviewBox[39m=[32m"0 0 24 24"[39m
                  [36m>[39m
                    [36m<path[39m
                      [33md[39m=[32m"M19.14 12.94c.04-.3.06-.61.06-.94 0-.32-.02-.64-.07-.94l2.03-1.58c.18-.14.23-.41.12-.61l-1.92-3.32c-.12-.22-.37-.29-.59-.22l-2.39.96c-.5-.38-1.03-.7-1.62-.94l-.36-2.54c-.04-.24-.24-.41-.48-.41h-3.84c-.24 0-.43.17-.47.41l-.36 2.54c-.59.24-1.13.57-1.62.94l-2.39-.96c-.22-.08-.47 0-.59.22L2.74 8.87c-.12.21-.08.47.12.61l2.03 1.58c-.05.3-.09.63-.09.94s.02.64.07.94l-2.03 1.58c-.18.14-.23.41-.12.61l1.92 3.32c.12.22.37.29.59.22l2.39-.96c.5.38 1.03.7 1.62.94l.36 2.54c.05.24.24.41.48.41h3.84c.24 0 .44-.17.47-.41l.36-2.54c.59-.24 1.13-.56 1.62-.94l2.39.96c.22.08.47 0 .59-.22l1.92-3.32c.12-.22.07-.47-.12-.61zM12 15.6c-1.98 0-3.6-1.62-3.6-3.6s1.62-3.6 3.6-3.6 3.6 1.62 3.6 3.6-1.62 3.6-3.6 3.6"[39m
                    [36m/>[39m
                  [36m</svg>[39m
                [36m</button>[39m
              [36m</div>[39m
            [36m</div>[39m
            [36m<h5[39m
              [33mclass[39m=[32m"MuiTypography-root MuiTypography-h5 css-acglur-MuiTypography-root"[39m
            [36m>[39m
              [0mDashboard Overview[0m
            [36m</h5>[39m
            [36m<div[39m
              [33mclass[39m=[32m"MuiGrid-root MuiGrid-container MuiGrid-direction-xs-row MuiGrid-spacing-xs-3 css-1qouitu-MuiGrid-root"[39m
            [36m>[39m
              [36m<div[39m
                [33mclass[39m=[32m"MuiGrid-root MuiGrid-direction-xs-row MuiGrid-grid-xs-12 MuiGrid-grid-sm-6 MuiGrid-grid-lg-3 css-14shrlc-MuiGrid-root"[39m
              [36m>[39m
                [36m<div[39m
                  [33mclass[39m=[32m"MuiPaper-root MuiPaper-elevation MuiPaper-rounded MuiPaper-elevation1 MuiCard-root css-ninm5z-MuiPaper-root-MuiCard-root"[39m
                  [33mstyle[39m=[32m"--Paper-shadow: 0px 2px 1px -1px rgba(0,0,0,0.2),0px 1px 1px 0px rgba(0,0,0,0.14),0px 1px 3px 0px rgba(0,0,0,0.12);"[39m
                [36m>[39m
                  [36m<div[39m
                    [33mclass[39m=[32m"MuiCardContent-root css-1lt5qva-MuiCardContent-root"[39m
                  [36m>[39m
                    [36m<div[39m
                      [33mclass[39m=[32m"MuiBox-root css-103i82l"[39m
                    [36m>[39m
                      [36m<div[39m
                        [33mclass[39m=[32m"MuiBox-root css-120nera"[39m
                      [36m>[39m
                        [36m<p[39m
                          [33mclass[39m=[32m"MuiTypography-root MuiTypography-body1 css-c6x5uv-MuiTypography-root"[39m
                        [36m>[39m
                          [0m🖥️[0m
                        [36m</p>[39m
                        [36m<div[39m
                          [33mclass[39m=[32m"MuiBox-root css-0"[39m
                        [36m>[39m
                          [36m<p...

      289 |       if (downloadButton) {
      290 |         fireEvent.click(downloadButton);
    > 291 |         expect(mockSendMessage).toHaveBeenCalledWith("download_logs", {});
          |                                 ^
      292 |       }
      293 |     });
      294 |   });

      at __tests__/pages/dashboard.test.tsx:291:33
      at runWithExpensiveErrorDiagnosticsDisabled (node_modules/.pnpm/@testing-library+dom@10.4.1/node_modules/@testing-library/dom/dist/config.js:47:12)
      at checkCallback (node_modules/.pnpm/@testing-library+dom@10.4.1/node_modules/@testing-library/dom/dist/wait-for.js:124:77)
      at node_modules/.pnpm/@testing-library+dom@10.4.1/node_modules/@testing-library/dom/dist/wait-for.js:82:9

  ● ModernDashboard › sends start server message

    Found multiple elements with the role "button" and name `/start/i`

    Here are the matching elements:

    Ignored nodes: comments, script, style
    [36m<button[39m
      [33mclass[39m=[32m"MuiButtonBase-root MuiButton-root MuiButton-contained MuiButton-containedPrimary MuiButton-sizeSmall MuiButton-containedSizeSmall MuiButton-colorPrimary MuiButton-root MuiButton-contained MuiButton-containedPrimary MuiButton-sizeSmall MuiButton-containedSizeSmall MuiButton-colorPrimary css-1vjcgpi-MuiButtonBase-root-MuiButton-root"[39m
      [33mtabindex[39m=[32m"0"[39m
      [33mtype[39m=[32m"button"[39m
    [36m>[39m
      [36m<span[39m
        [33mclass[39m=[32m"MuiButton-icon MuiButton-startIcon MuiButton-iconSizeSmall css-d8i980-MuiButton-startIcon"[39m
      [36m>[39m
        [36m<svg[39m
          [33maria-hidden[39m=[32m"true"[39m
          [33mclass[39m=[32m"MuiSvgIcon-root MuiSvgIcon-fontSizeMedium css-1umw9bq-MuiSvgIcon-root"[39m
          [33mdata-testid[39m=[32m"PlayArrowIcon"[39m
          [33mfocusable[39m=[32m"false"[39m
          [33mviewBox[39m=[32m"0 0 24 24"[39m
        [36m>[39m
          [36m<path[39m
            [33md[39m=[32m"M8 5v14l11-7z"[39m
          [36m/>[39m
        [36m</svg>[39m
      [36m</span>[39m
      [0mStart[0m
    [36m</button>[39m

    Ignored nodes: comments, script, style
    [36m<button[39m
      [33mclass[39m=[32m"MuiButtonBase-root MuiButton-root MuiButton-outlined MuiButton-outlinedWarning MuiButton-sizeMedium MuiButton-outlinedSizeMedium MuiButton-colorWarning MuiButton-fullWidth MuiButton-root MuiButton-outlined MuiButton-outlinedWarning MuiButton-sizeMedium MuiButton-outlinedSizeMedium MuiButton-colorWarning MuiButton-fullWidth css-ovavoo-MuiButtonBase-root-MuiButton-root"[39m
      [33mtabindex[39m=[32m"0"[39m
      [33mtype[39m=[32m"button"[39m
    [36m>[39m
      [36m<span[39m
        [33mclass[39m=[32m"MuiButton-icon MuiButton-startIcon MuiButton-iconSizeMedium css-1sh91j5-MuiButton-startIcon"[39m
      [36m>[39m
        [36m<svg[39m
          [33maria-hidden[39m=[32m"true"[39m
          [33mclass[39m=[32m"MuiSvgIcon-root MuiSvgIcon-fontSizeMedium css-1umw9bq-MuiSvgIcon-root"[39m
          [33mdata-testid[39m=[32m"PowerSettingsNewIcon"[39m
          [33mfocusable[39m=[32m"false"[39m
          [33mviewBox[39m=[32m"0 0 24 24"[39m
        [36m>[39m
          [36m<path[39m
            [33md[39m=[32m"M13 3h-2v10h2zm4.83 2.17-1.42 1.42C17.99 7.86 19 9.81 19 12c0 3.87-3.13 7-7 7s-7-3.13-7-7c0-2.19 1.01-4.14 2.58-5.42L6.17 5.17C4.23 6.82 3 9.26 3 12c0 4.97 4.03 9 9 9s9-4.03 9-9c0-2.74-1.23-5.18-3.17-6.83"[39m
          [36m/>[39m
        [36m</svg>[39m
      [36m</span>[39m
      [36m<div[39m
        [33mclass[39m=[32m"MuiBox-root css-1rr4qq7"[39m
      [36m>[39m
        [36m<p[39m
          [33mclass[39m=[32m"MuiTypography-root MuiTypography-body1 css-3h4rw4-MuiTypography-root"[39m
        [36m>[39m
          [0mRestart Server[0m
        [36m</p>[39m
        [36m<span[39m
          [33mclass[39m=[32m"MuiTypography-root MuiTypography-caption css-1374baf-MuiTypography-root"[39m
        [36m>[39m
          [0mRestart llama-server[0m
        [36m</span>[39m
      [36m</div>[39m
    [36m</button>[39m

    Ignored nodes: comments, script, style
    [36m<button[39m
      [33mclass[39m=[32m"MuiButtonBase-root MuiButton-root MuiButton-outlined MuiButton-outlinedSuccess MuiButton-sizeMedium MuiButton-outlinedSizeMedium MuiButton-colorSuccess MuiButton-fullWidth MuiButton-root MuiButton-outlined MuiButton-outlinedSuccess MuiButton-sizeMedium MuiButton-outlinedSizeMedium MuiButton-colorSuccess MuiButton-fullWidth css-nf2axq-MuiButtonBase-root-MuiButton-root"[39m
      [33mtabindex[39m=[32m"0"[39m
      [33mtype[39m=[32m"button"[39m
    [36m>[39m
      [36m<span[39m
        [33mclass[39m=[32m"MuiButton-icon MuiButton-startIcon MuiButton-iconSizeMedium css-1sh91j5-MuiButton-startIcon"[39m
      [36m>[39m
        [36m<svg[39m
          [33maria-hidden[39m=[32m"true"[39m
          [33mclass[39m=[32m"MuiSvgIcon-root MuiSvgIcon-fontSizeMedium css-1umw9bq-MuiSvgIcon-root"[39m
          [33mdata-testid[39m=[32m"PowerSettingsNewIcon"[39m
          [33mfocusable[39m=[32m"false"[39m
          [33mviewBox[39m=[32m"0 0 24 24"[39m
        [36m>[39m
          [36m<path[39m
            [33md[39m=[32m"M13 3h-2v10h2zm4.83 2.17-1.42 1.42C17.99 7.86 19 9.81 19 12c0 3.87-3.13 7-7 7s-7-3.13-7-7c0-2.19 1.01-4.14 2.58-5.42L6.17 5.17C4.23 6.82 3 9.26 3 12c0 4.97 4.03 9 9 9s9-4.03 9-9c0-2.74-1.23-5.18-3.17-6.83"[39m
          [36m/>[39m
        [36m</svg>[39m
      [36m</span>[39m
      [36m<div[39m
        [33mclass[39m=[32m"MuiBox-root css-1rr4qq7"[39m
      [36m>[39m
        [36m<p[39m
          [33mclass[39m=[32m"MuiTypography-root MuiTypography-body1 css-3h4rw4-MuiTypography-root"[39m
        [36m>[39m
          [0mStart Server[0m
        [36m</p>[39m
        [36m<span[39m
          [33mclass[39m=[32m"MuiTypography-root MuiTypography-caption css-1374baf-MuiTypography-root"[39m
        [36m>[39m
          [0mStart llama-server[0m
        [36m</span>[39m
      [36m</div>[39m
    [36m</button>[39m

    (If this is intentional, then use the `*AllBy*` variant of the query (like `queryAllByText`, `getAllByText`, or `findAllByText`)).

    Ignored nodes: comments, script, style
    [36m<body>[39m
      [36m<div>[39m
        [36m<div[39m
          [33mclass[39m=[32m"MuiBox-root css-1bavfzd"[39m
        [36m>[39m
          [36m<div[39m
            [33mclass[39m=[32m"MuiBox-root css-4c94nt"[39m
          [36m>[39m
            [36m<div[39m
              [33manimate[39m=[32m"[object Object]"[39m
              [33minitial[39m=[32m"[object Object]"[39m
              [33mtransition[39m=[32m"[object Object]"[39m
            [36m>[39m
              [36m<h1[39m
                [33mclass[39m=[32m"MuiTypography-root MuiTypography-h3 css-njidxq-MuiTypography-root"[39m
              [36m>[39m
                [0mLlama Runner Pro Dashboard[0m
              [36m</h1>[39m
              [36m<h6[39m
                [33mclass[39m=[32m"MuiTypography-root MuiTypography-subtitle1 css-1t4hig0-MuiTypography-root"[39m
              [36m>[39m
                [0mReal-time AI Model Management & Monitoring[0m
              [36m</h6>[39m
            [36m</div>[39m
            [36m<div[39m
              [33mclass[39m=[32m"MuiBox-root css-huskxe"[39m
            [36m>[39m
              [36m<div[39m
                [33mclass[39m=[32m"MuiChip-root MuiChip-outlined MuiChip-sizeSmall MuiChip-colorInfo MuiChip-outlinedInfo css-mr7bkj-MuiChip-root"[39m
              [36m>[39m
                [36m<span[39m
                  [33mclass[39m=[32m"MuiChip-label MuiChip-labelSmall css-19m61dl-MuiChip-label"[39m
                [36m>[39m
                  [0mUptime: 1d 0h 0m[0m
                [36m</span>[39m
              [36m</div>[39m
              [36m<div[39m
                [33mclass[39m=[32m"MuiChip-root MuiChip-filled MuiChip-sizeSmall MuiChip-colorSuccess MuiChip-filledSuccess css-n9k118-MuiChip-root"[39m
              [36m>[39m
                [36m<span[39m
                  [33mclass[39m=[32m"MuiChip-label MuiChip-labelSmall css-eccknh-MuiChip-label"[39m
                [36m>[39m
                  [0mCONNECTED[0m
                [36m</span>[39m
              [36m</div>[39m
              [36m<button[39m
                [33maria-label[39m=[32m"Refresh Dashboard"[39m
                [33mclass[39m=[32m"MuiButtonBase-root MuiIconButton-root MuiIconButton-colorPrimary MuiIconButton-sizeMedium css-1svfwy9-MuiButtonBase-root-MuiIconButton-root"[39m
                [33mdata-mui-internal-clone-element[39m=[32m"true"[39m
                [33mtabindex[39m=[32m"0"[39m
                [33mtype[39m=[32m"button"[39m
              [36m>[39m
                [36m<svg[39m
                  [33maria-hidden[39m=[32m"true"[39m
                  [33mclass[39m=[32m"MuiSvgIcon-root MuiSvgIcon-fontSizeMedium css-1umw9bq-MuiSvgIcon-root"[39m
                  [33mdata-testid[39m=[32m"RefreshIcon"[39m
                  [33mfocusable[39m=[32m"false"[39m
                  [33mviewBox[39m=[32m"0 0 24 24"[39m
                [36m>[39m
                  [36m<path[39m
                    [33md[39m=[32m"M17.65 6.35C16.2 4.9 14.21 4 12 4c-4.42 0-7.99 3.58-7.99 8s3.57 8 7.99 8c3.73 0 6.84-2.55 7.73-6h-2.08c-.82 2.33-3.04 4-5.65 4-3.31 0-6-2.69-6-6s2.69-6 6-6c1.66 0 3.14.69 4.22 1.78L13 11h7V4z"[39m
                  [36m/>[39m
                [36m</svg>[39m
              [36m</button>[39m
              [36m<button[39m
                [33maria-label[39m=[32m"Open Settings"[39m
                [33mclass[39m=[32m"MuiButtonBase-root MuiIconButton-root MuiIconButton-colorSecondary MuiIconButton-sizeMedium css-uhgf5e-MuiButtonBase-root-MuiIconButton-root"[39m
                [33mdata-mui-internal-clone-element[39m=[32m"true"[39m
                [33mtabindex[39m=[32m"0"[39m
                [33mtype[39m=[32m"button"[39m
              [36m>[39m
                [36m<svg[39m
                  [33maria-hidden[39m=[32m"true"[39m
                  [33mclass[39m=[32m"MuiSvgIcon-root MuiSvgIcon-fontSizeMedium css-1umw9bq-MuiSvgIcon-root"[39m
                  [33mdata-testid[39m=[32m"SettingsIcon"[39m
                  [33mfocusable[39m=[32m"false"[39m
                  [33mviewBox[39m=[32m"0 0 24 24"[39m
                [36m>[39m
                  [36m<path[39m
                    [33md[39m=[32m"M19.14 12.94c.04-.3.06-.61.06-.94 0-.32-.02-.64-.07-.94l2.03-1.58c.18-.14.23-.41.12-.61l-1.92-3.32c-.12-.22-.37-.29-.59-.22l-2.39.96c-.5-.38-1.03-.7-1.62-.94l-.36-2.54c-.04-.24-.24-.41-.48-.41h-3.84c-.24 0-.43.17-.47.41l-.36 2.54c-.59.24-1.13.57-1.62.94l-2.39-.96c-.22-.08-.47 0-.59.22L2.74 8.87c-.12.21-.08.47.12.61l2.03 1.58c-.05.3-.09.63-.09.94s.02.64.07.94l-2.03 1.58c-.18.14-.23.41-.12.61l1.92 3.32c.12.22.37.29.59.22l2.39-.96c.5.38 1.03.7 1.62.94l.36 2.54c.05.24.24.41.48.41h3.84c.24 0 .44-.17.47-.41l.36-2.54c.59-.24 1.13-.56 1.62-.94l2.39.96c.22.08.47 0 .59-.22l1.92-3.32c.12-.22.07-.47-.12-.61zM12 15.6c-1.98 0-3.6-1.62-3.6-3.6s1.62-3.6 3.6-3.6 3.6 1.62 3.6 3.6-1.62 3.6-3.6 3.6"[39m
                  [36m/>[39m
                [36m</svg>[39m
              [36m</button>[39m
            [36m</div>[39m
          [36m</div>[39m
          [36m<h5[39m
            [33mclass[39m=[32m"MuiTypography-root MuiTypography-h5 css-acglur-MuiTypography-root"[39m
          [36m>[39m
            [0mDashboard Overview[0m
          [36m</h5>[39m
          [36m<div[39m
            [33mclass[39m=[32m"MuiGrid-root MuiGrid-container MuiGrid-direction-xs-row MuiGrid-spacing-xs-3 css-1qouitu-MuiGrid-root"[39m
          [36m>[39m
            [36m<div[39m
              [33mclass[39m=[32m"MuiGrid-root MuiGrid-direction-xs-row MuiGrid-grid-xs-12 MuiGrid-grid-sm-6 MuiGrid-grid-lg-3 css-14shrlc-MuiGrid-root"[39m
            [36m>[39m
              [36m<div[39m
                [33mclass[39m=[32m"MuiPaper-root MuiPaper-elevation MuiPaper-rounded MuiPaper-elevation1 MuiCard-root css-ninm5z-MuiPaper-root-MuiCard-root"[39m
                [33mstyle[39m=[32m"--Paper-shadow: 0px 2px 1px -1px rgba(0,0,0,0.2),0px 1px 1px 0px rgba(0,0,0,0.14),0px 1px 3px 0px rgba(0,0,0,0.12);"[39m
              [36m>[39m
                [36m<div[39m
                  [33mclass[39m=[32m"MuiCardContent-root css-1lt5qva-MuiCardContent-root"[39m
                [36m>[39m
                  [36m<div[39m
                    [33mclass[39m=[32m"MuiBox-root css-103i82l"[39m
                  [36m>[39m
                    [36m<div[39m
                      [33mclass[39m=[32m"MuiBox-root css-120nera"[39m
                    [36m>[39m
                      [36m<p[39m
                        [33mclass[39m=[32m"MuiTypography-root MuiTypography-body1 css-c6x5uv-MuiTypography-root"[39m
                      [36m>[39m
                        [0m🖥️[0m
                      [36m</p>[39m
                      [36m<div[39m
                        [33mclass[39m=[32m"MuiBox-root css-0"[39m
                      [36m>[39m
                        [36m<p[39m
                          [33mclass[39m=[32m"MuiTypography-root MuiTypography-body2 css-11cuzcu-MuiTypography-root"[39m
                        [36m>[39m
                          [0mCPU Usage[0m
                        [36m</p>[39m
                        [36m<h4[39m
                          [33mclass[39m=[32m"MuiTypography-root MuiTypography-h4 css-1h0dqxm-MuiTypography-root"[39m
                        [36m>[39m
            ...

      323 |     jest.advanceTimersByTime(1500);
      324 |
    > 325 |     await waitFor(() => {
          |                  ^
      326 |       const startButton = screen.getByRole("button", { name: /start/i });
      327 |       if (startButton) {
      328 |         fireEvent.click(startButton);

      at waitForWrapper (node_modules/.pnpm/@testing-library+dom@10.4.1/node_modules/@testing-library/dom/dist/wait-for.js:163:27)
      at Object.<anonymous> (__tests__/pages/dashboard.test.tsx:325:18)

  ● ModernDashboard › handles empty metrics gracefully

    TypeError: models.map is not a function

      80 |
      81 |         <Grid container spacing={2}>
    > 82 |           {models.map((model) => (
         |                   ^
      83 |             <Grid size={{ xs: 12, sm: 6, md: 4 }} key={model.id}>
      84 |               <Box
      85 |                 sx={{

      at ModelsListCard (src/components/dashboard/ModelsListCard.tsx:82:19)
      at Object.react_stack_bottom_frame (node_modules/.pnpm/react-dom@19.2.3_react@19.2.3/node_modules/react-dom/cjs/react-dom-client.development.js:25904:20)
      at renderWithHooks (node_modules/.pnpm/react-dom@19.2.3_react@19.2.3/node_modules/react-dom/cjs/react-dom-client.development.js:7662:22)
      at updateFunctionComponent (node_modules/.pnpm/react-dom@19.2.3_react@19.2.3/node_modules/react-dom/cjs/react-dom-client.development.js:10166:19)
      at beginWork (node_modules/.pnpm/react-dom@19.2.3_react@19.2.3/node_modules/react-dom/cjs/react-dom-client.development.js:11778:18)
      at runWithFiberInDEV (node_modules/.pnpm/react-dom@19.2.3_react@19.2.3/node_modules/react-dom/cjs/react-dom-client.development.js:874:13)
      at performUnitOfWork (node_modules/.pnpm/react-dom@19.2.3_react@19.2.3/node_modules/react-dom/cjs/react-dom-client.development.js:17641:22)
      at workLoopSync (node_modules/.pnpm/react-dom@19.2.3_react@19.2.3/node_modules/react-dom/cjs/react-dom-client.development.js:17469:41)
      at renderRootSync (node_modules/.pnpm/react-dom@19.2.3_react@19.2.3/node_modules/react-dom/cjs/react-dom-client.development.js:17450:11)
      at performWorkOnRoot (node_modules/.pnpm/react-dom@19.2.3_react@19.2.3/node_modules/react-dom/cjs/react-dom-client.development.js:16583:35)
      at performWorkOnRootViaSchedulerTask (node_modules/.pnpm/react-dom@19.2.3_react@19.2.3/node_modules/react-dom/cjs/react-dom-client.development.js:18957:7)
      at flushActQueue (node_modules/.pnpm/react@19.2.3/node_modules/react/cjs/react.development.js:590:34)
      at process.env.NODE_ENV.exports.act (node_modules/.pnpm/react@19.2.3/node_modules/react/cjs/react.development.js:884:10)
      at node_modules/.pnpm/@testing-library+react@16.3.1_@testing-library+dom@10.4.1_@types+react-dom@19.2.3_@type_68c5b21a70acecf0fbbfd97f51128017/node_modules/@testing-library/react/dist/act-compat.js:46:25
      at renderRoot (node_modules/.pnpm/@testing-library+react@16.3.1_@testing-library+dom@10.4.1_@types+react-dom@19.2.3_@type_68c5b21a70acecf0fbbfd97f51128017/node_modules/@testing-library/react/dist/pure.js:189:26)
      at render (node_modules/.pnpm/@testing-library+react@16.3.1_@testing-library+dom@10.4.1_@types+react-dom@19.2.3_@type_68c5b21a70acecf0fbbfd97f51128017/node_modules/@testing-library/react/dist/pure.js:291:10)
      at renderWithTheme (__tests__/pages/dashboard.test.tsx:112:16)
      at Object.<anonymous> (__tests__/pages/dashboard.test.tsx:351:5)

  ● ModernDashboard › renders GPU utilization chart when GPU data available

    TypeError: models.map is not a function

      80 |
      81 |         <Grid container spacing={2}>
    > 82 |           {models.map((model) => (
         |                   ^
      83 |             <Grid size={{ xs: 12, sm: 6, md: 4 }} key={model.id}>
      84 |               <Box
      85 |                 sx={{

      at ModelsListCard (src/components/dashboard/ModelsListCard.tsx:82:19)
      at Object.react_stack_bottom_frame (node_modules/.pnpm/react-dom@19.2.3_react@19.2.3/node_modules/react-dom/cjs/react-dom-client.development.js:25904:20)
      at renderWithHooks (node_modules/.pnpm/react-dom@19.2.3_react@19.2.3/node_modules/react-dom/cjs/react-dom-client.development.js:7662:22)
      at updateFunctionComponent (node_modules/.pnpm/react-dom@19.2.3_react@19.2.3/node_modules/react-dom/cjs/react-dom-client.development.js:10166:19)
      at beginWork (node_modules/.pnpm/react-dom@19.2.3_react@19.2.3/node_modules/react-dom/cjs/react-dom-client.development.js:11778:18)
      at runWithFiberInDEV (node_modules/.pnpm/react-dom@19.2.3_react@19.2.3/node_modules/react-dom/cjs/react-dom-client.development.js:874:13)
      at performUnitOfWork (node_modules/.pnpm/react-dom@19.2.3_react@19.2.3/node_modules/react-dom/cjs/react-dom-client.development.js:17641:22)
      at workLoopSync (node_modules/.pnpm/react-dom@19.2.3_react@19.2.3/node_modules/react-dom/cjs/react-dom-client.development.js:17469:41)
      at renderRootSync (node_modules/.pnpm/react-dom@19.2.3_react@19.2.3/node_modules/react-dom/cjs/react-dom-client.development.js:17450:11)
      at performWorkOnRoot (node_modules/.pnpm/react-dom@19.2.3_react@19.2.3/node_modules/react-dom/cjs/react-dom-client.development.js:16583:35)
      at performWorkOnRootViaSchedulerTask (node_modules/.pnpm/react-dom@19.2.3_react@19.2.3/node_modules/react-dom/cjs/react-dom-client.development.js:18957:7)
      at flushActQueue (node_modules/.pnpm/react@19.2.3/node_modules/react/cjs/react.development.js:590:34)
      at process.env.NODE_ENV.exports.act (node_modules/.pnpm/react@19.2.3/node_modules/react/cjs/react.development.js:884:10)
      at node_modules/.pnpm/@testing-library+react@16.3.1_@testing-library+dom@10.4.1_@types+react-dom@19.2.3_@type_68c5b21a70acecf0fbbfd97f51128017/node_modules/@testing-library/react/dist/act-compat.js:46:25
      at renderRoot (node_modules/.pnpm/@testing-library+react@16.3.1_@testing-library+dom@10.4.1_@types+react-dom@19.2.3_@type_68c5b21a70acecf0fbbfd97f51128017/node_modules/@testing-library/react/dist/pure.js:189:26)
      at render (node_modules/.pnpm/@testing-library+react@16.3.1_@testing-library+dom@10.4.1_@types+react-dom@19.2.3_@type_68c5b21a70acecf0fbbfd97f51128017/node_modules/@testing-library/react/dist/pure.js:291:10)
      at renderWithTheme (__tests__/pages/dashboard.test.tsx:112:16)
      at Object.<anonymous> (__tests__/pages/dashboard.test.tsx:396:5)

  ● ModernDashboard › displays GPU metrics card when no GPU data

    TypeError: models.map is not a function

      80 |
      81 |         <Grid container spacing={2}>
    > 82 |           {models.map((model) => (
         |                   ^
      83 |             <Grid size={{ xs: 12, sm: 6, md: 4 }} key={model.id}>
      84 |               <Box
      85 |                 sx={{

      at ModelsListCard (src/components/dashboard/ModelsListCard.tsx:82:19)
      at Object.react_stack_bottom_frame (node_modules/.pnpm/react-dom@19.2.3_react@19.2.3/node_modules/react-dom/cjs/react-dom-client.development.js:25904:20)
      at renderWithHooks (node_modules/.pnpm/react-dom@19.2.3_react@19.2.3/node_modules/react-dom/cjs/react-dom-client.development.js:7662:22)
      at updateFunctionComponent (node_modules/.pnpm/react-dom@19.2.3_react@19.2.3/node_modules/react-dom/cjs/react-dom-client.development.js:10166:19)
      at beginWork (node_modules/.pnpm/react-dom@19.2.3_react@19.2.3/node_modules/react-dom/cjs/react-dom-client.development.js:11778:18)
      at runWithFiberInDEV (node_modules/.pnpm/react-dom@19.2.3_react@19.2.3/node_modules/react-dom/cjs/react-dom-client.development.js:874:13)
      at performUnitOfWork (node_modules/.pnpm/react-dom@19.2.3_react@19.2.3/node_modules/react-dom/cjs/react-dom-client.development.js:17641:22)
      at workLoopSync (node_modules/.pnpm/react-dom@19.2.3_react@19.2.3/node_modules/react-dom/cjs/react-dom-client.development.js:17469:41)
      at renderRootSync (node_modules/.pnpm/react-dom@19.2.3_react@19.2.3/node_modules/react-dom/cjs/react-dom-client.development.js:17450:11)
      at performWorkOnRoot (node_modules/.pnpm/react-dom@19.2.3_react@19.2.3/node_modules/react-dom/cjs/react-dom-client.development.js:16583:35)
      at performWorkOnRootViaSchedulerTask (node_modules/.pnpm/react-dom@19.2.3_react@19.2.3/node_modules/react-dom/cjs/react-dom-client.development.js:18957:7)
      at flushActQueue (node_modules/.pnpm/react@19.2.3/node_modules/react/cjs/react.development.js:590:34)
      at process.env.NODE_ENV.exports.act (node_modules/.pnpm/react@19.2.3/node_modules/react/cjs/react.development.js:884:10)
      at node_modules/.pnpm/@testing-library+react@16.3.1_@testing-library+dom@10.4.1_@types+react-dom@19.2.3_@type_68c5b21a70acecf0fbbfd97f51128017/node_modules/@testing-library/react/dist/act-compat.js:46:25
      at renderRoot (node_modules/.pnpm/@testing-library+react@16.3.1_@testing-library+dom@10.4.1_@types+react-dom@19.2.3_@type_68c5b21a70acecf0fbbfd97f51128017/node_modules/@testing-library/react/dist/pure.js:189:26)
      at render (node_modules/.pnpm/@testing-library+react@16.3.1_@testing-library+dom@10.4.1_@types+react-dom@19.2.3_@type_68c5b21a70acecf0fbbfd97f51128017/node_modules/@testing-library/react/dist/pure.js:291:10)
      at renderWithTheme (__tests__/pages/dashboard.test.tsx:112:16)
      at Object.<anonymous> (__tests__/pages/dashboard.test.tsx:418:5)

  ● ModernDashboard › displays total requests count

    TypeError: models.map is not a function

      80 |
      81 |         <Grid container spacing={2}>
    > 82 |           {models.map((model) => (
         |                   ^
      83 |             <Grid size={{ xs: 12, sm: 6, md: 4 }} key={model.id}>
      84 |               <Box
      85 |                 sx={{

      at ModelsListCard (src/components/dashboard/ModelsListCard.tsx:82:19)
      at Object.react_stack_bottom_frame (node_modules/.pnpm/react-dom@19.2.3_react@19.2.3/node_modules/react-dom/cjs/react-dom-client.development.js:25904:20)
      at renderWithHooks (node_modules/.pnpm/react-dom@19.2.3_react@19.2.3/node_modules/react-dom/cjs/react-dom-client.development.js:7662:22)
      at updateFunctionComponent (node_modules/.pnpm/react-dom@19.2.3_react@19.2.3/node_modules/react-dom/cjs/react-dom-client.development.js:10166:19)
      at beginWork (node_modules/.pnpm/react-dom@19.2.3_react@19.2.3/node_modules/react-dom/cjs/react-dom-client.development.js:11778:18)
      at runWithFiberInDEV (node_modules/.pnpm/react-dom@19.2.3_react@19.2.3/node_modules/react-dom/cjs/react-dom-client.development.js:874:13)
      at performUnitOfWork (node_modules/.pnpm/react-dom@19.2.3_react@19.2.3/node_modules/react-dom/cjs/react-dom-client.development.js:17641:22)
      at workLoopSync (node_modules/.pnpm/react-dom@19.2.3_react@19.2.3/node_modules/react-dom/cjs/react-dom-client.development.js:17469:41)
      at renderRootSync (node_modules/.pnpm/react-dom@19.2.3_react@19.2.3/node_modules/react-dom/cjs/react-dom-client.development.js:17450:11)
      at performWorkOnRoot (node_modules/.pnpm/react-dom@19.2.3_react@19.2.3/node_modules/react-dom/cjs/react-dom-client.development.js:16583:35)
      at performWorkOnRootViaSchedulerTask (node_modules/.pnpm/react-dom@19.2.3_react@19.2.3/node_modules/react-dom/cjs/react-dom-client.development.js:18957:7)
      at flushActQueue (node_modules/.pnpm/react@19.2.3/node_modules/react/cjs/react.development.js:590:34)
      at process.env.NODE_ENV.exports.act (node_modules/.pnpm/react@19.2.3/node_modules/react/cjs/react.development.js:884:10)
      at node_modules/.pnpm/@testing-library+react@16.3.1_@testing-library+dom@10.4.1_@types+react-dom@19.2.3_@type_68c5b21a70acecf0fbbfd97f51128017/node_modules/@testing-library/react/dist/act-compat.js:46:25
      at renderRoot (node_modules/.pnpm/@testing-library+react@16.3.1_@testing-library+dom@10.4.1_@types+react-dom@19.2.3_@type_68c5b21a70acecf0fbbfd97f51128017/node_modules/@testing-library/react/dist/pure.js:189:26)
      at render (node_modules/.pnpm/@testing-library+react@16.3.1_@testing-library+dom@10.4.1_@types+react-dom@19.2.3_@type_68c5b21a70acecf0fbbfd97f51128017/node_modules/@testing-library/react/dist/pure.js:291:10)
      at renderWithTheme (__tests__/pages/dashboard.test.tsx:112:16)
      at Object.<anonymous> (__tests__/pages/dashboard.test.tsx:440:5)

  ● ModernDashboard › displays average response time

    TypeError: models.map is not a function

      80 |
      81 |         <Grid container spacing={2}>
    > 82 |           {models.map((model) => (
         |                   ^
      83 |             <Grid size={{ xs: 12, sm: 6, md: 4 }} key={model.id}>
      84 |               <Box
      85 |                 sx={{

      at ModelsListCard (src/components/dashboard/ModelsListCard.tsx:82:19)
      at Object.react_stack_bottom_frame (node_modules/.pnpm/react-dom@19.2.3_react@19.2.3/node_modules/react-dom/cjs/react-dom-client.development.js:25904:20)
      at renderWithHooks (node_modules/.pnpm/react-dom@19.2.3_react@19.2.3/node_modules/react-dom/cjs/react-dom-client.development.js:7662:22)
      at updateFunctionComponent (node_modules/.pnpm/react-dom@19.2.3_react@19.2.3/node_modules/react-dom/cjs/react-dom-client.development.js:10166:19)
      at beginWork (node_modules/.pnpm/react-dom@19.2.3_react@19.2.3/node_modules/react-dom/cjs/react-dom-client.development.js:11778:18)
      at runWithFiberInDEV (node_modules/.pnpm/react-dom@19.2.3_react@19.2.3/node_modules/react-dom/cjs/react-dom-client.development.js:874:13)
      at performUnitOfWork (node_modules/.pnpm/react-dom@19.2.3_react@19.2.3/node_modules/react-dom/cjs/react-dom-client.development.js:17641:22)
      at workLoopSync (node_modules/.pnpm/react-dom@19.2.3_react@19.2.3/node_modules/react-dom/cjs/react-dom-client.development.js:17469:41)
      at renderRootSync (node_modules/.pnpm/react-dom@19.2.3_react@19.2.3/node_modules/react-dom/cjs/react-dom-client.development.js:17450:11)
      at performWorkOnRoot (node_modules/.pnpm/react-dom@19.2.3_react@19.2.3/node_modules/react-dom/cjs/react-dom-client.development.js:16583:35)
      at performWorkOnRootViaSchedulerTask (node_modules/.pnpm/react-dom@19.2.3_react@19.2.3/node_modules/react-dom/cjs/react-dom-client.development.js:18957:7)
      at flushActQueue (node_modules/.pnpm/react@19.2.3/node_modules/react/cjs/react.development.js:590:34)
      at process.env.NODE_ENV.exports.act (node_modules/.pnpm/react@19.2.3/node_modules/react/cjs/react.development.js:884:10)
      at node_modules/.pnpm/@testing-library+react@16.3.1_@testing-library+dom@10.4.1_@types+react-dom@19.2.3_@type_68c5b21a70acecf0fbbfd97f51128017/node_modules/@testing-library/react/dist/act-compat.js:46:25
      at renderRoot (node_modules/.pnpm/@testing-library+react@16.3.1_@testing-library+dom@10.4.1_@types+react-dom@19.2.3_@type_68c5b21a70acecf0fbbfd97f51128017/node_modules/@testing-library/react/dist/pure.js:189:26)
      at render (node_modules/.pnpm/@testing-library+react@16.3.1_@testing-library+dom@10.4.1_@types+react-dom@19.2.3_@type_68c5b21a70acecf0fbbfd97f51128017/node_modules/@testing-library/react/dist/pure.js:291:10)
      at renderWithTheme (__tests__/pages/dashboard.test.tsx:112:16)
      at Object.<anonymous> (__tests__/pages/dashboard.test.tsx:462:5)

  ● ModernDashboard › requests metrics and models on mount

    expect(jest.fn()).toHaveBeenCalled()

    Expected number of calls: >= 1
    Received number of calls:    0

      482 |     renderWithTheme(<ModernDashboard />);
      483 |
    > 484 |     expect(mockRequestMetrics).toHaveBeenCalled();
          |                                ^
      485 |     expect(mockRequestModels).toHaveBeenCalled();
      486 |   });
      487 |

      at Object.<anonymous> (__tests__/pages/dashboard.test.tsx:484:32)

PASS __tests__/components/ui/MetricsCard.test.tsx
  ● Console

    console.error
      React does not recognize the `whileHover` prop on a DOM element. If you intentionally want it to appear in the DOM as a custom attribute, spell it as lowercase `whilehover` instead. If you accidentally passed it from a parent component, remove it from the DOM element.

      35 |
      36 | function renderWithTheme(component: React.ReactElement) {
    > 37 |   return render(<ThemeProvider theme={theme}>{component}</ThemeProvider>);
         |                ^
      38 | }
      39 |
      40 | describe('MetricsCard', () => {

      at validateProperty (node_modules/.pnpm/react-dom@19.2.3_react@19.2.3/node_modules/react-dom/cjs/react-dom-client.development.js:3001:19)
      at warnUnknownProperties (node_modules/.pnpm/react-dom@19.2.3_react@19.2.3/node_modules/react-dom/cjs/react-dom-client.development.js:3146:9)
      at validatePropertiesInDevelopment (node_modules/.pnpm/react-dom@19.2.3_react@19.2.3/node_modules/react-dom/cjs/react-dom-client.development.js:19868:9)
      at setInitialProperties (node_modules/.pnpm/react-dom@19.2.3_react@19.2.3/node_modules/react-dom/cjs/react-dom-client.development.js:20491:7)
      at completeWork (node_modules/.pnpm/react-dom@19.2.3_react@19.2.3/node_modules/react-dom/cjs/react-dom-client.development.js:12662:18)
      at runWithFiberInDEV (node_modules/.pnpm/react-dom@19.2.3_react@19.2.3/node_modules/react-dom/cjs/react-dom-client.development.js:874:13)
      at completeUnitOfWork (node_modules/.pnpm/react-dom@19.2.3_react@19.2.3/node_modules/react-dom/cjs/react-dom-client.development.js:17777:19)
      at performUnitOfWork (node_modules/.pnpm/react-dom@19.2.3_react@19.2.3/node_modules/react-dom/cjs/react-dom-client.development.js:17658:11)
      at workLoopSync (node_modules/.pnpm/react-dom@19.2.3_react@19.2.3/node_modules/react-dom/cjs/react-dom-client.development.js:17469:41)
      at renderRootSync (node_modules/.pnpm/react-dom@19.2.3_react@19.2.3/node_modules/react-dom/cjs/react-dom-client.development.js:17450:11)
      at performWorkOnRoot (node_modules/.pnpm/react-dom@19.2.3_react@19.2.3/node_modules/react-dom/cjs/react-dom-client.development.js:16504:11)
      at performWorkOnRootViaSchedulerTask (node_modules/.pnpm/react-dom@19.2.3_react@19.2.3/node_modules/react-dom/cjs/react-dom-client.development.js:18957:7)
      at flushActQueue (node_modules/.pnpm/react@19.2.3/node_modules/react/cjs/react.development.js:590:34)
      at process.env.NODE_ENV.exports.act (node_modules/.pnpm/react@19.2.3/node_modules/react/cjs/react.development.js:884:10)
      at node_modules/.pnpm/@testing-library+react@16.3.1_@testing-library+dom@10.4.1_@types+react-dom@19.2.3_@type_68c5b21a70acecf0fbbfd97f51128017/node_modules/@testing-library/react/dist/act-compat.js:46:25
      at renderRoot (node_modules/.pnpm/@testing-library+react@16.3.1_@testing-library+dom@10.4.1_@types+react-dom@19.2.3_@type_68c5b21a70acecf0fbbfd97f51128017/node_modules/@testing-library/react/dist/pure.js:189:26)
      at render (node_modules/.pnpm/@testing-library+react@16.3.1_@testing-library+dom@10.4.1_@types+react-dom@19.2.3_@type_68c5b21a70acecf0fbbfd97f51128017/node_modules/@testing-library/react/dist/pure.js:291:10)
      at renderWithTheme (__tests__/components/ui/MetricsCard.test.tsx:37:16)
      at Object.<anonymous> (__tests__/components/ui/MetricsCard.test.tsx:68:5)

PASS __tests__/components/layout/Header.comprehensive.test.tsx (15.396 s)
PASS __tests__/components/configuration/GeneralSettingsTab.test.tsx
PASS __tests__/components/configuration/LoggerSettingsTab.test.tsx (5.712 s)
PASS __tests__/components/pages/settings/SettingsSystem.test.tsx
  ● Console

    console.error
      `value` prop on `input` should not be null. Consider using an empty string to clear the component or `undefined` for uncontrolled components.

      31 |
      32 | function renderWithTheme(component: React.ReactElement) {
    > 33 |   return render(<ThemeProvider theme={theme}>{component}</ThemeProvider>);
         |                ^
      34 | }
      35 |
      36 | const mockOnSliderChange = jest.fn();

      at validatePropertiesInDevelopment (node_modules/.pnpm/react-dom@19.2.3_react@19.2.3/node_modules/react-dom/cjs/react-dom-client.development.js:19858:21)
      at setInitialProperties (node_modules/.pnpm/react-dom@19.2.3_react@19.2.3/node_modules/react-dom/cjs/react-dom-client.development.js:20491:7)
      at completeWork (node_modules/.pnpm/react-dom@19.2.3_react@19.2.3/node_modules/react-dom/cjs/react-dom-client.development.js:12662:18)
      at runWithFiberInDEV (node_modules/.pnpm/react-dom@19.2.3_react@19.2.3/node_modules/react-dom/cjs/react-dom-client.development.js:874:13)
      at completeUnitOfWork (node_modules/.pnpm/react-dom@19.2.3_react@19.2.3/node_modules/react-dom/cjs/react-dom-client.development.js:17777:19)
      at performUnitOfWork (node_modules/.pnpm/react-dom@19.2.3_react@19.2.3/node_modules/react-dom/cjs/react-dom-client.development.js:17658:11)
      at workLoopSync (node_modules/.pnpm/react-dom@19.2.3_react@19.2.3/node_modules/react-dom/cjs/react-dom-client.development.js:17469:41)
      at renderRootSync (node_modules/.pnpm/react-dom@19.2.3_react@19.2.3/node_modules/react-dom/cjs/react-dom-client.development.js:17450:11)
      at performWorkOnRoot (node_modules/.pnpm/react-dom@19.2.3_react@19.2.3/node_modules/react-dom/cjs/react-dom-client.development.js:16504:11)
      at performWorkOnRootViaSchedulerTask (node_modules/.pnpm/react-dom@19.2.3_react@19.2.3/node_modules/react-dom/cjs/react-dom-client.development.js:18957:7)
      at flushActQueue (node_modules/.pnpm/react@19.2.3/node_modules/react/cjs/react.development.js:590:34)
      at process.env.NODE_ENV.exports.act (node_modules/.pnpm/react@19.2.3/node_modules/react/cjs/react.development.js:884:10)
      at node_modules/.pnpm/@testing-library+react@16.3.1_@testing-library+dom@10.4.1_@types+react-dom@19.2.3_@type_68c5b21a70acecf0fbbfd97f51128017/node_modules/@testing-library/react/dist/act-compat.js:46:25
      at renderRoot (node_modules/.pnpm/@testing-library+react@16.3.1_@testing-library+dom@10.4.1_@types+react-dom@19.2.3_@type_68c5b21a70acecf0fbbfd97f51128017/node_modules/@testing-library/react/dist/pure.js:189:26)
      at render (node_modules/.pnpm/@testing-library+react@16.3.1_@testing-library+dom@10.4.1_@types+react-dom@19.2.3_@type_68c5b21a70acecf0fbbfd97f51128017/node_modules/@testing-library/react/dist/pure.js:291:10)
      at renderWithTheme (__tests__/components/pages/settings/SettingsSystem.test.tsx:33:16)
      at Object.<anonymous> (__tests__/components/pages/settings/SettingsSystem.test.tsx:235:5)

PASS __tests__/hooks/use-api.test.tsx
PASS __tests__/components/ui/loading.test.tsx
PASS __tests__/components/ui/error-boundary.test.tsx (16.81 s)
PASS __tests__/components/layout/main-layout.test.tsx
PASS __tests__/components/configuration/LlamaServerSettingsTab.test.tsx (7.286 s)
PASS __tests__/components/configuration/ConfigurationActions.test.tsx (17.499 s)
PASS __tests__/components/pages/settings/SettingsAppearance.test.tsx
PASS __tests__/components/layout/Sidebar.test.tsx
PASS __tests__/components/charts/PerformanceChart.test.tsx
PASS __tests__/components/configuration/ConfigurationTabs.test.tsx
PASS __tests__/components/layout/RootLayoutContent.test.tsx
PASS __tests__/components/ui/Input.test.tsx
  ● Console

    console.error
      You provided a `value` prop to a form field without an `onChange` handler. This will render a read-only field. If the field should be mutable use `defaultValue`. Otherwise, set either `onChange` or `readOnly`.

      26 |
      27 | function renderWithTheme(component: React.ReactElement) {
    > 28 |   return render(<ThemeProvider theme={theme}>{component}</ThemeProvider>);
         |                ^
      29 | }
      30 |
      31 | describe('Input', () => {

      at checkControlledValueProps (node_modules/.pnpm/react-dom@19.2.3_react@19.2.3/node_modules/react-dom/cjs/react-dom-client.development.js:1425:21)
      at setInitialProperties (node_modules/.pnpm/react-dom@19.2.3_react@19.2.3/node_modules/react-dom/cjs/react-dom-client.development.js:20534:11)
      at completeWork (node_modules/.pnpm/react-dom@19.2.3_react@19.2.3/node_modules/react-dom/cjs/react-dom-client.development.js:12662:18)
      at runWithFiberInDEV (node_modules/.pnpm/react-dom@19.2.3_react@19.2.3/node_modules/react-dom/cjs/react-dom-client.development.js:874:13)
      at completeUnitOfWork (node_modules/.pnpm/react-dom@19.2.3_react@19.2.3/node_modules/react-dom/cjs/react-dom-client.development.js:17777:19)
      at performUnitOfWork (node_modules/.pnpm/react-dom@19.2.3_react@19.2.3/node_modules/react-dom/cjs/react-dom-client.development.js:17658:11)
      at workLoopSync (node_modules/.pnpm/react-dom@19.2.3_react@19.2.3/node_modules/react-dom/cjs/react-dom-client.development.js:17469:41)
      at renderRootSync (node_modules/.pnpm/react-dom@19.2.3_react@19.2.3/node_modules/react-dom/cjs/react-dom-client.development.js:17450:11)
      at performWorkOnRoot (node_modules/.pnpm/react-dom@19.2.3_react@19.2.3/node_modules/react-dom/cjs/react-dom-client.development.js:16504:11)
      at performWorkOnRootViaSchedulerTask (node_modules/.pnpm/react-dom@19.2.3_react@19.2.3/node_modules/react-dom/cjs/react-dom-client.development.js:18957:7)
      at flushActQueue (node_modules/.pnpm/react@19.2.3/node_modules/react/cjs/react.development.js:590:34)
      at process.env.NODE_ENV.exports.act (node_modules/.pnpm/react@19.2.3/node_modules/react/cjs/react.development.js:884:10)
      at node_modules/.pnpm/@testing-library+react@16.3.1_@testing-library+dom@10.4.1_@types+react-dom@19.2.3_@type_68c5b21a70acecf0fbbfd97f51128017/node_modules/@testing-library/react/dist/act-compat.js:46:25
      at renderRoot (node_modules/.pnpm/@testing-library+react@16.3.1_@testing-library+dom@10.4.1_@types+react-dom@19.2.3_@type_68c5b21a70acecf0fbbfd97f51128017/node_modules/@testing-library/react/dist/pure.js:189:26)
      at render (node_modules/.pnpm/@testing-library+react@16.3.1_@testing-library+dom@10.4.1_@types+react-dom@19.2.3_@type_68c5b21a70acecf0fbbfd97f51128017/node_modules/@testing-library/react/dist/pure.js:291:10)
      at renderWithTheme (__tests__/components/ui/Input.test.tsx:28:16)
      at Object.<anonymous> (__tests__/components/ui/Input.test.tsx:51:5)

PASS __tests__/components/layout/SidebarProvider.comprehensive.test.tsx
PASS __tests__/components/layout/Layout.test.tsx
PASS __tests__/components/charts/GPUUMetricsCard.test.tsx
PASS __tests__/components/pages/LogsPage.test.tsx
PASS __tests__/components/pages/SettingsSystem.test.tsx
PASS __tests__/components/pages/settings/SettingsFeatures.test.tsx
PASS __tests__/components/configuration/hooks/useConfigurationForm.test.ts
  ● Console

    console.error
      Failed to load server config: TypeError: Cannot read properties of undefined (reading 'ok')
          at loadServerConfig (/home/bamer/nextjs-llama-async-proxy/src/components/configuration/hooks/useConfigurationForm.ts:38:20)
          at processTicksAndRejections (node:internal/process/task_queues:103:5)

      53 |       }
      54 |     } catch (error) {
    > 55 |       console.error("Failed to load server config:", error);
         |               ^
      56 |     } finally {
      57 |       setIsLoadingConfig(false);
      58 |     }

      at loadServerConfig (src/components/configuration/hooks/useConfigurationForm.ts:55:15)

    console.error
      An update to TestComponent inside a test was not wrapped in act(...).
      
      When testing, code that causes React state updates should be wrapped into act(...):
      
      act(() => {
        /* fire events that update state */
      });
      /* assert on the output */
      
      This ensures that you're testing the behavior the user would see in the browser. Learn more at https://react.dev/link/wrap-tests-with-act

      55 |       console.error("Failed to load server config:", error);
      56 |     } finally {
    > 57 |       setIsLoadingConfig(false);
         |       ^
      58 |     }
      59 |   };
      60 |

      at node_modules/.pnpm/react-dom@19.2.3_react@19.2.3/node_modules/react-dom/cjs/react-dom-client.development.js:18758:19
      at runWithFiberInDEV (node_modules/.pnpm/react-dom@19.2.3_react@19.2.3/node_modules/react-dom/cjs/react-dom-client.development.js:874:13)
      at warnIfUpdatesNotWrappedWithActDEV (node_modules/.pnpm/react-dom@19.2.3_react@19.2.3/node_modules/react-dom/cjs/react-dom-client.development.js:18757:9)
      at scheduleUpdateOnFiber (node_modules/.pnpm/react-dom@19.2.3_react@19.2.3/node_modules/react-dom/cjs/react-dom-client.development.js:16409:11)
      at dispatchSetStateInternal (node_modules/.pnpm/react-dom@19.2.3_react@19.2.3/node_modules/react-dom/cjs/react-dom-client.development.js:9170:13)
      at dispatchSetState (node_modules/.pnpm/react-dom@19.2.3_react@19.2.3/node_modules/react-dom/cjs/react-dom-client.development.js:9127:7)
      at loadServerConfig (src/components/configuration/hooks/useConfigurationForm.ts:57:7)

    console.error
      Failed to load server config: Error: Network error
          at Object.<anonymous> (/home/bamer/nextjs-llama-async-proxy/__tests__/components/configuration/hooks/useConfigurationForm.test.ts:77:55)
          at Promise.finally.completed (/home/bamer/nextjs-llama-async-proxy/node_modules/.pnpm/jest-circus@30.2.0_babel-plugin-macros@3.1.0/node_modules/jest-circus/build/jestAdapterInit.js:1557:28)
          at new Promise (<anonymous>)
          at callAsyncCircusFn (/home/bamer/nextjs-llama-async-proxy/node_modules/.pnpm/jest-circus@30.2.0_babel-plugin-macros@3.1.0/node_modules/jest-circus/build/jestAdapterInit.js:1497:10)
          at _callCircusTest (/home/bamer/nextjs-llama-async-proxy/node_modules/.pnpm/jest-circus@30.2.0_babel-plugin-macros@3.1.0/node_modules/jest-circus/build/jestAdapterInit.js:1007:40)
          at _runTest (/home/bamer/nextjs-llama-async-proxy/node_modules/.pnpm/jest-circus@30.2.0_babel-plugin-macros@3.1.0/node_modules/jest-circus/build/jestAdapterInit.js:947:3)
          at /home/bamer/nextjs-llama-async-proxy/node_modules/.pnpm/jest-circus@30.2.0_babel-plugin-macros@3.1.0/node_modules/jest-circus/build/jestAdapterInit.js:849:7
          at _runTestsForDescribeBlock (/home/bamer/nextjs-llama-async-proxy/node_modules/.pnpm/jest-circus@30.2.0_babel-plugin-macros@3.1.0/node_modules/jest-circus/build/jestAdapterInit.js:862:11)
          at _runTestsForDescribeBlock (/home/bamer/nextjs-llama-async-proxy/node_modules/.pnpm/jest-circus@30.2.0_babel-plugin-macros@3.1.0/node_modules/jest-circus/build/jestAdapterInit.js:857:11)
          at run (/home/bamer/nextjs-llama-async-proxy/node_modules/.pnpm/jest-circus@30.2.0_babel-plugin-macros@3.1.0/node_modules/jest-circus/build/jestAdapterInit.js:761:3)
          at runAndTransformResultsToJestFormat (/home/bamer/nextjs-llama-async-proxy/node_modules/.pnpm/jest-circus@30.2.0_babel-plugin-macros@3.1.0/node_modules/jest-circus/build/jestAdapterInit.js:1918:21)
          at jestAdapter (/home/bamer/nextjs-llama-async-proxy/node_modules/.pnpm/jest-circus@30.2.0_babel-plugin-macros@3.1.0/node_modules/jest-circus/build/runner.js:101:19)
          at runTestInternal (/home/bamer/nextjs-llama-async-proxy/node_modules/.pnpm/jest-runner@30.2.0/node_modules/jest-runner/build/testWorker.js:275:16)
          at runTest (/home/bamer/nextjs-llama-async-proxy/node_modules/.pnpm/jest-runner@30.2.0/node_modules/jest-runner/build/testWorker.js:343:7)
          at Object.worker (/home/bamer/nextjs-llama-async-proxy/node_modules/.pnpm/jest-runner@30.2.0/node_modules/jest-runner/build/testWorker.js:497:12)

      53 |       }
      54 |     } catch (error) {
    > 55 |       console.error("Failed to load server config:", error);
         |               ^
      56 |     } finally {
      57 |       setIsLoadingConfig(false);
      58 |     }

      at loadServerConfig (src/components/configuration/hooks/useConfigurationForm.ts:55:15)

    console.error
      Save error: Error: Validation failed
          at Object.handleSave (/home/bamer/nextjs-llama-async-proxy/src/components/configuration/hooks/useConfigurationForm.ts:139:15)
          at /home/bamer/nextjs-llama-async-proxy/__tests__/components/configuration/hooks/useConfigurationForm.test.ts:101:22
          at /home/bamer/nextjs-llama-async-proxy/node_modules/.pnpm/@testing-library+react@16.3.1_@testing-library+dom@10.4.1_@types+react-dom@19.2.3_@type_68c5b21a70acecf0fbbfd97f51128017/node_modules/@testing-library/react/dist/act-compat.js:47:24
          at process.env.NODE_ENV.exports.act (/home/bamer/nextjs-llama-async-proxy/node_modules/.pnpm/react@19.2.3/node_modules/react/cjs/react.development.js:814:22)
          at /home/bamer/nextjs-llama-async-proxy/node_modules/.pnpm/@testing-library+react@16.3.1_@testing-library+dom@10.4.1_@types+react-dom@19.2.3_@type_68c5b21a70acecf0fbbfd97f51128017/node_modules/@testing-library/react/dist/act-compat.js:46:25
          at Object.<anonymous> (/home/bamer/nextjs-llama-async-proxy/__tests__/components/configuration/hooks/useConfigurationForm.test.ts:100:8)

      166 |       setTimeout(() => setSaveSuccess(false), 3000);
      167 |     } catch (err) {
    > 168 |       console.error("Save error:", err);
          |               ^
      169 |     } finally {
      170 |       setIsSaving(false);
      171 |     }

      at Object.handleSave (src/components/configuration/hooks/useConfigurationForm.ts:168:15)
      at __tests__/components/configuration/hooks/useConfigurationForm.test.ts:101:22
      at node_modules/.pnpm/@testing-library+react@16.3.1_@testing-library+dom@10.4.1_@types+react-dom@19.2.3_@type_68c5b21a70acecf0fbbfd97f51128017/node_modules/@testing-library/react/dist/act-compat.js:47:24
      at process.env.NODE_ENV.exports.act (node_modules/.pnpm/react@19.2.3/node_modules/react/cjs/react.development.js:814:22)
      at node_modules/.pnpm/@testing-library+react@16.3.1_@testing-library+dom@10.4.1_@types+react-dom@19.2.3_@type_68c5b21a70acecf0fbbfd97f51128017/node_modules/@testing-library/react/dist/act-compat.js:46:25
      at Object.<anonymous> (__tests__/components/configuration/hooks/useConfigurationForm.test.ts:100:8)

    console.error
      Save error: Error: Validation failed
          at Object.handleSave (/home/bamer/nextjs-llama-async-proxy/src/components/configuration/hooks/useConfigurationForm.ts:139:15)
          at /home/bamer/nextjs-llama-async-proxy/__tests__/components/configuration/hooks/useConfigurationForm.test.ts:129:22
          at /home/bamer/nextjs-llama-async-proxy/node_modules/.pnpm/@testing-library+react@16.3.1_@testing-library+dom@10.4.1_@types+react-dom@19.2.3_@type_68c5b21a70acecf0fbbfd97f51128017/node_modules/@testing-library/react/dist/act-compat.js:47:24
          at process.env.NODE_ENV.exports.act (/home/bamer/nextjs-llama-async-proxy/node_modules/.pnpm/react@19.2.3/node_modules/react/cjs/react.development.js:814:22)
          at /home/bamer/nextjs-llama-async-proxy/node_modules/.pnpm/@testing-library+react@16.3.1_@testing-library+dom@10.4.1_@types+react-dom@19.2.3_@type_68c5b21a70acecf0fbbfd97f51128017/node_modules/@testing-library/react/dist/act-compat.js:46:25
          at Object.<anonymous> (/home/bamer/nextjs-llama-async-proxy/__tests__/components/configuration/hooks/useConfigurationForm.test.ts:124:8)

      166 |       setTimeout(() => setSaveSuccess(false), 3000);
      167 |     } catch (err) {
    > 168 |       console.error("Save error:", err);
          |               ^
      169 |     } finally {
      170 |       setIsSaving(false);
      171 |     }

      at Object.handleSave (src/components/configuration/hooks/useConfigurationForm.ts:168:15)
      at __tests__/components/configuration/hooks/useConfigurationForm.test.ts:129:22
      at node_modules/.pnpm/@testing-library+react@16.3.1_@testing-library+dom@10.4.1_@types+react-dom@19.2.3_@type_68c5b21a70acecf0fbbfd97f51128017/node_modules/@testing-library/react/dist/act-compat.js:47:24
      at process.env.NODE_ENV.exports.act (node_modules/.pnpm/react@19.2.3/node_modules/react/cjs/react.development.js:814:22)
      at node_modules/.pnpm/@testing-library+react@16.3.1_@testing-library+dom@10.4.1_@types+react-dom@19.2.3_@type_68c5b21a70acecf0fbbfd97f51128017/node_modules/@testing-library/react/dist/act-compat.js:46:25
      at Object.<anonymous> (__tests__/components/configuration/hooks/useConfigurationForm.test.ts:124:8)

    console.error
      Save error: Error: Validation failed
          at Object.handleSave (/home/bamer/nextjs-llama-async-proxy/src/components/configuration/hooks/useConfigurationForm.ts:139:15)
          at /home/bamer/nextjs-llama-async-proxy/__tests__/components/configuration/hooks/useConfigurationForm.test.ts:157:22
          at /home/bamer/nextjs-llama-async-proxy/node_modules/.pnpm/@testing-library+react@16.3.1_@testing-library+dom@10.4.1_@types+react-dom@19.2.3_@type_68c5b21a70acecf0fbbfd97f51128017/node_modules/@testing-library/react/dist/act-compat.js:47:24
          at process.env.NODE_ENV.exports.act (/home/bamer/nextjs-llama-async-proxy/node_modules/.pnpm/react@19.2.3/node_modules/react/cjs/react.development.js:814:22)
          at /home/bamer/nextjs-llama-async-proxy/node_modules/.pnpm/@testing-library+react@16.3.1_@testing-library+dom@10.4.1_@types+react-dom@19.2.3_@type_68c5b21a70acecf0fbbfd97f51128017/node_modules/@testing-library/react/dist/act-compat.js:46:25
          at Object.<anonymous> (/home/bamer/nextjs-llama-async-proxy/__tests__/components/configuration/hooks/useConfigurationForm.test.ts:152:8)

      166 |       setTimeout(() => setSaveSuccess(false), 3000);
      167 |     } catch (err) {
    > 168 |       console.error("Save error:", err);
          |               ^
      169 |     } finally {
      170 |       setIsSaving(false);
      171 |     }

      at Object.handleSave (src/components/configuration/hooks/useConfigurationForm.ts:168:15)
      at __tests__/components/configuration/hooks/useConfigurationForm.test.ts:157:22
      at node_modules/.pnpm/@testing-library+react@16.3.1_@testing-library+dom@10.4.1_@types+react-dom@19.2.3_@type_68c5b21a70acecf0fbbfd97f51128017/node_modules/@testing-library/react/dist/act-compat.js:47:24
      at process.env.NODE_ENV.exports.act (node_modules/.pnpm/react@19.2.3/node_modules/react/cjs/react.development.js:814:22)
      at node_modules/.pnpm/@testing-library+react@16.3.1_@testing-library+dom@10.4.1_@types+react-dom@19.2.3_@type_68c5b21a70acecf0fbbfd97f51128017/node_modules/@testing-library/react/dist/act-compat.js:46:25
      at Object.<anonymous> (__tests__/components/configuration/hooks/useConfigurationForm.test.ts:152:8)

    console.error
      Failed to load server config: TypeError: Cannot read properties of undefined (reading 'ok')
          at loadServerConfig (/home/bamer/nextjs-llama-async-proxy/src/components/configuration/hooks/useConfigurationForm.ts:38:20)

      53 |       }
      54 |     } catch (error) {
    > 55 |       console.error("Failed to load server config:", error);
         |               ^
      56 |     } finally {
      57 |       setIsLoadingConfig(false);
      58 |     }

      at loadServerConfig (src/components/configuration/hooks/useConfigurationForm.ts:55:15)

    console.error
      An update to TestComponent inside a test was not wrapped in act(...).
      
      When testing, code that causes React state updates should be wrapped into act(...):
      
      act(() => {
        /* fire events that update state */
      });
      /* assert on the output */
      
      This ensures that you're testing the behavior the user would see in the browser. Learn more at https://react.dev/link/wrap-tests-with-act

      55 |       console.error("Failed to load server config:", error);
      56 |     } finally {
    > 57 |       setIsLoadingConfig(false);
         |       ^
      58 |     }
      59 |   };
      60 |

      at node_modules/.pnpm/react-dom@19.2.3_react@19.2.3/node_modules/react-dom/cjs/react-dom-client.development.js:18758:19
      at runWithFiberInDEV (node_modules/.pnpm/react-dom@19.2.3_react@19.2.3/node_modules/react-dom/cjs/react-dom-client.development.js:874:13)
      at warnIfUpdatesNotWrappedWithActDEV (node_modules/.pnpm/react-dom@19.2.3_react@19.2.3/node_modules/react-dom/cjs/react-dom-client.development.js:18757:9)
      at scheduleUpdateOnFiber (node_modules/.pnpm/react-dom@19.2.3_react@19.2.3/node_modules/react-dom/cjs/react-dom-client.development.js:16409:11)
      at dispatchSetStateInternal (node_modules/.pnpm/react-dom@19.2.3_react@19.2.3/node_modules/react-dom/cjs/react-dom-client.development.js:9170:13)
      at dispatchSetState (node_modules/.pnpm/react-dom@19.2.3_react@19.2.3/node_modules/react-dom/cjs/react-dom-client.development.js:9127:7)
      at loadServerConfig (src/components/configuration/hooks/useConfigurationForm.ts:57:7)

    console.error
      Failed to load server config: TypeError: Cannot read properties of undefined (reading 'ok')
          at loadServerConfig (/home/bamer/nextjs-llama-async-proxy/src/components/configuration/hooks/useConfigurationForm.ts:38:20)

      53 |       }
      54 |     } catch (error) {
    > 55 |       console.error("Failed to load server config:", error);
         |               ^
      56 |     } finally {
      57 |       setIsLoadingConfig(false);
      58 |     }

      at loadServerConfig (src/components/configuration/hooks/useConfigurationForm.ts:55:15)

    console.error
      An update to TestComponent inside a test was not wrapped in act(...).
      
      When testing, code that causes React state updates should be wrapped into act(...):
      
      act(() => {
        /* fire events that update state */
      });
      /* assert on the output */
      
      This ensures that you're testing the behavior the user would see in the browser. Learn more at https://react.dev/link/wrap-tests-with-act

      55 |       console.error("Failed to load server config:", error);
      56 |     } finally {
    > 57 |       setIsLoadingConfig(false);
         |       ^
      58 |     }
      59 |   };
      60 |

      at node_modules/.pnpm/react-dom@19.2.3_react@19.2.3/node_modules/react-dom/cjs/react-dom-client.development.js:18758:19
      at runWithFiberInDEV (node_modules/.pnpm/react-dom@19.2.3_react@19.2.3/node_modules/react-dom/cjs/react-dom-client.development.js:874:13)
      at warnIfUpdatesNotWrappedWithActDEV (node_modules/.pnpm/react-dom@19.2.3_react@19.2.3/node_modules/react-dom/cjs/react-dom-client.development.js:18757:9)
      at scheduleUpdateOnFiber (node_modules/.pnpm/react-dom@19.2.3_react@19.2.3/node_modules/react-dom/cjs/react-dom-client.development.js:16409:11)
      at dispatchSetStateInternal (node_modules/.pnpm/react-dom@19.2.3_react@19.2.3/node_modules/react-dom/cjs/react-dom-client.development.js:9170:13)
      at dispatchSetState (node_modules/.pnpm/react-dom@19.2.3_react@19.2.3/node_modules/react-dom/cjs/react-dom-client.development.js:9127:7)
      at loadServerConfig (src/components/configuration/hooks/useConfigurationForm.ts:57:7)

    console.error
      Failed to load server config: TypeError: Cannot read properties of undefined (reading 'ok')
          at loadServerConfig (/home/bamer/nextjs-llama-async-proxy/src/components/configuration/hooks/useConfigurationForm.ts:38:20)

      53 |       }
      54 |     } catch (error) {
    > 55 |       console.error("Failed to load server config:", error);
         |               ^
      56 |     } finally {
      57 |       setIsLoadingConfig(false);
      58 |     }

      at loadServerConfig (src/components/configuration/hooks/useConfigurationForm.ts:55:15)

    console.error
      An update to TestComponent inside a test was not wrapped in act(...).
      
      When testing, code that causes React state updates should be wrapped into act(...):
      
      act(() => {
        /* fire events that update state */
      });
      /* assert on the output */
      
      This ensures that you're testing the behavior the user would see in the browser. Learn more at https://react.dev/link/wrap-tests-with-act

      55 |       console.error("Failed to load server config:", error);
      56 |     } finally {
    > 57 |       setIsLoadingConfig(false);
         |       ^
      58 |     }
      59 |   };
      60 |

      at node_modules/.pnpm/react-dom@19.2.3_react@19.2.3/node_modules/react-dom/cjs/react-dom-client.development.js:18758:19
      at runWithFiberInDEV (node_modules/.pnpm/react-dom@19.2.3_react@19.2.3/node_modules/react-dom/cjs/react-dom-client.development.js:874:13)
      at warnIfUpdatesNotWrappedWithActDEV (node_modules/.pnpm/react-dom@19.2.3_react@19.2.3/node_modules/react-dom/cjs/react-dom-client.development.js:18757:9)
      at scheduleUpdateOnFiber (node_modules/.pnpm/react-dom@19.2.3_react@19.2.3/node_modules/react-dom/cjs/react-dom-client.development.js:16409:11)
      at dispatchSetStateInternal (node_modules/.pnpm/react-dom@19.2.3_react@19.2.3/node_modules/react-dom/cjs/react-dom-client.development.js:9170:13)
      at dispatchSetState (node_modules/.pnpm/react-dom@19.2.3_react@19.2.3/node_modules/react-dom/cjs/react-dom-client.development.js:9127:7)
      at loadServerConfig (src/components/configuration/hooks/useConfigurationForm.ts:57:7)

    console.error
      Failed to load server config: TypeError: Cannot read properties of undefined (reading 'ok')
          at loadServerConfig (/home/bamer/nextjs-llama-async-proxy/src/components/configuration/hooks/useConfigurationForm.ts:38:20)

      53 |       }
      54 |     } catch (error) {
    > 55 |       console.error("Failed to load server config:", error);
         |               ^
      56 |     } finally {
      57 |       setIsLoadingConfig(false);
      58 |     }

      at loadServerConfig (src/components/configuration/hooks/useConfigurationForm.ts:55:15)

    console.error
      An update to TestComponent inside a test was not wrapped in act(...).
      
      When testing, code that causes React state updates should be wrapped into act(...):
      
      act(() => {
        /* fire events that update state */
      });
      /* assert on the output */
      
      This ensures that you're testing the behavior the user would see in the browser. Learn more at https://react.dev/link/wrap-tests-with-act

      55 |       console.error("Failed to load server config:", error);
      56 |     } finally {
    > 57 |       setIsLoadingConfig(false);
         |       ^
      58 |     }
      59 |   };
      60 |

      at node_modules/.pnpm/react-dom@19.2.3_react@19.2.3/node_modules/react-dom/cjs/react-dom-client.development.js:18758:19
      at runWithFiberInDEV (node_modules/.pnpm/react-dom@19.2.3_react@19.2.3/node_modules/react-dom/cjs/react-dom-client.development.js:874:13)
      at warnIfUpdatesNotWrappedWithActDEV (node_modules/.pnpm/react-dom@19.2.3_react@19.2.3/node_modules/react-dom/cjs/react-dom-client.development.js:18757:9)
      at scheduleUpdateOnFiber (node_modules/.pnpm/react-dom@19.2.3_react@19.2.3/node_modules/react-dom/cjs/react-dom-client.development.js:16409:11)
      at dispatchSetStateInternal (node_modules/.pnpm/react-dom@19.2.3_react@19.2.3/node_modules/react-dom/cjs/react-dom-client.development.js:9170:13)
      at dispatchSetState (node_modules/.pnpm/react-dom@19.2.3_react@19.2.3/node_modules/react-dom/cjs/react-dom-client.development.js:9127:7)
      at loadServerConfig (src/components/configuration/hooks/useConfigurationForm.ts:57:7)

    console.error
      Failed to load server config: TypeError: Cannot read properties of undefined (reading 'ok')
          at loadServerConfig (/home/bamer/nextjs-llama-async-proxy/src/components/configuration/hooks/useConfigurationForm.ts:38:20)

      53 |       }
      54 |     } catch (error) {
    > 55 |       console.error("Failed to load server config:", error);
         |               ^
      56 |     } finally {
      57 |       setIsLoadingConfig(false);
      58 |     }

      at loadServerConfig (src/components/configuration/hooks/useConfigurationForm.ts:55:15)

    console.error
      An update to TestComponent inside a test was not wrapped in act(...).
      
      When testing, code that causes React state updates should be wrapped into act(...):
      
      act(() => {
        /* fire events that update state */
      });
      /* assert on the output */
      
      This ensures that you're testing the behavior the user would see in the browser. Learn more at https://react.dev/link/wrap-tests-with-act

      55 |       console.error("Failed to load server config:", error);
      56 |     } finally {
    > 57 |       setIsLoadingConfig(false);
         |       ^
      58 |     }
      59 |   };
      60 |

      at node_modules/.pnpm/react-dom@19.2.3_react@19.2.3/node_modules/react-dom/cjs/react-dom-client.development.js:18758:19
      at runWithFiberInDEV (node_modules/.pnpm/react-dom@19.2.3_react@19.2.3/node_modules/react-dom/cjs/react-dom-client.development.js:874:13)
      at warnIfUpdatesNotWrappedWithActDEV (node_modules/.pnpm/react-dom@19.2.3_react@19.2.3/node_modules/react-dom/cjs/react-dom-client.development.js:18757:9)
      at scheduleUpdateOnFiber (node_modules/.pnpm/react-dom@19.2.3_react@19.2.3/node_modules/react-dom/cjs/react-dom-client.development.js:16409:11)
      at dispatchSetStateInternal (node_modules/.pnpm/react-dom@19.2.3_react@19.2.3/node_modules/react-dom/cjs/react-dom-client.development.js:9170:13)
      at dispatchSetState (node_modules/.pnpm/react-dom@19.2.3_react@19.2.3/node_modules/react-dom/cjs/react-dom-client.development.js:9127:7)
      at loadServerConfig (src/components/configuration/hooks/useConfigurationForm.ts:57:7)

    console.error
      Save error: Error: Validation failed
          at Object.handleSave (/home/bamer/nextjs-llama-async-proxy/src/components/configuration/hooks/useConfigurationForm.ts:139:15)
          at /home/bamer/nextjs-llama-async-proxy/__tests__/components/configuration/hooks/useConfigurationForm.test.ts:323:22
          at /home/bamer/nextjs-llama-async-proxy/node_modules/.pnpm/@testing-library+react@16.3.1_@testing-library+dom@10.4.1_@types+react-dom@19.2.3_@type_68c5b21a70acecf0fbbfd97f51128017/node_modules/@testing-library/react/dist/act-compat.js:47:24
          at process.env.NODE_ENV.exports.act (/home/bamer/nextjs-llama-async-proxy/node_modules/.pnpm/react@19.2.3/node_modules/react/cjs/react.development.js:814:22)
          at /home/bamer/nextjs-llama-async-proxy/node_modules/.pnpm/@testing-library+react@16.3.1_@testing-library+dom@10.4.1_@types+react-dom@19.2.3_@type_68c5b21a70acecf0fbbfd97f51128017/node_modules/@testing-library/react/dist/act-compat.js:46:25
          at Object.<anonymous> (/home/bamer/nextjs-llama-async-proxy/__tests__/components/configuration/hooks/useConfigurationForm.test.ts:322:8)

      166 |       setTimeout(() => setSaveSuccess(false), 3000);
      167 |     } catch (err) {
    > 168 |       console.error("Save error:", err);
          |               ^
      169 |     } finally {
      170 |       setIsSaving(false);
      171 |     }

      at Object.handleSave (src/components/configuration/hooks/useConfigurationForm.ts:168:15)
      at __tests__/components/configuration/hooks/useConfigurationForm.test.ts:323:22
      at node_modules/.pnpm/@testing-library+react@16.3.1_@testing-library+dom@10.4.1_@types+react-dom@19.2.3_@type_68c5b21a70acecf0fbbfd97f51128017/node_modules/@testing-library/react/dist/act-compat.js:47:24
      at process.env.NODE_ENV.exports.act (node_modules/.pnpm/react@19.2.3/node_modules/react/cjs/react.development.js:814:22)
      at node_modules/.pnpm/@testing-library+react@16.3.1_@testing-library+dom@10.4.1_@types+react-dom@19.2.3_@type_68c5b21a70acecf0fbbfd97f51128017/node_modules/@testing-library/react/dist/act-compat.js:46:25
      at Object.<anonymous> (__tests__/components/configuration/hooks/useConfigurationForm.test.ts:322:8)

    console.error
      Save error: Error: Validation failed
          at Object.handleSave (/home/bamer/nextjs-llama-async-proxy/src/components/configuration/hooks/useConfigurationForm.ts:139:15)
          at /home/bamer/nextjs-llama-async-proxy/__tests__/components/configuration/hooks/useConfigurationForm.test.ts:369:22
          at /home/bamer/nextjs-llama-async-proxy/node_modules/.pnpm/@testing-library+react@16.3.1_@testing-library+dom@10.4.1_@types+react-dom@19.2.3_@type_68c5b21a70acecf0fbbfd97f51128017/node_modules/@testing-library/react/dist/act-compat.js:47:24
          at process.env.NODE_ENV.exports.act (/home/bamer/nextjs-llama-async-proxy/node_modules/.pnpm/react@19.2.3/node_modules/react/cjs/react.development.js:814:22)
          at /home/bamer/nextjs-llama-async-proxy/node_modules/.pnpm/@testing-library+react@16.3.1_@testing-library+dom@10.4.1_@types+react-dom@19.2.3_@type_68c5b21a70acecf0fbbfd97f51128017/node_modules/@testing-library/react/dist/act-compat.js:46:25
          at Object.<anonymous> (/home/bamer/nextjs-llama-async-proxy/__tests__/components/configuration/hooks/useConfigurationForm.test.ts:368:8)

      166 |       setTimeout(() => setSaveSuccess(false), 3000);
      167 |     } catch (err) {
    > 168 |       console.error("Save error:", err);
          |               ^
      169 |     } finally {
      170 |       setIsSaving(false);
      171 |     }

      at Object.handleSave (src/components/configuration/hooks/useConfigurationForm.ts:168:15)
      at __tests__/components/configuration/hooks/useConfigurationForm.test.ts:369:22
      at node_modules/.pnpm/@testing-library+react@16.3.1_@testing-library+dom@10.4.1_@types+react-dom@19.2.3_@type_68c5b21a70acecf0fbbfd97f51128017/node_modules/@testing-library/react/dist/act-compat.js:47:24
      at process.env.NODE_ENV.exports.act (node_modules/.pnpm/react@19.2.3/node_modules/react/cjs/react.development.js:814:22)
      at node_modules/.pnpm/@testing-library+react@16.3.1_@testing-library+dom@10.4.1_@types+react-dom@19.2.3_@type_68c5b21a70acecf0fbbfd97f51128017/node_modules/@testing-library/react/dist/act-compat.js:46:25
      at Object.<anonymous> (__tests__/components/configuration/hooks/useConfigurationForm.test.ts:368:8)

    console.error
      Save error: Error: Validation failed
          at Object.handleSave (/home/bamer/nextjs-llama-async-proxy/src/components/configuration/hooks/useConfigurationForm.ts:139:15)
          at /home/bamer/nextjs-llama-async-proxy/__tests__/components/configuration/hooks/useConfigurationForm.test.ts:502:22
          at /home/bamer/nextjs-llama-async-proxy/node_modules/.pnpm/@testing-library+react@16.3.1_@testing-library+dom@10.4.1_@types+react-dom@19.2.3_@type_68c5b21a70acecf0fbbfd97f51128017/node_modules/@testing-library/react/dist/act-compat.js:47:24
          at process.env.NODE_ENV.exports.act (/home/bamer/nextjs-llama-async-proxy/node_modules/.pnpm/react@19.2.3/node_modules/react/cjs/react.development.js:814:22)
          at /home/bamer/nextjs-llama-async-proxy/node_modules/.pnpm/@testing-library+react@16.3.1_@testing-library+dom@10.4.1_@types+react-dom@19.2.3_@type_68c5b21a70acecf0fbbfd97f51128017/node_modules/@testing-library/react/dist/act-compat.js:46:25
          at Object.<anonymous> (/home/bamer/nextjs-llama-async-proxy/__tests__/components/configuration/hooks/useConfigurationForm.test.ts:495:8)

      166 |       setTimeout(() => setSaveSuccess(false), 3000);
      167 |     } catch (err) {
    > 168 |       console.error("Save error:", err);
          |               ^
      169 |     } finally {
      170 |       setIsSaving(false);
      171 |     }

      at Object.handleSave (src/components/configuration/hooks/useConfigurationForm.ts:168:15)
      at __tests__/components/configuration/hooks/useConfigurationForm.test.ts:502:22
      at node_modules/.pnpm/@testing-library+react@16.3.1_@testing-library+dom@10.4.1_@types+react-dom@19.2.3_@type_68c5b21a70acecf0fbbfd97f51128017/node_modules/@testing-library/react/dist/act-compat.js:47:24
      at process.env.NODE_ENV.exports.act (node_modules/.pnpm/react@19.2.3/node_modules/react/cjs/react.development.js:814:22)
      at node_modules/.pnpm/@testing-library+react@16.3.1_@testing-library+dom@10.4.1_@types+react-dom@19.2.3_@type_68c5b21a70acecf0fbbfd97f51128017/node_modules/@testing-library/react/dist/act-compat.js:46:25
      at Object.<anonymous> (__tests__/components/configuration/hooks/useConfigurationForm.test.ts:495:8)

PASS __tests__/components/animate/motion-lazy-container.test.tsx
PASS __tests__/providers/app-provider.test.tsx
  ● Console

    console.error
      Functions are not valid as a React child. This may happen if you return children instead of <children /> from render. Or maybe you meant to call this function rather than return it.
        <div>{children}</div>

      253 |
      254 |   it("renders with function children (if supported)", () => {
    > 255 |     const { container } = render(
          |                                 ^
      256 |       <AppProvider>
      257 |         {() => <div>Function Child</div>}
      258 |       </AppProvider>

      at warnOnFunctionTypeImpl (node_modules/.pnpm/react-dom@19.2.3_react@19.2.3/node_modules/react-dom/cjs/react-dom-client.development.js:6128:21)
      at warnOnFunctionType (node_modules/.pnpm/react-dom@19.2.3_react@19.2.3/node_modules/react-dom/cjs/react-dom-client.development.js:6143:11)
      at reconcileChildFibersImpl (node_modules/.pnpm/react-dom@19.2.3_react@19.2.3/node_modules/react-dom/cjs/react-dom-client.development.js:7089:11)
      at node_modules/.pnpm/react-dom@19.2.3_react@19.2.3/node_modules/react-dom/cjs/react-dom-client.development.js:7098:33
      at reconcileChildren (node_modules/.pnpm/react-dom@19.2.3_react@19.2.3/node_modules/react-dom/cjs/react-dom-client.development.js:9701:13)
      at beginWork (node_modules/.pnpm/react-dom@19.2.3_react@19.2.3/node_modules/react-dom/cjs/react-dom-client.development.js:12049:13)
      at runWithFiberInDEV (node_modules/.pnpm/react-dom@19.2.3_react@19.2.3/node_modules/react-dom/cjs/react-dom-client.development.js:874:13)
      at performUnitOfWork (node_modules/.pnpm/react-dom@19.2.3_react@19.2.3/node_modules/react-dom/cjs/react-dom-client.development.js:17641:22)
      at workLoopSync (node_modules/.pnpm/react-dom@19.2.3_react@19.2.3/node_modules/react-dom/cjs/react-dom-client.development.js:17469:41)
      at renderRootSync (node_modules/.pnpm/react-dom@19.2.3_react@19.2.3/node_modules/react-dom/cjs/react-dom-client.development.js:17450:11)
      at performWorkOnRoot (node_modules/.pnpm/react-dom@19.2.3_react@19.2.3/node_modules/react-dom/cjs/react-dom-client.development.js:16504:11)
      at performWorkOnRootViaSchedulerTask (node_modules/.pnpm/react-dom@19.2.3_react@19.2.3/node_modules/react-dom/cjs/react-dom-client.development.js:18957:7)
      at flushActQueue (node_modules/.pnpm/react@19.2.3/node_modules/react/cjs/react.development.js:590:34)
      at process.env.NODE_ENV.exports.act (node_modules/.pnpm/react@19.2.3/node_modules/react/cjs/react.development.js:884:10)
      at node_modules/.pnpm/@testing-library+react@16.3.1_@testing-library+dom@10.4.1_@types+react-dom@19.2.3_@type_68c5b21a70acecf0fbbfd97f51128017/node_modules/@testing-library/react/dist/act-compat.js:46:25
      at renderRoot (node_modules/.pnpm/@testing-library+react@16.3.1_@testing-library+dom@10.4.1_@types+react-dom@19.2.3_@type_68c5b21a70acecf0fbbfd97f51128017/node_modules/@testing-library/react/dist/pure.js:189:26)
      at render (node_modules/.pnpm/@testing-library+react@16.3.1_@testing-library+dom@10.4.1_@types+react-dom@19.2.3_@type_68c5b21a70acecf0fbbfd97f51128017/node_modules/@testing-library/react/dist/pure.js:291:10)
      at Object.<anonymous> (__tests__/providers/app-provider.test.tsx:255:33)

PASS __tests__/components/configuration/ConfigurationHeader.test.tsx
PASS __tests__/hooks/use-websocket.test.ts
PASS __tests__/components/dashboard/ModelsListCard.test.tsx (20.112 s)
PASS __tests__/hooks/useSystemMetrics.test.ts
  ● Console

    console.error
      An update to TestComponent inside a test was not wrapped in act(...).
      
      When testing, code that causes React state updates should be wrapped into act(...):
      
      act(() => {
        /* fire events that update state */
      });
      /* assert on the output */
      
      This ensures that you're testing the behavior the user would see in the browser. Learn more at https://react.dev/link/wrap-tests-with-act

      28 |         setError(null);
      29 |       } catch (err) {
    > 30 |         setError(err instanceof Error ? err.message : 'Unknown error');
         |         ^
      31 |         setMetrics(null);
      32 |       } finally {
      33 |         setLoading(false);

      at node_modules/.pnpm/react-dom@19.2.3_react@19.2.3/node_modules/react-dom/cjs/react-dom-client.development.js:18758:19
      at runWithFiberInDEV (node_modules/.pnpm/react-dom@19.2.3_react@19.2.3/node_modules/react-dom/cjs/react-dom-client.development.js:874:13)
      at warnIfUpdatesNotWrappedWithActDEV (node_modules/.pnpm/react-dom@19.2.3_react@19.2.3/node_modules/react-dom/cjs/react-dom-client.development.js:18757:9)
      at scheduleUpdateOnFiber (node_modules/.pnpm/react-dom@19.2.3_react@19.2.3/node_modules/react-dom/cjs/react-dom-client.development.js:16409:11)
      at dispatchSetStateInternal (node_modules/.pnpm/react-dom@19.2.3_react@19.2.3/node_modules/react-dom/cjs/react-dom-client.development.js:9170:13)
      at dispatchSetState (node_modules/.pnpm/react-dom@19.2.3_react@19.2.3/node_modules/react-dom/cjs/react-dom-client.development.js:9127:7)
      at fetchMetrics (src/hooks/useSystemMetrics.ts:30:9)

    console.error
      An update to TestComponent inside a test was not wrapped in act(...).
      
      When testing, code that causes React state updates should be wrapped into act(...):
      
      act(() => {
        /* fire events that update state */
      });
      /* assert on the output */
      
      This ensures that you're testing the behavior the user would see in the browser. Learn more at https://react.dev/link/wrap-tests-with-act

      29 |       } catch (err) {
      30 |         setError(err instanceof Error ? err.message : 'Unknown error');
    > 31 |         setMetrics(null);
         |         ^
      32 |       } finally {
      33 |         setLoading(false);
      34 |       }

      at node_modules/.pnpm/react-dom@19.2.3_react@19.2.3/node_modules/react-dom/cjs/react-dom-client.development.js:18758:19
      at runWithFiberInDEV (node_modules/.pnpm/react-dom@19.2.3_react@19.2.3/node_modules/react-dom/cjs/react-dom-client.development.js:874:13)
      at warnIfUpdatesNotWrappedWithActDEV (node_modules/.pnpm/react-dom@19.2.3_react@19.2.3/node_modules/react-dom/cjs/react-dom-client.development.js:18757:9)
      at scheduleUpdateOnFiber (node_modules/.pnpm/react-dom@19.2.3_react@19.2.3/node_modules/react-dom/cjs/react-dom-client.development.js:16409:11)
      at dispatchSetStateInternal (node_modules/.pnpm/react-dom@19.2.3_react@19.2.3/node_modules/react-dom/cjs/react-dom-client.development.js:9170:13)
      at dispatchSetState (node_modules/.pnpm/react-dom@19.2.3_react@19.2.3/node_modules/react-dom/cjs/react-dom-client.development.js:9127:7)
      at fetchMetrics (src/hooks/useSystemMetrics.ts:31:9)

    console.error
      An update to TestComponent inside a test was not wrapped in act(...).
      
      When testing, code that causes React state updates should be wrapped into act(...):
      
      act(() => {
        /* fire events that update state */
      });
      /* assert on the output */
      
      This ensures that you're testing the behavior the user would see in the browser. Learn more at https://react.dev/link/wrap-tests-with-act

      31 |         setMetrics(null);
      32 |       } finally {
    > 33 |         setLoading(false);
         |         ^
      34 |       }
      35 |     };
      36 |

      at node_modules/.pnpm/react-dom@19.2.3_react@19.2.3/node_modules/react-dom/cjs/react-dom-client.development.js:18758:19
      at runWithFiberInDEV (node_modules/.pnpm/react-dom@19.2.3_react@19.2.3/node_modules/react-dom/cjs/react-dom-client.development.js:874:13)
      at warnIfUpdatesNotWrappedWithActDEV (node_modules/.pnpm/react-dom@19.2.3_react@19.2.3/node_modules/react-dom/cjs/react-dom-client.development.js:18757:9)
      at scheduleUpdateOnFiber (node_modules/.pnpm/react-dom@19.2.3_react@19.2.3/node_modules/react-dom/cjs/react-dom-client.development.js:16409:11)
      at dispatchSetStateInternal (node_modules/.pnpm/react-dom@19.2.3_react@19.2.3/node_modules/react-dom/cjs/react-dom-client.development.js:9170:13)
      at dispatchSetState (node_modules/.pnpm/react-dom@19.2.3_react@19.2.3/node_modules/react-dom/cjs/react-dom-client.development.js:9127:7)
      at fetchMetrics (src/hooks/useSystemMetrics.ts:33:9)

PASS __tests__/lib/validators.test.ts
PASS __tests__/components/dashboard/hooks/useDashboardMetrics.test.ts
PASS __tests__/components/layout/MainLayout.test.tsx
PASS __tests__/components/ui/index.test.tsx
  ● Console

    console.error
      React does not recognize the `gutterBottom` prop on a DOM element. If you intentionally want it to appear in the DOM as a custom attribute, spell it as lowercase `gutterbottom` instead. If you accidentally passed it from a parent component, remove it from the DOM element.

      75 |
      76 | function renderWithTheme(component: React.ReactElement) {
    > 77 |   return render(<ThemeProvider theme={theme}>{component}</ThemeProvider>);
         |                ^
      78 | }
      79 |
      80 | // Import Card with default import

      at validateProperty (node_modules/.pnpm/react-dom@19.2.3_react@19.2.3/node_modules/react-dom/cjs/react-dom-client.development.js:3001:19)
      at warnUnknownProperties (node_modules/.pnpm/react-dom@19.2.3_react@19.2.3/node_modules/react-dom/cjs/react-dom-client.development.js:3146:9)
      at validatePropertiesInDevelopment (node_modules/.pnpm/react-dom@19.2.3_react@19.2.3/node_modules/react-dom/cjs/react-dom-client.development.js:19868:9)
      at setInitialProperties (node_modules/.pnpm/react-dom@19.2.3_react@19.2.3/node_modules/react-dom/cjs/react-dom-client.development.js:20491:7)
      at completeWork (node_modules/.pnpm/react-dom@19.2.3_react@19.2.3/node_modules/react-dom/cjs/react-dom-client.development.js:12662:18)
      at runWithFiberInDEV (node_modules/.pnpm/react-dom@19.2.3_react@19.2.3/node_modules/react-dom/cjs/react-dom-client.development.js:874:13)
      at completeUnitOfWork (node_modules/.pnpm/react-dom@19.2.3_react@19.2.3/node_modules/react-dom/cjs/react-dom-client.development.js:17777:19)
      at performUnitOfWork (node_modules/.pnpm/react-dom@19.2.3_react@19.2.3/node_modules/react-dom/cjs/react-dom-client.development.js:17658:11)
      at workLoopSync (node_modules/.pnpm/react-dom@19.2.3_react@19.2.3/node_modules/react-dom/cjs/react-dom-client.development.js:17469:41)
      at renderRootSync (node_modules/.pnpm/react-dom@19.2.3_react@19.2.3/node_modules/react-dom/cjs/react-dom-client.development.js:17450:11)
      at performWorkOnRoot (node_modules/.pnpm/react-dom@19.2.3_react@19.2.3/node_modules/react-dom/cjs/react-dom-client.development.js:16504:11)
      at performWorkOnRootViaSchedulerTask (node_modules/.pnpm/react-dom@19.2.3_react@19.2.3/node_modules/react-dom/cjs/react-dom-client.development.js:18957:7)
      at flushActQueue (node_modules/.pnpm/react@19.2.3/node_modules/react/cjs/react.development.js:590:34)
      at process.env.NODE_ENV.exports.act (node_modules/.pnpm/react@19.2.3/node_modules/react/cjs/react.development.js:884:10)
      at node_modules/.pnpm/@testing-library+react@16.3.1_@testing-library+dom@10.4.1_@types+react-dom@19.2.3_@type_68c5b21a70acecf0fbbfd97f51128017/node_modules/@testing-library/react/dist/act-compat.js:46:25
      at renderRoot (node_modules/.pnpm/@testing-library+react@16.3.1_@testing-library+dom@10.4.1_@types+react-dom@19.2.3_@type_68c5b21a70acecf0fbbfd97f51128017/node_modules/@testing-library/react/dist/pure.js:189:26)
      at render (node_modules/.pnpm/@testing-library+react@16.3.1_@testing-library+dom@10.4.1_@types+react-dom@19.2.3_@type_68c5b21a70acecf0fbbfd97f51128017/node_modules/@testing-library/react/dist/pure.js:291:10)
      at renderWithTheme (__tests__/components/ui/index.test.tsx:77:16)
      at Object.<anonymous> (__tests__/components/ui/index.test.tsx:114:5)

PASS __tests__/components/configuration/ModernConfiguration.test.tsx (20.728 s)
PASS __tests__/components/ui/Button.test.tsx
PASS __tests__/config/llama-defaults.test.ts
PASS __tests__/contexts/ThemeContext.test.tsx
PASS __tests__/lib/websocket-client.test.ts
PASS __tests__/server/services/llama/stateManager.test.ts
  ● Console

    console.error
      Error in state change callback: Error: Callback error
          at /home/bamer/nextjs-llama-async-proxy/__tests__/server/services/llama/stateManager.test.ts:325:15
          at /home/bamer/nextjs-llama-async-proxy/node_modules/.pnpm/jest-mock@30.2.0/node_modules/jest-mock/build/index.js:305:39
          at /home/bamer/nextjs-llama-async-proxy/node_modules/.pnpm/jest-mock@30.2.0/node_modules/jest-mock/build/index.js:312:13
          at mockConstructor (/home/bamer/nextjs-llama-async-proxy/node_modules/.pnpm/jest-mock@30.2.0/node_modules/jest-mock/build/index.js:102:19)
          at /home/bamer/nextjs-llama-async-proxy/src/server/services/llama/stateManager.ts:79:9
          at Array.forEach (<anonymous>)
          at StateManager.emit (/home/bamer/nextjs-llama-async-proxy/src/server/services/llama/stateManager.ts:77:20)
          at StateManager.updateStatus (/home/bamer/nextjs-llama-async-proxy/src/server/services/llama/stateManager.ts:31:10)
          at /home/bamer/nextjs-llama-async-proxy/__tests__/server/services/llama/stateManager.test.ts:333:22
          at Object.<anonymous> (/home/bamer/nextjs-llama-async-proxy/node_modules/.pnpm/expect@30.2.0/node_modules/expect/build/index.js:1824:9)
          at Object.throwingMatcher [as toThrow] (/home/bamer/nextjs-llama-async-proxy/node_modules/.pnpm/expect@30.2.0/node_modules/expect/build/index.js:2235:93)
          at Object.<anonymous> (/home/bamer/nextjs-llama-async-proxy/__tests__/server/services/llama/stateManager.test.ts:334:14)
          at Promise.finally.completed (/home/bamer/nextjs-llama-async-proxy/node_modules/.pnpm/jest-circus@30.2.0_babel-plugin-macros@3.1.0/node_modules/jest-circus/build/jestAdapterInit.js:1557:28)
          at new Promise (<anonymous>)
          at callAsyncCircusFn (/home/bamer/nextjs-llama-async-proxy/node_modules/.pnpm/jest-circus@30.2.0_babel-plugin-macros@3.1.0/node_modules/jest-circus/build/jestAdapterInit.js:1497:10)
          at _callCircusTest (/home/bamer/nextjs-llama-async-proxy/node_modules/.pnpm/jest-circus@30.2.0_babel-plugin-macros@3.1.0/node_modules/jest-circus/build/jestAdapterInit.js:1007:40)
          at processTicksAndRejections (node:internal/process/task_queues:103:5)
          at _runTest (/home/bamer/nextjs-llama-async-proxy/node_modules/.pnpm/jest-circus@30.2.0_babel-plugin-macros@3.1.0/node_modules/jest-circus/build/jestAdapterInit.js:947:3)
          at /home/bamer/nextjs-llama-async-proxy/node_modules/.pnpm/jest-circus@30.2.0_babel-plugin-macros@3.1.0/node_modules/jest-circus/build/jestAdapterInit.js:849:7
          at _runTestsForDescribeBlock (/home/bamer/nextjs-llama-async-proxy/node_modules/.pnpm/jest-circus@30.2.0_babel-plugin-macros@3.1.0/node_modules/jest-circus/build/jestAdapterInit.js:862:11)
          at _runTestsForDescribeBlock (/home/bamer/nextjs-llama-async-proxy/node_modules/.pnpm/jest-circus@30.2.0_babel-plugin-macros@3.1.0/node_modules/jest-circus/build/jestAdapterInit.js:857:11)
          at _runTestsForDescribeBlock (/home/bamer/nextjs-llama-async-proxy/node_modules/.pnpm/jest-circus@30.2.0_babel-plugin-macros@3.1.0/node_modules/jest-circus/build/jestAdapterInit.js:857:11)
          at run (/home/bamer/nextjs-llama-async-proxy/node_modules/.pnpm/jest-circus@30.2.0_babel-plugin-macros@3.1.0/node_modules/jest-circus/build/jestAdapterInit.js:761:3)
          at runAndTransformResultsToJestFormat (/home/bamer/nextjs-llama-async-proxy/node_modules/.pnpm/jest-circus@30.2.0_babel-plugin-macros@3.1.0/node_modules/jest-circus/build/jestAdapterInit.js:1918:21)
          at jestAdapter (/home/bamer/nextjs-llama-async-proxy/node_modules/.pnpm/jest-circus@30.2.0_babel-plugin-macros@3.1.0/node_modules/jest-circus/build/runner.js:101:19)
          at runTestInternal (/home/bamer/nextjs-llama-async-proxy/node_modules/.pnpm/jest-runner@30.2.0/node_modules/jest-runner/build/testWorker.js:275:16)
          at runTest (/home/bamer/nextjs-llama-async-proxy/node_modules/.pnpm/jest-runner@30.2.0/node_modules/jest-runner/build/testWorker.js:343:7)
          at Object.worker (/home/bamer/nextjs-llama-async-proxy/node_modules/.pnpm/jest-runner@30.2.0/node_modules/jest-runner/build/testWorker.js:497:12)

      79 |         callback(this.getState());
      80 |       } catch (error) {
    > 81 |         console.error("Error in state change callback:", error);
         |                 ^
      82 |       }
      83 |     });
      84 |   }

      at src/server/services/llama/stateManager.ts:81:17
          at Array.forEach (<anonymous>)
      at StateManager.emit (src/server/services/llama/stateManager.ts:77:20)
      at StateManager.updateStatus (src/server/services/llama/stateManager.ts:31:10)
      at __tests__/server/services/llama/stateManager.test.ts:333:22
      at Object.<anonymous> (node_modules/.pnpm/expect@30.2.0/node_modules/expect/build/index.js:1824:9)
      at Object.throwingMatcher [as toThrow] (node_modules/.pnpm/expect@30.2.0/node_modules/expect/build/index.js:2235:93)
      at Object.<anonymous> (__tests__/server/services/llama/stateManager.test.ts:334:14)

PASS __tests__/hooks/useChartHistory.test.ts
PASS __tests__/server/services/llama/healthCheck.test.ts
PASS __tests__/components/layout/SidebarProvider.test.tsx
PASS __tests__/hooks/useSettings.test.ts
PASS __tests__/lib/process-manager.test.ts
PASS __tests__/components/ui/Card.test.tsx
  ● Console

    console.error
      React does not recognize the `gutterBottom` prop on a DOM element. If you intentionally want it to appear in the DOM as a custom attribute, spell it as lowercase `gutterbottom` instead. If you accidentally passed it from a parent component, remove it from the DOM element.

      69 |
      70 |   it("renders correctly with default content", () => {
    > 71 |     render(<Card />);
         |           ^
      72 |     expect(screen.getByText("Word of the Day")).toBeInTheDocument();
      73 |   });
      74 |

      at validateProperty (node_modules/.pnpm/react-dom@19.2.3_react@19.2.3/node_modules/react-dom/cjs/react-dom-client.development.js:3001:19)
      at warnUnknownProperties (node_modules/.pnpm/react-dom@19.2.3_react@19.2.3/node_modules/react-dom/cjs/react-dom-client.development.js:3146:9)
      at validatePropertiesInDevelopment (node_modules/.pnpm/react-dom@19.2.3_react@19.2.3/node_modules/react-dom/cjs/react-dom-client.development.js:19868:9)
      at setInitialProperties (node_modules/.pnpm/react-dom@19.2.3_react@19.2.3/node_modules/react-dom/cjs/react-dom-client.development.js:20491:7)
      at completeWork (node_modules/.pnpm/react-dom@19.2.3_react@19.2.3/node_modules/react-dom/cjs/react-dom-client.development.js:12662:18)
      at runWithFiberInDEV (node_modules/.pnpm/react-dom@19.2.3_react@19.2.3/node_modules/react-dom/cjs/react-dom-client.development.js:874:13)
      at completeUnitOfWork (node_modules/.pnpm/react-dom@19.2.3_react@19.2.3/node_modules/react-dom/cjs/react-dom-client.development.js:17777:19)
      at performUnitOfWork (node_modules/.pnpm/react-dom@19.2.3_react@19.2.3/node_modules/react-dom/cjs/react-dom-client.development.js:17658:11)
      at workLoopSync (node_modules/.pnpm/react-dom@19.2.3_react@19.2.3/node_modules/react-dom/cjs/react-dom-client.development.js:17469:41)
      at renderRootSync (node_modules/.pnpm/react-dom@19.2.3_react@19.2.3/node_modules/react-dom/cjs/react-dom-client.development.js:17450:11)
      at performWorkOnRoot (node_modules/.pnpm/react-dom@19.2.3_react@19.2.3/node_modules/react-dom/cjs/react-dom-client.development.js:16504:11)
      at performWorkOnRootViaSchedulerTask (node_modules/.pnpm/react-dom@19.2.3_react@19.2.3/node_modules/react-dom/cjs/react-dom-client.development.js:18957:7)
      at flushActQueue (node_modules/.pnpm/react@19.2.3/node_modules/react/cjs/react.development.js:590:34)
      at process.env.NODE_ENV.exports.act (node_modules/.pnpm/react@19.2.3/node_modules/react/cjs/react.development.js:884:10)
      at node_modules/.pnpm/@testing-library+react@16.3.1_@testing-library+dom@10.4.1_@types+react-dom@19.2.3_@type_68c5b21a70acecf0fbbfd97f51128017/node_modules/@testing-library/react/dist/act-compat.js:46:25
      at renderRoot (node_modules/.pnpm/@testing-library+react@16.3.1_@testing-library+dom@10.4.1_@types+react-dom@19.2.3_@type_68c5b21a70acecf0fbbfd97f51128017/node_modules/@testing-library/react/dist/pure.js:189:26)
      at render (node_modules/.pnpm/@testing-library+react@16.3.1_@testing-library+dom@10.4.1_@types+react-dom@19.2.3_@type_68c5b21a70acecf0fbbfd97f51128017/node_modules/@testing-library/react/dist/pure.js:291:10)
      at Object.<anonymous> (__tests__/components/ui/Card.test.tsx:71:11)

PASS __tests__/lib/ollama.test.ts
PASS src/config/llama-defaults.test.ts
PASS __tests__/api/config.test.ts
  ● Console

    console.error
      [API] Error getting config: Error: Failed to load config
          at /home/bamer/nextjs-llama-async-proxy/__tests__/api/config.test.ts:43:13
          at /home/bamer/nextjs-llama-async-proxy/node_modules/.pnpm/jest-mock@30.2.0/node_modules/jest-mock/build/index.js:305:39
          at /home/bamer/nextjs-llama-async-proxy/node_modules/.pnpm/jest-mock@30.2.0/node_modules/jest-mock/build/index.js:312:13
          at mockConstructor (/home/bamer/nextjs-llama-async-proxy/node_modules/.pnpm/jest-mock@30.2.0/node_modules/jest-mock/build/index.js:102:19)
          at loadConfig (eval at _createMockFunction (/home/bamer/nextjs-llama-async-proxy/node_modules/.pnpm/jest-mock@30.2.0/node_modules/jest-mock/build/index.js:460:31), <anonymous>:3:56)
          at GET (/home/bamer/nextjs-llama-async-proxy/app/api/config/route.ts:24:30)
          at Object.<anonymous> (/home/bamer/nextjs-llama-async-proxy/__tests__/api/config.test.ts:46:31)
          at Promise.finally.completed (/home/bamer/nextjs-llama-async-proxy/node_modules/.pnpm/jest-circus@30.2.0_babel-plugin-macros@3.1.0/node_modules/jest-circus/build/jestAdapterInit.js:1557:28)
          at new Promise (<anonymous>)
          at callAsyncCircusFn (/home/bamer/nextjs-llama-async-proxy/node_modules/.pnpm/jest-circus@30.2.0_babel-plugin-macros@3.1.0/node_modules/jest-circus/build/jestAdapterInit.js:1497:10)
          at _callCircusTest (/home/bamer/nextjs-llama-async-proxy/node_modules/.pnpm/jest-circus@30.2.0_babel-plugin-macros@3.1.0/node_modules/jest-circus/build/jestAdapterInit.js:1007:40)
          at processTicksAndRejections (node:internal/process/task_queues:103:5)
          at _runTest (/home/bamer/nextjs-llama-async-proxy/node_modules/.pnpm/jest-circus@30.2.0_babel-plugin-macros@3.1.0/node_modules/jest-circus/build/jestAdapterInit.js:947:3)
          at /home/bamer/nextjs-llama-async-proxy/node_modules/.pnpm/jest-circus@30.2.0_babel-plugin-macros@3.1.0/node_modules/jest-circus/build/jestAdapterInit.js:849:7
          at _runTestsForDescribeBlock (/home/bamer/nextjs-llama-async-proxy/node_modules/.pnpm/jest-circus@30.2.0_babel-plugin-macros@3.1.0/node_modules/jest-circus/build/jestAdapterInit.js:862:11)
          at _runTestsForDescribeBlock (/home/bamer/nextjs-llama-async-proxy/node_modules/.pnpm/jest-circus@30.2.0_babel-plugin-macros@3.1.0/node_modules/jest-circus/build/jestAdapterInit.js:857:11)
          at run (/home/bamer/nextjs-llama-async-proxy/node_modules/.pnpm/jest-circus@30.2.0_babel-plugin-macros@3.1.0/node_modules/jest-circus/build/jestAdapterInit.js:761:3)
          at runAndTransformResultsToJestFormat (/home/bamer/nextjs-llama-async-proxy/node_modules/.pnpm/jest-circus@30.2.0_babel-plugin-macros@3.1.0/node_modules/jest-circus/build/jestAdapterInit.js:1918:21)
          at jestAdapter (/home/bamer/nextjs-llama-async-proxy/node_modules/.pnpm/jest-circus@30.2.0_babel-plugin-macros@3.1.0/node_modules/jest-circus/build/runner.js:101:19)
          at runTestInternal (/home/bamer/nextjs-llama-async-proxy/node_modules/.pnpm/jest-runner@30.2.0/node_modules/jest-runner/build/testWorker.js:275:16)
          at runTest (/home/bamer/nextjs-llama-async-proxy/node_modules/.pnpm/jest-runner@30.2.0/node_modules/jest-runner/build/testWorker.js:343:7)
          at Object.worker (/home/bamer/nextjs-llama-async-proxy/node_modules/.pnpm/jest-runner@30.2.0/node_modules/jest-runner/build/testWorker.js:497:12)

      26 |     return NextResponse.json(config);
      27 |   } catch (error) {
    > 28 |     console.error("[API] Error getting config:", error);
         |             ^
      29 |     return NextResponse.json(
      30 |       { error: "Failed to get config" },
      31 |       { status: 500 }

      at GET (app/api/config/route.ts:28:13)
      at Object.<anonymous> (__tests__/api/config.test.ts:46:31)

    console.error
      [API] Error saving config: Error: Failed to save config
          at /home/bamer/nextjs-llama-async-proxy/__tests__/api/config.test.ts:164:13
          at /home/bamer/nextjs-llama-async-proxy/node_modules/.pnpm/jest-mock@30.2.0/node_modules/jest-mock/build/index.js:305:39
          at /home/bamer/nextjs-llama-async-proxy/node_modules/.pnpm/jest-mock@30.2.0/node_modules/jest-mock/build/index.js:312:13
          at mockConstructor (/home/bamer/nextjs-llama-async-proxy/node_modules/.pnpm/jest-mock@30.2.0/node_modules/jest-mock/build/index.js:102:19)
          at saveConfig (eval at _createMockFunction (/home/bamer/nextjs-llama-async-proxy/node_modules/.pnpm/jest-mock@30.2.0/node_modules/jest-mock/build/index.js:460:31), <anonymous>:3:56)
          at POST (/home/bamer/nextjs-llama-async-proxy/app/api/config/route.ts:7:15)
          at processTicksAndRejections (node:internal/process/task_queues:103:5)
          at Object.<anonymous> (/home/bamer/nextjs-llama-async-proxy/__tests__/api/config.test.ts:167:22)

      12 |     });
      13 |   } catch (error) {
    > 14 |     console.error("[API] Error saving config:", error);
         |             ^
      15 |     return NextResponse.json(
      16 |       { error: "Failed to save config" },
      17 |       { status: 500 }

      at POST (app/api/config/route.ts:14:13)
      at Object.<anonymous> (__tests__/api/config.test.ts:167:22)

    console.error
      [API] Error saving config: Error: Invalid JSON
          at Object.<anonymous> (/home/bamer/nextjs-llama-async-proxy/__tests__/api/config.test.ts:179:41)
          at Promise.finally.completed (/home/bamer/nextjs-llama-async-proxy/node_modules/.pnpm/jest-circus@30.2.0_babel-plugin-macros@3.1.0/node_modules/jest-circus/build/jestAdapterInit.js:1557:28)
          at new Promise (<anonymous>)
          at callAsyncCircusFn (/home/bamer/nextjs-llama-async-proxy/node_modules/.pnpm/jest-circus@30.2.0_babel-plugin-macros@3.1.0/node_modules/jest-circus/build/jestAdapterInit.js:1497:10)
          at _callCircusTest (/home/bamer/nextjs-llama-async-proxy/node_modules/.pnpm/jest-circus@30.2.0_babel-plugin-macros@3.1.0/node_modules/jest-circus/build/jestAdapterInit.js:1007:40)
          at processTicksAndRejections (node:internal/process/task_queues:103:5)
          at _runTest (/home/bamer/nextjs-llama-async-proxy/node_modules/.pnpm/jest-circus@30.2.0_babel-plugin-macros@3.1.0/node_modules/jest-circus/build/jestAdapterInit.js:947:3)
          at /home/bamer/nextjs-llama-async-proxy/node_modules/.pnpm/jest-circus@30.2.0_babel-plugin-macros@3.1.0/node_modules/jest-circus/build/jestAdapterInit.js:849:7
          at _runTestsForDescribeBlock (/home/bamer/nextjs-llama-async-proxy/node_modules/.pnpm/jest-circus@30.2.0_babel-plugin-macros@3.1.0/node_modules/jest-circus/build/jestAdapterInit.js:862:11)
          at _runTestsForDescribeBlock (/home/bamer/nextjs-llama-async-proxy/node_modules/.pnpm/jest-circus@30.2.0_babel-plugin-macros@3.1.0/node_modules/jest-circus/build/jestAdapterInit.js:857:11)
          at run (/home/bamer/nextjs-llama-async-proxy/node_modules/.pnpm/jest-circus@30.2.0_babel-plugin-macros@3.1.0/node_modules/jest-circus/build/jestAdapterInit.js:761:3)
          at runAndTransformResultsToJestFormat (/home/bamer/nextjs-llama-async-proxy/node_modules/.pnpm/jest-circus@30.2.0_babel-plugin-macros@3.1.0/node_modules/jest-circus/build/jestAdapterInit.js:1918:21)
          at jestAdapter (/home/bamer/nextjs-llama-async-proxy/node_modules/.pnpm/jest-circus@30.2.0_babel-plugin-macros@3.1.0/node_modules/jest-circus/build/runner.js:101:19)
          at runTestInternal (/home/bamer/nextjs-llama-async-proxy/node_modules/.pnpm/jest-runner@30.2.0/node_modules/jest-runner/build/testWorker.js:275:16)
          at runTest (/home/bamer/nextjs-llama-async-proxy/node_modules/.pnpm/jest-runner@30.2.0/node_modules/jest-runner/build/testWorker.js:343:7)
          at Object.worker (/home/bamer/nextjs-llama-async-proxy/node_modules/.pnpm/jest-runner@30.2.0/node_modules/jest-runner/build/testWorker.js:497:12)

      12 |     });
      13 |   } catch (error) {
    > 14 |     console.error("[API] Error saving config:", error);
         |             ^
      15 |     return NextResponse.json(
      16 |       { error: "Failed to save config" },
      17 |       { status: 500 }

      at POST (app/api/config/route.ts:14:13)
      at Object.<anonymous> (__tests__/api/config.test.ts:182:22)

    console.error
      [API] Error saving config: TypeError: request.json is not a function
          at POST (/home/bamer/nextjs-llama-async-proxy/app/api/config/route.ts:6:34)
          at Object.<anonymous> (/home/bamer/nextjs-llama-async-proxy/__tests__/api/config.test.ts:414:32)
          at Promise.finally.completed (/home/bamer/nextjs-llama-async-proxy/node_modules/.pnpm/jest-circus@30.2.0_babel-plugin-macros@3.1.0/node_modules/jest-circus/build/jestAdapterInit.js:1557:28)
          at new Promise (<anonymous>)
          at callAsyncCircusFn (/home/bamer/nextjs-llama-async-proxy/node_modules/.pnpm/jest-circus@30.2.0_babel-plugin-macros@3.1.0/node_modules/jest-circus/build/jestAdapterInit.js:1497:10)
          at _callCircusTest (/home/bamer/nextjs-llama-async-proxy/node_modules/.pnpm/jest-circus@30.2.0_babel-plugin-macros@3.1.0/node_modules/jest-circus/build/jestAdapterInit.js:1007:40)
          at processTicksAndRejections (node:internal/process/task_queues:103:5)
          at _runTest (/home/bamer/nextjs-llama-async-proxy/node_modules/.pnpm/jest-circus@30.2.0_babel-plugin-macros@3.1.0/node_modules/jest-circus/build/jestAdapterInit.js:947:3)
          at /home/bamer/nextjs-llama-async-proxy/node_modules/.pnpm/jest-circus@30.2.0_babel-plugin-macros@3.1.0/node_modules/jest-circus/build/jestAdapterInit.js:849:7
          at _runTestsForDescribeBlock (/home/bamer/nextjs-llama-async-proxy/node_modules/.pnpm/jest-circus@30.2.0_babel-plugin-macros@3.1.0/node_modules/jest-circus/build/jestAdapterInit.js:862:11)
          at _runTestsForDescribeBlock (/home/bamer/nextjs-llama-async-proxy/node_modules/.pnpm/jest-circus@30.2.0_babel-plugin-macros@3.1.0/node_modules/jest-circus/build/jestAdapterInit.js:857:11)
          at run (/home/bamer/nextjs-llama-async-proxy/node_modules/.pnpm/jest-circus@30.2.0_babel-plugin-macros@3.1.0/node_modules/jest-circus/build/jestAdapterInit.js:761:3)
          at runAndTransformResultsToJestFormat (/home/bamer/nextjs-llama-async-proxy/node_modules/.pnpm/jest-circus@30.2.0_babel-plugin-macros@3.1.0/node_modules/jest-circus/build/jestAdapterInit.js:1918:21)
          at jestAdapter (/home/bamer/nextjs-llama-async-proxy/node_modules/.pnpm/jest-circus@30.2.0_babel-plugin-macros@3.1.0/node_modules/jest-circus/build/runner.js:101:19)
          at runTestInternal (/home/bamer/nextjs-llama-async-proxy/node_modules/.pnpm/jest-runner@30.2.0/node_modules/jest-runner/build/testWorker.js:275:16)
          at runTest (/home/bamer/nextjs-llama-async-proxy/node_modules/.pnpm/jest-runner@30.2.0/node_modules/jest-runner/build/testWorker.js:343:7)
          at Object.worker (/home/bamer/nextjs-llama-async-proxy/node_modules/.pnpm/jest-runner@30.2.0/node_modules/jest-runner/build/testWorker.js:497:12)

      12 |     });
      13 |   } catch (error) {
    > 14 |     console.error("[API] Error saving config:", error);
         |             ^
      15 |     return NextResponse.json(
      16 |       { error: "Failed to save config" },
      17 |       { status: 500 }

      at POST (app/api/config/route.ts:14:13)
      at Object.<anonymous> (__tests__/api/config.test.ts:414:32)

PASS src/config/__tests__/config.test.ts
PASS __tests__/api/models-start.test.ts
  ● Console

    console.log
      [API] Loading model: llama-2-7b {}

      at POST (app/api/models/[name]/start/route.ts:20:13)

    console.log
      [API] Current llama-server status: ready

      at POST (app/api/models/[name]/start/route.ts:51:15)

    console.log
      [API] Forwarding model load to llama-server at localhost:8134

      at POST (app/api/models/[name]/start/route.ts:68:15)

    console.log
      [API] Loading model: llama-2-7b

      at POST (app/api/models/[name]/start/route.ts:96:15)

    console.log
      [API] Model llama-2-7b loaded successfully

      at POST (app/api/models/[name]/start/route.ts:154:15)

    console.log
      [API] Loading model: llama-2-7b {}

      at POST (app/api/models/[name]/start/route.ts:20:13)

    console.error
      [API] LlamaService not available

      35 |
      36 |     if (!llamaService) {
    > 37 |       console.error("[API] LlamaService not available");
         |               ^
      38 |       return NextResponse.json(
      39 |         {
      40 |           error: "Llama service not initialized",

      at POST (app/api/models/[name]/start/route.ts:37:15)
      at Object.<anonymous> (__tests__/api/models-start.test.ts:125:22)

    console.log
      [API] Loading model: llama-2-7b {}

      at POST (app/api/models/[name]/start/route.ts:20:13)

    console.log
      [API] Current llama-server status: loading

      at POST (app/api/models/[name]/start/route.ts:51:15)

    console.log
      [API] Loading model: nonexistent-model {}

      at POST (app/api/models/[name]/start/route.ts:20:13)

    console.log
      [API] Current llama-server status: ready

      at POST (app/api/models/[name]/start/route.ts:51:15)

    console.log
      [API] Forwarding model load to llama-server at localhost:8134

      at POST (app/api/models/[name]/start/route.ts:68:15)

    console.warn
      [API] Model nonexistent-model was not found in discovered models

      82 |       // Check if model exists in discovered models
      83 |       if (!modelData) {
    > 84 |         console.warn(`[API] Model ${name} was not found in discovered models`);
         |                 ^
      85 |         return NextResponse.json(
      86 |           {
      87 |             error: "Model not found",

      at POST (app/api/models/[name]/start/route.ts:84:17)
      at Object.<anonymous> (__tests__/api/models-start.test.ts:195:22)

    console.log
      [API] Loading model: llama-2-7b {}

      at POST (app/api/models/[name]/start/route.ts:20:13)

    console.log
      [API] Current llama-server status: ready

      at POST (app/api/models/[name]/start/route.ts:51:15)

    console.log
      [API] Forwarding model load to llama-server at localhost:8134

      at POST (app/api/models/[name]/start/route.ts:68:15)

    console.log
      [API] Loading model: llama-2-7b

      at POST (app/api/models/[name]/start/route.ts:96:15)

    console.error
      [API] Failed to connect to llama-server: Connection refused

      112 |         }
      113 |       ).catch((error) => {
    > 114 |         console.error(
          |                 ^
      115 |           `[API] Failed to connect to llama-server: ${error.message}`
      116 |         );
      117 |         return null;

      at app/api/models/[name]/start/route.ts:114:17
      at POST (app/api/models/[name]/start/route.ts:100:28)
      at Object.<anonymous> (__tests__/api/models-start.test.ts:238:22)

    console.log
      [API] Loading model: llama-2-7b {}

      at POST (app/api/models/[name]/start/route.ts:20:13)

    console.log
      [API] Current llama-server status: ready

      at POST (app/api/models/[name]/start/route.ts:51:15)

    console.log
      [API] Forwarding model load to llama-server at localhost:8134

      at POST (app/api/models/[name]/start/route.ts:68:15)

    console.log
      [API] Loading model: llama-2-7b

      at POST (app/api/models/[name]/start/route.ts:96:15)

    console.error
      [API] llama-server returned error: 400 { error: 'Model load failed' }

      137 |
      138 |       if (!loadResponse.ok) {
    > 139 |         console.error(
          |                 ^
      140 |           `[API] llama-server returned error: ${loadResponse.status}`,
      141 |           loadData
      142 |         );

      at POST (app/api/models/[name]/start/route.ts:139:17)
      at Object.<anonymous> (__tests__/api/models-start.test.ts:287:22)

    console.log
      [API] Loading model: llama-2-7b {}

      at POST (app/api/models/[name]/start/route.ts:20:13)

    console.log
      [API] Current llama-server status: ready

      at POST (app/api/models/[name]/start/route.ts:51:15)

    console.log
      [API] Forwarding model load to llama-server at localhost:8134

      at POST (app/api/models/[name]/start/route.ts:68:15)

    console.log
      [API] Loading model: llama-2-7b

      at POST (app/api/models/[name]/start/route.ts:96:15)

    console.log
      [API] Model llama-2-7b loaded successfully

      at POST (app/api/models/[name]/start/route.ts:154:15)

    console.log
      [API] Loading model: llama-2-7b {}

      at POST (app/api/models/[name]/start/route.ts:20:13)

    console.log
      [API] Current llama-server status: ready

      at POST (app/api/models/[name]/start/route.ts:51:15)

    console.log
      [API] Forwarding model load to llama-server at custom-host:9999

      at POST (app/api/models/[name]/start/route.ts:68:15)

    console.log
      [API] Loading model: llama-2-7b

      at POST (app/api/models/[name]/start/route.ts:96:15)

    console.log
      [API] Model llama-2-7b loaded successfully

      at POST (app/api/models/[name]/start/route.ts:154:15)

PASS __tests__/lib/state-file.test.ts
PASS __tests__/hooks/useLlamaStatus.test.ts
PASS __tests__/config/models_config.json.test.ts
PASS __tests__/server/services/index.test.ts
  ● Console

    console.log
      [2025-12-27T03:33:25.320Z] [LlamaService] 🔧 LlamaService initialized

      at Logger.log (src/server/services/llama/logger.ts:16:17)

FAIL __tests__/lib/websocket-transport.test.ts
  ● Test suite failed to run

    TypeError: Class extends value undefined is not a constructor or null

       8 |  * to all connected clients without storing disk I/O in the UI path.
       9 |  */
    > 10 | export class WebSocketTransport extends Transport {
         |                                         ^
      11 |   private io: Server | null = null;
      12 |   private logQueue: LogEntry[] = [];
      13 |   private maxQueueSize = 500;

      at Object.<anonymous> (src/lib/websocket-transport.ts:10:41)
      at Object.<anonymous> (__tests__/lib/websocket-transport.test.ts:1:1)

PASS __tests__/api/rescan.test.ts
PASS src/types/__tests__/global.test.ts
PASS __tests__/lib/error-handler.test.ts
PASS __tests__/server/services/llama/retryHandler.test.ts
PASS __tests__/config/app.config.test.ts
PASS __tests__/config/llama_options_reference.json.test.ts
PASS __tests__/hooks/use-logger-config.test.ts
PASS __tests__/config/monitoring.config.test.ts
PASS __tests__/lib/types.test.ts
PASS src/types/__tests__/index.test.ts
PASS __tests__/lib/auth.test.ts
PASS __tests__/lib/services/parameterService.test.ts
  ● Console

    console.error
      Failed to load parameter configuration: SyntaxError: "undefined" is not valid JSON
          at JSON.parse (<anonymous>)
          at ParameterService.loadParameters (/home/bamer/nextjs-llama-async-proxy/src/lib/services/parameterService.ts:59:27)
          at new ParameterService (/home/bamer/nextjs-llama-async-proxy/src/lib/services/parameterService.ts:49:10)
          at Object.<anonymous> (/home/bamer/nextjs-llama-async-proxy/src/lib/services/parameterService.ts:183:33)
          at Runtime._execModule (/home/bamer/nextjs-llama-async-proxy/node_modules/.pnpm/jest-runtime@30.2.0/node_modules/jest-runtime/build/index.js:1268:24)
          at Runtime._loadModule (/home/bamer/nextjs-llama-async-proxy/node_modules/.pnpm/jest-runtime@30.2.0/node_modules/jest-runtime/build/index.js:944:12)
          at Runtime.requireModule (/home/bamer/nextjs-llama-async-proxy/node_modules/.pnpm/jest-runtime@30.2.0/node_modules/jest-runtime/build/index.js:832:12)
          at Runtime.requireModuleOrMock (/home/bamer/nextjs-llama-async-proxy/node_modules/.pnpm/jest-runtime@30.2.0/node_modules/jest-runtime/build/index.js:964:21)
          at Object.<anonymous> (/home/bamer/nextjs-llama-async-proxy/__tests__/lib/services/parameterService.test.ts:3:1)
          at Runtime._execModule (/home/bamer/nextjs-llama-async-proxy/node_modules/.pnpm/jest-runtime@30.2.0/node_modules/jest-runtime/build/index.js:1268:24)
          at Runtime._loadModule (/home/bamer/nextjs-llama-async-proxy/node_modules/.pnpm/jest-runtime@30.2.0/node_modules/jest-runtime/build/index.js:944:12)
          at Runtime.requireModule (/home/bamer/nextjs-llama-async-proxy/node_modules/.pnpm/jest-runtime@30.2.0/node_modules/jest-runtime/build/index.js:832:12)
          at jestAdapter (/home/bamer/nextjs-llama-async-proxy/node_modules/.pnpm/jest-circus@30.2.0_babel-plugin-macros@3.1.0/node_modules/jest-circus/build/runner.js:95:13)
          at processTicksAndRejections (node:internal/process/task_queues:103:5)
          at runTestInternal (/home/bamer/nextjs-llama-async-proxy/node_modules/.pnpm/jest-runner@30.2.0/node_modules/jest-runner/build/testWorker.js:275:16)
          at runTest (/home/bamer/nextjs-llama-async-proxy/node_modules/.pnpm/jest-runner@30.2.0/node_modules/jest-runner/build/testWorker.js:343:7)
          at Object.worker (/home/bamer/nextjs-llama-async-proxy/node_modules/.pnpm/jest-runner@30.2.0/node_modules/jest-runner/build/testWorker.js:497:12)

      64 |       }
      65 |     } catch (error) {
    > 66 |       console.error('Failed to load parameter configuration:', error);
         |               ^
      67 |       // Initialize with empty parameters if loading fails
      68 |       this.parameters = {};
      69 |     }

      at ParameterService.loadParameters (src/lib/services/parameterService.ts:66:15)
      at new ParameterService (src/lib/services/parameterService.ts:49:10)
      at Object.<anonymous> (src/lib/services/parameterService.ts:183:33)
      at Object.<anonymous> (__tests__/lib/services/parameterService.test.ts:3:1)

PASS src/lib/__tests__/binary-lookup.test.ts
PASS __tests__/server/services/llama/argumentBuilder.test.ts
PASS __tests__/server/ServiceRegistry.test.ts
PASS __tests__/server/services/llama/modelLoader.test.ts
PASS src/lib/__tests__/constants.test.ts
PASS __tests__/lib/constants.test.ts
PASS __tests__/server/services/llama/logger.test.ts
PASS __tests__/server/config.test.ts
PASS src/lib/__tests__/error-handler.test.ts
PASS __tests__/api/models-stop.test.ts
  ● Console

    console.error
      Error stopping model: Error: Unexpected error
          at Object.<anonymous> (/home/bamer/nextjs-llama-async-proxy/__tests__/api/models-stop.test.ts:84:39)
          at Promise.finally.completed (/home/bamer/nextjs-llama-async-proxy/node_modules/.pnpm/jest-circus@30.2.0_babel-plugin-macros@3.1.0/node_modules/jest-circus/build/jestAdapterInit.js:1557:28)
          at new Promise (<anonymous>)
          at callAsyncCircusFn (/home/bamer/nextjs-llama-async-proxy/node_modules/.pnpm/jest-circus@30.2.0_babel-plugin-macros@3.1.0/node_modules/jest-circus/build/jestAdapterInit.js:1497:10)
          at _callCircusTest (/home/bamer/nextjs-llama-async-proxy/node_modules/.pnpm/jest-circus@30.2.0_babel-plugin-macros@3.1.0/node_modules/jest-circus/build/jestAdapterInit.js:1007:40)
          at processTicksAndRejections (node:internal/process/task_queues:103:5)
          at _runTest (/home/bamer/nextjs-llama-async-proxy/node_modules/.pnpm/jest-circus@30.2.0_babel-plugin-macros@3.1.0/node_modules/jest-circus/build/jestAdapterInit.js:947:3)
          at /home/bamer/nextjs-llama-async-proxy/node_modules/.pnpm/jest-circus@30.2.0_babel-plugin-macros@3.1.0/node_modules/jest-circus/build/jestAdapterInit.js:849:7
          at _runTestsForDescribeBlock (/home/bamer/nextjs-llama-async-proxy/node_modules/.pnpm/jest-circus@30.2.0_babel-plugin-macros@3.1.0/node_modules/jest-circus/build/jestAdapterInit.js:862:11)
          at _runTestsForDescribeBlock (/home/bamer/nextjs-llama-async-proxy/node_modules/.pnpm/jest-circus@30.2.0_babel-plugin-macros@3.1.0/node_modules/jest-circus/build/jestAdapterInit.js:857:11)
          at run (/home/bamer/nextjs-llama-async-proxy/node_modules/.pnpm/jest-circus@30.2.0_babel-plugin-macros@3.1.0/node_modules/jest-circus/build/jestAdapterInit.js:761:3)
          at runAndTransformResultsToJestFormat (/home/bamer/nextjs-llama-async-proxy/node_modules/.pnpm/jest-circus@30.2.0_babel-plugin-macros@3.1.0/node_modules/jest-circus/build/jestAdapterInit.js:1918:21)
          at jestAdapter (/home/bamer/nextjs-llama-async-proxy/node_modules/.pnpm/jest-circus@30.2.0_babel-plugin-macros@3.1.0/node_modules/jest-circus/build/runner.js:101:19)
          at runTestInternal (/home/bamer/nextjs-llama-async-proxy/node_modules/.pnpm/jest-runner@30.2.0/node_modules/jest-runner/build/testWorker.js:275:16)
          at runTest (/home/bamer/nextjs-llama-async-proxy/node_modules/.pnpm/jest-runner@30.2.0/node_modules/jest-runner/build/testWorker.js:343:7)
          at Object.worker (/home/bamer/nextjs-llama-async-proxy/node_modules/.pnpm/jest-runner@30.2.0/node_modules/jest-runner/build/testWorker.js:497:12)

      33 |     );
      34 |   } catch (error) {
    > 35 |     console.error("Error stopping model:", error);
         |             ^
      36 |     return NextResponse.json(
      37 |       { error: "Internal server error", status: "error" },
      38 |       { status: 500 }

      at POST (app/api/models/[name]/stop/route.ts:35:13)
      at Object.<anonymous> (__tests__/api/models-stop.test.ts:88:22)

PASS src/lib/__tests__/process-manager.test.ts
PASS __tests__/api/logger-config.test.ts
  ● Console

    console.error
      [Logger API] Error: Error: Invalid JSON
          at Object.<anonymous> (/home/bamer/nextjs-llama-async-proxy/__tests__/api/logger-config.test.ts:94:41)
          at Promise.finally.completed (/home/bamer/nextjs-llama-async-proxy/node_modules/.pnpm/jest-circus@30.2.0_babel-plugin-macros@3.1.0/node_modules/jest-circus/build/jestAdapterInit.js:1557:28)
          at new Promise (<anonymous>)
          at callAsyncCircusFn (/home/bamer/nextjs-llama-async-proxy/node_modules/.pnpm/jest-circus@30.2.0_babel-plugin-macros@3.1.0/node_modules/jest-circus/build/jestAdapterInit.js:1497:10)
          at _callCircusTest (/home/bamer/nextjs-llama-async-proxy/node_modules/.pnpm/jest-circus@30.2.0_babel-plugin-macros@3.1.0/node_modules/jest-circus/build/jestAdapterInit.js:1007:40)
          at processTicksAndRejections (node:internal/process/task_queues:103:5)
          at _runTest (/home/bamer/nextjs-llama-async-proxy/node_modules/.pnpm/jest-circus@30.2.0_babel-plugin-macros@3.1.0/node_modules/jest-circus/build/jestAdapterInit.js:947:3)
          at /home/bamer/nextjs-llama-async-proxy/node_modules/.pnpm/jest-circus@30.2.0_babel-plugin-macros@3.1.0/node_modules/jest-circus/build/jestAdapterInit.js:849:7
          at _runTestsForDescribeBlock (/home/bamer/nextjs-llama-async-proxy/node_modules/.pnpm/jest-circus@30.2.0_babel-plugin-macros@3.1.0/node_modules/jest-circus/build/jestAdapterInit.js:862:11)
          at _runTestsForDescribeBlock (/home/bamer/nextjs-llama-async-proxy/node_modules/.pnpm/jest-circus@30.2.0_babel-plugin-macros@3.1.0/node_modules/jest-circus/build/jestAdapterInit.js:857:11)
          at run (/home/bamer/nextjs-llama-async-proxy/node_modules/.pnpm/jest-circus@30.2.0_babel-plugin-macros@3.1.0/node_modules/jest-circus/build/jestAdapterInit.js:761:3)
          at runAndTransformResultsToJestFormat (/home/bamer/nextjs-llama-async-proxy/node_modules/.pnpm/jest-circus@30.2.0_babel-plugin-macros@3.1.0/node_modules/jest-circus/build/jestAdapterInit.js:1918:21)
          at jestAdapter (/home/bamer/nextjs-llama-async-proxy/node_modules/.pnpm/jest-circus@30.2.0_babel-plugin-macros@3.1.0/node_modules/jest-circus/build/runner.js:101:19)
          at runTestInternal (/home/bamer/nextjs-llama-async-proxy/node_modules/.pnpm/jest-runner@30.2.0/node_modules/jest-runner/build/testWorker.js:275:16)
          at runTest (/home/bamer/nextjs-llama-async-proxy/node_modules/.pnpm/jest-runner@30.2.0/node_modules/jest-runner/build/testWorker.js:343:7)
          at Object.worker (/home/bamer/nextjs-llama-async-proxy/node_modules/.pnpm/jest-runner@30.2.0/node_modules/jest-runner/build/testWorker.js:497:12)

      10 |     });
      11 |   } catch (error) {
    > 12 |     console.error("[Logger API] Error:", error);
         |             ^
      13 |     return NextResponse.json(
      14 |       { error: "Failed to process logger config" },
      15 |       { status: 500 }

      at POST (app/api/logger/config/route.ts:12:13)
      at Object.<anonymous> (__tests__/api/logger-config.test.ts:97:22)

PASS src/lib/__tests__/state-file.test.ts
PASS __tests__/config/app_config.json.test.ts
FAIL __tests__/pages/monitoring.test.tsx
  ● Test suite failed to run

    Configuration error:

    Could not locate module @/components/charts/GPUMetricsCard mapped as:
    /home/bamer/nextjs-llama-async-proxy/src/$1.

    Please check your configuration for these entries:
    {
      "moduleNameMapper": {
        "/^@\/(.*)$/": "/home/bamer/nextjs-llama-async-proxy/src/$1"
      },
      "resolver": undefined
    }

      18 | }));
      19 |
    > 20 | jest.mock("@/components/charts/GPUMetricsCard", () => ({
         |      ^
      21 |   GPUMetricsCard: () => <div data-testid="gpu-metrics-card">GPUMetricsCard</div>,
      22 | }));
      23 |

      at createNoMappedModuleFoundError (node_modules/.pnpm/jest-resolve@30.2.0/node_modules/jest-resolve/build/index.js:1117:17)
      at Object.<anonymous> (__tests__/pages/monitoring.test.tsx:20:6)

PASS __tests__/lib/binary-lookup.test.ts
PASS src/types/__tests__/monitoring.test.ts
FAIL src/lib/__tests__/logger.test.ts
  ● Test suite failed to run

    TypeError: Class extends value undefined is not a constructor or null

       8 |  * to all connected clients without storing disk I/O in the UI path.
       9 |  */
    > 10 | export class WebSocketTransport extends Transport {
         |                                         ^
      11 |   private io: Server | null = null;
      12 |   private logQueue: LogEntry[] = [];
      13 |   private maxQueueSize = 500;

      at Object.<anonymous> (src/lib/websocket-transport.ts:10:41)
      at Object.<anonymous> (src/lib/logger.ts:3:1)
      at Object.<anonymous> (src/lib/__tests__/logger.test.ts:1:1)

PASS src/types/__tests__/llama.test.ts
FAIL __tests__/lib/logger.test.ts
  ● Test suite failed to run

    TypeError: Class extends value undefined is not a constructor or null

       8 |  * to all connected clients without storing disk I/O in the UI path.
       9 |  */
    > 10 | export class WebSocketTransport extends Transport {
         |                                         ^
      11 |   private io: Server | null = null;
      12 |   private logQueue: LogEntry[] = [];
      13 |   private maxQueueSize = 500;

      at Object.<anonymous> (src/lib/websocket-transport.ts:10:41)
      at Object.<anonymous> (src/lib/logger.ts:3:1)
      at Object.<anonymous> (__tests__/lib/logger.test.ts:3:1)

FAIL __tests__/components/critical-path.test.tsx
  ● Test suite failed to run

    Configuration error:

    Could not locate module @/services/metrics-service mapped as:
    /home/bamer/nextjs-llama-async-proxy/src/$1.

    Please check your configuration for these entries:
    {
      "moduleNameMapper": {
        "/^@\/(.*)$/": "/home/bamer/nextjs-llama-async-proxy/src/$1"
      },
      "resolver": undefined
    }

       5 |
       6 | jest.mock('axios');
    >  7 | jest.mock('@/services/metrics-service');
         |      ^
       8 | jest.mock('@/hooks/use-websocket');
       9 | jest.mock('@/components/configuration/hooks/useConfigurationForm');
      10 |

      at createNoMappedModuleFoundError (node_modules/.pnpm/jest-resolve@30.2.0/node_modules/jest-resolve/build/index.js:1117:17)
      at Object.<anonymous> (__tests__/components/critical-path.test.tsx:7:6)

PASS src/lib/__tests__/auth.test.ts
FAIL src/utils/__tests__/api-client.test.ts
  ● Test suite failed to run

    TypeError: Cannot read properties of undefined (reading 'interceptors')

      143 |
      144 |   describe('formatError', () => {
    > 145 |     const responseInterceptorError = mockAxiosInstance.interceptors.response.use.mock.calls[0][1];
          |                                                        ^
      146 |
      147 |     it('formats error with response', () => {
      148 |       const error = {

      at src/utils/__tests__/api-client.test.ts:145:56
      at src/utils/__tests__/api-client.test.ts:144:3
      at Object.<anonymous> (src/utils/__tests__/api-client.test.ts:11:1)

PASS __tests__/lib/store.test.ts
FAIL __tests__/components/dashboard/ModernDashboard.test.tsx (40.466 s)
  ● Console

    console.error
      An update to ModernDashboard inside a test was not wrapped in act(...).
      
      When testing, code that causes React state updates should be wrapped into act(...):
      
      act(() => {
        /* fire events that update state */
      });
      /* assert on the output */
      
      This ensures that you're testing the behavior the user would see in the browser. Learn more at https://react.dev/link/wrap-tests-with-act

      30 |     sendMessage('request_models', {});
      31 |
    > 32 |     const timer = setTimeout(() => setLoading(false), 1500);
         |                                    ^
      33 |     return () => clearTimeout(timer);
      34 |   }, [sendMessage]);
      35 |

      at node_modules/.pnpm/react-dom@19.2.3_react@19.2.3/node_modules/react-dom/cjs/react-dom-client.development.js:18758:19
      at runWithFiberInDEV (node_modules/.pnpm/react-dom@19.2.3_react@19.2.3/node_modules/react-dom/cjs/react-dom-client.development.js:874:13)
      at warnIfUpdatesNotWrappedWithActDEV (node_modules/.pnpm/react-dom@19.2.3_react@19.2.3/node_modules/react-dom/cjs/react-dom-client.development.js:18757:9)
      at scheduleUpdateOnFiber (node_modules/.pnpm/react-dom@19.2.3_react@19.2.3/node_modules/react-dom/cjs/react-dom-client.development.js:16409:11)
      at dispatchSetStateInternal (node_modules/.pnpm/react-dom@19.2.3_react@19.2.3/node_modules/react-dom/cjs/react-dom-client.development.js:9170:13)
      at dispatchSetState (node_modules/.pnpm/react-dom@19.2.3_react@19.2.3/node_modules/react-dom/cjs/react-dom-client.development.js:9127:7)
      at src/components/dashboard/ModernDashboard.tsx:32:36
      at callTimer (node_modules/.pnpm/@sinonjs+fake-timers@13.0.5/node_modules/@sinonjs/fake-timers/src/fake-timers-src.js:806:24)
      at doTickInner (node_modules/.pnpm/@sinonjs+fake-timers@13.0.5/node_modules/@sinonjs/fake-timers/src/fake-timers-src.js:1413:29)
      at doTick (node_modules/.pnpm/@sinonjs+fake-timers@13.0.5/node_modules/@sinonjs/fake-timers/src/fake-timers-src.js:1494:20)
      at Object.tick (node_modules/.pnpm/@sinonjs+fake-timers@13.0.5/node_modules/@sinonjs/fake-timers/src/fake-timers-src.js:1502:20)
      at FakeTimers.advanceTimersByTime (node_modules/.pnpm/@jest+fake-timers@30.2.0/node_modules/@jest/fake-timers/build/index.js:576:19)
      at Object.<anonymous> (__tests__/components/dashboard/ModernDashboard.test.tsx:252:10)

    console.error
      An update to ModernDashboard inside a test was not wrapped in act(...).
      
      When testing, code that causes React state updates should be wrapped into act(...):
      
      act(() => {
        /* fire events that update state */
      });
      /* assert on the output */
      
      This ensures that you're testing the behavior the user would see in the browser. Learn more at https://react.dev/link/wrap-tests-with-act

      30 |     sendMessage('request_models', {});
      31 |
    > 32 |     const timer = setTimeout(() => setLoading(false), 1500);
         |                                    ^
      33 |     return () => clearTimeout(timer);
      34 |   }, [sendMessage]);
      35 |

      at node_modules/.pnpm/react-dom@19.2.3_react@19.2.3/node_modules/react-dom/cjs/react-dom-client.development.js:18758:19
      at runWithFiberInDEV (node_modules/.pnpm/react-dom@19.2.3_react@19.2.3/node_modules/react-dom/cjs/react-dom-client.development.js:874:13)
      at warnIfUpdatesNotWrappedWithActDEV (node_modules/.pnpm/react-dom@19.2.3_react@19.2.3/node_modules/react-dom/cjs/react-dom-client.development.js:18757:9)
      at scheduleUpdateOnFiber (node_modules/.pnpm/react-dom@19.2.3_react@19.2.3/node_modules/react-dom/cjs/react-dom-client.development.js:16409:11)
      at dispatchSetStateInternal (node_modules/.pnpm/react-dom@19.2.3_react@19.2.3/node_modules/react-dom/cjs/react-dom-client.development.js:9170:13)
      at dispatchSetState (node_modules/.pnpm/react-dom@19.2.3_react@19.2.3/node_modules/react-dom/cjs/react-dom-client.development.js:9127:7)
      at src/components/dashboard/ModernDashboard.tsx:32:36
      at callTimer (node_modules/.pnpm/@sinonjs+fake-timers@13.0.5/node_modules/@sinonjs/fake-timers/src/fake-timers-src.js:806:24)
      at doTickInner (node_modules/.pnpm/@sinonjs+fake-timers@13.0.5/node_modules/@sinonjs/fake-timers/src/fake-timers-src.js:1413:29)
      at doTick (node_modules/.pnpm/@sinonjs+fake-timers@13.0.5/node_modules/@sinonjs/fake-timers/src/fake-timers-src.js:1494:20)
      at Object.tick (node_modules/.pnpm/@sinonjs+fake-timers@13.0.5/node_modules/@sinonjs/fake-timers/src/fake-timers-src.js:1502:20)
      at FakeTimers.advanceTimersByTime (node_modules/.pnpm/@jest+fake-timers@30.2.0/node_modules/@jest/fake-timers/build/index.js:576:19)
      at Object.<anonymous> (__tests__/components/dashboard/ModernDashboard.test.tsx:293:10)

  ● ModernDashboard › renders loading state initially

    AggregateError:

      103 |
      104 | function renderWithProviders(component: React.ReactElement) {
    > 105 |   return render(
          |                ^
      106 |     <QueryClientProvider client={queryClient}>
      107 |       <MuiThemeProvider theme={theme}>{component}</MuiThemeProvider>
      108 |     </QueryClientProvider>

      at aggregateErrors (node_modules/.pnpm/react@19.2.3/node_modules/react/cjs/react.development.js:551:11)
      at process.env.NODE_ENV.exports.act (node_modules/.pnpm/react@19.2.3/node_modules/react/cjs/react.development.js:897:24)
      at node_modules/.pnpm/@testing-library+react@16.3.1_@testing-library+dom@10.4.1_@types+react-dom@19.2.3_@type_68c5b21a70acecf0fbbfd97f51128017/node_modules/@testing-library/react/dist/act-compat.js:46:25
      at renderRoot (node_modules/.pnpm/@testing-library+react@16.3.1_@testing-library+dom@10.4.1_@types+react-dom@19.2.3_@type_68c5b21a70acecf0fbbfd97f51128017/node_modules/@testing-library/react/dist/pure.js:189:26)
      at render (node_modules/.pnpm/@testing-library+react@16.3.1_@testing-library+dom@10.4.1_@types+react-dom@19.2.3_@type_68c5b21a70acecf0fbbfd97f51128017/node_modules/@testing-library/react/dist/pure.js:291:10)
      at renderWithProviders (__tests__/components/dashboard/ModernDashboard.test.tsx:105:16)
      at Object.<anonymous> (__tests__/components/dashboard/ModernDashboard.test.tsx:134:5)

  ● ModernDashboard › renders dashboard after loading

    AggregateError:

      103 |
      104 | function renderWithProviders(component: React.ReactElement) {
    > 105 |   return render(
          |                ^
      106 |     <QueryClientProvider client={queryClient}>
      107 |       <MuiThemeProvider theme={theme}>{component}</MuiThemeProvider>
      108 |     </QueryClientProvider>

      at aggregateErrors (node_modules/.pnpm/react@19.2.3/node_modules/react/cjs/react.development.js:551:11)
      at process.env.NODE_ENV.exports.act (node_modules/.pnpm/react@19.2.3/node_modules/react/cjs/react.development.js:897:24)
      at node_modules/.pnpm/@testing-library+react@16.3.1_@testing-library+dom@10.4.1_@types+react-dom@19.2.3_@type_68c5b21a70acecf0fbbfd97f51128017/node_modules/@testing-library/react/dist/act-compat.js:46:25
      at renderRoot (node_modules/.pnpm/@testing-library+react@16.3.1_@testing-library+dom@10.4.1_@types+react-dom@19.2.3_@type_68c5b21a70acecf0fbbfd97f51128017/node_modules/@testing-library/react/dist/pure.js:189:26)
      at render (node_modules/.pnpm/@testing-library+react@16.3.1_@testing-library+dom@10.4.1_@types+react-dom@19.2.3_@type_68c5b21a70acecf0fbbfd97f51128017/node_modules/@testing-library/react/dist/pure.js:291:10)
      at renderWithProviders (__tests__/components/dashboard/ModernDashboard.test.tsx:105:16)
      at Object.<anonymous> (__tests__/components/dashboard/ModernDashboard.test.tsx:139:5)

  ● ModernDashboard › displays metric cards

    AggregateError:

      103 |
      104 | function renderWithProviders(component: React.ReactElement) {
    > 105 |   return render(
          |                ^
      106 |     <QueryClientProvider client={queryClient}>
      107 |       <MuiThemeProvider theme={theme}>{component}</MuiThemeProvider>
      108 |     </QueryClientProvider>

      at aggregateErrors (node_modules/.pnpm/react@19.2.3/node_modules/react/cjs/react.development.js:551:11)
      at process.env.NODE_ENV.exports.act (node_modules/.pnpm/react@19.2.3/node_modules/react/cjs/react.development.js:897:24)
      at node_modules/.pnpm/@testing-library+react@16.3.1_@testing-library+dom@10.4.1_@types+react-dom@19.2.3_@type_68c5b21a70acecf0fbbfd97f51128017/node_modules/@testing-library/react/dist/act-compat.js:46:25
      at renderRoot (node_modules/.pnpm/@testing-library+react@16.3.1_@testing-library+dom@10.4.1_@types+react-dom@19.2.3_@type_68c5b21a70acecf0fbbfd97f51128017/node_modules/@testing-library/react/dist/pure.js:189:26)
      at render (node_modules/.pnpm/@testing-library+react@16.3.1_@testing-library+dom@10.4.1_@types+react-dom@19.2.3_@type_68c5b21a70acecf0fbbfd97f51128017/node_modules/@testing-library/react/dist/pure.js:291:10)
      at renderWithProviders (__tests__/components/dashboard/ModernDashboard.test.tsx:105:16)
      at Object.<anonymous> (__tests__/components/dashboard/ModernDashboard.test.tsx:148:5)

  ● ModernDashboard › displays correct metric values

    AggregateError:

      103 |
      104 | function renderWithProviders(component: React.ReactElement) {
    > 105 |   return render(
          |                ^
      106 |     <QueryClientProvider client={queryClient}>
      107 |       <MuiThemeProvider theme={theme}>{component}</MuiThemeProvider>
      108 |     </QueryClientProvider>

      at aggregateErrors (node_modules/.pnpm/react@19.2.3/node_modules/react/cjs/react.development.js:551:11)
      at process.env.NODE_ENV.exports.act (node_modules/.pnpm/react@19.2.3/node_modules/react/cjs/react.development.js:897:24)
      at node_modules/.pnpm/@testing-library+react@16.3.1_@testing-library+dom@10.4.1_@types+react-dom@19.2.3_@type_68c5b21a70acecf0fbbfd97f51128017/node_modules/@testing-library/react/dist/act-compat.js:46:25
      at renderRoot (node_modules/.pnpm/@testing-library+react@16.3.1_@testing-library+dom@10.4.1_@types+react-dom@19.2.3_@type_68c5b21a70acecf0fbbfd97f51128017/node_modules/@testing-library/react/dist/pure.js:189:26)
      at render (node_modules/.pnpm/@testing-library+react@16.3.1_@testing-library+dom@10.4.1_@types+react-dom@19.2.3_@type_68c5b21a70acecf0fbbfd97f51128017/node_modules/@testing-library/react/dist/pure.js:291:10)
      at renderWithProviders (__tests__/components/dashboard/ModernDashboard.test.tsx:105:16)
      at Object.<anonymous> (__tests__/components/dashboard/ModernDashboard.test.tsx:160:5)

  ● ModernDashboard › renders models list card

    AggregateError:

      103 |
      104 | function renderWithProviders(component: React.ReactElement) {
    > 105 |   return render(
          |                ^
      106 |     <QueryClientProvider client={queryClient}>
      107 |       <MuiThemeProvider theme={theme}>{component}</MuiThemeProvider>
      108 |     </QueryClientProvider>

      at aggregateErrors (node_modules/.pnpm/react@19.2.3/node_modules/react/cjs/react.development.js:551:11)
      at process.env.NODE_ENV.exports.act (node_modules/.pnpm/react@19.2.3/node_modules/react/cjs/react.development.js:897:24)
      at node_modules/.pnpm/@testing-library+react@16.3.1_@testing-library+dom@10.4.1_@types+react-dom@19.2.3_@type_68c5b21a70acecf0fbbfd97f51128017/node_modules/@testing-library/react/dist/act-compat.js:46:25
      at renderRoot (node_modules/.pnpm/@testing-library+react@16.3.1_@testing-library+dom@10.4.1_@types+react-dom@19.2.3_@type_68c5b21a70acecf0fbbfd97f51128017/node_modules/@testing-library/react/dist/pure.js:189:26)
      at render (node_modules/.pnpm/@testing-library+react@16.3.1_@testing-library+dom@10.4.1_@types+react-dom@19.2.3_@type_68c5b21a70acecf0fbbfd97f51128017/node_modules/@testing-library/react/dist/pure.js:291:10)
      at renderWithProviders (__tests__/components/dashboard/ModernDashboard.test.tsx:105:16)
      at Object.<anonymous> (__tests__/components/dashboard/ModernDashboard.test.tsx:171:5)

  ● ModernDashboard › renders quick actions card

    AggregateError:

      103 |
      104 | function renderWithProviders(component: React.ReactElement) {
    > 105 |   return render(
          |                ^
      106 |     <QueryClientProvider client={queryClient}>
      107 |       <MuiThemeProvider theme={theme}>{component}</MuiThemeProvider>
      108 |     </QueryClientProvider>

      at aggregateErrors (node_modules/.pnpm/react@19.2.3/node_modules/react/cjs/react.development.js:551:11)
      at process.env.NODE_ENV.exports.act (node_modules/.pnpm/react@19.2.3/node_modules/react/cjs/react.development.js:897:24)
      at node_modules/.pnpm/@testing-library+react@16.3.1_@testing-library+dom@10.4.1_@types+react-dom@19.2.3_@type_68c5b21a70acecf0fbbfd97f51128017/node_modules/@testing-library/react/dist/act-compat.js:46:25
      at renderRoot (node_modules/.pnpm/@testing-library+react@16.3.1_@testing-library+dom@10.4.1_@types+react-dom@19.2.3_@type_68c5b21a70acecf0fbbfd97f51128017/node_modules/@testing-library/react/dist/pure.js:189:26)
      at render (node_modules/.pnpm/@testing-library+react@16.3.1_@testing-library+dom@10.4.1_@types+react-dom@19.2.3_@type_68c5b21a70acecf0fbbfd97f51128017/node_modules/@testing-library/react/dist/pure.js:291:10)
      at renderWithProviders (__tests__/components/dashboard/ModernDashboard.test.tsx:105:16)
      at Object.<anonymous> (__tests__/components/dashboard/ModernDashboard.test.tsx:181:5)

  ● ModernDashboard › displays performance charts

    AggregateError:

      103 |
      104 | function renderWithProviders(component: React.ReactElement) {
    > 105 |   return render(
          |                ^
      106 |     <QueryClientProvider client={queryClient}>
      107 |       <MuiThemeProvider theme={theme}>{component}</MuiThemeProvider>
      108 |     </QueryClientProvider>

      at aggregateErrors (node_modules/.pnpm/react@19.2.3/node_modules/react/cjs/react.development.js:551:11)
      at process.env.NODE_ENV.exports.act (node_modules/.pnpm/react@19.2.3/node_modules/react/cjs/react.development.js:897:24)
      at node_modules/.pnpm/@testing-library+react@16.3.1_@testing-library+dom@10.4.1_@types+react-dom@19.2.3_@type_68c5b21a70acecf0fbbfd97f51128017/node_modules/@testing-library/react/dist/act-compat.js:46:25
      at renderRoot (node_modules/.pnpm/@testing-library+react@16.3.1_@testing-library+dom@10.4.1_@types+react-dom@19.2.3_@type_68c5b21a70acecf0fbbfd97f51128017/node_modules/@testing-library/react/dist/pure.js:189:26)
      at render (node_modules/.pnpm/@testing-library+react@16.3.1_@testing-library+dom@10.4.1_@types+react-dom@19.2.3_@type_68c5b21a70acecf0fbbfd97f51128017/node_modules/@testing-library/react/dist/pure.js:291:10)
      at renderWithProviders (__tests__/components/dashboard/ModernDashboard.test.tsx:105:16)
      at Object.<anonymous> (__tests__/components/dashboard/ModernDashboard.test.tsx:191:5)

  ● ModernDashboard › displays GPU chart when GPU metrics available

    AggregateError:

      103 |
      104 | function renderWithProviders(component: React.ReactElement) {
    > 105 |   return render(
          |                ^
      106 |     <QueryClientProvider client={queryClient}>
      107 |       <MuiThemeProvider theme={theme}>{component}</MuiThemeProvider>
      108 |     </QueryClientProvider>

      at aggregateErrors (node_modules/.pnpm/react@19.2.3/node_modules/react/cjs/react.development.js:551:11)
      at process.env.NODE_ENV.exports.act (node_modules/.pnpm/react@19.2.3/node_modules/react/cjs/react.development.js:897:24)
      at node_modules/.pnpm/@testing-library+react@16.3.1_@testing-library+dom@10.4.1_@types+react-dom@19.2.3_@type_68c5b21a70acecf0fbbfd97f51128017/node_modules/@testing-library/react/dist/act-compat.js:46:25
      at renderRoot (node_modules/.pnpm/@testing-library+react@16.3.1_@testing-library+dom@10.4.1_@types+react-dom@19.2.3_@type_68c5b21a70acecf0fbbfd97f51128017/node_modules/@testing-library/react/dist/pure.js:189:26)
      at render (node_modules/.pnpm/@testing-library+react@16.3.1_@testing-library+dom@10.4.1_@types+react-dom@19.2.3_@type_68c5b21a70acecf0fbbfd97f51128017/node_modules/@testing-library/react/dist/pure.js:291:10)
      at renderWithProviders (__tests__/components/dashboard/ModernDashboard.test.tsx:105:16)
      at Object.<anonymous> (__tests__/components/dashboard/ModernDashboard.test.tsx:200:5)

  ● ModernDashboard › displays uptime information

    AggregateError:

      103 |
      104 | function renderWithProviders(component: React.ReactElement) {
    > 105 |   return render(
          |                ^
      106 |     <QueryClientProvider client={queryClient}>
      107 |       <MuiThemeProvider theme={theme}>{component}</MuiThemeProvider>
      108 |     </QueryClientProvider>

      at aggregateErrors (node_modules/.pnpm/react@19.2.3/node_modules/react/cjs/react.development.js:551:11)
      at process.env.NODE_ENV.exports.act (node_modules/.pnpm/react@19.2.3/node_modules/react/cjs/react.development.js:897:24)
      at node_modules/.pnpm/@testing-library+react@16.3.1_@testing-library+dom@10.4.1_@types+react-dom@19.2.3_@type_68c5b21a70acecf0fbbfd97f51128017/node_modules/@testing-library/react/dist/act-compat.js:46:25
      at renderRoot (node_modules/.pnpm/@testing-library+react@16.3.1_@testing-library+dom@10.4.1_@types+react-dom@19.2.3_@type_68c5b21a70acecf0fbbfd97f51128017/node_modules/@testing-library/react/dist/pure.js:189:26)
      at render (node_modules/.pnpm/@testing-library+react@16.3.1_@testing-library+dom@10.4.1_@types+react-dom@19.2.3_@type_68c5b21a70acecf0fbbfd97f51128017/node_modules/@testing-library/react/dist/pure.js:291:10)
      at renderWithProviders (__tests__/components/dashboard/ModernDashboard.test.tsx:105:16)
      at Object.<anonymous> (__tests__/components/dashboard/ModernDashboard.test.tsx:209:5)

  ● ModernDashboard › displays total requests

    AggregateError:

      103 |
      104 | function renderWithProviders(component: React.ReactElement) {
    > 105 |   return render(
          |                ^
      106 |     <QueryClientProvider client={queryClient}>
      107 |       <MuiThemeProvider theme={theme}>{component}</MuiThemeProvider>
      108 |     </QueryClientProvider>

      at aggregateErrors (node_modules/.pnpm/react@19.2.3/node_modules/react/cjs/react.development.js:551:11)
      at process.env.NODE_ENV.exports.act (node_modules/.pnpm/react@19.2.3/node_modules/react/cjs/react.development.js:897:24)
      at node_modules/.pnpm/@testing-library+react@16.3.1_@testing-library+dom@10.4.1_@types+react-dom@19.2.3_@type_68c5b21a70acecf0fbbfd97f51128017/node_modules/@testing-library/react/dist/act-compat.js:46:25
      at renderRoot (node_modules/.pnpm/@testing-library+react@16.3.1_@testing-library+dom@10.4.1_@types+react-dom@19.2.3_@type_68c5b21a70acecf0fbbfd97f51128017/node_modules/@testing-library/react/dist/pure.js:189:26)
      at render (node_modules/.pnpm/@testing-library+react@16.3.1_@testing-library+dom@10.4.1_@types+react-dom@19.2.3_@type_68c5b21a70acecf0fbbfd97f51128017/node_modules/@testing-library/react/dist/pure.js:291:10)
      at renderWithProviders (__tests__/components/dashboard/ModernDashboard.test.tsx:105:16)
      at Object.<anonymous> (__tests__/components/dashboard/ModernDashboard.test.tsx:219:5)

  ● ModernDashboard › displays average response time

    AggregateError:

      103 |
      104 | function renderWithProviders(component: React.ReactElement) {
    > 105 |   return render(
          |                ^
      106 |     <QueryClientProvider client={queryClient}>
      107 |       <MuiThemeProvider theme={theme}>{component}</MuiThemeProvider>
      108 |     </QueryClientProvider>

      at aggregateErrors (node_modules/.pnpm/react@19.2.3/node_modules/react/cjs/react.development.js:551:11)
      at process.env.NODE_ENV.exports.act (node_modules/.pnpm/react@19.2.3/node_modules/react/cjs/react.development.js:897:24)
      at node_modules/.pnpm/@testing-library+react@16.3.1_@testing-library+dom@10.4.1_@types+react-dom@19.2.3_@type_68c5b21a70acecf0fbbfd97f51128017/node_modules/@testing-library/react/dist/act-compat.js:46:25
      at renderRoot (node_modules/.pnpm/@testing-library+react@16.3.1_@testing-library+dom@10.4.1_@types+react-dom@19.2.3_@type_68c5b21a70acecf0fbbfd97f51128017/node_modules/@testing-library/react/dist/pure.js:189:26)
      at render (node_modules/.pnpm/@testing-library+react@16.3.1_@testing-library+dom@10.4.1_@types+react-dom@19.2.3_@type_68c5b21a70acecf0fbbfd97f51128017/node_modules/@testing-library/react/dist/pure.js:291:10)
      at renderWithProviders (__tests__/components/dashboard/ModernDashboard.test.tsx:105:16)
      at Object.<anonymous> (__tests__/components/dashboard/ModernDashboard.test.tsx:229:5)

  ● ModernDashboard › handles loading with no metrics

    thrown: "Exceeded timeout of 5000 ms for a test.
    Add a timeout value to this test to increase the timeout, if this is a long-running test. See https://jestjs.io/docs/api#testname-fn-timeout."

      236 |   });
      237 |
    > 238 |   it('handles loading with no metrics', async () => {
          |   ^
      239 |     mockedUseStore.mockImplementation((selector) => {
      240 |       const emptyState = {
      241 |         ...mockState,

      at __tests__/components/dashboard/ModernDashboard.test.tsx:238:3
      at Object.<anonymous> (__tests__/components/dashboard/ModernDashboard.test.tsx:112:1)

  ● ModernDashboard › handles loading with no metrics

    ReferenceError: structuredClone is not defined

      at new TapAndDragGesture (node_modules/.pnpm/@mui+x-internal-gestures@0.4.0/node_modules/@mui/x-internal-gestures/core/gestures/TapAndDragGesture.js:92:23)
      at node_modules/.pnpm/@mui+x-charts@8.23.0_@emotion+react@11.14.0_@types+react@19.2.7_react@19.2.3__@emotion+_f046b17db1eec8074c520ede55d3423e/node_modules/@mui/x-charts/internals/plugins/corePlugins/useChartInteractionListener/useChartInteractionListener.js:56:13
      at Object.react_stack_bottom_frame (node_modules/.pnpm/react-dom@19.2.3_react@19.2.3/node_modules/react-dom/cjs/react-dom-client.development.js:25989:20)
      at runWithFiberInDEV (node_modules/.pnpm/react-dom@19.2.3_react@19.2.3/node_modules/react-dom/cjs/react-dom-client.development.js:874:13)
      at commitHookEffectListMount (node_modules/.pnpm/react-dom@19.2.3_react@19.2.3/node_modules/react-dom/cjs/react-dom-client.development.js:13249:29)
      at commitHookPassiveMountEffects (node_modules/.pnpm/react-dom@19.2.3_react@19.2.3/node_modules/react-dom/cjs/react-dom-client.development.js:13336:11)
      at commitPassiveMountOnFiber (node_modules/.pnpm/react-dom@19.2.3_react@19.2.3/node_modules/react-dom/cjs/react-dom-client.development.js:15484:13)
      at recursivelyTraversePassiveMountEffects (node_modules/.pnpm/react-dom@19.2.3_react@19.2.3/node_modules/react-dom/cjs/react-dom-client.development.js:15439:11)
      at commitPassiveMountOnFiber (node_modules/.pnpm/react-dom@19.2.3_react@19.2.3/node_modules/react-dom/cjs/react-dom-client.development.js:15476:11)
      at recursivelyTraversePassiveMountEffects (node_modules/.pnpm/react-dom@19.2.3_react@19.2.3/node_modules/react-dom/cjs/react-dom-client.development.js:15439:11)
      at commitPassiveMountOnFiber (node_modules/.pnpm/react-dom@19.2.3_react@19.2.3/node_modules/react-dom/cjs/react-dom-client.development.js:15476:11)
      at recursivelyTraversePassiveMountEffects (node_modules/.pnpm/react-dom@19.2.3_react@19.2.3/node_modules/react-dom/cjs/react-dom-client.development.js:15439:11)
      at commitPassiveMountOnFiber (node_modules/.pnpm/react-dom@19.2.3_react@19.2.3/node_modules/react-dom/cjs/react-dom-client.development.js:15718:11)
      at recursivelyTraversePassiveMountEffects (node_modules/.pnpm/react-dom@19.2.3_react@19.2.3/node_modules/react-dom/cjs/react-dom-client.development.js:15439:11)
      at commitPassiveMountOnFiber (node_modules/.pnpm/react-dom@19.2.3_react@19.2.3/node_modules/react-dom/cjs/react-dom-client.development.js:15476:11)
      at recursivelyTraversePassiveMountEffects (node_modules/.pnpm/react-dom@19.2.3_react@19.2.3/node_modules/react-dom/cjs/react-dom-client.development.js:15439:11)
      at commitPassiveMountOnFiber (node_modules/.pnpm/react-dom@19.2.3_react@19.2.3/node_modules/react-dom/cjs/react-dom-client.development.js:15476:11)
      at recursivelyTraversePassiveMountEffects (node_modules/.pnpm/react-dom@19.2.3_react@19.2.3/node_modules/react-dom/cjs/react-dom-client.development.js:15439:11)
      at commitPassiveMountOnFiber (node_modules/.pnpm/react-dom@19.2.3_react@19.2.3/node_modules/react-dom/cjs/react-dom-client.development.js:15718:11)
      at recursivelyTraversePassiveMountEffects (node_modules/.pnpm/react-dom@19.2.3_react@19.2.3/node_modules/react-dom/cjs/react-dom-client.development.js:15439:11)
      at commitPassiveMountOnFiber (node_modules/.pnpm/react-dom@19.2.3_react@19.2.3/node_modules/react-dom/cjs/react-dom-client.development.js:15476:11)
      at recursivelyTraversePassiveMountEffects (node_modules/.pnpm/react-dom@19.2.3_react@19.2.3/node_modules/react-dom/cjs/react-dom-client.development.js:15439:11)
      at commitPassiveMountOnFiber (node_modules/.pnpm/react-dom@19.2.3_react@19.2.3/node_modules/react-dom/cjs/react-dom-client.development.js:15476:11)
      at recursivelyTraversePassiveMountEffects (node_modules/.pnpm/react-dom@19.2.3_react@19.2.3/node_modules/react-dom/cjs/react-dom-client.development.js:15439:11)
      at commitPassiveMountOnFiber (node_modules/.pnpm/react-dom@19.2.3_react@19.2.3/node_modules/react-dom/cjs/react-dom-client.development.js:15476:11)
      at recursivelyTraversePassiveMountEffects (node_modules/.pnpm/react-dom@19.2.3_react@19.2.3/node_modules/react-dom/cjs/react-dom-client.development.js:15439:11)
      at commitPassiveMountOnFiber (node_modules/.pnpm/react-dom@19.2.3_react@19.2.3/node_modules/react-dom/cjs/react-dom-client.development.js:15476:11)
      at recursivelyTraversePassiveMountEffects (node_modules/.pnpm/react-dom@19.2.3_react@19.2.3/node_modules/react-dom/cjs/react-dom-client.development.js:15439:11)
      at commitPassiveMountOnFiber (node_modules/.pnpm/react-dom@19.2.3_react@19.2.3/node_modules/react-dom/cjs/react-dom-client.development.js:15476:11)
      at recursivelyTraversePassiveMountEffects (node_modules/.pnpm/react-dom@19.2.3_react@19.2.3/node_modules/react-dom/cjs/react-dom-client.development.js:15439:11)
      at commitPassiveMountOnFiber (node_modules/.pnpm/react-dom@19.2.3_react@19.2.3/node_modules/react-dom/cjs/react-dom-client.development.js:15718:11)
      at recursivelyTraversePassiveMountEffects (node_modules/.pnpm/react-dom@19.2.3_react@19.2.3/node_modules/react-dom/cjs/react-dom-client.development.js:15439:11)
      at commitPassiveMountOnFiber (node_modules/.pnpm/react-dom@19.2.3_react@19.2.3/node_modules/react-dom/cjs/react-dom-client.development.js:15476:11)
      at recursivelyTraversePassiveMountEffects (node_modules/.pnpm/react-dom@19.2.3_react@19.2.3/node_modules/react-dom/cjs/react-dom-client.development.js:15439:11)
      at commitPassiveMountOnFiber (node_modules/.pnpm/react-dom@19.2.3_react@19.2.3/node_modules/react-dom/cjs/react-dom-client.development.js:15476:11)
      at recursivelyTraversePassiveMountEffects (node_modules/.pnpm/react-dom@19.2.3_react@19.2.3/node_modules/react-dom/cjs/react-dom-client.development.js:15439:11)
      at commitPassiveMountOnFiber (node_modules/.pnpm/react-dom@19.2.3_react@19.2.3/node_modules/react-dom/cjs/react-dom-client.development.js:15718:11)
      at recursivelyTraversePassiveMountEffects (node_modules/.pnpm/react-dom@19.2.3_react@19.2.3/node_modules/react-dom/cjs/react-dom-client.development.js:15439:11)
      at commitPassiveMountOnFiber (node_modules/.pnpm/react-dom@19.2.3_react@19.2.3/node_modules/react-dom/cjs/react-dom-client.development.js:15476:11)
      at recursivelyTraversePassiveMountEffects (node_modules/.pnpm/react-dom@19.2.3_react@19.2.3/node_modules/react-dom/cjs/react-dom-client.development.js:15439:11)
      at commitPassiveMountOnFiber (node_modules/.pnpm/react-dom@19.2.3_react@19.2.3/node_modules/react-dom/cjs/react-dom-client.development.js:15476:11)
      at recursivelyTraversePassiveMountEffects (node_modules/.pnpm/react-dom@19.2.3_react@19.2.3/node_modules/react-dom/cjs/react-dom-client.development.js:15439:11)
      at commitPassiveMountOnFiber (node_modules/.pnpm/react-dom@19.2.3_react@19.2.3/node_modules/react-dom/cjs/react-dom-client.development.js:15718:11)
      at recursivelyTraversePassiveMountEffects (node_modules/.pnpm/react-dom@19.2.3_react@19.2.3/node_modules/react-dom/cjs/react-dom-client.development.js:15439:11)
      at commitPassiveMountOnFiber (node_modules/.pnpm/react-dom@19.2.3_react@19.2.3/node_modules/react-dom/cjs/react-dom-client.development.js:15476:11)
      at recursivelyTraversePassiveMountEffects (node_modules/.pnpm/react-dom@19.2.3_react@19.2.3/node_modules/react-dom/cjs/react-dom-client.development.js:15439:11)
      at commitPassiveMountOnFiber (node_modules/.pnpm/react-dom@19.2.3_react@19.2.3/node_modules/react-dom/cjs/react-dom-client.development.js:15476:11)
      at recursivelyTraversePassiveMountEffects (node_modules/.pnpm/react-dom@19.2.3_react@19.2.3/node_modules/react-dom/cjs/react-dom-client.development.js:15439:11)
      at commitPassiveMountOnFiber (node_modules/.pnpm/react-dom@19.2.3_react@19.2.3/node_modules/react-dom/cjs/react-dom-client.development.js:15476:11)
      at recursivelyTraversePassiveMountEffects (node_modules/.pnpm/react-dom@19.2.3_react@19.2.3/node_modules/react-dom/cjs/react-dom-client.development.js:15439:11)
      at commitPassiveMountOnFiber (node_modules/.pnpm/react-dom@19.2.3_react@19.2.3/node_modules/react-dom/cjs/react-dom-client.development.js:15718:11)
      at recursivelyTraversePassiveMountEffects (node_modules/.pnpm/react-dom@19.2.3_react@19.2.3/node_modules/react-dom/cjs/react-dom-client.development.js:15439:11)
      at commitPassiveMountOnFiber (node_modules/.pnpm/react-dom@19.2.3_react@19.2.3/node_modules/react-dom/cjs/react-dom-client.development.js:15476:11)
      at recursivelyTraversePassiveMountEffects (node_modules/.pnpm/react-dom@19.2.3_react@19.2.3/node_modules/react-dom/cjs/react-dom-client.development.js:15439:11)
      at commitPassiveMountOnFiber (node_modules/.pnpm/react-dom@19.2.3_react@19.2.3/node_modules/react-dom/cjs/react-dom-client.development.js:15718:11)
      at recursivelyTraversePassiveMountEffects (node_modules/.pnpm/react-dom@19.2.3_react@19.2.3/node_modules/react-dom/cjs/react-dom-client.development.js:15439:11)
      at commitPassiveMountOnFiber (node_modules/.pnpm/react-dom@19.2.3_react@19.2.3/node_modules/react-dom/cjs/react-dom-client.development.js:15476:11)
      at recursivelyTraversePassiveMountEffects (node_modules/.pnpm/react-dom@19.2.3_react@19.2.3/node_modules/react-dom/cjs/react-dom-client.development.js:15439:11)
      at commitPassiveMountOnFiber (node_modules/.pnpm/react-dom@19.2.3_react@19.2.3/node_modules/react-dom/cjs/react-dom-client.development.js:15718:11)
      at recursivelyTraversePassiveMountEffects (node_modules/.pnpm/react-dom@19.2.3_react@19.2.3/node_modules/react-dom/cjs/react-dom-client.development.js:15439:11)
      at commitPassiveMountOnFiber (node_modules/.pnpm/react-dom@19.2.3_react@19.2.3/node_modules/react-dom/cjs/react-dom-client.development.js:15718:11)
      at recursivelyTraversePassiveMountEffects (node_modules/.pnpm/react-dom@19.2.3_react@19.2.3/node_modules/react-dom/cjs/react-dom-client.development.js:15439:11)
      at commitPassiveMountOnFiber (node_modules/.pnpm/react-dom@19.2.3_react@19.2.3/node_modules/react-dom/cjs/react-dom-client.development.js:15476:11)
      at recursivelyTraversePassiveMountEffects (node_modules/.pnpm/react-dom@19.2.3_react@19.2.3/node_modules/react-dom/cjs/react-dom-client.development.js:15439:11)
      at commitPassiveMountOnFiber (node_modules/.pnpm/react-dom@19.2.3_react@19.2.3/node_modules/react-dom/cjs/react-dom-client.development.js:15476:11)
      at recursivelyTraversePassiveMountEffects (node_modules/.pnpm/react-dom@19.2.3_react@19.2.3/node_modules/react-dom/cjs/react-dom-client.development.js:15439:11)
      at commitPassiveMountOnFiber (node_modules/.pnpm/react-dom@19.2.3_react@19.2.3/node_modules/react-dom/cjs/react-dom-client.development.js:15476:11)
      at recursivelyTraversePassiveMountEffects (node_modules/.pnpm/react-dom@19.2.3_react@19.2.3/node_modules/react-dom/cjs/react-dom-client.development.js:15439:11)
      at commitPassiveMountOnFiber (node_modules/.pnpm/react-dom@19.2.3_react@19.2.3/node_modules/react-dom/cjs/react-dom-client.development.js:15476:11)
      at recursivelyTraversePassiveMountEffects (node_modules/.pnpm/react-dom@19.2.3_react@19.2.3/node_modules/react-dom/cjs/react-dom-client.development.js:15439:11)
      at commitPassiveMountOnFiber (node_modules/.pnpm/react-dom@19.2.3_react@19.2.3/node_modules/react-dom/cjs/react-dom-client.development.js:15718:11)
      at recursivelyTraversePassiveMountEffects (node_modules/.pnpm/react-dom@19.2.3_react@19.2.3/node_modules/react-dom/cjs/react-dom-client.development.js:15439:11)
      at commitPassiveMountOnFiber (node_modules/.pnpm/react-dom@19.2.3_react@19.2.3/node_modules/react-dom/cjs/react-dom-client.development.js:15476:11)
      at recursivelyTraversePassiveMountEffects (node_modules/.pnpm/react-dom@19.2.3_react@19.2.3/node_modules/react-dom/cjs/react-dom-client.development.js:15439:11)
      at commitPassiveMountOnFiber (node_modules/.pnpm/react-dom@19.2.3_react@19.2.3/node_modules/react-dom/cjs/react-dom-client.development.js:15519:11)
      at flushPassiveEffects (node_modules/.pnpm/react-dom@19.2.3_react@19.2.3/node_modules/react-dom/cjs/react-dom-client.development.js:18432:9)
      at flushPendingEffects (node_modules/.pnpm/react-dom@19.2.3_react@19.2.3/node_modules/react-dom/cjs/react-dom-client.development.js:18358:14)
      at performSyncWorkOnRoot (node_modules/.pnpm/react-dom@19.2.3_react@19.2.3/node_modules/react-dom/cjs/react-dom-client.development.js:18969:11)
      at flushSyncWorkAcrossRoots_impl (node_modules/.pnpm/react-dom@19.2.3_react@19.2.3/node_modules/react-dom/cjs/react-dom-client.development.js:18814:21)
      at flushSpawnedWork (node_modules/.pnpm/react-dom@19.2.3_react@19.2.3/node_modules/react-dom/cjs/react-dom-client.development.js:18334:9)
      at commitRoot (node_modules/.pnpm/react-dom@19.2.3_react@19.2.3/node_modules/react-dom/cjs/react-dom-client.development.js:17955:9)
      at performWorkOnRoot (node_modules/.pnpm/react-dom@19.2.3_react@19.2.3/node_modules/react-dom/cjs/react-dom-client.development.js:16667:15)
      at performWorkOnRootViaSchedulerTask (node_modules/.pnpm/react-dom@19.2.3_react@19.2.3/node_modules/react-dom/cjs/react-dom-client.development.js:18957:7)
      at flushActQueue (node_modules/.pnpm/react@19.2.3/node_modules/react/cjs/react.development.js:590:34)
      at node_modules/.pnpm/react@19.2.3/node_modules/react/cjs/react.development.js:847:21

  ● ModernDashboard › handles loading with no metrics

    ReferenceError: structuredClone is not defined

      at new TapAndDragGesture (node_modules/.pnpm/@mui+x-internal-gestures@0.4.0/node_modules/@mui/x-internal-gestures/core/gestures/TapAndDragGesture.js:92:23)
      at node_modules/.pnpm/@mui+x-charts@8.23.0_@emotion+react@11.14.0_@types+react@19.2.7_react@19.2.3__@emotion+_f046b17db1eec8074c520ede55d3423e/node_modules/@mui/x-charts/internals/plugins/corePlugins/useChartInteractionListener/useChartInteractionListener.js:56:13
      at Object.react_stack_bottom_frame (node_modules/.pnpm/react-dom@19.2.3_react@19.2.3/node_modules/react-dom/cjs/react-dom-client.development.js:25989:20)
      at runWithFiberInDEV (node_modules/.pnpm/react-dom@19.2.3_react@19.2.3/node_modules/react-dom/cjs/react-dom-client.development.js:874:13)
      at commitHookEffectListMount (node_modules/.pnpm/react-dom@19.2.3_react@19.2.3/node_modules/react-dom/cjs/react-dom-client.development.js:13249:29)
      at commitHookPassiveMountEffects (node_modules/.pnpm/react-dom@19.2.3_react@19.2.3/node_modules/react-dom/cjs/react-dom-client.development.js:13336:11)
      at commitPassiveMountOnFiber (node_modules/.pnpm/react-dom@19.2.3_react@19.2.3/node_modules/react-dom/cjs/react-dom-client.development.js:15484:13)
      at recursivelyTraversePassiveMountEffects (node_modules/.pnpm/react-dom@19.2.3_react@19.2.3/node_modules/react-dom/cjs/react-dom-client.development.js:15439:11)
      at commitPassiveMountOnFiber (node_modules/.pnpm/react-dom@19.2.3_react@19.2.3/node_modules/react-dom/cjs/react-dom-client.development.js:15476:11)
      at recursivelyTraversePassiveMountEffects (node_modules/.pnpm/react-dom@19.2.3_react@19.2.3/node_modules/react-dom/cjs/react-dom-client.development.js:15439:11)
      at commitPassiveMountOnFiber (node_modules/.pnpm/react-dom@19.2.3_react@19.2.3/node_modules/react-dom/cjs/react-dom-client.development.js:15476:11)
      at recursivelyTraversePassiveMountEffects (node_modules/.pnpm/react-dom@19.2.3_react@19.2.3/node_modules/react-dom/cjs/react-dom-client.development.js:15439:11)
      at commitPassiveMountOnFiber (node_modules/.pnpm/react-dom@19.2.3_react@19.2.3/node_modules/react-dom/cjs/react-dom-client.development.js:15718:11)
      at recursivelyTraversePassiveMountEffects (node_modules/.pnpm/react-dom@19.2.3_react@19.2.3/node_modules/react-dom/cjs/react-dom-client.development.js:15439:11)
      at commitPassiveMountOnFiber (node_modules/.pnpm/react-dom@19.2.3_react@19.2.3/node_modules/react-dom/cjs/react-dom-client.development.js:15476:11)
      at recursivelyTraversePassiveMountEffects (node_modules/.pnpm/react-dom@19.2.3_react@19.2.3/node_modules/react-dom/cjs/react-dom-client.development.js:15439:11)
      at commitPassiveMountOnFiber (node_modules/.pnpm/react-dom@19.2.3_react@19.2.3/node_modules/react-dom/cjs/react-dom-client.development.js:15476:11)
      at recursivelyTraversePassiveMountEffects (node_modules/.pnpm/react-dom@19.2.3_react@19.2.3/node_modules/react-dom/cjs/react-dom-client.development.js:15439:11)
      at commitPassiveMountOnFiber (node_modules/.pnpm/react-dom@19.2.3_react@19.2.3/node_modules/react-dom/cjs/react-dom-client.development.js:15718:11)
      at recursivelyTraversePassiveMountEffects (node_modules/.pnpm/react-dom@19.2.3_react@19.2.3/node_modules/react-dom/cjs/react-dom-client.development.js:15439:11)
      at commitPassiveMountOnFiber (node_modules/.pnpm/react-dom@19.2.3_react@19.2.3/node_modules/react-dom/cjs/react-dom-client.development.js:15476:11)
      at recursivelyTraversePassiveMountEffects (node_modules/.pnpm/react-dom@19.2.3_react@19.2.3/node_modules/react-dom/cjs/react-dom-client.development.js:15439:11)
      at commitPassiveMountOnFiber (node_modules/.pnpm/react-dom@19.2.3_react@19.2.3/node_modules/react-dom/cjs/react-dom-client.development.js:15476:11)
      at recursivelyTraversePassiveMountEffects (node_modules/.pnpm/react-dom@19.2.3_react@19.2.3/node_modules/react-dom/cjs/react-dom-client.development.js:15439:11)
      at commitPassiveMountOnFiber (node_modules/.pnpm/react-dom@19.2.3_react@19.2.3/node_modules/react-dom/cjs/react-dom-client.development.js:15476:11)
      at recursivelyTraversePassiveMountEffects (node_modules/.pnpm/react-dom@19.2.3_react@19.2.3/node_modules/react-dom/cjs/react-dom-client.development.js:15439:11)
      at commitPassiveMountOnFiber (node_modules/.pnpm/react-dom@19.2.3_react@19.2.3/node_modules/react-dom/cjs/react-dom-client.development.js:15476:11)
      at recursivelyTraversePassiveMountEffects (node_modules/.pnpm/react-dom@19.2.3_react@19.2.3/node_modules/react-dom/cjs/react-dom-client.development.js:15439:11)
      at commitPassiveMountOnFiber (node_modules/.pnpm/react-dom@19.2.3_react@19.2.3/node_modules/react-dom/cjs/react-dom-client.development.js:15476:11)
      at recursivelyTraversePassiveMountEffects (node_modules/.pnpm/react-dom@19.2.3_react@19.2.3/node_modules/react-dom/cjs/react-dom-client.development.js:15439:11)
      at commitPassiveMountOnFiber (node_modules/.pnpm/react-dom@19.2.3_react@19.2.3/node_modules/react-dom/cjs/react-dom-client.development.js:15718:11)
      at recursivelyTraversePassiveMountEffects (node_modules/.pnpm/react-dom@19.2.3_react@19.2.3/node_modules/react-dom/cjs/react-dom-client.development.js:15439:11)
      at commitPassiveMountOnFiber (node_modules/.pnpm/react-dom@19.2.3_react@19.2.3/node_modules/react-dom/cjs/react-dom-client.development.js:15476:11)
      at recursivelyTraversePassiveMountEffects (node_modules/.pnpm/react-dom@19.2.3_react@19.2.3/node_modules/react-dom/cjs/react-dom-client.development.js:15439:11)
      at commitPassiveMountOnFiber (node_modules/.pnpm/react-dom@19.2.3_react@19.2.3/node_modules/react-dom/cjs/react-dom-client.development.js:15476:11)
      at recursivelyTraversePassiveMountEffects (node_modules/.pnpm/react-dom@19.2.3_react@19.2.3/node_modules/react-dom/cjs/react-dom-client.development.js:15439:11)
      at commitPassiveMountOnFiber (node_modules/.pnpm/react-dom@19.2.3_react@19.2.3/node_modules/react-dom/cjs/react-dom-client.development.js:15718:11)
      at recursivelyTraversePassiveMountEffects (node_modules/.pnpm/react-dom@19.2.3_react@19.2.3/node_modules/react-dom/cjs/react-dom-client.development.js:15439:11)
      at commitPassiveMountOnFiber (node_modules/.pnpm/react-dom@19.2.3_react@19.2.3/node_modules/react-dom/cjs/react-dom-client.development.js:15476:11)
      at recursivelyTraversePassiveMountEffects (node_modules/.pnpm/react-dom@19.2.3_react@19.2.3/node_modules/react-dom/cjs/react-dom-client.development.js:15439:11)
      at commitPassiveMountOnFiber (node_modules/.pnpm/react-dom@19.2.3_react@19.2.3/node_modules/react-dom/cjs/react-dom-client.development.js:15476:11)
      at recursivelyTraversePassiveMountEffects (node_modules/.pnpm/react-dom@19.2.3_react@19.2.3/node_modules/react-dom/cjs/react-dom-client.development.js:15439:11)
      at commitPassiveMountOnFiber (node_modules/.pnpm/react-dom@19.2.3_react@19.2.3/node_modules/react-dom/cjs/react-dom-client.development.js:15718:11)
      at recursivelyTraversePassiveMountEffects (node_modules/.pnpm/react-dom@19.2.3_react@19.2.3/node_modules/react-dom/cjs/react-dom-client.development.js:15439:11)
      at commitPassiveMountOnFiber (node_modules/.pnpm/react-dom@19.2.3_react@19.2.3/node_modules/react-dom/cjs/react-dom-client.development.js:15476:11)
      at recursivelyTraversePassiveMountEffects (node_modules/.pnpm/react-dom@19.2.3_react@19.2.3/node_modules/react-dom/cjs/react-dom-client.development.js:15439:11)
      at commitPassiveMountOnFiber (node_modules/.pnpm/react-dom@19.2.3_react@19.2.3/node_modules/react-dom/cjs/react-dom-client.development.js:15476:11)
      at recursivelyTraversePassiveMountEffects (node_modules/.pnpm/react-dom@19.2.3_react@19.2.3/node_modules/react-dom/cjs/react-dom-client.development.js:15439:11)
      at commitPassiveMountOnFiber (node_modules/.pnpm/react-dom@19.2.3_react@19.2.3/node_modules/react-dom/cjs/react-dom-client.development.js:15476:11)
      at recursivelyTraversePassiveMountEffects (node_modules/.pnpm/react-dom@19.2.3_react@19.2.3/node_modules/react-dom/cjs/react-dom-client.development.js:15439:11)
      at commitPassiveMountOnFiber (node_modules/.pnpm/react-dom@19.2.3_react@19.2.3/node_modules/react-dom/cjs/react-dom-client.development.js:15718:11)
      at recursivelyTraversePassiveMountEffects (node_modules/.pnpm/react-dom@19.2.3_react@19.2.3/node_modules/react-dom/cjs/react-dom-client.development.js:15439:11)
      at commitPassiveMountOnFiber (node_modules/.pnpm/react-dom@19.2.3_react@19.2.3/node_modules/react-dom/cjs/react-dom-client.development.js:15476:11)
      at recursivelyTraversePassiveMountEffects (node_modules/.pnpm/react-dom@19.2.3_react@19.2.3/node_modules/react-dom/cjs/react-dom-client.development.js:15439:11)
      at commitPassiveMountOnFiber (node_modules/.pnpm/react-dom@19.2.3_react@19.2.3/node_modules/react-dom/cjs/react-dom-client.development.js:15718:11)
      at recursivelyTraversePassiveMountEffects (node_modules/.pnpm/react-dom@19.2.3_react@19.2.3/node_modules/react-dom/cjs/react-dom-client.development.js:15439:11)
      at commitPassiveMountOnFiber (node_modules/.pnpm/react-dom@19.2.3_react@19.2.3/node_modules/react-dom/cjs/react-dom-client.development.js:15476:11)
      at recursivelyTraversePassiveMountEffects (node_modules/.pnpm/react-dom@19.2.3_react@19.2.3/node_modules/react-dom/cjs/react-dom-client.development.js:15439:11)
      at commitPassiveMountOnFiber (node_modules/.pnpm/react-dom@19.2.3_react@19.2.3/node_modules/react-dom/cjs/react-dom-client.development.js:15718:11)
      at recursivelyTraversePassiveMountEffects (node_modules/.pnpm/react-dom@19.2.3_react@19.2.3/node_modules/react-dom/cjs/react-dom-client.development.js:15439:11)
      at commitPassiveMountOnFiber (node_modules/.pnpm/react-dom@19.2.3_react@19.2.3/node_modules/react-dom/cjs/react-dom-client.development.js:15718:11)
      at recursivelyTraversePassiveMountEffects (node_modules/.pnpm/react-dom@19.2.3_react@19.2.3/node_modules/react-dom/cjs/react-dom-client.development.js:15439:11)
      at commitPassiveMountOnFiber (node_modules/.pnpm/react-dom@19.2.3_react@19.2.3/node_modules/react-dom/cjs/react-dom-client.development.js:15476:11)
      at recursivelyTraversePassiveMountEffects (node_modules/.pnpm/react-dom@19.2.3_react@19.2.3/node_modules/react-dom/cjs/react-dom-client.development.js:15439:11)
      at commitPassiveMountOnFiber (node_modules/.pnpm/react-dom@19.2.3_react@19.2.3/node_modules/react-dom/cjs/react-dom-client.development.js:15476:11)
      at recursivelyTraversePassiveMountEffects (node_modules/.pnpm/react-dom@19.2.3_react@19.2.3/node_modules/react-dom/cjs/react-dom-client.development.js:15439:11)
      at commitPassiveMountOnFiber (node_modules/.pnpm/react-dom@19.2.3_react@19.2.3/node_modules/react-dom/cjs/react-dom-client.development.js:15476:11)
      at recursivelyTraversePassiveMountEffects (node_modules/.pnpm/react-dom@19.2.3_react@19.2.3/node_modules/react-dom/cjs/react-dom-client.development.js:15439:11)
      at commitPassiveMountOnFiber (node_modules/.pnpm/react-dom@19.2.3_react@19.2.3/node_modules/react-dom/cjs/react-dom-client.development.js:15476:11)
      at recursivelyTraversePassiveMountEffects (node_modules/.pnpm/react-dom@19.2.3_react@19.2.3/node_modules/react-dom/cjs/react-dom-client.development.js:15439:11)
      at commitPassiveMountOnFiber (node_modules/.pnpm/react-dom@19.2.3_react@19.2.3/node_modules/react-dom/cjs/react-dom-client.development.js:15718:11)
      at recursivelyTraversePassiveMountEffects (node_modules/.pnpm/react-dom@19.2.3_react@19.2.3/node_modules/react-dom/cjs/react-dom-client.development.js:15439:11)
      at commitPassiveMountOnFiber (node_modules/.pnpm/react-dom@19.2.3_react@19.2.3/node_modules/react-dom/cjs/react-dom-client.development.js:15476:11)
      at recursivelyTraversePassiveMountEffects (node_modules/.pnpm/react-dom@19.2.3_react@19.2.3/node_modules/react-dom/cjs/react-dom-client.development.js:15439:11)
      at commitPassiveMountOnFiber (node_modules/.pnpm/react-dom@19.2.3_react@19.2.3/node_modules/react-dom/cjs/react-dom-client.development.js:15519:11)
      at flushPassiveEffects (node_modules/.pnpm/react-dom@19.2.3_react@19.2.3/node_modules/react-dom/cjs/react-dom-client.development.js:18432:9)
      at flushPendingEffects (node_modules/.pnpm/react-dom@19.2.3_react@19.2.3/node_modules/react-dom/cjs/react-dom-client.development.js:18358:14)
      at performSyncWorkOnRoot (node_modules/.pnpm/react-dom@19.2.3_react@19.2.3/node_modules/react-dom/cjs/react-dom-client.development.js:18969:11)
      at flushSyncWorkAcrossRoots_impl (node_modules/.pnpm/react-dom@19.2.3_react@19.2.3/node_modules/react-dom/cjs/react-dom-client.development.js:18814:21)
      at flushSpawnedWork (node_modules/.pnpm/react-dom@19.2.3_react@19.2.3/node_modules/react-dom/cjs/react-dom-client.development.js:18334:9)
      at commitRoot (node_modules/.pnpm/react-dom@19.2.3_react@19.2.3/node_modules/react-dom/cjs/react-dom-client.development.js:17955:9)
      at performWorkOnRoot (node_modules/.pnpm/react-dom@19.2.3_react@19.2.3/node_modules/react-dom/cjs/react-dom-client.development.js:16667:15)
      at performWorkOnRootViaSchedulerTask (node_modules/.pnpm/react-dom@19.2.3_react@19.2.3/node_modules/react-dom/cjs/react-dom-client.development.js:18957:7)
      at flushActQueue (node_modules/.pnpm/react@19.2.3/node_modules/react/cjs/react.development.js:590:34)
      at node_modules/.pnpm/react@19.2.3/node_modules/react/cjs/react.development.js:847:21

  ● ModernDashboard › handles loading with no metrics

    ReferenceError: structuredClone is not defined

      at new TapAndDragGesture (node_modules/.pnpm/@mui+x-internal-gestures@0.4.0/node_modules/@mui/x-internal-gestures/core/gestures/TapAndDragGesture.js:92:23)
      at node_modules/.pnpm/@mui+x-charts@8.23.0_@emotion+react@11.14.0_@types+react@19.2.7_react@19.2.3__@emotion+_f046b17db1eec8074c520ede55d3423e/node_modules/@mui/x-charts/internals/plugins/corePlugins/useChartInteractionListener/useChartInteractionListener.js:56:13
      at Object.react_stack_bottom_frame (node_modules/.pnpm/react-dom@19.2.3_react@19.2.3/node_modules/react-dom/cjs/react-dom-client.development.js:25989:20)
      at runWithFiberInDEV (node_modules/.pnpm/react-dom@19.2.3_react@19.2.3/node_modules/react-dom/cjs/react-dom-client.development.js:874:13)
      at commitHookEffectListMount (node_modules/.pnpm/react-dom@19.2.3_react@19.2.3/node_modules/react-dom/cjs/react-dom-client.development.js:13249:29)
      at commitHookPassiveMountEffects (node_modules/.pnpm/react-dom@19.2.3_react@19.2.3/node_modules/react-dom/cjs/react-dom-client.development.js:13336:11)
      at commitPassiveMountOnFiber (node_modules/.pnpm/react-dom@19.2.3_react@19.2.3/node_modules/react-dom/cjs/react-dom-client.development.js:15484:13)
      at recursivelyTraversePassiveMountEffects (node_modules/.pnpm/react-dom@19.2.3_react@19.2.3/node_modules/react-dom/cjs/react-dom-client.development.js:15439:11)
      at commitPassiveMountOnFiber (node_modules/.pnpm/react-dom@19.2.3_react@19.2.3/node_modules/react-dom/cjs/react-dom-client.development.js:15476:11)
      at recursivelyTraversePassiveMountEffects (node_modules/.pnpm/react-dom@19.2.3_react@19.2.3/node_modules/react-dom/cjs/react-dom-client.development.js:15439:11)
      at commitPassiveMountOnFiber (node_modules/.pnpm/react-dom@19.2.3_react@19.2.3/node_modules/react-dom/cjs/react-dom-client.development.js:15476:11)
      at recursivelyTraversePassiveMountEffects (node_modules/.pnpm/react-dom@19.2.3_react@19.2.3/node_modules/react-dom/cjs/react-dom-client.development.js:15439:11)
      at commitPassiveMountOnFiber (node_modules/.pnpm/react-dom@19.2.3_react@19.2.3/node_modules/react-dom/cjs/react-dom-client.development.js:15718:11)
      at recursivelyTraversePassiveMountEffects (node_modules/.pnpm/react-dom@19.2.3_react@19.2.3/node_modules/react-dom/cjs/react-dom-client.development.js:15439:11)
      at commitPassiveMountOnFiber (node_modules/.pnpm/react-dom@19.2.3_react@19.2.3/node_modules/react-dom/cjs/react-dom-client.development.js:15476:11)
      at recursivelyTraversePassiveMountEffects (node_modules/.pnpm/react-dom@19.2.3_react@19.2.3/node_modules/react-dom/cjs/react-dom-client.development.js:15439:11)
      at commitPassiveMountOnFiber (node_modules/.pnpm/react-dom@19.2.3_react@19.2.3/node_modules/react-dom/cjs/react-dom-client.development.js:15476:11)
      at recursivelyTraversePassiveMountEffects (node_modules/.pnpm/react-dom@19.2.3_react@19.2.3/node_modules/react-dom/cjs/react-dom-client.development.js:15439:11)
      at commitPassiveMountOnFiber (node_modules/.pnpm/react-dom@19.2.3_react@19.2.3/node_modules/react-dom/cjs/react-dom-client.development.js:15718:11)
      at recursivelyTraversePassiveMountEffects (node_modules/.pnpm/react-dom@19.2.3_react@19.2.3/node_modules/react-dom/cjs/react-dom-client.development.js:15439:11)
      at commitPassiveMountOnFiber (node_modules/.pnpm/react-dom@19.2.3_react@19.2.3/node_modules/react-dom/cjs/react-dom-client.development.js:15476:11)
      at recursivelyTraversePassiveMountEffects (node_modules/.pnpm/react-dom@19.2.3_react@19.2.3/node_modules/react-dom/cjs/react-dom-client.development.js:15439:11)
      at commitPassiveMountOnFiber (node_modules/.pnpm/react-dom@19.2.3_react@19.2.3/node_modules/react-dom/cjs/react-dom-client.development.js:15476:11)
      at recursivelyTraversePassiveMountEffects (node_modules/.pnpm/react-dom@19.2.3_react@19.2.3/node_modules/react-dom/cjs/react-dom-client.development.js:15439:11)
      at commitPassiveMountOnFiber (node_modules/.pnpm/react-dom@19.2.3_react@19.2.3/node_modules/react-dom/cjs/react-dom-client.development.js:15476:11)
      at recursivelyTraversePassiveMountEffects (node_modules/.pnpm/react-dom@19.2.3_react@19.2.3/node_modules/react-dom/cjs/react-dom-client.development.js:15439:11)
      at commitPassiveMountOnFiber (node_modules/.pnpm/react-dom@19.2.3_react@19.2.3/node_modules/react-dom/cjs/react-dom-client.development.js:15476:11)
      at recursivelyTraversePassiveMountEffects (node_modules/.pnpm/react-dom@19.2.3_react@19.2.3/node_modules/react-dom/cjs/react-dom-client.development.js:15439:11)
      at commitPassiveMountOnFiber (node_modules/.pnpm/react-dom@19.2.3_react@19.2.3/node_modules/react-dom/cjs/react-dom-client.development.js:15476:11)
      at recursivelyTraversePassiveMountEffects (node_modules/.pnpm/react-dom@19.2.3_react@19.2.3/node_modules/react-dom/cjs/react-dom-client.development.js:15439:11)
      at commitPassiveMountOnFiber (node_modules/.pnpm/react-dom@19.2.3_react@19.2.3/node_modules/react-dom/cjs/react-dom-client.development.js:15718:11)
      at recursivelyTraversePassiveMountEffects (node_modules/.pnpm/react-dom@19.2.3_react@19.2.3/node_modules/react-dom/cjs/react-dom-client.development.js:15439:11)
      at commitPassiveMountOnFiber (node_modules/.pnpm/react-dom@19.2.3_react@19.2.3/node_modules/react-dom/cjs/react-dom-client.development.js:15476:11)
      at recursivelyTraversePassiveMountEffects (node_modules/.pnpm/react-dom@19.2.3_react@19.2.3/node_modules/react-dom/cjs/react-dom-client.development.js:15439:11)
      at commitPassiveMountOnFiber (node_modules/.pnpm/react-dom@19.2.3_react@19.2.3/node_modules/react-dom/cjs/react-dom-client.development.js:15476:11)
      at recursivelyTraversePassiveMountEffects (node_modules/.pnpm/react-dom@19.2.3_react@19.2.3/node_modules/react-dom/cjs/react-dom-client.development.js:15439:11)
      at commitPassiveMountOnFiber (node_modules/.pnpm/react-dom@19.2.3_react@19.2.3/node_modules/react-dom/cjs/react-dom-client.development.js:15718:11)
      at recursivelyTraversePassiveMountEffects (node_modules/.pnpm/react-dom@19.2.3_react@19.2.3/node_modules/react-dom/cjs/react-dom-client.development.js:15439:11)
      at commitPassiveMountOnFiber (node_modules/.pnpm/react-dom@19.2.3_react@19.2.3/node_modules/react-dom/cjs/react-dom-client.development.js:15476:11)
      at recursivelyTraversePassiveMountEffects (node_modules/.pnpm/react-dom@19.2.3_react@19.2.3/node_modules/react-dom/cjs/react-dom-client.development.js:15439:11)
      at commitPassiveMountOnFiber (node_modules/.pnpm/react-dom@19.2.3_react@19.2.3/node_modules/react-dom/cjs/react-dom-client.development.js:15476:11)
      at recursivelyTraversePassiveMountEffects (node_modules/.pnpm/react-dom@19.2.3_react@19.2.3/node_modules/react-dom/cjs/react-dom-client.development.js:15439:11)
      at commitPassiveMountOnFiber (node_modules/.pnpm/react-dom@19.2.3_react@19.2.3/node_modules/react-dom/cjs/react-dom-client.development.js:15718:11)
      at recursivelyTraversePassiveMountEffects (node_modules/.pnpm/react-dom@19.2.3_react@19.2.3/node_modules/react-dom/cjs/react-dom-client.development.js:15439:11)
      at commitPassiveMountOnFiber (node_modules/.pnpm/react-dom@19.2.3_react@19.2.3/node_modules/react-dom/cjs/react-dom-client.development.js:15476:11)
      at recursivelyTraversePassiveMountEffects (node_modules/.pnpm/react-dom@19.2.3_react@19.2.3/node_modules/react-dom/cjs/react-dom-client.development.js:15439:11)
      at commitPassiveMountOnFiber (node_modules/.pnpm/react-dom@19.2.3_react@19.2.3/node_modules/react-dom/cjs/react-dom-client.development.js:15476:11)
      at recursivelyTraversePassiveMountEffects (node_modules/.pnpm/react-dom@19.2.3_react@19.2.3/node_modules/react-dom/cjs/react-dom-client.development.js:15439:11)
      at commitPassiveMountOnFiber (node_modules/.pnpm/react-dom@19.2.3_react@19.2.3/node_modules/react-dom/cjs/react-dom-client.development.js:15476:11)
      at recursivelyTraversePassiveMountEffects (node_modules/.pnpm/react-dom@19.2.3_react@19.2.3/node_modules/react-dom/cjs/react-dom-client.development.js:15439:11)
      at commitPassiveMountOnFiber (node_modules/.pnpm/react-dom@19.2.3_react@19.2.3/node_modules/react-dom/cjs/react-dom-client.development.js:15718:11)
      at recursivelyTraversePassiveMountEffects (node_modules/.pnpm/react-dom@19.2.3_react@19.2.3/node_modules/react-dom/cjs/react-dom-client.development.js:15439:11)
      at commitPassiveMountOnFiber (node_modules/.pnpm/react-dom@19.2.3_react@19.2.3/node_modules/react-dom/cjs/react-dom-client.development.js:15476:11)
      at recursivelyTraversePassiveMountEffects (node_modules/.pnpm/react-dom@19.2.3_react@19.2.3/node_modules/react-dom/cjs/react-dom-client.development.js:15439:11)
      at commitPassiveMountOnFiber (node_modules/.pnpm/react-dom@19.2.3_react@19.2.3/node_modules/react-dom/cjs/react-dom-client.development.js:15718:11)
      at recursivelyTraversePassiveMountEffects (node_modules/.pnpm/react-dom@19.2.3_react@19.2.3/node_modules/react-dom/cjs/react-dom-client.development.js:15439:11)
      at commitPassiveMountOnFiber (node_modules/.pnpm/react-dom@19.2.3_react@19.2.3/node_modules/react-dom/cjs/react-dom-client.development.js:15476:11)
      at recursivelyTraversePassiveMountEffects (node_modules/.pnpm/react-dom@19.2.3_react@19.2.3/node_modules/react-dom/cjs/react-dom-client.development.js:15439:11)
      at commitPassiveMountOnFiber (node_modules/.pnpm/react-dom@19.2.3_react@19.2.3/node_modules/react-dom/cjs/react-dom-client.development.js:15718:11)
      at recursivelyTraversePassiveMountEffects (node_modules/.pnpm/react-dom@19.2.3_react@19.2.3/node_modules/react-dom/cjs/react-dom-client.development.js:15439:11)
      at commitPassiveMountOnFiber (node_modules/.pnpm/react-dom@19.2.3_react@19.2.3/node_modules/react-dom/cjs/react-dom-client.development.js:15718:11)
      at recursivelyTraversePassiveMountEffects (node_modules/.pnpm/react-dom@19.2.3_react@19.2.3/node_modules/react-dom/cjs/react-dom-client.development.js:15439:11)
      at commitPassiveMountOnFiber (node_modules/.pnpm/react-dom@19.2.3_react@19.2.3/node_modules/react-dom/cjs/react-dom-client.development.js:15476:11)
      at recursivelyTraversePassiveMountEffects (node_modules/.pnpm/react-dom@19.2.3_react@19.2.3/node_modules/react-dom/cjs/react-dom-client.development.js:15439:11)
      at commitPassiveMountOnFiber (node_modules/.pnpm/react-dom@19.2.3_react@19.2.3/node_modules/react-dom/cjs/react-dom-client.development.js:15476:11)
      at recursivelyTraversePassiveMountEffects (node_modules/.pnpm/react-dom@19.2.3_react@19.2.3/node_modules/react-dom/cjs/react-dom-client.development.js:15439:11)
      at commitPassiveMountOnFiber (node_modules/.pnpm/react-dom@19.2.3_react@19.2.3/node_modules/react-dom/cjs/react-dom-client.development.js:15476:11)
      at recursivelyTraversePassiveMountEffects (node_modules/.pnpm/react-dom@19.2.3_react@19.2.3/node_modules/react-dom/cjs/react-dom-client.development.js:15439:11)
      at commitPassiveMountOnFiber (node_modules/.pnpm/react-dom@19.2.3_react@19.2.3/node_modules/react-dom/cjs/react-dom-client.development.js:15476:11)
      at recursivelyTraversePassiveMountEffects (node_modules/.pnpm/react-dom@19.2.3_react@19.2.3/node_modules/react-dom/cjs/react-dom-client.development.js:15439:11)
      at commitPassiveMountOnFiber (node_modules/.pnpm/react-dom@19.2.3_react@19.2.3/node_modules/react-dom/cjs/react-dom-client.development.js:15718:11)
      at recursivelyTraversePassiveMountEffects (node_modules/.pnpm/react-dom@19.2.3_react@19.2.3/node_modules/react-dom/cjs/react-dom-client.development.js:15439:11)
      at commitPassiveMountOnFiber (node_modules/.pnpm/react-dom@19.2.3_react@19.2.3/node_modules/react-dom/cjs/react-dom-client.development.js:15476:11)
      at recursivelyTraversePassiveMountEffects (node_modules/.pnpm/react-dom@19.2.3_react@19.2.3/node_modules/react-dom/cjs/react-dom-client.development.js:15439:11)
      at commitPassiveMountOnFiber (node_modules/.pnpm/react-dom@19.2.3_react@19.2.3/node_modules/react-dom/cjs/react-dom-client.development.js:15519:11)
      at flushPassiveEffects (node_modules/.pnpm/react-dom@19.2.3_react@19.2.3/node_modules/react-dom/cjs/react-dom-client.development.js:18432:9)
      at flushPendingEffects (node_modules/.pnpm/react-dom@19.2.3_react@19.2.3/node_modules/react-dom/cjs/react-dom-client.development.js:18358:14)
      at performSyncWorkOnRoot (node_modules/.pnpm/react-dom@19.2.3_react@19.2.3/node_modules/react-dom/cjs/react-dom-client.development.js:18969:11)
      at flushSyncWorkAcrossRoots_impl (node_modules/.pnpm/react-dom@19.2.3_react@19.2.3/node_modules/react-dom/cjs/react-dom-client.development.js:18814:21)
      at flushSpawnedWork (node_modules/.pnpm/react-dom@19.2.3_react@19.2.3/node_modules/react-dom/cjs/react-dom-client.development.js:18334:9)
      at commitRoot (node_modules/.pnpm/react-dom@19.2.3_react@19.2.3/node_modules/react-dom/cjs/react-dom-client.development.js:17955:9)
      at performWorkOnRoot (node_modules/.pnpm/react-dom@19.2.3_react@19.2.3/node_modules/react-dom/cjs/react-dom-client.development.js:16667:15)
      at performWorkOnRootViaSchedulerTask (node_modules/.pnpm/react-dom@19.2.3_react@19.2.3/node_modules/react-dom/cjs/react-dom-client.development.js:18957:7)
      at flushActQueue (node_modules/.pnpm/react@19.2.3/node_modules/react/cjs/react.development.js:590:34)
      at node_modules/.pnpm/react@19.2.3/node_modules/react/cjs/react.development.js:847:21

  ● ModernDashboard › handles loading with no metrics

    ReferenceError: structuredClone is not defined

      at new TapAndDragGesture (node_modules/.pnpm/@mui+x-internal-gestures@0.4.0/node_modules/@mui/x-internal-gestures/core/gestures/TapAndDragGesture.js:92:23)
      at node_modules/.pnpm/@mui+x-charts@8.23.0_@emotion+react@11.14.0_@types+react@19.2.7_react@19.2.3__@emotion+_f046b17db1eec8074c520ede55d3423e/node_modules/@mui/x-charts/internals/plugins/corePlugins/useChartInteractionListener/useChartInteractionListener.js:56:13
      at Object.react_stack_bottom_frame (node_modules/.pnpm/react-dom@19.2.3_react@19.2.3/node_modules/react-dom/cjs/react-dom-client.development.js:25989:20)
      at runWithFiberInDEV (node_modules/.pnpm/react-dom@19.2.3_react@19.2.3/node_modules/react-dom/cjs/react-dom-client.development.js:874:13)
      at commitHookEffectListMount (node_modules/.pnpm/react-dom@19.2.3_react@19.2.3/node_modules/react-dom/cjs/react-dom-client.development.js:13249:29)
      at commitHookPassiveMountEffects (node_modules/.pnpm/react-dom@19.2.3_react@19.2.3/node_modules/react-dom/cjs/react-dom-client.development.js:13336:11)
      at commitPassiveMountOnFiber (node_modules/.pnpm/react-dom@19.2.3_react@19.2.3/node_modules/react-dom/cjs/react-dom-client.development.js:15484:13)
      at recursivelyTraversePassiveMountEffects (node_modules/.pnpm/react-dom@19.2.3_react@19.2.3/node_modules/react-dom/cjs/react-dom-client.development.js:15439:11)
      at commitPassiveMountOnFiber (node_modules/.pnpm/react-dom@19.2.3_react@19.2.3/node_modules/react-dom/cjs/react-dom-client.development.js:15476:11)
      at recursivelyTraversePassiveMountEffects (node_modules/.pnpm/react-dom@19.2.3_react@19.2.3/node_modules/react-dom/cjs/react-dom-client.development.js:15439:11)
      at commitPassiveMountOnFiber (node_modules/.pnpm/react-dom@19.2.3_react@19.2.3/node_modules/react-dom/cjs/react-dom-client.development.js:15476:11)
      at recursivelyTraversePassiveMountEffects (node_modules/.pnpm/react-dom@19.2.3_react@19.2.3/node_modules/react-dom/cjs/react-dom-client.development.js:15439:11)
      at commitPassiveMountOnFiber (node_modules/.pnpm/react-dom@19.2.3_react@19.2.3/node_modules/react-dom/cjs/react-dom-client.development.js:15718:11)
      at recursivelyTraversePassiveMountEffects (node_modules/.pnpm/react-dom@19.2.3_react@19.2.3/node_modules/react-dom/cjs/react-dom-client.development.js:15439:11)
      at commitPassiveMountOnFiber (node_modules/.pnpm/react-dom@19.2.3_react@19.2.3/node_modules/react-dom/cjs/react-dom-client.development.js:15476:11)
      at recursivelyTraversePassiveMountEffects (node_modules/.pnpm/react-dom@19.2.3_react@19.2.3/node_modules/react-dom/cjs/react-dom-client.development.js:15439:11)
      at commitPassiveMountOnFiber (node_modules/.pnpm/react-dom@19.2.3_react@19.2.3/node_modules/react-dom/cjs/react-dom-client.development.js:15476:11)
      at recursivelyTraversePassiveMountEffects (node_modules/.pnpm/react-dom@19.2.3_react@19.2.3/node_modules/react-dom/cjs/react-dom-client.development.js:15439:11)
      at commitPassiveMountOnFiber (node_modules/.pnpm/react-dom@19.2.3_react@19.2.3/node_modules/react-dom/cjs/react-dom-client.development.js:15718:11)
      at recursivelyTraversePassiveMountEffects (node_modules/.pnpm/react-dom@19.2.3_react@19.2.3/node_modules/react-dom/cjs/react-dom-client.development.js:15439:11)
      at commitPassiveMountOnFiber (node_modules/.pnpm/react-dom@19.2.3_react@19.2.3/node_modules/react-dom/cjs/react-dom-client.development.js:15476:11)
      at recursivelyTraversePassiveMountEffects (node_modules/.pnpm/react-dom@19.2.3_react@19.2.3/node_modules/react-dom/cjs/react-dom-client.development.js:15439:11)
      at commitPassiveMountOnFiber (node_modules/.pnpm/react-dom@19.2.3_react@19.2.3/node_modules/react-dom/cjs/react-dom-client.development.js:15476:11)
      at recursivelyTraversePassiveMountEffects (node_modules/.pnpm/react-dom@19.2.3_react@19.2.3/node_modules/react-dom/cjs/react-dom-client.development.js:15439:11)
      at commitPassiveMountOnFiber (node_modules/.pnpm/react-dom@19.2.3_react@19.2.3/node_modules/react-dom/cjs/react-dom-client.development.js:15476:11)
      at recursivelyTraversePassiveMountEffects (node_modules/.pnpm/react-dom@19.2.3_react@19.2.3/node_modules/react-dom/cjs/react-dom-client.development.js:15439:11)
      at commitPassiveMountOnFiber (node_modules/.pnpm/react-dom@19.2.3_react@19.2.3/node_modules/react-dom/cjs/react-dom-client.development.js:15476:11)
      at recursivelyTraversePassiveMountEffects (node_modules/.pnpm/react-dom@19.2.3_react@19.2.3/node_modules/react-dom/cjs/react-dom-client.development.js:15439:11)
      at commitPassiveMountOnFiber (node_modules/.pnpm/react-dom@19.2.3_react@19.2.3/node_modules/react-dom/cjs/react-dom-client.development.js:15476:11)
      at recursivelyTraversePassiveMountEffects (node_modules/.pnpm/react-dom@19.2.3_react@19.2.3/node_modules/react-dom/cjs/react-dom-client.development.js:15439:11)
      at commitPassiveMountOnFiber (node_modules/.pnpm/react-dom@19.2.3_react@19.2.3/node_modules/react-dom/cjs/react-dom-client.development.js:15718:11)
      at recursivelyTraversePassiveMountEffects (node_modules/.pnpm/react-dom@19.2.3_react@19.2.3/node_modules/react-dom/cjs/react-dom-client.development.js:15439:11)
      at commitPassiveMountOnFiber (node_modules/.pnpm/react-dom@19.2.3_react@19.2.3/node_modules/react-dom/cjs/react-dom-client.development.js:15476:11)
      at recursivelyTraversePassiveMountEffects (node_modules/.pnpm/react-dom@19.2.3_react@19.2.3/node_modules/react-dom/cjs/react-dom-client.development.js:15439:11)
      at commitPassiveMountOnFiber (node_modules/.pnpm/react-dom@19.2.3_react@19.2.3/node_modules/react-dom/cjs/react-dom-client.development.js:15476:11)
      at recursivelyTraversePassiveMountEffects (node_modules/.pnpm/react-dom@19.2.3_react@19.2.3/node_modules/react-dom/cjs/react-dom-client.development.js:15439:11)
      at commitPassiveMountOnFiber (node_modules/.pnpm/react-dom@19.2.3_react@19.2.3/node_modules/react-dom/cjs/react-dom-client.development.js:15718:11)
      at recursivelyTraversePassiveMountEffects (node_modules/.pnpm/react-dom@19.2.3_react@19.2.3/node_modules/react-dom/cjs/react-dom-client.development.js:15439:11)
      at commitPassiveMountOnFiber (node_modules/.pnpm/react-dom@19.2.3_react@19.2.3/node_modules/react-dom/cjs/react-dom-client.development.js:15476:11)
      at recursivelyTraversePassiveMountEffects (node_modules/.pnpm/react-dom@19.2.3_react@19.2.3/node_modules/react-dom/cjs/react-dom-client.development.js:15439:11)
      at commitPassiveMountOnFiber (node_modules/.pnpm/react-dom@19.2.3_react@19.2.3/node_modules/react-dom/cjs/react-dom-client.development.js:15476:11)
      at recursivelyTraversePassiveMountEffects (node_modules/.pnpm/react-dom@19.2.3_react@19.2.3/node_modules/react-dom/cjs/react-dom-client.development.js:15439:11)
      at commitPassiveMountOnFiber (node_modules/.pnpm/react-dom@19.2.3_react@19.2.3/node_modules/react-dom/cjs/react-dom-client.development.js:15718:11)
      at recursivelyTraversePassiveMountEffects (node_modules/.pnpm/react-dom@19.2.3_react@19.2.3/node_modules/react-dom/cjs/react-dom-client.development.js:15439:11)
      at commitPassiveMountOnFiber (node_modules/.pnpm/react-dom@19.2.3_react@19.2.3/node_modules/react-dom/cjs/react-dom-client.development.js:15476:11)
      at recursivelyTraversePassiveMountEffects (node_modules/.pnpm/react-dom@19.2.3_react@19.2.3/node_modules/react-dom/cjs/react-dom-client.development.js:15439:11)
      at commitPassiveMountOnFiber (node_modules/.pnpm/react-dom@19.2.3_react@19.2.3/node_modules/react-dom/cjs/react-dom-client.development.js:15476:11)
      at recursivelyTraversePassiveMountEffects (node_modules/.pnpm/react-dom@19.2.3_react@19.2.3/node_modules/react-dom/cjs/react-dom-client.development.js:15439:11)
      at commitPassiveMountOnFiber (node_modules/.pnpm/react-dom@19.2.3_react@19.2.3/node_modules/react-dom/cjs/react-dom-client.development.js:15476:11)
      at recursivelyTraversePassiveMountEffects (node_modules/.pnpm/react-dom@19.2.3_react@19.2.3/node_modules/react-dom/cjs/react-dom-client.development.js:15439:11)
      at commitPassiveMountOnFiber (node_modules/.pnpm/react-dom@19.2.3_react@19.2.3/node_modules/react-dom/cjs/react-dom-client.development.js:15718:11)
      at recursivelyTraversePassiveMountEffects (node_modules/.pnpm/react-dom@19.2.3_react@19.2.3/node_modules/react-dom/cjs/react-dom-client.development.js:15439:11)
      at commitPassiveMountOnFiber (node_modules/.pnpm/react-dom@19.2.3_react@19.2.3/node_modules/react-dom/cjs/react-dom-client.development.js:15476:11)
      at recursivelyTraversePassiveMountEffects (node_modules/.pnpm/react-dom@19.2.3_react@19.2.3/node_modules/react-dom/cjs/react-dom-client.development.js:15439:11)
      at commitPassiveMountOnFiber (node_modules/.pnpm/react-dom@19.2.3_react@19.2.3/node_modules/react-dom/cjs/react-dom-client.development.js:15718:11)
      at recursivelyTraversePassiveMountEffects (node_modules/.pnpm/react-dom@19.2.3_react@19.2.3/node_modules/react-dom/cjs/react-dom-client.development.js:15439:11)
      at commitPassiveMountOnFiber (node_modules/.pnpm/react-dom@19.2.3_react@19.2.3/node_modules/react-dom/cjs/react-dom-client.development.js:15476:11)
      at recursivelyTraversePassiveMountEffects (node_modules/.pnpm/react-dom@19.2.3_react@19.2.3/node_modules/react-dom/cjs/react-dom-client.development.js:15439:11)
      at commitPassiveMountOnFiber (node_modules/.pnpm/react-dom@19.2.3_react@19.2.3/node_modules/react-dom/cjs/react-dom-client.development.js:15718:11)
      at recursivelyTraversePassiveMountEffects (node_modules/.pnpm/react-dom@19.2.3_react@19.2.3/node_modules/react-dom/cjs/react-dom-client.development.js:15439:11)
      at commitPassiveMountOnFiber (node_modules/.pnpm/react-dom@19.2.3_react@19.2.3/node_modules/react-dom/cjs/react-dom-client.development.js:15718:11)
      at recursivelyTraversePassiveMountEffects (node_modules/.pnpm/react-dom@19.2.3_react@19.2.3/node_modules/react-dom/cjs/react-dom-client.development.js:15439:11)
      at commitPassiveMountOnFiber (node_modules/.pnpm/react-dom@19.2.3_react@19.2.3/node_modules/react-dom/cjs/react-dom-client.development.js:15476:11)
      at recursivelyTraversePassiveMountEffects (node_modules/.pnpm/react-dom@19.2.3_react@19.2.3/node_modules/react-dom/cjs/react-dom-client.development.js:15439:11)
      at commitPassiveMountOnFiber (node_modules/.pnpm/react-dom@19.2.3_react@19.2.3/node_modules/react-dom/cjs/react-dom-client.development.js:15476:11)
      at recursivelyTraversePassiveMountEffects (node_modules/.pnpm/react-dom@19.2.3_react@19.2.3/node_modules/react-dom/cjs/react-dom-client.development.js:15439:11)
      at commitPassiveMountOnFiber (node_modules/.pnpm/react-dom@19.2.3_react@19.2.3/node_modules/react-dom/cjs/react-dom-client.development.js:15476:11)
      at recursivelyTraversePassiveMountEffects (node_modules/.pnpm/react-dom@19.2.3_react@19.2.3/node_modules/react-dom/cjs/react-dom-client.development.js:15439:11)
      at commitPassiveMountOnFiber (node_modules/.pnpm/react-dom@19.2.3_react@19.2.3/node_modules/react-dom/cjs/react-dom-client.development.js:15476:11)
      at recursivelyTraversePassiveMountEffects (node_modules/.pnpm/react-dom@19.2.3_react@19.2.3/node_modules/react-dom/cjs/react-dom-client.development.js:15439:11)
      at commitPassiveMountOnFiber (node_modules/.pnpm/react-dom@19.2.3_react@19.2.3/node_modules/react-dom/cjs/react-dom-client.development.js:15718:11)
      at recursivelyTraversePassiveMountEffects (node_modules/.pnpm/react-dom@19.2.3_react@19.2.3/node_modules/react-dom/cjs/react-dom-client.development.js:15439:11)
      at commitPassiveMountOnFiber (node_modules/.pnpm/react-dom@19.2.3_react@19.2.3/node_modules/react-dom/cjs/react-dom-client.development.js:15476:11)
      at recursivelyTraversePassiveMountEffects (node_modules/.pnpm/react-dom@19.2.3_react@19.2.3/node_modules/react-dom/cjs/react-dom-client.development.js:15439:11)
      at commitPassiveMountOnFiber (node_modules/.pnpm/react-dom@19.2.3_react@19.2.3/node_modules/react-dom/cjs/react-dom-client.development.js:15519:11)
      at flushPassiveEffects (node_modules/.pnpm/react-dom@19.2.3_react@19.2.3/node_modules/react-dom/cjs/react-dom-client.development.js:18432:9)
      at flushPendingEffects (node_modules/.pnpm/react-dom@19.2.3_react@19.2.3/node_modules/react-dom/cjs/react-dom-client.development.js:18358:14)
      at performSyncWorkOnRoot (node_modules/.pnpm/react-dom@19.2.3_react@19.2.3/node_modules/react-dom/cjs/react-dom-client.development.js:18969:11)
      at flushSyncWorkAcrossRoots_impl (node_modules/.pnpm/react-dom@19.2.3_react@19.2.3/node_modules/react-dom/cjs/react-dom-client.development.js:18814:21)
      at flushSpawnedWork (node_modules/.pnpm/react-dom@19.2.3_react@19.2.3/node_modules/react-dom/cjs/react-dom-client.development.js:18334:9)
      at commitRoot (node_modules/.pnpm/react-dom@19.2.3_react@19.2.3/node_modules/react-dom/cjs/react-dom-client.development.js:17955:9)
      at performWorkOnRoot (node_modules/.pnpm/react-dom@19.2.3_react@19.2.3/node_modules/react-dom/cjs/react-dom-client.development.js:16667:15)
      at performWorkOnRootViaSchedulerTask (node_modules/.pnpm/react-dom@19.2.3_react@19.2.3/node_modules/react-dom/cjs/react-dom-client.development.js:18957:7)
      at flushActQueue (node_modules/.pnpm/react@19.2.3/node_modules/react/cjs/react.development.js:590:34)
      at node_modules/.pnpm/react@19.2.3/node_modules/react/cjs/react.development.js:847:21

  ● ModernDashboard › handles empty models array

    AggregateError:

      103 |
      104 | function renderWithProviders(component: React.ReactElement) {
    > 105 |   return render(
          |                ^
      106 |     <QueryClientProvider client={queryClient}>
      107 |       <MuiThemeProvider theme={theme}>{component}</MuiThemeProvider>
      108 |     </QueryClientProvider>

      at aggregateErrors (node_modules/.pnpm/react@19.2.3/node_modules/react/cjs/react.development.js:551:11)
      at process.env.NODE_ENV.exports.act (node_modules/.pnpm/react@19.2.3/node_modules/react/cjs/react.development.js:897:24)
      at node_modules/.pnpm/@testing-library+react@16.3.1_@testing-library+dom@10.4.1_@types+react-dom@19.2.3_@type_68c5b21a70acecf0fbbfd97f51128017/node_modules/@testing-library/react/dist/act-compat.js:46:25
      at renderRoot (node_modules/.pnpm/@testing-library+react@16.3.1_@testing-library+dom@10.4.1_@types+react-dom@19.2.3_@type_68c5b21a70acecf0fbbfd97f51128017/node_modules/@testing-library/react/dist/pure.js:189:26)
      at render (node_modules/.pnpm/@testing-library+react@16.3.1_@testing-library+dom@10.4.1_@types+react-dom@19.2.3_@type_68c5b21a70acecf0fbbfd97f51128017/node_modules/@testing-library/react/dist/pure.js:291:10)
      at renderWithProviders (__tests__/components/dashboard/ModernDashboard.test.tsx:105:16)
      at Object.<anonymous> (__tests__/components/dashboard/ModernDashboard.test.tsx:271:5)

  ● ModernDashboard › handles null metrics gracefully

    thrown: "Exceeded timeout of 5000 ms for a test.
    Add a timeout value to this test to increase the timeout, if this is a long-running test. See https://jestjs.io/docs/api#testname-fn-timeout."

      278 |   });
      279 |
    > 280 |   it('handles null metrics gracefully', async () => {
          |   ^
      281 |     mockedUseStore.mockImplementation((selector) => {
      282 |       const nullMetricsState = {
      283 |         ...mockState,

      at __tests__/components/dashboard/ModernDashboard.test.tsx:280:3
      at Object.<anonymous> (__tests__/components/dashboard/ModernDashboard.test.tsx:112:1)

  ● ModernDashboard › handles null metrics gracefully

    ReferenceError: structuredClone is not defined

      at new TapAndDragGesture (node_modules/.pnpm/@mui+x-internal-gestures@0.4.0/node_modules/@mui/x-internal-gestures/core/gestures/TapAndDragGesture.js:92:23)
      at node_modules/.pnpm/@mui+x-charts@8.23.0_@emotion+react@11.14.0_@types+react@19.2.7_react@19.2.3__@emotion+_f046b17db1eec8074c520ede55d3423e/node_modules/@mui/x-charts/internals/plugins/corePlugins/useChartInteractionListener/useChartInteractionListener.js:56:13
      at Object.react_stack_bottom_frame (node_modules/.pnpm/react-dom@19.2.3_react@19.2.3/node_modules/react-dom/cjs/react-dom-client.development.js:25989:20)
      at runWithFiberInDEV (node_modules/.pnpm/react-dom@19.2.3_react@19.2.3/node_modules/react-dom/cjs/react-dom-client.development.js:874:13)
      at commitHookEffectListMount (node_modules/.pnpm/react-dom@19.2.3_react@19.2.3/node_modules/react-dom/cjs/react-dom-client.development.js:13249:29)
      at commitHookPassiveMountEffects (node_modules/.pnpm/react-dom@19.2.3_react@19.2.3/node_modules/react-dom/cjs/react-dom-client.development.js:13336:11)
      at commitPassiveMountOnFiber (node_modules/.pnpm/react-dom@19.2.3_react@19.2.3/node_modules/react-dom/cjs/react-dom-client.development.js:15484:13)
      at recursivelyTraversePassiveMountEffects (node_modules/.pnpm/react-dom@19.2.3_react@19.2.3/node_modules/react-dom/cjs/react-dom-client.development.js:15439:11)
      at commitPassiveMountOnFiber (node_modules/.pnpm/react-dom@19.2.3_react@19.2.3/node_modules/react-dom/cjs/react-dom-client.development.js:15476:11)
      at recursivelyTraversePassiveMountEffects (node_modules/.pnpm/react-dom@19.2.3_react@19.2.3/node_modules/react-dom/cjs/react-dom-client.development.js:15439:11)
      at commitPassiveMountOnFiber (node_modules/.pnpm/react-dom@19.2.3_react@19.2.3/node_modules/react-dom/cjs/react-dom-client.development.js:15476:11)
      at recursivelyTraversePassiveMountEffects (node_modules/.pnpm/react-dom@19.2.3_react@19.2.3/node_modules/react-dom/cjs/react-dom-client.development.js:15439:11)
      at commitPassiveMountOnFiber (node_modules/.pnpm/react-dom@19.2.3_react@19.2.3/node_modules/react-dom/cjs/react-dom-client.development.js:15718:11)
      at recursivelyTraversePassiveMountEffects (node_modules/.pnpm/react-dom@19.2.3_react@19.2.3/node_modules/react-dom/cjs/react-dom-client.development.js:15439:11)
      at commitPassiveMountOnFiber (node_modules/.pnpm/react-dom@19.2.3_react@19.2.3/node_modules/react-dom/cjs/react-dom-client.development.js:15476:11)
      at recursivelyTraversePassiveMountEffects (node_modules/.pnpm/react-dom@19.2.3_react@19.2.3/node_modules/react-dom/cjs/react-dom-client.development.js:15439:11)
      at commitPassiveMountOnFiber (node_modules/.pnpm/react-dom@19.2.3_react@19.2.3/node_modules/react-dom/cjs/react-dom-client.development.js:15476:11)
      at recursivelyTraversePassiveMountEffects (node_modules/.pnpm/react-dom@19.2.3_react@19.2.3/node_modules/react-dom/cjs/react-dom-client.development.js:15439:11)
      at commitPassiveMountOnFiber (node_modules/.pnpm/react-dom@19.2.3_react@19.2.3/node_modules/react-dom/cjs/react-dom-client.development.js:15718:11)
      at recursivelyTraversePassiveMountEffects (node_modules/.pnpm/react-dom@19.2.3_react@19.2.3/node_modules/react-dom/cjs/react-dom-client.development.js:15439:11)
      at commitPassiveMountOnFiber (node_modules/.pnpm/react-dom@19.2.3_react@19.2.3/node_modules/react-dom/cjs/react-dom-client.development.js:15476:11)
      at recursivelyTraversePassiveMountEffects (node_modules/.pnpm/react-dom@19.2.3_react@19.2.3/node_modules/react-dom/cjs/react-dom-client.development.js:15439:11)
      at commitPassiveMountOnFiber (node_modules/.pnpm/react-dom@19.2.3_react@19.2.3/node_modules/react-dom/cjs/react-dom-client.development.js:15476:11)
      at recursivelyTraversePassiveMountEffects (node_modules/.pnpm/react-dom@19.2.3_react@19.2.3/node_modules/react-dom/cjs/react-dom-client.development.js:15439:11)
      at commitPassiveMountOnFiber (node_modules/.pnpm/react-dom@19.2.3_react@19.2.3/node_modules/react-dom/cjs/react-dom-client.development.js:15476:11)
      at recursivelyTraversePassiveMountEffects (node_modules/.pnpm/react-dom@19.2.3_react@19.2.3/node_modules/react-dom/cjs/react-dom-client.development.js:15439:11)
      at commitPassiveMountOnFiber (node_modules/.pnpm/react-dom@19.2.3_react@19.2.3/node_modules/react-dom/cjs/react-dom-client.development.js:15476:11)
      at recursivelyTraversePassiveMountEffects (node_modules/.pnpm/react-dom@19.2.3_react@19.2.3/node_modules/react-dom/cjs/react-dom-client.development.js:15439:11)
      at commitPassiveMountOnFiber (node_modules/.pnpm/react-dom@19.2.3_react@19.2.3/node_modules/react-dom/cjs/react-dom-client.development.js:15476:11)
      at recursivelyTraversePassiveMountEffects (node_modules/.pnpm/react-dom@19.2.3_react@19.2.3/node_modules/react-dom/cjs/react-dom-client.development.js:15439:11)
      at commitPassiveMountOnFiber (node_modules/.pnpm/react-dom@19.2.3_react@19.2.3/node_modules/react-dom/cjs/react-dom-client.development.js:15718:11)
      at recursivelyTraversePassiveMountEffects (node_modules/.pnpm/react-dom@19.2.3_react@19.2.3/node_modules/react-dom/cjs/react-dom-client.development.js:15439:11)
      at commitPassiveMountOnFiber (node_modules/.pnpm/react-dom@19.2.3_react@19.2.3/node_modules/react-dom/cjs/react-dom-client.development.js:15476:11)
      at recursivelyTraversePassiveMountEffects (node_modules/.pnpm/react-dom@19.2.3_react@19.2.3/node_modules/react-dom/cjs/react-dom-client.development.js:15439:11)
      at commitPassiveMountOnFiber (node_modules/.pnpm/react-dom@19.2.3_react@19.2.3/node_modules/react-dom/cjs/react-dom-client.development.js:15476:11)
      at recursivelyTraversePassiveMountEffects (node_modules/.pnpm/react-dom@19.2.3_react@19.2.3/node_modules/react-dom/cjs/react-dom-client.development.js:15439:11)
      at commitPassiveMountOnFiber (node_modules/.pnpm/react-dom@19.2.3_react@19.2.3/node_modules/react-dom/cjs/react-dom-client.development.js:15718:11)
      at recursivelyTraversePassiveMountEffects (node_modules/.pnpm/react-dom@19.2.3_react@19.2.3/node_modules/react-dom/cjs/react-dom-client.development.js:15439:11)
      at commitPassiveMountOnFiber (node_modules/.pnpm/react-dom@19.2.3_react@19.2.3/node_modules/react-dom/cjs/react-dom-client.development.js:15476:11)
      at recursivelyTraversePassiveMountEffects (node_modules/.pnpm/react-dom@19.2.3_react@19.2.3/node_modules/react-dom/cjs/react-dom-client.development.js:15439:11)
      at commitPassiveMountOnFiber (node_modules/.pnpm/react-dom@19.2.3_react@19.2.3/node_modules/react-dom/cjs/react-dom-client.development.js:15476:11)
      at recursivelyTraversePassiveMountEffects (node_modules/.pnpm/react-dom@19.2.3_react@19.2.3/node_modules/react-dom/cjs/react-dom-client.development.js:15439:11)
      at commitPassiveMountOnFiber (node_modules/.pnpm/react-dom@19.2.3_react@19.2.3/node_modules/react-dom/cjs/react-dom-client.development.js:15718:11)
      at recursivelyTraversePassiveMountEffects (node_modules/.pnpm/react-dom@19.2.3_react@19.2.3/node_modules/react-dom/cjs/react-dom-client.development.js:15439:11)
      at commitPassiveMountOnFiber (node_modules/.pnpm/react-dom@19.2.3_react@19.2.3/node_modules/react-dom/cjs/react-dom-client.development.js:15476:11)
      at recursivelyTraversePassiveMountEffects (node_modules/.pnpm/react-dom@19.2.3_react@19.2.3/node_modules/react-dom/cjs/react-dom-client.development.js:15439:11)
      at commitPassiveMountOnFiber (node_modules/.pnpm/react-dom@19.2.3_react@19.2.3/node_modules/react-dom/cjs/react-dom-client.development.js:15476:11)
      at recursivelyTraversePassiveMountEffects (node_modules/.pnpm/react-dom@19.2.3_react@19.2.3/node_modules/react-dom/cjs/react-dom-client.development.js:15439:11)
      at commitPassiveMountOnFiber (node_modules/.pnpm/react-dom@19.2.3_react@19.2.3/node_modules/react-dom/cjs/react-dom-client.development.js:15476:11)
      at recursivelyTraversePassiveMountEffects (node_modules/.pnpm/react-dom@19.2.3_react@19.2.3/node_modules/react-dom/cjs/react-dom-client.development.js:15439:11)
      at commitPassiveMountOnFiber (node_modules/.pnpm/react-dom@19.2.3_react@19.2.3/node_modules/react-dom/cjs/react-dom-client.development.js:15718:11)
      at recursivelyTraversePassiveMountEffects (node_modules/.pnpm/react-dom@19.2.3_react@19.2.3/node_modules/react-dom/cjs/react-dom-client.development.js:15439:11)
      at commitPassiveMountOnFiber (node_modules/.pnpm/react-dom@19.2.3_react@19.2.3/node_modules/react-dom/cjs/react-dom-client.development.js:15476:11)
      at recursivelyTraversePassiveMountEffects (node_modules/.pnpm/react-dom@19.2.3_react@19.2.3/node_modules/react-dom/cjs/react-dom-client.development.js:15439:11)
      at commitPassiveMountOnFiber (node_modules/.pnpm/react-dom@19.2.3_react@19.2.3/node_modules/react-dom/cjs/react-dom-client.development.js:15718:11)
      at recursivelyTraversePassiveMountEffects (node_modules/.pnpm/react-dom@19.2.3_react@19.2.3/node_modules/react-dom/cjs/react-dom-client.development.js:15439:11)
      at commitPassiveMountOnFiber (node_modules/.pnpm/react-dom@19.2.3_react@19.2.3/node_modules/react-dom/cjs/react-dom-client.development.js:15476:11)
      at recursivelyTraversePassiveMountEffects (node_modules/.pnpm/react-dom@19.2.3_react@19.2.3/node_modules/react-dom/cjs/react-dom-client.development.js:15439:11)
      at commitPassiveMountOnFiber (node_modules/.pnpm/react-dom@19.2.3_react@19.2.3/node_modules/react-dom/cjs/react-dom-client.development.js:15718:11)
      at recursivelyTraversePassiveMountEffects (node_modules/.pnpm/react-dom@19.2.3_react@19.2.3/node_modules/react-dom/cjs/react-dom-client.development.js:15439:11)
      at commitPassiveMountOnFiber (node_modules/.pnpm/react-dom@19.2.3_react@19.2.3/node_modules/react-dom/cjs/react-dom-client.development.js:15718:11)
      at recursivelyTraversePassiveMountEffects (node_modules/.pnpm/react-dom@19.2.3_react@19.2.3/node_modules/react-dom/cjs/react-dom-client.development.js:15439:11)
      at commitPassiveMountOnFiber (node_modules/.pnpm/react-dom@19.2.3_react@19.2.3/node_modules/react-dom/cjs/react-dom-client.development.js:15476:11)
      at recursivelyTraversePassiveMountEffects (node_modules/.pnpm/react-dom@19.2.3_react@19.2.3/node_modules/react-dom/cjs/react-dom-client.development.js:15439:11)
      at commitPassiveMountOnFiber (node_modules/.pnpm/react-dom@19.2.3_react@19.2.3/node_modules/react-dom/cjs/react-dom-client.development.js:15476:11)
      at recursivelyTraversePassiveMountEffects (node_modules/.pnpm/react-dom@19.2.3_react@19.2.3/node_modules/react-dom/cjs/react-dom-client.development.js:15439:11)
      at commitPassiveMountOnFiber (node_modules/.pnpm/react-dom@19.2.3_react@19.2.3/node_modules/react-dom/cjs/react-dom-client.development.js:15476:11)
      at recursivelyTraversePassiveMountEffects (node_modules/.pnpm/react-dom@19.2.3_react@19.2.3/node_modules/react-dom/cjs/react-dom-client.development.js:15439:11)
      at commitPassiveMountOnFiber (node_modules/.pnpm/react-dom@19.2.3_react@19.2.3/node_modules/react-dom/cjs/react-dom-client.development.js:15476:11)
      at recursivelyTraversePassiveMountEffects (node_modules/.pnpm/react-dom@19.2.3_react@19.2.3/node_modules/react-dom/cjs/react-dom-client.development.js:15439:11)
      at commitPassiveMountOnFiber (node_modules/.pnpm/react-dom@19.2.3_react@19.2.3/node_modules/react-dom/cjs/react-dom-client.development.js:15718:11)
      at recursivelyTraversePassiveMountEffects (node_modules/.pnpm/react-dom@19.2.3_react@19.2.3/node_modules/react-dom/cjs/react-dom-client.development.js:15439:11)
      at commitPassiveMountOnFiber (node_modules/.pnpm/react-dom@19.2.3_react@19.2.3/node_modules/react-dom/cjs/react-dom-client.development.js:15476:11)
      at recursivelyTraversePassiveMountEffects (node_modules/.pnpm/react-dom@19.2.3_react@19.2.3/node_modules/react-dom/cjs/react-dom-client.development.js:15439:11)
      at commitPassiveMountOnFiber (node_modules/.pnpm/react-dom@19.2.3_react@19.2.3/node_modules/react-dom/cjs/react-dom-client.development.js:15519:11)
      at flushPassiveEffects (node_modules/.pnpm/react-dom@19.2.3_react@19.2.3/node_modules/react-dom/cjs/react-dom-client.development.js:18432:9)
      at flushPendingEffects (node_modules/.pnpm/react-dom@19.2.3_react@19.2.3/node_modules/react-dom/cjs/react-dom-client.development.js:18358:14)
      at performSyncWorkOnRoot (node_modules/.pnpm/react-dom@19.2.3_react@19.2.3/node_modules/react-dom/cjs/react-dom-client.development.js:18969:11)
      at flushSyncWorkAcrossRoots_impl (node_modules/.pnpm/react-dom@19.2.3_react@19.2.3/node_modules/react-dom/cjs/react-dom-client.development.js:18814:21)
      at flushSpawnedWork (node_modules/.pnpm/react-dom@19.2.3_react@19.2.3/node_modules/react-dom/cjs/react-dom-client.development.js:18334:9)
      at commitRoot (node_modules/.pnpm/react-dom@19.2.3_react@19.2.3/node_modules/react-dom/cjs/react-dom-client.development.js:17955:9)
      at performWorkOnRoot (node_modules/.pnpm/react-dom@19.2.3_react@19.2.3/node_modules/react-dom/cjs/react-dom-client.development.js:16667:15)
      at performWorkOnRootViaSchedulerTask (node_modules/.pnpm/react-dom@19.2.3_react@19.2.3/node_modules/react-dom/cjs/react-dom-client.development.js:18957:7)
      at flushActQueue (node_modules/.pnpm/react@19.2.3/node_modules/react/cjs/react.development.js:590:34)
      at node_modules/.pnpm/react@19.2.3/node_modules/react/cjs/react.development.js:847:21

  ● ModernDashboard › handles null metrics gracefully

    ReferenceError: structuredClone is not defined

      at new TapAndDragGesture (node_modules/.pnpm/@mui+x-internal-gestures@0.4.0/node_modules/@mui/x-internal-gestures/core/gestures/TapAndDragGesture.js:92:23)
      at node_modules/.pnpm/@mui+x-charts@8.23.0_@emotion+react@11.14.0_@types+react@19.2.7_react@19.2.3__@emotion+_f046b17db1eec8074c520ede55d3423e/node_modules/@mui/x-charts/internals/plugins/corePlugins/useChartInteractionListener/useChartInteractionListener.js:56:13
      at Object.react_stack_bottom_frame (node_modules/.pnpm/react-dom@19.2.3_react@19.2.3/node_modules/react-dom/cjs/react-dom-client.development.js:25989:20)
      at runWithFiberInDEV (node_modules/.pnpm/react-dom@19.2.3_react@19.2.3/node_modules/react-dom/cjs/react-dom-client.development.js:874:13)
      at commitHookEffectListMount (node_modules/.pnpm/react-dom@19.2.3_react@19.2.3/node_modules/react-dom/cjs/react-dom-client.development.js:13249:29)
      at commitHookPassiveMountEffects (node_modules/.pnpm/react-dom@19.2.3_react@19.2.3/node_modules/react-dom/cjs/react-dom-client.development.js:13336:11)
      at commitPassiveMountOnFiber (node_modules/.pnpm/react-dom@19.2.3_react@19.2.3/node_modules/react-dom/cjs/react-dom-client.development.js:15484:13)
      at recursivelyTraversePassiveMountEffects (node_modules/.pnpm/react-dom@19.2.3_react@19.2.3/node_modules/react-dom/cjs/react-dom-client.development.js:15439:11)
      at commitPassiveMountOnFiber (node_modules/.pnpm/react-dom@19.2.3_react@19.2.3/node_modules/react-dom/cjs/react-dom-client.development.js:15476:11)
      at recursivelyTraversePassiveMountEffects (node_modules/.pnpm/react-dom@19.2.3_react@19.2.3/node_modules/react-dom/cjs/react-dom-client.development.js:15439:11)
      at commitPassiveMountOnFiber (node_modules/.pnpm/react-dom@19.2.3_react@19.2.3/node_modules/react-dom/cjs/react-dom-client.development.js:15476:11)
      at recursivelyTraversePassiveMountEffects (node_modules/.pnpm/react-dom@19.2.3_react@19.2.3/node_modules/react-dom/cjs/react-dom-client.development.js:15439:11)
      at commitPassiveMountOnFiber (node_modules/.pnpm/react-dom@19.2.3_react@19.2.3/node_modules/react-dom/cjs/react-dom-client.development.js:15718:11)
      at recursivelyTraversePassiveMountEffects (node_modules/.pnpm/react-dom@19.2.3_react@19.2.3/node_modules/react-dom/cjs/react-dom-client.development.js:15439:11)
      at commitPassiveMountOnFiber (node_modules/.pnpm/react-dom@19.2.3_react@19.2.3/node_modules/react-dom/cjs/react-dom-client.development.js:15476:11)
      at recursivelyTraversePassiveMountEffects (node_modules/.pnpm/react-dom@19.2.3_react@19.2.3/node_modules/react-dom/cjs/react-dom-client.development.js:15439:11)
      at commitPassiveMountOnFiber (node_modules/.pnpm/react-dom@19.2.3_react@19.2.3/node_modules/react-dom/cjs/react-dom-client.development.js:15476:11)
      at recursivelyTraversePassiveMountEffects (node_modules/.pnpm/react-dom@19.2.3_react@19.2.3/node_modules/react-dom/cjs/react-dom-client.development.js:15439:11)
      at commitPassiveMountOnFiber (node_modules/.pnpm/react-dom@19.2.3_react@19.2.3/node_modules/react-dom/cjs/react-dom-client.development.js:15718:11)
      at recursivelyTraversePassiveMountEffects (node_modules/.pnpm/react-dom@19.2.3_react@19.2.3/node_modules/react-dom/cjs/react-dom-client.development.js:15439:11)
      at commitPassiveMountOnFiber (node_modules/.pnpm/react-dom@19.2.3_react@19.2.3/node_modules/react-dom/cjs/react-dom-client.development.js:15476:11)
      at recursivelyTraversePassiveMountEffects (node_modules/.pnpm/react-dom@19.2.3_react@19.2.3/node_modules/react-dom/cjs/react-dom-client.development.js:15439:11)
      at commitPassiveMountOnFiber (node_modules/.pnpm/react-dom@19.2.3_react@19.2.3/node_modules/react-dom/cjs/react-dom-client.development.js:15476:11)
      at recursivelyTraversePassiveMountEffects (node_modules/.pnpm/react-dom@19.2.3_react@19.2.3/node_modules/react-dom/cjs/react-dom-client.development.js:15439:11)
      at commitPassiveMountOnFiber (node_modules/.pnpm/react-dom@19.2.3_react@19.2.3/node_modules/react-dom/cjs/react-dom-client.development.js:15476:11)
      at recursivelyTraversePassiveMountEffects (node_modules/.pnpm/react-dom@19.2.3_react@19.2.3/node_modules/react-dom/cjs/react-dom-client.development.js:15439:11)
      at commitPassiveMountOnFiber (node_modules/.pnpm/react-dom@19.2.3_react@19.2.3/node_modules/react-dom/cjs/react-dom-client.development.js:15476:11)
      at recursivelyTraversePassiveMountEffects (node_modules/.pnpm/react-dom@19.2.3_react@19.2.3/node_modules/react-dom/cjs/react-dom-client.development.js:15439:11)
      at commitPassiveMountOnFiber (node_modules/.pnpm/react-dom@19.2.3_react@19.2.3/node_modules/react-dom/cjs/react-dom-client.development.js:15476:11)
      at recursivelyTraversePassiveMountEffects (node_modules/.pnpm/react-dom@19.2.3_react@19.2.3/node_modules/react-dom/cjs/react-dom-client.development.js:15439:11)
      at commitPassiveMountOnFiber (node_modules/.pnpm/react-dom@19.2.3_react@19.2.3/node_modules/react-dom/cjs/react-dom-client.development.js:15718:11)
      at recursivelyTraversePassiveMountEffects (node_modules/.pnpm/react-dom@19.2.3_react@19.2.3/node_modules/react-dom/cjs/react-dom-client.development.js:15439:11)
      at commitPassiveMountOnFiber (node_modules/.pnpm/react-dom@19.2.3_react@19.2.3/node_modules/react-dom/cjs/react-dom-client.development.js:15476:11)
      at recursivelyTraversePassiveMountEffects (node_modules/.pnpm/react-dom@19.2.3_react@19.2.3/node_modules/react-dom/cjs/react-dom-client.development.js:15439:11)
      at commitPassiveMountOnFiber (node_modules/.pnpm/react-dom@19.2.3_react@19.2.3/node_modules/react-dom/cjs/react-dom-client.development.js:15476:11)
      at recursivelyTraversePassiveMountEffects (node_modules/.pnpm/react-dom@19.2.3_react@19.2.3/node_modules/react-dom/cjs/react-dom-client.development.js:15439:11)
      at commitPassiveMountOnFiber (node_modules/.pnpm/react-dom@19.2.3_react@19.2.3/node_modules/react-dom/cjs/react-dom-client.development.js:15718:11)
      at recursivelyTraversePassiveMountEffects (node_modules/.pnpm/react-dom@19.2.3_react@19.2.3/node_modules/react-dom/cjs/react-dom-client.development.js:15439:11)
      at commitPassiveMountOnFiber (node_modules/.pnpm/react-dom@19.2.3_react@19.2.3/node_modules/react-dom/cjs/react-dom-client.development.js:15476:11)
      at recursivelyTraversePassiveMountEffects (node_modules/.pnpm/react-dom@19.2.3_react@19.2.3/node_modules/react-dom/cjs/react-dom-client.development.js:15439:11)
      at commitPassiveMountOnFiber (node_modules/.pnpm/react-dom@19.2.3_react@19.2.3/node_modules/react-dom/cjs/react-dom-client.development.js:15476:11)
      at recursivelyTraversePassiveMountEffects (node_modules/.pnpm/react-dom@19.2.3_react@19.2.3/node_modules/react-dom/cjs/react-dom-client.development.js:15439:11)
      at commitPassiveMountOnFiber (node_modules/.pnpm/react-dom@19.2.3_react@19.2.3/node_modules/react-dom/cjs/react-dom-client.development.js:15718:11)
      at recursivelyTraversePassiveMountEffects (node_modules/.pnpm/react-dom@19.2.3_react@19.2.3/node_modules/react-dom/cjs/react-dom-client.development.js:15439:11)
      at commitPassiveMountOnFiber (node_modules/.pnpm/react-dom@19.2.3_react@19.2.3/node_modules/react-dom/cjs/react-dom-client.development.js:15476:11)
      at recursivelyTraversePassiveMountEffects (node_modules/.pnpm/react-dom@19.2.3_react@19.2.3/node_modules/react-dom/cjs/react-dom-client.development.js:15439:11)
      at commitPassiveMountOnFiber (node_modules/.pnpm/react-dom@19.2.3_react@19.2.3/node_modules/react-dom/cjs/react-dom-client.development.js:15476:11)
      at recursivelyTraversePassiveMountEffects (node_modules/.pnpm/react-dom@19.2.3_react@19.2.3/node_modules/react-dom/cjs/react-dom-client.development.js:15439:11)
      at commitPassiveMountOnFiber (node_modules/.pnpm/react-dom@19.2.3_react@19.2.3/node_modules/react-dom/cjs/react-dom-client.development.js:15476:11)
      at recursivelyTraversePassiveMountEffects (node_modules/.pnpm/react-dom@19.2.3_react@19.2.3/node_modules/react-dom/cjs/react-dom-client.development.js:15439:11)
      at commitPassiveMountOnFiber (node_modules/.pnpm/react-dom@19.2.3_react@19.2.3/node_modules/react-dom/cjs/react-dom-client.development.js:15718:11)
      at recursivelyTraversePassiveMountEffects (node_modules/.pnpm/react-dom@19.2.3_react@19.2.3/node_modules/react-dom/cjs/react-dom-client.development.js:15439:11)
      at commitPassiveMountOnFiber (node_modules/.pnpm/react-dom@19.2.3_react@19.2.3/node_modules/react-dom/cjs/react-dom-client.development.js:15476:11)
      at recursivelyTraversePassiveMountEffects (node_modules/.pnpm/react-dom@19.2.3_react@19.2.3/node_modules/react-dom/cjs/react-dom-client.development.js:15439:11)
      at commitPassiveMountOnFiber (node_modules/.pnpm/react-dom@19.2.3_react@19.2.3/node_modules/react-dom/cjs/react-dom-client.development.js:15718:11)
      at recursivelyTraversePassiveMountEffects (node_modules/.pnpm/react-dom@19.2.3_react@19.2.3/node_modules/react-dom/cjs/react-dom-client.development.js:15439:11)
      at commitPassiveMountOnFiber (node_modules/.pnpm/react-dom@19.2.3_react@19.2.3/node_modules/react-dom/cjs/react-dom-client.development.js:15476:11)
      at recursivelyTraversePassiveMountEffects (node_modules/.pnpm/react-dom@19.2.3_react@19.2.3/node_modules/react-dom/cjs/react-dom-client.development.js:15439:11)
      at commitPassiveMountOnFiber (node_modules/.pnpm/react-dom@19.2.3_react@19.2.3/node_modules/react-dom/cjs/react-dom-client.development.js:15718:11)
      at recursivelyTraversePassiveMountEffects (node_modules/.pnpm/react-dom@19.2.3_react@19.2.3/node_modules/react-dom/cjs/react-dom-client.development.js:15439:11)
      at commitPassiveMountOnFiber (node_modules/.pnpm/react-dom@19.2.3_react@19.2.3/node_modules/react-dom/cjs/react-dom-client.development.js:15718:11)
      at recursivelyTraversePassiveMountEffects (node_modules/.pnpm/react-dom@19.2.3_react@19.2.3/node_modules/react-dom/cjs/react-dom-client.development.js:15439:11)
      at commitPassiveMountOnFiber (node_modules/.pnpm/react-dom@19.2.3_react@19.2.3/node_modules/react-dom/cjs/react-dom-client.development.js:15476:11)
      at recursivelyTraversePassiveMountEffects (node_modules/.pnpm/react-dom@19.2.3_react@19.2.3/node_modules/react-dom/cjs/react-dom-client.development.js:15439:11)
      at commitPassiveMountOnFiber (node_modules/.pnpm/react-dom@19.2.3_react@19.2.3/node_modules/react-dom/cjs/react-dom-client.development.js:15476:11)
      at recursivelyTraversePassiveMountEffects (node_modules/.pnpm/react-dom@19.2.3_react@19.2.3/node_modules/react-dom/cjs/react-dom-client.development.js:15439:11)
      at commitPassiveMountOnFiber (node_modules/.pnpm/react-dom@19.2.3_react@19.2.3/node_modules/react-dom/cjs/react-dom-client.development.js:15476:11)
      at recursivelyTraversePassiveMountEffects (node_modules/.pnpm/react-dom@19.2.3_react@19.2.3/node_modules/react-dom/cjs/react-dom-client.development.js:15439:11)
      at commitPassiveMountOnFiber (node_modules/.pnpm/react-dom@19.2.3_react@19.2.3/node_modules/react-dom/cjs/react-dom-client.development.js:15476:11)
      at recursivelyTraversePassiveMountEffects (node_modules/.pnpm/react-dom@19.2.3_react@19.2.3/node_modules/react-dom/cjs/react-dom-client.development.js:15439:11)
      at commitPassiveMountOnFiber (node_modules/.pnpm/react-dom@19.2.3_react@19.2.3/node_modules/react-dom/cjs/react-dom-client.development.js:15718:11)
      at recursivelyTraversePassiveMountEffects (node_modules/.pnpm/react-dom@19.2.3_react@19.2.3/node_modules/react-dom/cjs/react-dom-client.development.js:15439:11)
      at commitPassiveMountOnFiber (node_modules/.pnpm/react-dom@19.2.3_react@19.2.3/node_modules/react-dom/cjs/react-dom-client.development.js:15476:11)
      at recursivelyTraversePassiveMountEffects (node_modules/.pnpm/react-dom@19.2.3_react@19.2.3/node_modules/react-dom/cjs/react-dom-client.development.js:15439:11)
      at commitPassiveMountOnFiber (node_modules/.pnpm/react-dom@19.2.3_react@19.2.3/node_modules/react-dom/cjs/react-dom-client.development.js:15519:11)
      at flushPassiveEffects (node_modules/.pnpm/react-dom@19.2.3_react@19.2.3/node_modules/react-dom/cjs/react-dom-client.development.js:18432:9)
      at flushPendingEffects (node_modules/.pnpm/react-dom@19.2.3_react@19.2.3/node_modules/react-dom/cjs/react-dom-client.development.js:18358:14)
      at performSyncWorkOnRoot (node_modules/.pnpm/react-dom@19.2.3_react@19.2.3/node_modules/react-dom/cjs/react-dom-client.development.js:18969:11)
      at flushSyncWorkAcrossRoots_impl (node_modules/.pnpm/react-dom@19.2.3_react@19.2.3/node_modules/react-dom/cjs/react-dom-client.development.js:18814:21)
      at flushSpawnedWork (node_modules/.pnpm/react-dom@19.2.3_react@19.2.3/node_modules/react-dom/cjs/react-dom-client.development.js:18334:9)
      at commitRoot (node_modules/.pnpm/react-dom@19.2.3_react@19.2.3/node_modules/react-dom/cjs/react-dom-client.development.js:17955:9)
      at performWorkOnRoot (node_modules/.pnpm/react-dom@19.2.3_react@19.2.3/node_modules/react-dom/cjs/react-dom-client.development.js:16667:15)
      at performWorkOnRootViaSchedulerTask (node_modules/.pnpm/react-dom@19.2.3_react@19.2.3/node_modules/react-dom/cjs/react-dom-client.development.js:18957:7)
      at flushActQueue (node_modules/.pnpm/react@19.2.3/node_modules/react/cjs/react.development.js:590:34)
      at node_modules/.pnpm/react@19.2.3/node_modules/react/cjs/react.development.js:847:21

  ● ModernDashboard › handles null metrics gracefully

    ReferenceError: structuredClone is not defined

      at new TapAndDragGesture (node_modules/.pnpm/@mui+x-internal-gestures@0.4.0/node_modules/@mui/x-internal-gestures/core/gestures/TapAndDragGesture.js:92:23)
      at node_modules/.pnpm/@mui+x-charts@8.23.0_@emotion+react@11.14.0_@types+react@19.2.7_react@19.2.3__@emotion+_f046b17db1eec8074c520ede55d3423e/node_modules/@mui/x-charts/internals/plugins/corePlugins/useChartInteractionListener/useChartInteractionListener.js:56:13
      at Object.react_stack_bottom_frame (node_modules/.pnpm/react-dom@19.2.3_react@19.2.3/node_modules/react-dom/cjs/react-dom-client.development.js:25989:20)
      at runWithFiberInDEV (node_modules/.pnpm/react-dom@19.2.3_react@19.2.3/node_modules/react-dom/cjs/react-dom-client.development.js:874:13)
      at commitHookEffectListMount (node_modules/.pnpm/react-dom@19.2.3_react@19.2.3/node_modules/react-dom/cjs/react-dom-client.development.js:13249:29)
      at commitHookPassiveMountEffects (node_modules/.pnpm/react-dom@19.2.3_react@19.2.3/node_modules/react-dom/cjs/react-dom-client.development.js:13336:11)
      at commitPassiveMountOnFiber (node_modules/.pnpm/react-dom@19.2.3_react@19.2.3/node_modules/react-dom/cjs/react-dom-client.development.js:15484:13)
      at recursivelyTraversePassiveMountEffects (node_modules/.pnpm/react-dom@19.2.3_react@19.2.3/node_modules/react-dom/cjs/react-dom-client.development.js:15439:11)
      at commitPassiveMountOnFiber (node_modules/.pnpm/react-dom@19.2.3_react@19.2.3/node_modules/react-dom/cjs/react-dom-client.development.js:15476:11)
      at recursivelyTraversePassiveMountEffects (node_modules/.pnpm/react-dom@19.2.3_react@19.2.3/node_modules/react-dom/cjs/react-dom-client.development.js:15439:11)
      at commitPassiveMountOnFiber (node_modules/.pnpm/react-dom@19.2.3_react@19.2.3/node_modules/react-dom/cjs/react-dom-client.development.js:15476:11)
      at recursivelyTraversePassiveMountEffects (node_modules/.pnpm/react-dom@19.2.3_react@19.2.3/node_modules/react-dom/cjs/react-dom-client.development.js:15439:11)
      at commitPassiveMountOnFiber (node_modules/.pnpm/react-dom@19.2.3_react@19.2.3/node_modules/react-dom/cjs/react-dom-client.development.js:15718:11)
      at recursivelyTraversePassiveMountEffects (node_modules/.pnpm/react-dom@19.2.3_react@19.2.3/node_modules/react-dom/cjs/react-dom-client.development.js:15439:11)
      at commitPassiveMountOnFiber (node_modules/.pnpm/react-dom@19.2.3_react@19.2.3/node_modules/react-dom/cjs/react-dom-client.development.js:15476:11)
      at recursivelyTraversePassiveMountEffects (node_modules/.pnpm/react-dom@19.2.3_react@19.2.3/node_modules/react-dom/cjs/react-dom-client.development.js:15439:11)
      at commitPassiveMountOnFiber (node_modules/.pnpm/react-dom@19.2.3_react@19.2.3/node_modules/react-dom/cjs/react-dom-client.development.js:15476:11)
      at recursivelyTraversePassiveMountEffects (node_modules/.pnpm/react-dom@19.2.3_react@19.2.3/node_modules/react-dom/cjs/react-dom-client.development.js:15439:11)
      at commitPassiveMountOnFiber (node_modules/.pnpm/react-dom@19.2.3_react@19.2.3/node_modules/react-dom/cjs/react-dom-client.development.js:15718:11)
      at recursivelyTraversePassiveMountEffects (node_modules/.pnpm/react-dom@19.2.3_react@19.2.3/node_modules/react-dom/cjs/react-dom-client.development.js:15439:11)
      at commitPassiveMountOnFiber (node_modules/.pnpm/react-dom@19.2.3_react@19.2.3/node_modules/react-dom/cjs/react-dom-client.development.js:15476:11)
      at recursivelyTraversePassiveMountEffects (node_modules/.pnpm/react-dom@19.2.3_react@19.2.3/node_modules/react-dom/cjs/react-dom-client.development.js:15439:11)
      at commitPassiveMountOnFiber (node_modules/.pnpm/react-dom@19.2.3_react@19.2.3/node_modules/react-dom/cjs/react-dom-client.development.js:15476:11)
      at recursivelyTraversePassiveMountEffects (node_modules/.pnpm/react-dom@19.2.3_react@19.2.3/node_modules/react-dom/cjs/react-dom-client.development.js:15439:11)
      at commitPassiveMountOnFiber (node_modules/.pnpm/react-dom@19.2.3_react@19.2.3/node_modules/react-dom/cjs/react-dom-client.development.js:15476:11)
      at recursivelyTraversePassiveMountEffects (node_modules/.pnpm/react-dom@19.2.3_react@19.2.3/node_modules/react-dom/cjs/react-dom-client.development.js:15439:11)
      at commitPassiveMountOnFiber (node_modules/.pnpm/react-dom@19.2.3_react@19.2.3/node_modules/react-dom/cjs/react-dom-client.development.js:15476:11)
      at recursivelyTraversePassiveMountEffects (node_modules/.pnpm/react-dom@19.2.3_react@19.2.3/node_modules/react-dom/cjs/react-dom-client.development.js:15439:11)
      at commitPassiveMountOnFiber (node_modules/.pnpm/react-dom@19.2.3_react@19.2.3/node_modules/react-dom/cjs/react-dom-client.development.js:15476:11)
      at recursivelyTraversePassiveMountEffects (node_modules/.pnpm/react-dom@19.2.3_react@19.2.3/node_modules/react-dom/cjs/react-dom-client.development.js:15439:11)
      at commitPassiveMountOnFiber (node_modules/.pnpm/react-dom@19.2.3_react@19.2.3/node_modules/react-dom/cjs/react-dom-client.development.js:15718:11)
      at recursivelyTraversePassiveMountEffects (node_modules/.pnpm/react-dom@19.2.3_react@19.2.3/node_modules/react-dom/cjs/react-dom-client.development.js:15439:11)
      at commitPassiveMountOnFiber (node_modules/.pnpm/react-dom@19.2.3_react@19.2.3/node_modules/react-dom/cjs/react-dom-client.development.js:15476:11)
      at recursivelyTraversePassiveMountEffects (node_modules/.pnpm/react-dom@19.2.3_react@19.2.3/node_modules/react-dom/cjs/react-dom-client.development.js:15439:11)
      at commitPassiveMountOnFiber (node_modules/.pnpm/react-dom@19.2.3_react@19.2.3/node_modules/react-dom/cjs/react-dom-client.development.js:15476:11)
      at recursivelyTraversePassiveMountEffects (node_modules/.pnpm/react-dom@19.2.3_react@19.2.3/node_modules/react-dom/cjs/react-dom-client.development.js:15439:11)
      at commitPassiveMountOnFiber (node_modules/.pnpm/react-dom@19.2.3_react@19.2.3/node_modules/react-dom/cjs/react-dom-client.development.js:15718:11)
      at recursivelyTraversePassiveMountEffects (node_modules/.pnpm/react-dom@19.2.3_react@19.2.3/node_modules/react-dom/cjs/react-dom-client.development.js:15439:11)
      at commitPassiveMountOnFiber (node_modules/.pnpm/react-dom@19.2.3_react@19.2.3/node_modules/react-dom/cjs/react-dom-client.development.js:15476:11)
      at recursivelyTraversePassiveMountEffects (node_modules/.pnpm/react-dom@19.2.3_react@19.2.3/node_modules/react-dom/cjs/react-dom-client.development.js:15439:11)
      at commitPassiveMountOnFiber (node_modules/.pnpm/react-dom@19.2.3_react@19.2.3/node_modules/react-dom/cjs/react-dom-client.development.js:15476:11)
      at recursivelyTraversePassiveMountEffects (node_modules/.pnpm/react-dom@19.2.3_react@19.2.3/node_modules/react-dom/cjs/react-dom-client.development.js:15439:11)
      at commitPassiveMountOnFiber (node_modules/.pnpm/react-dom@19.2.3_react@19.2.3/node_modules/react-dom/cjs/react-dom-client.development.js:15718:11)
      at recursivelyTraversePassiveMountEffects (node_modules/.pnpm/react-dom@19.2.3_react@19.2.3/node_modules/react-dom/cjs/react-dom-client.development.js:15439:11)
      at commitPassiveMountOnFiber (node_modules/.pnpm/react-dom@19.2.3_react@19.2.3/node_modules/react-dom/cjs/react-dom-client.development.js:15476:11)
      at recursivelyTraversePassiveMountEffects (node_modules/.pnpm/react-dom@19.2.3_react@19.2.3/node_modules/react-dom/cjs/react-dom-client.development.js:15439:11)
      at commitPassiveMountOnFiber (node_modules/.pnpm/react-dom@19.2.3_react@19.2.3/node_modules/react-dom/cjs/react-dom-client.development.js:15476:11)
      at recursivelyTraversePassiveMountEffects (node_modules/.pnpm/react-dom@19.2.3_react@19.2.3/node_modules/react-dom/cjs/react-dom-client.development.js:15439:11)
      at commitPassiveMountOnFiber (node_modules/.pnpm/react-dom@19.2.3_react@19.2.3/node_modules/react-dom/cjs/react-dom-client.development.js:15476:11)
      at recursivelyTraversePassiveMountEffects (node_modules/.pnpm/react-dom@19.2.3_react@19.2.3/node_modules/react-dom/cjs/react-dom-client.development.js:15439:11)
      at commitPassiveMountOnFiber (node_modules/.pnpm/react-dom@19.2.3_react@19.2.3/node_modules/react-dom/cjs/react-dom-client.development.js:15718:11)
      at recursivelyTraversePassiveMountEffects (node_modules/.pnpm/react-dom@19.2.3_react@19.2.3/node_modules/react-dom/cjs/react-dom-client.development.js:15439:11)
      at commitPassiveMountOnFiber (node_modules/.pnpm/react-dom@19.2.3_react@19.2.3/node_modules/react-dom/cjs/react-dom-client.development.js:15476:11)
      at recursivelyTraversePassiveMountEffects (node_modules/.pnpm/react-dom@19.2.3_react@19.2.3/node_modules/react-dom/cjs/react-dom-client.development.js:15439:11)
      at commitPassiveMountOnFiber (node_modules/.pnpm/react-dom@19.2.3_react@19.2.3/node_modules/react-dom/cjs/react-dom-client.development.js:15718:11)
      at recursivelyTraversePassiveMountEffects (node_modules/.pnpm/react-dom@19.2.3_react@19.2.3/node_modules/react-dom/cjs/react-dom-client.development.js:15439:11)
      at commitPassiveMountOnFiber (node_modules/.pnpm/react-dom@19.2.3_react@19.2.3/node_modules/react-dom/cjs/react-dom-client.development.js:15476:11)
      at recursivelyTraversePassiveMountEffects (node_modules/.pnpm/react-dom@19.2.3_react@19.2.3/node_modules/react-dom/cjs/react-dom-client.development.js:15439:11)
      at commitPassiveMountOnFiber (node_modules/.pnpm/react-dom@19.2.3_react@19.2.3/node_modules/react-dom/cjs/react-dom-client.development.js:15718:11)
      at recursivelyTraversePassiveMountEffects (node_modules/.pnpm/react-dom@19.2.3_react@19.2.3/node_modules/react-dom/cjs/react-dom-client.development.js:15439:11)
      at commitPassiveMountOnFiber (node_modules/.pnpm/react-dom@19.2.3_react@19.2.3/node_modules/react-dom/cjs/react-dom-client.development.js:15718:11)
      at recursivelyTraversePassiveMountEffects (node_modules/.pnpm/react-dom@19.2.3_react@19.2.3/node_modules/react-dom/cjs/react-dom-client.development.js:15439:11)
      at commitPassiveMountOnFiber (node_modules/.pnpm/react-dom@19.2.3_react@19.2.3/node_modules/react-dom/cjs/react-dom-client.development.js:15476:11)
      at recursivelyTraversePassiveMountEffects (node_modules/.pnpm/react-dom@19.2.3_react@19.2.3/node_modules/react-dom/cjs/react-dom-client.development.js:15439:11)
      at commitPassiveMountOnFiber (node_modules/.pnpm/react-dom@19.2.3_react@19.2.3/node_modules/react-dom/cjs/react-dom-client.development.js:15476:11)
      at recursivelyTraversePassiveMountEffects (node_modules/.pnpm/react-dom@19.2.3_react@19.2.3/node_modules/react-dom/cjs/react-dom-client.development.js:15439:11)
      at commitPassiveMountOnFiber (node_modules/.pnpm/react-dom@19.2.3_react@19.2.3/node_modules/react-dom/cjs/react-dom-client.development.js:15476:11)
      at recursivelyTraversePassiveMountEffects (node_modules/.pnpm/react-dom@19.2.3_react@19.2.3/node_modules/react-dom/cjs/react-dom-client.development.js:15439:11)
      at commitPassiveMountOnFiber (node_modules/.pnpm/react-dom@19.2.3_react@19.2.3/node_modules/react-dom/cjs/react-dom-client.development.js:15476:11)
      at recursivelyTraversePassiveMountEffects (node_modules/.pnpm/react-dom@19.2.3_react@19.2.3/node_modules/react-dom/cjs/react-dom-client.development.js:15439:11)
      at commitPassiveMountOnFiber (node_modules/.pnpm/react-dom@19.2.3_react@19.2.3/node_modules/react-dom/cjs/react-dom-client.development.js:15718:11)
      at recursivelyTraversePassiveMountEffects (node_modules/.pnpm/react-dom@19.2.3_react@19.2.3/node_modules/react-dom/cjs/react-dom-client.development.js:15439:11)
      at commitPassiveMountOnFiber (node_modules/.pnpm/react-dom@19.2.3_react@19.2.3/node_modules/react-dom/cjs/react-dom-client.development.js:15476:11)
      at recursivelyTraversePassiveMountEffects (node_modules/.pnpm/react-dom@19.2.3_react@19.2.3/node_modules/react-dom/cjs/react-dom-client.development.js:15439:11)
      at commitPassiveMountOnFiber (node_modules/.pnpm/react-dom@19.2.3_react@19.2.3/node_modules/react-dom/cjs/react-dom-client.development.js:15519:11)
      at flushPassiveEffects (node_modules/.pnpm/react-dom@19.2.3_react@19.2.3/node_modules/react-dom/cjs/react-dom-client.development.js:18432:9)
      at flushPendingEffects (node_modules/.pnpm/react-dom@19.2.3_react@19.2.3/node_modules/react-dom/cjs/react-dom-client.development.js:18358:14)
      at performSyncWorkOnRoot (node_modules/.pnpm/react-dom@19.2.3_react@19.2.3/node_modules/react-dom/cjs/react-dom-client.development.js:18969:11)
      at flushSyncWorkAcrossRoots_impl (node_modules/.pnpm/react-dom@19.2.3_react@19.2.3/node_modules/react-dom/cjs/react-dom-client.development.js:18814:21)
      at flushSpawnedWork (node_modules/.pnpm/react-dom@19.2.3_react@19.2.3/node_modules/react-dom/cjs/react-dom-client.development.js:18334:9)
      at commitRoot (node_modules/.pnpm/react-dom@19.2.3_react@19.2.3/node_modules/react-dom/cjs/react-dom-client.development.js:17955:9)
      at performWorkOnRoot (node_modules/.pnpm/react-dom@19.2.3_react@19.2.3/node_modules/react-dom/cjs/react-dom-client.development.js:16667:15)
      at performWorkOnRootViaSchedulerTask (node_modules/.pnpm/react-dom@19.2.3_react@19.2.3/node_modules/react-dom/cjs/react-dom-client.development.js:18957:7)
      at flushActQueue (node_modules/.pnpm/react@19.2.3/node_modules/react/cjs/react.development.js:590:34)
      at node_modules/.pnpm/react@19.2.3/node_modules/react/cjs/react.development.js:847:21

  ● ModernDashboard › handles null metrics gracefully

    ReferenceError: structuredClone is not defined

      at new TapAndDragGesture (node_modules/.pnpm/@mui+x-internal-gestures@0.4.0/node_modules/@mui/x-internal-gestures/core/gestures/TapAndDragGesture.js:92:23)
      at node_modules/.pnpm/@mui+x-charts@8.23.0_@emotion+react@11.14.0_@types+react@19.2.7_react@19.2.3__@emotion+_f046b17db1eec8074c520ede55d3423e/node_modules/@mui/x-charts/internals/plugins/corePlugins/useChartInteractionListener/useChartInteractionListener.js:56:13
      at Object.react_stack_bottom_frame (node_modules/.pnpm/react-dom@19.2.3_react@19.2.3/node_modules/react-dom/cjs/react-dom-client.development.js:25989:20)
      at runWithFiberInDEV (node_modules/.pnpm/react-dom@19.2.3_react@19.2.3/node_modules/react-dom/cjs/react-dom-client.development.js:874:13)
      at commitHookEffectListMount (node_modules/.pnpm/react-dom@19.2.3_react@19.2.3/node_modules/react-dom/cjs/react-dom-client.development.js:13249:29)
      at commitHookPassiveMountEffects (node_modules/.pnpm/react-dom@19.2.3_react@19.2.3/node_modules/react-dom/cjs/react-dom-client.development.js:13336:11)
      at commitPassiveMountOnFiber (node_modules/.pnpm/react-dom@19.2.3_react@19.2.3/node_modules/react-dom/cjs/react-dom-client.development.js:15484:13)
      at recursivelyTraversePassiveMountEffects (node_modules/.pnpm/react-dom@19.2.3_react@19.2.3/node_modules/react-dom/cjs/react-dom-client.development.js:15439:11)
      at commitPassiveMountOnFiber (node_modules/.pnpm/react-dom@19.2.3_react@19.2.3/node_modules/react-dom/cjs/react-dom-client.development.js:15476:11)
      at recursivelyTraversePassiveMountEffects (node_modules/.pnpm/react-dom@19.2.3_react@19.2.3/node_modules/react-dom/cjs/react-dom-client.development.js:15439:11)
      at commitPassiveMountOnFiber (node_modules/.pnpm/react-dom@19.2.3_react@19.2.3/node_modules/react-dom/cjs/react-dom-client.development.js:15476:11)
      at recursivelyTraversePassiveMountEffects (node_modules/.pnpm/react-dom@19.2.3_react@19.2.3/node_modules/react-dom/cjs/react-dom-client.development.js:15439:11)
      at commitPassiveMountOnFiber (node_modules/.pnpm/react-dom@19.2.3_react@19.2.3/node_modules/react-dom/cjs/react-dom-client.development.js:15718:11)
      at recursivelyTraversePassiveMountEffects (node_modules/.pnpm/react-dom@19.2.3_react@19.2.3/node_modules/react-dom/cjs/react-dom-client.development.js:15439:11)
      at commitPassiveMountOnFiber (node_modules/.pnpm/react-dom@19.2.3_react@19.2.3/node_modules/react-dom/cjs/react-dom-client.development.js:15476:11)
      at recursivelyTraversePassiveMountEffects (node_modules/.pnpm/react-dom@19.2.3_react@19.2.3/node_modules/react-dom/cjs/react-dom-client.development.js:15439:11)
      at commitPassiveMountOnFiber (node_modules/.pnpm/react-dom@19.2.3_react@19.2.3/node_modules/react-dom/cjs/react-dom-client.development.js:15476:11)
      at recursivelyTraversePassiveMountEffects (node_modules/.pnpm/react-dom@19.2.3_react@19.2.3/node_modules/react-dom/cjs/react-dom-client.development.js:15439:11)
      at commitPassiveMountOnFiber (node_modules/.pnpm/react-dom@19.2.3_react@19.2.3/node_modules/react-dom/cjs/react-dom-client.development.js:15718:11)
      at recursivelyTraversePassiveMountEffects (node_modules/.pnpm/react-dom@19.2.3_react@19.2.3/node_modules/react-dom/cjs/react-dom-client.development.js:15439:11)
      at commitPassiveMountOnFiber (node_modules/.pnpm/react-dom@19.2.3_react@19.2.3/node_modules/react-dom/cjs/react-dom-client.development.js:15476:11)
      at recursivelyTraversePassiveMountEffects (node_modules/.pnpm/react-dom@19.2.3_react@19.2.3/node_modules/react-dom/cjs/react-dom-client.development.js:15439:11)
      at commitPassiveMountOnFiber (node_modules/.pnpm/react-dom@19.2.3_react@19.2.3/node_modules/react-dom/cjs/react-dom-client.development.js:15476:11)
      at recursivelyTraversePassiveMountEffects (node_modules/.pnpm/react-dom@19.2.3_react@19.2.3/node_modules/react-dom/cjs/react-dom-client.development.js:15439:11)
      at commitPassiveMountOnFiber (node_modules/.pnpm/react-dom@19.2.3_react@19.2.3/node_modules/react-dom/cjs/react-dom-client.development.js:15476:11)
      at recursivelyTraversePassiveMountEffects (node_modules/.pnpm/react-dom@19.2.3_react@19.2.3/node_modules/react-dom/cjs/react-dom-client.development.js:15439:11)
      at commitPassiveMountOnFiber (node_modules/.pnpm/react-dom@19.2.3_react@19.2.3/node_modules/react-dom/cjs/react-dom-client.development.js:15476:11)
      at recursivelyTraversePassiveMountEffects (node_modules/.pnpm/react-dom@19.2.3_react@19.2.3/node_modules/react-dom/cjs/react-dom-client.development.js:15439:11)
      at commitPassiveMountOnFiber (node_modules/.pnpm/react-dom@19.2.3_react@19.2.3/node_modules/react-dom/cjs/react-dom-client.development.js:15476:11)
      at recursivelyTraversePassiveMountEffects (node_modules/.pnpm/react-dom@19.2.3_react@19.2.3/node_modules/react-dom/cjs/react-dom-client.development.js:15439:11)
      at commitPassiveMountOnFiber (node_modules/.pnpm/react-dom@19.2.3_react@19.2.3/node_modules/react-dom/cjs/react-dom-client.development.js:15718:11)
      at recursivelyTraversePassiveMountEffects (node_modules/.pnpm/react-dom@19.2.3_react@19.2.3/node_modules/react-dom/cjs/react-dom-client.development.js:15439:11)
      at commitPassiveMountOnFiber (node_modules/.pnpm/react-dom@19.2.3_react@19.2.3/node_modules/react-dom/cjs/react-dom-client.development.js:15476:11)
      at recursivelyTraversePassiveMountEffects (node_modules/.pnpm/react-dom@19.2.3_react@19.2.3/node_modules/react-dom/cjs/react-dom-client.development.js:15439:11)
      at commitPassiveMountOnFiber (node_modules/.pnpm/react-dom@19.2.3_react@19.2.3/node_modules/react-dom/cjs/react-dom-client.development.js:15476:11)
      at recursivelyTraversePassiveMountEffects (node_modules/.pnpm/react-dom@19.2.3_react@19.2.3/node_modules/react-dom/cjs/react-dom-client.development.js:15439:11)
      at commitPassiveMountOnFiber (node_modules/.pnpm/react-dom@19.2.3_react@19.2.3/node_modules/react-dom/cjs/react-dom-client.development.js:15718:11)
      at recursivelyTraversePassiveMountEffects (node_modules/.pnpm/react-dom@19.2.3_react@19.2.3/node_modules/react-dom/cjs/react-dom-client.development.js:15439:11)
      at commitPassiveMountOnFiber (node_modules/.pnpm/react-dom@19.2.3_react@19.2.3/node_modules/react-dom/cjs/react-dom-client.development.js:15476:11)
      at recursivelyTraversePassiveMountEffects (node_modules/.pnpm/react-dom@19.2.3_react@19.2.3/node_modules/react-dom/cjs/react-dom-client.development.js:15439:11)
      at commitPassiveMountOnFiber (node_modules/.pnpm/react-dom@19.2.3_react@19.2.3/node_modules/react-dom/cjs/react-dom-client.development.js:15476:11)
      at recursivelyTraversePassiveMountEffects (node_modules/.pnpm/react-dom@19.2.3_react@19.2.3/node_modules/react-dom/cjs/react-dom-client.development.js:15439:11)
      at commitPassiveMountOnFiber (node_modules/.pnpm/react-dom@19.2.3_react@19.2.3/node_modules/react-dom/cjs/react-dom-client.development.js:15718:11)
      at recursivelyTraversePassiveMountEffects (node_modules/.pnpm/react-dom@19.2.3_react@19.2.3/node_modules/react-dom/cjs/react-dom-client.development.js:15439:11)
      at commitPassiveMountOnFiber (node_modules/.pnpm/react-dom@19.2.3_react@19.2.3/node_modules/react-dom/cjs/react-dom-client.development.js:15476:11)
      at recursivelyTraversePassiveMountEffects (node_modules/.pnpm/react-dom@19.2.3_react@19.2.3/node_modules/react-dom/cjs/react-dom-client.development.js:15439:11)
      at commitPassiveMountOnFiber (node_modules/.pnpm/react-dom@19.2.3_react@19.2.3/node_modules/react-dom/cjs/react-dom-client.development.js:15476:11)
      at recursivelyTraversePassiveMountEffects (node_modules/.pnpm/react-dom@19.2.3_react@19.2.3/node_modules/react-dom/cjs/react-dom-client.development.js:15439:11)
      at commitPassiveMountOnFiber (node_modules/.pnpm/react-dom@19.2.3_react@19.2.3/node_modules/react-dom/cjs/react-dom-client.development.js:15476:11)
      at recursivelyTraversePassiveMountEffects (node_modules/.pnpm/react-dom@19.2.3_react@19.2.3/node_modules/react-dom/cjs/react-dom-client.development.js:15439:11)
      at commitPassiveMountOnFiber (node_modules/.pnpm/react-dom@19.2.3_react@19.2.3/node_modules/react-dom/cjs/react-dom-client.development.js:15718:11)
      at recursivelyTraversePassiveMountEffects (node_modules/.pnpm/react-dom@19.2.3_react@19.2.3/node_modules/react-dom/cjs/react-dom-client.development.js:15439:11)
      at commitPassiveMountOnFiber (node_modules/.pnpm/react-dom@19.2.3_react@19.2.3/node_modules/react-dom/cjs/react-dom-client.development.js:15476:11)
      at recursivelyTraversePassiveMountEffects (node_modules/.pnpm/react-dom@19.2.3_react@19.2.3/node_modules/react-dom/cjs/react-dom-client.development.js:15439:11)
      at commitPassiveMountOnFiber (node_modules/.pnpm/react-dom@19.2.3_react@19.2.3/node_modules/react-dom/cjs/react-dom-client.development.js:15718:11)
      at recursivelyTraversePassiveMountEffects (node_modules/.pnpm/react-dom@19.2.3_react@19.2.3/node_modules/react-dom/cjs/react-dom-client.development.js:15439:11)
      at commitPassiveMountOnFiber (node_modules/.pnpm/react-dom@19.2.3_react@19.2.3/node_modules/react-dom/cjs/react-dom-client.development.js:15476:11)
      at recursivelyTraversePassiveMountEffects (node_modules/.pnpm/react-dom@19.2.3_react@19.2.3/node_modules/react-dom/cjs/react-dom-client.development.js:15439:11)
      at commitPassiveMountOnFiber (node_modules/.pnpm/react-dom@19.2.3_react@19.2.3/node_modules/react-dom/cjs/react-dom-client.development.js:15718:11)
      at recursivelyTraversePassiveMountEffects (node_modules/.pnpm/react-dom@19.2.3_react@19.2.3/node_modules/react-dom/cjs/react-dom-client.development.js:15439:11)
      at commitPassiveMountOnFiber (node_modules/.pnpm/react-dom@19.2.3_react@19.2.3/node_modules/react-dom/cjs/react-dom-client.development.js:15718:11)
      at recursivelyTraversePassiveMountEffects (node_modules/.pnpm/react-dom@19.2.3_react@19.2.3/node_modules/react-dom/cjs/react-dom-client.development.js:15439:11)
      at commitPassiveMountOnFiber (node_modules/.pnpm/react-dom@19.2.3_react@19.2.3/node_modules/react-dom/cjs/react-dom-client.development.js:15476:11)
      at recursivelyTraversePassiveMountEffects (node_modules/.pnpm/react-dom@19.2.3_react@19.2.3/node_modules/react-dom/cjs/react-dom-client.development.js:15439:11)
      at commitPassiveMountOnFiber (node_modules/.pnpm/react-dom@19.2.3_react@19.2.3/node_modules/react-dom/cjs/react-dom-client.development.js:15476:11)
      at recursivelyTraversePassiveMountEffects (node_modules/.pnpm/react-dom@19.2.3_react@19.2.3/node_modules/react-dom/cjs/react-dom-client.development.js:15439:11)
      at commitPassiveMountOnFiber (node_modules/.pnpm/react-dom@19.2.3_react@19.2.3/node_modules/react-dom/cjs/react-dom-client.development.js:15476:11)
      at recursivelyTraversePassiveMountEffects (node_modules/.pnpm/react-dom@19.2.3_react@19.2.3/node_modules/react-dom/cjs/react-dom-client.development.js:15439:11)
      at commitPassiveMountOnFiber (node_modules/.pnpm/react-dom@19.2.3_react@19.2.3/node_modules/react-dom/cjs/react-dom-client.development.js:15476:11)
      at recursivelyTraversePassiveMountEffects (node_modules/.pnpm/react-dom@19.2.3_react@19.2.3/node_modules/react-dom/cjs/react-dom-client.development.js:15439:11)
      at commitPassiveMountOnFiber (node_modules/.pnpm/react-dom@19.2.3_react@19.2.3/node_modules/react-dom/cjs/react-dom-client.development.js:15718:11)
      at recursivelyTraversePassiveMountEffects (node_modules/.pnpm/react-dom@19.2.3_react@19.2.3/node_modules/react-dom/cjs/react-dom-client.development.js:15439:11)
      at commitPassiveMountOnFiber (node_modules/.pnpm/react-dom@19.2.3_react@19.2.3/node_modules/react-dom/cjs/react-dom-client.development.js:15476:11)
      at recursivelyTraversePassiveMountEffects (node_modules/.pnpm/react-dom@19.2.3_react@19.2.3/node_modules/react-dom/cjs/react-dom-client.development.js:15439:11)
      at commitPassiveMountOnFiber (node_modules/.pnpm/react-dom@19.2.3_react@19.2.3/node_modules/react-dom/cjs/react-dom-client.development.js:15519:11)
      at flushPassiveEffects (node_modules/.pnpm/react-dom@19.2.3_react@19.2.3/node_modules/react-dom/cjs/react-dom-client.development.js:18432:9)
      at flushPendingEffects (node_modules/.pnpm/react-dom@19.2.3_react@19.2.3/node_modules/react-dom/cjs/react-dom-client.development.js:18358:14)
      at performSyncWorkOnRoot (node_modules/.pnpm/react-dom@19.2.3_react@19.2.3/node_modules/react-dom/cjs/react-dom-client.development.js:18969:11)
      at flushSyncWorkAcrossRoots_impl (node_modules/.pnpm/react-dom@19.2.3_react@19.2.3/node_modules/react-dom/cjs/react-dom-client.development.js:18814:21)
      at flushSpawnedWork (node_modules/.pnpm/react-dom@19.2.3_react@19.2.3/node_modules/react-dom/cjs/react-dom-client.development.js:18334:9)
      at commitRoot (node_modules/.pnpm/react-dom@19.2.3_react@19.2.3/node_modules/react-dom/cjs/react-dom-client.development.js:17955:9)
      at performWorkOnRoot (node_modules/.pnpm/react-dom@19.2.3_react@19.2.3/node_modules/react-dom/cjs/react-dom-client.development.js:16667:15)
      at performWorkOnRootViaSchedulerTask (node_modules/.pnpm/react-dom@19.2.3_react@19.2.3/node_modules/react-dom/cjs/react-dom-client.development.js:18957:7)
      at flushActQueue (node_modules/.pnpm/react@19.2.3/node_modules/react/cjs/react.development.js:590:34)
      at node_modules/.pnpm/react@19.2.3/node_modules/react/cjs/react.development.js:847:21

  ● ModernDashboard › handles very large uptime values

    AggregateError:

      103 |
      104 | function renderWithProviders(component: React.ReactElement) {
    > 105 |   return render(
          |                ^
      106 |     <QueryClientProvider client={queryClient}>
      107 |       <MuiThemeProvider theme={theme}>{component}</MuiThemeProvider>
      108 |     </QueryClientProvider>

      at aggregateErrors (node_modules/.pnpm/react@19.2.3/node_modules/react/cjs/react.development.js:551:11)
      at process.env.NODE_ENV.exports.act (node_modules/.pnpm/react@19.2.3/node_modules/react/cjs/react.development.js:897:24)
      at node_modules/.pnpm/@testing-library+react@16.3.1_@testing-library+dom@10.4.1_@types+react-dom@19.2.3_@type_68c5b21a70acecf0fbbfd97f51128017/node_modules/@testing-library/react/dist/act-compat.js:46:25
      at renderRoot (node_modules/.pnpm/@testing-library+react@16.3.1_@testing-library+dom@10.4.1_@types+react-dom@19.2.3_@type_68c5b21a70acecf0fbbfd97f51128017/node_modules/@testing-library/react/dist/pure.js:189:26)
      at render (node_modules/.pnpm/@testing-library+react@16.3.1_@testing-library+dom@10.4.1_@types+react-dom@19.2.3_@type_68c5b21a70acecf0fbbfd97f51128017/node_modules/@testing-library/react/dist/pure.js:291:10)
      at renderWithProviders (__tests__/components/dashboard/ModernDashboard.test.tsx:105:16)
      at Object.<anonymous> (__tests__/components/dashboard/ModernDashboard.test.tsx:316:5)

  ● ModernDashboard › handles zero uptime

    AggregateError:

      103 |
      104 | function renderWithProviders(component: React.ReactElement) {
    > 105 |   return render(
          |                ^
      106 |     <QueryClientProvider client={queryClient}>
      107 |       <MuiThemeProvider theme={theme}>{component}</MuiThemeProvider>
      108 |     </QueryClientProvider>

      at aggregateErrors (node_modules/.pnpm/react@19.2.3/node_modules/react/cjs/react.development.js:551:11)
      at process.env.NODE_ENV.exports.act (node_modules/.pnpm/react@19.2.3/node_modules/react/cjs/react.development.js:897:24)
      at node_modules/.pnpm/@testing-library+react@16.3.1_@testing-library+dom@10.4.1_@types+react-dom@19.2.3_@type_68c5b21a70acecf0fbbfd97f51128017/node_modules/@testing-library/react/dist/act-compat.js:46:25
      at renderRoot (node_modules/.pnpm/@testing-library+react@16.3.1_@testing-library+dom@10.4.1_@types+react-dom@19.2.3_@type_68c5b21a70acecf0fbbfd97f51128017/node_modules/@testing-library/react/dist/pure.js:189:26)
      at render (node_modules/.pnpm/@testing-library+react@16.3.1_@testing-library+dom@10.4.1_@types+react-dom@19.2.3_@type_68c5b21a70acecf0fbbfd97f51128017/node_modules/@testing-library/react/dist/pure.js:291:10)
      at renderWithProviders (__tests__/components/dashboard/ModernDashboard.test.tsx:105:16)
      at Object.<anonymous> (__tests__/components/dashboard/ModernDashboard.test.tsx:340:5)

  ● ModernDashboard › handles very large request count

    AggregateError:

      103 |
      104 | function renderWithProviders(component: React.ReactElement) {
    > 105 |   return render(
          |                ^
      106 |     <QueryClientProvider client={queryClient}>
      107 |       <MuiThemeProvider theme={theme}>{component}</MuiThemeProvider>
      108 |     </QueryClientProvider>

      at aggregateErrors (node_modules/.pnpm/react@19.2.3/node_modules/react/cjs/react.development.js:551:11)
      at process.env.NODE_ENV.exports.act (node_modules/.pnpm/react@19.2.3/node_modules/react/cjs/react.development.js:897:24)
      at node_modules/.pnpm/@testing-library+react@16.3.1_@testing-library+dom@10.4.1_@types+react-dom@19.2.3_@type_68c5b21a70acecf0fbbfd97f51128017/node_modules/@testing-library/react/dist/act-compat.js:46:25
      at renderRoot (node_modules/.pnpm/@testing-library+react@16.3.1_@testing-library+dom@10.4.1_@types+react-dom@19.2.3_@type_68c5b21a70acecf0fbbfd97f51128017/node_modules/@testing-library/react/dist/pure.js:189:26)
      at render (node_modules/.pnpm/@testing-library+react@16.3.1_@testing-library+dom@10.4.1_@types+react-dom@19.2.3_@type_68c5b21a70acecf0fbbfd97f51128017/node_modules/@testing-library/react/dist/pure.js:291:10)
      at renderWithProviders (__tests__/components/dashboard/ModernDashboard.test.tsx:105:16)
      at Object.<anonymous> (__tests__/components/dashboard/ModernDashboard.test.tsx:364:5)

  ● ModernDashboard › handles extreme metric values

    AggregateError:

      103 |
      104 | function renderWithProviders(component: React.ReactElement) {
    > 105 |   return render(
          |                ^
      106 |     <QueryClientProvider client={queryClient}>
      107 |       <MuiThemeProvider theme={theme}>{component}</MuiThemeProvider>
      108 |     </QueryClientProvider>

      at aggregateErrors (node_modules/.pnpm/react@19.2.3/node_modules/react/cjs/react.development.js:551:11)
      at process.env.NODE_ENV.exports.act (node_modules/.pnpm/react@19.2.3/node_modules/react/cjs/react.development.js:897:24)
      at node_modules/.pnpm/@testing-library+react@16.3.1_@testing-library+dom@10.4.1_@types+react-dom@19.2.3_@type_68c5b21a70acecf0fbbfd97f51128017/node_modules/@testing-library/react/dist/act-compat.js:46:25
      at renderRoot (node_modules/.pnpm/@testing-library+react@16.3.1_@testing-library+dom@10.4.1_@types+react-dom@19.2.3_@type_68c5b21a70acecf0fbbfd97f51128017/node_modules/@testing-library/react/dist/pure.js:189:26)
      at render (node_modules/.pnpm/@testing-library+react@16.3.1_@testing-library+dom@10.4.1_@types+react-dom@19.2.3_@type_68c5b21a70acecf0fbbfd97f51128017/node_modules/@testing-library/react/dist/pure.js:291:10)
      at renderWithProviders (__tests__/components/dashboard/ModernDashboard.test.tsx:105:16)
      at Object.<anonymous> (__tests__/components/dashboard/ModernDashboard.test.tsx:390:5)

  ● ModernDashboard › handles very low metric values

    AggregateError:

      103 |
      104 | function renderWithProviders(component: React.ReactElement) {
    > 105 |   return render(
          |                ^
      106 |     <QueryClientProvider client={queryClient}>
      107 |       <MuiThemeProvider theme={theme}>{component}</MuiThemeProvider>
      108 |     </QueryClientProvider>

      at aggregateErrors (node_modules/.pnpm/react@19.2.3/node_modules/react/cjs/react.development.js:551:11)
      at process.env.NODE_ENV.exports.act (node_modules/.pnpm/react@19.2.3/node_modules/react/cjs/react.development.js:897:24)
      at node_modules/.pnpm/@testing-library+react@16.3.1_@testing-library+dom@10.4.1_@types+react-dom@19.2.3_@type_68c5b21a70acecf0fbbfd97f51128017/node_modules/@testing-library/react/dist/act-compat.js:46:25
      at renderRoot (node_modules/.pnpm/@testing-library+react@16.3.1_@testing-library+dom@10.4.1_@types+react-dom@19.2.3_@type_68c5b21a70acecf0fbbfd97f51128017/node_modules/@testing-library/react/dist/pure.js:189:26)
      at render (node_modules/.pnpm/@testing-library+react@16.3.1_@testing-library+dom@10.4.1_@types+react-dom@19.2.3_@type_68c5b21a70acecf0fbbfd97f51128017/node_modules/@testing-library/react/dist/pure.js:291:10)
      at renderWithProviders (__tests__/components/dashboard/ModernDashboard.test.tsx:105:16)
      at Object.<anonymous> (__tests__/components/dashboard/ModernDashboard.test.tsx:417:5)

  ● ModernDashboard › handles models with special characters in names

    AggregateError:

      103 |
      104 | function renderWithProviders(component: React.ReactElement) {
    > 105 |   return render(
          |                ^
      106 |     <QueryClientProvider client={queryClient}>
      107 |       <MuiThemeProvider theme={theme}>{component}</MuiThemeProvider>
      108 |     </QueryClientProvider>

      at aggregateErrors (node_modules/.pnpm/react@19.2.3/node_modules/react/cjs/react.development.js:551:11)
      at process.env.NODE_ENV.exports.act (node_modules/.pnpm/react@19.2.3/node_modules/react/cjs/react.development.js:897:24)
      at node_modules/.pnpm/@testing-library+react@16.3.1_@testing-library+dom@10.4.1_@types+react-dom@19.2.3_@type_68c5b21a70acecf0fbbfd97f51128017/node_modules/@testing-library/react/dist/act-compat.js:46:25
      at renderRoot (node_modules/.pnpm/@testing-library+react@16.3.1_@testing-library+dom@10.4.1_@types+react-dom@19.2.3_@type_68c5b21a70acecf0fbbfd97f51128017/node_modules/@testing-library/react/dist/pure.js:189:26)
      at render (node_modules/.pnpm/@testing-library+react@16.3.1_@testing-library+dom@10.4.1_@types+react-dom@19.2.3_@type_68c5b21a70acecf0fbbfd97f51128017/node_modules/@testing-library/react/dist/pure.js:291:10)
      at renderWithProviders (__tests__/components/dashboard/ModernDashboard.test.tsx:105:16)
      at Object.<anonymous> (__tests__/components/dashboard/ModernDashboard.test.tsx:441:5)

  ● ModernDashboard › handles no GPU metrics

    ReferenceError: structuredClone is not defined

      103 |
      104 | function renderWithProviders(component: React.ReactElement) {
    > 105 |   return render(
          |                ^
      106 |     <QueryClientProvider client={queryClient}>
      107 |       <MuiThemeProvider theme={theme}>{component}</MuiThemeProvider>
      108 |     </QueryClientProvider>

      at new TapAndDragGesture (node_modules/.pnpm/@mui+x-internal-gestures@0.4.0/node_modules/@mui/x-internal-gestures/core/gestures/TapAndDragGesture.js:92:23)
      at node_modules/.pnpm/@mui+x-charts@8.23.0_@emotion+react@11.14.0_@types+react@19.2.7_react@19.2.3__@emotion+_f046b17db1eec8074c520ede55d3423e/node_modules/@mui/x-charts/internals/plugins/corePlugins/useChartInteractionListener/useChartInteractionListener.js:56:13
      at Object.react_stack_bottom_frame (node_modules/.pnpm/react-dom@19.2.3_react@19.2.3/node_modules/react-dom/cjs/react-dom-client.development.js:25989:20)
      at runWithFiberInDEV (node_modules/.pnpm/react-dom@19.2.3_react@19.2.3/node_modules/react-dom/cjs/react-dom-client.development.js:874:13)
      at commitHookEffectListMount (node_modules/.pnpm/react-dom@19.2.3_react@19.2.3/node_modules/react-dom/cjs/react-dom-client.development.js:13249:29)
      at commitHookPassiveMountEffects (node_modules/.pnpm/react-dom@19.2.3_react@19.2.3/node_modules/react-dom/cjs/react-dom-client.development.js:13336:11)
      at commitPassiveMountOnFiber (node_modules/.pnpm/react-dom@19.2.3_react@19.2.3/node_modules/react-dom/cjs/react-dom-client.development.js:15484:13)
      at recursivelyTraversePassiveMountEffects (node_modules/.pnpm/react-dom@19.2.3_react@19.2.3/node_modules/react-dom/cjs/react-dom-client.development.js:15439:11)
      at commitPassiveMountOnFiber (node_modules/.pnpm/react-dom@19.2.3_react@19.2.3/node_modules/react-dom/cjs/react-dom-client.development.js:15476:11)
      at recursivelyTraversePassiveMountEffects (node_modules/.pnpm/react-dom@19.2.3_react@19.2.3/node_modules/react-dom/cjs/react-dom-client.development.js:15439:11)
      at commitPassiveMountOnFiber (node_modules/.pnpm/react-dom@19.2.3_react@19.2.3/node_modules/react-dom/cjs/react-dom-client.development.js:15476:11)
      at recursivelyTraversePassiveMountEffects (node_modules/.pnpm/react-dom@19.2.3_react@19.2.3/node_modules/react-dom/cjs/react-dom-client.development.js:15439:11)
      at commitPassiveMountOnFiber (node_modules/.pnpm/react-dom@19.2.3_react@19.2.3/node_modules/react-dom/cjs/react-dom-client.development.js:15718:11)
      at recursivelyTraversePassiveMountEffects (node_modules/.pnpm/react-dom@19.2.3_react@19.2.3/node_modules/react-dom/cjs/react-dom-client.development.js:15439:11)
      at commitPassiveMountOnFiber (node_modules/.pnpm/react-dom@19.2.3_react@19.2.3/node_modules/react-dom/cjs/react-dom-client.development.js:15476:11)
      at recursivelyTraversePassiveMountEffects (node_modules/.pnpm/react-dom@19.2.3_react@19.2.3/node_modules/react-dom/cjs/react-dom-client.development.js:15439:11)
      at commitPassiveMountOnFiber (node_modules/.pnpm/react-dom@19.2.3_react@19.2.3/node_modules/react-dom/cjs/react-dom-client.development.js:15476:11)
      at recursivelyTraversePassiveMountEffects (node_modules/.pnpm/react-dom@19.2.3_react@19.2.3/node_modules/react-dom/cjs/react-dom-client.development.js:15439:11)
      at commitPassiveMountOnFiber (node_modules/.pnpm/react-dom@19.2.3_react@19.2.3/node_modules/react-dom/cjs/react-dom-client.development.js:15718:11)
      at recursivelyTraversePassiveMountEffects (node_modules/.pnpm/react-dom@19.2.3_react@19.2.3/node_modules/react-dom/cjs/react-dom-client.development.js:15439:11)
      at commitPassiveMountOnFiber (node_modules/.pnpm/react-dom@19.2.3_react@19.2.3/node_modules/react-dom/cjs/react-dom-client.development.js:15476:11)
      at recursivelyTraversePassiveMountEffects (node_modules/.pnpm/react-dom@19.2.3_react@19.2.3/node_modules/react-dom/cjs/react-dom-client.development.js:15439:11)
      at commitPassiveMountOnFiber (node_modules/.pnpm/react-dom@19.2.3_react@19.2.3/node_modules/react-dom/cjs/react-dom-client.development.js:15476:11)
      at recursivelyTraversePassiveMountEffects (node_modules/.pnpm/react-dom@19.2.3_react@19.2.3/node_modules/react-dom/cjs/react-dom-client.development.js:15439:11)
      at commitPassiveMountOnFiber (node_modules/.pnpm/react-dom@19.2.3_react@19.2.3/node_modules/react-dom/cjs/react-dom-client.development.js:15476:11)
      at recursivelyTraversePassiveMountEffects (node_modules/.pnpm/react-dom@19.2.3_react@19.2.3/node_modules/react-dom/cjs/react-dom-client.development.js:15439:11)
      at commitPassiveMountOnFiber (node_modules/.pnpm/react-dom@19.2.3_react@19.2.3/node_modules/react-dom/cjs/react-dom-client.development.js:15476:11)
      at recursivelyTraversePassiveMountEffects (node_modules/.pnpm/react-dom@19.2.3_react@19.2.3/node_modules/react-dom/cjs/react-dom-client.development.js:15439:11)
      at commitPassiveMountOnFiber (node_modules/.pnpm/react-dom@19.2.3_react@19.2.3/node_modules/react-dom/cjs/react-dom-client.development.js:15476:11)
      at recursivelyTraversePassiveMountEffects (node_modules/.pnpm/react-dom@19.2.3_react@19.2.3/node_modules/react-dom/cjs/react-dom-client.development.js:15439:11)
      at commitPassiveMountOnFiber (node_modules/.pnpm/react-dom@19.2.3_react@19.2.3/node_modules/react-dom/cjs/react-dom-client.development.js:15718:11)
      at recursivelyTraversePassiveMountEffects (node_modules/.pnpm/react-dom@19.2.3_react@19.2.3/node_modules/react-dom/cjs/react-dom-client.development.js:15439:11)
      at commitPassiveMountOnFiber (node_modules/.pnpm/react-dom@19.2.3_react@19.2.3/node_modules/react-dom/cjs/react-dom-client.development.js:15476:11)
      at recursivelyTraversePassiveMountEffects (node_modules/.pnpm/react-dom@19.2.3_react@19.2.3/node_modules/react-dom/cjs/react-dom-client.development.js:15439:11)
      at commitPassiveMountOnFiber (node_modules/.pnpm/react-dom@19.2.3_react@19.2.3/node_modules/react-dom/cjs/react-dom-client.development.js:15476:11)
      at recursivelyTraversePassiveMountEffects (node_modules/.pnpm/react-dom@19.2.3_react@19.2.3/node_modules/react-dom/cjs/react-dom-client.development.js:15439:11)
      at commitPassiveMountOnFiber (node_modules/.pnpm/react-dom@19.2.3_react@19.2.3/node_modules/react-dom/cjs/react-dom-client.development.js:15718:11)
      at recursivelyTraversePassiveMountEffects (node_modules/.pnpm/react-dom@19.2.3_react@19.2.3/node_modules/react-dom/cjs/react-dom-client.development.js:15439:11)
      at commitPassiveMountOnFiber (node_modules/.pnpm/react-dom@19.2.3_react@19.2.3/node_modules/react-dom/cjs/react-dom-client.development.js:15476:11)
      at recursivelyTraversePassiveMountEffects (node_modules/.pnpm/react-dom@19.2.3_react@19.2.3/node_modules/react-dom/cjs/react-dom-client.development.js:15439:11)
      at commitPassiveMountOnFiber (node_modules/.pnpm/react-dom@19.2.3_react@19.2.3/node_modules/react-dom/cjs/react-dom-client.development.js:15476:11)
      at recursivelyTraversePassiveMountEffects (node_modules/.pnpm/react-dom@19.2.3_react@19.2.3/node_modules/react-dom/cjs/react-dom-client.development.js:15439:11)
      at commitPassiveMountOnFiber (node_modules/.pnpm/react-dom@19.2.3_react@19.2.3/node_modules/react-dom/cjs/react-dom-client.development.js:15718:11)
      at recursivelyTraversePassiveMountEffects (node_modules/.pnpm/react-dom@19.2.3_react@19.2.3/node_modules/react-dom/cjs/react-dom-client.development.js:15439:11)
      at commitPassiveMountOnFiber (node_modules/.pnpm/react-dom@19.2.3_react@19.2.3/node_modules/react-dom/cjs/react-dom-client.development.js:15476:11)
      at recursivelyTraversePassiveMountEffects (node_modules/.pnpm/react-dom@19.2.3_react@19.2.3/node_modules/react-dom/cjs/react-dom-client.development.js:15439:11)
      at commitPassiveMountOnFiber (node_modules/.pnpm/react-dom@19.2.3_react@19.2.3/node_modules/react-dom/cjs/react-dom-client.development.js:15476:11)
      at recursivelyTraversePassiveMountEffects (node_modules/.pnpm/react-dom@19.2.3_react@19.2.3/node_modules/react-dom/cjs/react-dom-client.development.js:15439:11)
      at commitPassiveMountOnFiber (node_modules/.pnpm/react-dom@19.2.3_react@19.2.3/node_modules/react-dom/cjs/react-dom-client.development.js:15476:11)
      at recursivelyTraversePassiveMountEffects (node_modules/.pnpm/react-dom@19.2.3_react@19.2.3/node_modules/react-dom/cjs/react-dom-client.development.js:15439:11)
      at commitPassiveMountOnFiber (node_modules/.pnpm/react-dom@19.2.3_react@19.2.3/node_modules/react-dom/cjs/react-dom-client.development.js:15718:11)
      at recursivelyTraversePassiveMountEffects (node_modules/.pnpm/react-dom@19.2.3_react@19.2.3/node_modules/react-dom/cjs/react-dom-client.development.js:15439:11)
      at commitPassiveMountOnFiber (node_modules/.pnpm/react-dom@19.2.3_react@19.2.3/node_modules/react-dom/cjs/react-dom-client.development.js:15476:11)
      at recursivelyTraversePassiveMountEffects (node_modules/.pnpm/react-dom@19.2.3_react@19.2.3/node_modules/react-dom/cjs/react-dom-client.development.js:15439:11)
      at commitPassiveMountOnFiber (node_modules/.pnpm/react-dom@19.2.3_react@19.2.3/node_modules/react-dom/cjs/react-dom-client.development.js:15718:11)
      at recursivelyTraversePassiveMountEffects (node_modules/.pnpm/react-dom@19.2.3_react@19.2.3/node_modules/react-dom/cjs/react-dom-client.development.js:15439:11)
      at commitPassiveMountOnFiber (node_modules/.pnpm/react-dom@19.2.3_react@19.2.3/node_modules/react-dom/cjs/react-dom-client.development.js:15476:11)
      at recursivelyTraversePassiveMountEffects (node_modules/.pnpm/react-dom@19.2.3_react@19.2.3/node_modules/react-dom/cjs/react-dom-client.development.js:15439:11)
      at commitPassiveMountOnFiber (node_modules/.pnpm/react-dom@19.2.3_react@19.2.3/node_modules/react-dom/cjs/react-dom-client.development.js:15718:11)
      at recursivelyTraversePassiveMountEffects (node_modules/.pnpm/react-dom@19.2.3_react@19.2.3/node_modules/react-dom/cjs/react-dom-client.development.js:15439:11)
      at commitPassiveMountOnFiber (node_modules/.pnpm/react-dom@19.2.3_react@19.2.3/node_modules/react-dom/cjs/react-dom-client.development.js:15718:11)
      at recursivelyTraversePassiveMountEffects (node_modules/.pnpm/react-dom@19.2.3_react@19.2.3/node_modules/react-dom/cjs/react-dom-client.development.js:15439:11)
      at commitPassiveMountOnFiber (node_modules/.pnpm/react-dom@19.2.3_react@19.2.3/node_modules/react-dom/cjs/react-dom-client.development.js:15476:11)
      at recursivelyTraversePassiveMountEffects (node_modules/.pnpm/react-dom@19.2.3_react@19.2.3/node_modules/react-dom/cjs/react-dom-client.development.js:15439:11)
      at commitPassiveMountOnFiber (node_modules/.pnpm/react-dom@19.2.3_react@19.2.3/node_modules/react-dom/cjs/react-dom-client.development.js:15476:11)
      at recursivelyTraversePassiveMountEffects (node_modules/.pnpm/react-dom@19.2.3_react@19.2.3/node_modules/react-dom/cjs/react-dom-client.development.js:15439:11)
      at commitPassiveMountOnFiber (node_modules/.pnpm/react-dom@19.2.3_react@19.2.3/node_modules/react-dom/cjs/react-dom-client.development.js:15476:11)
      at recursivelyTraversePassiveMountEffects (node_modules/.pnpm/react-dom@19.2.3_react@19.2.3/node_modules/react-dom/cjs/react-dom-client.development.js:15439:11)
      at commitPassiveMountOnFiber (node_modules/.pnpm/react-dom@19.2.3_react@19.2.3/node_modules/react-dom/cjs/react-dom-client.development.js:15476:11)
      at recursivelyTraversePassiveMountEffects (node_modules/.pnpm/react-dom@19.2.3_react@19.2.3/node_modules/react-dom/cjs/react-dom-client.development.js:15439:11)
      at commitPassiveMountOnFiber (node_modules/.pnpm/react-dom@19.2.3_react@19.2.3/node_modules/react-dom/cjs/react-dom-client.development.js:15718:11)
      at recursivelyTraversePassiveMountEffects (node_modules/.pnpm/react-dom@19.2.3_react@19.2.3/node_modules/react-dom/cjs/react-dom-client.development.js:15439:11)
      at commitPassiveMountOnFiber (node_modules/.pnpm/react-dom@19.2.3_react@19.2.3/node_modules/react-dom/cjs/react-dom-client.development.js:15476:11)
      at recursivelyTraversePassiveMountEffects (node_modules/.pnpm/react-dom@19.2.3_react@19.2.3/node_modules/react-dom/cjs/react-dom-client.development.js:15439:11)
      at commitPassiveMountOnFiber (node_modules/.pnpm/react-dom@19.2.3_react@19.2.3/node_modules/react-dom/cjs/react-dom-client.development.js:15519:11)
      at flushPassiveEffects (node_modules/.pnpm/react-dom@19.2.3_react@19.2.3/node_modules/react-dom/cjs/react-dom-client.development.js:18432:9)
      at flushPendingEffects (node_modules/.pnpm/react-dom@19.2.3_react@19.2.3/node_modules/react-dom/cjs/react-dom-client.development.js:18358:14)
      at performSyncWorkOnRoot (node_modules/.pnpm/react-dom@19.2.3_react@19.2.3/node_modules/react-dom/cjs/react-dom-client.development.js:18969:11)
      at flushSyncWorkAcrossRoots_impl (node_modules/.pnpm/react-dom@19.2.3_react@19.2.3/node_modules/react-dom/cjs/react-dom-client.development.js:18814:21)
      at flushSpawnedWork (node_modules/.pnpm/react-dom@19.2.3_react@19.2.3/node_modules/react-dom/cjs/react-dom-client.development.js:18334:9)
      at commitRoot (node_modules/.pnpm/react-dom@19.2.3_react@19.2.3/node_modules/react-dom/cjs/react-dom-client.development.js:17955:9)
      at performWorkOnRoot (node_modules/.pnpm/react-dom@19.2.3_react@19.2.3/node_modules/react-dom/cjs/react-dom-client.development.js:16667:15)
      at performWorkOnRootViaSchedulerTask (node_modules/.pnpm/react-dom@19.2.3_react@19.2.3/node_modules/react-dom/cjs/react-dom-client.development.js:18957:7)
      at flushActQueue (node_modules/.pnpm/react@19.2.3/node_modules/react/cjs/react.development.js:590:34)
      at process.env.NODE_ENV.exports.act (node_modules/.pnpm/react@19.2.3/node_modules/react/cjs/react.development.js:884:10)
      at node_modules/.pnpm/@testing-library+react@16.3.1_@testing-library+dom@10.4.1_@types+react-dom@19.2.3_@type_68c5b21a70acecf0fbbfd97f51128017/node_modules/@testing-library/react/dist/act-compat.js:46:25
      at renderRoot (node_modules/.pnpm/@testing-library+react@16.3.1_@testing-library+dom@10.4.1_@types+react-dom@19.2.3_@type_68c5b21a70acecf0fbbfd97f51128017/node_modules/@testing-library/react/dist/pure.js:189:26)
      at render (node_modules/.pnpm/@testing-library+react@16.3.1_@testing-library+dom@10.4.1_@types+react-dom@19.2.3_@type_68c5b21a70acecf0fbbfd97f51128017/node_modules/@testing-library/react/dist/pure.js:291:10)
      at renderWithProviders (__tests__/components/dashboard/ModernDashboard.test.tsx:105:16)
      at Object.<anonymous> (__tests__/components/dashboard/ModernDashboard.test.tsx:466:5)

  ● ModernDashboard › handles theme change

    AggregateError:

      103 |
      104 | function renderWithProviders(component: React.ReactElement) {
    > 105 |   return render(
          |                ^
      106 |     <QueryClientProvider client={queryClient}>
      107 |       <MuiThemeProvider theme={theme}>{component}</MuiThemeProvider>
      108 |     </QueryClientProvider>

      at aggregateErrors (node_modules/.pnpm/react@19.2.3/node_modules/react/cjs/react.development.js:551:11)
      at process.env.NODE_ENV.exports.act (node_modules/.pnpm/react@19.2.3/node_modules/react/cjs/react.development.js:897:24)
      at node_modules/.pnpm/@testing-library+react@16.3.1_@testing-library+dom@10.4.1_@types+react-dom@19.2.3_@type_68c5b21a70acecf0fbbfd97f51128017/node_modules/@testing-library/react/dist/act-compat.js:46:25
      at renderRoot (node_modules/.pnpm/@testing-library+react@16.3.1_@testing-library+dom@10.4.1_@types+react-dom@19.2.3_@type_68c5b21a70acecf0fbbfd97f51128017/node_modules/@testing-library/react/dist/pure.js:189:26)
      at render (node_modules/.pnpm/@testing-library+react@16.3.1_@testing-library+dom@10.4.1_@types+react-dom@19.2.3_@type_68c5b21a70acecf0fbbfd97f51128017/node_modules/@testing-library/react/dist/pure.js:291:10)
      at renderWithProviders (__tests__/components/dashboard/ModernDashboard.test.tsx:105:16)
      at Object.<anonymous> (__tests__/components/dashboard/ModernDashboard.test.tsx:477:26)

  ● ModernDashboard › handles WebSocket disconnected state

    TypeError: useWebSocket.mockReturnValue is not a function

      487 |   it('handles WebSocket disconnected state', async () => {
      488 |     const { useWebSocket } = require('@/hooks/use-websocket');
    > 489 |     useWebSocket.mockReturnValue({
          |                  ^
      490 |       isConnected: false,
      491 |       sendMessage: jest.fn(),
      492 |     });

      at Object.<anonymous> (__tests__/components/dashboard/ModernDashboard.test.tsx:489:18)

  ● ModernDashboard › handles very large number of models

    AggregateError:

      103 |
      104 | function renderWithProviders(component: React.ReactElement) {
    > 105 |   return render(
          |                ^
      106 |     <QueryClientProvider client={queryClient}>
      107 |       <MuiThemeProvider theme={theme}>{component}</MuiThemeProvider>
      108 |     </QueryClientProvider>

      at aggregateErrors (node_modules/.pnpm/react@19.2.3/node_modules/react/cjs/react.development.js:551:11)
      at process.env.NODE_ENV.exports.act (node_modules/.pnpm/react@19.2.3/node_modules/react/cjs/react.development.js:897:24)
      at node_modules/.pnpm/@testing-library+react@16.3.1_@testing-library+dom@10.4.1_@types+react-dom@19.2.3_@type_68c5b21a70acecf0fbbfd97f51128017/node_modules/@testing-library/react/dist/act-compat.js:46:25
      at renderRoot (node_modules/.pnpm/@testing-library+react@16.3.1_@testing-library+dom@10.4.1_@types+react-dom@19.2.3_@type_68c5b21a70acecf0fbbfd97f51128017/node_modules/@testing-library/react/dist/pure.js:189:26)
      at render (node_modules/.pnpm/@testing-library+react@16.3.1_@testing-library+dom@10.4.1_@types+react-dom@19.2.3_@type_68c5b21a70acecf0fbbfd97f51128017/node_modules/@testing-library/react/dist/pure.js:291:10)
      at renderWithProviders (__tests__/components/dashboard/ModernDashboard.test.tsx:105:16)
      at Object.<anonymous> (__tests__/components/dashboard/ModernDashboard.test.tsx:522:5)

  ● ModernDashboard › handles negative response time gracefully

    AggregateError:

      103 |
      104 | function renderWithProviders(component: React.ReactElement) {
    > 105 |   return render(
          |                ^
      106 |     <QueryClientProvider client={queryClient}>
      107 |       <MuiThemeProvider theme={theme}>{component}</MuiThemeProvider>
      108 |     </QueryClientProvider>

      at aggregateErrors (node_modules/.pnpm/react@19.2.3/node_modules/react/cjs/react.development.js:551:11)
      at process.env.NODE_ENV.exports.act (node_modules/.pnpm/react@19.2.3/node_modules/react/cjs/react.development.js:897:24)
      at node_modules/.pnpm/@testing-library+react@16.3.1_@testing-library+dom@10.4.1_@types+react-dom@19.2.3_@type_68c5b21a70acecf0fbbfd97f51128017/node_modules/@testing-library/react/dist/act-compat.js:46:25
      at renderRoot (node_modules/.pnpm/@testing-library+react@16.3.1_@testing-library+dom@10.4.1_@types+react-dom@19.2.3_@type_68c5b21a70acecf0fbbfd97f51128017/node_modules/@testing-library/react/dist/pure.js:189:26)
      at render (node_modules/.pnpm/@testing-library+react@16.3.1_@testing-library+dom@10.4.1_@types+react-dom@19.2.3_@type_68c5b21a70acecf0fbbfd97f51128017/node_modules/@testing-library/react/dist/pure.js:291:10)
      at renderWithProviders (__tests__/components/dashboard/ModernDashboard.test.tsx:105:16)
      at Object.<anonymous> (__tests__/components/dashboard/ModernDashboard.test.tsx:546:5)

  ● ModernDashboard › handles very high response time

    AggregateError:

      103 |
      104 | function renderWithProviders(component: React.ReactElement) {
    > 105 |   return render(
          |                ^
      106 |     <QueryClientProvider client={queryClient}>
      107 |       <MuiThemeProvider theme={theme}>{component}</MuiThemeProvider>
      108 |     </QueryClientProvider>

      at aggregateErrors (node_modules/.pnpm/react@19.2.3/node_modules/react/cjs/react.development.js:551:11)
      at process.env.NODE_ENV.exports.act (node_modules/.pnpm/react@19.2.3/node_modules/react/cjs/react.development.js:897:24)
      at node_modules/.pnpm/@testing-library+react@16.3.1_@testing-library+dom@10.4.1_@types+react-dom@19.2.3_@type_68c5b21a70acecf0fbbfd97f51128017/node_modules/@testing-library/react/dist/act-compat.js:46:25
      at renderRoot (node_modules/.pnpm/@testing-library+react@16.3.1_@testing-library+dom@10.4.1_@types+react-dom@19.2.3_@type_68c5b21a70acecf0fbbfd97f51128017/node_modules/@testing-library/react/dist/pure.js:189:26)
      at render (node_modules/.pnpm/@testing-library+react@16.3.1_@testing-library+dom@10.4.1_@types+react-dom@19.2.3_@type_68c5b21a70acecf0fbbfd97f51128017/node_modules/@testing-library/react/dist/pure.js:291:10)
      at renderWithProviders (__tests__/components/dashboard/ModernDashboard.test.tsx:105:16)
      at Object.<anonymous> (__tests__/components/dashboard/ModernDashboard.test.tsx:570:5)

  ● ModernDashboard › handles undefined avg response time

    AggregateError:

      103 |
      104 | function renderWithProviders(component: React.ReactElement) {
    > 105 |   return render(
          |                ^
      106 |     <QueryClientProvider client={queryClient}>
      107 |       <MuiThemeProvider theme={theme}>{component}</MuiThemeProvider>
      108 |     </QueryClientProvider>

      at aggregateErrors (node_modules/.pnpm/react@19.2.3/node_modules/react/cjs/react.development.js:551:11)
      at process.env.NODE_ENV.exports.act (node_modules/.pnpm/react@19.2.3/node_modules/react/cjs/react.development.js:897:24)
      at node_modules/.pnpm/@testing-library+react@16.3.1_@testing-library+dom@10.4.1_@types+react-dom@19.2.3_@type_68c5b21a70acecf0fbbfd97f51128017/node_modules/@testing-library/react/dist/act-compat.js:46:25
      at renderRoot (node_modules/.pnpm/@testing-library+react@16.3.1_@testing-library+dom@10.4.1_@types+react-dom@19.2.3_@type_68c5b21a70acecf0fbbfd97f51128017/node_modules/@testing-library/react/dist/pure.js:189:26)
      at render (node_modules/.pnpm/@testing-library+react@16.3.1_@testing-library+dom@10.4.1_@types+react-dom@19.2.3_@type_68c5b21a70acecf0fbbfd97f51128017/node_modules/@testing-library/react/dist/pure.js:291:10)
      at renderWithProviders (__tests__/components/dashboard/ModernDashboard.test.tsx:105:16)
      at Object.<anonymous> (__tests__/components/dashboard/ModernDashboard.test.tsx:594:5)

  ● ModernDashboard › handles concurrent state changes

    AggregateError:

      103 |
      104 | function renderWithProviders(component: React.ReactElement) {
    > 105 |   return render(
          |                ^
      106 |     <QueryClientProvider client={queryClient}>
      107 |       <MuiThemeProvider theme={theme}>{component}</MuiThemeProvider>
      108 |     </QueryClientProvider>

      at aggregateErrors (node_modules/.pnpm/react@19.2.3/node_modules/react/cjs/react.development.js:551:11)
      at process.env.NODE_ENV.exports.act (node_modules/.pnpm/react@19.2.3/node_modules/react/cjs/react.development.js:897:24)
      at node_modules/.pnpm/@testing-library+react@16.3.1_@testing-library+dom@10.4.1_@types+react-dom@19.2.3_@type_68c5b21a70acecf0fbbfd97f51128017/node_modules/@testing-library/react/dist/act-compat.js:46:25
      at renderRoot (node_modules/.pnpm/@testing-library+react@16.3.1_@testing-library+dom@10.4.1_@types+react-dom@19.2.3_@type_68c5b21a70acecf0fbbfd97f51128017/node_modules/@testing-library/react/dist/pure.js:189:26)
      at render (node_modules/.pnpm/@testing-library+react@16.3.1_@testing-library+dom@10.4.1_@types+react-dom@19.2.3_@type_68c5b21a70acecf0fbbfd97f51128017/node_modules/@testing-library/react/dist/pure.js:291:10)
      at renderWithProviders (__tests__/components/dashboard/ModernDashboard.test.tsx:105:16)
      at Object.<anonymous> (__tests__/components/dashboard/ModernDashboard.test.tsx:604:5)

A worker process has failed to exit gracefully and has been force exited. This is likely caused by tests leaking due to improper teardown. Try running with --detectOpenHandles to find leaks. Active timers can also cause this, ensure that .unref() was called on them.
Summary of all failing tests
FAIL __tests__/components/dashboard/MetricCard.test.tsx
  ● MetricCard › clamps progress bar at 100% for values over 100

    expect(element).toHaveStyle()

    - Expected

    - width: 100%;

      280 |
      281 |     const progress = container.querySelector('[role="progressbar"]');
    > 282 |     expect(progress).toHaveStyle({ width: '100%' });
          |                      ^
      283 |   });
      284 |
      285 |   it('clamps progress bar at 0% for negative values', () => {

      at Object.<anonymous> (__tests__/components/dashboard/MetricCard.test.tsx:282:22)

  ● MetricCard › clamps progress bar at 0% for negative values

    expect(element).toHaveStyle()

    - Expected

    - width: 0%;

      294 |
      295 |     const progress = container.querySelector('[role="progressbar"]');
    > 296 |     expect(progress).toHaveStyle({ width: '0%' });
          |                      ^
      297 |   });
      298 |
      299 |   it('handles theme change from light to dark', () => {

      at Object.<anonymous> (__tests__/components/dashboard/MetricCard.test.tsx:296:22)

FAIL __tests__/lib/store.edge-cases.test.ts
  ● store edge cases › trimChartData edge cases › should handle trimming to zero points

    expect(received).toHaveLength(expected)

    Expected length: 0
    Received length: 1
    Received array:  [{"displayTime": "10:32:53 AM", "time": "2025-12-27T03:32:53.696Z", "value": 50}]

      742 |       });
      743 |
    > 744 |       expect(useStore.getState().chartHistory.cpu).toHaveLength(0);
          |                                                    ^
      745 |     });
      746 |
      747 |     it('should handle trimming to negative value (should not crash)', () => {

      at Object.<anonymous> (__tests__/lib/store.edge-cases.test.ts:744:52)

  ● store edge cases › State persistence edge cases › should persist models correctly

    expect(received).toBeTruthy()

    Received: null

      903 |
      904 |       const storedData = localStorage.getItem('llama-app-storage-v2');
    > 905 |       expect(storedData).toBeTruthy();
          |                          ^
      906 |
      907 |       const parsed = JSON.parse(storedData!);
      908 |       expect(parsed.state.models).toHaveLength(2);

      at Object.<anonymous> (__tests__/lib/store.edge-cases.test.ts:905:26)

  ● store edge cases › State persistence edge cases › should persist activeModelId correctly

    TypeError: Cannot read properties of null (reading 'state')

      917 |       const storedData = localStorage.getItem('llama-app-storage-v2');
      918 |       const parsed = JSON.parse(storedData!);
    > 919 |       expect(parsed.state.activeModelId).toBe('model-1');
          |                     ^
      920 |     });
      921 |
      922 |     it('should persist settings correctly', () => {

      at Object.<anonymous> (__tests__/lib/store.edge-cases.test.ts:919:21)

  ● store edge cases › State persistence edge cases › should persist settings correctly

    TypeError: Cannot read properties of null (reading 'state')

      931 |       const storedData = localStorage.getItem('llama-app-storage-v2');
      932 |       const parsed = JSON.parse(storedData!);
    > 933 |       expect(parsed.state.settings.theme).toBe('dark');
          |                     ^
      934 |       expect(parsed.state.settings.notifications).toBe(false);
      935 |       expect(parsed.state.settings.autoRefresh).toBe(false);
      936 |     });

      at Object.<anonymous> (__tests__/lib/store.edge-cases.test.ts:933:21)

  ● store edge cases › State persistence edge cases › should persist chartHistory correctly

    TypeError: Cannot read properties of null (reading 'state')

      944 |       const storedData = localStorage.getItem('llama-app-storage-v2');
      945 |       const parsed = JSON.parse(storedData!);
    > 946 |       expect(parsed.state.chartHistory.cpu).toHaveLength(1);
          |                     ^
      947 |       expect(parsed.state.chartHistory.memory).toHaveLength(1);
      948 |     });
      949 |

      at Object.<anonymous> (__tests__/lib/store.edge-cases.test.ts:946:21)

  ● store edge cases › State persistence edge cases › should not persist metrics

    TypeError: Cannot read properties of null (reading 'state')

      966 |       const storedData = localStorage.getItem('llama-app-storage-v2');
      967 |       const parsed = JSON.parse(storedData!);
    > 968 |       expect(parsed.state.metrics).toBeUndefined();
          |                     ^
      969 |     });
      970 |
      971 |     it('should not persist logs', () => {

      at Object.<anonymous> (__tests__/lib/store.edge-cases.test.ts:968:21)

  ● store edge cases › State persistence edge cases › should not persist logs

    TypeError: Cannot read properties of null (reading 'state')

      983 |       const storedData = localStorage.getItem('llama-app-storage-v2');
      984 |       const parsed = JSON.parse(storedData!);
    > 985 |       expect(parsed.state.logs).toBeUndefined();
          |                     ^
      986 |     });
      987 |
      988 |     it('should not persist status', () => {

      at Object.<anonymous> (__tests__/lib/store.edge-cases.test.ts:985:21)

  ● store edge cases › State persistence edge cases › should not persist status

    TypeError: Cannot read properties of null (reading 'state')

      994 |       const storedData = localStorage.getItem('llama-app-storage-v2');
      995 |       const parsed = JSON.parse(storedData!);
    > 996 |       expect(parsed.state.status).toBeUndefined();
          |                     ^
      997 |     });
      998 |   });
      999 |

      at Object.<anonymous> (__tests__/lib/store.edge-cases.test.ts:996:21)

  ● store edge cases › Store hydration/dehydration › should handle corrupted localStorage data gracefully

    expect(received).not.toThrow()

    Error name:    "SyntaxError"
    Error message: "Unexpected token 'i', \"invalid json\" is not valid JSON"

          1030 |       // Should not crash when trying to read
          1031 |       const storedData = localStorage.getItem('llama-app-storage-v2');
        > 1032 |       expect(() => JSON.parse(storedData!)).not.toThrow();
               |                         ^
          1033 |     });
          1034 |
          1035 |     it('should handle missing localStorage key', () => {

      at __tests__/lib/store.edge-cases.test.ts:1032:25
      at Object.<anonymous> (node_modules/.pnpm/expect@30.2.0/node_modules/expect/build/index.js:1824:9)
      at Object.throwingMatcher [as toThrow] (node_modules/.pnpm/expect@30.2.0/node_modules/expect/build/index.js:2235:93)
      at Object.<anonymous> (__tests__/lib/store.edge-cases.test.ts:1032:49)
      at Object.<anonymous> (__tests__/lib/store.edge-cases.test.ts:1032:49)

FAIL __tests__/pages/settings.test.tsx
  ● SettingsPage › renders without crashing

    Element type is invalid: expected a string (for built-in components) or a class/function (for composite components) but got: object.

    Check the render method of `SettingsPage`.

      21 |   });
      22 |
    > 23 |   return render(
         |                ^
      24 |     <ThemeProvider>
      25 |       <MuiThemeProvider theme={theme}>{component}</MuiThemeProvider>
      26 |     </ThemeProvider>

      at createFiberFromTypeAndProps (node_modules/.pnpm/react-dom@19.2.3_react@19.2.3/node_modules/react-dom/cjs/react-dom-client.development.js:5021:28)
      at createFiberFromElement (node_modules/.pnpm/react-dom@19.2.3_react@19.2.3/node_modules/react-dom/cjs/react-dom-client.development.js:5035:14)
      at reconcileChildFibersImpl (node_modules/.pnpm/react-dom@19.2.3_react@19.2.3/node_modules/react-dom/cjs/react-dom-client.development.js:6920:31)
      at node_modules/.pnpm/react-dom@19.2.3_react@19.2.3/node_modules/react-dom/cjs/react-dom-client.development.js:7098:33
      at reconcileChildren (node_modules/.pnpm/react-dom@19.2.3_react@19.2.3/node_modules/react-dom/cjs/react-dom-client.development.js:9701:13)
      at beginWork (node_modules/.pnpm/react-dom@19.2.3_react@19.2.3/node_modules/react-dom/cjs/react-dom-client.development.js:12049:13)
      at runWithFiberInDEV (node_modules/.pnpm/react-dom@19.2.3_react@19.2.3/node_modules/react-dom/cjs/react-dom-client.development.js:874:13)
      at performUnitOfWork (node_modules/.pnpm/react-dom@19.2.3_react@19.2.3/node_modules/react-dom/cjs/react-dom-client.development.js:17641:22)
      at workLoopSync (node_modules/.pnpm/react-dom@19.2.3_react@19.2.3/node_modules/react-dom/cjs/react-dom-client.development.js:17469:41)
      at renderRootSync (node_modules/.pnpm/react-dom@19.2.3_react@19.2.3/node_modules/react-dom/cjs/react-dom-client.development.js:17450:11)
      at performWorkOnRoot (node_modules/.pnpm/react-dom@19.2.3_react@19.2.3/node_modules/react-dom/cjs/react-dom-client.development.js:16583:35)
      at performWorkOnRootViaSchedulerTask (node_modules/.pnpm/react-dom@19.2.3_react@19.2.3/node_modules/react-dom/cjs/react-dom-client.development.js:18957:7)
      at flushActQueue (node_modules/.pnpm/react@19.2.3/node_modules/react/cjs/react.development.js:590:34)
      at process.env.NODE_ENV.exports.act (node_modules/.pnpm/react@19.2.3/node_modules/react/cjs/react.development.js:884:10)
      at node_modules/.pnpm/@testing-library+react@16.3.1_@testing-library+dom@10.4.1_@types+react-dom@19.2.3_@type_68c5b21a70acecf0fbbfd97f51128017/node_modules/@testing-library/react/dist/act-compat.js:46:25
      at renderRoot (node_modules/.pnpm/@testing-library+react@16.3.1_@testing-library+dom@10.4.1_@types+react-dom@19.2.3_@type_68c5b21a70acecf0fbbfd97f51128017/node_modules/@testing-library/react/dist/pure.js:189:26)
      at render (node_modules/.pnpm/@testing-library+react@16.3.1_@testing-library+dom@10.4.1_@types+react-dom@19.2.3_@type_68c5b21a70acecf0fbbfd97f51128017/node_modules/@testing-library/react/dist/pure.js:291:10)
      at renderWithTheme (__tests__/pages/settings.test.tsx:23:16)
      at Object.<anonymous> (__tests__/pages/settings.test.tsx:36:5)

  ● SettingsPage › renders MainLayout component

    Element type is invalid: expected a string (for built-in components) or a class/function (for composite components) but got: object.

    Check the render method of `SettingsPage`.

      21 |   });
      22 |
    > 23 |   return render(
         |                ^
      24 |     <ThemeProvider>
      25 |       <MuiThemeProvider theme={theme}>{component}</MuiThemeProvider>
      26 |     </ThemeProvider>

      at createFiberFromTypeAndProps (node_modules/.pnpm/react-dom@19.2.3_react@19.2.3/node_modules/react-dom/cjs/react-dom-client.development.js:5021:28)
      at createFiberFromElement (node_modules/.pnpm/react-dom@19.2.3_react@19.2.3/node_modules/react-dom/cjs/react-dom-client.development.js:5035:14)
      at reconcileChildFibersImpl (node_modules/.pnpm/react-dom@19.2.3_react@19.2.3/node_modules/react-dom/cjs/react-dom-client.development.js:6920:31)
      at node_modules/.pnpm/react-dom@19.2.3_react@19.2.3/node_modules/react-dom/cjs/react-dom-client.development.js:7098:33
      at reconcileChildren (node_modules/.pnpm/react-dom@19.2.3_react@19.2.3/node_modules/react-dom/cjs/react-dom-client.development.js:9701:13)
      at beginWork (node_modules/.pnpm/react-dom@19.2.3_react@19.2.3/node_modules/react-dom/cjs/react-dom-client.development.js:12049:13)
      at runWithFiberInDEV (node_modules/.pnpm/react-dom@19.2.3_react@19.2.3/node_modules/react-dom/cjs/react-dom-client.development.js:874:13)
      at performUnitOfWork (node_modules/.pnpm/react-dom@19.2.3_react@19.2.3/node_modules/react-dom/cjs/react-dom-client.development.js:17641:22)
      at workLoopSync (node_modules/.pnpm/react-dom@19.2.3_react@19.2.3/node_modules/react-dom/cjs/react-dom-client.development.js:17469:41)
      at renderRootSync (node_modules/.pnpm/react-dom@19.2.3_react@19.2.3/node_modules/react-dom/cjs/react-dom-client.development.js:17450:11)
      at performWorkOnRoot (node_modules/.pnpm/react-dom@19.2.3_react@19.2.3/node_modules/react-dom/cjs/react-dom-client.development.js:16583:35)
      at performWorkOnRootViaSchedulerTask (node_modules/.pnpm/react-dom@19.2.3_react@19.2.3/node_modules/react-dom/cjs/react-dom-client.development.js:18957:7)
      at flushActQueue (node_modules/.pnpm/react@19.2.3/node_modules/react/cjs/react.development.js:590:34)
      at process.env.NODE_ENV.exports.act (node_modules/.pnpm/react@19.2.3/node_modules/react/cjs/react.development.js:884:10)
      at node_modules/.pnpm/@testing-library+react@16.3.1_@testing-library+dom@10.4.1_@types+react-dom@19.2.3_@type_68c5b21a70acecf0fbbfd97f51128017/node_modules/@testing-library/react/dist/act-compat.js:46:25
      at renderRoot (node_modules/.pnpm/@testing-library+react@16.3.1_@testing-library+dom@10.4.1_@types+react-dom@19.2.3_@type_68c5b21a70acecf0fbbfd97f51128017/node_modules/@testing-library/react/dist/pure.js:189:26)
      at render (node_modules/.pnpm/@testing-library+react@16.3.1_@testing-library+dom@10.4.1_@types+react-dom@19.2.3_@type_68c5b21a70acecf0fbbfd97f51128017/node_modules/@testing-library/react/dist/pure.js:291:10)
      at renderWithTheme (__tests__/pages/settings.test.tsx:23:16)
      at Object.<anonymous> (__tests__/pages/settings.test.tsx:43:5)

  ● SettingsPage › renders ModernConfiguration component

    Element type is invalid: expected a string (for built-in components) or a class/function (for composite components) but got: object.

    Check the render method of `SettingsPage`.

      21 |   });
      22 |
    > 23 |   return render(
         |                ^
      24 |     <ThemeProvider>
      25 |       <MuiThemeProvider theme={theme}>{component}</MuiThemeProvider>
      26 |     </ThemeProvider>

      at createFiberFromTypeAndProps (node_modules/.pnpm/react-dom@19.2.3_react@19.2.3/node_modules/react-dom/cjs/react-dom-client.development.js:5021:28)
      at createFiberFromElement (node_modules/.pnpm/react-dom@19.2.3_react@19.2.3/node_modules/react-dom/cjs/react-dom-client.development.js:5035:14)
      at reconcileChildFibersImpl (node_modules/.pnpm/react-dom@19.2.3_react@19.2.3/node_modules/react-dom/cjs/react-dom-client.development.js:6920:31)
      at node_modules/.pnpm/react-dom@19.2.3_react@19.2.3/node_modules/react-dom/cjs/react-dom-client.development.js:7098:33
      at reconcileChildren (node_modules/.pnpm/react-dom@19.2.3_react@19.2.3/node_modules/react-dom/cjs/react-dom-client.development.js:9701:13)
      at beginWork (node_modules/.pnpm/react-dom@19.2.3_react@19.2.3/node_modules/react-dom/cjs/react-dom-client.development.js:12049:13)
      at runWithFiberInDEV (node_modules/.pnpm/react-dom@19.2.3_react@19.2.3/node_modules/react-dom/cjs/react-dom-client.development.js:874:13)
      at performUnitOfWork (node_modules/.pnpm/react-dom@19.2.3_react@19.2.3/node_modules/react-dom/cjs/react-dom-client.development.js:17641:22)
      at workLoopSync (node_modules/.pnpm/react-dom@19.2.3_react@19.2.3/node_modules/react-dom/cjs/react-dom-client.development.js:17469:41)
      at renderRootSync (node_modules/.pnpm/react-dom@19.2.3_react@19.2.3/node_modules/react-dom/cjs/react-dom-client.development.js:17450:11)
      at performWorkOnRoot (node_modules/.pnpm/react-dom@19.2.3_react@19.2.3/node_modules/react-dom/cjs/react-dom-client.development.js:16583:35)
      at performWorkOnRootViaSchedulerTask (node_modules/.pnpm/react-dom@19.2.3_react@19.2.3/node_modules/react-dom/cjs/react-dom-client.development.js:18957:7)
      at flushActQueue (node_modules/.pnpm/react@19.2.3/node_modules/react/cjs/react.development.js:590:34)
      at process.env.NODE_ENV.exports.act (node_modules/.pnpm/react@19.2.3/node_modules/react/cjs/react.development.js:884:10)
      at node_modules/.pnpm/@testing-library+react@16.3.1_@testing-library+dom@10.4.1_@types+react-dom@19.2.3_@type_68c5b21a70acecf0fbbfd97f51128017/node_modules/@testing-library/react/dist/act-compat.js:46:25
      at renderRoot (node_modules/.pnpm/@testing-library+react@16.3.1_@testing-library+dom@10.4.1_@types+react-dom@19.2.3_@type_68c5b21a70acecf0fbbfd97f51128017/node_modules/@testing-library/react/dist/pure.js:189:26)
      at render (node_modules/.pnpm/@testing-library+react@16.3.1_@testing-library+dom@10.4.1_@types+react-dom@19.2.3_@type_68c5b21a70acecf0fbbfd97f51128017/node_modules/@testing-library/react/dist/pure.js:291:10)
      at renderWithTheme (__tests__/pages/settings.test.tsx:23:16)
      at Object.<anonymous> (__tests__/pages/settings.test.tsx:49:5)

  ● SettingsPage › applies theme context correctly

    Element type is invalid: expected a string (for built-in components) or a class/function (for composite components) but got: object.

    Check the render method of `SettingsPage`.

      21 |   });
      22 |
    > 23 |   return render(
         |                ^
      24 |     <ThemeProvider>
      25 |       <MuiThemeProvider theme={theme}>{component}</MuiThemeProvider>
      26 |     </ThemeProvider>

      at createFiberFromTypeAndProps (node_modules/.pnpm/react-dom@19.2.3_react@19.2.3/node_modules/react-dom/cjs/react-dom-client.development.js:5021:28)
      at createFiberFromElement (node_modules/.pnpm/react-dom@19.2.3_react@19.2.3/node_modules/react-dom/cjs/react-dom-client.development.js:5035:14)
      at reconcileChildFibersImpl (node_modules/.pnpm/react-dom@19.2.3_react@19.2.3/node_modules/react-dom/cjs/react-dom-client.development.js:6920:31)
      at node_modules/.pnpm/react-dom@19.2.3_react@19.2.3/node_modules/react-dom/cjs/react-dom-client.development.js:7098:33
      at reconcileChildren (node_modules/.pnpm/react-dom@19.2.3_react@19.2.3/node_modules/react-dom/cjs/react-dom-client.development.js:9701:13)
      at beginWork (node_modules/.pnpm/react-dom@19.2.3_react@19.2.3/node_modules/react-dom/cjs/react-dom-client.development.js:12049:13)
      at runWithFiberInDEV (node_modules/.pnpm/react-dom@19.2.3_react@19.2.3/node_modules/react-dom/cjs/react-dom-client.development.js:874:13)
      at performUnitOfWork (node_modules/.pnpm/react-dom@19.2.3_react@19.2.3/node_modules/react-dom/cjs/react-dom-client.development.js:17641:22)
      at workLoopSync (node_modules/.pnpm/react-dom@19.2.3_react@19.2.3/node_modules/react-dom/cjs/react-dom-client.development.js:17469:41)
      at renderRootSync (node_modules/.pnpm/react-dom@19.2.3_react@19.2.3/node_modules/react-dom/cjs/react-dom-client.development.js:17450:11)
      at performWorkOnRoot (node_modules/.pnpm/react-dom@19.2.3_react@19.2.3/node_modules/react-dom/cjs/react-dom-client.development.js:16583:35)
      at performWorkOnRootViaSchedulerTask (node_modules/.pnpm/react-dom@19.2.3_react@19.2.3/node_modules/react-dom/cjs/react-dom-client.development.js:18957:7)
      at flushActQueue (node_modules/.pnpm/react@19.2.3/node_modules/react/cjs/react.development.js:590:34)
      at process.env.NODE_ENV.exports.act (node_modules/.pnpm/react@19.2.3/node_modules/react/cjs/react.development.js:884:10)
      at node_modules/.pnpm/@testing-library+react@16.3.1_@testing-library+dom@10.4.1_@types+react-dom@19.2.3_@type_68c5b21a70acecf0fbbfd97f51128017/node_modules/@testing-library/react/dist/act-compat.js:46:25
      at renderRoot (node_modules/.pnpm/@testing-library+react@16.3.1_@testing-library+dom@10.4.1_@types+react-dom@19.2.3_@type_68c5b21a70acecf0fbbfd97f51128017/node_modules/@testing-library/react/dist/pure.js:189:26)
      at render (node_modules/.pnpm/@testing-library+react@16.3.1_@testing-library+dom@10.4.1_@types+react-dom@19.2.3_@type_68c5b21a70acecf0fbbfd97f51128017/node_modules/@testing-library/react/dist/pure.js:291:10)
      at renderWithTheme (__tests__/pages/settings.test.tsx:23:16)
      at Object.<anonymous> (__tests__/pages/settings.test.tsx:56:5)

  ● SettingsPage › applies dark mode theme

    Element type is invalid: expected a string (for built-in components) or a class/function (for composite components) but got: object.

    Check the render method of `SettingsPage`.

      21 |   });
      22 |
    > 23 |   return render(
         |                ^
      24 |     <ThemeProvider>
      25 |       <MuiThemeProvider theme={theme}>{component}</MuiThemeProvider>
      26 |     </ThemeProvider>

      at createFiberFromTypeAndProps (node_modules/.pnpm/react-dom@19.2.3_react@19.2.3/node_modules/react-dom/cjs/react-dom-client.development.js:5021:28)
      at createFiberFromElement (node_modules/.pnpm/react-dom@19.2.3_react@19.2.3/node_modules/react-dom/cjs/react-dom-client.development.js:5035:14)
      at reconcileChildFibersImpl (node_modules/.pnpm/react-dom@19.2.3_react@19.2.3/node_modules/react-dom/cjs/react-dom-client.development.js:6920:31)
      at node_modules/.pnpm/react-dom@19.2.3_react@19.2.3/node_modules/react-dom/cjs/react-dom-client.development.js:7098:33
      at reconcileChildren (node_modules/.pnpm/react-dom@19.2.3_react@19.2.3/node_modules/react-dom/cjs/react-dom-client.development.js:9701:13)
      at beginWork (node_modules/.pnpm/react-dom@19.2.3_react@19.2.3/node_modules/react-dom/cjs/react-dom-client.development.js:12049:13)
      at runWithFiberInDEV (node_modules/.pnpm/react-dom@19.2.3_react@19.2.3/node_modules/react-dom/cjs/react-dom-client.development.js:874:13)
      at performUnitOfWork (node_modules/.pnpm/react-dom@19.2.3_react@19.2.3/node_modules/react-dom/cjs/react-dom-client.development.js:17641:22)
      at workLoopSync (node_modules/.pnpm/react-dom@19.2.3_react@19.2.3/node_modules/react-dom/cjs/react-dom-client.development.js:17469:41)
      at renderRootSync (node_modules/.pnpm/react-dom@19.2.3_react@19.2.3/node_modules/react-dom/cjs/react-dom-client.development.js:17450:11)
      at performWorkOnRoot (node_modules/.pnpm/react-dom@19.2.3_react@19.2.3/node_modules/react-dom/cjs/react-dom-client.development.js:16583:35)
      at performWorkOnRootViaSchedulerTask (node_modules/.pnpm/react-dom@19.2.3_react@19.2.3/node_modules/react-dom/cjs/react-dom-client.development.js:18957:7)
      at flushActQueue (node_modules/.pnpm/react@19.2.3/node_modules/react/cjs/react.development.js:590:34)
      at process.env.NODE_ENV.exports.act (node_modules/.pnpm/react@19.2.3/node_modules/react/cjs/react.development.js:884:10)
      at node_modules/.pnpm/@testing-library+react@16.3.1_@testing-library+dom@10.4.1_@types+react-dom@19.2.3_@type_68c5b21a70acecf0fbbfd97f51128017/node_modules/@testing-library/react/dist/act-compat.js:46:25
      at renderRoot (node_modules/.pnpm/@testing-library+react@16.3.1_@testing-library+dom@10.4.1_@types+react-dom@19.2.3_@type_68c5b21a70acecf0fbbfd97f51128017/node_modules/@testing-library/react/dist/pure.js:189:26)
      at render (node_modules/.pnpm/@testing-library+react@16.3.1_@testing-library+dom@10.4.1_@types+react-dom@19.2.3_@type_68c5b21a70acecf0fbbfd97f51128017/node_modules/@testing-library/react/dist/pure.js:291:10)
      at renderWithTheme (__tests__/pages/settings.test.tsx:23:16)
      at Object.<anonymous> (__tests__/pages/settings.test.tsx:62:5)

  ● SettingsPage › applies light mode theme

    Element type is invalid: expected a string (for built-in components) or a class/function (for composite components) but got: object.

    Check the render method of `SettingsPage`.

      21 |   });
      22 |
    > 23 |   return render(
         |                ^
      24 |     <ThemeProvider>
      25 |       <MuiThemeProvider theme={theme}>{component}</MuiThemeProvider>
      26 |     </ThemeProvider>

      at createFiberFromTypeAndProps (node_modules/.pnpm/react-dom@19.2.3_react@19.2.3/node_modules/react-dom/cjs/react-dom-client.development.js:5021:28)
      at createFiberFromElement (node_modules/.pnpm/react-dom@19.2.3_react@19.2.3/node_modules/react-dom/cjs/react-dom-client.development.js:5035:14)
      at reconcileChildFibersImpl (node_modules/.pnpm/react-dom@19.2.3_react@19.2.3/node_modules/react-dom/cjs/react-dom-client.development.js:6920:31)
      at node_modules/.pnpm/react-dom@19.2.3_react@19.2.3/node_modules/react-dom/cjs/react-dom-client.development.js:7098:33
      at reconcileChildren (node_modules/.pnpm/react-dom@19.2.3_react@19.2.3/node_modules/react-dom/cjs/react-dom-client.development.js:9701:13)
      at beginWork (node_modules/.pnpm/react-dom@19.2.3_react@19.2.3/node_modules/react-dom/cjs/react-dom-client.development.js:12049:13)
      at runWithFiberInDEV (node_modules/.pnpm/react-dom@19.2.3_react@19.2.3/node_modules/react-dom/cjs/react-dom-client.development.js:874:13)
      at performUnitOfWork (node_modules/.pnpm/react-dom@19.2.3_react@19.2.3/node_modules/react-dom/cjs/react-dom-client.development.js:17641:22)
      at workLoopSync (node_modules/.pnpm/react-dom@19.2.3_react@19.2.3/node_modules/react-dom/cjs/react-dom-client.development.js:17469:41)
      at renderRootSync (node_modules/.pnpm/react-dom@19.2.3_react@19.2.3/node_modules/react-dom/cjs/react-dom-client.development.js:17450:11)
      at performWorkOnRoot (node_modules/.pnpm/react-dom@19.2.3_react@19.2.3/node_modules/react-dom/cjs/react-dom-client.development.js:16583:35)
      at performWorkOnRootViaSchedulerTask (node_modules/.pnpm/react-dom@19.2.3_react@19.2.3/node_modules/react-dom/cjs/react-dom-client.development.js:18957:7)
      at flushActQueue (node_modules/.pnpm/react@19.2.3/node_modules/react/cjs/react.development.js:590:34)
      at process.env.NODE_ENV.exports.act (node_modules/.pnpm/react@19.2.3/node_modules/react/cjs/react.development.js:884:10)
      at node_modules/.pnpm/@testing-library+react@16.3.1_@testing-library+dom@10.4.1_@types+react-dom@19.2.3_@type_68c5b21a70acecf0fbbfd97f51128017/node_modules/@testing-library/react/dist/act-compat.js:46:25
      at renderRoot (node_modules/.pnpm/@testing-library+react@16.3.1_@testing-library+dom@10.4.1_@types+react-dom@19.2.3_@type_68c5b21a70acecf0fbbfd97f51128017/node_modules/@testing-library/react/dist/pure.js:189:26)
      at render (node_modules/.pnpm/@testing-library+react@16.3.1_@testing-library+dom@10.4.1_@types+react-dom@19.2.3_@type_68c5b21a70acecf0fbbfd97f51128017/node_modules/@testing-library/react/dist/pure.js:291:10)
      at renderWithTheme (__tests__/pages/settings.test.tsx:23:16)
      at Object.<anonymous> (__tests__/pages/settings.test.tsx:68:5)

  ● SettingsPage › has correct component structure

    Element type is invalid: expected a string (for built-in components) or a class/function (for composite components) but got: object.

    Check the render method of `SettingsPage`.

      21 |   });
      22 |
    > 23 |   return render(
         |                ^
      24 |     <ThemeProvider>
      25 |       <MuiThemeProvider theme={theme}>{component}</MuiThemeProvider>
      26 |     </ThemeProvider>

      at createFiberFromTypeAndProps (node_modules/.pnpm/react-dom@19.2.3_react@19.2.3/node_modules/react-dom/cjs/react-dom-client.development.js:5021:28)
      at createFiberFromElement (node_modules/.pnpm/react-dom@19.2.3_react@19.2.3/node_modules/react-dom/cjs/react-dom-client.development.js:5035:14)
      at reconcileChildFibersImpl (node_modules/.pnpm/react-dom@19.2.3_react@19.2.3/node_modules/react-dom/cjs/react-dom-client.development.js:6920:31)
      at node_modules/.pnpm/react-dom@19.2.3_react@19.2.3/node_modules/react-dom/cjs/react-dom-client.development.js:7098:33
      at reconcileChildren (node_modules/.pnpm/react-dom@19.2.3_react@19.2.3/node_modules/react-dom/cjs/react-dom-client.development.js:9701:13)
      at beginWork (node_modules/.pnpm/react-dom@19.2.3_react@19.2.3/node_modules/react-dom/cjs/react-dom-client.development.js:12049:13)
      at runWithFiberInDEV (node_modules/.pnpm/react-dom@19.2.3_react@19.2.3/node_modules/react-dom/cjs/react-dom-client.development.js:874:13)
      at performUnitOfWork (node_modules/.pnpm/react-dom@19.2.3_react@19.2.3/node_modules/react-dom/cjs/react-dom-client.development.js:17641:22)
      at workLoopSync (node_modules/.pnpm/react-dom@19.2.3_react@19.2.3/node_modules/react-dom/cjs/react-dom-client.development.js:17469:41)
      at renderRootSync (node_modules/.pnpm/react-dom@19.2.3_react@19.2.3/node_modules/react-dom/cjs/react-dom-client.development.js:17450:11)
      at performWorkOnRoot (node_modules/.pnpm/react-dom@19.2.3_react@19.2.3/node_modules/react-dom/cjs/react-dom-client.development.js:16583:35)
      at performWorkOnRootViaSchedulerTask (node_modules/.pnpm/react-dom@19.2.3_react@19.2.3/node_modules/react-dom/cjs/react-dom-client.development.js:18957:7)
      at flushActQueue (node_modules/.pnpm/react@19.2.3/node_modules/react/cjs/react.development.js:590:34)
      at process.env.NODE_ENV.exports.act (node_modules/.pnpm/react@19.2.3/node_modules/react/cjs/react.development.js:884:10)
      at node_modules/.pnpm/@testing-library+react@16.3.1_@testing-library+dom@10.4.1_@types+react-dom@19.2.3_@type_68c5b21a70acecf0fbbfd97f51128017/node_modules/@testing-library/react/dist/act-compat.js:46:25
      at renderRoot (node_modules/.pnpm/@testing-library+react@16.3.1_@testing-library+dom@10.4.1_@types+react-dom@19.2.3_@type_68c5b21a70acecf0fbbfd97f51128017/node_modules/@testing-library/react/dist/pure.js:189:26)
      at render (node_modules/.pnpm/@testing-library+react@16.3.1_@testing-library+dom@10.4.1_@types+react-dom@19.2.3_@type_68c5b21a70acecf0fbbfd97f51128017/node_modules/@testing-library/react/dist/pure.js:291:10)
      at renderWithTheme (__tests__/pages/settings.test.tsx:23:16)
      at Object.<anonymous> (__tests__/pages/settings.test.tsx:74:27)

  ● SettingsPage › is accessible

    Element type is invalid: expected a string (for built-in components) or a class/function (for composite components) but got: object.

    Check the render method of `SettingsPage`.

      21 |   });
      22 |
    > 23 |   return render(
         |                ^
      24 |     <ThemeProvider>
      25 |       <MuiThemeProvider theme={theme}>{component}</MuiThemeProvider>
      26 |     </ThemeProvider>

      at createFiberFromTypeAndProps (node_modules/.pnpm/react-dom@19.2.3_react@19.2.3/node_modules/react-dom/cjs/react-dom-client.development.js:5021:28)
      at createFiberFromElement (node_modules/.pnpm/react-dom@19.2.3_react@19.2.3/node_modules/react-dom/cjs/react-dom-client.development.js:5035:14)
      at reconcileChildFibersImpl (node_modules/.pnpm/react-dom@19.2.3_react@19.2.3/node_modules/react-dom/cjs/react-dom-client.development.js:6920:31)
      at node_modules/.pnpm/react-dom@19.2.3_react@19.2.3/node_modules/react-dom/cjs/react-dom-client.development.js:7098:33
      at reconcileChildren (node_modules/.pnpm/react-dom@19.2.3_react@19.2.3/node_modules/react-dom/cjs/react-dom-client.development.js:9701:13)
      at beginWork (node_modules/.pnpm/react-dom@19.2.3_react@19.2.3/node_modules/react-dom/cjs/react-dom-client.development.js:12049:13)
      at runWithFiberInDEV (node_modules/.pnpm/react-dom@19.2.3_react@19.2.3/node_modules/react-dom/cjs/react-dom-client.development.js:874:13)
      at performUnitOfWork (node_modules/.pnpm/react-dom@19.2.3_react@19.2.3/node_modules/react-dom/cjs/react-dom-client.development.js:17641:22)
      at workLoopSync (node_modules/.pnpm/react-dom@19.2.3_react@19.2.3/node_modules/react-dom/cjs/react-dom-client.development.js:17469:41)
      at renderRootSync (node_modules/.pnpm/react-dom@19.2.3_react@19.2.3/node_modules/react-dom/cjs/react-dom-client.development.js:17450:11)
      at performWorkOnRoot (node_modules/.pnpm/react-dom@19.2.3_react@19.2.3/node_modules/react-dom/cjs/react-dom-client.development.js:16583:35)
      at performWorkOnRootViaSchedulerTask (node_modules/.pnpm/react-dom@19.2.3_react@19.2.3/node_modules/react-dom/cjs/react-dom-client.development.js:18957:7)
      at flushActQueue (node_modules/.pnpm/react@19.2.3/node_modules/react/cjs/react.development.js:590:34)
      at process.env.NODE_ENV.exports.act (node_modules/.pnpm/react@19.2.3/node_modules/react/cjs/react.development.js:884:10)
      at node_modules/.pnpm/@testing-library+react@16.3.1_@testing-library+dom@10.4.1_@types+react-dom@19.2.3_@type_68c5b21a70acecf0fbbfd97f51128017/node_modules/@testing-library/react/dist/act-compat.js:46:25
      at renderRoot (node_modules/.pnpm/@testing-library+react@16.3.1_@testing-library+dom@10.4.1_@types+react-dom@19.2.3_@type_68c5b21a70acecf0fbbfd97f51128017/node_modules/@testing-library/react/dist/pure.js:189:26)
      at render (node_modules/.pnpm/@testing-library+react@16.3.1_@testing-library+dom@10.4.1_@types+react-dom@19.2.3_@type_68c5b21a70acecf0fbbfd97f51128017/node_modules/@testing-library/react/dist/pure.js:291:10)
      at renderWithTheme (__tests__/pages/settings.test.tsx:23:16)
      at Object.<anonymous> (__tests__/pages/settings.test.tsx:82:5)

  ● SettingsPage › renders correctly on rerender

    Element type is invalid: expected a string (for built-in components) or a class/function (for composite components) but got: object.

    Check the render method of `SettingsPage`.

      21 |   });
      22 |
    > 23 |   return render(
         |                ^
      24 |     <ThemeProvider>
      25 |       <MuiThemeProvider theme={theme}>{component}</MuiThemeProvider>
      26 |     </ThemeProvider>

      at createFiberFromTypeAndProps (node_modules/.pnpm/react-dom@19.2.3_react@19.2.3/node_modules/react-dom/cjs/react-dom-client.development.js:5021:28)
      at createFiberFromElement (node_modules/.pnpm/react-dom@19.2.3_react@19.2.3/node_modules/react-dom/cjs/react-dom-client.development.js:5035:14)
      at reconcileChildFibersImpl (node_modules/.pnpm/react-dom@19.2.3_react@19.2.3/node_modules/react-dom/cjs/react-dom-client.development.js:6920:31)
      at node_modules/.pnpm/react-dom@19.2.3_react@19.2.3/node_modules/react-dom/cjs/react-dom-client.development.js:7098:33
      at reconcileChildren (node_modules/.pnpm/react-dom@19.2.3_react@19.2.3/node_modules/react-dom/cjs/react-dom-client.development.js:9701:13)
      at beginWork (node_modules/.pnpm/react-dom@19.2.3_react@19.2.3/node_modules/react-dom/cjs/react-dom-client.development.js:12049:13)
      at runWithFiberInDEV (node_modules/.pnpm/react-dom@19.2.3_react@19.2.3/node_modules/react-dom/cjs/react-dom-client.development.js:874:13)
      at performUnitOfWork (node_modules/.pnpm/react-dom@19.2.3_react@19.2.3/node_modules/react-dom/cjs/react-dom-client.development.js:17641:22)
      at workLoopSync (node_modules/.pnpm/react-dom@19.2.3_react@19.2.3/node_modules/react-dom/cjs/react-dom-client.development.js:17469:41)
      at renderRootSync (node_modules/.pnpm/react-dom@19.2.3_react@19.2.3/node_modules/react-dom/cjs/react-dom-client.development.js:17450:11)
      at performWorkOnRoot (node_modules/.pnpm/react-dom@19.2.3_react@19.2.3/node_modules/react-dom/cjs/react-dom-client.development.js:16583:35)
      at performWorkOnRootViaSchedulerTask (node_modules/.pnpm/react-dom@19.2.3_react@19.2.3/node_modules/react-dom/cjs/react-dom-client.development.js:18957:7)
      at flushActQueue (node_modules/.pnpm/react@19.2.3/node_modules/react/cjs/react.development.js:590:34)
      at process.env.NODE_ENV.exports.act (node_modules/.pnpm/react@19.2.3/node_modules/react/cjs/react.development.js:884:10)
      at node_modules/.pnpm/@testing-library+react@16.3.1_@testing-library+dom@10.4.1_@types+react-dom@19.2.3_@type_68c5b21a70acecf0fbbfd97f51128017/node_modules/@testing-library/react/dist/act-compat.js:46:25
      at renderRoot (node_modules/.pnpm/@testing-library+react@16.3.1_@testing-library+dom@10.4.1_@types+react-dom@19.2.3_@type_68c5b21a70acecf0fbbfd97f51128017/node_modules/@testing-library/react/dist/pure.js:189:26)
      at render (node_modules/.pnpm/@testing-library+react@16.3.1_@testing-library+dom@10.4.1_@types+react-dom@19.2.3_@type_68c5b21a70acecf0fbbfd97f51128017/node_modules/@testing-library/react/dist/pure.js:291:10)
      at renderWithTheme (__tests__/pages/settings.test.tsx:23:16)
      at Object.<anonymous> (__tests__/pages/settings.test.tsx:89:26)

  ● SettingsPage › handles theme changes

    Element type is invalid: expected a string (for built-in components) or a class/function (for composite components) but got: object.

    Check the render method of `SettingsPage`.

      21 |   });
      22 |
    > 23 |   return render(
         |                ^
      24 |     <ThemeProvider>
      25 |       <MuiThemeProvider theme={theme}>{component}</MuiThemeProvider>
      26 |     </ThemeProvider>

      at createFiberFromTypeAndProps (node_modules/.pnpm/react-dom@19.2.3_react@19.2.3/node_modules/react-dom/cjs/react-dom-client.development.js:5021:28)
      at createFiberFromElement (node_modules/.pnpm/react-dom@19.2.3_react@19.2.3/node_modules/react-dom/cjs/react-dom-client.development.js:5035:14)
      at reconcileChildFibersImpl (node_modules/.pnpm/react-dom@19.2.3_react@19.2.3/node_modules/react-dom/cjs/react-dom-client.development.js:6920:31)
      at node_modules/.pnpm/react-dom@19.2.3_react@19.2.3/node_modules/react-dom/cjs/react-dom-client.development.js:7098:33
      at reconcileChildren (node_modules/.pnpm/react-dom@19.2.3_react@19.2.3/node_modules/react-dom/cjs/react-dom-client.development.js:9701:13)
      at beginWork (node_modules/.pnpm/react-dom@19.2.3_react@19.2.3/node_modules/react-dom/cjs/react-dom-client.development.js:12049:13)
      at runWithFiberInDEV (node_modules/.pnpm/react-dom@19.2.3_react@19.2.3/node_modules/react-dom/cjs/react-dom-client.development.js:874:13)
      at performUnitOfWork (node_modules/.pnpm/react-dom@19.2.3_react@19.2.3/node_modules/react-dom/cjs/react-dom-client.development.js:17641:22)
      at workLoopSync (node_modules/.pnpm/react-dom@19.2.3_react@19.2.3/node_modules/react-dom/cjs/react-dom-client.development.js:17469:41)
      at renderRootSync (node_modules/.pnpm/react-dom@19.2.3_react@19.2.3/node_modules/react-dom/cjs/react-dom-client.development.js:17450:11)
      at performWorkOnRoot (node_modules/.pnpm/react-dom@19.2.3_react@19.2.3/node_modules/react-dom/cjs/react-dom-client.development.js:16583:35)
      at performWorkOnRootViaSchedulerTask (node_modules/.pnpm/react-dom@19.2.3_react@19.2.3/node_modules/react-dom/cjs/react-dom-client.development.js:18957:7)
      at flushActQueue (node_modules/.pnpm/react@19.2.3/node_modules/react/cjs/react.development.js:590:34)
      at process.env.NODE_ENV.exports.act (node_modules/.pnpm/react@19.2.3/node_modules/react/cjs/react.development.js:884:10)
      at node_modules/.pnpm/@testing-library+react@16.3.1_@testing-library+dom@10.4.1_@types+react-dom@19.2.3_@type_68c5b21a70acecf0fbbfd97f51128017/node_modules/@testing-library/react/dist/act-compat.js:46:25
      at renderRoot (node_modules/.pnpm/@testing-library+react@16.3.1_@testing-library+dom@10.4.1_@types+react-dom@19.2.3_@type_68c5b21a70acecf0fbbfd97f51128017/node_modules/@testing-library/react/dist/pure.js:189:26)
      at render (node_modules/.pnpm/@testing-library+react@16.3.1_@testing-library+dom@10.4.1_@types+react-dom@19.2.3_@type_68c5b21a70acecf0fbbfd97f51128017/node_modules/@testing-library/react/dist/pure.js:291:10)
      at renderWithTheme (__tests__/pages/settings.test.tsx:23:16)
      at Object.<anonymous> (__tests__/pages/settings.test.tsx:105:26)

  ● SettingsPage › does not render unexpected content

    Element type is invalid: expected a string (for built-in components) or a class/function (for composite components) but got: object.

    Check the render method of `SettingsPage`.

      21 |   });
      22 |
    > 23 |   return render(
         |                ^
      24 |     <ThemeProvider>
      25 |       <MuiThemeProvider theme={theme}>{component}</MuiThemeProvider>
      26 |     </ThemeProvider>

      at createFiberFromTypeAndProps (node_modules/.pnpm/react-dom@19.2.3_react@19.2.3/node_modules/react-dom/cjs/react-dom-client.development.js:5021:28)
      at createFiberFromElement (node_modules/.pnpm/react-dom@19.2.3_react@19.2.3/node_modules/react-dom/cjs/react-dom-client.development.js:5035:14)
      at reconcileChildFibersImpl (node_modules/.pnpm/react-dom@19.2.3_react@19.2.3/node_modules/react-dom/cjs/react-dom-client.development.js:6920:31)
      at node_modules/.pnpm/react-dom@19.2.3_react@19.2.3/node_modules/react-dom/cjs/react-dom-client.development.js:7098:33
      at reconcileChildren (node_modules/.pnpm/react-dom@19.2.3_react@19.2.3/node_modules/react-dom/cjs/react-dom-client.development.js:9701:13)
      at beginWork (node_modules/.pnpm/react-dom@19.2.3_react@19.2.3/node_modules/react-dom/cjs/react-dom-client.development.js:12049:13)
      at runWithFiberInDEV (node_modules/.pnpm/react-dom@19.2.3_react@19.2.3/node_modules/react-dom/cjs/react-dom-client.development.js:874:13)
      at performUnitOfWork (node_modules/.pnpm/react-dom@19.2.3_react@19.2.3/node_modules/react-dom/cjs/react-dom-client.development.js:17641:22)
      at workLoopSync (node_modules/.pnpm/react-dom@19.2.3_react@19.2.3/node_modules/react-dom/cjs/react-dom-client.development.js:17469:41)
      at renderRootSync (node_modules/.pnpm/react-dom@19.2.3_react@19.2.3/node_modules/react-dom/cjs/react-dom-client.development.js:17450:11)
      at performWorkOnRoot (node_modules/.pnpm/react-dom@19.2.3_react@19.2.3/node_modules/react-dom/cjs/react-dom-client.development.js:16583:35)
      at performWorkOnRootViaSchedulerTask (node_modules/.pnpm/react-dom@19.2.3_react@19.2.3/node_modules/react-dom/cjs/react-dom-client.development.js:18957:7)
      at flushActQueue (node_modules/.pnpm/react@19.2.3/node_modules/react/cjs/react.development.js:590:34)
      at process.env.NODE_ENV.exports.act (node_modules/.pnpm/react@19.2.3/node_modules/react/cjs/react.development.js:884:10)
      at node_modules/.pnpm/@testing-library+react@16.3.1_@testing-library+dom@10.4.1_@types+react-dom@19.2.3_@type_68c5b21a70acecf0fbbfd97f51128017/node_modules/@testing-library/react/dist/act-compat.js:46:25
      at renderRoot (node_modules/.pnpm/@testing-library+react@16.3.1_@testing-library+dom@10.4.1_@types+react-dom@19.2.3_@type_68c5b21a70acecf0fbbfd97f51128017/node_modules/@testing-library/react/dist/pure.js:189:26)
      at render (node_modules/.pnpm/@testing-library+react@16.3.1_@testing-library+dom@10.4.1_@types+react-dom@19.2.3_@type_68c5b21a70acecf0fbbfd97f51128017/node_modules/@testing-library/react/dist/pure.js:291:10)
      at renderWithTheme (__tests__/pages/settings.test.tsx:23:16)
      at Object.<anonymous> (__tests__/pages/settings.test.tsx:121:5)

  ● SettingsPage › maintains component hierarchy

    Element type is invalid: expected a string (for built-in components) or a class/function (for composite components) but got: object.

    Check the render method of `SettingsPage`.

      21 |   });
      22 |
    > 23 |   return render(
         |                ^
      24 |     <ThemeProvider>
      25 |       <MuiThemeProvider theme={theme}>{component}</MuiThemeProvider>
      26 |     </ThemeProvider>

      at createFiberFromTypeAndProps (node_modules/.pnpm/react-dom@19.2.3_react@19.2.3/node_modules/react-dom/cjs/react-dom-client.development.js:5021:28)
      at createFiberFromElement (node_modules/.pnpm/react-dom@19.2.3_react@19.2.3/node_modules/react-dom/cjs/react-dom-client.development.js:5035:14)
      at reconcileChildFibersImpl (node_modules/.pnpm/react-dom@19.2.3_react@19.2.3/node_modules/react-dom/cjs/react-dom-client.development.js:6920:31)
      at node_modules/.pnpm/react-dom@19.2.3_react@19.2.3/node_modules/react-dom/cjs/react-dom-client.development.js:7098:33
      at reconcileChildren (node_modules/.pnpm/react-dom@19.2.3_react@19.2.3/node_modules/react-dom/cjs/react-dom-client.development.js:9701:13)
      at beginWork (node_modules/.pnpm/react-dom@19.2.3_react@19.2.3/node_modules/react-dom/cjs/react-dom-client.development.js:12049:13)
      at runWithFiberInDEV (node_modules/.pnpm/react-dom@19.2.3_react@19.2.3/node_modules/react-dom/cjs/react-dom-client.development.js:874:13)
      at performUnitOfWork (node_modules/.pnpm/react-dom@19.2.3_react@19.2.3/node_modules/react-dom/cjs/react-dom-client.development.js:17641:22)
      at workLoopSync (node_modules/.pnpm/react-dom@19.2.3_react@19.2.3/node_modules/react-dom/cjs/react-dom-client.development.js:17469:41)
      at renderRootSync (node_modules/.pnpm/react-dom@19.2.3_react@19.2.3/node_modules/react-dom/cjs/react-dom-client.development.js:17450:11)
      at performWorkOnRoot (node_modules/.pnpm/react-dom@19.2.3_react@19.2.3/node_modules/react-dom/cjs/react-dom-client.development.js:16583:35)
      at performWorkOnRootViaSchedulerTask (node_modules/.pnpm/react-dom@19.2.3_react@19.2.3/node_modules/react-dom/cjs/react-dom-client.development.js:18957:7)
      at flushActQueue (node_modules/.pnpm/react@19.2.3/node_modules/react/cjs/react.development.js:590:34)
      at process.env.NODE_ENV.exports.act (node_modules/.pnpm/react@19.2.3/node_modules/react/cjs/react.development.js:884:10)
      at node_modules/.pnpm/@testing-library+react@16.3.1_@testing-library+dom@10.4.1_@types+react-dom@19.2.3_@type_68c5b21a70acecf0fbbfd97f51128017/node_modules/@testing-library/react/dist/act-compat.js:46:25
      at renderRoot (node_modules/.pnpm/@testing-library+react@16.3.1_@testing-library+dom@10.4.1_@types+react-dom@19.2.3_@type_68c5b21a70acecf0fbbfd97f51128017/node_modules/@testing-library/react/dist/pure.js:189:26)
      at render (node_modules/.pnpm/@testing-library+react@16.3.1_@testing-library+dom@10.4.1_@types+react-dom@19.2.3_@type_68c5b21a70acecf0fbbfd97f51128017/node_modules/@testing-library/react/dist/pure.js:291:10)
      at renderWithTheme (__tests__/pages/settings.test.tsx:23:16)
      at Object.<anonymous> (__tests__/pages/settings.test.tsx:129:27)

  ● SettingsPage › is responsive

    Element type is invalid: expected a string (for built-in components) or a class/function (for composite components) but got: object.

    Check the render method of `SettingsPage`.

      21 |   });
      22 |
    > 23 |   return render(
         |                ^
      24 |     <ThemeProvider>
      25 |       <MuiThemeProvider theme={theme}>{component}</MuiThemeProvider>
      26 |     </ThemeProvider>

      at createFiberFromTypeAndProps (node_modules/.pnpm/react-dom@19.2.3_react@19.2.3/node_modules/react-dom/cjs/react-dom-client.development.js:5021:28)
      at createFiberFromElement (node_modules/.pnpm/react-dom@19.2.3_react@19.2.3/node_modules/react-dom/cjs/react-dom-client.development.js:5035:14)
      at reconcileChildFibersImpl (node_modules/.pnpm/react-dom@19.2.3_react@19.2.3/node_modules/react-dom/cjs/react-dom-client.development.js:6920:31)
      at node_modules/.pnpm/react-dom@19.2.3_react@19.2.3/node_modules/react-dom/cjs/react-dom-client.development.js:7098:33
      at reconcileChildren (node_modules/.pnpm/react-dom@19.2.3_react@19.2.3/node_modules/react-dom/cjs/react-dom-client.development.js:9701:13)
      at beginWork (node_modules/.pnpm/react-dom@19.2.3_react@19.2.3/node_modules/react-dom/cjs/react-dom-client.development.js:12049:13)
      at runWithFiberInDEV (node_modules/.pnpm/react-dom@19.2.3_react@19.2.3/node_modules/react-dom/cjs/react-dom-client.development.js:874:13)
      at performUnitOfWork (node_modules/.pnpm/react-dom@19.2.3_react@19.2.3/node_modules/react-dom/cjs/react-dom-client.development.js:17641:22)
      at workLoopSync (node_modules/.pnpm/react-dom@19.2.3_react@19.2.3/node_modules/react-dom/cjs/react-dom-client.development.js:17469:41)
      at renderRootSync (node_modules/.pnpm/react-dom@19.2.3_react@19.2.3/node_modules/react-dom/cjs/react-dom-client.development.js:17450:11)
      at performWorkOnRoot (node_modules/.pnpm/react-dom@19.2.3_react@19.2.3/node_modules/react-dom/cjs/react-dom-client.development.js:16583:35)
      at performWorkOnRootViaSchedulerTask (node_modules/.pnpm/react-dom@19.2.3_react@19.2.3/node_modules/react-dom/cjs/react-dom-client.development.js:18957:7)
      at flushActQueue (node_modules/.pnpm/react@19.2.3/node_modules/react/cjs/react.development.js:590:34)
      at process.env.NODE_ENV.exports.act (node_modules/.pnpm/react@19.2.3/node_modules/react/cjs/react.development.js:884:10)
      at node_modules/.pnpm/@testing-library+react@16.3.1_@testing-library+dom@10.4.1_@types+react-dom@19.2.3_@type_68c5b21a70acecf0fbbfd97f51128017/node_modules/@testing-library/react/dist/act-compat.js:46:25
      at renderRoot (node_modules/.pnpm/@testing-library+react@16.3.1_@testing-library+dom@10.4.1_@types+react-dom@19.2.3_@type_68c5b21a70acecf0fbbfd97f51128017/node_modules/@testing-library/react/dist/pure.js:189:26)
      at render (node_modules/.pnpm/@testing-library+react@16.3.1_@testing-library+dom@10.4.1_@types+react-dom@19.2.3_@type_68c5b21a70acecf0fbbfd97f51128017/node_modules/@testing-library/react/dist/pure.js:291:10)
      at renderWithTheme (__tests__/pages/settings.test.tsx:23:16)
      at Object.<anonymous> (__tests__/pages/settings.test.tsx:138:5)

FAIL __tests__/server/services/llama/processManager.test.ts (6.075 s)
  ● ProcessManager › kill › should handle multiple kill calls

    thrown: "Exceeded timeout of 5000 ms for a test.
    Add a timeout value to this test to increase the timeout, if this is a long-running test. See https://jestjs.io/docs/api#testname-fn-timeout."

      193 |     });
      194 |
    > 195 |     it('should handle multiple kill calls', async () => {
          |     ^
      196 |       processManager.spawn('test-binary', []);
      197 |
      198 |       let exitCallback: ((code: number | null, signal: string | null) => void) | null = null;

      at __tests__/server/services/llama/processManager.test.ts:195:5
      at __tests__/server/services/llama/processManager.test.ts:106:3
      at Object.<anonymous> (__tests__/server/services/llama/processManager.test.ts:8:1)

FAIL __tests__/components/layout/Sidebar.comprehensive.test.tsx (9.25 s)
  ● Sidebar - Comprehensive Tests › Rendering › does not render sidebar when isOpen is false

    expect(element).not.toBeInTheDocument()

    expected document not to contain element, found <h6 class="MuiTypography-root MuiTypography-h6 css-bntit0-MuiTypography-root">Llama Runner</h6> instead

      63 |       renderWithTheme(<Sidebar />, false);
      64 |
    > 65 |       expect(screen.queryByText('Llama Runner')).not.toBeInTheDocument();
         |                                                      ^
      66 |     });
      67 |
      68 |     it('renders close button when open', () => {

      at Object.<anonymous> (__tests__/components/layout/Sidebar.comprehensive.test.tsx:65:54)

  ● Sidebar - Comprehensive Tests › Rendering › renders close button when open

    TestingLibraryElementError: Unable to find an accessible element with the role "button" and name `/close/i`

    Here are the accessible roles:

      presentation:

      Name "":
      [36m<div[39m
        [33mclass[39m=[32m"MuiDrawer-root MuiDrawer-anchorLeft MuiDrawer-modal MuiModal-root css-1l835nq-MuiModal-root-MuiDrawer-root"[39m
        [33mrole[39m=[32m"presentation"[39m
      [36m/>[39m

      --------------------------------------------------
      dialog:

      Name "":
      [36m<div[39m
        [33maria-modal[39m=[32m"true"[39m
        [33mclass[39m=[32m"MuiPaper-root MuiPaper-elevation MuiPaper-elevation16 MuiDrawer-paper MuiDrawer-paperAnchorLeft css-cyqh1t-MuiPaper-root-MuiDrawer-paper"[39m
        [33mrole[39m=[32m"dialog"[39m
        [33mstyle[39m=[32m"--Paper-shadow: 0px 8px 10px -5px rgba(0,0,0,0.2),0px 16px 24px 2px rgba(0,0,0,0.14),0px 6px 30px 5px rgba(0,0,0,0.12);"[39m
        [33mtabindex[39m=[32m"-1"[39m
      [36m/>[39m

      --------------------------------------------------
      heading:

      Name "Llama Runner":
      [36m<h6[39m
        [33mclass[39m=[32m"MuiTypography-root MuiTypography-h6 css-bntit0-MuiTypography-root"[39m
      [36m/>[39m

      --------------------------------------------------
      button:

      Name "":
      [36m<button[39m
        [33mclass[39m=[32m"MuiButtonBase-root MuiIconButton-root MuiIconButton-sizeMedium css-1him84n-MuiButtonBase-root-MuiIconButton-root"[39m
        [33mtabindex[39m=[32m"0"[39m
        [33mtype[39m=[32m"button"[39m
      [36m/>[39m

      Name "Dashboard":
      [36m<div[39m
        [33mclass[39m=[32m"MuiButtonBase-root MuiListItemButton-root MuiListItemButton-gutters Mui-selected MuiListItemButton-root MuiListItemButton-gutters Mui-selected css-1x1wnlj-MuiButtonBase-root-MuiListItemButton-root"[39m
        [33mrole[39m=[32m"button"[39m
        [33mtabindex[39m=[32m"0"[39m
      [36m/>[39m

      Name "Monitoring":
      [36m<div[39m
        [33mclass[39m=[32m"MuiButtonBase-root MuiListItemButton-root MuiListItemButton-gutters MuiListItemButton-root MuiListItemButton-gutters css-20u55v-MuiButtonBase-root-MuiListItemButton-root"[39m
        [33mrole[39m=[32m"button"[39m
        [33mtabindex[39m=[32m"0"[39m
      [36m/>[39m

      Name "Models":
      [36m<div[39m
        [33mclass[39m=[32m"MuiButtonBase-root MuiListItemButton-root MuiListItemButton-gutters MuiListItemButton-root MuiListItemButton-gutters css-20u55v-MuiButtonBase-root-MuiListItemButton-root"[39m
        [33mrole[39m=[32m"button"[39m
        [33mtabindex[39m=[32m"0"[39m
      [36m/>[39m

      Name "Logs":
      [36m<div[39m
        [33mclass[39m=[32m"MuiButtonBase-root MuiListItemButton-root MuiListItemButton-gutters MuiListItemButton-root MuiListItemButton-gutters css-20u55v-MuiButtonBase-root-MuiListItemButton-root"[39m
        [33mrole[39m=[32m"button"[39m
        [33mtabindex[39m=[32m"0"[39m
      [36m/>[39m

      Name "Settings":
      [36m<div[39m
        [33mclass[39m=[32m"MuiButtonBase-root MuiListItemButton-root MuiListItemButton-gutters MuiListItemButton-root MuiListItemButton-gutters css-20u55v-MuiButtonBase-root-MuiListItemButton-root"[39m
        [33mrole[39m=[32m"button"[39m
        [33mtabindex[39m=[32m"0"[39m
      [36m/>[39m

      --------------------------------------------------
      list:

      Name "":
      [36m<ul[39m
        [33mclass[39m=[32m"MuiList-root MuiList-padding css-b7dj7n-MuiList-root"[39m
      [36m/>[39m

      --------------------------------------------------
      listitem:

      Name "":
      [36m<li[39m
        [33mclass[39m=[32m"MuiListItem-root MuiListItem-gutters css-j9tpcu-MuiListItem-root"[39m
      [36m/>[39m

      Name "":
      [36m<li[39m
        [33mclass[39m=[32m"MuiListItem-root MuiListItem-gutters css-j9tpcu-MuiListItem-root"[39m
      [36m/>[39m

      Name "":
      [36m<li[39m
        [33mclass[39m=[32m"MuiListItem-root MuiListItem-gutters css-j9tpcu-MuiListItem-root"[39m
      [36m/>[39m

      Name "":
      [36m<li[39m
        [33mclass[39m=[32m"MuiListItem-root MuiListItem-gutters css-j9tpcu-MuiListItem-root"[39m
      [36m/>[39m

      Name "":
      [36m<li[39m
        [33mclass[39m=[32m"MuiListItem-root MuiListItem-gutters css-j9tpcu-MuiListItem-root"[39m
      [36m/>[39m

      --------------------------------------------------
      link:

      Name "Dashboard":
      [36m<a[39m
        [33mhref[39m=[32m"/dashboard"[39m
        [33mstyle[39m=[32m"text-decoration: none; width: 100%;"[39m
      [36m/>[39m

      Name "Monitoring":
      [36m<a[39m
        [33mhref[39m=[32m"/monitoring"[39m
        [33mstyle[39m=[32m"text-decoration: none; width: 100%;"[39m
      [36m/>[39m

      Name "Models":
      [36m<a[39m
        [33mhref[39m=[32m"/models"[39m
        [33mstyle[39m=[32m"text-decoration: none; width: 100%;"[39m
      [36m/>[39m

      Name "Logs":
      [36m<a[39m
        [33mhref[39m=[32m"/logs"[39m
        [33mstyle[39m=[32m"text-decoration: none; width: 100%;"[39m
      [36m/>[39m

      Name "Settings":
      [36m<a[39m
        [33mhref[39m=[32m"/settings"[39m
        [33mstyle[39m=[32m"text-decoration: none; width: 100%;"[39m
      [36m/>[39m

      --------------------------------------------------

    Ignored nodes: comments, script, style
    [36m<body[39m
      [33mstyle[39m=[32m"padding-right: 1024px; overflow: hidden;"[39m
    [36m>[39m
      [36m<div[39m
        [33maria-hidden[39m=[32m"true"[39m
      [36m>[39m
        [36m<div[39m
          [33mclass[39m=[32m"MuiBox-root css-jb4c3z"[39m
        [36m/>[39m
      [36m</div>[39m
      [36m<div[39m
        [33mclass[39m=[32m"MuiDrawer-root MuiDrawer-anchorLeft MuiDrawer-modal MuiModal-root css-1l835nq-MuiModal-root-MuiDrawer-root"[39m
        [33mrole[39m=[32m"presentation"[39m
      [36m>[39m
        [36m<div[39m
          [33maria-hidden[39m=[32m"true"[39m
          [33mclass[39m=[32m"MuiBackdrop-root MuiModal-backdrop css-4nmryk-MuiBackdrop-root-MuiModal-backdrop"[39m
          [33mstyle[39m=[32m"opacity: 1; transition: opacity 225ms cubic-bezier(0.4, 0, 0.2, 1) 0ms;"[39m
        [36m/>[39m
        [36m<div[39m
          [33mdata-testid[39m=[32m"sentinelStart"[39m
          [33mtabindex[39m=[32m"0"[39m
        [36m/>[39m
        [36m<div[39m
          [33maria-modal[39m=[32m"true"[39m
          [33mclass[39m=[32m"MuiPaper-root MuiPaper-elevation MuiPaper-elevation16 MuiDrawer-paper MuiDrawer-paperAnchorLeft css-cyqh1t-MuiPaper-root-MuiDrawer-paper"[39m
          [33mrole[39m=[32m"dialog"[39m
          [33mstyle[39m=[32m"--Paper-shadow: 0px 8px 10px -5px rgba(0,0,0,0.2),0px 16px 24px 2px rgba(0,0,0,0.14),0px 6px 30px 5px rgba(0,0,0,0.12);"[39m
          [33mtabindex[39m=[32m"-1"[39m
        [36m>[39m
          [36m<div[39m
            [33mclass[39m=[32m"MuiBox-root css-1g4yje1"[39m
          [36m>[39m
            [36m<div[39m
              [33mclass[39m=[32m"MuiBox-root css-147ugwb"[39m
            [36m>[39m
              [36m<div[39m
                [33mclass[39m=[32m"MuiBox-root css-69i1ev"[39m
              [36m>[39m
                [36m<h6[39m
                  [33mclass[39m=[32m"MuiTypography-root MuiTypography-h6 css-bntit0-MuiTypography-root"[39m
                [36m>[39m
                  [0mLlama Runner[0m
                [36m</h6>[39m
                [36m<button[39m
                  [33mclass[39m=[32m"MuiButtonBase-root MuiIconButton-root MuiIconButton-sizeMedium css-1him84n-MuiButtonBase-root-MuiIconButton-root"[39m
                  [33mtabindex[39m=[32m"0"[39m
                  [33mtype[39m=[32m"button"[39m
                [36m>[39m
                  [36m<svg[39m
                    [33maria-hidden[39m=[32m"true"[39m
                    [33mclass[39m=[32m"lucide lucide-x h-5 w-5"[39m
                    [33mfill[39m=[32m"none"[39m
                    [33mheight[39m=[32m"24"[39m
                    [33mstroke[39m=[32m"currentColor"[39m
                    [33mstroke-linecap[39m=[32m"round"[39m
                    [33mstroke-linejoin[39m=[32m"round"[39m
                    [33mstroke-width[39m=[32m"2"[39m
                    [33mviewBox[39m=[32m"0 0 24 24"[39m
                    [33mwidth[39m=[32m"24"[39m
                    [33mxmlns[39m=[32m"http://www.w3.org/2000/svg"[39m
                  [36m>[39m
                    [36m<path[39m
                      [33md[39m=[32m"M18 6 6 18"[39m
                    [36m/>[39m
                    [36m<path[39m
                      [33md[39m=[32m"m6 6 12 12"[39m
                    [36m/>[39m
                  [36m</svg>[39m
                [36m</button>[39m
              [36m</div>[39m
            [36m</div>[39m
            [36m<div[39m
              [33mclass[39m=[32m"MuiBox-root css-13qmpco"[39m
            [36m>[39m
              [36m<ul[39m
                [33mclass[39m=[32m"MuiList-root MuiList-padding css-b7dj7n-MuiList-root"[39m
              [36m>[39m
                [36m<li[39m
                  [33mclass[39m=[32m"MuiListItem-root MuiListItem-gutters css-j9tpcu-MuiListItem-root"[39m
                [36m>[39m
                  [36m<a[39m
                    [33mhref[39m=[32m"/dashboard"[39m
                    [33mstyle[39m=[32m"text-decoration: none; width: 100%;"[39m
                  [36m>[39m
                    [36m<div[39m
                      [33mclass[39m=[32m"MuiButtonBase-root MuiListItemButton-root MuiListItemButton-gutters Mui-selected MuiListItemButton-root MuiListItemButton-gutters Mui-selected css-1x1wnlj-MuiButtonBase-root-MuiListItemButton-root"[39m
                      [33mrole[39m=[32m"button"[39m
                      [33mtabindex[39m=[32m"0"[39m
                    [36m>[39m
                      [36m<div[39m
                        [33mclass[39m=[32m"MuiListItemIcon-root css-17lfe0x-MuiListItemIcon-root"[39m
                      [36m>[39m
                        [36m<svg[39m
                          [33maria-hidden[39m=[32m"true"[39m
                          [33mclass[39m=[32m"lucide lucide-house h-5 w-5"[39m
                          [33mfill[39m=[32m"none"[39m
                          [33mheight[39m=[32m"24"[39m
                          [33mstroke[39m=[32m"currentColor"[39m
                          [33mstroke-linecap[39m=[32m"round"[39m
                          [33mstroke-linejoin[39m=[32m"round"[39m
                          [33mstroke-width[39m=[32m"2"[39m
                          [33mviewBox[39m=[32m"0 0 24 24"[39m
                          [33mwidth[39m=[32m"24"[39m
                          [33mxmlns[39m=[32m"http://www.w3.org/2000/svg"[39m
                        [36m>[39m
                          [36m<path[39m
                            [33md[39m=[32m"M15 21v-8a1 1 0 0 0-1-1h-4a1 1 0 0 0-1 1v8"[39m
                          [36m/>[39m
                          [36m<path[39m
                            [33md[39m=[32m"M3 10a2 2 0 0 1 .709-1.528l7-6a2 2 0 0 1 2.582 0l7 6A2 2 0 0 1 21 10v9a2 2 0 0 1-2 2H5a2 2 0 0 1-2-2z"[39m
                          [36m/>[39m
                        [36m</svg>[39m
                      [36m</div>[39m
                      [36m<div[39m
                        [33mclass[39m=[32m"MuiListItemText-root css-cfq8qh-MuiListItemText-root"[39m
                      [36m>[39m
                        [36m<span[39m
                          [33mclass[39m=[32m"MuiTypography-root MuiTypography-body1 MuiListItemText-primary css-jd7n2b-MuiTypography-root"[39m
                        [36m>[39m
                          [0mDashboard[0m
                        [36m</span>[39m
                      [36m</div>[39m
                    [36m</div>[39m
                  [36m</a>[39m
                [36m</li>[39m
                [36m<li[39m
                  [33mclass[39m=[32m"MuiListItem-root MuiListItem-gutters css-j9tpcu-MuiListItem-root"[39m
                [36m>[39m
                  [36m<a[39m
                    [33mhref[39m=[32m"/monitoring"[39m
                    [33mstyle[39m=[32m"text-decoration: none; width: 100%;"[39m
                  [36m>[39m
                    [36m<div[39m
                      [33mclass[39m=[32m"MuiButtonBase-root MuiListItemButton-root MuiListItemButton-gutters MuiListItemButton-root MuiListItemButton-gutters css-20u55v-MuiButtonBase-root-MuiListItemButton-root"[39m
                      [33mrole[39m=[32m"button"[39m
                      [33mtabindex[39m=[32m"0"[39m
                    [36m>[39m
                      [36m<div[39m
                   ...

      69 |       renderWithTheme(<Sidebar />, true);
      70 |
    > 71 |       expect(screen.getByRole('button', { name: /close/i })).toBeInTheDocument();
         |                     ^
      72 |     });
      73 |
      74 |     it('renders all navigation links', () => {

      at Object.getElementError (node_modules/.pnpm/@testing-library+dom@10.4.1/node_modules/@testing-library/dom/dist/config.js:37:19)
      at node_modules/.pnpm/@testing-library+dom@10.4.1/node_modules/@testing-library/dom/dist/query-helpers.js:76:38
      at node_modules/.pnpm/@testing-library+dom@10.4.1/node_modules/@testing-library/dom/dist/query-helpers.js:52:17
      at node_modules/.pnpm/@testing-library+dom@10.4.1/node_modules/@testing-library/dom/dist/query-helpers.js:95:19
      at Object.<anonymous> (__tests__/components/layout/Sidebar.comprehensive.test.tsx:71:21)

  ● Sidebar - Comprehensive Tests › Rendering › renders icons for all menu items

    expect(received).toBeGreaterThan(expected)

    Expected: > 5
    Received:   0

      94 |
      95 |       const icons = container.querySelectorAll('svg');
    > 96 |       expect(icons.length).toBeGreaterThan(5); // At least one icon per menu item + close button
         |                            ^
      97 |     });
      98 |
      99 |     it('renders footer with version and copyright', () => {

      at Object.<anonymous> (__tests__/components/layout/Sidebar.comprehensive.test.tsx:96:28)

  ● Sidebar - Comprehensive Tests › Navigation and Active States › highlights Dashboard when on /dashboard route

    expect(received).toHaveAttribute()

    received value must be an HTMLElement or an SVGElement.
    Received has value: null

      111 |
      112 |       const dashboardButton = container.querySelector('a[href="/dashboard"] button');
    > 113 |       expect(dashboardButton).toHaveAttribute('selected', 'true');
          |                               ^
      114 |     });
      115 |
      116 |     it('highlights Monitoring when on /monitoring route', () => {

      at __EXTERNAL_MATCHER_TRAP__ (node_modules/.pnpm/expect@30.2.0/node_modules/expect/build/index.js:2240:22)
      at Object.throwingMatcher (node_modules/.pnpm/expect@30.2.0/node_modules/expect/build/index.js:2241:6)
      at Object.<anonymous> (__tests__/components/layout/Sidebar.comprehensive.test.tsx:113:31)

  ● Sidebar - Comprehensive Tests › Navigation and Active States › highlights Monitoring when on /monitoring route

    expect(received).toHaveAttribute()

    received value must be an HTMLElement or an SVGElement.
    Received has value: null

      118 |
      119 |       const monitoringButton = container.querySelector('a[href="/monitoring"] button');
    > 120 |       expect(monitoringButton).toHaveAttribute('selected', 'true');
          |                                ^
      121 |     });
      122 |
      123 |     it('highlights Models when on /models route', () => {

      at __EXTERNAL_MATCHER_TRAP__ (node_modules/.pnpm/expect@30.2.0/node_modules/expect/build/index.js:2240:22)
      at Object.throwingMatcher (node_modules/.pnpm/expect@30.2.0/node_modules/expect/build/index.js:2241:6)
      at Object.<anonymous> (__tests__/components/layout/Sidebar.comprehensive.test.tsx:120:32)

  ● Sidebar - Comprehensive Tests › Navigation and Active States › highlights Models when on /models route

    expect(received).toHaveAttribute()

    received value must be an HTMLElement or an SVGElement.
    Received has value: null

      125 |
      126 |       const modelsButton = container.querySelector('a[href="/models"] button');
    > 127 |       expect(modelsButton).toHaveAttribute('selected', 'true');
          |                            ^
      128 |     });
      129 |
      130 |     it('highlights Logs when on /logs route', () => {

      at __EXTERNAL_MATCHER_TRAP__ (node_modules/.pnpm/expect@30.2.0/node_modules/expect/build/index.js:2240:22)
      at Object.throwingMatcher (node_modules/.pnpm/expect@30.2.0/node_modules/expect/build/index.js:2241:6)
      at Object.<anonymous> (__tests__/components/layout/Sidebar.comprehensive.test.tsx:127:28)

  ● Sidebar - Comprehensive Tests › Navigation and Active States › highlights Logs when on /logs route

    expect(received).toHaveAttribute()

    received value must be an HTMLElement or an SVGElement.
    Received has value: null

      132 |
      133 |       const logsButton = container.querySelector('a[href="/logs"] button');
    > 134 |       expect(logsButton).toHaveAttribute('selected', 'true');
          |                          ^
      135 |     });
      136 |
      137 |     it('highlights Settings when on /settings route', () => {

      at __EXTERNAL_MATCHER_TRAP__ (node_modules/.pnpm/expect@30.2.0/node_modules/expect/build/index.js:2240:22)
      at Object.throwingMatcher (node_modules/.pnpm/expect@30.2.0/node_modules/expect/build/index.js:2241:6)
      at Object.<anonymous> (__tests__/components/layout/Sidebar.comprehensive.test.tsx:134:26)

  ● Sidebar - Comprehensive Tests › Navigation and Active States › highlights Settings when on /settings route

    expect(received).toHaveAttribute()

    received value must be an HTMLElement or an SVGElement.
    Received has value: null

      139 |
      140 |       const settingsButton = container.querySelector('a[href="/settings"] button');
    > 141 |       expect(settingsButton).toHaveAttribute('selected', 'true');
          |                              ^
      142 |     });
      143 |
      144 |     it('applies correct active styling for dark mode', () => {

      at __EXTERNAL_MATCHER_TRAP__ (node_modules/.pnpm/expect@30.2.0/node_modules/expect/build/index.js:2240:22)
      at Object.throwingMatcher (node_modules/.pnpm/expect@30.2.0/node_modules/expect/build/index.js:2241:6)
      at Object.<anonymous> (__tests__/components/layout/Sidebar.comprehensive.test.tsx:141:30)

  ● Sidebar - Comprehensive Tests › Navigation and Active States › applies correct active styling for dark mode

    expect(received).toBeInTheDocument()

    received value must be an HTMLElement or an SVGElement.
    Received has value: null

      146 |
      147 |       const dashboardButton = container.querySelector('a[href="/dashboard"] button');
    > 148 |       expect(dashboardButton).toBeInTheDocument();
          |                               ^
      149 |     });
      150 |
      151 |     it('applies correct active styling for light mode', () => {

      at __EXTERNAL_MATCHER_TRAP__ (node_modules/.pnpm/expect@30.2.0/node_modules/expect/build/index.js:2240:22)
      at Object.throwingMatcher [as toBeInTheDocument] (node_modules/.pnpm/expect@30.2.0/node_modules/expect/build/index.js:2241:6)
      at Object.<anonymous> (__tests__/components/layout/Sidebar.comprehensive.test.tsx:148:31)

  ● Sidebar - Comprehensive Tests › Navigation and Active States › applies correct active styling for light mode

    expect(received).toBeInTheDocument()

    received value must be an HTMLElement or an SVGElement.
    Received has value: null

      153 |
      154 |       const dashboardButton = container.querySelector('a[href="/dashboard"] button');
    > 155 |       expect(dashboardButton).toBeInTheDocument();
          |                               ^
      156 |     });
      157 |   });
      158 |

      at __EXTERNAL_MATCHER_TRAP__ (node_modules/.pnpm/expect@30.2.0/node_modules/expect/build/index.js:2240:22)
      at Object.throwingMatcher [as toBeInTheDocument] (node_modules/.pnpm/expect@30.2.0/node_modules/expect/build/index.js:2241:6)
      at Object.<anonymous> (__tests__/components/layout/Sidebar.comprehensive.test.tsx:155:31)

  ● Sidebar - Comprehensive Tests › Interaction › closes sidebar when close button is clicked

    TestingLibraryElementError: Unable to find an accessible element with the role "button" and name `/close/i`

    Here are the accessible roles:

      presentation:

      Name "":
      [36m<div[39m
        [33mclass[39m=[32m"MuiDrawer-root MuiDrawer-anchorLeft MuiDrawer-modal MuiModal-root css-1l835nq-MuiModal-root-MuiDrawer-root"[39m
        [33mrole[39m=[32m"presentation"[39m
      [36m/>[39m

      --------------------------------------------------
      dialog:

      Name "":
      [36m<div[39m
        [33maria-modal[39m=[32m"true"[39m
        [33mclass[39m=[32m"MuiPaper-root MuiPaper-elevation MuiPaper-elevation16 MuiDrawer-paper MuiDrawer-paperAnchorLeft css-cyqh1t-MuiPaper-root-MuiDrawer-paper"[39m
        [33mrole[39m=[32m"dialog"[39m
        [33mstyle[39m=[32m"--Paper-shadow: 0px 8px 10px -5px rgba(0,0,0,0.2),0px 16px 24px 2px rgba(0,0,0,0.14),0px 6px 30px 5px rgba(0,0,0,0.12);"[39m
        [33mtabindex[39m=[32m"-1"[39m
      [36m/>[39m

      --------------------------------------------------
      heading:

      Name "Llama Runner":
      [36m<h6[39m
        [33mclass[39m=[32m"MuiTypography-root MuiTypography-h6 css-bntit0-MuiTypography-root"[39m
      [36m/>[39m

      --------------------------------------------------
      button:

      Name "":
      [36m<button[39m
        [33mclass[39m=[32m"MuiButtonBase-root MuiIconButton-root MuiIconButton-sizeMedium css-1him84n-MuiButtonBase-root-MuiIconButton-root"[39m
        [33mtabindex[39m=[32m"0"[39m
        [33mtype[39m=[32m"button"[39m
      [36m/>[39m

      Name "Dashboard":
      [36m<div[39m
        [33mclass[39m=[32m"MuiButtonBase-root MuiListItemButton-root MuiListItemButton-gutters Mui-selected MuiListItemButton-root MuiListItemButton-gutters Mui-selected css-1x1wnlj-MuiButtonBase-root-MuiListItemButton-root"[39m
        [33mrole[39m=[32m"button"[39m
        [33mtabindex[39m=[32m"0"[39m
      [36m/>[39m

      Name "Monitoring":
      [36m<div[39m
        [33mclass[39m=[32m"MuiButtonBase-root MuiListItemButton-root MuiListItemButton-gutters MuiListItemButton-root MuiListItemButton-gutters css-20u55v-MuiButtonBase-root-MuiListItemButton-root"[39m
        [33mrole[39m=[32m"button"[39m
        [33mtabindex[39m=[32m"0"[39m
      [36m/>[39m

      Name "Models":
      [36m<div[39m
        [33mclass[39m=[32m"MuiButtonBase-root MuiListItemButton-root MuiListItemButton-gutters MuiListItemButton-root MuiListItemButton-gutters css-20u55v-MuiButtonBase-root-MuiListItemButton-root"[39m
        [33mrole[39m=[32m"button"[39m
        [33mtabindex[39m=[32m"0"[39m
      [36m/>[39m

      Name "Logs":
      [36m<div[39m
        [33mclass[39m=[32m"MuiButtonBase-root MuiListItemButton-root MuiListItemButton-gutters MuiListItemButton-root MuiListItemButton-gutters css-20u55v-MuiButtonBase-root-MuiListItemButton-root"[39m
        [33mrole[39m=[32m"button"[39m
        [33mtabindex[39m=[32m"0"[39m
      [36m/>[39m

      Name "Settings":
      [36m<div[39m
        [33mclass[39m=[32m"MuiButtonBase-root MuiListItemButton-root MuiListItemButton-gutters MuiListItemButton-root MuiListItemButton-gutters css-20u55v-MuiButtonBase-root-MuiListItemButton-root"[39m
        [33mrole[39m=[32m"button"[39m
        [33mtabindex[39m=[32m"0"[39m
      [36m/>[39m

      --------------------------------------------------
      list:

      Name "":
      [36m<ul[39m
        [33mclass[39m=[32m"MuiList-root MuiList-padding css-b7dj7n-MuiList-root"[39m
      [36m/>[39m

      --------------------------------------------------
      listitem:

      Name "":
      [36m<li[39m
        [33mclass[39m=[32m"MuiListItem-root MuiListItem-gutters css-j9tpcu-MuiListItem-root"[39m
      [36m/>[39m

      Name "":
      [36m<li[39m
        [33mclass[39m=[32m"MuiListItem-root MuiListItem-gutters css-j9tpcu-MuiListItem-root"[39m
      [36m/>[39m

      Name "":
      [36m<li[39m
        [33mclass[39m=[32m"MuiListItem-root MuiListItem-gutters css-j9tpcu-MuiListItem-root"[39m
      [36m/>[39m

      Name "":
      [36m<li[39m
        [33mclass[39m=[32m"MuiListItem-root MuiListItem-gutters css-j9tpcu-MuiListItem-root"[39m
      [36m/>[39m

      Name "":
      [36m<li[39m
        [33mclass[39m=[32m"MuiListItem-root MuiListItem-gutters css-j9tpcu-MuiListItem-root"[39m
      [36m/>[39m

      --------------------------------------------------
      link:

      Name "Dashboard":
      [36m<a[39m
        [33mhref[39m=[32m"/dashboard"[39m
        [33mstyle[39m=[32m"text-decoration: none; width: 100%;"[39m
      [36m/>[39m

      Name "Monitoring":
      [36m<a[39m
        [33mhref[39m=[32m"/monitoring"[39m
        [33mstyle[39m=[32m"text-decoration: none; width: 100%;"[39m
      [36m/>[39m

      Name "Models":
      [36m<a[39m
        [33mhref[39m=[32m"/models"[39m
        [33mstyle[39m=[32m"text-decoration: none; width: 100%;"[39m
      [36m/>[39m

      Name "Logs":
      [36m<a[39m
        [33mhref[39m=[32m"/logs"[39m
        [33mstyle[39m=[32m"text-decoration: none; width: 100%;"[39m
      [36m/>[39m

      Name "Settings":
      [36m<a[39m
        [33mhref[39m=[32m"/settings"[39m
        [33mstyle[39m=[32m"text-decoration: none; width: 100%;"[39m
      [36m/>[39m

      --------------------------------------------------

    Ignored nodes: comments, script, style
    [36m<body[39m
      [33mstyle[39m=[32m"padding-right: 1024px; overflow: hidden;"[39m
    [36m>[39m
      [36m<div[39m
        [33maria-hidden[39m=[32m"true"[39m
      [36m>[39m
        [36m<div[39m
          [33mclass[39m=[32m"MuiBox-root css-jb4c3z"[39m
        [36m/>[39m
      [36m</div>[39m
      [36m<div[39m
        [33mclass[39m=[32m"MuiDrawer-root MuiDrawer-anchorLeft MuiDrawer-modal MuiModal-root css-1l835nq-MuiModal-root-MuiDrawer-root"[39m
        [33mrole[39m=[32m"presentation"[39m
      [36m>[39m
        [36m<div[39m
          [33maria-hidden[39m=[32m"true"[39m
          [33mclass[39m=[32m"MuiBackdrop-root MuiModal-backdrop css-4nmryk-MuiBackdrop-root-MuiModal-backdrop"[39m
          [33mstyle[39m=[32m"opacity: 1; transition: opacity 225ms cubic-bezier(0.4, 0, 0.2, 1) 0ms;"[39m
        [36m/>[39m
        [36m<div[39m
          [33mdata-testid[39m=[32m"sentinelStart"[39m
          [33mtabindex[39m=[32m"0"[39m
        [36m/>[39m
        [36m<div[39m
          [33maria-modal[39m=[32m"true"[39m
          [33mclass[39m=[32m"MuiPaper-root MuiPaper-elevation MuiPaper-elevation16 MuiDrawer-paper MuiDrawer-paperAnchorLeft css-cyqh1t-MuiPaper-root-MuiDrawer-paper"[39m
          [33mrole[39m=[32m"dialog"[39m
          [33mstyle[39m=[32m"--Paper-shadow: 0px 8px 10px -5px rgba(0,0,0,0.2),0px 16px 24px 2px rgba(0,0,0,0.14),0px 6px 30px 5px rgba(0,0,0,0.12);"[39m
          [33mtabindex[39m=[32m"-1"[39m
        [36m>[39m
          [36m<div[39m
            [33mclass[39m=[32m"MuiBox-root css-1g4yje1"[39m
          [36m>[39m
            [36m<div[39m
              [33mclass[39m=[32m"MuiBox-root css-147ugwb"[39m
            [36m>[39m
              [36m<div[39m
                [33mclass[39m=[32m"MuiBox-root css-69i1ev"[39m
              [36m>[39m
                [36m<h6[39m
                  [33mclass[39m=[32m"MuiTypography-root MuiTypography-h6 css-bntit0-MuiTypography-root"[39m
                [36m>[39m
                  [0mLlama Runner[0m
                [36m</h6>[39m
                [36m<button[39m
                  [33mclass[39m=[32m"MuiButtonBase-root MuiIconButton-root MuiIconButton-sizeMedium css-1him84n-MuiButtonBase-root-MuiIconButton-root"[39m
                  [33mtabindex[39m=[32m"0"[39m
                  [33mtype[39m=[32m"button"[39m
                [36m>[39m
                  [36m<svg[39m
                    [33maria-hidden[39m=[32m"true"[39m
                    [33mclass[39m=[32m"lucide lucide-x h-5 w-5"[39m
                    [33mfill[39m=[32m"none"[39m
                    [33mheight[39m=[32m"24"[39m
                    [33mstroke[39m=[32m"currentColor"[39m
                    [33mstroke-linecap[39m=[32m"round"[39m
                    [33mstroke-linejoin[39m=[32m"round"[39m
                    [33mstroke-width[39m=[32m"2"[39m
                    [33mviewBox[39m=[32m"0 0 24 24"[39m
                    [33mwidth[39m=[32m"24"[39m
                    [33mxmlns[39m=[32m"http://www.w3.org/2000/svg"[39m
                  [36m>[39m
                    [36m<path[39m
                      [33md[39m=[32m"M18 6 6 18"[39m
                    [36m/>[39m
                    [36m<path[39m
                      [33md[39m=[32m"m6 6 12 12"[39m
                    [36m/>[39m
                  [36m</svg>[39m
                [36m</button>[39m
              [36m</div>[39m
            [36m</div>[39m
            [36m<div[39m
              [33mclass[39m=[32m"MuiBox-root css-13qmpco"[39m
            [36m>[39m
              [36m<ul[39m
                [33mclass[39m=[32m"MuiList-root MuiList-padding css-b7dj7n-MuiList-root"[39m
              [36m>[39m
                [36m<li[39m
                  [33mclass[39m=[32m"MuiListItem-root MuiListItem-gutters css-j9tpcu-MuiListItem-root"[39m
                [36m>[39m
                  [36m<a[39m
                    [33mhref[39m=[32m"/dashboard"[39m
                    [33mstyle[39m=[32m"text-decoration: none; width: 100%;"[39m
                  [36m>[39m
                    [36m<div[39m
                      [33mclass[39m=[32m"MuiButtonBase-root MuiListItemButton-root MuiListItemButton-gutters Mui-selected MuiListItemButton-root MuiListItemButton-gutters Mui-selected css-1x1wnlj-MuiButtonBase-root-MuiListItemButton-root"[39m
                      [33mrole[39m=[32m"button"[39m
                      [33mtabindex[39m=[32m"0"[39m
                    [36m>[39m
                      [36m<div[39m
                        [33mclass[39m=[32m"MuiListItemIcon-root css-17lfe0x-MuiListItemIcon-root"[39m
                      [36m>[39m
                        [36m<svg[39m
                          [33maria-hidden[39m=[32m"true"[39m
                          [33mclass[39m=[32m"lucide lucide-house h-5 w-5"[39m
                          [33mfill[39m=[32m"none"[39m
                          [33mheight[39m=[32m"24"[39m
                          [33mstroke[39m=[32m"currentColor"[39m
                          [33mstroke-linecap[39m=[32m"round"[39m
                          [33mstroke-linejoin[39m=[32m"round"[39m
                          [33mstroke-width[39m=[32m"2"[39m
                          [33mviewBox[39m=[32m"0 0 24 24"[39m
                          [33mwidth[39m=[32m"24"[39m
                          [33mxmlns[39m=[32m"http://www.w3.org/2000/svg"[39m
                        [36m>[39m
                          [36m<path[39m
                            [33md[39m=[32m"M15 21v-8a1 1 0 0 0-1-1h-4a1 1 0 0 0-1 1v8"[39m
                          [36m/>[39m
                          [36m<path[39m
                            [33md[39m=[32m"M3 10a2 2 0 0 1 .709-1.528l7-6a2 2 0 0 1 2.582 0l7 6A2 2 0 0 1 21 10v9a2 2 0 0 1-2 2H5a2 2 0 0 1-2-2z"[39m
                          [36m/>[39m
                        [36m</svg>[39m
                      [36m</div>[39m
                      [36m<div[39m
                        [33mclass[39m=[32m"MuiListItemText-root css-cfq8qh-MuiListItemText-root"[39m
                      [36m>[39m
                        [36m<span[39m
                          [33mclass[39m=[32m"MuiTypography-root MuiTypography-body1 MuiListItemText-primary css-jd7n2b-MuiTypography-root"[39m
                        [36m>[39m
                          [0mDashboard[0m
                        [36m</span>[39m
                      [36m</div>[39m
                    [36m</div>[39m
                  [36m</a>[39m
                [36m</li>[39m
                [36m<li[39m
                  [33mclass[39m=[32m"MuiListItem-root MuiListItem-gutters css-j9tpcu-MuiListItem-root"[39m
                [36m>[39m
                  [36m<a[39m
                    [33mhref[39m=[32m"/monitoring"[39m
                    [33mstyle[39m=[32m"text-decoration: none; width: 100%;"[39m
                  [36m>[39m
                    [36m<div[39m
                      [33mclass[39m=[32m"MuiButtonBase-root MuiListItemButton-root MuiListItemButton-gutters MuiListItemButton-root MuiListItemButton-gutters css-20u55v-MuiButtonBase-root-MuiListItemButton-root"[39m
                      [33mrole[39m=[32m"button"[39m
                      [33mtabindex[39m=[32m"0"[39m
                    [36m>[39m
                      [36m<div[39m
                   ...

      161 |       renderWithTheme(<Sidebar />, true);
      162 |
    > 163 |       const closeButton = screen.getByRole('button', { name: /close/i });
          |                                  ^
      164 |       expect(closeButton).toBeInTheDocument();
      165 |
      166 |       // Note: The actual closeSidebar function is mocked, so we just verify the button exists and is clickable

      at Object.getElementError (node_modules/.pnpm/@testing-library+dom@10.4.1/node_modules/@testing-library/dom/dist/config.js:37:19)
      at node_modules/.pnpm/@testing-library+dom@10.4.1/node_modules/@testing-library/dom/dist/query-helpers.js:76:38
      at node_modules/.pnpm/@testing-library+dom@10.4.1/node_modules/@testing-library/dom/dist/query-helpers.js:52:17
      at node_modules/.pnpm/@testing-library+dom@10.4.1/node_modules/@testing-library/dom/dist/query-helpers.js:95:19
      at Object.<anonymous> (__tests__/components/layout/Sidebar.comprehensive.test.tsx:163:34)

  ● Sidebar - Comprehensive Tests › Interaction › calls closeSidebar when menu item is clicked

    expect(received).toBeInTheDocument()

    received value must be an HTMLElement or an SVGElement.
    Received has value: null

      181 |
      182 |       const dashboardLink = container.querySelector('a[href="/dashboard"]');
    > 183 |       expect(dashboardLink).toBeInTheDocument();
          |                             ^
      184 |
      185 |       if (dashboardLink) {
      186 |         fireEvent.click(dashboardLink);

      at __EXTERNAL_MATCHER_TRAP__ (node_modules/.pnpm/expect@30.2.0/node_modules/expect/build/index.js:2240:22)
      at Object.throwingMatcher [as toBeInTheDocument] (node_modules/.pnpm/expect@30.2.0/node_modules/expect/build/index.js:2241:6)
      at Object.<anonymous> (__tests__/components/layout/Sidebar.comprehensive.test.tsx:183:29)

  ● Sidebar - Comprehensive Tests › Theme Integration › applies dark mode styles when isDark is true

    expect(received).toBeInTheDocument()

    received value must be an HTMLElement or an SVGElement.
    Received has value: null

      196 |       expect(screen.getByText('Llama Runner')).toBeInTheDocument();
      197 |       const drawer = container.querySelector('.MuiDrawer-paper');
    > 198 |       expect(drawer).toBeInTheDocument();
          |                      ^
      199 |     });
      200 |
      201 |     it('applies light mode styles when isDark is false', () => {

      at __EXTERNAL_MATCHER_TRAP__ (node_modules/.pnpm/expect@30.2.0/node_modules/expect/build/index.js:2240:22)
      at Object.throwingMatcher [as toBeInTheDocument] (node_modules/.pnpm/expect@30.2.0/node_modules/expect/build/index.js:2241:6)
      at Object.<anonymous> (__tests__/components/layout/Sidebar.comprehensive.test.tsx:198:22)

  ● Sidebar - Comprehensive Tests › Theme Integration › applies light mode styles when isDark is false

    expect(received).toBeInTheDocument()

    received value must be an HTMLElement or an SVGElement.
    Received has value: null

      204 |       expect(screen.getByText('Llama Runner')).toBeInTheDocument();
      205 |       const drawer = container.querySelector('.MuiDrawer-paper');
    > 206 |       expect(drawer).toBeInTheDocument();
          |                      ^
      207 |     });
      208 |
      209 |     it('renders correctly when theme switches', () => {

      at __EXTERNAL_MATCHER_TRAP__ (node_modules/.pnpm/expect@30.2.0/node_modules/expect/build/index.js:2240:22)
      at Object.throwingMatcher [as toBeInTheDocument] (node_modules/.pnpm/expect@30.2.0/node_modules/expect/build/index.js:2241:6)
      at Object.<anonymous> (__tests__/components/layout/Sidebar.comprehensive.test.tsx:206:22)

  ● Sidebar - Comprehensive Tests › Drawer Configuration › renders drawer with temporary variant

    expect(received).toBeInTheDocument()

    received value must be an HTMLElement or an SVGElement.
    Received has value: null

      228 |
      229 |       const drawer = container.querySelector('.MuiDrawer-root');
    > 230 |       expect(drawer).toBeInTheDocument();
          |                      ^
      231 |     });
      232 |
      233 |     it('applies correct width to drawer', () => {

      at __EXTERNAL_MATCHER_TRAP__ (node_modules/.pnpm/expect@30.2.0/node_modules/expect/build/index.js:2240:22)
      at Object.throwingMatcher [as toBeInTheDocument] (node_modules/.pnpm/expect@30.2.0/node_modules/expect/build/index.js:2241:6)
      at Object.<anonymous> (__tests__/components/layout/Sidebar.comprehensive.test.tsx:230:22)

  ● Sidebar - Comprehensive Tests › Drawer Configuration › applies correct width to drawer

    expect(received).toHaveStyle()

    received value must be an HTMLElement or an SVGElement.
    Received has value: null

      235 |
      236 |       const drawerPaper = container.querySelector('.MuiDrawer-paper');
    > 237 |       expect(drawerPaper).toHaveStyle({ width: '256px' });
          |                           ^
      238 |     });
      239 |   });
      240 |

      at __EXTERNAL_MATCHER_TRAP__ (node_modules/.pnpm/expect@30.2.0/node_modules/expect/build/index.js:2240:22)
      at Object.throwingMatcher [as toHaveStyle] (node_modules/.pnpm/expect@30.2.0/node_modules/expect/build/index.js:2241:6)
      at Object.<anonymous> (__tests__/components/layout/Sidebar.comprehensive.test.tsx:237:27)

  ● Sidebar - Comprehensive Tests › Accessibility › has proper focus indicators

    expect(received).toBeGreaterThan(expected)

    Expected: > 0
    Received:   0

      260 |
      261 |       const listItems = container.querySelectorAll('.MuiListItem-root');
    > 262 |       expect(listItems.length).toBeGreaterThan(0);
          |                                ^
      263 |     });
      264 |   });
      265 |

      at Object.<anonymous> (__tests__/components/layout/Sidebar.comprehensive.test.tsx:262:32)

  ● Sidebar - Comprehensive Tests › Overlay Behavior › renders overlay when sidebar is open

    expect(received).toBeInTheDocument()

    received value must be an HTMLElement or an SVGElement.
    Received has value: null

      269 |
      270 |       const overlay = document.querySelector('[style*="fixed"]');
    > 271 |       expect(overlay).toBeInTheDocument();
          |                       ^
      272 |     });
      273 |
      274 |     it('does not render overlay when sidebar is closed', () => {

      at __EXTERNAL_MATCHER_TRAP__ (node_modules/.pnpm/expect@30.2.0/node_modules/expect/build/index.js:2240:22)
      at Object.throwingMatcher [as toBeInTheDocument] (node_modules/.pnpm/expect@30.2.0/node_modules/expect/build/index.js:2241:6)
      at Object.<anonymous> (__tests__/components/layout/Sidebar.comprehensive.test.tsx:271:23)

  ● Sidebar - Comprehensive Tests › Responsive Design › adapts to different screen sizes

    expect(received).toBeInTheDocument()

    received value must be an HTMLElement or an SVGElement.
    Received has value: null

      285 |
      286 |       const drawerPaper = container.querySelector('.MuiDrawer-paper');
    > 287 |       expect(drawerPaper).toBeInTheDocument();
          |                           ^
      288 |       // The drawer should be visible at all sizes since it's a temporary drawer
      289 |     });
      290 |   });

      at __EXTERNAL_MATCHER_TRAP__ (node_modules/.pnpm/expect@30.2.0/node_modules/expect/build/index.js:2240:22)
      at Object.throwingMatcher [as toBeInTheDocument] (node_modules/.pnpm/expect@30.2.0/node_modules/expect/build/index.js:2241:6)
      at Object.<anonymous> (__tests__/components/layout/Sidebar.comprehensive.test.tsx:287:27)

  ● Sidebar - Comprehensive Tests › Edge Cases › handles route changes correctly

    expect(received).toHaveAttribute()

    received value must be an HTMLElement or an SVGElement.
    Received has value: null

      295 |
      296 |       let dashboardButton = container.querySelector('a[href="/dashboard"] button');
    > 297 |       expect(dashboardButton).toHaveAttribute('selected', 'true');
          |                               ^
      298 |
      299 |       // Simulate route change
      300 |       (nextNavigation.usePathname as jest.Mock).mockReturnValue('/monitoring');

      at __EXTERNAL_MATCHER_TRAP__ (node_modules/.pnpm/expect@30.2.0/node_modules/expect/build/index.js:2240:22)
      at Object.throwingMatcher (node_modules/.pnpm/expect@30.2.0/node_modules/expect/build/index.js:2241:6)
      at Object.<anonymous> (__tests__/components/layout/Sidebar.comprehensive.test.tsx:297:31)

  ● Sidebar - Comprehensive Tests › Menu Items Structure › renders menu items in correct order

    expect(received).toBe(expected) // Object.is equality

    Expected: 5
    Received: undefined

      324 |       const listItems = list?.querySelectorAll('.MuiListItem-root');
      325 |
    > 326 |       expect(listItems?.length).toBe(5); // Dashboard, Monitoring, Models, Logs, Settings
          |                                 ^
      327 |
      328 |       const firstItem = listItems?.[0];
      329 |       const lastItem = listItems?.[4];

      at Object.<anonymous> (__tests__/components/layout/Sidebar.comprehensive.test.tsx:326:33)

  ● Sidebar - Comprehensive Tests › Menu Items Structure › renders icons for each menu item

    expect(received).toBe(expected) // Object.is equality

    Expected: 5
    Received: 0

      337 |
      338 |       const iconContainers = container.querySelectorAll('.MuiListItemIcon-root');
    > 339 |       expect(iconContainers.length).toBe(5); // One icon per menu item
          |                                     ^
      340 |     });
      341 |   });
      342 |

      at Object.<anonymous> (__tests__/components/layout/Sidebar.comprehensive.test.tsx:339:37)

  ● Sidebar - Comprehensive Tests › Integration with SidebarProvider › uses isOpen state from SidebarProvider

    TestingLibraryElementError: Found multiple elements with the text: Llama Runner

    Here are the matching elements:

    Ignored nodes: comments, script, style
    [36m<h6[39m
      [33mclass[39m=[32m"MuiTypography-root MuiTypography-h6 css-bntit0-MuiTypography-root"[39m
    [36m>[39m
      [0mLlama Runner[0m
    [36m</h6>[39m

    Ignored nodes: comments, script, style
    [36m<h6[39m
      [33mclass[39m=[32m"MuiTypography-root MuiTypography-h6 css-bntit0-MuiTypography-root"[39m
    [36m>[39m
      [0mLlama Runner[0m
    [36m</h6>[39m

    (If this is intentional, then use the `*AllBy*` variant of the query (like `queryAllByText`, `getAllByText`, or `findAllByText`)).

    Ignored nodes: comments, script, style
    [36m<body[39m
      [33mstyle[39m=[32m"padding-right: 1024px; overflow: hidden;"[39m
    [36m>[39m
      [36m<div[39m
        [33maria-hidden[39m=[32m"true"[39m
      [36m>[39m
        [36m<div[39m
          [33mclass[39m=[32m"MuiBox-root css-jb4c3z"[39m
        [36m/>[39m
      [36m</div>[39m
      [36m<div[39m
        [33mclass[39m=[32m"MuiDrawer-root MuiDrawer-anchorLeft MuiDrawer-modal MuiModal-root css-1l835nq-MuiModal-root-MuiDrawer-root"[39m
        [33mrole[39m=[32m"presentation"[39m
      [36m>[39m
        [36m<div[39m
          [33maria-hidden[39m=[32m"true"[39m
          [33mclass[39m=[32m"MuiBackdrop-root MuiModal-backdrop css-4nmryk-MuiBackdrop-root-MuiModal-backdrop"[39m
          [33mstyle[39m=[32m"opacity: 1; transition: opacity 225ms cubic-bezier(0.4, 0, 0.2, 1) 0ms;"[39m
        [36m/>[39m
        [36m<div[39m
          [33mdata-testid[39m=[32m"sentinelStart"[39m
          [33mtabindex[39m=[32m"0"[39m
        [36m/>[39m
        [36m<div[39m
          [33maria-modal[39m=[32m"true"[39m
          [33mclass[39m=[32m"MuiPaper-root MuiPaper-elevation MuiPaper-elevation16 MuiDrawer-paper MuiDrawer-paperAnchorLeft css-cyqh1t-MuiPaper-root-MuiDrawer-paper"[39m
          [33mrole[39m=[32m"dialog"[39m
          [33mstyle[39m=[32m"--Paper-shadow: 0px 8px 10px -5px rgba(0,0,0,0.2),0px 16px 24px 2px rgba(0,0,0,0.14),0px 6px 30px 5px rgba(0,0,0,0.12);"[39m
          [33mtabindex[39m=[32m"-1"[39m
        [36m>[39m
          [36m<div[39m
            [33mclass[39m=[32m"MuiBox-root css-1g4yje1"[39m
          [36m>[39m
            [36m<div[39m
              [33mclass[39m=[32m"MuiBox-root css-147ugwb"[39m
            [36m>[39m
              [36m<div[39m
                [33mclass[39m=[32m"MuiBox-root css-69i1ev"[39m
              [36m>[39m
                [36m<h6[39m
                  [33mclass[39m=[32m"MuiTypography-root MuiTypography-h6 css-bntit0-MuiTypography-root"[39m
                [36m>[39m
                  [0mLlama Runner[0m
                [36m</h6>[39m
                [36m<button[39m
                  [33mclass[39m=[32m"MuiButtonBase-root MuiIconButton-root MuiIconButton-sizeMedium css-1him84n-MuiButtonBase-root-MuiIconButton-root"[39m
                  [33mtabindex[39m=[32m"0"[39m
                  [33mtype[39m=[32m"button"[39m
                [36m>[39m
                  [36m<svg[39m
                    [33maria-hidden[39m=[32m"true"[39m
                    [33mclass[39m=[32m"lucide lucide-x h-5 w-5"[39m
                    [33mfill[39m=[32m"none"[39m
                    [33mheight[39m=[32m"24"[39m
                    [33mstroke[39m=[32m"currentColor"[39m
                    [33mstroke-linecap[39m=[32m"round"[39m
                    [33mstroke-linejoin[39m=[32m"round"[39m
                    [33mstroke-width[39m=[32m"2"[39m
                    [33mviewBox[39m=[32m"0 0 24 24"[39m
                    [33mwidth[39m=[32m"24"[39m
                    [33mxmlns[39m=[32m"http://www.w3.org/2000/svg"[39m
                  [36m>[39m
                    [36m<path[39m
                      [33md[39m=[32m"M18 6 6 18"[39m
                    [36m/>[39m
                    [36m<path[39m
                      [33md[39m=[32m"m6 6 12 12"[39m
                    [36m/>[39m
                  [36m</svg>[39m
                [36m</button>[39m
              [36m</div>[39m
            [36m</div>[39m
            [36m<div[39m
              [33mclass[39m=[32m"MuiBox-root css-13qmpco"[39m
            [36m>[39m
              [36m<ul[39m
                [33mclass[39m=[32m"MuiList-root MuiList-padding css-b7dj7n-MuiList-root"[39m
              [36m>[39m
                [36m<li[39m
                  [33mclass[39m=[32m"MuiListItem-root MuiListItem-gutters css-j9tpcu-MuiListItem-root"[39m
                [36m>[39m
                  [36m<a[39m
                    [33mhref[39m=[32m"/dashboard"[39m
                    [33mstyle[39m=[32m"text-decoration: none; width: 100%;"[39m
                  [36m>[39m
                    [36m<div[39m
                      [33mclass[39m=[32m"MuiButtonBase-root MuiListItemButton-root MuiListItemButton-gutters Mui-selected MuiListItemButton-root MuiListItemButton-gutters Mui-selected css-1x1wnlj-MuiButtonBase-root-MuiListItemButton-root"[39m
                      [33mrole[39m=[32m"button"[39m
                      [33mtabindex[39m=[32m"0"[39m
                    [36m>[39m
                      [36m<div[39m
                        [33mclass[39m=[32m"MuiListItemIcon-root css-17lfe0x-MuiListItemIcon-root"[39m
                      [36m>[39m
                        [36m<svg[39m
                          [33maria-hidden[39m=[32m"true"[39m
                          [33mclass[39m=[32m"lucide lucide-house h-5 w-5"[39m
                          [33mfill[39m=[32m"none"[39m
                          [33mheight[39m=[32m"24"[39m
                          [33mstroke[39m=[32m"currentColor"[39m
                          [33mstroke-linecap[39m=[32m"round"[39m
                          [33mstroke-linejoin[39m=[32m"round"[39m
                          [33mstroke-width[39m=[32m"2"[39m
                          [33mviewBox[39m=[32m"0 0 24 24"[39m
                          [33mwidth[39m=[32m"24"[39m
                          [33mxmlns[39m=[32m"http://www.w3.org/2000/svg"[39m
                        [36m>[39m
                          [36m<path[39m
                            [33md[39m=[32m"M15 21v-8a1 1 0 0 0-1-1h-4a1 1 0 0 0-1 1v8"[39m
                          [36m/>[39m
                          [36m<path[39m
                            [33md[39m=[32m"M3 10a2 2 0 0 1 .709-1.528l7-6a2 2 0 0 1 2.582 0l7 6A2 2 0 0 1 21 10v9a2 2 0 0 1-2 2H5a2 2 0 0 1-2-2z"[39m
                          [36m/>[39m
                        [36m</svg>[39m
                      [36m</div>[39m
                      [36m<div[39m
                        [33mclass[39m=[32m"MuiListItemText-root css-cfq8qh-MuiListItemText-root"[39m
                      [36m>[39m
                        [36m<span[39m
                          [33mclass[39m=[32m"MuiTypography-root MuiTypography-body1 MuiListItemText-primary css-jd7n2b-MuiTypography-root"[39m
                        [36m>[39m
                          [0mDashboard[0m
                        [36m</span>[39m
                      [36m</div>[39m
                    [36m</div>[39m
                  [36m</a>[39m
                [36m</li>[39m
                [36m<li[39m
                  [33mclass[39m=[32m"MuiListItem-root MuiListItem-gutters css-j9tpcu-MuiListItem-root"[39m
                [36m>[39m
                  [36m<a[39m
                    [33mhref[39m=[32m"/monitoring"[39m
                    [33mstyle[39m=[32m"text-decoration: none; width: 100%;"[39m
                  [36m>[39m
                    [36m<div[39m
                      [33mclass[39m=[32m"MuiButtonBase-root MuiListItemButton-root MuiListItemButton-gutters MuiListItemButton-root MuiListItemButton-gutters css-20u55v-MuiButtonBase-root-MuiListItemButton-root"[39m
                      [33mrole[39m=[32m"button"[39m
                      [33mtabindex[39m=[32m"0"[39m
                    [36m>[39m
                      [36m<div[39m
                   ...

      349 |       renderWithTheme(<Sidebar />, false);
      350 |
    > 351 |       expect(screen.queryByText('Llama Runner')).not.toBeInTheDocument();
          |                     ^
      352 |     });
      353 |   });
      354 | });

      at Object.getElementError (node_modules/.pnpm/@testing-library+dom@10.4.1/node_modules/@testing-library/dom/dist/config.js:37:19)
      at getElementError (node_modules/.pnpm/@testing-library+dom@10.4.1/node_modules/@testing-library/dom/dist/query-helpers.js:20:35)
      at getMultipleElementsFoundError (node_modules/.pnpm/@testing-library+dom@10.4.1/node_modules/@testing-library/dom/dist/query-helpers.js:23:10)
      at node_modules/.pnpm/@testing-library+dom@10.4.1/node_modules/@testing-library/dom/dist/query-helpers.js:55:13
      at node_modules/.pnpm/@testing-library+dom@10.4.1/node_modules/@testing-library/dom/dist/query-helpers.js:95:19
      at Object.<anonymous> (__tests__/components/layout/Sidebar.comprehensive.test.tsx:351:21)

FAIL __tests__/components/pages/MonitoringPage.test.tsx
  ● MonitoringPage › handles invalid JSON responses

    Unable to find an element with the text: /Error/i. This could be because the text is broken up by multiple elements. In this case, you can provide a function for your text matcher to make your matcher more flexible.

    Ignored nodes: comments, script, style
    [36m<body>[39m
      [36m<div>[39m
        [36m<div[39m
          [33mclass[39m=[32m"MuiBox-root css-11owiex"[39m
        [36m>[39m
          [0mInvalid JSON[0m
        [36m</div>[39m
      [36m</div>[39m
    [36m</body>[39m

      398 |     render(<MonitoringPage />);
      399 |     
    > 400 |     await waitFor(() => {
          |                  ^
      401 |       expect(screen.getByText(/Error/i)).toBeInTheDocument();
      402 |     });
      403 |   });

      at waitForWrapper (node_modules/.pnpm/@testing-library+dom@10.4.1/node_modules/@testing-library/dom/dist/wait-for.js:163:27)
      at Object.<anonymous> (__tests__/components/pages/MonitoringPage.test.tsx:400:18)

  ● MonitoringPage › calculates uptime in hours and minutes correctly

    Found multiple elements with the text: 2h 1m

    Here are the matching elements:

    Ignored nodes: comments, script, style
    [36m<td[39m
      [33mclass[39m=[32m"MuiTableCell-root MuiTableCell-body MuiTableCell-sizeMedium css-1dc80h3-MuiTableCell-root"[39m
    [36m>[39m
      [0m2h 1m[0m
    [36m</td>[39m

    Ignored nodes: comments, script, style
    [36m<td[39m
      [33mclass[39m=[32m"MuiTableCell-root MuiTableCell-body MuiTableCell-sizeMedium css-1dc80h3-MuiTableCell-root"[39m
    [36m>[39m
      [0m2h 1m[0m
    [36m</td>[39m

    (If this is intentional, then use the `*AllBy*` variant of the query (like `queryAllByText`, `getAllByText`, or `findAllByText`)).

    Ignored nodes: comments, script, style
    [36m<body>[39m
      [36m<div>[39m
        [36m<div[39m
          [33mclass[39m=[32m"MuiBox-root css-1wcaknn"[39m
        [36m>[39m
          [36m<h4[39m
            [33mclass[39m=[32m"MuiTypography-root MuiTypography-h4 MuiTypography-gutterBottom css-1it4a80-MuiTypography-root"[39m
          [36m>[39m
            [0mReal‑time Monitoring[0m
          [36m</h4>[39m
          [36m<div[39m
            [33mclass[39m=[32m"MuiBox-root css-ry42gd"[39m
          [36m>[39m
            [36m<div[39m
              [33mclass[39m=[32m"MuiPaper-root MuiPaper-elevation MuiPaper-rounded MuiPaper-elevation1 css-kycfaw-MuiPaper-root"[39m
              [33mstyle[39m=[32m"--Paper-shadow: 0px 2px 1px -1px rgba(0,0,0,0.2),0px 1px 1px 0px rgba(0,0,0,0.14),0px 1px 3px 0px rgba(0,0,0,0.12);"[39m
            [36m>[39m
              [36m<h6[39m
                [33mclass[39m=[32m"MuiTypography-root MuiTypography-h6 MuiTypography-gutterBottom css-1wmifpn-MuiTypography-root"[39m
              [36m>[39m
                [0mSystem Metrics[0m
              [36m</h6>[39m
              [36m<table[39m
                [33mclass[39m=[32m"MuiTable-root css-17vm6kf-MuiTable-root"[39m
              [36m>[39m
                [36m<thead[39m
                  [33mclass[39m=[32m"MuiTableHead-root css-1a7iywq-MuiTableHead-root"[39m
                [36m>[39m
                  [36m<tr[39m
                    [33mclass[39m=[32m"MuiTableRow-root MuiTableRow-head css-1xtozoh-MuiTableRow-root"[39m
                  [36m>[39m
                    [36m<th[39m
                      [33mclass[39m=[32m"MuiTableCell-root MuiTableCell-head MuiTableCell-sizeMedium css-1orzuox-MuiTableCell-root"[39m
                      [33mscope[39m=[32m"col"[39m
                    [36m>[39m
                      [0mMetric[0m
                    [36m</th>[39m
                    [36m<th[39m
                      [33mclass[39m=[32m"MuiTableCell-root MuiTableCell-head MuiTableCell-sizeMedium css-1orzuox-MuiTableCell-root"[39m
                      [33mscope[39m=[32m"col"[39m
                    [36m>[39m
                      [0mValue[0m
                    [36m</th>[39m
                  [36m</tr>[39m
                [36m</thead>[39m
                [36m<tbody[39m
                  [33mclass[39m=[32m"MuiTableBody-root css-gmh7jj-MuiTableBody-root"[39m
                [36m>[39m
                  [36m<tr[39m
                    [33mclass[39m=[32m"MuiTableRow-root css-1xtozoh-MuiTableRow-root"[39m
                  [36m>[39m
                    [36m<td[39m
                      [33mclass[39m=[32m"MuiTableCell-root MuiTableCell-body MuiTableCell-sizeMedium css-1dc80h3-MuiTableCell-root"[39m
                    [36m>[39m
                      [0mCPU Usage[0m
                    [36m</td>[39m
                    [36m<td[39m
                      [33mclass[39m=[32m"MuiTableCell-root MuiTableCell-body MuiTableCell-sizeMedium css-1dc80h3-MuiTableCell-root"[39m
                    [36m>[39m
                      [0m45.5%[0m
                    [36m</td>[39m
                  [36m</tr>[39m
                  [36m<tr[39m
                    [33mclass[39m=[32m"MuiTableRow-root css-1xtozoh-MuiTableRow-root"[39m
                  [36m>[39m
                    [36m<td[39m
                      [33mclass[39m=[32m"MuiTableCell-root MuiTableCell-body MuiTableCell-sizeMedium css-1dc80h3-MuiTableCell-root"[39m
                    [36m>[39m
                      [0mMemory Used[0m
                    [36m</td>[39m
                    [36m<td[39m
                      [33mclass[39m=[32m"MuiTableCell-root MuiTableCell-body MuiTableCell-sizeMedium css-1dc80h3-MuiTableCell-root"[39m
                    [36m>[39m
                      [0m8.2 GB[0m
                    [36m</td>[39m
                  [36m</tr>[39m
                  [36m<tr[39m
                    [33mclass[39m=[32m"MuiTableRow-root css-1xtozoh-MuiTableRow-root"[39m
                  [36m>[39m
                    [36m<td[39m
                      [33mclass[39m=[32m"MuiTableCell-root MuiTableCell-body MuiTableCell-sizeMedium css-1dc80h3-MuiTableCell-root"[39m
                    [36m>[39m
                      [0mDisk Usage[0m
                    [36m</td>[39m
                    [36m<td[39m
                      [33mclass[39m=[32m"MuiTableCell-root MuiTableCell-body MuiTableCell-sizeMedium css-1dc80h3-MuiTableCell-root"[39m
                    [36m>[39m
                      [0m120.5 GB[0m
                    [36m</td>[39m
                  [36m</tr>[39m
                  [36m<tr[39m
                    [33mclass[39m=[32m"MuiTableRow-root css-1xtozoh-MuiTableRow-root"[39m
                  [36m>[39m
                    [36m<td[39m
                      [33mclass[39m=[32m"MuiTableCell-root MuiTableCell-body MuiTableCell-sizeMedium css-1dc80h3-MuiTableCell-root"[39m
                    [36m>[39m
                      [0mNetwork RX[0m
                    [36m</td>[39m
                    [36m<td[39m
                      [33mclass[39m=[32m"MuiTableCell-root MuiTableCell-body MuiTableCell-sizeMedium css-1dc80h3-MuiTableCell-root"[39m
                    [36m>[39m
                      [0m5.00 MB[0m
                    [36m</td>[39m
                  [36m</tr>[39m
                  [36m<tr[39m
                    [33mclass[39m=[32m"MuiTableRow-root css-1xtozoh-MuiTableRow-root"[39m
                  [36m>[39m
                    [36m<td[39m
                      [33mclass[39m=[32m"MuiTableCell-root MuiTableCell-body MuiTableCell-sizeMedium css-1dc80h3-MuiTableCell-root"[39m
                    [36m>[39m
                      [0mNetwork TX[0m
                    [36m</td>[39m
                    [36m<td[39m
                      [33mclass[39m=[32m"MuiTableCell-root MuiTableCell-body MuiTableCell-sizeMedium css-1dc80h3-MuiTableCell-root"[39m
                    [36m>[39m
                      [0m2.00 MB[0m
                    [36m</td>[39m
                  [36m</tr>[39m
                  [36m<tr[39m
                    [33mclass[39m=[32m"MuiTableRow-root css-1xtozoh-MuiTableRow-root"[39m
                  [36m>[39m
                    [36m<td[39m
                      [33mclass[39m=[32m"MuiTableCell-root MuiTableCell-body MuiTableCell-sizeMedium css-1dc80h3-MuiTableCell-root"[39m
                    [36m>[39m
                      [0mUptime[0m
                    [36m</td>[39m
                    [36m<td[39m
                      [33mclass[39m=[32m"MuiTableCell-root MuiTableCell-body MuiTableCell-sizeMedium css-1dc80h3-MuiTableCell-root"[39m
                    [36m>[39m
                      [0m2h 1m[0m
                    [36m</td>[39m
                  [36m</tr>[39m
                [36m</tbody>[39m
              [36m</table>[39m
            [36m</div>[39m
            [36m<div[39m
              [33mclass[39m=[32m"MuiPaper-root MuiPaper-elevation MuiPaper-rounded MuiPaper-elevation1 css-kycfaw-MuiPaper-root"[39m
              [33mstyle[39m=[32m"--Paper-shadow: 0px 2px 1px -1px rgba(0,0,0,0.2),0px 1px 1px 0px rgba(0,0,0,0.14),0px 1px 3px 0px rgba(0,0,0,0.12);"[39m
            [36m>[39m
              [36m<h6[39m
                [33mclass[39m=[32m"MuiTypography-root MuiTypography-h6 MuiTypography-gutterBottom css-1wmifpn-MuiTypography-root"[39m
              [36m>[39m
                [0mModel Performance[0m
              [36m</h6>[39m
              [36m<table[39m
                [33mclass[39m=[32m"MuiTable-root css-17vm6kf-MuiTable-root"[39m
              [36m>[39m
                [36m<thead[39m
                  [33mclass[39m=[32m"MuiTableHead-root css-1a7iywq-MuiTableHead-root"[39m
                [36m>[39m
                  [36m<tr[39m
                    [33mclass[39m=[32m"MuiTableRow-root MuiTableRow-head css-1xtozoh-MuiTableRow-root"[39m
                  [36m>[39m
                    [36m<th[39m
                      [33mclass[39m=[32m"MuiTableCell-root MuiTableCell-head MuiTableCell-sizeMedium css-1orzuox-MuiTableCell-root"[39m
                      [33mscope[39m=[32m"col"[39m
                    [36m>[39m
                      [0mMetric[0m
                    [36m</th>[39m
                    [36m<th[39m
                      [33mclass[39m=[32m"MuiTableCell-root MuiTableCell-head MuiTableCell-sizeMedium css-1orzuox-MuiTableCell-root"[39m
                      [33mscope[39m=[32m"col"[39m
                    [36m>[39m
                      [0mValue[0m
                    [36m</th>[39m
                  [36m</tr>[39m
                [36m</thead>[39m
                [36m<tbody[39m
                  [33mclass[39m=[32m"MuiTableBody-root css-gmh7jj-MuiTableBody-root"[39m
                [36m>[39m
                  [36m<tr[39m
                    [33mclass[39m=[32m"MuiTableRow-root css-1xtozoh-MuiTableRow-root"[39m
                  [36m>[39m
                    [36m<td[39m
                      [33mclass[39m=[32m"MuiTableCell-root MuiTableCell-body MuiTableCell-sizeMedium css-1dc80h3-MuiTableCell-root"[39m
                    [36m>[39m
                      [0mAvailable Models[0m
                    [36m</td>[39m
                    [36m<td[39m
                      [33mclass[39m=[32m"MuiTableCell-root MuiTableCell-body MuiTableCell-sizeMedium css-1dc80h3-MuiTableCell-root"[39m
                    [36m>[39m
                      [0m1[0m
                    [36m</td>[39m
                  [36m</tr>[39m
                  [36m<tr[39m
                    [33mclass[39m=[32m"MuiTableRow-root css-1xtozoh-MuiTableRow-root"[39m
                  [36m>[39m
                    [36m<td[39m
                      [33mclass[39m=[32m"MuiTableCell-root MuiTableCell-body MuiTableCell-sizeMedium css-1dc80h3-MuiTableCell-root"[39m
                    [36m>[39m
                      [0mTotal Memory[0m
                    [36m</td>[39m
                    [36m<td[39m
                      [33mclass[39m=[32m"MuiTableCell-root MuiTableCell-body MuiTableCell-sizeMedium css-1dc80h3-MuiTableCell-root"[39m
                    [36m>[39m
                      [0m4.5 GB[0m
                    [36m</td>[39m
                  [36m</tr>[39m
                  [36m<tr[39m
                    [33mclass[39m=[32m"MuiTableRow-root css-1xtozoh-MuiTableRow-root"[39m
                  [36m>[39m
                    [36m<td[39m
                      [33mclass[39m=[32m"MuiTableCell-root MuiTableCell-body MuiTableCell-sizeMedium css-1dc80h3-MuiTableCell-root"[39m
                    [36m>[39m
                      [0mTotal Requests[0m
                    [36m</td>[39m
                    [36m<td[39m
                      [33mclass[39m=[32m"MuiTableCell-root MuiTableCell-body MuiTableCell-sizeMedium css-1dc80h3-MuiTableCell-root"[39m
                    [36m>[39m
                      [0m100[0m
                    [36m</td>[39m
                  [36m</tr>[39m
                  [36m<tr[39m
                    [33mclass[39m=[32m"MuiTableRow-root css-1xtozoh-MuiTableRow-root"[39m
                  [36m>[39m
                    [36m<td[39m
                      [33mclass[39m=[32m"MuiTableCell-root MuiTableCell-body MuiTableCell-sizeMedium css-1dc80h3-MuiTableCell-root"[39m
                    [36m>[39m
                      [0mUptime[0m
                    [36m</td>[39m
                    [36m<td[39m
                      [33mclass[39m=[32m"MuiTableCell-root MuiTableCell-body MuiTableCell-sizeMedium css-1dc80h3-MuiTableCell-root"[39m
                    [36m>[39m
                      [0m2h 1m[0m
                    [36m</td>[39m
                  [36m</tr>[39m
                [36m</tbody>[39m
              [36m</table>[39m
            [36m</div>[39m
            [36m<div[39m
              [33mclass[39m=[32m"MuiPaper-root MuiPaper-elevation MuiPaper-rounded MuiPaper-elevation1 css-kycfaw-MuiPaper-root"[39m
              [33mstyle[39m=[32m"--Paper-shadow: 0px 2px 1px -1px rgba(0,0,0,0.2),0px 1px 1px 0px rgba(0,0,0,0.14),0px 1px 3px 0px rgba(0,0,0,0.12);"[39m
            [36m>[39m
              [36m<h6[39m
                [33mclass[39m=[32m"MuiTypography-root MuiTypography-h6 MuiTypography-gutterBottom css-1wmifpn-MuiTypography-root"[39m
              [36m>[39m
                [0mConnection Status[0m
              [36m</h6>[39m
              [36m<section[39m
                [33mclass[39m=[32m"MuiBox-root css-2qbnwv"[39m
              [36m>[39m
                [36m<span[39m
                  [33maria-valuenow[39m=[32m"0"[39m
                  [33mclass[39m=[32m"MuiCircularProgress-root MuiCircularProgress-determinate MuiCircularProgress-colorPrimary css-1wtxuff-MuiCircularProgress-root"[39m
                  [33mrole[39m=[32m"progressbar"[39m
                  [33mstyle[39m=[32m"width: 20px; height: 20px; transform: rotate(-90deg);"[39m
                [36m>[39m
                  [36m<svg[39m
                    [33mclass[39m=[32m"MuiCircularProgress-svg css-54pwck-MuiCircularProgress-svg"[39m
                    [33mviewBox[39m=[32m"22 22 44 44"[39m
                  [36m>[39m
                    [36m<circle[39m
                      [33mclass[39m=[32m"MuiCircularProgress-circle MuiCircularProgress-circleDeterminate css-eorpq6-MuiCircularProgress-circle"[39m
                      [33mcx[39m=[32m"44"[39m
                      [33mcy[39m=[32m"44"[39m
                      [33mfill[39m=[32m"none"[39m
                      [33mr[39m=[32m"20.2"[39m
                      [33mstroke-width[39m=[32m"3.6"[39m
                      [33mstyle[39m=[32m"stroke-dasharray: 126.920; stroke-dashoffset: 126.920px;"[39m
                    [36m/>[39m
                  [36m</svg>[39m
                [36m</span>[39m
                [36m<div[39m
                  [33mclass[39m=[32m"MuiChip-root MuiChip-filled MuiChip-sizeSmall MuiChip-colorSuccess MuiChip-filledSuccess css-10iq40h-MuiChip-root"[39m
                [36m>[39m
                  [36m<span[39m
                    [33mclass[39m=[32m"MuiChip-label MuiChip-labelSmall css-eccknh-MuiChip-label"[39m
                  [36m>[39m
                    [0mConnected[0m
                  [36m</span>[39m
                [36m</div>[39m
                [36m<span[39m
                  [33mclass[39m=[32m"MuiTypography-root MuiTypography-body1 css-1ro85z9-MuiTypography-root"[39m
                [36m>[39m
                  [0mLast update: [0m
                  [0mNever[0m
                [36m</span>[39m
              [36m</section>[39m
            [36m</div>[39m
            [36m<div[39m
              [33mclass[39m=[32m"MuiPaper-root MuiPaper-elevation MuiPaper-rounded MuiPaper-elevation1 css-kycfaw-MuiPaper-root"[39m
              [33mstyle[39m=[32m"--Paper-shadow: 0px 2px 1px -1px rgba(0,0,0,0.2),0px 1px 1px 0px rgba(0,0,0,0.14),0px 1px 3px 0px rgba(0,0,0,0.12);"[39m
            [36m>[39m
              [36m<h6[39m
                [33mclass[39m=[32m"MuiTypography-root MuiTypography-h6 MuiTypography-gutterBottom css-1wmifpn-MuiTypography-root"[39m
              [36m>[39m
                [0mLive Logs[0m
              [36m</h6>[39m
              [36m<div[39m
                [33mclass[39m=[32m"MuiBox-root css-c8n6u0"[39m
              [36m>[39m
                [36m<p[39m
                  [33mclass[39m=[32m"MuiTypography-root MuiTypography-body1 css-rizt0-MuiTypography-root"[39m
                [36m>[39m
                  [0mNo logs available...[0m
                [36m</p>[39m
              [36m</div>[39m
            [36m</div>[39m
          [36m</div>[39m
        [36m</div>[39m
      [36m</div>[39m
    [36m</body>[39m

      440 |     render(<MonitoringPage />);
      441 |     
    > 442 |     await waitFor(() => {
          |                  ^
      443 |       expect(screen.getByText('2h 1m')).toBeInTheDocument();
      444 |     });
      445 |   });

      at waitForWrapper (node_modules/.pnpm/@testing-library+dom@10.4.1/node_modules/@testing-library/dom/dist/wait-for.js:163:27)
      at Object.<anonymous> (__tests__/components/pages/MonitoringPage.test.tsx:442:18)

  ● MonitoringPage › displays connection status as disconnected

    TypeError: useWebSocket.mockReturnValue is not a function

      447 |   it('displays connection status as disconnected', async () => {
      448 |     const { useWebSocket } = require('@/hooks/use-websocket');
    > 449 |     useWebSocket.mockReturnValue({
          |                  ^
      450 |       isConnected: false,
      451 |     });
      452 |     

      at Object.<anonymous> (__tests__/components/pages/MonitoringPage.test.tsx:449:18)

FAIL __tests__/server/services/LlamaService.test.ts (11.363 s)
  ● LlamaService › start › should handle start errors

    thrown: "Exceeded timeout of 5000 ms for a test.
    Add a timeout value to this test to increase the timeout, if this is a long-running test. See https://jestjs.io/docs/api#testname-fn-timeout."

      247 |     });
      248 |
    > 249 |     it('should handle start errors', async () => {
          |     ^
      250 |       const startError = new Error('Failed to start server');
      251 |       mockedSpawn.mockImplementation(() => {
      252 |         throw startError;

      at __tests__/server/services/LlamaService.test.ts:249:5
      at __tests__/server/services/LlamaService.test.ts:136:3
      at Object.<anonymous> (__tests__/server/services/LlamaService.test.ts:23:1)

  ● LlamaService › stop › should stop running process gracefully

    expect(received).toBe(expected) // Object.is equality

    Expected: "initial"
    Received: "stopping"

      290 |
      291 |       const state = llamaService.getState();
    > 292 |       expect(state.status).toBe('initial');
          |                            ^
      293 |     });
      294 |
      295 |     it('should force kill if SIGTERM timeout', async () => {

      at Object.<anonymous> (__tests__/server/services/LlamaService.test.ts:292:28)

  ● LlamaService › stop › should force kill if SIGTERM timeout

    thrown: "Exceeded timeout of 5000 ms for a test.
    Add a timeout value to this test to increase the timeout, if this is a long-running test. See https://jestjs.io/docs/api#testname-fn-timeout."

      293 |     });
      294 |
    > 295 |     it('should force kill if SIGTERM timeout', async () => {
          |     ^
      296 |       // Mock process that doesn't exit on SIGTERM
      297 |       const mockProcessThatHangs = {
      298 |         ...mockProcess,

      at __tests__/server/services/LlamaService.test.ts:295:5
      at __tests__/server/services/LlamaService.test.ts:263:3
      at Object.<anonymous> (__tests__/server/services/LlamaService.test.ts:23:1)

FAIL __tests__/pages/home-page.test.tsx
  ● HomePage › renders correctly

    Element type is invalid: expected a string (for built-in components) or a class/function (for composite components) but got: object.

    Check the render method of `MuiButtonBaseRoot`.

      57 |
      58 | function renderWithProviders(component: React.ReactElement) {
    > 59 |   return render(component);
         |                ^
      60 | }
      61 |
      62 | describe("HomePage", () => {

      at createFiberFromTypeAndProps (node_modules/.pnpm/react-dom@19.2.3_react@19.2.3/node_modules/react-dom/cjs/react-dom-client.development.js:5021:28)
      at createFiberFromElement (node_modules/.pnpm/react-dom@19.2.3_react@19.2.3/node_modules/react-dom/cjs/react-dom-client.development.js:5035:14)
      at createChild (node_modules/.pnpm/react-dom@19.2.3_react@19.2.3/node_modules/react-dom/cjs/react-dom-client.development.js:6338:26)
      at reconcileChildrenArray (node_modules/.pnpm/react-dom@19.2.3_react@19.2.3/node_modules/react-dom/cjs/react-dom-client.development.js:6670:25)
      at reconcileChildFibersImpl (node_modules/.pnpm/react-dom@19.2.3_react@19.2.3/node_modules/react-dom/cjs/react-dom-client.development.js:6993:30)
      at node_modules/.pnpm/react-dom@19.2.3_react@19.2.3/node_modules/react-dom/cjs/react-dom-client.development.js:7098:33
      at reconcileChildren (node_modules/.pnpm/react-dom@19.2.3_react@19.2.3/node_modules/react-dom/cjs/react-dom-client.development.js:9701:13)
      at updateForwardRef (node_modules/.pnpm/react-dom@19.2.3_react@19.2.3/node_modules/react-dom/cjs/react-dom-client.development.js:9740:7)
      at beginWork (node_modules/.pnpm/react-dom@19.2.3_react@19.2.3/node_modules/react-dom/cjs/react-dom-client.development.js:12117:18)
      at runWithFiberInDEV (node_modules/.pnpm/react-dom@19.2.3_react@19.2.3/node_modules/react-dom/cjs/react-dom-client.development.js:874:13)
      at performUnitOfWork (node_modules/.pnpm/react-dom@19.2.3_react@19.2.3/node_modules/react-dom/cjs/react-dom-client.development.js:17641:22)
      at workLoopSync (node_modules/.pnpm/react-dom@19.2.3_react@19.2.3/node_modules/react-dom/cjs/react-dom-client.development.js:17469:41)
      at renderRootSync (node_modules/.pnpm/react-dom@19.2.3_react@19.2.3/node_modules/react-dom/cjs/react-dom-client.development.js:17450:11)
      at performWorkOnRoot (node_modules/.pnpm/react-dom@19.2.3_react@19.2.3/node_modules/react-dom/cjs/react-dom-client.development.js:16583:35)
      at performWorkOnRootViaSchedulerTask (node_modules/.pnpm/react-dom@19.2.3_react@19.2.3/node_modules/react-dom/cjs/react-dom-client.development.js:18957:7)
      at flushActQueue (node_modules/.pnpm/react@19.2.3/node_modules/react/cjs/react.development.js:590:34)
      at process.env.NODE_ENV.exports.act (node_modules/.pnpm/react@19.2.3/node_modules/react/cjs/react.development.js:884:10)
      at node_modules/.pnpm/@testing-library+react@16.3.1_@testing-library+dom@10.4.1_@types+react-dom@19.2.3_@type_68c5b21a70acecf0fbbfd97f51128017/node_modules/@testing-library/react/dist/act-compat.js:46:25
      at renderRoot (node_modules/.pnpm/@testing-library+react@16.3.1_@testing-library+dom@10.4.1_@types+react-dom@19.2.3_@type_68c5b21a70acecf0fbbfd97f51128017/node_modules/@testing-library/react/dist/pure.js:189:26)
      at render (node_modules/.pnpm/@testing-library+react@16.3.1_@testing-library+dom@10.4.1_@types+react-dom@19.2.3_@type_68c5b21a70acecf0fbbfd97f51128017/node_modules/@testing-library/react/dist/pure.js:291:10)
      at renderWithProviders (__tests__/pages/home-page.test.tsx:59:16)
      at Object.<anonymous> (__tests__/pages/home-page.test.tsx:64:5)

  ● HomePage › renders welcome title

    Element type is invalid: expected a string (for built-in components) or a class/function (for composite components) but got: object.

    Check the render method of `MuiButtonBaseRoot`.

      57 |
      58 | function renderWithProviders(component: React.ReactElement) {
    > 59 |   return render(component);
         |                ^
      60 | }
      61 |
      62 | describe("HomePage", () => {

      at createFiberFromTypeAndProps (node_modules/.pnpm/react-dom@19.2.3_react@19.2.3/node_modules/react-dom/cjs/react-dom-client.development.js:5021:28)
      at createFiberFromElement (node_modules/.pnpm/react-dom@19.2.3_react@19.2.3/node_modules/react-dom/cjs/react-dom-client.development.js:5035:14)
      at createChild (node_modules/.pnpm/react-dom@19.2.3_react@19.2.3/node_modules/react-dom/cjs/react-dom-client.development.js:6338:26)
      at reconcileChildrenArray (node_modules/.pnpm/react-dom@19.2.3_react@19.2.3/node_modules/react-dom/cjs/react-dom-client.development.js:6670:25)
      at reconcileChildFibersImpl (node_modules/.pnpm/react-dom@19.2.3_react@19.2.3/node_modules/react-dom/cjs/react-dom-client.development.js:6993:30)
      at node_modules/.pnpm/react-dom@19.2.3_react@19.2.3/node_modules/react-dom/cjs/react-dom-client.development.js:7098:33
      at reconcileChildren (node_modules/.pnpm/react-dom@19.2.3_react@19.2.3/node_modules/react-dom/cjs/react-dom-client.development.js:9701:13)
      at updateForwardRef (node_modules/.pnpm/react-dom@19.2.3_react@19.2.3/node_modules/react-dom/cjs/react-dom-client.development.js:9740:7)
      at beginWork (node_modules/.pnpm/react-dom@19.2.3_react@19.2.3/node_modules/react-dom/cjs/react-dom-client.development.js:12117:18)
      at runWithFiberInDEV (node_modules/.pnpm/react-dom@19.2.3_react@19.2.3/node_modules/react-dom/cjs/react-dom-client.development.js:874:13)
      at performUnitOfWork (node_modules/.pnpm/react-dom@19.2.3_react@19.2.3/node_modules/react-dom/cjs/react-dom-client.development.js:17641:22)
      at workLoopSync (node_modules/.pnpm/react-dom@19.2.3_react@19.2.3/node_modules/react-dom/cjs/react-dom-client.development.js:17469:41)
      at renderRootSync (node_modules/.pnpm/react-dom@19.2.3_react@19.2.3/node_modules/react-dom/cjs/react-dom-client.development.js:17450:11)
      at performWorkOnRoot (node_modules/.pnpm/react-dom@19.2.3_react@19.2.3/node_modules/react-dom/cjs/react-dom-client.development.js:16583:35)
      at performWorkOnRootViaSchedulerTask (node_modules/.pnpm/react-dom@19.2.3_react@19.2.3/node_modules/react-dom/cjs/react-dom-client.development.js:18957:7)
      at flushActQueue (node_modules/.pnpm/react@19.2.3/node_modules/react/cjs/react.development.js:590:34)
      at process.env.NODE_ENV.exports.act (node_modules/.pnpm/react@19.2.3/node_modules/react/cjs/react.development.js:884:10)
      at node_modules/.pnpm/@testing-library+react@16.3.1_@testing-library+dom@10.4.1_@types+react-dom@19.2.3_@type_68c5b21a70acecf0fbbfd97f51128017/node_modules/@testing-library/react/dist/act-compat.js:46:25
      at renderRoot (node_modules/.pnpm/@testing-library+react@16.3.1_@testing-library+dom@10.4.1_@types+react-dom@19.2.3_@type_68c5b21a70acecf0fbbfd97f51128017/node_modules/@testing-library/react/dist/pure.js:189:26)
      at render (node_modules/.pnpm/@testing-library+react@16.3.1_@testing-library+dom@10.4.1_@types+react-dom@19.2.3_@type_68c5b21a70acecf0fbbfd97f51128017/node_modules/@testing-library/react/dist/pure.js:291:10)
      at renderWithProviders (__tests__/pages/home-page.test.tsx:59:16)
      at Object.<anonymous> (__tests__/pages/home-page.test.tsx:69:5)

  ● HomePage › renders subtitle description

    Element type is invalid: expected a string (for built-in components) or a class/function (for composite components) but got: object.

    Check the render method of `MuiButtonBaseRoot`.

      57 |
      58 | function renderWithProviders(component: React.ReactElement) {
    > 59 |   return render(component);
         |                ^
      60 | }
      61 |
      62 | describe("HomePage", () => {

      at createFiberFromTypeAndProps (node_modules/.pnpm/react-dom@19.2.3_react@19.2.3/node_modules/react-dom/cjs/react-dom-client.development.js:5021:28)
      at createFiberFromElement (node_modules/.pnpm/react-dom@19.2.3_react@19.2.3/node_modules/react-dom/cjs/react-dom-client.development.js:5035:14)
      at createChild (node_modules/.pnpm/react-dom@19.2.3_react@19.2.3/node_modules/react-dom/cjs/react-dom-client.development.js:6338:26)
      at reconcileChildrenArray (node_modules/.pnpm/react-dom@19.2.3_react@19.2.3/node_modules/react-dom/cjs/react-dom-client.development.js:6670:25)
      at reconcileChildFibersImpl (node_modules/.pnpm/react-dom@19.2.3_react@19.2.3/node_modules/react-dom/cjs/react-dom-client.development.js:6993:30)
      at node_modules/.pnpm/react-dom@19.2.3_react@19.2.3/node_modules/react-dom/cjs/react-dom-client.development.js:7098:33
      at reconcileChildren (node_modules/.pnpm/react-dom@19.2.3_react@19.2.3/node_modules/react-dom/cjs/react-dom-client.development.js:9701:13)
      at updateForwardRef (node_modules/.pnpm/react-dom@19.2.3_react@19.2.3/node_modules/react-dom/cjs/react-dom-client.development.js:9740:7)
      at beginWork (node_modules/.pnpm/react-dom@19.2.3_react@19.2.3/node_modules/react-dom/cjs/react-dom-client.development.js:12117:18)
      at runWithFiberInDEV (node_modules/.pnpm/react-dom@19.2.3_react@19.2.3/node_modules/react-dom/cjs/react-dom-client.development.js:874:13)
      at performUnitOfWork (node_modules/.pnpm/react-dom@19.2.3_react@19.2.3/node_modules/react-dom/cjs/react-dom-client.development.js:17641:22)
      at workLoopSync (node_modules/.pnpm/react-dom@19.2.3_react@19.2.3/node_modules/react-dom/cjs/react-dom-client.development.js:17469:41)
      at renderRootSync (node_modules/.pnpm/react-dom@19.2.3_react@19.2.3/node_modules/react-dom/cjs/react-dom-client.development.js:17450:11)
      at performWorkOnRoot (node_modules/.pnpm/react-dom@19.2.3_react@19.2.3/node_modules/react-dom/cjs/react-dom-client.development.js:16583:35)
      at performWorkOnRootViaSchedulerTask (node_modules/.pnpm/react-dom@19.2.3_react@19.2.3/node_modules/react-dom/cjs/react-dom-client.development.js:18957:7)
      at flushActQueue (node_modules/.pnpm/react@19.2.3/node_modules/react/cjs/react.development.js:590:34)
      at process.env.NODE_ENV.exports.act (node_modules/.pnpm/react@19.2.3/node_modules/react/cjs/react.development.js:884:10)
      at node_modules/.pnpm/@testing-library+react@16.3.1_@testing-library+dom@10.4.1_@types+react-dom@19.2.3_@type_68c5b21a70acecf0fbbfd97f51128017/node_modules/@testing-library/react/dist/act-compat.js:46:25
      at renderRoot (node_modules/.pnpm/@testing-library+react@16.3.1_@testing-library+dom@10.4.1_@types+react-dom@19.2.3_@type_68c5b21a70acecf0fbbfd97f51128017/node_modules/@testing-library/react/dist/pure.js:189:26)
      at render (node_modules/.pnpm/@testing-library+react@16.3.1_@testing-library+dom@10.4.1_@types+react-dom@19.2.3_@type_68c5b21a70acecf0fbbfd97f51128017/node_modules/@testing-library/react/dist/pure.js:291:10)
      at renderWithProviders (__tests__/pages/home-page.test.tsx:59:16)
      at Object.<anonymous> (__tests__/pages/home-page.test.tsx:76:5)

  ● HomePage › renders 'Get Started' button

    Element type is invalid: expected a string (for built-in components) or a class/function (for composite components) but got: object.

    Check the render method of `MuiButtonBaseRoot`.

      57 |
      58 | function renderWithProviders(component: React.ReactElement) {
    > 59 |   return render(component);
         |                ^
      60 | }
      61 |
      62 | describe("HomePage", () => {

      at createFiberFromTypeAndProps (node_modules/.pnpm/react-dom@19.2.3_react@19.2.3/node_modules/react-dom/cjs/react-dom-client.development.js:5021:28)
      at createFiberFromElement (node_modules/.pnpm/react-dom@19.2.3_react@19.2.3/node_modules/react-dom/cjs/react-dom-client.development.js:5035:14)
      at createChild (node_modules/.pnpm/react-dom@19.2.3_react@19.2.3/node_modules/react-dom/cjs/react-dom-client.development.js:6338:26)
      at reconcileChildrenArray (node_modules/.pnpm/react-dom@19.2.3_react@19.2.3/node_modules/react-dom/cjs/react-dom-client.development.js:6670:25)
      at reconcileChildFibersImpl (node_modules/.pnpm/react-dom@19.2.3_react@19.2.3/node_modules/react-dom/cjs/react-dom-client.development.js:6993:30)
      at node_modules/.pnpm/react-dom@19.2.3_react@19.2.3/node_modules/react-dom/cjs/react-dom-client.development.js:7098:33
      at reconcileChildren (node_modules/.pnpm/react-dom@19.2.3_react@19.2.3/node_modules/react-dom/cjs/react-dom-client.development.js:9701:13)
      at updateForwardRef (node_modules/.pnpm/react-dom@19.2.3_react@19.2.3/node_modules/react-dom/cjs/react-dom-client.development.js:9740:7)
      at beginWork (node_modules/.pnpm/react-dom@19.2.3_react@19.2.3/node_modules/react-dom/cjs/react-dom-client.development.js:12117:18)
      at runWithFiberInDEV (node_modules/.pnpm/react-dom@19.2.3_react@19.2.3/node_modules/react-dom/cjs/react-dom-client.development.js:874:13)
      at performUnitOfWork (node_modules/.pnpm/react-dom@19.2.3_react@19.2.3/node_modules/react-dom/cjs/react-dom-client.development.js:17641:22)
      at workLoopSync (node_modules/.pnpm/react-dom@19.2.3_react@19.2.3/node_modules/react-dom/cjs/react-dom-client.development.js:17469:41)
      at renderRootSync (node_modules/.pnpm/react-dom@19.2.3_react@19.2.3/node_modules/react-dom/cjs/react-dom-client.development.js:17450:11)
      at performWorkOnRoot (node_modules/.pnpm/react-dom@19.2.3_react@19.2.3/node_modules/react-dom/cjs/react-dom-client.development.js:16583:35)
      at performWorkOnRootViaSchedulerTask (node_modules/.pnpm/react-dom@19.2.3_react@19.2.3/node_modules/react-dom/cjs/react-dom-client.development.js:18957:7)
      at flushActQueue (node_modules/.pnpm/react@19.2.3/node_modules/react/cjs/react.development.js:590:34)
      at process.env.NODE_ENV.exports.act (node_modules/.pnpm/react@19.2.3/node_modules/react/cjs/react.development.js:884:10)
      at node_modules/.pnpm/@testing-library+react@16.3.1_@testing-library+dom@10.4.1_@types+react-dom@19.2.3_@type_68c5b21a70acecf0fbbfd97f51128017/node_modules/@testing-library/react/dist/act-compat.js:46:25
      at renderRoot (node_modules/.pnpm/@testing-library+react@16.3.1_@testing-library+dom@10.4.1_@types+react-dom@19.2.3_@type_68c5b21a70acecf0fbbfd97f51128017/node_modules/@testing-library/react/dist/pure.js:189:26)
      at render (node_modules/.pnpm/@testing-library+react@16.3.1_@testing-library+dom@10.4.1_@types+react-dom@19.2.3_@type_68c5b21a70acecf0fbbfd97f51128017/node_modules/@testing-library/react/dist/pure.js:291:10)
      at renderWithProviders (__tests__/pages/home-page.test.tsx:59:16)
      at Object.<anonymous> (__tests__/pages/home-page.test.tsx:85:5)

  ● HomePage › 'Get Started' button links to /dashboard

    Element type is invalid: expected a string (for built-in components) or a class/function (for composite components) but got: object.

    Check the render method of `MuiButtonBaseRoot`.

      57 |
      58 | function renderWithProviders(component: React.ReactElement) {
    > 59 |   return render(component);
         |                ^
      60 | }
      61 |
      62 | describe("HomePage", () => {

      at createFiberFromTypeAndProps (node_modules/.pnpm/react-dom@19.2.3_react@19.2.3/node_modules/react-dom/cjs/react-dom-client.development.js:5021:28)
      at createFiberFromElement (node_modules/.pnpm/react-dom@19.2.3_react@19.2.3/node_modules/react-dom/cjs/react-dom-client.development.js:5035:14)
      at createChild (node_modules/.pnpm/react-dom@19.2.3_react@19.2.3/node_modules/react-dom/cjs/react-dom-client.development.js:6338:26)
      at reconcileChildrenArray (node_modules/.pnpm/react-dom@19.2.3_react@19.2.3/node_modules/react-dom/cjs/react-dom-client.development.js:6670:25)
      at reconcileChildFibersImpl (node_modules/.pnpm/react-dom@19.2.3_react@19.2.3/node_modules/react-dom/cjs/react-dom-client.development.js:6993:30)
      at node_modules/.pnpm/react-dom@19.2.3_react@19.2.3/node_modules/react-dom/cjs/react-dom-client.development.js:7098:33
      at reconcileChildren (node_modules/.pnpm/react-dom@19.2.3_react@19.2.3/node_modules/react-dom/cjs/react-dom-client.development.js:9701:13)
      at updateForwardRef (node_modules/.pnpm/react-dom@19.2.3_react@19.2.3/node_modules/react-dom/cjs/react-dom-client.development.js:9740:7)
      at beginWork (node_modules/.pnpm/react-dom@19.2.3_react@19.2.3/node_modules/react-dom/cjs/react-dom-client.development.js:12117:18)
      at runWithFiberInDEV (node_modules/.pnpm/react-dom@19.2.3_react@19.2.3/node_modules/react-dom/cjs/react-dom-client.development.js:874:13)
      at performUnitOfWork (node_modules/.pnpm/react-dom@19.2.3_react@19.2.3/node_modules/react-dom/cjs/react-dom-client.development.js:17641:22)
      at workLoopSync (node_modules/.pnpm/react-dom@19.2.3_react@19.2.3/node_modules/react-dom/cjs/react-dom-client.development.js:17469:41)
      at renderRootSync (node_modules/.pnpm/react-dom@19.2.3_react@19.2.3/node_modules/react-dom/cjs/react-dom-client.development.js:17450:11)
      at performWorkOnRoot (node_modules/.pnpm/react-dom@19.2.3_react@19.2.3/node_modules/react-dom/cjs/react-dom-client.development.js:16583:35)
      at performWorkOnRootViaSchedulerTask (node_modules/.pnpm/react-dom@19.2.3_react@19.2.3/node_modules/react-dom/cjs/react-dom-client.development.js:18957:7)
      at flushActQueue (node_modules/.pnpm/react@19.2.3/node_modules/react/cjs/react.development.js:590:34)
      at process.env.NODE_ENV.exports.act (node_modules/.pnpm/react@19.2.3/node_modules/react/cjs/react.development.js:884:10)
      at node_modules/.pnpm/@testing-library+react@16.3.1_@testing-library+dom@10.4.1_@types+react-dom@19.2.3_@type_68c5b21a70acecf0fbbfd97f51128017/node_modules/@testing-library/react/dist/act-compat.js:46:25
      at renderRoot (node_modules/.pnpm/@testing-library+react@16.3.1_@testing-library+dom@10.4.1_@types+react-dom@19.2.3_@type_68c5b21a70acecf0fbbfd97f51128017/node_modules/@testing-library/react/dist/pure.js:189:26)
      at render (node_modules/.pnpm/@testing-library+react@16.3.1_@testing-library+dom@10.4.1_@types+react-dom@19.2.3_@type_68c5b21a70acecf0fbbfd97f51128017/node_modules/@testing-library/react/dist/pure.js:291:10)
      at renderWithProviders (__tests__/pages/home-page.test.tsx:59:16)
      at Object.<anonymous> (__tests__/pages/home-page.test.tsx:91:5)

  ● HomePage › renders 'Key Features' section

    Element type is invalid: expected a string (for built-in components) or a class/function (for composite components) but got: object.

    Check the render method of `MuiButtonBaseRoot`.

      57 |
      58 | function renderWithProviders(component: React.ReactElement) {
    > 59 |   return render(component);
         |                ^
      60 | }
      61 |
      62 | describe("HomePage", () => {

      at createFiberFromTypeAndProps (node_modules/.pnpm/react-dom@19.2.3_react@19.2.3/node_modules/react-dom/cjs/react-dom-client.development.js:5021:28)
      at createFiberFromElement (node_modules/.pnpm/react-dom@19.2.3_react@19.2.3/node_modules/react-dom/cjs/react-dom-client.development.js:5035:14)
      at createChild (node_modules/.pnpm/react-dom@19.2.3_react@19.2.3/node_modules/react-dom/cjs/react-dom-client.development.js:6338:26)
      at reconcileChildrenArray (node_modules/.pnpm/react-dom@19.2.3_react@19.2.3/node_modules/react-dom/cjs/react-dom-client.development.js:6670:25)
      at reconcileChildFibersImpl (node_modules/.pnpm/react-dom@19.2.3_react@19.2.3/node_modules/react-dom/cjs/react-dom-client.development.js:6993:30)
      at node_modules/.pnpm/react-dom@19.2.3_react@19.2.3/node_modules/react-dom/cjs/react-dom-client.development.js:7098:33
      at reconcileChildren (node_modules/.pnpm/react-dom@19.2.3_react@19.2.3/node_modules/react-dom/cjs/react-dom-client.development.js:9701:13)
      at updateForwardRef (node_modules/.pnpm/react-dom@19.2.3_react@19.2.3/node_modules/react-dom/cjs/react-dom-client.development.js:9740:7)
      at beginWork (node_modules/.pnpm/react-dom@19.2.3_react@19.2.3/node_modules/react-dom/cjs/react-dom-client.development.js:12117:18)
      at runWithFiberInDEV (node_modules/.pnpm/react-dom@19.2.3_react@19.2.3/node_modules/react-dom/cjs/react-dom-client.development.js:874:13)
      at performUnitOfWork (node_modules/.pnpm/react-dom@19.2.3_react@19.2.3/node_modules/react-dom/cjs/react-dom-client.development.js:17641:22)
      at workLoopSync (node_modules/.pnpm/react-dom@19.2.3_react@19.2.3/node_modules/react-dom/cjs/react-dom-client.development.js:17469:41)
      at renderRootSync (node_modules/.pnpm/react-dom@19.2.3_react@19.2.3/node_modules/react-dom/cjs/react-dom-client.development.js:17450:11)
      at performWorkOnRoot (node_modules/.pnpm/react-dom@19.2.3_react@19.2.3/node_modules/react-dom/cjs/react-dom-client.development.js:16583:35)
      at performWorkOnRootViaSchedulerTask (node_modules/.pnpm/react-dom@19.2.3_react@19.2.3/node_modules/react-dom/cjs/react-dom-client.development.js:18957:7)
      at flushActQueue (node_modules/.pnpm/react@19.2.3/node_modules/react/cjs/react.development.js:590:34)
      at process.env.NODE_ENV.exports.act (node_modules/.pnpm/react@19.2.3/node_modules/react/cjs/react.development.js:884:10)
      at node_modules/.pnpm/@testing-library+react@16.3.1_@testing-library+dom@10.4.1_@types+react-dom@19.2.3_@type_68c5b21a70acecf0fbbfd97f51128017/node_modules/@testing-library/react/dist/act-compat.js:46:25
      at renderRoot (node_modules/.pnpm/@testing-library+react@16.3.1_@testing-library+dom@10.4.1_@types+react-dom@19.2.3_@type_68c5b21a70acecf0fbbfd97f51128017/node_modules/@testing-library/react/dist/pure.js:189:26)
      at render (node_modules/.pnpm/@testing-library+react@16.3.1_@testing-library+dom@10.4.1_@types+react-dom@19.2.3_@type_68c5b21a70acecf0fbbfd97f51128017/node_modules/@testing-library/react/dist/pure.js:291:10)
      at renderWithProviders (__tests__/pages/home-page.test.tsx:59:16)
      at Object.<anonymous> (__tests__/pages/home-page.test.tsx:97:5)

  ● HomePage › renders all 4 feature cards

    Element type is invalid: expected a string (for built-in components) or a class/function (for composite components) but got: object.

    Check the render method of `MuiButtonBaseRoot`.

      57 |
      58 | function renderWithProviders(component: React.ReactElement) {
    > 59 |   return render(component);
         |                ^
      60 | }
      61 |
      62 | describe("HomePage", () => {

      at createFiberFromTypeAndProps (node_modules/.pnpm/react-dom@19.2.3_react@19.2.3/node_modules/react-dom/cjs/react-dom-client.development.js:5021:28)
      at createFiberFromElement (node_modules/.pnpm/react-dom@19.2.3_react@19.2.3/node_modules/react-dom/cjs/react-dom-client.development.js:5035:14)
      at createChild (node_modules/.pnpm/react-dom@19.2.3_react@19.2.3/node_modules/react-dom/cjs/react-dom-client.development.js:6338:26)
      at reconcileChildrenArray (node_modules/.pnpm/react-dom@19.2.3_react@19.2.3/node_modules/react-dom/cjs/react-dom-client.development.js:6670:25)
      at reconcileChildFibersImpl (node_modules/.pnpm/react-dom@19.2.3_react@19.2.3/node_modules/react-dom/cjs/react-dom-client.development.js:6993:30)
      at node_modules/.pnpm/react-dom@19.2.3_react@19.2.3/node_modules/react-dom/cjs/react-dom-client.development.js:7098:33
      at reconcileChildren (node_modules/.pnpm/react-dom@19.2.3_react@19.2.3/node_modules/react-dom/cjs/react-dom-client.development.js:9701:13)
      at updateForwardRef (node_modules/.pnpm/react-dom@19.2.3_react@19.2.3/node_modules/react-dom/cjs/react-dom-client.development.js:9740:7)
      at beginWork (node_modules/.pnpm/react-dom@19.2.3_react@19.2.3/node_modules/react-dom/cjs/react-dom-client.development.js:12117:18)
      at runWithFiberInDEV (node_modules/.pnpm/react-dom@19.2.3_react@19.2.3/node_modules/react-dom/cjs/react-dom-client.development.js:874:13)
      at performUnitOfWork (node_modules/.pnpm/react-dom@19.2.3_react@19.2.3/node_modules/react-dom/cjs/react-dom-client.development.js:17641:22)
      at workLoopSync (node_modules/.pnpm/react-dom@19.2.3_react@19.2.3/node_modules/react-dom/cjs/react-dom-client.development.js:17469:41)
      at renderRootSync (node_modules/.pnpm/react-dom@19.2.3_react@19.2.3/node_modules/react-dom/cjs/react-dom-client.development.js:17450:11)
      at performWorkOnRoot (node_modules/.pnpm/react-dom@19.2.3_react@19.2.3/node_modules/react-dom/cjs/react-dom-client.development.js:16583:35)
      at performWorkOnRootViaSchedulerTask (node_modules/.pnpm/react-dom@19.2.3_react@19.2.3/node_modules/react-dom/cjs/react-dom-client.development.js:18957:7)
      at flushActQueue (node_modules/.pnpm/react@19.2.3/node_modules/react/cjs/react.development.js:590:34)
      at process.env.NODE_ENV.exports.act (node_modules/.pnpm/react@19.2.3/node_modules/react/cjs/react.development.js:884:10)
      at node_modules/.pnpm/@testing-library+react@16.3.1_@testing-library+dom@10.4.1_@types+react-dom@19.2.3_@type_68c5b21a70acecf0fbbfd97f51128017/node_modules/@testing-library/react/dist/act-compat.js:46:25
      at renderRoot (node_modules/.pnpm/@testing-library+react@16.3.1_@testing-library+dom@10.4.1_@types+react-dom@19.2.3_@type_68c5b21a70acecf0fbbfd97f51128017/node_modules/@testing-library/react/dist/pure.js:189:26)
      at render (node_modules/.pnpm/@testing-library+react@16.3.1_@testing-library+dom@10.4.1_@types+react-dom@19.2.3_@type_68c5b21a70acecf0fbbfd97f51128017/node_modules/@testing-library/react/dist/pure.js:291:10)
      at renderWithProviders (__tests__/pages/home-page.test.tsx:59:16)
      at Object.<anonymous> (__tests__/pages/home-page.test.tsx:104:5)

  ● HomePage › renders feature descriptions

    Element type is invalid: expected a string (for built-in components) or a class/function (for composite components) but got: object.

    Check the render method of `MuiButtonBaseRoot`.

      57 |
      58 | function renderWithProviders(component: React.ReactElement) {
    > 59 |   return render(component);
         |                ^
      60 | }
      61 |
      62 | describe("HomePage", () => {

      at createFiberFromTypeAndProps (node_modules/.pnpm/react-dom@19.2.3_react@19.2.3/node_modules/react-dom/cjs/react-dom-client.development.js:5021:28)
      at createFiberFromElement (node_modules/.pnpm/react-dom@19.2.3_react@19.2.3/node_modules/react-dom/cjs/react-dom-client.development.js:5035:14)
      at createChild (node_modules/.pnpm/react-dom@19.2.3_react@19.2.3/node_modules/react-dom/cjs/react-dom-client.development.js:6338:26)
      at reconcileChildrenArray (node_modules/.pnpm/react-dom@19.2.3_react@19.2.3/node_modules/react-dom/cjs/react-dom-client.development.js:6670:25)
      at reconcileChildFibersImpl (node_modules/.pnpm/react-dom@19.2.3_react@19.2.3/node_modules/react-dom/cjs/react-dom-client.development.js:6993:30)
      at node_modules/.pnpm/react-dom@19.2.3_react@19.2.3/node_modules/react-dom/cjs/react-dom-client.development.js:7098:33
      at reconcileChildren (node_modules/.pnpm/react-dom@19.2.3_react@19.2.3/node_modules/react-dom/cjs/react-dom-client.development.js:9701:13)
      at updateForwardRef (node_modules/.pnpm/react-dom@19.2.3_react@19.2.3/node_modules/react-dom/cjs/react-dom-client.development.js:9740:7)
      at beginWork (node_modules/.pnpm/react-dom@19.2.3_react@19.2.3/node_modules/react-dom/cjs/react-dom-client.development.js:12117:18)
      at runWithFiberInDEV (node_modules/.pnpm/react-dom@19.2.3_react@19.2.3/node_modules/react-dom/cjs/react-dom-client.development.js:874:13)
      at performUnitOfWork (node_modules/.pnpm/react-dom@19.2.3_react@19.2.3/node_modules/react-dom/cjs/react-dom-client.development.js:17641:22)
      at workLoopSync (node_modules/.pnpm/react-dom@19.2.3_react@19.2.3/node_modules/react-dom/cjs/react-dom-client.development.js:17469:41)
      at renderRootSync (node_modules/.pnpm/react-dom@19.2.3_react@19.2.3/node_modules/react-dom/cjs/react-dom-client.development.js:17450:11)
      at performWorkOnRoot (node_modules/.pnpm/react-dom@19.2.3_react@19.2.3/node_modules/react-dom/cjs/react-dom-client.development.js:16583:35)
      at performWorkOnRootViaSchedulerTask (node_modules/.pnpm/react-dom@19.2.3_react@19.2.3/node_modules/react-dom/cjs/react-dom-client.development.js:18957:7)
      at flushActQueue (node_modules/.pnpm/react@19.2.3/node_modules/react/cjs/react.development.js:590:34)
      at process.env.NODE_ENV.exports.act (node_modules/.pnpm/react@19.2.3/node_modules/react/cjs/react.development.js:884:10)
      at node_modules/.pnpm/@testing-library+react@16.3.1_@testing-library+dom@10.4.1_@types+react-dom@19.2.3_@type_68c5b21a70acecf0fbbfd97f51128017/node_modules/@testing-library/react/dist/act-compat.js:46:25
      at renderRoot (node_modules/.pnpm/@testing-library+react@16.3.1_@testing-library+dom@10.4.1_@types+react-dom@19.2.3_@type_68c5b21a70acecf0fbbfd97f51128017/node_modules/@testing-library/react/dist/pure.js:189:26)
      at render (node_modules/.pnpm/@testing-library+react@16.3.1_@testing-library+dom@10.4.1_@types+react-dom@19.2.3_@type_68c5b21a70acecf0fbbfd97f51128017/node_modules/@testing-library/react/dist/pure.js:291:10)
      at renderWithProviders (__tests__/pages/home-page.test.tsx:59:16)
      at Object.<anonymous> (__tests__/pages/home-page.test.tsx:120:5)

  ● HomePage › renders 'Quick Stats' section

    Element type is invalid: expected a string (for built-in components) or a class/function (for composite components) but got: object.

    Check the render method of `MuiButtonBaseRoot`.

      57 |
      58 | function renderWithProviders(component: React.ReactElement) {
    > 59 |   return render(component);
         |                ^
      60 | }
      61 |
      62 | describe("HomePage", () => {

      at createFiberFromTypeAndProps (node_modules/.pnpm/react-dom@19.2.3_react@19.2.3/node_modules/react-dom/cjs/react-dom-client.development.js:5021:28)
      at createFiberFromElement (node_modules/.pnpm/react-dom@19.2.3_react@19.2.3/node_modules/react-dom/cjs/react-dom-client.development.js:5035:14)
      at createChild (node_modules/.pnpm/react-dom@19.2.3_react@19.2.3/node_modules/react-dom/cjs/react-dom-client.development.js:6338:26)
      at reconcileChildrenArray (node_modules/.pnpm/react-dom@19.2.3_react@19.2.3/node_modules/react-dom/cjs/react-dom-client.development.js:6670:25)
      at reconcileChildFibersImpl (node_modules/.pnpm/react-dom@19.2.3_react@19.2.3/node_modules/react-dom/cjs/react-dom-client.development.js:6993:30)
      at node_modules/.pnpm/react-dom@19.2.3_react@19.2.3/node_modules/react-dom/cjs/react-dom-client.development.js:7098:33
      at reconcileChildren (node_modules/.pnpm/react-dom@19.2.3_react@19.2.3/node_modules/react-dom/cjs/react-dom-client.development.js:9701:13)
      at updateForwardRef (node_modules/.pnpm/react-dom@19.2.3_react@19.2.3/node_modules/react-dom/cjs/react-dom-client.development.js:9740:7)
      at beginWork (node_modules/.pnpm/react-dom@19.2.3_react@19.2.3/node_modules/react-dom/cjs/react-dom-client.development.js:12117:18)
      at runWithFiberInDEV (node_modules/.pnpm/react-dom@19.2.3_react@19.2.3/node_modules/react-dom/cjs/react-dom-client.development.js:874:13)
      at performUnitOfWork (node_modules/.pnpm/react-dom@19.2.3_react@19.2.3/node_modules/react-dom/cjs/react-dom-client.development.js:17641:22)
      at workLoopSync (node_modules/.pnpm/react-dom@19.2.3_react@19.2.3/node_modules/react-dom/cjs/react-dom-client.development.js:17469:41)
      at renderRootSync (node_modules/.pnpm/react-dom@19.2.3_react@19.2.3/node_modules/react-dom/cjs/react-dom-client.development.js:17450:11)
      at performWorkOnRoot (node_modules/.pnpm/react-dom@19.2.3_react@19.2.3/node_modules/react-dom/cjs/react-dom-client.development.js:16583:35)
      at performWorkOnRootViaSchedulerTask (node_modules/.pnpm/react-dom@19.2.3_react@19.2.3/node_modules/react-dom/cjs/react-dom-client.development.js:18957:7)
      at flushActQueue (node_modules/.pnpm/react@19.2.3/node_modules/react/cjs/react.development.js:590:34)
      at process.env.NODE_ENV.exports.act (node_modules/.pnpm/react@19.2.3/node_modules/react/cjs/react.development.js:884:10)
      at node_modules/.pnpm/@testing-library+react@16.3.1_@testing-library+dom@10.4.1_@types+react-dom@19.2.3_@type_68c5b21a70acecf0fbbfd97f51128017/node_modules/@testing-library/react/dist/act-compat.js:46:25
      at renderRoot (node_modules/.pnpm/@testing-library+react@16.3.1_@testing-library+dom@10.4.1_@types+react-dom@19.2.3_@type_68c5b21a70acecf0fbbfd97f51128017/node_modules/@testing-library/react/dist/pure.js:189:26)
      at render (node_modules/.pnpm/@testing-library+react@16.3.1_@testing-library+dom@10.4.1_@types+react-dom@19.2.3_@type_68c5b21a70acecf0fbbfd97f51128017/node_modules/@testing-library/react/dist/pure.js:291:10)
      at renderWithProviders (__tests__/pages/home-page.test.tsx:59:16)
      at Object.<anonymous> (__tests__/pages/home-page.test.tsx:136:5)

  ● HomePage › renders all 4 stat values

    Element type is invalid: expected a string (for built-in components) or a class/function (for composite components) but got: object.

    Check the render method of `MuiButtonBaseRoot`.

      57 |
      58 | function renderWithProviders(component: React.ReactElement) {
    > 59 |   return render(component);
         |                ^
      60 | }
      61 |
      62 | describe("HomePage", () => {

      at createFiberFromTypeAndProps (node_modules/.pnpm/react-dom@19.2.3_react@19.2.3/node_modules/react-dom/cjs/react-dom-client.development.js:5021:28)
      at createFiberFromElement (node_modules/.pnpm/react-dom@19.2.3_react@19.2.3/node_modules/react-dom/cjs/react-dom-client.development.js:5035:14)
      at createChild (node_modules/.pnpm/react-dom@19.2.3_react@19.2.3/node_modules/react-dom/cjs/react-dom-client.development.js:6338:26)
      at reconcileChildrenArray (node_modules/.pnpm/react-dom@19.2.3_react@19.2.3/node_modules/react-dom/cjs/react-dom-client.development.js:6670:25)
      at reconcileChildFibersImpl (node_modules/.pnpm/react-dom@19.2.3_react@19.2.3/node_modules/react-dom/cjs/react-dom-client.development.js:6993:30)
      at node_modules/.pnpm/react-dom@19.2.3_react@19.2.3/node_modules/react-dom/cjs/react-dom-client.development.js:7098:33
      at reconcileChildren (node_modules/.pnpm/react-dom@19.2.3_react@19.2.3/node_modules/react-dom/cjs/react-dom-client.development.js:9701:13)
      at updateForwardRef (node_modules/.pnpm/react-dom@19.2.3_react@19.2.3/node_modules/react-dom/cjs/react-dom-client.development.js:9740:7)
      at beginWork (node_modules/.pnpm/react-dom@19.2.3_react@19.2.3/node_modules/react-dom/cjs/react-dom-client.development.js:12117:18)
      at runWithFiberInDEV (node_modules/.pnpm/react-dom@19.2.3_react@19.2.3/node_modules/react-dom/cjs/react-dom-client.development.js:874:13)
      at performUnitOfWork (node_modules/.pnpm/react-dom@19.2.3_react@19.2.3/node_modules/react-dom/cjs/react-dom-client.development.js:17641:22)
      at workLoopSync (node_modules/.pnpm/react-dom@19.2.3_react@19.2.3/node_modules/react-dom/cjs/react-dom-client.development.js:17469:41)
      at renderRootSync (node_modules/.pnpm/react-dom@19.2.3_react@19.2.3/node_modules/react-dom/cjs/react-dom-client.development.js:17450:11)
      at performWorkOnRoot (node_modules/.pnpm/react-dom@19.2.3_react@19.2.3/node_modules/react-dom/cjs/react-dom-client.development.js:16583:35)
      at performWorkOnRootViaSchedulerTask (node_modules/.pnpm/react-dom@19.2.3_react@19.2.3/node_modules/react-dom/cjs/react-dom-client.development.js:18957:7)
      at flushActQueue (node_modules/.pnpm/react@19.2.3/node_modules/react/cjs/react.development.js:590:34)
      at process.env.NODE_ENV.exports.act (node_modules/.pnpm/react@19.2.3/node_modules/react/cjs/react.development.js:884:10)
      at node_modules/.pnpm/@testing-library+react@16.3.1_@testing-library+dom@10.4.1_@types+react-dom@19.2.3_@type_68c5b21a70acecf0fbbfd97f51128017/node_modules/@testing-library/react/dist/act-compat.js:46:25
      at renderRoot (node_modules/.pnpm/@testing-library+react@16.3.1_@testing-library+dom@10.4.1_@types+react-dom@19.2.3_@type_68c5b21a70acecf0fbbfd97f51128017/node_modules/@testing-library/react/dist/pure.js:189:26)
      at render (node_modules/.pnpm/@testing-library+react@16.3.1_@testing-library+dom@10.4.1_@types+react-dom@19.2.3_@type_68c5b21a70acecf0fbbfd97f51128017/node_modules/@testing-library/react/dist/pure.js:291:10)
      at renderWithProviders (__tests__/pages/home-page.test.tsx:59:16)
      at Object.<anonymous> (__tests__/pages/home-page.test.tsx:143:5)

  ● HomePage › renders all 4 stat labels

    Element type is invalid: expected a string (for built-in components) or a class/function (for composite components) but got: object.

    Check the render method of `MuiButtonBaseRoot`.

      57 |
      58 | function renderWithProviders(component: React.ReactElement) {
    > 59 |   return render(component);
         |                ^
      60 | }
      61 |
      62 | describe("HomePage", () => {

      at createFiberFromTypeAndProps (node_modules/.pnpm/react-dom@19.2.3_react@19.2.3/node_modules/react-dom/cjs/react-dom-client.development.js:5021:28)
      at createFiberFromElement (node_modules/.pnpm/react-dom@19.2.3_react@19.2.3/node_modules/react-dom/cjs/react-dom-client.development.js:5035:14)
      at createChild (node_modules/.pnpm/react-dom@19.2.3_react@19.2.3/node_modules/react-dom/cjs/react-dom-client.development.js:6338:26)
      at reconcileChildrenArray (node_modules/.pnpm/react-dom@19.2.3_react@19.2.3/node_modules/react-dom/cjs/react-dom-client.development.js:6670:25)
      at reconcileChildFibersImpl (node_modules/.pnpm/react-dom@19.2.3_react@19.2.3/node_modules/react-dom/cjs/react-dom-client.development.js:6993:30)
      at node_modules/.pnpm/react-dom@19.2.3_react@19.2.3/node_modules/react-dom/cjs/react-dom-client.development.js:7098:33
      at reconcileChildren (node_modules/.pnpm/react-dom@19.2.3_react@19.2.3/node_modules/react-dom/cjs/react-dom-client.development.js:9701:13)
      at updateForwardRef (node_modules/.pnpm/react-dom@19.2.3_react@19.2.3/node_modules/react-dom/cjs/react-dom-client.development.js:9740:7)
      at beginWork (node_modules/.pnpm/react-dom@19.2.3_react@19.2.3/node_modules/react-dom/cjs/react-dom-client.development.js:12117:18)
      at runWithFiberInDEV (node_modules/.pnpm/react-dom@19.2.3_react@19.2.3/node_modules/react-dom/cjs/react-dom-client.development.js:874:13)
      at performUnitOfWork (node_modules/.pnpm/react-dom@19.2.3_react@19.2.3/node_modules/react-dom/cjs/react-dom-client.development.js:17641:22)
      at workLoopSync (node_modules/.pnpm/react-dom@19.2.3_react@19.2.3/node_modules/react-dom/cjs/react-dom-client.development.js:17469:41)
      at renderRootSync (node_modules/.pnpm/react-dom@19.2.3_react@19.2.3/node_modules/react-dom/cjs/react-dom-client.development.js:17450:11)
      at performWorkOnRoot (node_modules/.pnpm/react-dom@19.2.3_react@19.2.3/node_modules/react-dom/cjs/react-dom-client.development.js:16583:35)
      at performWorkOnRootViaSchedulerTask (node_modules/.pnpm/react-dom@19.2.3_react@19.2.3/node_modules/react-dom/cjs/react-dom-client.development.js:18957:7)
      at flushActQueue (node_modules/.pnpm/react@19.2.3/node_modules/react/cjs/react.development.js:590:34)
      at process.env.NODE_ENV.exports.act (node_modules/.pnpm/react@19.2.3/node_modules/react/cjs/react.development.js:884:10)
      at node_modules/.pnpm/@testing-library+react@16.3.1_@testing-library+dom@10.4.1_@types+react-dom@19.2.3_@type_68c5b21a70acecf0fbbfd97f51128017/node_modules/@testing-library/react/dist/act-compat.js:46:25
      at renderRoot (node_modules/.pnpm/@testing-library+react@16.3.1_@testing-library+dom@10.4.1_@types+react-dom@19.2.3_@type_68c5b21a70acecf0fbbfd97f51128017/node_modules/@testing-library/react/dist/pure.js:189:26)
      at render (node_modules/.pnpm/@testing-library+react@16.3.1_@testing-library+dom@10.4.1_@types+react-dom@19.2.3_@type_68c5b21a70acecf0fbbfd97f51128017/node_modules/@testing-library/react/dist/pure.js:291:10)
      at renderWithProviders (__tests__/pages/home-page.test.tsx:59:16)
      at Object.<anonymous> (__tests__/pages/home-page.test.tsx:151:5)

  ● HomePage › renders 'Built with Modern Technologies' section

    Element type is invalid: expected a string (for built-in components) or a class/function (for composite components) but got: object.

    Check the render method of `MuiButtonBaseRoot`.

      57 |
      58 | function renderWithProviders(component: React.ReactElement) {
    > 59 |   return render(component);
         |                ^
      60 | }
      61 |
      62 | describe("HomePage", () => {

      at createFiberFromTypeAndProps (node_modules/.pnpm/react-dom@19.2.3_react@19.2.3/node_modules/react-dom/cjs/react-dom-client.development.js:5021:28)
      at createFiberFromElement (node_modules/.pnpm/react-dom@19.2.3_react@19.2.3/node_modules/react-dom/cjs/react-dom-client.development.js:5035:14)
      at createChild (node_modules/.pnpm/react-dom@19.2.3_react@19.2.3/node_modules/react-dom/cjs/react-dom-client.development.js:6338:26)
      at reconcileChildrenArray (node_modules/.pnpm/react-dom@19.2.3_react@19.2.3/node_modules/react-dom/cjs/react-dom-client.development.js:6670:25)
      at reconcileChildFibersImpl (node_modules/.pnpm/react-dom@19.2.3_react@19.2.3/node_modules/react-dom/cjs/react-dom-client.development.js:6993:30)
      at node_modules/.pnpm/react-dom@19.2.3_react@19.2.3/node_modules/react-dom/cjs/react-dom-client.development.js:7098:33
      at reconcileChildren (node_modules/.pnpm/react-dom@19.2.3_react@19.2.3/node_modules/react-dom/cjs/react-dom-client.development.js:9701:13)
      at updateForwardRef (node_modules/.pnpm/react-dom@19.2.3_react@19.2.3/node_modules/react-dom/cjs/react-dom-client.development.js:9740:7)
      at beginWork (node_modules/.pnpm/react-dom@19.2.3_react@19.2.3/node_modules/react-dom/cjs/react-dom-client.development.js:12117:18)
      at runWithFiberInDEV (node_modules/.pnpm/react-dom@19.2.3_react@19.2.3/node_modules/react-dom/cjs/react-dom-client.development.js:874:13)
      at performUnitOfWork (node_modules/.pnpm/react-dom@19.2.3_react@19.2.3/node_modules/react-dom/cjs/react-dom-client.development.js:17641:22)
      at workLoopSync (node_modules/.pnpm/react-dom@19.2.3_react@19.2.3/node_modules/react-dom/cjs/react-dom-client.development.js:17469:41)
      at renderRootSync (node_modules/.pnpm/react-dom@19.2.3_react@19.2.3/node_modules/react-dom/cjs/react-dom-client.development.js:17450:11)
      at performWorkOnRoot (node_modules/.pnpm/react-dom@19.2.3_react@19.2.3/node_modules/react-dom/cjs/react-dom-client.development.js:16583:35)
      at performWorkOnRootViaSchedulerTask (node_modules/.pnpm/react-dom@19.2.3_react@19.2.3/node_modules/react-dom/cjs/react-dom-client.development.js:18957:7)
      at flushActQueue (node_modules/.pnpm/react@19.2.3/node_modules/react/cjs/react.development.js:590:34)
      at process.env.NODE_ENV.exports.act (node_modules/.pnpm/react@19.2.3/node_modules/react/cjs/react.development.js:884:10)
      at node_modules/.pnpm/@testing-library+react@16.3.1_@testing-library+dom@10.4.1_@types+react-dom@19.2.3_@type_68c5b21a70acecf0fbbfd97f51128017/node_modules/@testing-library/react/dist/act-compat.js:46:25
      at renderRoot (node_modules/.pnpm/@testing-library+react@16.3.1_@testing-library+dom@10.4.1_@types+react-dom@19.2.3_@type_68c5b21a70acecf0fbbfd97f51128017/node_modules/@testing-library/react/dist/pure.js:189:26)
      at render (node_modules/.pnpm/@testing-library+react@16.3.1_@testing-library+dom@10.4.1_@types+react-dom@19.2.3_@type_68c5b21a70acecf0fbbfd97f51128017/node_modules/@testing-library/react/dist/pure.js:291:10)
      at renderWithProviders (__tests__/pages/home-page.test.tsx:59:16)
      at Object.<anonymous> (__tests__/pages/home-page.test.tsx:159:5)

  ● HomePage › renders technology stack icons

    Element type is invalid: expected a string (for built-in components) or a class/function (for composite components) but got: object.

    Check the render method of `MuiButtonBaseRoot`.

      57 |
      58 | function renderWithProviders(component: React.ReactElement) {
    > 59 |   return render(component);
         |                ^
      60 | }
      61 |
      62 | describe("HomePage", () => {

      at createFiberFromTypeAndProps (node_modules/.pnpm/react-dom@19.2.3_react@19.2.3/node_modules/react-dom/cjs/react-dom-client.development.js:5021:28)
      at createFiberFromElement (node_modules/.pnpm/react-dom@19.2.3_react@19.2.3/node_modules/react-dom/cjs/react-dom-client.development.js:5035:14)
      at createChild (node_modules/.pnpm/react-dom@19.2.3_react@19.2.3/node_modules/react-dom/cjs/react-dom-client.development.js:6338:26)
      at reconcileChildrenArray (node_modules/.pnpm/react-dom@19.2.3_react@19.2.3/node_modules/react-dom/cjs/react-dom-client.development.js:6670:25)
      at reconcileChildFibersImpl (node_modules/.pnpm/react-dom@19.2.3_react@19.2.3/node_modules/react-dom/cjs/react-dom-client.development.js:6993:30)
      at node_modules/.pnpm/react-dom@19.2.3_react@19.2.3/node_modules/react-dom/cjs/react-dom-client.development.js:7098:33
      at reconcileChildren (node_modules/.pnpm/react-dom@19.2.3_react@19.2.3/node_modules/react-dom/cjs/react-dom-client.development.js:9701:13)
      at updateForwardRef (node_modules/.pnpm/react-dom@19.2.3_react@19.2.3/node_modules/react-dom/cjs/react-dom-client.development.js:9740:7)
      at beginWork (node_modules/.pnpm/react-dom@19.2.3_react@19.2.3/node_modules/react-dom/cjs/react-dom-client.development.js:12117:18)
      at runWithFiberInDEV (node_modules/.pnpm/react-dom@19.2.3_react@19.2.3/node_modules/react-dom/cjs/react-dom-client.development.js:874:13)
      at performUnitOfWork (node_modules/.pnpm/react-dom@19.2.3_react@19.2.3/node_modules/react-dom/cjs/react-dom-client.development.js:17641:22)
      at workLoopSync (node_modules/.pnpm/react-dom@19.2.3_react@19.2.3/node_modules/react-dom/cjs/react-dom-client.development.js:17469:41)
      at renderRootSync (node_modules/.pnpm/react-dom@19.2.3_react@19.2.3/node_modules/react-dom/cjs/react-dom-client.development.js:17450:11)
      at performWorkOnRoot (node_modules/.pnpm/react-dom@19.2.3_react@19.2.3/node_modules/react-dom/cjs/react-dom-client.development.js:16583:35)
      at performWorkOnRootViaSchedulerTask (node_modules/.pnpm/react-dom@19.2.3_react@19.2.3/node_modules/react-dom/cjs/react-dom-client.development.js:18957:7)
      at flushActQueue (node_modules/.pnpm/react@19.2.3/node_modules/react/cjs/react.development.js:590:34)
      at process.env.NODE_ENV.exports.act (node_modules/.pnpm/react@19.2.3/node_modules/react/cjs/react.development.js:884:10)
      at node_modules/.pnpm/@testing-library+react@16.3.1_@testing-library+dom@10.4.1_@types+react-dom@19.2.3_@type_68c5b21a70acecf0fbbfd97f51128017/node_modules/@testing-library/react/dist/act-compat.js:46:25
      at renderRoot (node_modules/.pnpm/@testing-library+react@16.3.1_@testing-library+dom@10.4.1_@types+react-dom@19.2.3_@type_68c5b21a70acecf0fbbfd97f51128017/node_modules/@testing-library/react/dist/pure.js:189:26)
      at render (node_modules/.pnpm/@testing-library+react@16.3.1_@testing-library+dom@10.4.1_@types+react-dom@19.2.3_@type_68c5b21a70acecf0fbbfd97f51128017/node_modules/@testing-library/react/dist/pure.js:291:10)
      at renderWithProviders (__tests__/pages/home-page.test.tsx:59:16)
      at Object.<anonymous> (__tests__/pages/home-page.test.tsx:166:5)

  ● HomePage › renders technology description

    Element type is invalid: expected a string (for built-in components) or a class/function (for composite components) but got: object.

    Check the render method of `MuiButtonBaseRoot`.

      57 |
      58 | function renderWithProviders(component: React.ReactElement) {
    > 59 |   return render(component);
         |                ^
      60 | }
      61 |
      62 | describe("HomePage", () => {

      at createFiberFromTypeAndProps (node_modules/.pnpm/react-dom@19.2.3_react@19.2.3/node_modules/react-dom/cjs/react-dom-client.development.js:5021:28)
      at createFiberFromElement (node_modules/.pnpm/react-dom@19.2.3_react@19.2.3/node_modules/react-dom/cjs/react-dom-client.development.js:5035:14)
      at createChild (node_modules/.pnpm/react-dom@19.2.3_react@19.2.3/node_modules/react-dom/cjs/react-dom-client.development.js:6338:26)
      at reconcileChildrenArray (node_modules/.pnpm/react-dom@19.2.3_react@19.2.3/node_modules/react-dom/cjs/react-dom-client.development.js:6670:25)
      at reconcileChildFibersImpl (node_modules/.pnpm/react-dom@19.2.3_react@19.2.3/node_modules/react-dom/cjs/react-dom-client.development.js:6993:30)
      at node_modules/.pnpm/react-dom@19.2.3_react@19.2.3/node_modules/react-dom/cjs/react-dom-client.development.js:7098:33
      at reconcileChildren (node_modules/.pnpm/react-dom@19.2.3_react@19.2.3/node_modules/react-dom/cjs/react-dom-client.development.js:9701:13)
      at updateForwardRef (node_modules/.pnpm/react-dom@19.2.3_react@19.2.3/node_modules/react-dom/cjs/react-dom-client.development.js:9740:7)
      at beginWork (node_modules/.pnpm/react-dom@19.2.3_react@19.2.3/node_modules/react-dom/cjs/react-dom-client.development.js:12117:18)
      at runWithFiberInDEV (node_modules/.pnpm/react-dom@19.2.3_react@19.2.3/node_modules/react-dom/cjs/react-dom-client.development.js:874:13)
      at performUnitOfWork (node_modules/.pnpm/react-dom@19.2.3_react@19.2.3/node_modules/react-dom/cjs/react-dom-client.development.js:17641:22)
      at workLoopSync (node_modules/.pnpm/react-dom@19.2.3_react@19.2.3/node_modules/react-dom/cjs/react-dom-client.development.js:17469:41)
      at renderRootSync (node_modules/.pnpm/react-dom@19.2.3_react@19.2.3/node_modules/react-dom/cjs/react-dom-client.development.js:17450:11)
      at performWorkOnRoot (node_modules/.pnpm/react-dom@19.2.3_react@19.2.3/node_modules/react-dom/cjs/react-dom-client.development.js:16583:35)
      at performWorkOnRootViaSchedulerTask (node_modules/.pnpm/react-dom@19.2.3_react@19.2.3/node_modules/react-dom/cjs/react-dom-client.development.js:18957:7)
      at flushActQueue (node_modules/.pnpm/react@19.2.3/node_modules/react/cjs/react.development.js:590:34)
      at process.env.NODE_ENV.exports.act (node_modules/.pnpm/react@19.2.3/node_modules/react/cjs/react.development.js:884:10)
      at node_modules/.pnpm/@testing-library+react@16.3.1_@testing-library+dom@10.4.1_@types+react-dom@19.2.3_@type_68c5b21a70acecf0fbbfd97f51128017/node_modules/@testing-library/react/dist/act-compat.js:46:25
      at renderRoot (node_modules/.pnpm/@testing-library+react@16.3.1_@testing-library+dom@10.4.1_@types+react-dom@19.2.3_@type_68c5b21a70acecf0fbbfd97f51128017/node_modules/@testing-library/react/dist/pure.js:189:26)
      at render (node_modules/.pnpm/@testing-library+react@16.3.1_@testing-library+dom@10.4.1_@types+react-dom@19.2.3_@type_68c5b21a70acecf0fbbfd97f51128017/node_modules/@testing-library/react/dist/pure.js:291:10)
      at renderWithProviders (__tests__/pages/home-page.test.tsx:59:16)
      at Object.<anonymous> (__tests__/pages/home-page.test.tsx:174:5)

  ● HomePage › renders 'Getting Started' section

    Element type is invalid: expected a string (for built-in components) or a class/function (for composite components) but got: object.

    Check the render method of `MuiButtonBaseRoot`.

      57 |
      58 | function renderWithProviders(component: React.ReactElement) {
    > 59 |   return render(component);
         |                ^
      60 | }
      61 |
      62 | describe("HomePage", () => {

      at createFiberFromTypeAndProps (node_modules/.pnpm/react-dom@19.2.3_react@19.2.3/node_modules/react-dom/cjs/react-dom-client.development.js:5021:28)
      at createFiberFromElement (node_modules/.pnpm/react-dom@19.2.3_react@19.2.3/node_modules/react-dom/cjs/react-dom-client.development.js:5035:14)
      at createChild (node_modules/.pnpm/react-dom@19.2.3_react@19.2.3/node_modules/react-dom/cjs/react-dom-client.development.js:6338:26)
      at reconcileChildrenArray (node_modules/.pnpm/react-dom@19.2.3_react@19.2.3/node_modules/react-dom/cjs/react-dom-client.development.js:6670:25)
      at reconcileChildFibersImpl (node_modules/.pnpm/react-dom@19.2.3_react@19.2.3/node_modules/react-dom/cjs/react-dom-client.development.js:6993:30)
      at node_modules/.pnpm/react-dom@19.2.3_react@19.2.3/node_modules/react-dom/cjs/react-dom-client.development.js:7098:33
      at reconcileChildren (node_modules/.pnpm/react-dom@19.2.3_react@19.2.3/node_modules/react-dom/cjs/react-dom-client.development.js:9701:13)
      at updateForwardRef (node_modules/.pnpm/react-dom@19.2.3_react@19.2.3/node_modules/react-dom/cjs/react-dom-client.development.js:9740:7)
      at beginWork (node_modules/.pnpm/react-dom@19.2.3_react@19.2.3/node_modules/react-dom/cjs/react-dom-client.development.js:12117:18)
      at runWithFiberInDEV (node_modules/.pnpm/react-dom@19.2.3_react@19.2.3/node_modules/react-dom/cjs/react-dom-client.development.js:874:13)
      at performUnitOfWork (node_modules/.pnpm/react-dom@19.2.3_react@19.2.3/node_modules/react-dom/cjs/react-dom-client.development.js:17641:22)
      at workLoopSync (node_modules/.pnpm/react-dom@19.2.3_react@19.2.3/node_modules/react-dom/cjs/react-dom-client.development.js:17469:41)
      at renderRootSync (node_modules/.pnpm/react-dom@19.2.3_react@19.2.3/node_modules/react-dom/cjs/react-dom-client.development.js:17450:11)
      at performWorkOnRoot (node_modules/.pnpm/react-dom@19.2.3_react@19.2.3/node_modules/react-dom/cjs/react-dom-client.development.js:16583:35)
      at performWorkOnRootViaSchedulerTask (node_modules/.pnpm/react-dom@19.2.3_react@19.2.3/node_modules/react-dom/cjs/react-dom-client.development.js:18957:7)
      at flushActQueue (node_modules/.pnpm/react@19.2.3/node_modules/react/cjs/react.development.js:590:34)
      at process.env.NODE_ENV.exports.act (node_modules/.pnpm/react@19.2.3/node_modules/react/cjs/react.development.js:884:10)
      at node_modules/.pnpm/@testing-library+react@16.3.1_@testing-library+dom@10.4.1_@types+react-dom@19.2.3_@type_68c5b21a70acecf0fbbfd97f51128017/node_modules/@testing-library/react/dist/act-compat.js:46:25
      at renderRoot (node_modules/.pnpm/@testing-library+react@16.3.1_@testing-library+dom@10.4.1_@types+react-dom@19.2.3_@type_68c5b21a70acecf0fbbfd97f51128017/node_modules/@testing-library/react/dist/pure.js:189:26)
      at render (node_modules/.pnpm/@testing-library+react@16.3.1_@testing-library+dom@10.4.1_@types+react-dom@19.2.3_@type_68c5b21a70acecf0fbbfd97f51128017/node_modules/@testing-library/react/dist/pure.js:291:10)
      at renderWithProviders (__tests__/pages/home-page.test.tsx:59:16)
      at Object.<anonymous> (__tests__/pages/home-page.test.tsx:183:5)

  ● HomePage › renders getting started introduction

    Element type is invalid: expected a string (for built-in components) or a class/function (for composite components) but got: object.

    Check the render method of `MuiButtonBaseRoot`.

      57 |
      58 | function renderWithProviders(component: React.ReactElement) {
    > 59 |   return render(component);
         |                ^
      60 | }
      61 |
      62 | describe("HomePage", () => {

      at createFiberFromTypeAndProps (node_modules/.pnpm/react-dom@19.2.3_react@19.2.3/node_modules/react-dom/cjs/react-dom-client.development.js:5021:28)
      at createFiberFromElement (node_modules/.pnpm/react-dom@19.2.3_react@19.2.3/node_modules/react-dom/cjs/react-dom-client.development.js:5035:14)
      at createChild (node_modules/.pnpm/react-dom@19.2.3_react@19.2.3/node_modules/react-dom/cjs/react-dom-client.development.js:6338:26)
      at reconcileChildrenArray (node_modules/.pnpm/react-dom@19.2.3_react@19.2.3/node_modules/react-dom/cjs/react-dom-client.development.js:6670:25)
      at reconcileChildFibersImpl (node_modules/.pnpm/react-dom@19.2.3_react@19.2.3/node_modules/react-dom/cjs/react-dom-client.development.js:6993:30)
      at node_modules/.pnpm/react-dom@19.2.3_react@19.2.3/node_modules/react-dom/cjs/react-dom-client.development.js:7098:33
      at reconcileChildren (node_modules/.pnpm/react-dom@19.2.3_react@19.2.3/node_modules/react-dom/cjs/react-dom-client.development.js:9701:13)
      at updateForwardRef (node_modules/.pnpm/react-dom@19.2.3_react@19.2.3/node_modules/react-dom/cjs/react-dom-client.development.js:9740:7)
      at beginWork (node_modules/.pnpm/react-dom@19.2.3_react@19.2.3/node_modules/react-dom/cjs/react-dom-client.development.js:12117:18)
      at runWithFiberInDEV (node_modules/.pnpm/react-dom@19.2.3_react@19.2.3/node_modules/react-dom/cjs/react-dom-client.development.js:874:13)
      at performUnitOfWork (node_modules/.pnpm/react-dom@19.2.3_react@19.2.3/node_modules/react-dom/cjs/react-dom-client.development.js:17641:22)
      at workLoopSync (node_modules/.pnpm/react-dom@19.2.3_react@19.2.3/node_modules/react-dom/cjs/react-dom-client.development.js:17469:41)
      at renderRootSync (node_modules/.pnpm/react-dom@19.2.3_react@19.2.3/node_modules/react-dom/cjs/react-dom-client.development.js:17450:11)
      at performWorkOnRoot (node_modules/.pnpm/react-dom@19.2.3_react@19.2.3/node_modules/react-dom/cjs/react-dom-client.development.js:16583:35)
      at performWorkOnRootViaSchedulerTask (node_modules/.pnpm/react-dom@19.2.3_react@19.2.3/node_modules/react-dom/cjs/react-dom-client.development.js:18957:7)
      at flushActQueue (node_modules/.pnpm/react@19.2.3/node_modules/react/cjs/react.development.js:590:34)
      at process.env.NODE_ENV.exports.act (node_modules/.pnpm/react@19.2.3/node_modules/react/cjs/react.development.js:884:10)
      at node_modules/.pnpm/@testing-library+react@16.3.1_@testing-library+dom@10.4.1_@types+react-dom@19.2.3_@type_68c5b21a70acecf0fbbfd97f51128017/node_modules/@testing-library/react/dist/act-compat.js:46:25
      at renderRoot (node_modules/.pnpm/@testing-library+react@16.3.1_@testing-library+dom@10.4.1_@types+react-dom@19.2.3_@type_68c5b21a70acecf0fbbfd97f51128017/node_modules/@testing-library/react/dist/pure.js:189:26)
      at render (node_modules/.pnpm/@testing-library+react@16.3.1_@testing-library+dom@10.4.1_@types+react-dom@19.2.3_@type_68c5b21a70acecf0fbbfd97f51128017/node_modules/@testing-library/react/dist/pure.js:291:10)
      at renderWithProviders (__tests__/pages/home-page.test.tsx:59:16)
      at Object.<anonymous> (__tests__/pages/home-page.test.tsx:190:5)

  ● HomePage › renders getting started steps

    Element type is invalid: expected a string (for built-in components) or a class/function (for composite components) but got: object.

    Check the render method of `MuiButtonBaseRoot`.

      57 |
      58 | function renderWithProviders(component: React.ReactElement) {
    > 59 |   return render(component);
         |                ^
      60 | }
      61 |
      62 | describe("HomePage", () => {

      at createFiberFromTypeAndProps (node_modules/.pnpm/react-dom@19.2.3_react@19.2.3/node_modules/react-dom/cjs/react-dom-client.development.js:5021:28)
      at createFiberFromElement (node_modules/.pnpm/react-dom@19.2.3_react@19.2.3/node_modules/react-dom/cjs/react-dom-client.development.js:5035:14)
      at createChild (node_modules/.pnpm/react-dom@19.2.3_react@19.2.3/node_modules/react-dom/cjs/react-dom-client.development.js:6338:26)
      at reconcileChildrenArray (node_modules/.pnpm/react-dom@19.2.3_react@19.2.3/node_modules/react-dom/cjs/react-dom-client.development.js:6670:25)
      at reconcileChildFibersImpl (node_modules/.pnpm/react-dom@19.2.3_react@19.2.3/node_modules/react-dom/cjs/react-dom-client.development.js:6993:30)
      at node_modules/.pnpm/react-dom@19.2.3_react@19.2.3/node_modules/react-dom/cjs/react-dom-client.development.js:7098:33
      at reconcileChildren (node_modules/.pnpm/react-dom@19.2.3_react@19.2.3/node_modules/react-dom/cjs/react-dom-client.development.js:9701:13)
      at updateForwardRef (node_modules/.pnpm/react-dom@19.2.3_react@19.2.3/node_modules/react-dom/cjs/react-dom-client.development.js:9740:7)
      at beginWork (node_modules/.pnpm/react-dom@19.2.3_react@19.2.3/node_modules/react-dom/cjs/react-dom-client.development.js:12117:18)
      at runWithFiberInDEV (node_modules/.pnpm/react-dom@19.2.3_react@19.2.3/node_modules/react-dom/cjs/react-dom-client.development.js:874:13)
      at performUnitOfWork (node_modules/.pnpm/react-dom@19.2.3_react@19.2.3/node_modules/react-dom/cjs/react-dom-client.development.js:17641:22)
      at workLoopSync (node_modules/.pnpm/react-dom@19.2.3_react@19.2.3/node_modules/react-dom/cjs/react-dom-client.development.js:17469:41)
      at renderRootSync (node_modules/.pnpm/react-dom@19.2.3_react@19.2.3/node_modules/react-dom/cjs/react-dom-client.development.js:17450:11)
      at performWorkOnRoot (node_modules/.pnpm/react-dom@19.2.3_react@19.2.3/node_modules/react-dom/cjs/react-dom-client.development.js:16583:35)
      at performWorkOnRootViaSchedulerTask (node_modules/.pnpm/react-dom@19.2.3_react@19.2.3/node_modules/react-dom/cjs/react-dom-client.development.js:18957:7)
      at flushActQueue (node_modules/.pnpm/react@19.2.3/node_modules/react/cjs/react.development.js:590:34)
      at process.env.NODE_ENV.exports.act (node_modules/.pnpm/react@19.2.3/node_modules/react/cjs/react.development.js:884:10)
      at node_modules/.pnpm/@testing-library+react@16.3.1_@testing-library+dom@10.4.1_@types+react-dom@19.2.3_@type_68c5b21a70acecf0fbbfd97f51128017/node_modules/@testing-library/react/dist/act-compat.js:46:25
      at renderRoot (node_modules/.pnpm/@testing-library+react@16.3.1_@testing-library+dom@10.4.1_@types+react-dom@19.2.3_@type_68c5b21a70acecf0fbbfd97f51128017/node_modules/@testing-library/react/dist/pure.js:189:26)
      at render (node_modules/.pnpm/@testing-library+react@16.3.1_@testing-library+dom@10.4.1_@types+react-dom@19.2.3_@type_68c5b21a70acecf0fbbfd97f51128017/node_modules/@testing-library/react/dist/pure.js:291:10)
      at renderWithProviders (__tests__/pages/home-page.test.tsx:59:16)
      at Object.<anonymous> (__tests__/pages/home-page.test.tsx:197:5)

  ● HomePage › renders 'View Documentation' button

    Element type is invalid: expected a string (for built-in components) or a class/function (for composite components) but got: object.

    Check the render method of `MuiButtonBaseRoot`.

      57 |
      58 | function renderWithProviders(component: React.ReactElement) {
    > 59 |   return render(component);
         |                ^
      60 | }
      61 |
      62 | describe("HomePage", () => {

      at createFiberFromTypeAndProps (node_modules/.pnpm/react-dom@19.2.3_react@19.2.3/node_modules/react-dom/cjs/react-dom-client.development.js:5021:28)
      at createFiberFromElement (node_modules/.pnpm/react-dom@19.2.3_react@19.2.3/node_modules/react-dom/cjs/react-dom-client.development.js:5035:14)
      at createChild (node_modules/.pnpm/react-dom@19.2.3_react@19.2.3/node_modules/react-dom/cjs/react-dom-client.development.js:6338:26)
      at reconcileChildrenArray (node_modules/.pnpm/react-dom@19.2.3_react@19.2.3/node_modules/react-dom/cjs/react-dom-client.development.js:6670:25)
      at reconcileChildFibersImpl (node_modules/.pnpm/react-dom@19.2.3_react@19.2.3/node_modules/react-dom/cjs/react-dom-client.development.js:6993:30)
      at node_modules/.pnpm/react-dom@19.2.3_react@19.2.3/node_modules/react-dom/cjs/react-dom-client.development.js:7098:33
      at reconcileChildren (node_modules/.pnpm/react-dom@19.2.3_react@19.2.3/node_modules/react-dom/cjs/react-dom-client.development.js:9701:13)
      at updateForwardRef (node_modules/.pnpm/react-dom@19.2.3_react@19.2.3/node_modules/react-dom/cjs/react-dom-client.development.js:9740:7)
      at beginWork (node_modules/.pnpm/react-dom@19.2.3_react@19.2.3/node_modules/react-dom/cjs/react-dom-client.development.js:12117:18)
      at runWithFiberInDEV (node_modules/.pnpm/react-dom@19.2.3_react@19.2.3/node_modules/react-dom/cjs/react-dom-client.development.js:874:13)
      at performUnitOfWork (node_modules/.pnpm/react-dom@19.2.3_react@19.2.3/node_modules/react-dom/cjs/react-dom-client.development.js:17641:22)
      at workLoopSync (node_modules/.pnpm/react-dom@19.2.3_react@19.2.3/node_modules/react-dom/cjs/react-dom-client.development.js:17469:41)
      at renderRootSync (node_modules/.pnpm/react-dom@19.2.3_react@19.2.3/node_modules/react-dom/cjs/react-dom-client.development.js:17450:11)
      at performWorkOnRoot (node_modules/.pnpm/react-dom@19.2.3_react@19.2.3/node_modules/react-dom/cjs/react-dom-client.development.js:16583:35)
      at performWorkOnRootViaSchedulerTask (node_modules/.pnpm/react-dom@19.2.3_react@19.2.3/node_modules/react-dom/cjs/react-dom-client.development.js:18957:7)
      at flushActQueue (node_modules/.pnpm/react@19.2.3/node_modules/react/cjs/react.development.js:590:34)
      at process.env.NODE_ENV.exports.act (node_modules/.pnpm/react@19.2.3/node_modules/react/cjs/react.development.js:884:10)
      at node_modules/.pnpm/@testing-library+react@16.3.1_@testing-library+dom@10.4.1_@types+react-dom@19.2.3_@type_68c5b21a70acecf0fbbfd97f51128017/node_modules/@testing-library/react/dist/act-compat.js:46:25
      at renderRoot (node_modules/.pnpm/@testing-library+react@16.3.1_@testing-library+dom@10.4.1_@types+react-dom@19.2.3_@type_68c5b21a70acecf0fbbfd97f51128017/node_modules/@testing-library/react/dist/pure.js:189:26)
      at render (node_modules/.pnpm/@testing-library+react@16.3.1_@testing-library+dom@10.4.1_@types+react-dom@19.2.3_@type_68c5b21a70acecf0fbbfd97f51128017/node_modules/@testing-library/react/dist/pure.js:291:10)
      at renderWithProviders (__tests__/pages/home-page.test.tsx:59:16)
      at Object.<anonymous> (__tests__/pages/home-page.test.tsx:209:5)

  ● HomePage › 'View Documentation' button links to /docs

    Element type is invalid: expected a string (for built-in components) or a class/function (for composite components) but got: object.

    Check the render method of `MuiButtonBaseRoot`.

      57 |
      58 | function renderWithProviders(component: React.ReactElement) {
    > 59 |   return render(component);
         |                ^
      60 | }
      61 |
      62 | describe("HomePage", () => {

      at createFiberFromTypeAndProps (node_modules/.pnpm/react-dom@19.2.3_react@19.2.3/node_modules/react-dom/cjs/react-dom-client.development.js:5021:28)
      at createFiberFromElement (node_modules/.pnpm/react-dom@19.2.3_react@19.2.3/node_modules/react-dom/cjs/react-dom-client.development.js:5035:14)
      at createChild (node_modules/.pnpm/react-dom@19.2.3_react@19.2.3/node_modules/react-dom/cjs/react-dom-client.development.js:6338:26)
      at reconcileChildrenArray (node_modules/.pnpm/react-dom@19.2.3_react@19.2.3/node_modules/react-dom/cjs/react-dom-client.development.js:6670:25)
      at reconcileChildFibersImpl (node_modules/.pnpm/react-dom@19.2.3_react@19.2.3/node_modules/react-dom/cjs/react-dom-client.development.js:6993:30)
      at node_modules/.pnpm/react-dom@19.2.3_react@19.2.3/node_modules/react-dom/cjs/react-dom-client.development.js:7098:33
      at reconcileChildren (node_modules/.pnpm/react-dom@19.2.3_react@19.2.3/node_modules/react-dom/cjs/react-dom-client.development.js:9701:13)
      at updateForwardRef (node_modules/.pnpm/react-dom@19.2.3_react@19.2.3/node_modules/react-dom/cjs/react-dom-client.development.js:9740:7)
      at beginWork (node_modules/.pnpm/react-dom@19.2.3_react@19.2.3/node_modules/react-dom/cjs/react-dom-client.development.js:12117:18)
      at runWithFiberInDEV (node_modules/.pnpm/react-dom@19.2.3_react@19.2.3/node_modules/react-dom/cjs/react-dom-client.development.js:874:13)
      at performUnitOfWork (node_modules/.pnpm/react-dom@19.2.3_react@19.2.3/node_modules/react-dom/cjs/react-dom-client.development.js:17641:22)
      at workLoopSync (node_modules/.pnpm/react-dom@19.2.3_react@19.2.3/node_modules/react-dom/cjs/react-dom-client.development.js:17469:41)
      at renderRootSync (node_modules/.pnpm/react-dom@19.2.3_react@19.2.3/node_modules/react-dom/cjs/react-dom-client.development.js:17450:11)
      at performWorkOnRoot (node_modules/.pnpm/react-dom@19.2.3_react@19.2.3/node_modules/react-dom/cjs/react-dom-client.development.js:16583:35)
      at performWorkOnRootViaSchedulerTask (node_modules/.pnpm/react-dom@19.2.3_react@19.2.3/node_modules/react-dom/cjs/react-dom-client.development.js:18957:7)
      at flushActQueue (node_modules/.pnpm/react@19.2.3/node_modules/react/cjs/react.development.js:590:34)
      at process.env.NODE_ENV.exports.act (node_modules/.pnpm/react@19.2.3/node_modules/react/cjs/react.development.js:884:10)
      at node_modules/.pnpm/@testing-library+react@16.3.1_@testing-library+dom@10.4.1_@types+react-dom@19.2.3_@type_68c5b21a70acecf0fbbfd97f51128017/node_modules/@testing-library/react/dist/act-compat.js:46:25
      at renderRoot (node_modules/.pnpm/@testing-library+react@16.3.1_@testing-library+dom@10.4.1_@types+react-dom@19.2.3_@type_68c5b21a70acecf0fbbfd97f51128017/node_modules/@testing-library/react/dist/pure.js:189:26)
      at render (node_modules/.pnpm/@testing-library+react@16.3.1_@testing-library+dom@10.4.1_@types+react-dom@19.2.3_@type_68c5b21a70acecf0fbbfd97f51128017/node_modules/@testing-library/react/dist/pure.js:291:10)
      at renderWithProviders (__tests__/pages/home-page.test.tsx:59:16)
      at Object.<anonymous> (__tests__/pages/home-page.test.tsx:215:5)

  ● HomePage › renders feature cards with correct links

    Element type is invalid: expected a string (for built-in components) or a class/function (for composite components) but got: object.

    Check the render method of `MuiButtonBaseRoot`.

      57 |
      58 | function renderWithProviders(component: React.ReactElement) {
    > 59 |   return render(component);
         |                ^
      60 | }
      61 |
      62 | describe("HomePage", () => {

      at createFiberFromTypeAndProps (node_modules/.pnpm/react-dom@19.2.3_react@19.2.3/node_modules/react-dom/cjs/react-dom-client.development.js:5021:28)
      at createFiberFromElement (node_modules/.pnpm/react-dom@19.2.3_react@19.2.3/node_modules/react-dom/cjs/react-dom-client.development.js:5035:14)
      at createChild (node_modules/.pnpm/react-dom@19.2.3_react@19.2.3/node_modules/react-dom/cjs/react-dom-client.development.js:6338:26)
      at reconcileChildrenArray (node_modules/.pnpm/react-dom@19.2.3_react@19.2.3/node_modules/react-dom/cjs/react-dom-client.development.js:6670:25)
      at reconcileChildFibersImpl (node_modules/.pnpm/react-dom@19.2.3_react@19.2.3/node_modules/react-dom/cjs/react-dom-client.development.js:6993:30)
      at node_modules/.pnpm/react-dom@19.2.3_react@19.2.3/node_modules/react-dom/cjs/react-dom-client.development.js:7098:33
      at reconcileChildren (node_modules/.pnpm/react-dom@19.2.3_react@19.2.3/node_modules/react-dom/cjs/react-dom-client.development.js:9701:13)
      at updateForwardRef (node_modules/.pnpm/react-dom@19.2.3_react@19.2.3/node_modules/react-dom/cjs/react-dom-client.development.js:9740:7)
      at beginWork (node_modules/.pnpm/react-dom@19.2.3_react@19.2.3/node_modules/react-dom/cjs/react-dom-client.development.js:12117:18)
      at runWithFiberInDEV (node_modules/.pnpm/react-dom@19.2.3_react@19.2.3/node_modules/react-dom/cjs/react-dom-client.development.js:874:13)
      at performUnitOfWork (node_modules/.pnpm/react-dom@19.2.3_react@19.2.3/node_modules/react-dom/cjs/react-dom-client.development.js:17641:22)
      at workLoopSync (node_modules/.pnpm/react-dom@19.2.3_react@19.2.3/node_modules/react-dom/cjs/react-dom-client.development.js:17469:41)
      at renderRootSync (node_modules/.pnpm/react-dom@19.2.3_react@19.2.3/node_modules/react-dom/cjs/react-dom-client.development.js:17450:11)
      at performWorkOnRoot (node_modules/.pnpm/react-dom@19.2.3_react@19.2.3/node_modules/react-dom/cjs/react-dom-client.development.js:16583:35)
      at performWorkOnRootViaSchedulerTask (node_modules/.pnpm/react-dom@19.2.3_react@19.2.3/node_modules/react-dom/cjs/react-dom-client.development.js:18957:7)
      at flushActQueue (node_modules/.pnpm/react@19.2.3/node_modules/react/cjs/react.development.js:590:34)
      at process.env.NODE_ENV.exports.act (node_modules/.pnpm/react@19.2.3/node_modules/react/cjs/react.development.js:884:10)
      at node_modules/.pnpm/@testing-library+react@16.3.1_@testing-library+dom@10.4.1_@types+react-dom@19.2.3_@type_68c5b21a70acecf0fbbfd97f51128017/node_modules/@testing-library/react/dist/act-compat.js:46:25
      at renderRoot (node_modules/.pnpm/@testing-library+react@16.3.1_@testing-library+dom@10.4.1_@types+react-dom@19.2.3_@type_68c5b21a70acecf0fbbfd97f51128017/node_modules/@testing-library/react/dist/pure.js:189:26)
      at render (node_modules/.pnpm/@testing-library+react@16.3.1_@testing-library+dom@10.4.1_@types+react-dom@19.2.3_@type_68c5b21a70acecf0fbbfd97f51128017/node_modules/@testing-library/react/dist/pure.js:291:10)
      at renderWithProviders (__tests__/pages/home-page.test.tsx:59:16)
      at Object.<anonymous> (__tests__/pages/home-page.test.tsx:221:5)

  ● HomePage › renders rocket icon

    Element type is invalid: expected a string (for built-in components) or a class/function (for composite components) but got: object.

    Check the render method of `MuiButtonBaseRoot`.

      57 |
      58 | function renderWithProviders(component: React.ReactElement) {
    > 59 |   return render(component);
         |                ^
      60 | }
      61 |
      62 | describe("HomePage", () => {

      at createFiberFromTypeAndProps (node_modules/.pnpm/react-dom@19.2.3_react@19.2.3/node_modules/react-dom/cjs/react-dom-client.development.js:5021:28)
      at createFiberFromElement (node_modules/.pnpm/react-dom@19.2.3_react@19.2.3/node_modules/react-dom/cjs/react-dom-client.development.js:5035:14)
      at createChild (node_modules/.pnpm/react-dom@19.2.3_react@19.2.3/node_modules/react-dom/cjs/react-dom-client.development.js:6338:26)
      at reconcileChildrenArray (node_modules/.pnpm/react-dom@19.2.3_react@19.2.3/node_modules/react-dom/cjs/react-dom-client.development.js:6670:25)
      at reconcileChildFibersImpl (node_modules/.pnpm/react-dom@19.2.3_react@19.2.3/node_modules/react-dom/cjs/react-dom-client.development.js:6993:30)
      at node_modules/.pnpm/react-dom@19.2.3_react@19.2.3/node_modules/react-dom/cjs/react-dom-client.development.js:7098:33
      at reconcileChildren (node_modules/.pnpm/react-dom@19.2.3_react@19.2.3/node_modules/react-dom/cjs/react-dom-client.development.js:9701:13)
      at updateForwardRef (node_modules/.pnpm/react-dom@19.2.3_react@19.2.3/node_modules/react-dom/cjs/react-dom-client.development.js:9740:7)
      at beginWork (node_modules/.pnpm/react-dom@19.2.3_react@19.2.3/node_modules/react-dom/cjs/react-dom-client.development.js:12117:18)
      at runWithFiberInDEV (node_modules/.pnpm/react-dom@19.2.3_react@19.2.3/node_modules/react-dom/cjs/react-dom-client.development.js:874:13)
      at performUnitOfWork (node_modules/.pnpm/react-dom@19.2.3_react@19.2.3/node_modules/react-dom/cjs/react-dom-client.development.js:17641:22)
      at workLoopSync (node_modules/.pnpm/react-dom@19.2.3_react@19.2.3/node_modules/react-dom/cjs/react-dom-client.development.js:17469:41)
      at renderRootSync (node_modules/.pnpm/react-dom@19.2.3_react@19.2.3/node_modules/react-dom/cjs/react-dom-client.development.js:17450:11)
      at performWorkOnRoot (node_modules/.pnpm/react-dom@19.2.3_react@19.2.3/node_modules/react-dom/cjs/react-dom-client.development.js:16583:35)
      at performWorkOnRootViaSchedulerTask (node_modules/.pnpm/react-dom@19.2.3_react@19.2.3/node_modules/react-dom/cjs/react-dom-client.development.js:18957:7)
      at flushActQueue (node_modules/.pnpm/react@19.2.3/node_modules/react/cjs/react.development.js:590:34)
      at process.env.NODE_ENV.exports.act (node_modules/.pnpm/react@19.2.3/node_modules/react/cjs/react.development.js:884:10)
      at node_modules/.pnpm/@testing-library+react@16.3.1_@testing-library+dom@10.4.1_@types+react-dom@19.2.3_@type_68c5b21a70acecf0fbbfd97f51128017/node_modules/@testing-library/react/dist/act-compat.js:46:25
      at renderRoot (node_modules/.pnpm/@testing-library+react@16.3.1_@testing-library+dom@10.4.1_@types+react-dom@19.2.3_@type_68c5b21a70acecf0fbbfd97f51128017/node_modules/@testing-library/react/dist/pure.js:189:26)
      at render (node_modules/.pnpm/@testing-library+react@16.3.1_@testing-library+dom@10.4.1_@types+react-dom@19.2.3_@type_68c5b21a70acecf0fbbfd97f51128017/node_modules/@testing-library/react/dist/pure.js:291:10)
      at renderWithProviders (__tests__/pages/home-page.test.tsx:59:16)
      at Object.<anonymous> (__tests__/pages/home-page.test.tsx:229:5)

  ● HomePage › has correct accessibility attributes

    Element type is invalid: expected a string (for built-in components) or a class/function (for composite components) but got: object.

    Check the render method of `MuiButtonBaseRoot`.

      57 |
      58 | function renderWithProviders(component: React.ReactElement) {
    > 59 |   return render(component);
         |                ^
      60 | }
      61 |
      62 | describe("HomePage", () => {

      at createFiberFromTypeAndProps (node_modules/.pnpm/react-dom@19.2.3_react@19.2.3/node_modules/react-dom/cjs/react-dom-client.development.js:5021:28)
      at createFiberFromElement (node_modules/.pnpm/react-dom@19.2.3_react@19.2.3/node_modules/react-dom/cjs/react-dom-client.development.js:5035:14)
      at createChild (node_modules/.pnpm/react-dom@19.2.3_react@19.2.3/node_modules/react-dom/cjs/react-dom-client.development.js:6338:26)
      at reconcileChildrenArray (node_modules/.pnpm/react-dom@19.2.3_react@19.2.3/node_modules/react-dom/cjs/react-dom-client.development.js:6670:25)
      at reconcileChildFibersImpl (node_modules/.pnpm/react-dom@19.2.3_react@19.2.3/node_modules/react-dom/cjs/react-dom-client.development.js:6993:30)
      at node_modules/.pnpm/react-dom@19.2.3_react@19.2.3/node_modules/react-dom/cjs/react-dom-client.development.js:7098:33
      at reconcileChildren (node_modules/.pnpm/react-dom@19.2.3_react@19.2.3/node_modules/react-dom/cjs/react-dom-client.development.js:9701:13)
      at updateForwardRef (node_modules/.pnpm/react-dom@19.2.3_react@19.2.3/node_modules/react-dom/cjs/react-dom-client.development.js:9740:7)
      at beginWork (node_modules/.pnpm/react-dom@19.2.3_react@19.2.3/node_modules/react-dom/cjs/react-dom-client.development.js:12117:18)
      at runWithFiberInDEV (node_modules/.pnpm/react-dom@19.2.3_react@19.2.3/node_modules/react-dom/cjs/react-dom-client.development.js:874:13)
      at performUnitOfWork (node_modules/.pnpm/react-dom@19.2.3_react@19.2.3/node_modules/react-dom/cjs/react-dom-client.development.js:17641:22)
      at workLoopSync (node_modules/.pnpm/react-dom@19.2.3_react@19.2.3/node_modules/react-dom/cjs/react-dom-client.development.js:17469:41)
      at renderRootSync (node_modules/.pnpm/react-dom@19.2.3_react@19.2.3/node_modules/react-dom/cjs/react-dom-client.development.js:17450:11)
      at performWorkOnRoot (node_modules/.pnpm/react-dom@19.2.3_react@19.2.3/node_modules/react-dom/cjs/react-dom-client.development.js:16583:35)
      at performWorkOnRootViaSchedulerTask (node_modules/.pnpm/react-dom@19.2.3_react@19.2.3/node_modules/react-dom/cjs/react-dom-client.development.js:18957:7)
      at flushActQueue (node_modules/.pnpm/react@19.2.3/node_modules/react/cjs/react.development.js:590:34)
      at process.env.NODE_ENV.exports.act (node_modules/.pnpm/react@19.2.3/node_modules/react/cjs/react.development.js:884:10)
      at node_modules/.pnpm/@testing-library+react@16.3.1_@testing-library+dom@10.4.1_@types+react-dom@19.2.3_@type_68c5b21a70acecf0fbbfd97f51128017/node_modules/@testing-library/react/dist/act-compat.js:46:25
      at renderRoot (node_modules/.pnpm/@testing-library+react@16.3.1_@testing-library+dom@10.4.1_@types+react-dom@19.2.3_@type_68c5b21a70acecf0fbbfd97f51128017/node_modules/@testing-library/react/dist/pure.js:189:26)
      at render (node_modules/.pnpm/@testing-library+react@16.3.1_@testing-library+dom@10.4.1_@types+react-dom@19.2.3_@type_68c5b21a70acecf0fbbfd97f51128017/node_modules/@testing-library/react/dist/pure.js:291:10)
      at renderWithProviders (__tests__/pages/home-page.test.tsx:59:16)
      at Object.<anonymous> (__tests__/pages/home-page.test.tsx:235:5)

FAIL src/config/monitoring.config.test.ts
  ● MonitoringConfig › MOCK_DATA Configuration › should enable mock fallback in development

    Cannot find module '../monitoring.config' from 'src/config/monitoring.config.test.ts'

       95 |       process.env.NODE_ENV = "development";
       96 |       jest.resetModules();
    >  97 |       const { MONITORING_CONFIG: reloadedConfig } = require("../monitoring.config");
          |                                                     ^
       98 |       expect(reloadedConfig.MOCK_DATA.ENABLE_FALLBACK).toBe(true);
       99 |     });
      100 |

      at Resolver._throwModNotFoundError (node_modules/.pnpm/jest-resolve@30.2.0/node_modules/jest-resolve/build/index.js:863:11)
      at Object.<anonymous> (src/config/monitoring.config.test.ts:97:53)

  ● MonitoringConfig › MOCK_DATA Configuration › should disable mock fallback in production

    Cannot find module '../monitoring.config' from 'src/config/monitoring.config.test.ts'

      102 |       process.env.NODE_ENV = "production";
      103 |       jest.resetModules();
    > 104 |       const { MONITORING_CONFIG: reloadedConfig } = require("../monitoring.config");
          |                                                     ^
      105 |       expect(reloadedConfig.MOCK_DATA.ENABLE_FALLBACK).toBe(false);
      106 |     });
      107 |

      at Resolver._throwModNotFoundError (node_modules/.pnpm/jest-resolve@30.2.0/node_modules/jest-resolve/build/index.js:863:11)
      at Object.<anonymous> (src/config/monitoring.config.test.ts:104:53)

  ● MonitoringConfig › Environment-Specific Behavior › should disable mock data fallback in production while requiring real data

    Cannot find module '../monitoring.config' from 'src/config/monitoring.config.test.ts'

      261 |       process.env.NODE_ENV = "production";
      262 |       jest.resetModules();
    > 263 |       const { MONITORING_CONFIG: reloadedConfig } = require("../monitoring.config");
          |                                                     ^
      264 |       expect(reloadedConfig.REQUIRE_REAL_DATA).toBe(true);
      265 |       expect(reloadedConfig.MOCK_DATA.ENABLE_FALLBACK).toBe(false);
      266 |     });

      at Resolver._throwModNotFoundError (node_modules/.pnpm/jest-resolve@30.2.0/node_modules/jest-resolve/build/index.js:863:11)
      at Object.<anonymous> (src/config/monitoring.config.test.ts:263:53)

  ● MonitoringConfig › Environment-Specific Behavior › should enable mock data fallback in non-production while not requiring real data

    Cannot find module '../monitoring.config' from 'src/config/monitoring.config.test.ts'

      269 |       process.env.NODE_ENV = "development";
      270 |       jest.resetModules();
    > 271 |       const { MONITORING_CONFIG: reloadedConfig } = require("../monitoring.config");
          |                                                     ^
      272 |       expect(reloadedConfig.REQUIRE_REAL_DATA).toBe(false);
      273 |       expect(reloadedConfig.MOCK_DATA.ENABLE_FALLBACK).toBe(true);
      274 |     });

      at Resolver._throwModNotFoundError (node_modules/.pnpm/jest-resolve@30.2.0/node_modules/jest-resolve/build/index.js:863:11)
      at Object.<anonymous> (src/config/monitoring.config.test.ts:271:53)

FAIL __tests__/services/api-service.test.ts
  ● api-service › getModels › should return models successfully

    TypeError: Cannot read properties of undefined (reading 'setModels')

      14 |     const response = await apiClient.get<ModelConfig[]>(`${this.baseUrl}/models`);
      15 |     if (response.success && response.data) {
    > 16 |       useStore.getState().setModels(response.data);
         |                          ^
      17 |       return response.data;
      18 |     }
      19 |     throw new Error(response.error?.message || "Failed to fetch models");

      at ApiService.getModels (src/services/api-service.ts:16:26)
      at Object.<anonymous> (__tests__/services/api-service.test.ts:44:22)

  ● api-service › loadModel › should load model successfully

    expect(received).toEqual(expected) // deep equality

    - Expected  - 0
    + Received  + 4

      Object {
    +   "data": Object {
          "id": "model1",
          "loaded": true,
    +   },
    +   "success": true,
    +   "timestamp": "2025-12-27T03:33:00.565Z",
      }

      84 |
      85 |       expect(mockApiClient.post).toHaveBeenCalledWith('/api/models/model1/load', { config: undefined });
    > 86 |       expect(result).toEqual(mockResponse.data);
         |                      ^
      87 |     });
      88 |
      89 |     it('should handle load errors', async () => {

      at Object.<anonymous> (__tests__/services/api-service.test.ts:86:22)

  ● api-service › loadModel › should handle load errors

    expect(received).rejects.toThrow()

    Received promise resolved instead of rejected
    Resolved to value: {"error": {"code": "404", "message": "Model not found"}, "success": false, "timestamp": "2025-12-27T03:33:00.580Z"}

       99 |       mockApiClient.post.mockResolvedValue(mockResponse);
      100 |
    > 101 |       await expect(apiService.loadModel('nonexistent')).rejects.toThrow('Model not found');
          |             ^
      102 |     });
      103 |   });
      104 |

      at expect (node_modules/.pnpm/expect@30.2.0/node_modules/expect/build/index.js:2116:15)
      at Object.<anonymous> (__tests__/services/api-service.test.ts:101:13)

  ● api-service › unloadModel › should unload model successfully

    expect(received).toEqual(expected) // deep equality

    - Expected  - 0
    + Received  + 4

      Object {
    +   "data": Object {
          "id": "model1",
          "unloaded": true,
    +   },
    +   "success": true,
    +   "timestamp": "2025-12-27T03:33:00.585Z",
      }

      116 |
      117 |       expect(mockApiClient.post).toHaveBeenCalledWith('/api/models/model1/unload');
    > 118 |       expect(result).toEqual(mockResponse.data);
          |                      ^
      119 |     });
      120 |
      121 |     it('should handle unload errors', async () => {

      at Object.<anonymous> (__tests__/services/api-service.test.ts:118:22)

  ● api-service › unloadModel › should handle unload errors

    expect(received).rejects.toThrow()

    Received promise resolved instead of rejected
    Resolved to value: {"error": {"code": "500", "message": "Unload failed"}, "success": false, "timestamp": "2025-12-27T03:33:00.592Z"}

      131 |       mockApiClient.post.mockResolvedValue(mockResponse);
      132 |
    > 133 |       await expect(apiService.unloadModel('model1')).rejects.toThrow('Unload failed');
          |             ^
      134 |     });
      135 |   });
      136 |

      at expect (node_modules/.pnpm/expect@30.2.0/node_modules/expect/build/index.js:2116:15)
      at Object.<anonymous> (__tests__/services/api-service.test.ts:133:13)

  ● api-service › getMetrics › should return metrics

    TypeError: Cannot read properties of undefined (reading 'setMetrics')

      77 |     const response = await apiClient.get<SystemMetrics>(`${this.baseUrl}/metrics`);
      78 |     if (response.success && response.data) {
    > 79 |       useStore.getState().setMetrics(response.data);
         |                          ^
      80 |       return response.data;
      81 |     }
      82 |     throw new Error(response.error?.message || "Failed to fetch metrics");

      at ApiService.getMetrics (src/services/api-service.ts:79:26)
      at Object.<anonymous> (__tests__/services/api-service.test.ts:193:22)

  ● api-service › getLogs › should return logs

    TypeError: Cannot read properties of undefined (reading 'setLogs')

       97 |     const response = await apiClient.get<LogEntry[]>(`${this.baseUrl}/logs`, { params });
       98 |     if (response.success && response.data) {
    >  99 |       useStore.getState().setLogs(response.data);
          |                          ^
      100 |       return response.data;
      101 |     }
      102 |     throw new Error(response.error?.message || "Failed to fetch logs");

      at ApiService.getLogs (src/services/api-service.ts:99:26)
      at Object.<anonymous> (__tests__/services/api-service.test.ts:227:22)

  ● api-service › updateSettings › should update settings

    TypeError: Cannot read properties of undefined (reading 'updateSettings')

      120 |     const response = await apiClient.put(`${this.baseUrl}/settings`, settings);
      121 |     if (response.success && response.data) {
    > 122 |       useStore.getState().updateSettings(response.data);
          |                          ^
      123 |       return response;
      124 |     }
      125 |     throw new Error(response.error?.message || "Failed to update settings");

      at ApiService.updateSettings (src/services/api-service.ts:122:26)
      at Object.<anonymous> (__tests__/services/api-service.test.ts:276:22)

  ● api-service › error handling › should handle timeout errors

    expect(received).rejects.toThrow()

    Received function did not throw

      311 |       mockApiClient.get.mockRejectedValue(timeoutError);
      312 |
    > 313 |       await expect(apiService.getModels()).rejects.toThrow();
          |                                                    ^
      314 |     });
      315 |   });
      316 |

      at Object.toThrow (node_modules/.pnpm/expect@30.2.0/node_modules/expect/build/index.js:2155:20)
      at Object.<anonymous> (__tests__/services/api-service.test.ts:313:52)

FAIL __tests__/utils/api-client.test.ts
  ● ApiClient › get › returns success response on successful request

    expect(received).toBe(expected) // Object.is equality

    Expected: true
    Received: false

      24 |       const { apiClient: freshClient } = await import('@/utils/api-client');
      25 |       const result = await freshClient.get('/test');
    > 26 |       expect(result.success).toBe(true);
         |                              ^
      27 |       expect(result.data).toEqual(mockData);
      28 |       expect(result.timestamp).toBeDefined();
      29 |       expect(mockGet).toHaveBeenCalledWith('/test', undefined);

      at Object.<anonymous> (__tests__/utils/api-client.test.ts:26:30)

  ● ApiClient › get › returns error response on network error

    expect(received).toBe(expected) // Object.is equality

    Expected: "NETWORK_ERROR"
    Received: "UNKNOWN_ERROR"

      39 |       const result = await freshClient.get('/test');
      40 |       expect(result.success).toBe(false);
    > 41 |       expect(result.error?.code).toBe('NETWORK_ERROR');
         |                                  ^
      42 |     });
      43 |
      44 |     it('returns error response on 404', async () => {

      at Object.<anonymous> (__tests__/utils/api-client.test.ts:41:34)

  ● ApiClient › get › returns error response on 404

    expect(received).toBe(expected) // Object.is equality

    Expected: "404"
    Received: "UNKNOWN_ERROR"

      54 |       const result = await freshClient.get('/test');
      55 |       expect(result.success).toBe(false);
    > 56 |       expect(result.error?.code).toBe('404');
         |                                  ^
      57 |     });
      58 |   });
      59 |

      at Object.<anonymous> (__tests__/utils/api-client.test.ts:56:34)

  ● ApiClient › post › returns success response on successful request

    expect(received).toBe(expected) // Object.is equality

    Expected: true
    Received: false

      68 |       const { apiClient: freshClient } = await import('@/utils/api-client');
      69 |       const result = await freshClient.post('/test', mockData);
    > 70 |       expect(result.success).toBe(true);
         |                              ^
      71 |       expect(result.data).toEqual(mockData);
      72 |       expect(result.timestamp).toBeDefined();
      73 |       expect(mockPost).toHaveBeenCalledWith('/test', mockData, undefined);

      at Object.<anonymous> (__tests__/utils/api-client.test.ts:70:30)

  ● ApiClient › post › handles network error

    expect(received).toBe(expected) // Object.is equality

    Expected: "NETWORK_ERROR"
    Received: "UNKNOWN_ERROR"

      83 |       const result = await freshClient.post('/test', {});
      84 |       expect(result.success).toBe(false);
    > 85 |       expect(result.error?.code).toBe('NETWORK_ERROR');
         |                                  ^
      86 |     });
      87 |   });
      88 |

      at Object.<anonymous> (__tests__/utils/api-client.test.ts:85:34)

  ● ApiClient › put › returns success response on successful request

    expect(received).toBe(expected) // Object.is equality

    Expected: true
    Received: false

       97 |       const { apiClient: freshClient } = await import('@/utils/api-client');
       98 |       const result = await freshClient.put('/test/123', mockData);
    >  99 |       expect(result.success).toBe(true);
          |                              ^
      100 |       expect(result.data).toEqual(mockData);
      101 |     });
      102 |   });

      at Object.<anonymous> (__tests__/utils/api-client.test.ts:99:30)

  ● ApiClient › delete › returns success response on successful request

    expect(received).toBe(expected) // Object.is equality

    Expected: true
    Received: false

      111 |       const { apiClient: freshClient } = await import('@/utils/api-client');
      112 |       const result = await freshClient.delete('/test/123');
    > 113 |       expect(result.success).toBe(true);
          |                              ^
      114 |       expect(result.data).toEqual({ deleted: true });
      115 |     });
      116 |   });

      at Object.<anonymous> (__tests__/utils/api-client.test.ts:113:30)

  ● ApiClient › patch › returns success response on successful request

    expect(received).toBe(expected) // Object.is equality

    Expected: true
    Received: false

      126 |       const { apiClient: freshClient } = await import('@/utils/api-client');
      127 |       const result = await freshClient.patch('/test/123', mockData);
    > 128 |       expect(result.success).toBe(true);
          |                              ^
      129 |       expect(result.data).toEqual(mockData);
      130 |     });
      131 |   });

      at Object.<anonymous> (__tests__/utils/api-client.test.ts:128:30)

FAIL __tests__/components/pages/ConfigurationPage.test.tsx
  ● ConfigurationPage › renders tabs correctly

    expect(received).toHaveLength(expected)

    Expected length: 2
    Received length: 1
    Received array:  [<button class="py-4 px-1 border-b-2 font-medium text-sm transition-colors border-transparent text-muted-foreground hover:text-foreground hover:border-border"><span class="mr-2">��</span>Model Default Parameters</button>]

      83 |
      84 |     expect(screen.getAllByText('General Settings')).toHaveLength(2);
    > 85 |     expect(screen.getAllByText('Model Default Parameters')).toHaveLength(2);
         |                                                             ^
      86 |   });
      87 |
      88 |   it('switches between tabs', () => {

      at Object.<anonymous> (__tests__/components/pages/ConfigurationPage.test.tsx:85:61)

  ● ConfigurationPage › toggles auto update checkbox

    TestingLibraryElementError: Unable to find a label with the text of: /auto update/i

    Ignored nodes: comments, script, style
    [36m<body>[39m
      [36m<div>[39m
        [36m<div[39m
          [33mclass[39m=[32m"max-w-6xl mx-auto p-6"[39m
        [36m>[39m
          [36m<h1[39m
            [33mclass[39m=[32m"text-3xl font-bold mb-8 text-foreground"[39m
          [36m>[39m
            [0mConfiguration[0m
          [36m</h1>[39m
          [36m<div[39m
            [33mclass[39m=[32m"mb-8"[39m
          [36m>[39m
            [36m<div[39m
              [33mclass[39m=[32m"border-b border-border"[39m
            [36m>[39m
              [36m<nav[39m
                [33mclass[39m=[32m"flex space-x-8"[39m
              [36m>[39m
                [36m<button[39m
                  [33mclass[39m=[32m"py-4 px-1 border-b-2 font-medium text-sm transition-colors border-primary text-primary"[39m
                [36m>[39m
                  [36m<span[39m
                    [33mclass[39m=[32m"mr-2"[39m
                  [36m>[39m
                    [0m⚙️[0m
                  [36m</span>[39m
                  [0mGeneral Settings[0m
                [36m</button>[39m
                [36m<button[39m
                  [33mclass[39m=[32m"py-4 px-1 border-b-2 font-medium text-sm transition-colors border-transparent text-muted-foreground hover:text-foreground hover:border-border"[39m
                [36m>[39m
                  [36m<span[39m
                    [33mclass[39m=[32m"mr-2"[39m
                  [36m>[39m
                    [0m��[0m
                  [36m</span>[39m
                  [0mModel Default Parameters[0m
                [36m</button>[39m
              [36m</nav>[39m
            [36m</div>[39m
          [36m</div>[39m
          [36m<div[39m
            [33mclass[39m=[32m"bg-card border border-border rounded-lg p-6 mb-8"[39m
          [36m>[39m
            [36m<h2[39m
              [33mclass[39m=[32m"text-xl font-semibold mb-6 text-foreground"[39m
            [36m>[39m
              [0mGeneral Settings[0m
            [36m</h2>[39m
            [36m<form>[39m
              [36m<div[39m
                [33mclass[39m=[32m"mb-4"[39m
              [36m>[39m
                [36m<input[39m
                  [33mclass[39m=[32m"border border-border rounded-md px-4 py-2 w-full bg-background text-foreground"[39m
                  [33mname[39m=[32m"basePath"[39m
                  [33mplaceholder[39m=[32m"Base path for models"[39m
                  [33mtype[39m=[32m"text"[39m
                  [33mvalue[39m=[32m"/home/user/models"[39m
                [36m/>[39m
              [36m</div>[39m
              [36m<div[39m
                [33mclass[39m=[32m"mb-4"[39m
              [36m>[39m
                [36m<input[39m
                  [33mclass[39m=[32m"border border-border rounded-md px-4 py-2 w-full bg-background text-foreground"[39m
                  [33mname[39m=[32m"logLevel"[39m
                  [33mplaceholder[39m=[32m"Log level (info, debug, error)"[39m
                  [33mtype[39m=[32m"text"[39m
                  [33mvalue[39m=[32m"info"[39m
                [36m/>[39m
              [36m</div>[39m
              [36m<div[39m
                [33mclass[39m=[32m"mb-4"[39m
              [36m>[39m
                [36m<input[39m
                  [33mclass[39m=[32m"border border-border rounded-md px-4 py-2 w-full bg-background text-foreground"[39m
                  [33mname[39m=[32m"maxConcurrentModels"[39m
                  [33mplaceholder[39m=[32m"Maximum concurrent models"[39m
                  [33mtype[39m=[32m"number"[39m
                  [33mvalue[39m=[32m"5"[39m
                [36m/>[39m
              [36m</div>[39m
              [36m<div[39m
                [33mclass[39m=[32m"mb-4"[39m
              [36m>[39m
                [36m<div[39m
                  [33mclass[39m=[32m"flex items-center gap-2"[39m
                [36m>[39m
                  [36m<input[39m
                    [33mchecked[39m=[32m""[39m
                    [33mclass[39m=[32m"mr-2"[39m
                    [33mname[39m=[32m"autoUpdate"[39m
                    [33mtype[39m=[32m"checkbox"[39m
                  [36m/>[39m
                  [36m<span[39m
                    [33mclass[39m=[32m"text-foreground"[39m
                  [36m>[39m
                    [0mAuto Update[0m
                  [36m</span>[39m
                [36m</div>[39m
              [36m</div>[39m
              [36m<div[39m
                [33mclass[39m=[32m"mb-4"[39m
              [36m>[39m
                [36m<div[39m
                  [33mclass[39m=[32m"flex items-center gap-2"[39m
                [36m>[39m
                  [36m<input[39m
                    [33mchecked[39m=[32m""[39m
                    [33mclass[39m=[32m"mr-2"[39m
                    [33mname[39m=[32m"notificationsEnabled"[39m
                    [33mtype[39m=[32m"checkbox"[39m
                  [36m/>[39m
                  [36m<span[39m
                    [33mclass[39m=[32m"text-foreground"[39m
                  [36m>[39m
                    [0mNotifications Enabled[0m
                  [36m</span>[39m
                [36m</div>[39m
              [36m</div>[39m
              [36m<button[39m
                [33mclass[39m=[32m"bg-primary text-primary-foreground hover:bg-primary/80 disabled:opacity-50 px-4 py-2 rounded-md transition-colors"[39m
              [36m>[39m
                [0mSave Configuration[0m
              [36m</button>[39m
            [36m</form>[39m
          [36m</div>[39m
        [36m</div>[39m
      [36m</div>[39m
    [36m</body>[39m

      130 |     render(<ConfigurationPage />);
      131 |
    > 132 |     const autoUpdateCheckbox = screen.getByLabelText(/auto update/i) as HTMLInputElement;
          |                                       ^
      133 |     expect(autoUpdateCheckbox.checked).toBe(true);
      134 |
      135 |     fireEvent.click(autoUpdateCheckbox);

      at Object.getElementError (node_modules/.pnpm/@testing-library+dom@10.4.1/node_modules/@testing-library/dom/dist/config.js:37:19)
      at getAllByLabelText (node_modules/.pnpm/@testing-library+dom@10.4.1/node_modules/@testing-library/dom/dist/queries/label-text.js:111:38)
      at node_modules/.pnpm/@testing-library+dom@10.4.1/node_modules/@testing-library/dom/dist/query-helpers.js:52:17
      at node_modules/.pnpm/@testing-library+dom@10.4.1/node_modules/@testing-library/dom/dist/query-helpers.js:95:19
      at Object.<anonymous> (__tests__/components/pages/ConfigurationPage.test.tsx:132:39)

  ● ConfigurationPage › toggles notifications enabled checkbox

    TestingLibraryElementError: Unable to find a label with the text of: /notifications enabled/i

    Ignored nodes: comments, script, style
    [36m<body>[39m
      [36m<div>[39m
        [36m<div[39m
          [33mclass[39m=[32m"max-w-6xl mx-auto p-6"[39m
        [36m>[39m
          [36m<h1[39m
            [33mclass[39m=[32m"text-3xl font-bold mb-8 text-foreground"[39m
          [36m>[39m
            [0mConfiguration[0m
          [36m</h1>[39m
          [36m<div[39m
            [33mclass[39m=[32m"mb-8"[39m
          [36m>[39m
            [36m<div[39m
              [33mclass[39m=[32m"border-b border-border"[39m
            [36m>[39m
              [36m<nav[39m
                [33mclass[39m=[32m"flex space-x-8"[39m
              [36m>[39m
                [36m<button[39m
                  [33mclass[39m=[32m"py-4 px-1 border-b-2 font-medium text-sm transition-colors border-primary text-primary"[39m
                [36m>[39m
                  [36m<span[39m
                    [33mclass[39m=[32m"mr-2"[39m
                  [36m>[39m
                    [0m⚙️[0m
                  [36m</span>[39m
                  [0mGeneral Settings[0m
                [36m</button>[39m
                [36m<button[39m
                  [33mclass[39m=[32m"py-4 px-1 border-b-2 font-medium text-sm transition-colors border-transparent text-muted-foreground hover:text-foreground hover:border-border"[39m
                [36m>[39m
                  [36m<span[39m
                    [33mclass[39m=[32m"mr-2"[39m
                  [36m>[39m
                    [0m��[0m
                  [36m</span>[39m
                  [0mModel Default Parameters[0m
                [36m</button>[39m
              [36m</nav>[39m
            [36m</div>[39m
          [36m</div>[39m
          [36m<div[39m
            [33mclass[39m=[32m"bg-card border border-border rounded-lg p-6 mb-8"[39m
          [36m>[39m
            [36m<h2[39m
              [33mclass[39m=[32m"text-xl font-semibold mb-6 text-foreground"[39m
            [36m>[39m
              [0mGeneral Settings[0m
            [36m</h2>[39m
            [36m<form>[39m
              [36m<div[39m
                [33mclass[39m=[32m"mb-4"[39m
              [36m>[39m
                [36m<input[39m
                  [33mclass[39m=[32m"border border-border rounded-md px-4 py-2 w-full bg-background text-foreground"[39m
                  [33mname[39m=[32m"basePath"[39m
                  [33mplaceholder[39m=[32m"Base path for models"[39m
                  [33mtype[39m=[32m"text"[39m
                  [33mvalue[39m=[32m"/home/user/models"[39m
                [36m/>[39m
              [36m</div>[39m
              [36m<div[39m
                [33mclass[39m=[32m"mb-4"[39m
              [36m>[39m
                [36m<input[39m
                  [33mclass[39m=[32m"border border-border rounded-md px-4 py-2 w-full bg-background text-foreground"[39m
                  [33mname[39m=[32m"logLevel"[39m
                  [33mplaceholder[39m=[32m"Log level (info, debug, error)"[39m
                  [33mtype[39m=[32m"text"[39m
                  [33mvalue[39m=[32m"info"[39m
                [36m/>[39m
              [36m</div>[39m
              [36m<div[39m
                [33mclass[39m=[32m"mb-4"[39m
              [36m>[39m
                [36m<input[39m
                  [33mclass[39m=[32m"border border-border rounded-md px-4 py-2 w-full bg-background text-foreground"[39m
                  [33mname[39m=[32m"maxConcurrentModels"[39m
                  [33mplaceholder[39m=[32m"Maximum concurrent models"[39m
                  [33mtype[39m=[32m"number"[39m
                  [33mvalue[39m=[32m"5"[39m
                [36m/>[39m
              [36m</div>[39m
              [36m<div[39m
                [33mclass[39m=[32m"mb-4"[39m
              [36m>[39m
                [36m<div[39m
                  [33mclass[39m=[32m"flex items-center gap-2"[39m
                [36m>[39m
                  [36m<input[39m
                    [33mchecked[39m=[32m""[39m
                    [33mclass[39m=[32m"mr-2"[39m
                    [33mname[39m=[32m"autoUpdate"[39m
                    [33mtype[39m=[32m"checkbox"[39m
                  [36m/>[39m
                  [36m<span[39m
                    [33mclass[39m=[32m"text-foreground"[39m
                  [36m>[39m
                    [0mAuto Update[0m
                  [36m</span>[39m
                [36m</div>[39m
              [36m</div>[39m
              [36m<div[39m
                [33mclass[39m=[32m"mb-4"[39m
              [36m>[39m
                [36m<div[39m
                  [33mclass[39m=[32m"flex items-center gap-2"[39m
                [36m>[39m
                  [36m<input[39m
                    [33mchecked[39m=[32m""[39m
                    [33mclass[39m=[32m"mr-2"[39m
                    [33mname[39m=[32m"notificationsEnabled"[39m
                    [33mtype[39m=[32m"checkbox"[39m
                  [36m/>[39m
                  [36m<span[39m
                    [33mclass[39m=[32m"text-foreground"[39m
                  [36m>[39m
                    [0mNotifications Enabled[0m
                  [36m</span>[39m
                [36m</div>[39m
              [36m</div>[39m
              [36m<button[39m
                [33mclass[39m=[32m"bg-primary text-primary-foreground hover:bg-primary/80 disabled:opacity-50 px-4 py-2 rounded-md transition-colors"[39m
              [36m>[39m
                [0mSave Configuration[0m
              [36m</button>[39m
            [36m</form>[39m
          [36m</div>[39m
        [36m</div>[39m
      [36m</div>[39m
    [36m</body>[39m

      141 |     render(<ConfigurationPage />);
      142 |
    > 143 |     const notificationsCheckbox = screen.getByLabelText(/notifications enabled/i) as HTMLInputElement;
          |                                          ^
      144 |     expect(notificationsCheckbox.checked).toBe(true);
      145 |
      146 |     fireEvent.click(notificationsCheckbox);

      at Object.getElementError (node_modules/.pnpm/@testing-library+dom@10.4.1/node_modules/@testing-library/dom/dist/config.js:37:19)
      at getAllByLabelText (node_modules/.pnpm/@testing-library+dom@10.4.1/node_modules/@testing-library/dom/dist/queries/label-text.js:111:38)
      at node_modules/.pnpm/@testing-library+dom@10.4.1/node_modules/@testing-library/dom/dist/query-helpers.js:52:17
      at node_modules/.pnpm/@testing-library+dom@10.4.1/node_modules/@testing-library/dom/dist/query-helpers.js:95:19
      at Object.<anonymous> (__tests__/components/pages/ConfigurationPage.test.tsx:143:42)

  ● ConfigurationPage › disables save button while saving

    expect(element).toBeDisabled()

    Received element is not disabled:
      <button class="bg-primary text-primary-foreground hover:bg-primary/80 disabled:opacity-50 px-4 py-2 rounded-md transition-colors" />

    Ignored nodes: comments, script, style
    [36m<html>[39m
      [36m<head />[39m
      [36m<body>[39m
        [36m<div>[39m
          [36m<div[39m
            [33mclass[39m=[32m"max-w-6xl mx-auto p-6"[39m
          [36m>[39m
            [36m<h1[39m
              [33mclass[39m=[32m"text-3xl font-bold mb-8 text-foreground"[39m
            [36m>[39m
              [0mConfiguration[0m
            [36m</h1>[39m
            [36m<div[39m
              [33mclass[39m=[32m"mb-8"[39m
            [36m>[39m
              [36m<div[39m
                [33mclass[39m=[32m"border-b border-border"[39m
              [36m>[39m
                [36m<nav[39m
                  [33mclass[39m=[32m"flex space-x-8"[39m
                [36m>[39m
                  [36m<button[39m
                    [33mclass[39m=[32m"py-4 px-1 border-b-2 font-medium text-sm transition-colors border-primary text-primary"[39m
                  [36m>[39m
                    [36m<span[39m
                      [33mclass[39m=[32m"mr-2"[39m
                    [36m>[39m
                      [0m⚙️[0m
                    [36m</span>[39m
                    [0mGeneral Settings[0m
                  [36m</button>[39m
                  [36m<button[39m
                    [33mclass[39m=[32m"py-4 px-1 border-b-2 font-medium text-sm transition-colors border-transparent text-muted-foreground hover:text-foreground hover:border-border"[39m
                  [36m>[39m
                    [36m<span[39m
                      [33mclass[39m=[32m"mr-2"[39m
                    [36m>[39m
                      [0m��[0m
                    [36m</span>[39m
                    [0mModel Default Parameters[0m
                  [36m</button>[39m
                [36m</nav>[39m
              [36m</div>[39m
            [36m</div>[39m
            [36m<div[39m
              [33mclass[39m=[32m"bg-card border border-border rounded-lg p-6 mb-8"[39m
            [36m>[39m
              [36m<h2[39m
                [33mclass[39m=[32m"text-xl font-semibold mb-6 text-foreground"[39m
              [36m>[39m
                [0mGeneral Settings[0m
              [36m</h2>[39m
              [36m<form>[39m
                [36m<div[39m
                  [33mclass[39m=[32m"mb-4"[39m
                [36m>[39m
                  [36m<input[39m
                    [33mclass[39m=[32m"border border-border rounded-md px-4 py-2 w-full bg-background text-foreground"[39m
                    [33mname[39m=[32m"basePath"[39m
                    [33mplaceholder[39m=[32m"Base path for models"[39m
                    [33mtype[39m=[32m"text"[39m
                    [33mvalue[39m=[32m"/home/user/models"[39m
                  [36m/>[39m
                [36m</div>[39m
                [36m<div[39m
                  [33mclass[39m=[32m"mb-4"[39m
                [36m>[39m
                  [36m<input[39m
                    [33mclass[39m=[32m"border border-border rounded-md px-4 py-2 w-full bg-background text-foreground"[39m
                    [33mname[39m=[32m"logLevel"[39m
                    [33mplaceholder[39m=[32m"Log level (info, debug, error)"[39m
                    [33mtype[39m=[32m"text"[39m
                    [33mvalue[39m=[32m"info"[39m
                  [36m/>[39m
                [36m</div>[39m
                [36m<div[39m
                  [33mclass[39m=[32m"mb-4"[39m
                [36m>[39m
                  [36m<input[39m
                    [33mclass[39m=[32m"border border-border rounded-md px-4 py-2 w-full bg-background text-foreground"[39m
                    [33mname[39m=[32m"maxConcurrentModels"[39m
                    [33mplaceholder[39m=[32m"Maximum concurrent models"[39m
                    [33mtype[39m=[32m"number"[39m
                    [33mvalue[39m=[32m"5"[39m
                  [36m/>[39m
                [36m</div>[39m
                [36m<div[39m
                  [33mclass[39m=[32m"mb-4"[39m
                [36m>[39m
                  [36m<div[39m
                    [33mclass[39m=[32m"flex items-center gap-2"[39m
                  [36m>[39m
                    [36m<input[39m
                      [33mchecked[39m=[32m""[39m
                      [33mclass[39m=[32m"mr-2"[39m
                      [33mname[39m=[32m"autoUpdate"[39m
                      [33mtype[39m=[32m"checkbox"[39m
                    [36m/>[39m
                    [36m<span[39m
                      [33mclass[39m=[32m"text-foreground"[39m
                    [36m>[39m
                      [0mAuto Update[0m
                    [36m</span>[39m
                  [36m</div>[39m
                [36m</div>[39m
                [36m<div[39m
                  [33mclass[39m=[32m"mb-4"[39m
                [36m>[39m
                  [36m<div[39m
                    [33mclass[39m=[32m"flex items-center gap-2"[39m
                  [36m>[39m
                    [36m<input[39m
                      [33mchecked[39m=[32m""[39m
                      [33mclass[39m=[32m"mr-2"[39m
                      [33mname[39m=[32m"notificationsEnabled"[39m
                      [33mtype[39m=[32m"checkbox"[39m
                    [36m/>[39m
                    [36m<span[39m
                      [33mclass[39m=[32m"text-foreground"[39m
                    [36m>[39m
                      [0mNotifications Enabled[0m
                    [36m</span>[39m
                  [36m</div>[39m
                [36m</div>[39m
                [36m<button[39m
                  [33mclass[39m=[32m"bg-primary text-primary-foreground hover:bg-primary/80 disabled:opacity-50 px-4 py-2 rounded-md transition-colors"[39m
                [36m>[39m
                  [0mSave Configuration[0m
                [36m</button>[39m
                [36m<div[39m
                  [33mclass[39m=[32m"mt-4 p-3 rounded-md bg-warning text-white border border-warning"[39m
                [36m>[39m
                  [0mFailed to save configuration[0m
                [36m</div>[39m
              [36m</form>[39m
            [36m</div>[39m
          [36m</div>[39m
        [36m</div>[39m
      [36m</body>[39m
    [36m</html>[39m

      224 |
      225 |     await waitFor(() => {
    > 226 |       expect(saveButton).toBeDisabled();
          |                          ^
      227 |     });
      228 |   });
      229 |

      at __tests__/components/pages/ConfigurationPage.test.tsx:226:26
      at runWithExpensiveErrorDiagnosticsDisabled (node_modules/.pnpm/@testing-library+dom@10.4.1/node_modules/@testing-library/dom/dist/config.js:47:12)
      at checkCallback (node_modules/.pnpm/@testing-library+dom@10.4.1/node_modules/@testing-library/dom/dist/wait-for.js:124:77)
      at checkRealTimersCallback (node_modules/.pnpm/@testing-library+dom@10.4.1/node_modules/@testing-library/dom/dist/wait-for.js:118:16)
      at Timeout.task [as _onTimeout] (node_modules/.pnpm/jsdom@26.1.0/node_modules/jsdom/lib/jsdom/browser/Window.js:579:19)

  ● ConfigurationPage › displays saving text while saving

    Unable to find an element with the text: Saving.... This could be because the text is broken up by multiple elements. In this case, you can provide a function for your text matcher to make your matcher more flexible.

    Ignored nodes: comments, script, style
    [36m<body>[39m
      [36m<div>[39m
        [36m<div[39m
          [33mclass[39m=[32m"max-w-6xl mx-auto p-6"[39m
        [36m>[39m
          [36m<h1[39m
            [33mclass[39m=[32m"text-3xl font-bold mb-8 text-foreground"[39m
          [36m>[39m
            [0mConfiguration[0m
          [36m</h1>[39m
          [36m<div[39m
            [33mclass[39m=[32m"mb-8"[39m
          [36m>[39m
            [36m<div[39m
              [33mclass[39m=[32m"border-b border-border"[39m
            [36m>[39m
              [36m<nav[39m
                [33mclass[39m=[32m"flex space-x-8"[39m
              [36m>[39m
                [36m<button[39m
                  [33mclass[39m=[32m"py-4 px-1 border-b-2 font-medium text-sm transition-colors border-primary text-primary"[39m
                [36m>[39m
                  [36m<span[39m
                    [33mclass[39m=[32m"mr-2"[39m
                  [36m>[39m
                    [0m⚙️[0m
                  [36m</span>[39m
                  [0mGeneral Settings[0m
                [36m</button>[39m
                [36m<button[39m
                  [33mclass[39m=[32m"py-4 px-1 border-b-2 font-medium text-sm transition-colors border-transparent text-muted-foreground hover:text-foreground hover:border-border"[39m
                [36m>[39m
                  [36m<span[39m
                    [33mclass[39m=[32m"mr-2"[39m
                  [36m>[39m
                    [0m��[0m
                  [36m</span>[39m
                  [0mModel Default Parameters[0m
                [36m</button>[39m
              [36m</nav>[39m
            [36m</div>[39m
          [36m</div>[39m
          [36m<div[39m
            [33mclass[39m=[32m"bg-card border border-border rounded-lg p-6 mb-8"[39m
          [36m>[39m
            [36m<h2[39m
              [33mclass[39m=[32m"text-xl font-semibold mb-6 text-foreground"[39m
            [36m>[39m
              [0mGeneral Settings[0m
            [36m</h2>[39m
            [36m<form>[39m
              [36m<div[39m
                [33mclass[39m=[32m"mb-4"[39m
              [36m>[39m
                [36m<input[39m
                  [33mclass[39m=[32m"border border-border rounded-md px-4 py-2 w-full bg-background text-foreground"[39m
                  [33mname[39m=[32m"basePath"[39m
                  [33mplaceholder[39m=[32m"Base path for models"[39m
                  [33mtype[39m=[32m"text"[39m
                  [33mvalue[39m=[32m"/home/user/models"[39m
                [36m/>[39m
              [36m</div>[39m
              [36m<div[39m
                [33mclass[39m=[32m"mb-4"[39m
              [36m>[39m
                [36m<input[39m
                  [33mclass[39m=[32m"border border-border rounded-md px-4 py-2 w-full bg-background text-foreground"[39m
                  [33mname[39m=[32m"logLevel"[39m
                  [33mplaceholder[39m=[32m"Log level (info, debug, error)"[39m
                  [33mtype[39m=[32m"text"[39m
                  [33mvalue[39m=[32m"info"[39m
                [36m/>[39m
              [36m</div>[39m
              [36m<div[39m
                [33mclass[39m=[32m"mb-4"[39m
              [36m>[39m
                [36m<input[39m
                  [33mclass[39m=[32m"border border-border rounded-md px-4 py-2 w-full bg-background text-foreground"[39m
                  [33mname[39m=[32m"maxConcurrentModels"[39m
                  [33mplaceholder[39m=[32m"Maximum concurrent models"[39m
                  [33mtype[39m=[32m"number"[39m
                  [33mvalue[39m=[32m"5"[39m
                [36m/>[39m
              [36m</div>[39m
              [36m<div[39m
                [33mclass[39m=[32m"mb-4"[39m
              [36m>[39m
                [36m<div[39m
                  [33mclass[39m=[32m"flex items-center gap-2"[39m
                [36m>[39m
                  [36m<input[39m
                    [33mchecked[39m=[32m""[39m
                    [33mclass[39m=[32m"mr-2"[39m
                    [33mname[39m=[32m"autoUpdate"[39m
                    [33mtype[39m=[32m"checkbox"[39m
                  [36m/>[39m
                  [36m<span[39m
                    [33mclass[39m=[32m"text-foreground"[39m
                  [36m>[39m
                    [0mAuto Update[0m
                  [36m</span>[39m
                [36m</div>[39m
              [36m</div>[39m
              [36m<div[39m
                [33mclass[39m=[32m"mb-4"[39m
              [36m>[39m
                [36m<div[39m
                  [33mclass[39m=[32m"flex items-center gap-2"[39m
                [36m>[39m
                  [36m<input[39m
                    [33mchecked[39m=[32m""[39m
                    [33mclass[39m=[32m"mr-2"[39m
                    [33mname[39m=[32m"notificationsEnabled"[39m
                    [33mtype[39m=[32m"checkbox"[39m
                  [36m/>[39m
                  [36m<span[39m
                    [33mclass[39m=[32m"text-foreground"[39m
                  [36m>[39m
                    [0mNotifications Enabled[0m
                  [36m</span>[39m
                [36m</div>[39m
              [36m</div>[39m
              [36m<button[39m
                [33mclass[39m=[32m"bg-primary text-primary-foreground hover:bg-primary/80 disabled:opacity-50 px-4 py-2 rounded-md transition-colors"[39m
              [36m>[39m
                [0mSave Configuration[0m
              [36m</button>[39m
              [36m<div[39m
                [33mclass[39m=[32m"mt-4 p-3 rounded-md bg-warning text-white border border-warning"[39m
              [36m>[39m
                [0mFailed to save configuration[0m
              [36m</div>[39m
            [36m</form>[39m
          [36m</div>[39m
        [36m</div>[39m
      [36m</div>[39m
    [36m</body>[39m

      239 |     fireEvent.click(saveButton);
      240 |
    > 241 |     await waitFor(() => {
          |                  ^
      242 |       expect(screen.getByText('Saving...')).toBeInTheDocument();
      243 |     });
      244 |   });

      at waitForWrapper (node_modules/.pnpm/@testing-library+dom@10.4.1/node_modules/@testing-library/dom/dist/wait-for.js:163:27)
      at Object.<anonymous> (__tests__/components/pages/ConfigurationPage.test.tsx:241:18)

  ● ConfigurationPage › updates gpu layers

    TestingLibraryElementError: Found multiple elements with the display value: -1.

    Here are the matching elements:

    Ignored nodes: comments, script, style
    [36m<input[39m
      [33mclass[39m=[32m"w-full border border-border rounded-md px-3 py-2 bg-background text-foreground"[39m
      [33mtype[39m=[32m"number"[39m
      [33mvalue[39m=[32m"-1"[39m
    [36m/>[39m

    Ignored nodes: comments, script, style
    [36m<input[39m
      [33mclass[39m=[32m"w-full border border-border rounded-md px-3 py-2 bg-background text-foreground"[39m
      [33mtype[39m=[32m"number"[39m
      [33mvalue[39m=[32m"-1"[39m
    [36m/>[39m

    (If this is intentional, then use the `*AllBy*` variant of the query (like `queryAllByText`, `getAllByText`, or `findAllByText`)).

    Ignored nodes: comments, script, style
    [36m<body>[39m
      [36m<div>[39m
        [36m<div[39m
          [33mclass[39m=[32m"max-w-6xl mx-auto p-6"[39m
        [36m>[39m
          [36m<h1[39m
            [33mclass[39m=[32m"text-3xl font-bold mb-8 text-foreground"[39m
          [36m>[39m
            [0mConfiguration[0m
          [36m</h1>[39m
          [36m<div[39m
            [33mclass[39m=[32m"mb-8"[39m
          [36m>[39m
            [36m<div[39m
              [33mclass[39m=[32m"border-b border-border"[39m
            [36m>[39m
              [36m<nav[39m
                [33mclass[39m=[32m"flex space-x-8"[39m
              [36m>[39m
                [36m<button[39m
                  [33mclass[39m=[32m"py-4 px-1 border-b-2 font-medium text-sm transition-colors border-transparent text-muted-foreground hover:text-foreground hover:border-border"[39m
                [36m>[39m
                  [36m<span[39m
                    [33mclass[39m=[32m"mr-2"[39m
                  [36m>[39m
                    [0m⚙️[0m
                  [36m</span>[39m
                  [0mGeneral Settings[0m
                [36m</button>[39m
                [36m<button[39m
                  [33mclass[39m=[32m"py-4 px-1 border-b-2 font-medium text-sm transition-colors border-primary text-primary"[39m
                [36m>[39m
                  [36m<span[39m
                    [33mclass[39m=[32m"mr-2"[39m
                  [36m>[39m
                    [0m��[0m
                  [36m</span>[39m
                  [0mModel Default Parameters[0m
                [36m</button>[39m
              [36m</nav>[39m
            [36m</div>[39m
          [36m</div>[39m
          [36m<div[39m
            [33mclass[39m=[32m"bg-card border border-border rounded-lg p-6"[39m
          [36m>[39m
            [36m<h2[39m
              [33mclass[39m=[32m"text-xl font-semibold mb-6 text-foreground"[39m
            [36m>[39m
              [0mModel Default Parameters[0m
            [36m</h2>[39m
            [36m<div[39m
              [33mclass[39m=[32m"bg-card border border-border rounded-lg p-6"[39m
            [36m>[39m
              [36m<div[39m
                [33mclass[39m=[32m"grid grid-cols-1 md:grid-cols-2 lg:grid-cols-3 gap-6"[39m
              [36m>[39m
                [36m<div>[39m
                  [36m<label[39m
                    [33mclass[39m=[32m"block text-sm font-medium mb-2 text-foreground"[39m
                  [36m>[39m
                    [0mContext Size[0m
                  [36m</label>[39m
                  [36m<input[39m
                    [33mclass[39m=[32m"w-full border border-border rounded-md px-3 py-2 bg-background text-foreground"[39m
                    [33mmax[39m=[32m"2000000"[39m
                    [33mmin[39m=[32m"128"[39m
                    [33mtype[39m=[32m"number"[39m
                    [33mvalue[39m=[32m"4096"[39m
                  [36m/>[39m
                  [36m<p[39m
                    [33mclass[39m=[32m"text-xs text-muted-foreground mt-1"[39m
                  [36m>[39m
                    [0mMaximum tokens in context[0m
                  [36m</p>[39m
                [36m</div>[39m
                [36m<div>[39m
                  [36m<label[39m
                    [33mclass[39m=[32m"block text-sm font-medium mb-2 text-foreground"[39m
                  [36m>[39m
                    [0mBatch Size[0m
                  [36m</label>[39m
                  [36m<input[39m
                    [33mclass[39m=[32m"w-full border border-border rounded-md px-3 py-2 bg-background text-foreground"[39m
                    [33mmin[39m=[32m"1"[39m
                    [33mtype[39m=[32m"number"[39m
                    [33mvalue[39m=[32m"2048"[39m
                  [36m/>[39m
                  [36m<p[39m
                    [33mclass[39m=[32m"text-xs text-muted-foreground mt-1"[39m
                  [36m>[39m
                    [0mLogical batch size[0m
                  [36m</p>[39m
                [36m</div>[39m
                [36m<div>[39m
                  [36m<label[39m
                    [33mclass[39m=[32m"block text-sm font-medium mb-2 text-foreground"[39m
                  [36m>[39m
                    [0mTemperature[0m
                  [36m</label>[39m
                  [36m<input[39m
                    [33mclass[39m=[32m"w-full border border-border rounded-md px-3 py-2 bg-background text-foreground"[39m
                    [33mmax[39m=[32m"2"[39m
                    [33mmin[39m=[32m"0"[39m
                    [33mstep[39m=[32m"0.1"[39m
                    [33mtype[39m=[32m"number"[39m
                    [33mvalue[39m=[32m"0.8"[39m
                  [36m/>[39m
                  [36m<p[39m
                    [33mclass[39m=[32m"text-xs text-muted-foreground mt-1"[39m
                  [36m>[39m
                    [0mSampling temperature[0m
                  [36m</p>[39m
                [36m</div>[39m
                [36m<div>[39m
                  [36m<label[39m
                    [33mclass[39m=[32m"block text-sm font-medium mb-2 text-foreground"[39m
                  [36m>[39m
                    [0mTop P[0m
                  [36m</label>[39m
                  [36m<input[39m
                    [33mclass[39m=[32m"w-full border border-border rounded-md px-3 py-2 bg-background text-foreground"[39m
                    [33mmax[39m=[32m"1"[39m
                    [33mmin[39m=[32m"0"[39m
                    [33mstep[39m=[32m"0.05"[39m
                    [33mtype[39m=[32m"number"[39m
                    [33mvalue[39m=[32m"0.9"[39m
                  [36m/>[39m
                  [36m<p[39m
                    [33mclass[39m=[32m"text-xs text-muted-foreground mt-1"[39m
                  [36m>[39m
                    [0mNucleus sampling[0m
                  [36m</p>[39m
                [36m</div>[39m
                [36m<div>[39m
                  [36m<label[39m
                    [33mclass[39m=[32m"block text-sm font-medium mb-2 text-foreground"[39m
                  [36m>[39m
                    [0mTop K[0m
                  [36m</label>[39m
                  [36m<input[39m
                    [33mclass[39m=[32m"w-full border border-border rounded-md px-3 py-2 bg-background text-foreground"[39m
                    [33mmin[39m=[32m"0"[39m
                    [33mtype[39m=[32m"number"[39m
                    [33mvalue[39m=[32m"40"[39m
                  [36m/>[39m
                  [36m<p[39m
                    [33mclass[39m=[32m"text-xs text-muted-foreground mt-1"[39m
                  [36m>[39m
                    [0mTop-K sampling[0m
                  [36m</p>[39m
                [36m</div>[39m
                [36m<div>[39m
                  [36m<label[39m
                    [33mclass[39m=[32m"block text-sm font-medium mb-2 text-foreground"[39m
                  [36m>[39m
                    [0mGPU Layers[0m
                  [36m</label>[39m
                  [36m<input[39m
                    [33mclass[39m=[32m"w-full border border-border rounded-md px-3 py-2 bg-background text-foreground"[39m
                    [33mtype[39m=[32m"number"[39m
                    [33mvalue[39m=[32m"-1"[39m
                  [36m/>[39m
                  [36m<p[39m
                    [33mclass[39m=[32m"text-xs text-muted-foreground mt-1"[39m
                  [36m>[39m
                    [0mLayers on GPU (-1 = all)[0m
                  [36m</p>[39m
                [36m</div>[39m
                [36m<div>[39m
                  [36m<label[39m
                    [33mclass[39m=[32m"block text-sm font-medium mb-2 text-foreground"[39m
                  [36m>[39m
                    [0mCPU Threads[0m
                  [36m</label>[39m
                  [36m<input[39m
                    [33mclass[39m=[32m"w-full border border-border rounded-md px-3 py-2 bg-background text-foreground"[39m
                    [33mtype[39m=[32m"number"[39m
                    [33mvalue[39m=[32m"-1"[39m
                  [36m/>[39m
                  [36m<p[39m
                    [33mclass[39m=[32m"text-xs text-muted-foreground mt-1"[39m
                  [36m>[39m
                    [0mCPU threads (-1 = auto)[0m
                  [36m</p>[39m
                [36m</div>[39m
              [36m</div>[39m
              [36m<div[39m
                [33mclass[39m=[32m"mt-6"[39m
              [36m>[39m
                [36m<button[39m
                  [33mclass[39m=[32m"bg-primary text-primary-foreground hover:bg-primary/80 disabled:opacity-50 px-6 py-2 rounded-md transition-colors"[39m
                [36m>[39m
                  [0mSave Model Defaults[0m
                [36m</button>[39m
              [36m</div>[39m
            [36m</div>[39m
          [36m</div>[39m
        [36m</div>[39m
      [36m</div>[39m
    [36m</body>[39m

      317 |     fireEvent.click(modelDefaultsTab);
      318 |
    > 319 |     const gpuLayersInput = screen.getByDisplayValue('-1');
          |                                   ^
      320 |     fireEvent.change(gpuLayersInput, { target: { value: '35' } });
      321 |
      322 |     expect(gpuLayersInput).toHaveValue(35);

      at Object.getElementError (node_modules/.pnpm/@testing-library+dom@10.4.1/node_modules/@testing-library/dom/dist/config.js:37:19)
      at getElementError (node_modules/.pnpm/@testing-library+dom@10.4.1/node_modules/@testing-library/dom/dist/query-helpers.js:20:35)
      at getMultipleElementsFoundError (node_modules/.pnpm/@testing-library+dom@10.4.1/node_modules/@testing-library/dom/dist/query-helpers.js:23:10)
      at node_modules/.pnpm/@testing-library+dom@10.4.1/node_modules/@testing-library/dom/dist/query-helpers.js:55:13
      at node_modules/.pnpm/@testing-library+dom@10.4.1/node_modules/@testing-library/dom/dist/query-helpers.js:95:19
      at Object.<anonymous> (__tests__/components/pages/ConfigurationPage.test.tsx:319:35)

  ● ConfigurationPage › updates cpu threads

    TestingLibraryElementError: Found multiple elements with the display value: -1.

    Here are the matching elements:

    Ignored nodes: comments, script, style
    [36m<input[39m
      [33mclass[39m=[32m"w-full border border-border rounded-md px-3 py-2 bg-background text-foreground"[39m
      [33mtype[39m=[32m"number"[39m
      [33mvalue[39m=[32m"-1"[39m
    [36m/>[39m

    Ignored nodes: comments, script, style
    [36m<input[39m
      [33mclass[39m=[32m"w-full border border-border rounded-md px-3 py-2 bg-background text-foreground"[39m
      [33mtype[39m=[32m"number"[39m
      [33mvalue[39m=[32m"-1"[39m
    [36m/>[39m

    (If this is intentional, then use the `*AllBy*` variant of the query (like `queryAllByText`, `getAllByText`, or `findAllByText`)).

    Ignored nodes: comments, script, style
    [36m<body>[39m
      [36m<div>[39m
        [36m<div[39m
          [33mclass[39m=[32m"max-w-6xl mx-auto p-6"[39m
        [36m>[39m
          [36m<h1[39m
            [33mclass[39m=[32m"text-3xl font-bold mb-8 text-foreground"[39m
          [36m>[39m
            [0mConfiguration[0m
          [36m</h1>[39m
          [36m<div[39m
            [33mclass[39m=[32m"mb-8"[39m
          [36m>[39m
            [36m<div[39m
              [33mclass[39m=[32m"border-b border-border"[39m
            [36m>[39m
              [36m<nav[39m
                [33mclass[39m=[32m"flex space-x-8"[39m
              [36m>[39m
                [36m<button[39m
                  [33mclass[39m=[32m"py-4 px-1 border-b-2 font-medium text-sm transition-colors border-transparent text-muted-foreground hover:text-foreground hover:border-border"[39m
                [36m>[39m
                  [36m<span[39m
                    [33mclass[39m=[32m"mr-2"[39m
                  [36m>[39m
                    [0m⚙️[0m
                  [36m</span>[39m
                  [0mGeneral Settings[0m
                [36m</button>[39m
                [36m<button[39m
                  [33mclass[39m=[32m"py-4 px-1 border-b-2 font-medium text-sm transition-colors border-primary text-primary"[39m
                [36m>[39m
                  [36m<span[39m
                    [33mclass[39m=[32m"mr-2"[39m
                  [36m>[39m
                    [0m��[0m
                  [36m</span>[39m
                  [0mModel Default Parameters[0m
                [36m</button>[39m
              [36m</nav>[39m
            [36m</div>[39m
          [36m</div>[39m
          [36m<div[39m
            [33mclass[39m=[32m"bg-card border border-border rounded-lg p-6"[39m
          [36m>[39m
            [36m<h2[39m
              [33mclass[39m=[32m"text-xl font-semibold mb-6 text-foreground"[39m
            [36m>[39m
              [0mModel Default Parameters[0m
            [36m</h2>[39m
            [36m<div[39m
              [33mclass[39m=[32m"bg-card border border-border rounded-lg p-6"[39m
            [36m>[39m
              [36m<div[39m
                [33mclass[39m=[32m"grid grid-cols-1 md:grid-cols-2 lg:grid-cols-3 gap-6"[39m
              [36m>[39m
                [36m<div>[39m
                  [36m<label[39m
                    [33mclass[39m=[32m"block text-sm font-medium mb-2 text-foreground"[39m
                  [36m>[39m
                    [0mContext Size[0m
                  [36m</label>[39m
                  [36m<input[39m
                    [33mclass[39m=[32m"w-full border border-border rounded-md px-3 py-2 bg-background text-foreground"[39m
                    [33mmax[39m=[32m"2000000"[39m
                    [33mmin[39m=[32m"128"[39m
                    [33mtype[39m=[32m"number"[39m
                    [33mvalue[39m=[32m"4096"[39m
                  [36m/>[39m
                  [36m<p[39m
                    [33mclass[39m=[32m"text-xs text-muted-foreground mt-1"[39m
                  [36m>[39m
                    [0mMaximum tokens in context[0m
                  [36m</p>[39m
                [36m</div>[39m
                [36m<div>[39m
                  [36m<label[39m
                    [33mclass[39m=[32m"block text-sm font-medium mb-2 text-foreground"[39m
                  [36m>[39m
                    [0mBatch Size[0m
                  [36m</label>[39m
                  [36m<input[39m
                    [33mclass[39m=[32m"w-full border border-border rounded-md px-3 py-2 bg-background text-foreground"[39m
                    [33mmin[39m=[32m"1"[39m
                    [33mtype[39m=[32m"number"[39m
                    [33mvalue[39m=[32m"2048"[39m
                  [36m/>[39m
                  [36m<p[39m
                    [33mclass[39m=[32m"text-xs text-muted-foreground mt-1"[39m
                  [36m>[39m
                    [0mLogical batch size[0m
                  [36m</p>[39m
                [36m</div>[39m
                [36m<div>[39m
                  [36m<label[39m
                    [33mclass[39m=[32m"block text-sm font-medium mb-2 text-foreground"[39m
                  [36m>[39m
                    [0mTemperature[0m
                  [36m</label>[39m
                  [36m<input[39m
                    [33mclass[39m=[32m"w-full border border-border rounded-md px-3 py-2 bg-background text-foreground"[39m
                    [33mmax[39m=[32m"2"[39m
                    [33mmin[39m=[32m"0"[39m
                    [33mstep[39m=[32m"0.1"[39m
                    [33mtype[39m=[32m"number"[39m
                    [33mvalue[39m=[32m"0.8"[39m
                  [36m/>[39m
                  [36m<p[39m
                    [33mclass[39m=[32m"text-xs text-muted-foreground mt-1"[39m
                  [36m>[39m
                    [0mSampling temperature[0m
                  [36m</p>[39m
                [36m</div>[39m
                [36m<div>[39m
                  [36m<label[39m
                    [33mclass[39m=[32m"block text-sm font-medium mb-2 text-foreground"[39m
                  [36m>[39m
                    [0mTop P[0m
                  [36m</label>[39m
                  [36m<input[39m
                    [33mclass[39m=[32m"w-full border border-border rounded-md px-3 py-2 bg-background text-foreground"[39m
                    [33mmax[39m=[32m"1"[39m
                    [33mmin[39m=[32m"0"[39m
                    [33mstep[39m=[32m"0.05"[39m
                    [33mtype[39m=[32m"number"[39m
                    [33mvalue[39m=[32m"0.9"[39m
                  [36m/>[39m
                  [36m<p[39m
                    [33mclass[39m=[32m"text-xs text-muted-foreground mt-1"[39m
                  [36m>[39m
                    [0mNucleus sampling[0m
                  [36m</p>[39m
                [36m</div>[39m
                [36m<div>[39m
                  [36m<label[39m
                    [33mclass[39m=[32m"block text-sm font-medium mb-2 text-foreground"[39m
                  [36m>[39m
                    [0mTop K[0m
                  [36m</label>[39m
                  [36m<input[39m
                    [33mclass[39m=[32m"w-full border border-border rounded-md px-3 py-2 bg-background text-foreground"[39m
                    [33mmin[39m=[32m"0"[39m
                    [33mtype[39m=[32m"number"[39m
                    [33mvalue[39m=[32m"40"[39m
                  [36m/>[39m
                  [36m<p[39m
                    [33mclass[39m=[32m"text-xs text-muted-foreground mt-1"[39m
                  [36m>[39m
                    [0mTop-K sampling[0m
                  [36m</p>[39m
                [36m</div>[39m
                [36m<div>[39m
                  [36m<label[39m
                    [33mclass[39m=[32m"block text-sm font-medium mb-2 text-foreground"[39m
                  [36m>[39m
                    [0mGPU Layers[0m
                  [36m</label>[39m
                  [36m<input[39m
                    [33mclass[39m=[32m"w-full border border-border rounded-md px-3 py-2 bg-background text-foreground"[39m
                    [33mtype[39m=[32m"number"[39m
                    [33mvalue[39m=[32m"-1"[39m
                  [36m/>[39m
                  [36m<p[39m
                    [33mclass[39m=[32m"text-xs text-muted-foreground mt-1"[39m
                  [36m>[39m
                    [0mLayers on GPU (-1 = all)[0m
                  [36m</p>[39m
                [36m</div>[39m
                [36m<div>[39m
                  [36m<label[39m
                    [33mclass[39m=[32m"block text-sm font-medium mb-2 text-foreground"[39m
                  [36m>[39m
                    [0mCPU Threads[0m
                  [36m</label>[39m
                  [36m<input[39m
                    [33mclass[39m=[32m"w-full border border-border rounded-md px-3 py-2 bg-background text-foreground"[39m
                    [33mtype[39m=[32m"number"[39m
                    [33mvalue[39m=[32m"-1"[39m
                  [36m/>[39m
                  [36m<p[39m
                    [33mclass[39m=[32m"text-xs text-muted-foreground mt-1"[39m
                  [36m>[39m
                    [0mCPU threads (-1 = auto)[0m
                  [36m</p>[39m
                [36m</div>[39m
              [36m</div>[39m
              [36m<div[39m
                [33mclass[39m=[32m"mt-6"[39m
              [36m>[39m
                [36m<button[39m
                  [33mclass[39m=[32m"bg-primary text-primary-foreground hover:bg-primary/80 disabled:opacity-50 px-6 py-2 rounded-md transition-colors"[39m
                [36m>[39m
                  [0mSave Model Defaults[0m
                [36m</button>[39m
              [36m</div>[39m
            [36m</div>[39m
          [36m</div>[39m
        [36m</div>[39m
      [36m</div>[39m
    [36m</body>[39m

      330 |     fireEvent.click(modelDefaultsTab);
      331 |
    > 332 |     const threadsInput = screen.getByDisplayValue('-1');
          |                                 ^
      333 |     fireEvent.change(threadsInput, { target: { value: '8' } });
      334 |
      335 |     expect(threadsInput).toHaveValue(8);

      at Object.getElementError (node_modules/.pnpm/@testing-library+dom@10.4.1/node_modules/@testing-library/dom/dist/config.js:37:19)
      at getElementError (node_modules/.pnpm/@testing-library+dom@10.4.1/node_modules/@testing-library/dom/dist/query-helpers.js:20:35)
      at getMultipleElementsFoundError (node_modules/.pnpm/@testing-library+dom@10.4.1/node_modules/@testing-library/dom/dist/query-helpers.js:23:10)
      at node_modules/.pnpm/@testing-library+dom@10.4.1/node_modules/@testing-library/dom/dist/query-helpers.js:55:13
      at node_modules/.pnpm/@testing-library+dom@10.4.1/node_modules/@testing-library/dom/dist/query-helpers.js:95:19
      at Object.<anonymous> (__tests__/components/pages/ConfigurationPage.test.tsx:332:33)

  ● ConfigurationPage › clears save message after 3 seconds

    Unable to find an element with the text: Configuration saved successfully!. This could be because the text is broken up by multiple elements. In this case, you can provide a function for your text matcher to make your matcher more flexible.

    Ignored nodes: comments, script, style
    [36m<body>[39m
      [36m<div>[39m
        [36m<div[39m
          [33mclass[39m=[32m"max-w-6xl mx-auto p-6"[39m
        [36m>[39m
          [36m<h1[39m
            [33mclass[39m=[32m"text-3xl font-bold mb-8 text-foreground"[39m
          [36m>[39m
            [0mConfiguration[0m
          [36m</h1>[39m
          [36m<div[39m
            [33mclass[39m=[32m"mb-8"[39m
          [36m>[39m
            [36m<div[39m
              [33mclass[39m=[32m"border-b border-border"[39m
            [36m>[39m
              [36m<nav[39m
                [33mclass[39m=[32m"flex space-x-8"[39m
              [36m>[39m
                [36m<button[39m
                  [33mclass[39m=[32m"py-4 px-1 border-b-2 font-medium text-sm transition-colors border-primary text-primary"[39m
                [36m>[39m
                  [36m<span[39m
                    [33mclass[39m=[32m"mr-2"[39m
                  [36m>[39m
                    [0m⚙️[0m
                  [36m</span>[39m
                  [0mGeneral Settings[0m
                [36m</button>[39m
                [36m<button[39m
                  [33mclass[39m=[32m"py-4 px-1 border-b-2 font-medium text-sm transition-colors border-transparent text-muted-foreground hover:text-foreground hover:border-border"[39m
                [36m>[39m
                  [36m<span[39m
                    [33mclass[39m=[32m"mr-2"[39m
                  [36m>[39m
                    [0m��[0m
                  [36m</span>[39m
                  [0mModel Default Parameters[0m
                [36m</button>[39m
              [36m</nav>[39m
            [36m</div>[39m
          [36m</div>[39m
          [36m<div[39m
            [33mclass[39m=[32m"bg-card border border-border rounded-lg p-6 mb-8"[39m
          [36m>[39m
            [36m<h2[39m
              [33mclass[39m=[32m"text-xl font-semibold mb-6 text-foreground"[39m
            [36m>[39m
              [0mGeneral Settings[0m
            [36m</h2>[39m
            [36m<form>[39m
              [36m<div[39m
                [33mclass[39m=[32m"mb-4"[39m
              [36m>[39m
                [36m<input[39m
                  [33mclass[39m=[32m"border border-border rounded-md px-4 py-2 w-full bg-background text-foreground"[39m
                  [33mname[39m=[32m"basePath"[39m
                  [33mplaceholder[39m=[32m"Base path for models"[39m
                  [33mtype[39m=[32m"text"[39m
                  [33mvalue[39m=[32m"/home/user/models"[39m
                [36m/>[39m
              [36m</div>[39m
              [36m<div[39m
                [33mclass[39m=[32m"mb-4"[39m
              [36m>[39m
                [36m<input[39m
                  [33mclass[39m=[32m"border border-border rounded-md px-4 py-2 w-full bg-background text-foreground"[39m
                  [33mname[39m=[32m"logLevel"[39m
                  [33mplaceholder[39m=[32m"Log level (info, debug, error)"[39m
                  [33mtype[39m=[32m"text"[39m
                  [33mvalue[39m=[32m"info"[39m
                [36m/>[39m
              [36m</div>[39m
              [36m<div[39m
                [33mclass[39m=[32m"mb-4"[39m
              [36m>[39m
                [36m<input[39m
                  [33mclass[39m=[32m"border border-border rounded-md px-4 py-2 w-full bg-background text-foreground"[39m
                  [33mname[39m=[32m"maxConcurrentModels"[39m
                  [33mplaceholder[39m=[32m"Maximum concurrent models"[39m
                  [33mtype[39m=[32m"number"[39m
                  [33mvalue[39m=[32m"5"[39m
                [36m/>[39m
              [36m</div>[39m
              [36m<div[39m
                [33mclass[39m=[32m"mb-4"[39m
              [36m>[39m
                [36m<div[39m
                  [33mclass[39m=[32m"flex items-center gap-2"[39m
                [36m>[39m
                  [36m<input[39m
                    [33mchecked[39m=[32m""[39m
                    [33mclass[39m=[32m"mr-2"[39m
                    [33mname[39m=[32m"autoUpdate"[39m
                    [33mtype[39m=[32m"checkbox"[39m
                  [36m/>[39m
                  [36m<span[39m
                    [33mclass[39m=[32m"text-foreground"[39m
                  [36m>[39m
                    [0mAuto Update[0m
                  [36m</span>[39m
                [36m</div>[39m
              [36m</div>[39m
              [36m<div[39m
                [33mclass[39m=[32m"mb-4"[39m
              [36m>[39m
                [36m<div[39m
                  [33mclass[39m=[32m"flex items-center gap-2"[39m
                [36m>[39m
                  [36m<input[39m
                    [33mchecked[39m=[32m""[39m
                    [33mclass[39m=[32m"mr-2"[39m
                    [33mname[39m=[32m"notificationsEnabled"[39m
                    [33mtype[39m=[32m"checkbox"[39m
                  [36m/>[39m
                  [36m<span[39m
                    [33mclass[39m=[32m"text-foreground"[39m
                  [36m>[39m
                    [0mNotifications Enabled[0m
                  [36m</span>[39m
                [36m</div>[39m
              [36m</div>[39m
              [36m<button[39m
                [33mclass[39m=[32m"bg-primary text-primary-foreground hover:bg-primary/80 disabled:opacity-50 px-4 py-2 rounded-md transition-colors"[39m
              [36m>[39m
                [0mSave Configuration[0m
              [36m</button>[39m
              [36m<div[39m
                [33mclass[39m=[32m"mt-4 p-3 rounded-md bg-warning text-white border border-warning"[39m
              [36m>[39m
                [0mFailed to save configuration[0m
              [36m</div>[39m
            [36m</form>[39m
          [36m</div>[39m
        [36m</div>[39m
      [36m</div>[39m
    [36m</body>[39m

      369 |     fireEvent.click(saveButton);
      370 |
    > 371 |     await waitFor(() => {
          |                  ^
      372 |       expect(screen.getByText('Configuration saved successfully!')).toBeInTheDocument();
      373 |     });
      374 |

      at waitForWrapper (node_modules/.pnpm/@testing-library+dom@10.4.1/node_modules/@testing-library/dom/dist/wait-for.js:163:27)
      at Object.<anonymous> (__tests__/components/pages/ConfigurationPage.test.tsx:371:18)

FAIL __tests__/components/pages/ModelsPage.test.tsx
  ● ModelsPage › disables rescan button while rescanning

    expect(element).toBeDisabled()

    Received element is not disabled:
      <button class="bg-secondary text-secondary-foreground hover:bg-secondary/80 disabled:opacity-50 px-6 py-3 rounded-lg transition-colors font-medium" />

      353 |     fireEvent.click(rescanButton);
      354 |     
    > 355 |     expect(rescanButton).toBeDisabled();
          |                          ^
      356 |   });
      357 |
      358 |   it('shows loading state when model is starting', async () => {

      at Object.<anonymous> (__tests__/components/pages/ModelsPage.test.tsx:355:26)

  ● ModelsPage › handles rapid search changes

    TestingLibraryElementError: Unable to find an element with the text: Llama-2-7b. This could be because the text is broken up by multiple elements. In this case, you can provide a function for your text matcher to make your matcher more flexible.

    Ignored nodes: comments, script, style
    [36m<body>[39m
      [36m<div>[39m
        [36m<div[39m
          [33mclass[39m=[32m"models-page"[39m
        [36m>[39m
          [36m<h1[39m
            [33mclass[39m=[32m"text-3xl font-bold mb-8 text-foreground"[39m
          [36m>[39m
            [0mModels[0m
          [36m</h1>[39m
          [36m<div[39m
            [33mclass[39m=[32m"flex justify-between items-center mb-8"[39m
          [36m>[39m
            [36m<input[39m
              [33mclass[39m=[32m"border border-border rounded-lg px-4 py-3 w-64 bg-background text-foreground focus:outline-none focus:ring-2 focus:ring-primary transition-all"[39m
              [33mplaceholder[39m=[32m"Search models..."[39m
              [33mtype[39m=[32m"text"[39m
              [33mvalue[39m=[32m"llama"[39m
            [36m/>[39m
            [36m<div[39m
              [33mclass[39m=[32m"flex gap-3"[39m
            [36m>[39m
              [36m<button[39m
                [33mclass[39m=[32m"bg-primary text-primary-foreground hover:bg-primary/80 disabled:opacity-50 px-6 py-3 rounded-lg transition-colors font-medium"[39m
              [36m>[39m
                [0mDiscover Models[0m
              [36m</button>[39m
              [36m<button[39m
                [33mclass[39m=[32m"bg-secondary text-secondary-foreground hover:bg-secondary/80 disabled:opacity-50 px-6 py-3 rounded-lg transition-colors font-medium"[39m
              [36m>[39m
                [0mRescan Models[0m
              [36m</button>[39m
            [36m</div>[39m
          [36m</div>[39m
          [36m<div[39m
            [33mclass[39m=[32m"grid grid-cols-1 md:grid-cols-2 lg:grid-cols-3 gap-6"[39m
          [36m/>[39m
        [36m</div>[39m
      [36m</div>[39m
    [36m</body>[39m

      779 |     fireEvent.change(searchInput, { target: { value: 'llama' } });
      780 |
    > 781 |     expect(screen.getByText('Llama-2-7b')).toBeInTheDocument();
          |                   ^
      782 |   });
      783 |
      784 |   it('handles concurrent start/stop requests', async () => {

      at Object.getElementError (node_modules/.pnpm/@testing-library+dom@10.4.1/node_modules/@testing-library/dom/dist/config.js:37:19)
      at node_modules/.pnpm/@testing-library+dom@10.4.1/node_modules/@testing-library/dom/dist/query-helpers.js:76:38
      at node_modules/.pnpm/@testing-library+dom@10.4.1/node_modules/@testing-library/dom/dist/query-helpers.js:52:17
      at node_modules/.pnpm/@testing-library+dom@10.4.1/node_modules/@testing-library/dom/dist/query-helpers.js:95:19
      at Object.<anonymous> (__tests__/components/pages/ModelsPage.test.tsx:781:19)

  ● ModelsPage › handles WebSocket connection errors

    WebSocket connection failed

      812 |     const { websocketServer } = require('@/lib/websocket-client');
      813 |     websocketServer.connect.mockImplementation(() => {
    > 814 |       throw new Error('WebSocket connection failed');
          |             ^
      815 |     });
      816 |
      817 |     (global.fetch as jest.Mock).mockResolvedValue({

      at Object.<anonymous> (__tests__/components/pages/ModelsPage.test.tsx:814:13)
      at src/components/pages/ModelsPage.tsx:32:21
      at Object.react_stack_bottom_frame (node_modules/.pnpm/react-dom@19.2.3_react@19.2.3/node_modules/react-dom/cjs/react-dom-client.development.js:25989:20)
      at runWithFiberInDEV (node_modules/.pnpm/react-dom@19.2.3_react@19.2.3/node_modules/react-dom/cjs/react-dom-client.development.js:874:13)
      at commitHookEffectListMount (node_modules/.pnpm/react-dom@19.2.3_react@19.2.3/node_modules/react-dom/cjs/react-dom-client.development.js:13249:29)
      at commitHookPassiveMountEffects (node_modules/.pnpm/react-dom@19.2.3_react@19.2.3/node_modules/react-dom/cjs/react-dom-client.development.js:13336:11)
      at commitPassiveMountOnFiber (node_modules/.pnpm/react-dom@19.2.3_react@19.2.3/node_modules/react-dom/cjs/react-dom-client.development.js:15484:13)
      at recursivelyTraversePassiveMountEffects (node_modules/.pnpm/react-dom@19.2.3_react@19.2.3/node_modules/react-dom/cjs/react-dom-client.development.js:15439:11)
      at commitPassiveMountOnFiber (node_modules/.pnpm/react-dom@19.2.3_react@19.2.3/node_modules/react-dom/cjs/react-dom-client.development.js:15519:11)
      at flushPassiveEffects (node_modules/.pnpm/react-dom@19.2.3_react@19.2.3/node_modules/react-dom/cjs/react-dom-client.development.js:18432:9)
      at node_modules/.pnpm/react-dom@19.2.3_react@19.2.3/node_modules/react-dom/cjs/react-dom-client.development.js:17923:15
      at flushActQueue (node_modules/.pnpm/react@19.2.3/node_modules/react/cjs/react.development.js:590:34)
      at process.env.NODE_ENV.exports.act (node_modules/.pnpm/react@19.2.3/node_modules/react/cjs/react.development.js:884:10)
      at node_modules/.pnpm/@testing-library+react@16.3.1_@testing-library+dom@10.4.1_@types+react-dom@19.2.3_@type_68c5b21a70acecf0fbbfd97f51128017/node_modules/@testing-library/react/dist/act-compat.js:46:25
      at renderRoot (node_modules/.pnpm/@testing-library+react@16.3.1_@testing-library+dom@10.4.1_@types+react-dom@19.2.3_@type_68c5b21a70acecf0fbbfd97f51128017/node_modules/@testing-library/react/dist/pure.js:189:26)
      at render (node_modules/.pnpm/@testing-library+react@16.3.1_@testing-library+dom@10.4.1_@types+react-dom@19.2.3_@type_68c5b21a70acecf0fbbfd97f51128017/node_modules/@testing-library/react/dist/pure.js:291:10)
      at Object.<anonymous> (__tests__/components/pages/ModelsPage.test.tsx:822:11)

  ● ModelsPage › handles malformed WebSocket messages

    WebSocket connection failed

      812 |     const { websocketServer } = require('@/lib/websocket-client');
      813 |     websocketServer.connect.mockImplementation(() => {
    > 814 |       throw new Error('WebSocket connection failed');
          |             ^
      815 |     });
      816 |
      817 |     (global.fetch as jest.Mock).mockResolvedValue({

      at Object.<anonymous> (__tests__/components/pages/ModelsPage.test.tsx:814:13)
      at src/components/pages/ModelsPage.tsx:32:21
      at Object.react_stack_bottom_frame (node_modules/.pnpm/react-dom@19.2.3_react@19.2.3/node_modules/react-dom/cjs/react-dom-client.development.js:25989:20)
      at runWithFiberInDEV (node_modules/.pnpm/react-dom@19.2.3_react@19.2.3/node_modules/react-dom/cjs/react-dom-client.development.js:874:13)
      at commitHookEffectListMount (node_modules/.pnpm/react-dom@19.2.3_react@19.2.3/node_modules/react-dom/cjs/react-dom-client.development.js:13249:29)
      at commitHookPassiveMountEffects (node_modules/.pnpm/react-dom@19.2.3_react@19.2.3/node_modules/react-dom/cjs/react-dom-client.development.js:13336:11)
      at commitPassiveMountOnFiber (node_modules/.pnpm/react-dom@19.2.3_react@19.2.3/node_modules/react-dom/cjs/react-dom-client.development.js:15484:13)
      at recursivelyTraversePassiveMountEffects (node_modules/.pnpm/react-dom@19.2.3_react@19.2.3/node_modules/react-dom/cjs/react-dom-client.development.js:15439:11)
      at commitPassiveMountOnFiber (node_modules/.pnpm/react-dom@19.2.3_react@19.2.3/node_modules/react-dom/cjs/react-dom-client.development.js:15519:11)
      at flushPassiveEffects (node_modules/.pnpm/react-dom@19.2.3_react@19.2.3/node_modules/react-dom/cjs/react-dom-client.development.js:18432:9)
      at node_modules/.pnpm/react-dom@19.2.3_react@19.2.3/node_modules/react-dom/cjs/react-dom-client.development.js:17923:15
      at flushActQueue (node_modules/.pnpm/react@19.2.3/node_modules/react/cjs/react.development.js:590:34)
      at process.env.NODE_ENV.exports.act (node_modules/.pnpm/react@19.2.3/node_modules/react/cjs/react.development.js:884:10)
      at node_modules/.pnpm/@testing-library+react@16.3.1_@testing-library+dom@10.4.1_@types+react-dom@19.2.3_@type_68c5b21a70acecf0fbbfd97f51128017/node_modules/@testing-library/react/dist/act-compat.js:46:25
      at renderRoot (node_modules/.pnpm/@testing-library+react@16.3.1_@testing-library+dom@10.4.1_@types+react-dom@19.2.3_@type_68c5b21a70acecf0fbbfd97f51128017/node_modules/@testing-library/react/dist/pure.js:189:26)
      at render (node_modules/.pnpm/@testing-library+react@16.3.1_@testing-library+dom@10.4.1_@types+react-dom@19.2.3_@type_68c5b21a70acecf0fbbfd97f51128017/node_modules/@testing-library/react/dist/pure.js:291:10)
      at Object.<anonymous> (__tests__/components/pages/ModelsPage.test.tsx:830:11)

  ● ModelsPage › handles API response with missing models array

    WebSocket connection failed

      812 |     const { websocketServer } = require('@/lib/websocket-client');
      813 |     websocketServer.connect.mockImplementation(() => {
    > 814 |       throw new Error('WebSocket connection failed');
          |             ^
      815 |     });
      816 |
      817 |     (global.fetch as jest.Mock).mockResolvedValue({

      at Object.<anonymous> (__tests__/components/pages/ModelsPage.test.tsx:814:13)
      at src/components/pages/ModelsPage.tsx:32:21
      at Object.react_stack_bottom_frame (node_modules/.pnpm/react-dom@19.2.3_react@19.2.3/node_modules/react-dom/cjs/react-dom-client.development.js:25989:20)
      at runWithFiberInDEV (node_modules/.pnpm/react-dom@19.2.3_react@19.2.3/node_modules/react-dom/cjs/react-dom-client.development.js:874:13)
      at commitHookEffectListMount (node_modules/.pnpm/react-dom@19.2.3_react@19.2.3/node_modules/react-dom/cjs/react-dom-client.development.js:13249:29)
      at commitHookPassiveMountEffects (node_modules/.pnpm/react-dom@19.2.3_react@19.2.3/node_modules/react-dom/cjs/react-dom-client.development.js:13336:11)
      at commitPassiveMountOnFiber (node_modules/.pnpm/react-dom@19.2.3_react@19.2.3/node_modules/react-dom/cjs/react-dom-client.development.js:15484:13)
      at recursivelyTraversePassiveMountEffects (node_modules/.pnpm/react-dom@19.2.3_react@19.2.3/node_modules/react-dom/cjs/react-dom-client.development.js:15439:11)
      at commitPassiveMountOnFiber (node_modules/.pnpm/react-dom@19.2.3_react@19.2.3/node_modules/react-dom/cjs/react-dom-client.development.js:15519:11)
      at flushPassiveEffects (node_modules/.pnpm/react-dom@19.2.3_react@19.2.3/node_modules/react-dom/cjs/react-dom-client.development.js:18432:9)
      at node_modules/.pnpm/react-dom@19.2.3_react@19.2.3/node_modules/react-dom/cjs/react-dom-client.development.js:17923:15
      at flushActQueue (node_modules/.pnpm/react@19.2.3/node_modules/react/cjs/react.development.js:590:34)
      at process.env.NODE_ENV.exports.act (node_modules/.pnpm/react@19.2.3/node_modules/react/cjs/react.development.js:884:10)
      at node_modules/.pnpm/@testing-library+react@16.3.1_@testing-library+dom@10.4.1_@types+react-dom@19.2.3_@type_68c5b21a70acecf0fbbfd97f51128017/node_modules/@testing-library/react/dist/act-compat.js:46:25
      at renderRoot (node_modules/.pnpm/@testing-library+react@16.3.1_@testing-library+dom@10.4.1_@types+react-dom@19.2.3_@type_68c5b21a70acecf0fbbfd97f51128017/node_modules/@testing-library/react/dist/pure.js:189:26)
      at render (node_modules/.pnpm/@testing-library+react@16.3.1_@testing-library+dom@10.4.1_@types+react-dom@19.2.3_@type_68c5b21a70acecf0fbbfd97f51128017/node_modules/@testing-library/react/dist/pure.js:291:10)
      at Object.<anonymous> (__tests__/components/pages/ModelsPage.test.tsx:853:11)

  ● ModelsPage › handles API response with null data

    WebSocket connection failed

      812 |     const { websocketServer } = require('@/lib/websocket-client');
      813 |     websocketServer.connect.mockImplementation(() => {
    > 814 |       throw new Error('WebSocket connection failed');
          |             ^
      815 |     });
      816 |
      817 |     (global.fetch as jest.Mock).mockResolvedValue({

      at Object.<anonymous> (__tests__/components/pages/ModelsPage.test.tsx:814:13)
      at src/components/pages/ModelsPage.tsx:32:21
      at Object.react_stack_bottom_frame (node_modules/.pnpm/react-dom@19.2.3_react@19.2.3/node_modules/react-dom/cjs/react-dom-client.development.js:25989:20)
      at runWithFiberInDEV (node_modules/.pnpm/react-dom@19.2.3_react@19.2.3/node_modules/react-dom/cjs/react-dom-client.development.js:874:13)
      at commitHookEffectListMount (node_modules/.pnpm/react-dom@19.2.3_react@19.2.3/node_modules/react-dom/cjs/react-dom-client.development.js:13249:29)
      at commitHookPassiveMountEffects (node_modules/.pnpm/react-dom@19.2.3_react@19.2.3/node_modules/react-dom/cjs/react-dom-client.development.js:13336:11)
      at commitPassiveMountOnFiber (node_modules/.pnpm/react-dom@19.2.3_react@19.2.3/node_modules/react-dom/cjs/react-dom-client.development.js:15484:13)
      at recursivelyTraversePassiveMountEffects (node_modules/.pnpm/react-dom@19.2.3_react@19.2.3/node_modules/react-dom/cjs/react-dom-client.development.js:15439:11)
      at commitPassiveMountOnFiber (node_modules/.pnpm/react-dom@19.2.3_react@19.2.3/node_modules/react-dom/cjs/react-dom-client.development.js:15519:11)
      at flushPassiveEffects (node_modules/.pnpm/react-dom@19.2.3_react@19.2.3/node_modules/react-dom/cjs/react-dom-client.development.js:18432:9)
      at node_modules/.pnpm/react-dom@19.2.3_react@19.2.3/node_modules/react-dom/cjs/react-dom-client.development.js:17923:15
      at flushActQueue (node_modules/.pnpm/react@19.2.3/node_modules/react/cjs/react.development.js:590:34)
      at process.env.NODE_ENV.exports.act (node_modules/.pnpm/react@19.2.3/node_modules/react/cjs/react.development.js:884:10)
      at node_modules/.pnpm/@testing-library+react@16.3.1_@testing-library+dom@10.4.1_@types+react-dom@19.2.3_@type_68c5b21a70acecf0fbbfd97f51128017/node_modules/@testing-library/react/dist/act-compat.js:46:25
      at renderRoot (node_modules/.pnpm/@testing-library+react@16.3.1_@testing-library+dom@10.4.1_@types+react-dom@19.2.3_@type_68c5b21a70acecf0fbbfd97f51128017/node_modules/@testing-library/react/dist/pure.js:189:26)
      at render (node_modules/.pnpm/@testing-library+react@16.3.1_@testing-library+dom@10.4.1_@types+react-dom@19.2.3_@type_68c5b21a70acecf0fbbfd97f51128017/node_modules/@testing-library/react/dist/pure.js:291:10)
      at Object.<anonymous> (__tests__/components/pages/ModelsPage.test.tsx:866:11)

  ● ModelsPage › handles discover API with invalid paths

    WebSocket connection failed

      812 |     const { websocketServer } = require('@/lib/websocket-client');
      813 |     websocketServer.connect.mockImplementation(() => {
    > 814 |       throw new Error('WebSocket connection failed');
          |             ^
      815 |     });
      816 |
      817 |     (global.fetch as jest.Mock).mockResolvedValue({

      at Object.<anonymous> (__tests__/components/pages/ModelsPage.test.tsx:814:13)
      at src/components/pages/ModelsPage.tsx:32:21
      at Object.react_stack_bottom_frame (node_modules/.pnpm/react-dom@19.2.3_react@19.2.3/node_modules/react-dom/cjs/react-dom-client.development.js:25989:20)
      at runWithFiberInDEV (node_modules/.pnpm/react-dom@19.2.3_react@19.2.3/node_modules/react-dom/cjs/react-dom-client.development.js:874:13)
      at commitHookEffectListMount (node_modules/.pnpm/react-dom@19.2.3_react@19.2.3/node_modules/react-dom/cjs/react-dom-client.development.js:13249:29)
      at commitHookPassiveMountEffects (node_modules/.pnpm/react-dom@19.2.3_react@19.2.3/node_modules/react-dom/cjs/react-dom-client.development.js:13336:11)
      at commitPassiveMountOnFiber (node_modules/.pnpm/react-dom@19.2.3_react@19.2.3/node_modules/react-dom/cjs/react-dom-client.development.js:15484:13)
      at recursivelyTraversePassiveMountEffects (node_modules/.pnpm/react-dom@19.2.3_react@19.2.3/node_modules/react-dom/cjs/react-dom-client.development.js:15439:11)
      at commitPassiveMountOnFiber (node_modules/.pnpm/react-dom@19.2.3_react@19.2.3/node_modules/react-dom/cjs/react-dom-client.development.js:15519:11)
      at flushPassiveEffects (node_modules/.pnpm/react-dom@19.2.3_react@19.2.3/node_modules/react-dom/cjs/react-dom-client.development.js:18432:9)
      at node_modules/.pnpm/react-dom@19.2.3_react@19.2.3/node_modules/react-dom/cjs/react-dom-client.development.js:17923:15
      at flushActQueue (node_modules/.pnpm/react@19.2.3/node_modules/react/cjs/react.development.js:590:34)
      at process.env.NODE_ENV.exports.act (node_modules/.pnpm/react@19.2.3/node_modules/react/cjs/react.development.js:884:10)
      at node_modules/.pnpm/@testing-library+react@16.3.1_@testing-library+dom@10.4.1_@types+react-dom@19.2.3_@type_68c5b21a70acecf0fbbfd97f51128017/node_modules/@testing-library/react/dist/act-compat.js:46:25
      at renderRoot (node_modules/.pnpm/@testing-library+react@16.3.1_@testing-library+dom@10.4.1_@types+react-dom@19.2.3_@type_68c5b21a70acecf0fbbfd97f51128017/node_modules/@testing-library/react/dist/pure.js:189:26)
      at render (node_modules/.pnpm/@testing-library+react@16.3.1_@testing-library+dom@10.4.1_@types+react-dom@19.2.3_@type_68c5b21a70acecf0fbbfd97f51128017/node_modules/@testing-library/react/dist/pure.js:291:10)
      at Object.<anonymous> (__tests__/components/pages/ModelsPage.test.tsx:884:11)

  ● ModelsPage › handles model status transition from loading to running

    WebSocket connection failed

      812 |     const { websocketServer } = require('@/lib/websocket-client');
      813 |     websocketServer.connect.mockImplementation(() => {
    > 814 |       throw new Error('WebSocket connection failed');
          |             ^
      815 |     });
      816 |
      817 |     (global.fetch as jest.Mock).mockResolvedValue({

      at Object.<anonymous> (__tests__/components/pages/ModelsPage.test.tsx:814:13)
      at src/components/pages/ModelsPage.tsx:32:21
      at Object.react_stack_bottom_frame (node_modules/.pnpm/react-dom@19.2.3_react@19.2.3/node_modules/react-dom/cjs/react-dom-client.development.js:25989:20)
      at runWithFiberInDEV (node_modules/.pnpm/react-dom@19.2.3_react@19.2.3/node_modules/react-dom/cjs/react-dom-client.development.js:874:13)
      at commitHookEffectListMount (node_modules/.pnpm/react-dom@19.2.3_react@19.2.3/node_modules/react-dom/cjs/react-dom-client.development.js:13249:29)
      at commitHookPassiveMountEffects (node_modules/.pnpm/react-dom@19.2.3_react@19.2.3/node_modules/react-dom/cjs/react-dom-client.development.js:13336:11)
      at commitPassiveMountOnFiber (node_modules/.pnpm/react-dom@19.2.3_react@19.2.3/node_modules/react-dom/cjs/react-dom-client.development.js:15484:13)
      at recursivelyTraversePassiveMountEffects (node_modules/.pnpm/react-dom@19.2.3_react@19.2.3/node_modules/react-dom/cjs/react-dom-client.development.js:15439:11)
      at commitPassiveMountOnFiber (node_modules/.pnpm/react-dom@19.2.3_react@19.2.3/node_modules/react-dom/cjs/react-dom-client.development.js:15519:11)
      at flushPassiveEffects (node_modules/.pnpm/react-dom@19.2.3_react@19.2.3/node_modules/react-dom/cjs/react-dom-client.development.js:18432:9)
      at node_modules/.pnpm/react-dom@19.2.3_react@19.2.3/node_modules/react-dom/cjs/react-dom-client.development.js:17923:15
      at flushActQueue (node_modules/.pnpm/react@19.2.3/node_modules/react/cjs/react.development.js:590:34)
      at process.env.NODE_ENV.exports.act (node_modules/.pnpm/react@19.2.3/node_modules/react/cjs/react.development.js:884:10)
      at node_modules/.pnpm/@testing-library+react@16.3.1_@testing-library+dom@10.4.1_@types+react-dom@19.2.3_@type_68c5b21a70acecf0fbbfd97f51128017/node_modules/@testing-library/react/dist/act-compat.js:46:25
      at renderRoot (node_modules/.pnpm/@testing-library+react@16.3.1_@testing-library+dom@10.4.1_@types+react-dom@19.2.3_@type_68c5b21a70acecf0fbbfd97f51128017/node_modules/@testing-library/react/dist/pure.js:189:26)
      at render (node_modules/.pnpm/@testing-library+react@16.3.1_@testing-library+dom@10.4.1_@types+react-dom@19.2.3_@type_68c5b21a70acecf0fbbfd97f51128017/node_modules/@testing-library/react/dist/pure.js:291:10)
      at Object.<anonymous> (__tests__/components/pages/ModelsPage.test.tsx:908:11)

  ● ModelsPage › handles models with very large size values

    WebSocket connection failed

      812 |     const { websocketServer } = require('@/lib/websocket-client');
      813 |     websocketServer.connect.mockImplementation(() => {
    > 814 |       throw new Error('WebSocket connection failed');
          |             ^
      815 |     });
      816 |
      817 |     (global.fetch as jest.Mock).mockResolvedValue({

      at Object.<anonymous> (__tests__/components/pages/ModelsPage.test.tsx:814:13)
      at src/components/pages/ModelsPage.tsx:32:21
      at Object.react_stack_bottom_frame (node_modules/.pnpm/react-dom@19.2.3_react@19.2.3/node_modules/react-dom/cjs/react-dom-client.development.js:25989:20)
      at runWithFiberInDEV (node_modules/.pnpm/react-dom@19.2.3_react@19.2.3/node_modules/react-dom/cjs/react-dom-client.development.js:874:13)
      at commitHookEffectListMount (node_modules/.pnpm/react-dom@19.2.3_react@19.2.3/node_modules/react-dom/cjs/react-dom-client.development.js:13249:29)
      at commitHookPassiveMountEffects (node_modules/.pnpm/react-dom@19.2.3_react@19.2.3/node_modules/react-dom/cjs/react-dom-client.development.js:13336:11)
      at commitPassiveMountOnFiber (node_modules/.pnpm/react-dom@19.2.3_react@19.2.3/node_modules/react-dom/cjs/react-dom-client.development.js:15484:13)
      at recursivelyTraversePassiveMountEffects (node_modules/.pnpm/react-dom@19.2.3_react@19.2.3/node_modules/react-dom/cjs/react-dom-client.development.js:15439:11)
      at commitPassiveMountOnFiber (node_modules/.pnpm/react-dom@19.2.3_react@19.2.3/node_modules/react-dom/cjs/react-dom-client.development.js:15519:11)
      at flushPassiveEffects (node_modules/.pnpm/react-dom@19.2.3_react@19.2.3/node_modules/react-dom/cjs/react-dom-client.development.js:18432:9)
      at node_modules/.pnpm/react-dom@19.2.3_react@19.2.3/node_modules/react-dom/cjs/react-dom-client.development.js:17923:15
      at flushActQueue (node_modules/.pnpm/react@19.2.3/node_modules/react/cjs/react.development.js:590:34)
      at process.env.NODE_ENV.exports.act (node_modules/.pnpm/react@19.2.3/node_modules/react/cjs/react.development.js:884:10)
      at node_modules/.pnpm/@testing-library+react@16.3.1_@testing-library+dom@10.4.1_@types+react-dom@19.2.3_@type_68c5b21a70acecf0fbbfd97f51128017/node_modules/@testing-library/react/dist/act-compat.js:46:25
      at renderRoot (node_modules/.pnpm/@testing-library+react@16.3.1_@testing-library+dom@10.4.1_@types+react-dom@19.2.3_@type_68c5b21a70acecf0fbbfd97f51128017/node_modules/@testing-library/react/dist/pure.js:189:26)
      at render (node_modules/.pnpm/@testing-library+react@16.3.1_@testing-library+dom@10.4.1_@types+react-dom@19.2.3_@type_68c5b21a70acecf0fbbfd97f51128017/node_modules/@testing-library/react/dist/pure.js:291:10)
      at Object.<anonymous> (__tests__/components/pages/ModelsPage.test.tsx:930:11)

  ● ModelsPage › handles search with unicode characters

    WebSocket connection failed

      812 |     const { websocketServer } = require('@/lib/websocket-client');
      813 |     websocketServer.connect.mockImplementation(() => {
    > 814 |       throw new Error('WebSocket connection failed');
          |             ^
      815 |     });
      816 |
      817 |     (global.fetch as jest.Mock).mockResolvedValue({

      at Object.<anonymous> (__tests__/components/pages/ModelsPage.test.tsx:814:13)
      at src/components/pages/ModelsPage.tsx:32:21
      at Object.react_stack_bottom_frame (node_modules/.pnpm/react-dom@19.2.3_react@19.2.3/node_modules/react-dom/cjs/react-dom-client.development.js:25989:20)
      at runWithFiberInDEV (node_modules/.pnpm/react-dom@19.2.3_react@19.2.3/node_modules/react-dom/cjs/react-dom-client.development.js:874:13)
      at commitHookEffectListMount (node_modules/.pnpm/react-dom@19.2.3_react@19.2.3/node_modules/react-dom/cjs/react-dom-client.development.js:13249:29)
      at commitHookPassiveMountEffects (node_modules/.pnpm/react-dom@19.2.3_react@19.2.3/node_modules/react-dom/cjs/react-dom-client.development.js:13336:11)
      at commitPassiveMountOnFiber (node_modules/.pnpm/react-dom@19.2.3_react@19.2.3/node_modules/react-dom/cjs/react-dom-client.development.js:15484:13)
      at recursivelyTraversePassiveMountEffects (node_modules/.pnpm/react-dom@19.2.3_react@19.2.3/node_modules/react-dom/cjs/react-dom-client.development.js:15439:11)
      at commitPassiveMountOnFiber (node_modules/.pnpm/react-dom@19.2.3_react@19.2.3/node_modules/react-dom/cjs/react-dom-client.development.js:15519:11)
      at flushPassiveEffects (node_modules/.pnpm/react-dom@19.2.3_react@19.2.3/node_modules/react-dom/cjs/react-dom-client.development.js:18432:9)
      at node_modules/.pnpm/react-dom@19.2.3_react@19.2.3/node_modules/react-dom/cjs/react-dom-client.development.js:17923:15
      at flushActQueue (node_modules/.pnpm/react@19.2.3/node_modules/react/cjs/react.development.js:590:34)
      at process.env.NODE_ENV.exports.act (node_modules/.pnpm/react@19.2.3/node_modules/react/cjs/react.development.js:884:10)
      at node_modules/.pnpm/@testing-library+react@16.3.1_@testing-library+dom@10.4.1_@types+react-dom@19.2.3_@type_68c5b21a70acecf0fbbfd97f51128017/node_modules/@testing-library/react/dist/act-compat.js:46:25
      at renderRoot (node_modules/.pnpm/@testing-library+react@16.3.1_@testing-library+dom@10.4.1_@types+react-dom@19.2.3_@type_68c5b21a70acecf0fbbfd97f51128017/node_modules/@testing-library/react/dist/pure.js:189:26)
      at render (node_modules/.pnpm/@testing-library+react@16.3.1_@testing-library+dom@10.4.1_@types+react-dom@19.2.3_@type_68c5b21a70acecf0fbbfd97f51128017/node_modules/@testing-library/react/dist/pure.js:291:10)
      at Object.<anonymous> (__tests__/components/pages/ModelsPage.test.tsx:951:11)

  ● ModelsPage › handles duplicate model names

    WebSocket connection failed

      812 |     const { websocketServer } = require('@/lib/websocket-client');
      813 |     websocketServer.connect.mockImplementation(() => {
    > 814 |       throw new Error('WebSocket connection failed');
          |             ^
      815 |     });
      816 |
      817 |     (global.fetch as jest.Mock).mockResolvedValue({

      at Object.<anonymous> (__tests__/components/pages/ModelsPage.test.tsx:814:13)
      at src/components/pages/ModelsPage.tsx:32:21
      at Object.react_stack_bottom_frame (node_modules/.pnpm/react-dom@19.2.3_react@19.2.3/node_modules/react-dom/cjs/react-dom-client.development.js:25989:20)
      at runWithFiberInDEV (node_modules/.pnpm/react-dom@19.2.3_react@19.2.3/node_modules/react-dom/cjs/react-dom-client.development.js:874:13)
      at commitHookEffectListMount (node_modules/.pnpm/react-dom@19.2.3_react@19.2.3/node_modules/react-dom/cjs/react-dom-client.development.js:13249:29)
      at commitHookPassiveMountEffects (node_modules/.pnpm/react-dom@19.2.3_react@19.2.3/node_modules/react-dom/cjs/react-dom-client.development.js:13336:11)
      at commitPassiveMountOnFiber (node_modules/.pnpm/react-dom@19.2.3_react@19.2.3/node_modules/react-dom/cjs/react-dom-client.development.js:15484:13)
      at recursivelyTraversePassiveMountEffects (node_modules/.pnpm/react-dom@19.2.3_react@19.2.3/node_modules/react-dom/cjs/react-dom-client.development.js:15439:11)
      at commitPassiveMountOnFiber (node_modules/.pnpm/react-dom@19.2.3_react@19.2.3/node_modules/react-dom/cjs/react-dom-client.development.js:15519:11)
      at flushPassiveEffects (node_modules/.pnpm/react-dom@19.2.3_react@19.2.3/node_modules/react-dom/cjs/react-dom-client.development.js:18432:9)
      at node_modules/.pnpm/react-dom@19.2.3_react@19.2.3/node_modules/react-dom/cjs/react-dom-client.development.js:17923:15
      at flushActQueue (node_modules/.pnpm/react@19.2.3/node_modules/react/cjs/react.development.js:590:34)
      at process.env.NODE_ENV.exports.act (node_modules/.pnpm/react@19.2.3/node_modules/react/cjs/react.development.js:884:10)
      at node_modules/.pnpm/@testing-library+react@16.3.1_@testing-library+dom@10.4.1_@types+react-dom@19.2.3_@type_68c5b21a70acecf0fbbfd97f51128017/node_modules/@testing-library/react/dist/act-compat.js:46:25
      at renderRoot (node_modules/.pnpm/@testing-library+react@16.3.1_@testing-library+dom@10.4.1_@types+react-dom@19.2.3_@type_68c5b21a70acecf0fbbfd97f51128017/node_modules/@testing-library/react/dist/pure.js:189:26)
      at render (node_modules/.pnpm/@testing-library+react@16.3.1_@testing-library+dom@10.4.1_@types+react-dom@19.2.3_@type_68c5b21a70acecf0fbbfd97f51128017/node_modules/@testing-library/react/dist/pure.js:291:10)
      at Object.<anonymous> (__tests__/components/pages/ModelsPage.test.tsx:986:11)

FAIL src/lib/__tests__/monitor.test.ts
  ● monitor › captureMetrics › handles all idle time

    expect(received).toBe(expected) // Object.is equality

    Expected: 0
    Received: -Infinity

      202 |       const metrics = captureMetrics();
      203 |
    > 204 |       expect(metrics.cpuUsage).toBe(0);
          |                                ^
      205 |     });
      206 |
      207 |     it('handles zero memory usage', () => {

      at Object.<anonymous> (src/lib/__tests__/monitor.test.ts:204:32)

  ● monitor › writeHistory › writes history to temporary file

    expect(jest.fn()).toHaveBeenCalledWith(...expected)

    Expected: "/mock/path/monitoring-history.json.tmp", "[
      {
        \"cpuUsage\": 45,
        \"memoryUsage\": 60
      }
    ]", "utf8"
    Received: "undefined.tmp", "[
      {
        \"cpuUsage\": 45,
        \"memoryUsage\": 60
      }
    ]", "utf8"

    Number of calls: 1

      306 |       writeHistory(mockHistory);
      307 |
    > 308 |       expect(mockedFs.writeFileSync).toHaveBeenCalledWith(
          |                                      ^
      309 |         '/mock/path/monitoring-history.json.tmp',
      310 |         JSON.stringify(mockHistory, null, 2),
      311 |         'utf8'

      at Object.<anonymous> (src/lib/__tests__/monitor.test.ts:308:38)

  ● monitor › writeHistory › renames temporary file to final file

    expect(jest.fn()).toHaveBeenCalledWith(...expected)

    Expected: "/mock/path/monitoring-history.json.tmp", "/mock/path/monitoring-history.json"
    Received: "undefined.tmp", undefined

    Number of calls: 1

      318 |       writeHistory(mockHistory);
      319 |
    > 320 |       expect(mockedFs.renameSync).toHaveBeenCalledWith(
          |                                   ^
      321 |         '/mock/path/monitoring-history.json.tmp',
      322 |         '/mock/path/monitoring-history.json'
      323 |       );

      at Object.<anonymous> (src/lib/__tests__/monitor.test.ts:320:35)

  ● monitor › startPeriodicRecording › starts recording interval

    TypeError: (0 , monitor_1.startPeriodicRecording) is not a function

      382 |   describe('startPeriodicRecording', () => {
      383 |     it('starts recording interval', () => {
    > 384 |       startPeriodicRecording();
          |                             ^
      385 |
      386 |       expect(setInterval).toHaveBeenCalledWith(expect.any(Function), 30000);
      387 |     });

      at Object.<anonymous> (src/lib/__tests__/monitor.test.ts:384:29)

  ● monitor › startPeriodicRecording › does not start multiple intervals

    TypeError: (0 , monitor_1.startPeriodicRecording) is not a function

      388 |
      389 |     it('does not start multiple intervals', () => {
    > 390 |       startPeriodicRecording();
          |                             ^
      391 |       startPeriodicRecording();
      392 |
      393 |       expect(setInterval).toHaveBeenCalledTimes(1);

      at Object.<anonymous> (src/lib/__tests__/monitor.test.ts:390:29)

  ● monitor › startPeriodicRecording › captures metrics on interval

    TypeError: (0 , monitor_1.startPeriodicRecording) is not a function

      399 |       mockedFs.renameSync.mockReturnValue(undefined);
      400 |
    > 401 |       startPeriodicRecording();
          |                             ^
      402 |
      403 |       jest.advanceTimersByTime(30000);
      404 |

      at Object.<anonymous> (src/lib/__tests__/monitor.test.ts:401:29)

  ● monitor › startPeriodicRecording › writes metrics to history file

    TypeError: (0 , monitor_1.startPeriodicRecording) is not a function

      411 |       mockedFs.renameSync.mockReturnValue(undefined);
      412 |
    > 413 |       startPeriodicRecording();
          |                             ^
      414 |
      415 |       jest.advanceTimersByTime(30000);
      416 |

      at Object.<anonymous> (src/lib/__tests__/monitor.test.ts:413:29)

  ● monitor › startPeriodicRecording › adds id to metrics entry

    TypeError: (0 , monitor_1.startPeriodicRecording) is not a function

      423 |       mockedFs.renameSync.mockReturnValue(undefined);
      424 |
    > 425 |       startPeriodicRecording();
          |                             ^
      426 |
      427 |       jest.advanceTimersByTime(30000);
      428 |

      at Object.<anonymous> (src/lib/__tests__/monitor.test.ts:425:29)

  ● monitor › startPeriodicRecording › uses timestamp as id

    TypeError: (0 , monitor_1.startPeriodicRecording) is not a function

      439 |       mockedFs.renameSync.mockReturnValue(undefined);
      440 |
    > 441 |       startPeriodicRecording();
          |                             ^
      442 |
      443 |       jest.advanceTimersByTime(30000);
      444 |

      at Object.<anonymous> (src/lib/__tests__/monitor.test.ts:441:29)

  ● monitor › startPeriodicRecording › records multiple intervals

    TypeError: (0 , monitor_1.startPeriodicRecording) is not a function

      454 |       mockedFs.renameSync.mockReturnValue(undefined);
      455 |
    > 456 |       startPeriodicRecording();
          |                             ^
      457 |
      458 |       for (let i = 0; i < 5; i++) {
      459 |         jest.advanceTimersByTime(30000);

      at Object.<anonymous> (src/lib/__tests__/monitor.test.ts:456:29)

  ● monitor › startPeriodicRecording › reads existing history before writing

    TypeError: (0 , monitor_1.startPeriodicRecording) is not a function

      470 |       mockedFs.renameSync.mockReturnValue(undefined);
      471 |
    > 472 |       startPeriodicRecording();
          |                             ^
      473 |
      474 |       jest.advanceTimersByTime(30000);
      475 |

      at Object.<anonymous> (src/lib/__tests__/monitor.test.ts:472:29)

  ● monitor › monitor default export › exports startPeriodicRecording

    expect(received).toBe(expected) // Object.is equality

    Expected: undefined
    Received: [Function startPeriodicRecording]

      488 |
      489 |     it('exports startPeriodicRecording', () => {
    > 490 |       expect(monitor.startPeriodicRecording).toBe(startPeriodicRecording);
          |                                              ^
      491 |     });
      492 |
      493 |     it('exports readHistory', () => {

      at Object.<anonymous> (src/lib/__tests__/monitor.test.ts:490:46)

  ● monitor › Edge cases › handles history with invalid entries

    expect(received).toEqual(expected) // deep equality

    - Expected  - 1
    + Received  + 1

    @@ -5,7 +5,7 @@
        },
        Object {
          "invalid": "data",
        },
        null,
    -   undefined,
    +   null,
      ]

      570 |       const history = readHistory();
      571 |
    > 572 |       expect(history).toEqual(invalidHistory);
          |                       ^
      573 |     });
      574 |
      575 |     it('handles metrics capture during recording interval', () => {

      at Object.<anonymous> (src/lib/__tests__/monitor.test.ts:572:23)

  ● monitor › Edge cases › handles metrics capture during recording interval

    TypeError: (0 , monitor_1.startPeriodicRecording) is not a function

      578 |       mockedFs.renameSync.mockReturnValue(undefined);
      579 |
    > 580 |       startPeriodicRecording();
          |                             ^
      581 |
      582 |       const manualMetrics = captureMetrics();
      583 |

      at Object.<anonymous> (src/lib/__tests__/monitor.test.ts:580:29)

  ● monitor › Integration › records metrics over time

    TypeError: (0 , monitor_1.startPeriodicRecording) is not a function

      633 |       mockedFs.renameSync.mockReturnValue(undefined);
      634 |
    > 635 |       startPeriodicRecording();
          |                             ^
      636 |
      637 |       for (let i = 0; i < 10; i++) {
      638 |         jest.advanceTimersByTime(30000);

      at Object.<anonymous> (src/lib/__tests__/monitor.test.ts:635:29)

  ● monitor › Integration › persists metrics correctly

    expect(received).toEqual(expected) // deep equality

    - Expected  - 1
    + Received  + 1

      Array [
        Object {
          "cpuUsage": -33,
    -     "memoryUsage": NaN,
    +     "memoryUsage": null,
          "timestamp": "2025-12-27T03:33:01.788Z",
          "uptimeSeconds": -1,
        },
      ]

      666 |       const readHistoryData = readHistory();
      667 |
    > 668 |       expect(readHistoryData).toEqual(history);
          |                               ^
      669 |     });
      670 |   });
      671 |

      at Object.<anonymous> (src/lib/__tests__/monitor.test.ts:668:31)

FAIL __tests__/components/ui/ThemeToggle.test.tsx
  ● ThemeToggle › displays sun icon in light mode

    ReferenceError: themeContext is not defined

      50 |
      51 |   it('displays sun icon in light mode', () => {
    > 52 |     (themeContext.useTheme as jest.Mock).mockReturnValue({
         |      ^
      53 |       mode: 'light',
      54 |       setMode: mockSetMode,
      55 |       isDark: false,

      at Object.<anonymous> (__tests__/components/ui/ThemeToggle.test.tsx:52:6)

  ● ThemeToggle › displays moon icon in dark mode

    ReferenceError: themeContext is not defined

      63 |
      64 |   it('displays moon icon in dark mode', () => {
    > 65 |     (themeContext.useTheme as jest.Mock).mockReturnValue({
         |      ^
      66 |       mode: 'dark',
      67 |       setMode: mockSetMode,
      68 |       isDark: true,

      at Object.<anonymous> (__tests__/components/ui/ThemeToggle.test.tsx:65:6)

  ● ThemeToggle › displays monitor icon in system mode

    ReferenceError: themeContext is not defined

      76 |
      77 |   it('displays monitor icon in system mode', () => {
    > 78 |     (themeContext.useTheme as jest.Mock).mockReturnValue({
         |      ^
      79 |       mode: 'system',
      80 |       setMode: mockSetMode,
      81 |       isDark: false,

      at Object.<anonymous> (__tests__/components/ui/ThemeToggle.test.tsx:78:6)

  ● ThemeToggle › cycles from light to dark mode

    ReferenceError: themeContext is not defined

      89 |
      90 |   it('cycles from light to dark mode', () => {
    > 91 |     (themeContext.useTheme as jest.Mock).mockReturnValue({
         |      ^
      92 |       mode: 'light',
      93 |       setMode: mockSetMode,
      94 |       isDark: false,

      at Object.<anonymous> (__tests__/components/ui/ThemeToggle.test.tsx:91:6)

  ● ThemeToggle › cycles from dark to system mode

    ReferenceError: themeContext is not defined

      105 |
      106 |   it('cycles from dark to system mode', () => {
    > 107 |     (themeContext.useTheme as jest.Mock).mockReturnValue({
          |      ^
      108 |       mode: 'dark',
      109 |       setMode: mockSetMode,
      110 |       isDark: true,

      at Object.<anonymous> (__tests__/components/ui/ThemeToggle.test.tsx:107:6)

  ● ThemeToggle › cycles from system to light mode

    ReferenceError: themeContext is not defined

      121 |
      122 |   it('cycles from system to light mode', () => {
    > 123 |     (themeContext.useTheme as jest.Mock).mockReturnValue({
          |      ^
      124 |       mode: 'system',
      125 |       setMode: mockSetMode,
      126 |       isDark: false,

      at Object.<anonymous> (__tests__/components/ui/ThemeToggle.test.tsx:123:6)

  ● ThemeToggle › has correct aria-label

    ReferenceError: themeContext is not defined

      137 |
      138 |   it('has correct aria-label', () => {
    > 139 |     (themeContext.useTheme as jest.Mock).mockReturnValue({
          |      ^
      140 |       mode: 'light',
      141 |       setMode: mockSetMode,
      142 |       isDark: false,

      at Object.<anonymous> (__tests__/components/ui/ThemeToggle.test.tsx:139:6)

  ● ThemeToggle › displays tooltip with correct text in light mode

    ReferenceError: themeContext is not defined

      151 |
      152 |   it('displays tooltip with correct text in light mode', () => {
    > 153 |     (themeContext.useTheme as jest.Mock).mockReturnValue({
          |      ^
      154 |       mode: 'light',
      155 |       setMode: mockSetMode,
      156 |       isDark: false,

      at Object.<anonymous> (__tests__/components/ui/ThemeToggle.test.tsx:153:6)

  ● ThemeToggle › displays tooltip with correct text in dark mode

    ReferenceError: themeContext is not defined

      165 |
      166 |   it('displays tooltip with correct text in dark mode', () => {
    > 167 |     (themeContext.useTheme as jest.Mock).mockReturnValue({
          |      ^
      168 |       mode: 'dark',
      169 |       setMode: mockSetMode,
      170 |       isDark: true,

      at Object.<anonymous> (__tests__/components/ui/ThemeToggle.test.tsx:167:6)

  ● ThemeToggle › displays tooltip with correct text in system mode

    ReferenceError: themeContext is not defined

      179 |
      180 |   it('displays tooltip with correct text in system mode', () => {
    > 181 |     (themeContext.useTheme as jest.Mock).mockReturnValue({
          |      ^
      182 |       mode: 'system',
      183 |       setMode: mockSetMode,
      184 |       isDark: false,

      at Object.<anonymous> (__tests__/components/ui/ThemeToggle.test.tsx:181:6)

  ● ThemeToggle › handles multiple clicks

    expect(jest.fn()).toHaveBeenLastCalledWith(...expected)

    Expected: "system"
    Received
           1: "dark"
    ->     2: "dark"

    Number of calls: 2

      220 |     // Second click - dark to system
      221 |     fireEvent.click(button);
    > 222 |     expect(mockSetMode).toHaveBeenLastCalledWith('system');
          |                         ^
      223 |
      224 |     // Update mock return value for system mode
      225 |     (useTheme as jest.Mock).mockReturnValue({

      at Object.<anonymous> (__tests__/components/ui/ThemeToggle.test.tsx:222:25)

  ● ThemeToggle › returns placeholder div before mount

    ReferenceError: themeContext is not defined

      240 |
      241 |   it('returns placeholder div before mount', () => {
    > 242 |     (themeContext.useTheme as jest.Mock).mockReturnValue({
          |      ^
      243 |       mode: 'light',
      244 |       setMode: mockSetMode,
      245 |       isDark: false,

      at Object.<anonymous> (__tests__/components/ui/ThemeToggle.test.tsx:242:6)

  ● ThemeToggle › calls useTheme hook

    ReferenceError: themeContext is not defined

      253 |
      254 |   it('calls useTheme hook', () => {
    > 255 |     (themeContext.useTheme as jest.Mock).mockReturnValue({
          |      ^
      256 |       mode: 'light',
      257 |       setMode: mockSetMode,
      258 |       isDark: false,

      at Object.<anonymous> (__tests__/components/ui/ThemeToggle.test.tsx:255:6)

  ● ThemeToggle › handles default mode in getThemeIcon

    ReferenceError: themeContext is not defined

      266 |
      267 |   it('handles default mode in getThemeIcon', () => {
    > 268 |     (themeContext.useTheme as jest.Mock).mockReturnValue({
          |      ^
      269 |       mode: 'invalid' as any,
      270 |       setMode: mockSetMode,
      271 |       isDark: false,

      at Object.<anonymous> (__tests__/components/ui/ThemeToggle.test.tsx:268:6)

  ● ThemeToggle › handles default mode in getThemeLabel

    ReferenceError: themeContext is not defined

      280 |
      281 |   it('handles default mode in getThemeLabel', () => {
    > 282 |     (themeContext.useTheme as jest.Mock).mockReturnValue({
          |      ^
      283 |       mode: 'invalid' as any,
      284 |       setMode: mockSetMode,
      285 |       isDark: false,

      at Object.<anonymous> (__tests__/components/ui/ThemeToggle.test.tsx:282:6)

FAIL __tests__/lib/services/ModelDiscoveryService.test.ts
  ● ModelDiscoveryService › discoverModels › should discover .gguf model files

    TypeError: Cannot read properties of undefined (reading 'readdir')

      54 |       };
      55 |
    > 56 |       mockedFs.readdir.mockResolvedValue([mockDirent] as any);
         |                ^
      57 |       mockedFs.stat.mockResolvedValue({
      58 |         isDirectory: jest.fn().mockReturnValue(false),
      59 |         size: 1000000000,

      at Object.<anonymous> (__tests__/lib/services/ModelDiscoveryService.test.ts:56:16)

  ● ModelDiscoveryService › discoverModels › should discover .quant.bin model files

    TypeError: Cannot read properties of undefined (reading 'readdir')

      76 |       };
      77 |
    > 78 |       mockedFs.readdir.mockResolvedValue([mockDirent] as any);
         |                ^
      79 |       mockedFs.stat.mockResolvedValue({
      80 |         isDirectory: jest.fn().mockReturnValue(false),
      81 |         size: 500000000,

      at Object.<anonymous> (__tests__/lib/services/ModelDiscoveryService.test.ts:78:16)

  ● ModelDiscoveryService › discoverModels › should discover .bin model files

    TypeError: Cannot read properties of undefined (reading 'readdir')

       96 |       };
       97 |
    >  98 |       mockedFs.readdir.mockResolvedValue([mockDirent] as any);
          |                ^
       99 |       mockedFs.stat.mockResolvedValue({
      100 |         isDirectory: jest.fn().mockReturnValue(false),
      101 |         size: 750000000,

      at Object.<anonymous> (__tests__/lib/services/ModelDiscoveryService.test.ts:98:16)

  ● ModelDiscoveryService › discoverModels › should recursively scan subdirectories

    TypeError: Cannot read properties of undefined (reading 'readdir')

      120 |       };
      121 |
    > 122 |       mockedFs.readdir
          |                ^
      123 |         .mockResolvedValueOnce([subDirDirent] as any)
      124 |         .mockResolvedValueOnce([modelDirent] as any);
      125 |

      at Object.<anonymous> (__tests__/lib/services/ModelDiscoveryService.test.ts:122:16)

  ● ModelDiscoveryService › discoverModels › should respect maxDepth parameter

    TypeError: Cannot read properties of undefined (reading 'readdir')

      145 |       };
      146 |
    > 147 |       mockedFs.readdir.mockResolvedValue([subDirDirent] as any);
          |                ^
      148 |       mockedFs.stat.mockResolvedValue({
      149 |         isDirectory: jest.fn().mockReturnValue(true),
      150 |       } as any);

      at Object.<anonymous> (__tests__/lib/services/ModelDiscoveryService.test.ts:147:16)

  ● ModelDiscoveryService › discoverModels › should load metadata from adjacent JSON file

    TypeError: Cannot read properties of undefined (reading 'readdir')

      161 |       };
      162 |
    > 163 |       mockedFs.readdir.mockResolvedValue([mockDirent] as any);
          |                ^
      164 |       mockedFs.stat.mockResolvedValue({
      165 |         isDirectory: jest.fn().mockReturnValue(false),
      166 |         size: 1000000000,

      at Object.<anonymous> (__tests__/lib/services/ModelDiscoveryService.test.ts:163:16)

  ● ModelDiscoveryService › discoverModels › should handle missing or invalid metadata file gracefully

    TypeError: Cannot read properties of undefined (reading 'readdir')

      180 |       };
      181 |
    > 182 |       mockedFs.readdir.mockResolvedValue([mockDirent] as any);
          |                ^
      183 |       mockedFs.stat.mockResolvedValue({
      184 |         isDirectory: jest.fn().mockReturnValue(false),
      185 |         size: 1000000000,

      at Object.<anonymous> (__tests__/lib/services/ModelDiscoveryService.test.ts:182:16)

  ● ModelDiscoveryService › discoverModels › should skip files that cannot be stated

    TypeError: Cannot read properties of undefined (reading 'readdir')

      200 |       };
      201 |
    > 202 |       mockedFs.readdir.mockResolvedValue([mockDirent] as any);
          |                ^
      203 |       mockedFs.stat.mockRejectedValue(new Error('Permission denied'));
      204 |
      205 |       const models = await service.discoverModels('/models');

      at Object.<anonymous> (__tests__/lib/services/ModelDiscoveryService.test.ts:202:16)

  ● ModelDiscoveryService › discoverModels › should handle non-model files

    TypeError: Cannot read properties of undefined (reading 'readdir')

      215 |       };
      216 |
    > 217 |       mockedFs.readdir.mockResolvedValue([mockDirent] as any);
          |                ^
      218 |       mockedFs.stat.mockResolvedValue({
      219 |         isDirectory: jest.fn().mockReturnValue(false),
      220 |         size: 1000,

      at Object.<anonymous> (__tests__/lib/services/ModelDiscoveryService.test.ts:217:16)

  ● ModelDiscoveryService › discoverModels › should handle directory scan errors

    TypeError: Cannot read properties of undefined (reading 'readdir')

      227 |
      228 |     it('should handle directory scan errors', async () => {
    > 229 |       mockedFs.readdir.mockRejectedValue(new Error('Permission denied'));
          |                ^
      230 |
      231 |       const models = await service.discoverModels('/models');
      232 |

      at Object.<anonymous> (__tests__/lib/services/ModelDiscoveryService.test.ts:229:16)

  ● ModelDiscoveryService › discoverModels › should handle case-insensitive extensions

    TypeError: Cannot read properties of undefined (reading 'readdir')

      245 |       };
      246 |
    > 247 |       mockedFs.readdir.mockResolvedValue([mockDirent1, mockDirent2] as any);
          |                ^
      248 |       mockedFs.stat
      249 |         .mockResolvedValueOnce({
      250 |           isDirectory: jest.fn().mockReturnValue(false),

      at Object.<anonymous> (__tests__/lib/services/ModelDiscoveryService.test.ts:247:16)

FAIL __tests__/lib/server-config.test.ts
  ● server-config › saveConfig › should save config to file

    expect(jest.fn()).toHaveBeenCalledWith(...expected)

    Expected: "/test/path/llama-server-config.json", StringContaining "\"port\": 9000", "utf8"
    Received: undefined, "{
      \"host\": \"localhost\",
      \"port\": 9000,
      \"basePath\": \"/models\",
      \"serverPath\": \"/home/bamer/llama.cpp/build/bin/llama-server\",
      \"ctx_size\": 8192,
      \"batch_size\": 512,
      \"threads\": -1,
      \"gpu_layers\": -1
    }"

    Number of calls: 1

      140 |       saveConfig(newConfig);
      141 |
    > 142 |       expect(fs.writeFileSync).toHaveBeenCalledWith(
          |                                ^
      143 |         mockConfigPath,
      144 |         expect.stringContaining('"port": 9000'),
      145 |         'utf8'

      at Object.<anonymous> (__tests__/lib/server-config.test.ts:142:32)

  ● server-config › saveConfig › should merge new config with existing config

    SyntaxError: "undefined" is not valid JSON
        at JSON.parse (<anonymous>)

      163 |
      164 |       const writeCall = (fs.writeFileSync as jest.Mock).mock.calls[0][0];
    > 165 |       const writtenConfig = JSON.parse(writeCall);
          |                                  ^
      166 |
      167 |       expect(writtenConfig.port).toBe(9000);
      168 |       expect(writtenConfig.host).toBe('localhost');

      at Object.<anonymous> (__tests__/lib/server-config.test.ts:165:34)

  ● server-config › saveConfig › should handle partial config update

    SyntaxError: "undefined" is not valid JSON
        at JSON.parse (<anonymous>)

      189 |
      190 |       const writeCall = (fs.writeFileSync as jest.Mock).mock.calls[0][0];
    > 191 |       const writtenConfig = JSON.parse(writeCall);
          |                                  ^
      192 |
      193 |       expect(writtenConfig.port).toBe(9000);
      194 |       expect(writtenConfig.ctx_size).toBe(8192);

      at Object.<anonymous> (__tests__/lib/server-config.test.ts:191:34)

  ● server-config › saveConfig › should write formatted JSON

    Write failed

      203 |       (fs.readFileSync as jest.Mock).mockReturnValue('{}');
      204 |       (fs.writeFileSync as jest.Mock).mockImplementation(() => {
    > 205 |         throw new Error('Write failed');
          |               ^
      206 |       });
      207 |
      208 |       expect(() => saveConfig({ port: 9000 })).toThrow('Write failed');

      at __tests__/lib/server-config.test.ts:205:15
      at saveConfig (src/lib/server-config.ts:46:18)
      at Object.<anonymous> (__tests__/lib/server-config.test.ts:221:17)

  ● server-config › saveConfig › should handle new config file (no existing file)

    Write failed

      203 |       (fs.readFileSync as jest.Mock).mockReturnValue('{}');
      204 |       (fs.writeFileSync as jest.Mock).mockImplementation(() => {
    > 205 |         throw new Error('Write failed');
          |               ^
      206 |       });
      207 |
      208 |       expect(() => saveConfig({ port: 9000 })).toThrow('Write failed');

      at __tests__/lib/server-config.test.ts:205:15
      at saveConfig (src/lib/server-config.ts:46:18)
      at Object.<anonymous> (__tests__/lib/server-config.test.ts:232:17)

FAIL src/lib/__tests__/analytics.test.ts
  ● AnalyticsEngine › incRequest › updates last minute reset timestamp

    expect(received).not.toBe(expected) // Object.is equality

    Expected: not 1766806381792

       97 |       analyticsEngine.incRequest();
       98 |
    >  99 |       expect(analyticsEngine['lastMinuteReset']).not.toBe(beforeReset);
          |                                                      ^
      100 |     });
      101 |   });
      102 |

      at Object.<anonymous> (src/lib/__tests__/analytics.test.ts:99:54)

  ● AnalyticsEngine › decRequest › does not go below zero

    expect(received).toBe(expected) // Object.is equality

    Expected: 0
    Received: -1

      112 |       analyticsEngine.decRequest();
      113 |
    > 114 |       expect(analyticsEngine['activeSessions']).toBe(0);
          |                                                 ^
      115 |     });
      116 |
      117 |     it('handles multiple decrements', () => {

      at Object.<anonymous> (src/lib/__tests__/analytics.test.ts:114:49)

  ● AnalyticsEngine › getAnalytics › calculates error rate

    expect(received).toBeCloseTo(expected, precision)

    Expected: 0.333
    Received: 0.5

    Expected precision:    2
    Expected difference: < 0.005
    Received difference:   0.16699999999999998

      243 |       const analytics = await analyticsEngine.getAnalytics();
      244 |
    > 245 |       expect(analytics.errorRate).toBeCloseTo(0.333, 2);
          |                                   ^
      246 |     });
      247 |
      248 |     it('returns zero error rate when no requests', async () => {

      at Object.<anonymous> (src/lib/__tests__/analytics.test.ts:245:35)

  ● AnalyticsEngine › getAnalytics › storage calculation › calculates storage from logs directory

    TypeError: Cannot read properties of undefined (reading 'access')

      305 |     describe('storage calculation', () => {
      306 |       it('calculates storage from logs directory', async () => {
    > 307 |         mockedFs.access.mockResolvedValue(undefined);
          |                  ^
      308 |         mockedFs.readdir.mockResolvedValue(['log1.log', 'log2.log']);
      309 |         mockedFs.stat.mockImplementation((path) => Promise.resolve({
      310 |           size: path.includes('log1') ? 1024 : 2048,

      at Object.<anonymous> (src/lib/__tests__/analytics.test.ts:307:18)

  ● AnalyticsEngine › getAnalytics › storage calculation › handles storage calculation errors gracefully

    TypeError: Cannot read properties of undefined (reading 'access')

      317 |
      318 |       it('handles storage calculation errors gracefully', async () => {
    > 319 |         mockedFs.access.mockRejectedValue(new Error('Access denied'));
          |                  ^
      320 |
      321 |         const analytics = await analyticsEngine.getAnalytics();
      322 |

      at Object.<anonymous> (src/lib/__tests__/analytics.test.ts:319:18)

  ● AnalyticsEngine › getAnalytics › storage calculation › handles readdir errors gracefully

    TypeError: Cannot read properties of undefined (reading 'access')

      325 |
      326 |       it('handles readdir errors gracefully', async () => {
    > 327 |         mockedFs.access.mockResolvedValue(undefined);
          |                  ^
      328 |         mockedFs.readdir.mockRejectedValue(new Error('Read failed'));
      329 |
      330 |         const analytics = await analyticsEngine.getAnalytics();

      at Object.<anonymous> (src/lib/__tests__/analytics.test.ts:327:18)

  ● AnalyticsEngine › getAnalytics › storage calculation › handles empty logs directory

    TypeError: Cannot read properties of undefined (reading 'access')

      334 |
      335 |       it('handles empty logs directory', async () => {
    > 336 |         mockedFs.access.mockResolvedValue(undefined);
          |                  ^
      337 |         mockedFs.readdir.mockResolvedValue([]);
      338 |
      339 |         const analytics = await analyticsEngine.getAnalytics();

      at Object.<anonymous> (src/lib/__tests__/analytics.test.ts:336:18)

  ● AnalyticsEngine › getAnalytics › storage calculation › handles stat errors gracefully

    TypeError: Cannot read properties of undefined (reading 'access')

      343 |
      344 |       it('handles stat errors gracefully', async () => {
    > 345 |         mockedFs.access.mockResolvedValue(undefined);
          |                  ^
      346 |         mockedFs.readdir.mockResolvedValue(['log1.log']);
      347 |         mockedFs.stat.mockRejectedValue(new Error('Stat failed'));
      348 |

      at Object.<anonymous> (src/lib/__tests__/analytics.test.ts:345:18)

  ● AnalyticsEngine › getAnalytics › storage calculation › converts bytes to megabytes

    TypeError: Cannot read properties of undefined (reading 'access')

      353 |
      354 |       it('converts bytes to megabytes', async () => {
    > 355 |         mockedFs.access.mockResolvedValue(undefined);
          |                  ^
      356 |         mockedFs.readdir.mockResolvedValue(['log1.log']);
      357 |         mockedFs.stat.mockResolvedValue({ size: 1024 * 1024 * 10 } as any);
      358 |

      at Object.<anonymous> (src/lib/__tests__/analytics.test.ts:355:18)

  ● ServerSentEventStream › startStream › creates a new ReadableStream

    ReferenceError: ReadableStream is not defined

      119 |     }
      120 |
    > 121 |     const stream = new ReadableStream<string>({
          |                    ^
      122 |       async start(controller) {
      123 |         ServerSentEventStream.streamController = controller as any;
      124 |         // Send initial analytics update

      at ServerSentEventStream.startStream (src/lib/analytics.ts:121:20)
      at Object.<anonymous> (src/lib/__tests__/analytics.test.ts:444:50)

  ● ServerSentEventStream › startStream › sends initial analytics update

    ReferenceError: ReadableStream is not defined

      119 |     }
      120 |
    > 121 |     const stream = new ReadableStream<string>({
          |                    ^
      122 |       async start(controller) {
      123 |         ServerSentEventStream.streamController = controller as any;
      124 |         // Send initial analytics update

      at ServerSentEventStream.startStream (src/lib/analytics.ts:121:20)
      at Object.<anonymous> (src/lib/__tests__/analytics.test.ts:450:50)

  ● ServerSentEventStream › startStream › sends updates every 5 seconds

    ReferenceError: ReadableStream is not defined

      119 |     }
      120 |
    > 121 |     const stream = new ReadableStream<string>({
          |                    ^
      122 |       async start(controller) {
      123 |         ServerSentEventStream.streamController = controller as any;
      124 |         // Send initial analytics update

      at ServerSentEventStream.startStream (src/lib/analytics.ts:121:20)
      at Object.<anonymous> (src/lib/__tests__/analytics.test.ts:459:35)

  ● ServerSentEventStream › startStream › cancels previous stream when starting new one

    ReferenceError: ReadableStream is not defined

      119 |     }
      120 |
    > 121 |     const stream = new ReadableStream<string>({
          |                    ^
      122 |       async start(controller) {
      123 |         ServerSentEventStream.streamController = controller as any;
      124 |         // Send initial analytics update

      at ServerSentEventStream.startStream (src/lib/analytics.ts:121:20)
      at Object.<anonymous> (src/lib/__tests__/analytics.test.ts:473:51)

  ● ServerSentEventStream › startStream › handles analytics errors gracefully

    ReferenceError: ReadableStream is not defined

      119 |     }
      120 |
    > 121 |     const stream = new ReadableStream<string>({
          |                    ^
      122 |       async start(controller) {
      123 |         ServerSentEventStream.streamController = controller as any;
      124 |         // Send initial analytics update

      at ServerSentEventStream.startStream (src/lib/analytics.ts:121:20)
      at Object.<anonymous> (src/lib/__tests__/analytics.test.ts:485:35)

  ● ServerSentEventStream › getStream › returns stream controller after starting

    ReferenceError: ReadableStream is not defined

      119 |     }
      120 |
    > 121 |     const stream = new ReadableStream<string>({
          |                    ^
      122 |       async start(controller) {
      123 |         ServerSentEventStream.streamController = controller as any;
      124 |         // Send initial analytics update

      at ServerSentEventStream.startStream (src/lib/analytics.ts:121:20)
      at Object.<anonymous> (src/lib/__tests__/analytics.test.ts:501:35)

  ● ServerSentEventStream › SSE message format › sends messages in correct SSE format

    ReferenceError: ReadableStream is not defined

      119 |     }
      120 |
    > 121 |     const stream = new ReadableStream<string>({
          |                    ^
      122 |       async start(controller) {
      123 |         ServerSentEventStream.streamController = controller as any;
      124 |         // Send initial analytics update

      at ServerSentEventStream.startStream (src/lib/analytics.ts:121:20)
      at Object.<anonymous> (src/lib/__tests__/analytics.test.ts:511:35)

  ● ServerSentEventStream › SSE message format › includes analytics data in message

    ReferenceError: ReadableStream is not defined

      119 |     }
      120 |
    > 121 |     const stream = new ReadableStream<string>({
          |                    ^
      122 |       async start(controller) {
      123 |         ServerSentEventStream.streamController = controller as any;
      124 |         // Send initial analytics update

      at ServerSentEventStream.startStream (src/lib/analytics.ts:121:20)
      at Object.<anonymous> (src/lib/__tests__/analytics.test.ts:523:35)

  ● ServerSentEventStream › Edge cases › handles concurrent stream starts

    ReferenceError: ReadableStream is not defined

      119 |     }
      120 |
    > 121 |     const stream = new ReadableStream<string>({
          |                    ^
      122 |       async start(controller) {
      123 |         ServerSentEventStream.streamController = controller as any;
      124 |         // Send initial analytics update

      at ServerSentEventStream.startStream (src/lib/analytics.ts:121:20)
      at src/lib/__tests__/analytics.test.ts:540:79
          at Array.from (<anonymous>)
      at Object.<anonymous> (src/lib/__tests__/analytics.test.ts:540:30)

  ● ServerSentEventStream › Edge cases › handles long-running streams

    ReferenceError: ReadableStream is not defined

      119 |     }
      120 |
    > 121 |     const stream = new ReadableStream<string>({
          |                    ^
      122 |       async start(controller) {
      123 |         ServerSentEventStream.streamController = controller as any;
      124 |         // Send initial analytics update

      at ServerSentEventStream.startStream (src/lib/analytics.ts:121:20)
      at Object.<anonymous> (src/lib/__tests__/analytics.test.ts:551:35)

  ● Analytics integration › tracks request lifecycle

    Analytics failed

      481 |
      482 |     it('handles analytics errors gracefully', async () => {
    > 483 |       jest.spyOn(analyticsEngine, 'getAnalytics').mockRejectedValue(new Error('Analytics failed'));
          |                                                                     ^
      484 |
      485 |       await ServerSentEventStream.startStream();
      486 |

      at Object.<anonymous> (src/lib/__tests__/analytics.test.ts:483:69)

  ● Analytics integration › tracks errors during request lifecycle

    Analytics failed

      481 |
      482 |     it('handles analytics errors gracefully', async () => {
    > 483 |       jest.spyOn(analyticsEngine, 'getAnalytics').mockRejectedValue(new Error('Analytics failed'));
          |                                                                     ^
      484 |
      485 |       await ServerSentEventStream.startStream();
      486 |

      at Object.<anonymous> (src/lib/__tests__/analytics.test.ts:483:69)

  ● Analytics integration › provides accurate metrics over time

    Analytics failed

      481 |
      482 |     it('handles analytics errors gracefully', async () => {
    > 483 |       jest.spyOn(analyticsEngine, 'getAnalytics').mockRejectedValue(new Error('Analytics failed'));
          |                                                                     ^
      484 |
      485 |       await ServerSentEventStream.startStream();
      486 |

      at Object.<anonymous> (src/lib/__tests__/analytics.test.ts:483:69)

FAIL __tests__/server/services/LlamaServerIntegration.test.ts
  ● LlamaServerIntegration › setupWebSocketHandlers › should handle requestMetrics event

    expect(jest.fn()).toHaveBeenCalledWith(...expected)

    Expected: "metrics", ObjectContaining {"type": "metrics"}

    Number of calls: 0

      184 |       }
      185 |
    > 186 |       expect(mockSocket.emit).toHaveBeenCalledWith(
          |                               ^
      187 |         'metrics',
      188 |         expect.objectContaining({
      189 |           type: 'metrics',

      at Object.<anonymous> (__tests__/server/services/LlamaServerIntegration.test.ts:186:31)

  ● LlamaServerIntegration › setupWebSocketHandlers › should handle startModel event when llama service is not available

    expect(jest.fn()).toHaveBeenCalledWith(...expected)

    Expected: "error", ObjectContaining {"message": StringContaining "not available"}
    Received: "error", {"message": "Failed to start model: Cannot read properties of undefined (reading 'ok')"}

    Number of calls: 1

      299 |       }
      300 |
    > 301 |       expect(mockSocket.emit).toHaveBeenCalledWith(
          |                               ^
      302 |         'error',
      303 |         expect.objectContaining({
      304 |           message: expect.stringContaining('not available'),

      at Object.<anonymous> (__tests__/server/services/LlamaServerIntegration.test.ts:301:31)

FAIL __tests__/api/models.test.ts
  ● GET /api/models › should handle models array with invalid items

    expect(received).toBe(expected) // Object.is equality

    Expected: 200
    Received: 500

      565 |
      566 |     // Should handle gracefully
    > 567 |     expect(response.status).toBe(200);
          |                             ^
      568 |   });
      569 | });
      570 |

      at Object.<anonymous> (__tests__/api/models.test.ts:567:29)

FAIL __tests__/lib/monitor.test.ts
  ● monitor › captureMetrics › should include timestamp

    expect(received).not.toBeInstanceOf(expected)

    Expected constructor: not ClockDate
    Received constructor:     Date extends … extends ClockDate

      76 |       expect(metrics.timestamp).toBeDefined();
      77 |       expect(typeof metrics.timestamp).toBe('string');
    > 78 |       expect(new Date(metrics.timestamp)).not.toBeInstanceOf(Date);
         |                                               ^
      79 |     });
      80 |
      81 |     it('should calculate CPU usage correctly for multiple cores', () => {

      at Object.<anonymous> (__tests__/lib/monitor.test.ts:78:47)

  ● monitor › captureMetrics › should calculate CPU usage correctly for multiple cores

    expect(received).toBe(expected) // Object.is equality

    Expected: -15
    Received: 42

      85 |         ((100 + 50 + 120 + 60 - (200 + 180)) / (100 + 50 + 120 + 60)) * 100
      86 |       );
    > 87 |       expect(metrics.cpuUsage).toBe(expectedCpu);
         |                                ^
      88 |     });
      89 |
      90 |     it('should calculate memory usage correctly', () => {

      at Object.<anonymous> (__tests__/lib/monitor.test.ts:87:32)

  ● monitor › startPeriodicRecording › should start recording interval

    TypeError: monitor.startPeriodicRecording is not a function

      188 |   describe('startPeriodicRecording', () => {
      189 |     it('should start recording interval', () => {
    > 190 |       monitor.startPeriodicRecording();
          |               ^
      191 |
      192 |       expect(mockSetInterval).toHaveBeenCalledWith(
      193 |         expect.any(Function),

      at Object.<anonymous> (__tests__/lib/monitor.test.ts:190:15)

  ● monitor › startPeriodicRecording › should not start multiple intervals

    TypeError: monitor.startPeriodicRecording is not a function

      197 |
      198 |     it('should not start multiple intervals', () => {
    > 199 |       monitor.startPeriodicRecording();
          |               ^
      200 |       monitor.startPeriodicRecording();
      201 |
      202 |       expect(mockSetInterval).toHaveBeenCalledTimes(1);

      at Object.<anonymous> (__tests__/lib/monitor.test.ts:199:15)

  ● monitor › startPeriodicRecording › should capture and write metrics on interval

    TypeError: monitor.startPeriodicRecording is not a function

      207 |       (fs.readFileSync as jest.Mock).mockReturnValue('[]');
      208 |
    > 209 |       monitor.startPeriodicRecording();
          |               ^
      210 |
      211 |       jest.runAllTimers();
      212 |

      at Object.<anonymous> (__tests__/lib/monitor.test.ts:209:15)

  ● monitor › startPeriodicRecording › should add unique ID to each metric

    TypeError: monitor.startPeriodicRecording is not a function

      219 |       (fs.readFileSync as jest.Mock).mockReturnValue('[]');
      220 |
    > 221 |       monitor.startPeriodicRecording();
          |               ^
      222 |
      223 |       jest.runAllTimers();
      224 |

      at Object.<anonymous> (__tests__/lib/monitor.test.ts:221:15)

  ● monitor › default export › should export startPeriodicRecording

    expect(received).toBe(expected) // Object.is equality

    Expected: undefined
    Received: [Function startPeriodicRecording]

      237 |
      238 |     it('should export startPeriodicRecording', () => {
    > 239 |       expect(monitor.default.startPeriodicRecording).toBe(
          |                                                      ^
      240 |         monitor.startPeriodicRecording
      241 |       );
      242 |     });

      at Object.<anonymous> (__tests__/lib/monitor.test.ts:239:54)

FAIL src/lib/__tests__/websocket-transport.test.ts
  ● WebSocketTransport › log › should process log info and add to queue

    expect(received).toHaveLength(expected)

    Expected length: 1
    Received length: 0
    Received array:  []

      74 |       transport.log(logInfo, callback);
      75 |
    > 76 |       expect((transport as any).logQueue).toHaveLength(1);
         |                                           ^
      77 |       expect((transport as any).logQueue[0]).toMatchObject({
      78 |         timestamp: '2024-01-01T00:00:00Z',
      79 |         level: 'info',

      at Object.<anonymous> (src/lib/__tests__/websocket-transport.test.ts:76:43)

  ● WebSocketTransport › log › should broadcast log to all connected clients

    expect(jest.fn()).toHaveBeenCalledWith(...expected)

    Expected: "log", {"data": ObjectContaining {"level": "info", "message": "Test log", "timestamp": "2024-01-01T00:00:00Z"}, "timestamp": Any<Number>, "type": "log"}

    Number of calls: 0

      92 |       transport.log(logInfo);
      93 |
    > 94 |       expect(mockedServer.emit).toHaveBeenCalledWith('log', {
         |                                 ^
      95 |         type: 'log',
      96 |         data: expect.objectContaining({
      97 |           timestamp: '2024-01-01T00:00:00Z',

      at Object.<anonymous> (src/lib/__tests__/websocket-transport.test.ts:94:33)

  ● WebSocketTransport › log › should generate unique log ID

    TypeError: Cannot read properties of undefined (reading 'id')

      119 |       transport.log(logInfo2);
      120 |
    > 121 |       const id1 = (transport as any).logQueue[0].id;
          |                                                  ^
      122 |       const id2 = (transport as any).logQueue[1].id;
      123 |
      124 |       expect(id1).not.toBe(id2);

      at Object.<anonymous> (src/lib/__tests__/websocket-transport.test.ts:121:50)

  ● WebSocketTransport › log › should handle object messages by converting to JSON string

    TypeError: Cannot read properties of undefined (reading 'message')

      134 |       transport.log(logInfo);
      135 |
    > 136 |       expect((transport as any).logQueue[0].message).toBe(
          |                                             ^
      137 |         JSON.stringify({ key: 'value', nested: { data: 123 } })
      138 |       );
      139 |     });

      at Object.<anonymous> (src/lib/__tests__/websocket-transport.test.ts:136:45)

  ● WebSocketTransport › log › should handle string messages

    TypeError: Cannot read properties of undefined (reading 'message')

      148 |       transport.log(logInfo);
      149 |
    > 150 |       expect((transport as any).logQueue[0].message).toBe('Plain string message');
          |                                             ^
      151 |     });
      152 |
      153 |     it('should convert non-string messages to string', () => {

      at Object.<anonymous> (src/lib/__tests__/websocket-transport.test.ts:150:45)

  ● WebSocketTransport › log › should convert non-string messages to string

    TypeError: Cannot read properties of undefined (reading 'message')

      160 |       transport.log(logInfo);
      161 |
    > 162 |       expect((transport as any).logQueue[0].message).toBe('12345');
          |                                             ^
      163 |     });
      164 |
      165 |     it('should use current timestamp when not provided', () => {

      at Object.<anonymous> (src/lib/__tests__/websocket-transport.test.ts:162:45)

  ● WebSocketTransport › log › should use current timestamp when not provided

    TypeError: Cannot read properties of undefined (reading 'timestamp')

      173 |
      174 |       const afterTime = Date.now();
    > 175 |       const logTimestamp = new Date((transport as any).logQueue[0].timestamp).getTime();
          |                                                                    ^
      176 |
      177 |       expect(logTimestamp).toBeGreaterThanOrEqual(beforeTime);
      178 |       expect(logTimestamp).toBeLessThanOrEqual(afterTime);

      at Object.<anonymous> (src/lib/__tests__/websocket-transport.test.ts:175:68)

  ● WebSocketTransport › log › should use default level when not provided

    TypeError: Cannot read properties of undefined (reading 'level')

      187 |       transport.log(logInfo);
      188 |
    > 189 |       expect((transport as any).logQueue[0].level).toBe('info');
          |                                             ^
      190 |     });
      191 |
      192 |     it('should handle empty message', () => {

      at Object.<anonymous> (src/lib/__tests__/websocket-transport.test.ts:189:45)

  ● WebSocketTransport › log › should handle empty message

    TypeError: Cannot read properties of undefined (reading 'message')

      199 |       transport.log(logInfo);
      200 |
    > 201 |       expect((transport as any).logQueue[0].message).toBe('');
          |                                             ^
      202 |     });
      203 |
      204 |     it('should not broadcast when Socket.IO instance is null', () => {

      at Object.<anonymous> (src/lib/__tests__/websocket-transport.test.ts:201:45)

  ● WebSocketTransport › log › should not broadcast when Socket.IO instance is null

    expect(received).toHaveLength(expected)

    Expected length: 1
    Received length: 0
    Received array:  []

      212 |       transportWithoutIo.log(logInfo);
      213 |
    > 214 |       expect((transportWithoutIo as any).logQueue).toHaveLength(1);
          |                                                    ^
      215 |       // No emit should be called since io is null
      216 |     });
      217 |

      at Object.<anonymous> (src/lib/__tests__/websocket-transport.test.ts:214:52)

  ● WebSocketTransport › log › should limit queue to maxQueueSize

    expect(received).toHaveLength(expected)

    Expected length: 500
    Received length: 0
    Received array:  []

      228 |       }
      229 |
    > 230 |       expect((transport as any).logQueue).toHaveLength(500);
          |                                           ^
      231 |       expect((transport as any).logQueue[0].message).toBe('Log 1'); // First log should be removed
      232 |     });
      233 |

      at Object.<anonymous> (src/lib/__tests__/websocket-transport.test.ts:230:43)

  ● WebSocketTransport › log › should add logs to beginning of queue

    TypeError: Cannot read properties of undefined (reading 'message')

      239 |       transport.log(logInfo2);
      240 |
    > 241 |       expect((transport as any).logQueue[0].message).toBe('Second');
          |                                             ^
      242 |       expect((transport as any).logQueue[1].message).toBe('First');
      243 |     });
      244 |

      at Object.<anonymous> (src/lib/__tests__/websocket-transport.test.ts:241:45)

  ● WebSocketTransport › log › should include context with source

    TypeError: Cannot read properties of undefined (reading 'context')

      252 |       transport.log(logInfo);
      253 |
    > 254 |       expect((transport as any).logQueue[0].context).toEqual({
          |                                             ^
      255 |         source: 'application',
      256 |       });
      257 |     });

      at Object.<anonymous> (src/lib/__tests__/websocket-transport.test.ts:254:45)

  ● WebSocketTransport › getCachedLogs › should return cached logs in reverse order

    TypeError: Cannot read properties of undefined (reading 'message')

      268 |       const cachedLogs = transport.getCachedLogs();
      269 |
    > 270 |       expect(cachedLogs[0].message).toBe('First');
          |                            ^
      271 |       expect(cachedLogs[1].message).toBe('Second');
      272 |     });
      273 |

      at Object.<anonymous> (src/lib/__tests__/websocket-transport.test.ts:270:28)

  ● WebSocketTransport › getLogsByLevel › should return logs for specified level

    expect(received).toHaveLength(expected)

    Expected length: 2
    Received length: 0
    Received array:  []

      302 |       const infoLogs = transport.getLogsByLevel('info');
      303 |
    > 304 |       expect(infoLogs).toHaveLength(2);
          |                        ^
      305 |       expect(infoLogs.every((log) => log.level === 'info')).toBe(true);
      306 |     });
      307 |

      at Object.<anonymous> (src/lib/__tests__/websocket-transport.test.ts:304:24)

  ● WebSocketTransport › getLogsByLevel › should return logs for error level

    expect(received).toHaveLength(expected)

    Expected length: 1
    Received length: 0
    Received array:  []

      309 |       const errorLogs = transport.getLogsByLevel('error');
      310 |
    > 311 |       expect(errorLogs).toHaveLength(1);
          |                         ^
      312 |       expect(errorLogs[0].message).toBe('Error log');
      313 |     });
      314 |

      at Object.<anonymous> (src/lib/__tests__/websocket-transport.test.ts:311:25)

  ● WebSocketTransport › getLogsByLevel › should return logs for debug level

    expect(received).toHaveLength(expected)

    Expected length: 1
    Received length: 0
    Received array:  []

      322 |       const debugLogs = transport.getLogsByLevel('debug');
      323 |
    > 324 |       expect(debugLogs).toHaveLength(1);
          |                         ^
      325 |     });
      326 |
      327 |     it('should return empty array for non-existent level', () => {

      at Object.<anonymous> (src/lib/__tests__/websocket-transport.test.ts:324:25)

  ● WebSocketTransport › getLogsByLevel › should return logs in original queue order

    TypeError: Cannot read properties of undefined (reading 'message')

      334 |       const infoLogs = transport.getLogsByLevel('info');
      335 |
    > 336 |       expect(infoLogs[0].message).toBe('Another info log');
          |                          ^
      337 |       expect(infoLogs[1].message).toBe('Info log');
      338 |     });
      339 |   });

      at Object.<anonymous> (src/lib/__tests__/websocket-transport.test.ts:336:26)

  ● WebSocketTransport › clearQueue › should clear all logs from queue

    expect(received).toHaveLength(expected)

    Expected length: 2
    Received length: 0
    Received array:  []

      344 |       transport.log({ timestamp: '2024-01-01T00:00:01Z', level: 'info', message: 'Log 2' });
      345 |
    > 346 |       expect((transport as any).logQueue).toHaveLength(2);
          |                                           ^
      347 |
      348 |       transport.clearQueue();
      349 |

      at Object.<anonymous> (src/lib/__tests__/websocket-transport.test.ts:346:43)

  ● WebSocketTransport › clearQueue › should allow adding logs after clearing

    expect(received).toHaveLength(expected)

    Expected length: 1
    Received length: 0
    Received array:  []

      361 |       transport.log({ timestamp: '2024-01-01T00:00:01Z', level: 'info', message: 'Log 2' });
      362 |
    > 363 |       expect((transport as any).logQueue).toHaveLength(1);
          |                                           ^
      364 |       expect((transport as any).logQueue[0].message).toBe('Log 2');
      365 |     });
      366 |   });

      at Object.<anonymous> (src/lib/__tests__/websocket-transport.test.ts:363:43)

  ● WebSocketTransport › integration with Winston › should use setImmediate for async processing

    expect(jest.fn()).toHaveBeenCalled()

    Expected number of calls: >= 1
    Received number of calls:    0

      390 |
      391 |       // Callback should be called asynchronously
    > 392 |       expect(callback).toHaveBeenCalled();
          |                        ^
      393 |     });
      394 |   });
      395 | });

      at Object.<anonymous> (src/lib/__tests__/websocket-transport.test.ts:392:24)

FAIL src/lib/__tests__/store.test.ts
  ● store › persistence › should persist state to localStorage

    expect(received).toBeTruthy()

    Received: null

      395 |
      396 |       const storedData = localStorage.getItem('llama-app-storage-v2');
    > 397 |       expect(storedData).toBeTruthy();
          |                          ^
      398 |
      399 |       const parsed = JSON.parse(storedData!);
      400 |       expect(parsed.state).toHaveProperty('models');

      at Object.<anonymous> (src/lib/__tests__/store.test.ts:397:26)

  ● store › persistence › should not persist metrics and logs

    TypeError: Cannot read properties of null (reading 'state')

      417 |       const storedData = localStorage.getItem('llama-app-storage-v2');
      418 |       const parsed = JSON.parse(storedData!);
    > 419 |       expect(parsed.state).not.toHaveProperty('metrics');
          |                     ^
      420 |       expect(parsed.state).not.toHaveProperty('logs');
      421 |     });
      422 |   });

      at Object.<anonymous> (src/lib/__tests__/store.test.ts:419:21)

FAIL src/lib/__tests__/validators.test.ts
  ● validators › parse vs safeParse › should return typed data with safeParse success

    ReferenceError: expectTypeOf is not defined

      428 |
      429 |       if (result.success) {
    > 430 |         expectTypeOf<ConfigSchema>(result.data);
          |         ^
      431 |         expect(result.data.models[0].id).toBe('550e8400-e29b-41d4-a716-446655440000');
      432 |       }
      433 |     });

      at Object.<anonymous> (src/lib/__tests__/validators.test.ts:430:9)

FAIL src/lib/__tests__/server-config.test.ts
  ● server-config › loadConfig › should return default config when file does not exist

    expect(jest.fn()).toHaveBeenCalledWith(...expected)

    Expected: "/mocked/path/llama-server-config.json"
    Received: undefined

    Number of calls: 1

      41 |       } as LlamaServerConfig);
      42 |
    > 43 |       expect(mockedExistsSync).toHaveBeenCalledWith(mockConfigFile);
         |                                ^
      44 |       expect(mockedReadFileSync).not.toHaveBeenCalled();
      45 |     });
      46 |

      at Object.<anonymous> (src/lib/__tests__/server-config.test.ts:43:32)

  ● server-config › loadConfig › should load and merge config from file

    expect(jest.fn()).toHaveBeenCalledWith(...expected)

    Expected: "/mocked/path/llama-server-config.json", "utf8"
    Received: undefined, "utf-8"

    Number of calls: 1

      68 |       } as LlamaServerConfig);
      69 |
    > 70 |       expect(mockedReadFileSync).toHaveBeenCalledWith(mockConfigFile, 'utf8');
         |                                  ^
      71 |     });
      72 |
      73 |     it('should handle invalid JSON in config file', () => {

      at Object.<anonymous> (src/lib/__tests__/server-config.test.ts:70:34)

  ● server-config › saveConfig › should save config to file

    expect(jest.fn()).toHaveBeenCalledWith(...expected)

    Expected: "/mocked/path/llama-server-config.json", "{
      \"host\": \"localhost\",
      \"port\": 9999,
      \"basePath\": \"/models\",
      \"serverPath\": \"/home/bamer/llama.cpp/build/bin/llama-server\",
      \"ctx_size\": 16384,
      \"batch_size\": 512,
      \"threads\": -1,
      \"gpu_layers\": -1
    }", "utf8"
    Received: undefined, "{
      \"host\": \"localhost\",
      \"port\": 9999,
      \"basePath\": \"/models\",
      \"serverPath\": \"/home/bamer/llama.cpp/build/bin/llama-server\",
      \"ctx_size\": 16384,
      \"batch_size\": 512,
      \"threads\": -1,
      \"gpu_layers\": -1
    }"

    Number of calls: 1

      162 |       saveConfig(partialConfig);
      163 |
    > 164 |       expect(mockedWriteFileSync).toHaveBeenCalledWith(
          |                                   ^
      165 |         mockConfigFile,
      166 |         JSON.stringify(
      167 |           {

      at Object.<anonymous> (src/lib/__tests__/server-config.test.ts:164:35)

  ● server-config › saveConfig › should merge with existing config when saving

    expect(jest.fn()).toHaveBeenCalledWith(...expected)

    Expected: "/mocked/path/llama-server-config.json", "{
      \"host\": \"0.0.0.0\",
      \"port\": 9999,
      \"basePath\": \"/api\",
      \"serverPath\": \"/home/bamer/llama.cpp/build/bin/llama-server\",
      \"ctx_size\": 16384,
      \"batch_size\": 512,
      \"threads\": -1,
      \"gpu_layers\": -1
    }", "utf8"
    Received: undefined, "{
      \"host\": \"0.0.0.0\",
      \"port\": 9999,
      \"basePath\": \"/api\",
      \"serverPath\": \"/home/bamer/llama.cpp/build/bin/llama-server\",
      \"ctx_size\": 16384,
      \"batch_size\": 512,
      \"threads\": -1,
      \"gpu_layers\": -1
    }"

    Number of calls: 1

      199 |       saveConfig(partialUpdate);
      200 |
    > 201 |       expect(mockedWriteFileSync).toHaveBeenCalledWith(
          |                                   ^
      202 |         mockConfigFile,
      203 |         JSON.stringify(
      204 |           {

      at Object.<anonymous> (src/lib/__tests__/server-config.test.ts:201:35)

FAIL src/lib/__tests__/websocket-client.test.ts
  ● websocket-client › connect › should connect to Socket.IO server

    expect(jest.fn()).toHaveBeenCalledWith(...expected)

    - Expected
    + Received

    - "http://localhost:3000",
    + "http://localhost",
      {"path": "/llamaproxws", "reconnection": true, "reconnectionAttempts": 5, "reconnectionDelay": 1000, "reconnectionDelayMax": 5000, "transports": ["websocket"]},

    Number of calls: 1

      46 |       client.connect();
      47 |
    > 48 |       expect(mockedIo).toHaveBeenCalledWith('http://localhost:3000', {
         |                        ^
      49 |         path: '/llamaproxws',
      50 |         transports: ['websocket'],
      51 |         reconnection: true,

      at Object.<anonymous> (src/lib/__tests__/websocket-client.test.ts:48:24)

  ● websocket-client › connect › should use window.location.origin when available

    expect(jest.fn()).toHaveBeenCalledWith(...expected)

    Expected: "https://example.com", Any<Object>
    Received: "http://localhost", {"path": "/llamaproxws", "reconnection": true, "reconnectionAttempts": 5, "reconnectionDelay": 1000, "reconnectionDelayMax": 5000, "transports": ["websocket"]}

    Number of calls: 1

      291 |       client.connect();
      292 |
    > 293 |       expect(mockedIo).toHaveBeenCalledWith('https://example.com', expect.any(Object));
          |                        ^
      294 |     });
      295 |
      296 |     it('should use default URL when window is not available', () => {

      at Object.<anonymous> (src/lib/__tests__/websocket-client.test.ts:293:24)

  ● websocket-client › connect › should use default URL when window is not available

    expect(jest.fn()).toHaveBeenCalledWith(...expected)

    Expected: "http://localhost:3000", Any<Object>
    Received: "http://localhost", {"path": "/llamaproxws", "reconnection": true, "reconnectionAttempts": 5, "reconnectionDelay": 1000, "reconnectionDelayMax": 5000, "transports": ["websocket"]}

    Number of calls: 1

      299 |       client.connect();
      300 |
    > 301 |       expect(mockedIo).toHaveBeenCalledWith('http://localhost:3000', expect.any(Object));
          |                        ^
      302 |     });
      303 |   });
      304 |

      at Object.<anonymous> (src/lib/__tests__/websocket-client.test.ts:301:24)

  ● websocket-client › request methods › should request metrics

    expect(jest.fn()).toHaveBeenCalledWith(...expected)

    Expected: "requestMetrics"
    Received: "requestMetrics", undefined

    Number of calls: 1

      362 |       client.requestMetrics();
      363 |
    > 364 |       expect(mockedSocket.emit).toHaveBeenCalledWith('requestMetrics');
          |                                 ^
      365 |     });
      366 |
      367 |     it('should request logs', () => {

      at Object.<anonymous> (src/lib/__tests__/websocket-client.test.ts:364:33)

  ● websocket-client › request methods › should request logs

    expect(jest.fn()).toHaveBeenCalledWith(...expected)

    Expected: "requestLogs"
    Received: "requestLogs", undefined

    Number of calls: 1

      368 |       client.requestLogs();
      369 |
    > 370 |       expect(mockedSocket.emit).toHaveBeenCalledWith('requestLogs');
          |                                 ^
      371 |     });
      372 |
      373 |     it('should request models', () => {

      at Object.<anonymous> (src/lib/__tests__/websocket-client.test.ts:370:33)

  ● websocket-client › request methods › should request models

    expect(jest.fn()).toHaveBeenCalledWith(...expected)

    Expected: "requestModels"
    Received: "requestModels", undefined

    Number of calls: 1

      374 |       client.requestModels();
      375 |
    > 376 |       expect(mockedSocket.emit).toHaveBeenCalledWith('requestModels');
          |                                 ^
      377 |     });
      378 |
      379 |     it('should request llama status', () => {

      at Object.<anonymous> (src/lib/__tests__/websocket-client.test.ts:376:33)

  ● websocket-client › request methods › should request llama status

    expect(jest.fn()).toHaveBeenCalledWith(...expected)

    Expected: "requestLlamaStatus"
    Received: "requestLlamaStatus", undefined

    Number of calls: 1

      380 |       client.requestLlamaStatus();
      381 |
    > 382 |       expect(mockedSocket.emit).toHaveBeenCalledWith('requestLlamaStatus');
          |                                 ^
      383 |     });
      384 |
      385 |     it('should rescan models', () => {

      at Object.<anonymous> (src/lib/__tests__/websocket-client.test.ts:382:33)

  ● websocket-client › request methods › should rescan models

    expect(jest.fn()).toHaveBeenCalledWith(...expected)

    Expected: "rescanModels"
    Received: "rescanModels", undefined

    Number of calls: 1

      386 |       client.rescanModels();
      387 |
    > 388 |       expect(mockedSocket.emit).toHaveBeenCalledWith('rescanModels');
          |                                 ^
      389 |     });
      390 |
      391 |     it('should start model', () => {

      at Object.<anonymous> (src/lib/__tests__/websocket-client.test.ts:388:33)

FAIL __tests__/lib/analytics.test.ts
  ● analyticsEngine › decRequest › decrements active sessions

    expect(received).toBe(expected) // Object.is equality

    Expected: 0
    Received: 4

      43 |       analyticsEngine.incRequest();
      44 |       analyticsEngine.decRequest();
    > 45 |       expect(analyticsEngine['activeSessions']).toBe(0);
         |                                                 ^
      46 |     });
      47 |   });
      48 |

      at Object.<anonymous> (__tests__/lib/analytics.test.ts:45:49)

  ● analyticsEngine › getAnalytics › calculates average response time correctly

    expect(received).toBe(expected) // Object.is equality

    Expected: 200
    Received: 100

       98 |
       99 |       const analytics = await analyticsEngine.getAnalytics();
    > 100 |       expect(analytics.averageResponseTime).toBe(200);
          |                                             ^
      101 |     });
      102 |
      103 |     it('returns zero error rate when no requests', async () => {

      at Object.<anonymous> (__tests__/lib/analytics.test.ts:100:45)

  ● analyticsEngine › getAnalytics › returns zero error rate when no requests

    expect(received).toBe(expected) // Object.is equality

    Expected: 0
    Received: 0.3333333333333333

      106 |
      107 |       const analytics = await analyticsEngine.getAnalytics();
    > 108 |       expect(analytics.errorRate).toBe(0);
          |                                   ^
      109 |     });
      110 |   });
      111 | });

      at Object.<anonymous> (__tests__/lib/analytics.test.ts:108:35)

  ● ServerSentEventStream › startStream › creates a readable stream

    ReferenceError: ReadableStream is not defined

      119 |     }
      120 |
    > 121 |     const stream = new ReadableStream<string>({
          |                    ^
      122 |       async start(controller) {
      123 |         ServerSentEventStream.streamController = controller as any;
      124 |         // Send initial analytics update

      at ServerSentEventStream.startStream (src/lib/analytics.ts:121:20)
      at Object.<anonymous> (__tests__/lib/analytics.test.ts:125:50)

  ● ServerSentEventStream › startStream › sends initial analytics update

    ReferenceError: ReadableStream is not defined

      119 |     }
      120 |
    > 121 |     const stream = new ReadableStream<string>({
          |                    ^
      122 |       async start(controller) {
      123 |         ServerSentEventStream.streamController = controller as any;
      124 |         // Send initial analytics update

      at ServerSentEventStream.startStream (src/lib/analytics.ts:121:20)
      at Object.<anonymous> (__tests__/lib/analytics.test.ts:134:50)

  ● ServerSentEventStream › startStream › cancels previous stream when starting new

    ReferenceError: ReadableStream is not defined

      119 |     }
      120 |
    > 121 |     const stream = new ReadableStream<string>({
          |                    ^
      122 |       async start(controller) {
      123 |         ServerSentEventStream.streamController = controller as any;
      124 |         // Send initial analytics update

      at ServerSentEventStream.startStream (src/lib/analytics.ts:121:20)
      at Object.<anonymous> (__tests__/lib/analytics.test.ts:146:35)

FAIL __tests__/components/pages/LoggingSettings.test.tsx (14.599 s)
  ● LoggingSettings › shows loading state initially

    Loading...

      74 |     const { getLoggerConfig } = require('@/lib/logger');
      75 |     getLoggerConfig.mockImplementationOnce(() => {
    > 76 |       throw new Error('Loading...');
         |             ^
      77 |     });
      78 |     
      79 |     renderWithThemeProvider(<LoggingSettings />);

      at __tests__/components/pages/LoggingSettings.test.tsx:76:13
      at src/components/pages/LoggingSettings.tsx:21:42
      at Object.react_stack_bottom_frame (node_modules/.pnpm/react-dom@19.2.3_react@19.2.3/node_modules/react-dom/cjs/react-dom-client.development.js:25989:20)
      at runWithFiberInDEV (node_modules/.pnpm/react-dom@19.2.3_react@19.2.3/node_modules/react-dom/cjs/react-dom-client.development.js:874:13)
      at commitHookEffectListMount (node_modules/.pnpm/react-dom@19.2.3_react@19.2.3/node_modules/react-dom/cjs/react-dom-client.development.js:13249:29)
      at commitHookPassiveMountEffects (node_modules/.pnpm/react-dom@19.2.3_react@19.2.3/node_modules/react-dom/cjs/react-dom-client.development.js:13336:11)
      at commitPassiveMountOnFiber (node_modules/.pnpm/react-dom@19.2.3_react@19.2.3/node_modules/react-dom/cjs/react-dom-client.development.js:15484:13)
      at recursivelyTraversePassiveMountEffects (node_modules/.pnpm/react-dom@19.2.3_react@19.2.3/node_modules/react-dom/cjs/react-dom-client.development.js:15439:11)
      at commitPassiveMountOnFiber (node_modules/.pnpm/react-dom@19.2.3_react@19.2.3/node_modules/react-dom/cjs/react-dom-client.development.js:15718:11)
      at recursivelyTraversePassiveMountEffects (node_modules/.pnpm/react-dom@19.2.3_react@19.2.3/node_modules/react-dom/cjs/react-dom-client.development.js:15439:11)
      at commitPassiveMountOnFiber (node_modules/.pnpm/react-dom@19.2.3_react@19.2.3/node_modules/react-dom/cjs/react-dom-client.development.js:15718:11)
      at recursivelyTraversePassiveMountEffects (node_modules/.pnpm/react-dom@19.2.3_react@19.2.3/node_modules/react-dom/cjs/react-dom-client.development.js:15439:11)
      at commitPassiveMountOnFiber (node_modules/.pnpm/react-dom@19.2.3_react@19.2.3/node_modules/react-dom/cjs/react-dom-client.development.js:15476:11)
      at recursivelyTraversePassiveMountEffects (node_modules/.pnpm/react-dom@19.2.3_react@19.2.3/node_modules/react-dom/cjs/react-dom-client.development.js:15439:11)
      at commitPassiveMountOnFiber (node_modules/.pnpm/react-dom@19.2.3_react@19.2.3/node_modules/react-dom/cjs/react-dom-client.development.js:15718:11)
      at recursivelyTraversePassiveMountEffects (node_modules/.pnpm/react-dom@19.2.3_react@19.2.3/node_modules/react-dom/cjs/react-dom-client.development.js:15439:11)
      at commitPassiveMountOnFiber (node_modules/.pnpm/react-dom@19.2.3_react@19.2.3/node_modules/react-dom/cjs/react-dom-client.development.js:15476:11)
      at recursivelyTraversePassiveMountEffects (node_modules/.pnpm/react-dom@19.2.3_react@19.2.3/node_modules/react-dom/cjs/react-dom-client.development.js:15439:11)
      at commitPassiveMountOnFiber (node_modules/.pnpm/react-dom@19.2.3_react@19.2.3/node_modules/react-dom/cjs/react-dom-client.development.js:15718:11)
      at recursivelyTraversePassiveMountEffects (node_modules/.pnpm/react-dom@19.2.3_react@19.2.3/node_modules/react-dom/cjs/react-dom-client.development.js:15439:11)
      at commitPassiveMountOnFiber (node_modules/.pnpm/react-dom@19.2.3_react@19.2.3/node_modules/react-dom/cjs/react-dom-client.development.js:15718:11)
      at recursivelyTraversePassiveMountEffects (node_modules/.pnpm/react-dom@19.2.3_react@19.2.3/node_modules/react-dom/cjs/react-dom-client.development.js:15439:11)
      at commitPassiveMountOnFiber (node_modules/.pnpm/react-dom@19.2.3_react@19.2.3/node_modules/react-dom/cjs/react-dom-client.development.js:15476:11)
      at recursivelyTraversePassiveMountEffects (node_modules/.pnpm/react-dom@19.2.3_react@19.2.3/node_modules/react-dom/cjs/react-dom-client.development.js:15439:11)
      at commitPassiveMountOnFiber (node_modules/.pnpm/react-dom@19.2.3_react@19.2.3/node_modules/react-dom/cjs/react-dom-client.development.js:15476:11)
      at recursivelyTraversePassiveMountEffects (node_modules/.pnpm/react-dom@19.2.3_react@19.2.3/node_modules/react-dom/cjs/react-dom-client.development.js:15439:11)
      at commitPassiveMountOnFiber (node_modules/.pnpm/react-dom@19.2.3_react@19.2.3/node_modules/react-dom/cjs/react-dom-client.development.js:15476:11)
      at recursivelyTraversePassiveMountEffects (node_modules/.pnpm/react-dom@19.2.3_react@19.2.3/node_modules/react-dom/cjs/react-dom-client.development.js:15439:11)
      at commitPassiveMountOnFiber (node_modules/.pnpm/react-dom@19.2.3_react@19.2.3/node_modules/react-dom/cjs/react-dom-client.development.js:15476:11)
      at recursivelyTraversePassiveMountEffects (node_modules/.pnpm/react-dom@19.2.3_react@19.2.3/node_modules/react-dom/cjs/react-dom-client.development.js:15439:11)
      at commitPassiveMountOnFiber (node_modules/.pnpm/react-dom@19.2.3_react@19.2.3/node_modules/react-dom/cjs/react-dom-client.development.js:15718:11)
      at recursivelyTraversePassiveMountEffects (node_modules/.pnpm/react-dom@19.2.3_react@19.2.3/node_modules/react-dom/cjs/react-dom-client.development.js:15439:11)
      at commitPassiveMountOnFiber (node_modules/.pnpm/react-dom@19.2.3_react@19.2.3/node_modules/react-dom/cjs/react-dom-client.development.js:15476:11)
      at recursivelyTraversePassiveMountEffects (node_modules/.pnpm/react-dom@19.2.3_react@19.2.3/node_modules/react-dom/cjs/react-dom-client.development.js:15439:11)
      at commitPassiveMountOnFiber (node_modules/.pnpm/react-dom@19.2.3_react@19.2.3/node_modules/react-dom/cjs/react-dom-client.development.js:15519:11)
      at flushPassiveEffects (node_modules/.pnpm/react-dom@19.2.3_react@19.2.3/node_modules/react-dom/cjs/react-dom-client.development.js:18432:9)
      at node_modules/.pnpm/react-dom@19.2.3_react@19.2.3/node_modules/react-dom/cjs/react-dom-client.development.js:17923:15
      at flushActQueue (node_modules/.pnpm/react@19.2.3/node_modules/react/cjs/react.development.js:590:34)
      at process.env.NODE_ENV.exports.act (node_modules/.pnpm/react@19.2.3/node_modules/react/cjs/react.development.js:884:10)
      at node_modules/.pnpm/@testing-library+react@16.3.1_@testing-library+dom@10.4.1_@types+react-dom@19.2.3_@type_68c5b21a70acecf0fbbfd97f51128017/node_modules/@testing-library/react/dist/act-compat.js:46:25
      at renderRoot (node_modules/.pnpm/@testing-library+react@16.3.1_@testing-library+dom@10.4.1_@types+react-dom@19.2.3_@type_68c5b21a70acecf0fbbfd97f51128017/node_modules/@testing-library/react/dist/pure.js:189:26)
      at render (node_modules/.pnpm/@testing-library+react@16.3.1_@testing-library+dom@10.4.1_@types+react-dom@19.2.3_@type_68c5b21a70acecf0fbbfd97f51128017/node_modules/@testing-library/react/dist/pure.js:291:10)
      at renderWithThemeProvider (__tests__/components/pages/LoggingSettings.test.tsx:52:16)
      at Object.<anonymous> (__tests__/components/pages/LoggingSettings.test.tsx:79:5)

  ● LoggingSettings › renders console logging card

    TestingLibraryElementError: Found multiple elements with the text: Console Logging

    Here are the matching elements:

    Ignored nodes: comments, script, style
    [36m<h6[39m
      [33mclass[39m=[32m"MuiTypography-root MuiTypography-h6 MuiTypography-gutterBottom css-i7k7ai-MuiTypography-root"[39m
    [36m>[39m
      [0mConsole Logging[0m
    [36m</h6>[39m

    Ignored nodes: comments, script, style
    [36m<p[39m
      [33mclass[39m=[32m"MuiTypography-root MuiTypography-body2 css-1bu12q7-MuiTypography-root"[39m
    [36m>[39m
      [0mConsole Logging[0m
    [36m</p>[39m

    (If this is intentional, then use the `*AllBy*` variant of the query (like `queryAllByText`, `getAllByText`, or `findAllByText`)).

    Ignored nodes: comments, script, style
    [36m<body>[39m
      [36m<div>[39m
        [36m<div[39m
          [33mclass[39m=[32m"MuiBox-root css-1wcaknn"[39m
        [36m>[39m
          [36m<div[39m
            [33mclass[39m=[32m"MuiBox-root css-4c94nt"[39m
          [36m>[39m
            [36m<div[39m
              [33manimate[39m=[32m"[object Object]"[39m
              [33minitial[39m=[32m"[object Object]"[39m
              [33mtransition[39m=[32m"[object Object]"[39m
            [36m>[39m
              [36m<h1[39m
                [33mclass[39m=[32m"MuiTypography-root MuiTypography-h3 css-1y09m9g-MuiTypography-root"[39m
              [36m>[39m
                [0mLogging Configuration[0m
              [36m</h1>[39m
              [36m<h6[39m
                [33mclass[39m=[32m"MuiTypography-root MuiTypography-subtitle1 css-nd7spj-MuiTypography-root"[39m
              [36m>[39m
                [0mAdvanced Logging System with File Rotation[0m
              [36m</h6>[39m
            [36m</div>[39m
          [36m</div>[39m
          [36m<hr[39m
            [33mclass[39m=[32m"MuiDivider-root MuiDivider-fullWidth css-1dkov3i-MuiDivider-root"[39m
          [36m/>[39m
          [36m<div[39m
            [33mclass[39m=[32m"MuiGrid-root MuiGrid-container MuiGrid-direction-xs-row MuiGrid-spacing-xs-4 css-kqg16c-MuiGrid-root"[39m
          [36m>[39m
            [36m<div[39m
              [33mclass[39m=[32m"MuiGrid-root MuiGrid-direction-xs-row MuiGrid-grid-xs-12 MuiGrid-grid-md-6 css-204a8q-MuiGrid-root"[39m
            [36m>[39m
              [36m<div[39m
                [33manimate[39m=[32m"[object Object]"[39m
                [33minitial[39m=[32m"[object Object]"[39m
                [33mtransition[39m=[32m"[object Object]"[39m
              [36m>[39m
                [36m<div[39m
                  [33mclass[39m=[32m"MuiPaper-root MuiPaper-elevation MuiPaper-rounded MuiPaper-elevation1 MuiCard-root css-n4xn9e-MuiPaper-root-MuiCard-root"[39m
                  [33mstyle[39m=[32m"--Paper-shadow: 0px 2px 1px -1px rgba(0,0,0,0.2),0px 1px 1px 0px rgba(0,0,0,0.14),0px 1px 3px 0px rgba(0,0,0,0.12);"[39m
                [36m>[39m
                  [36m<div[39m
                    [33mclass[39m=[32m"MuiCardContent-root css-1lt5qva-MuiCardContent-root"[39m
                  [36m>[39m
                    [36m<h6[39m
                      [33mclass[39m=[32m"MuiTypography-root MuiTypography-h6 MuiTypography-gutterBottom css-i7k7ai-MuiTypography-root"[39m
                    [36m>[39m
                      [0mConsole Logging[0m
                    [36m</h6>[39m
                    [36m<p[39m
                      [33mclass[39m=[32m"MuiTypography-root MuiTypography-body2 css-gdfsl6-MuiTypography-root"[39m
                    [36m>[39m
                      [0mConfigure console output logging[0m
                    [36m</p>[39m
                    [36m<div[39m
                      [33mclass[39m=[32m"MuiBox-root css-1qrecot"[39m
                    [36m>[39m
                      [36m<label[39m
                        [33mclass[39m=[32m"MuiFormControlLabel-root MuiFormControlLabel-labelPlacementEnd css-1v1gbgd-MuiFormControlLabel-root"[39m
                      [36m>[39m
                        [36m<span[39m
                          [33mclass[39m=[32m"MuiSwitch-root MuiSwitch-sizeMedium css-k3m6lw-MuiSwitch-root"[39m
                        [36m>[39m
                          [36m<span[39m
                            [33mclass[39m=[32m"MuiButtonBase-root MuiSwitch-switchBase MuiSwitch-colorPrimary Mui-checked PrivateSwitchBase-root MuiSwitch-switchBase MuiSwitch-colorPrimary Mui-checked Mui-checked css-62uhk4-MuiButtonBase-root-MuiSwitchBase-root-MuiSwitch-switchBase"[39m
                          [36m>[39m
                            [36m<input[39m
                              [33mchecked[39m=[32m""[39m
                              [33mclass[39m=[32m"PrivateSwitchBase-input MuiSwitch-input css-12xagqm-MuiSwitchBase-root"[39m
                              [33mrole[39m=[32m"switch"[39m
                              [33mtype[39m=[32m"checkbox"[39m
                            [36m/>[39m
                            [36m<span[39m
                              [33mclass[39m=[32m"MuiSwitch-thumb css-18cpvxz-MuiSwitch-thumb"[39m
                            [36m/>[39m
                          [36m</span>[39m
                          [36m<span[39m
                            [33mclass[39m=[32m"MuiSwitch-track css-tj8d99-MuiSwitch-track"[39m
                          [36m/>[39m
                        [36m</span>[39m
                        [36m<span[39m
                          [33mclass[39m=[32m"MuiTypography-root MuiTypography-body1 MuiFormControlLabel-label css-e86f8p-MuiTypography-root"[39m
                        [36m>[39m
                          [0mEnable Console Logging[0m
                        [36m</span>[39m
                      [36m</label>[39m
                      [36m<h6[39m
                        [33mclass[39m=[32m"MuiTypography-root MuiTypography-subtitle2 css-1cji1ru-MuiTypography-root"[39m
                      [36m>[39m
                        [0mConsole Log Level[0m
                      [36m</h6>[39m
                      [36m<span[39m
                        [33mclass[39m=[32m"MuiSlider-root MuiSlider-marked MuiSlider-colorPrimary MuiSlider-sizeMedium css-nzmogg-MuiSlider-root"[39m
                      [36m>[39m
                        [36m<span[39m
                          [33mclass[39m=[32m"MuiSlider-rail css-r64h58-MuiSlider-rail"[39m
                        [36m/>[39m
                        [36m<span[39m
                          [33mclass[39m=[32m"MuiSlider-track css-xvk2i-MuiSlider-track"[39m
                          [33mstyle[39m=[32m"left: 0%; width: 75%;"[39m
                        [36m/>[39m
                        [36m<span[39m
                          [33mclass[39m=[32m"MuiSlider-mark MuiSlider-markActive css-1pnw19s-MuiSlider-mark"[39m
                          [33mdata-index[39m=[32m"0"[39m
                          [33mstyle[39m=[32m"left: 0%;"[39m
                        [36m/>[39m
                        [36m<span[39m
                          [33maria-hidden[39m=[32m"true"[39m
                          [33mclass[39m=[32m"MuiSlider-markLabel MuiSlider-markLabel MuiSlider-markLabelActive css-1f05acu-MuiSlider-markLabel"[39m
                          [33mdata-index[39m=[32m"0"[39m
                          [33mstyle[39m=[32m"left: 0%;"[39m
                        [36m>[39m
                          [0merror[0m
                        [36m</span>[39m
                        [36m<span[39m
                          [33mclass[39m=[32m"MuiSlider-mark MuiSlider-markActive css-1pnw19s-MuiSlider-mark"[39m
                          [33mdata-index[39m=[32m"1"[39m
                          [33mstyle[39m=[32m"left: 25%;"[39m
                        [36m/>[39m
                        [36m<span[39m
                          [33maria-hidden[39m=[32m"true"[39m
                          [33mclass[39m=[32m"MuiSlider-markLabel MuiSlider-markLabel MuiSlider-markLabelActive css-1f05acu-MuiSlider-markLabel"[39m
                          [33mdata-index[39m=[32m"1"[39m
     ...

      85 |     renderWithThemeProvider(<LoggingSettings />);
      86 |     
    > 87 |     expect(screen.getByText('Console Logging')).toBeInTheDocument();
         |                   ^
      88 |     expect(screen.getByText('Configure console output logging')).toBeInTheDocument();
      89 |   });
      90 |

      at Object.getElementError (node_modules/.pnpm/@testing-library+dom@10.4.1/node_modules/@testing-library/dom/dist/config.js:37:19)
      at getElementError (node_modules/.pnpm/@testing-library+dom@10.4.1/node_modules/@testing-library/dom/dist/query-helpers.js:20:35)
      at getMultipleElementsFoundError (node_modules/.pnpm/@testing-library+dom@10.4.1/node_modules/@testing-library/dom/dist/query-helpers.js:23:10)
      at node_modules/.pnpm/@testing-library+dom@10.4.1/node_modules/@testing-library/dom/dist/query-helpers.js:55:13
      at node_modules/.pnpm/@testing-library+dom@10.4.1/node_modules/@testing-library/dom/dist/query-helpers.js:95:19
      at Object.<anonymous> (__tests__/components/pages/LoggingSettings.test.tsx:87:19)

  ● LoggingSettings › renders file logging card

    TestingLibraryElementError: Found multiple elements with the text: File Logging

    Here are the matching elements:

    Ignored nodes: comments, script, style
    [36m<h6[39m
      [33mclass[39m=[32m"MuiTypography-root MuiTypography-h6 MuiTypography-gutterBottom css-i7k7ai-MuiTypography-root"[39m
    [36m>[39m
      [0mFile Logging[0m
    [36m</h6>[39m

    Ignored nodes: comments, script, style
    [36m<p[39m
      [33mclass[39m=[32m"MuiTypography-root MuiTypography-body2 css-1bu12q7-MuiTypography-root"[39m
    [36m>[39m
      [0mFile Logging[0m
    [36m</p>[39m

    (If this is intentional, then use the `*AllBy*` variant of the query (like `queryAllByText`, `getAllByText`, or `findAllByText`)).

    Ignored nodes: comments, script, style
    [36m<body>[39m
      [36m<div>[39m
        [36m<div[39m
          [33mclass[39m=[32m"MuiBox-root css-1wcaknn"[39m
        [36m>[39m
          [36m<div[39m
            [33mclass[39m=[32m"MuiBox-root css-4c94nt"[39m
          [36m>[39m
            [36m<div[39m
              [33manimate[39m=[32m"[object Object]"[39m
              [33minitial[39m=[32m"[object Object]"[39m
              [33mtransition[39m=[32m"[object Object]"[39m
            [36m>[39m
              [36m<h1[39m
                [33mclass[39m=[32m"MuiTypography-root MuiTypography-h3 css-1y09m9g-MuiTypography-root"[39m
              [36m>[39m
                [0mLogging Configuration[0m
              [36m</h1>[39m
              [36m<h6[39m
                [33mclass[39m=[32m"MuiTypography-root MuiTypography-subtitle1 css-nd7spj-MuiTypography-root"[39m
              [36m>[39m
                [0mAdvanced Logging System with File Rotation[0m
              [36m</h6>[39m
            [36m</div>[39m
          [36m</div>[39m
          [36m<hr[39m
            [33mclass[39m=[32m"MuiDivider-root MuiDivider-fullWidth css-1dkov3i-MuiDivider-root"[39m
          [36m/>[39m
          [36m<div[39m
            [33mclass[39m=[32m"MuiGrid-root MuiGrid-container MuiGrid-direction-xs-row MuiGrid-spacing-xs-4 css-kqg16c-MuiGrid-root"[39m
          [36m>[39m
            [36m<div[39m
              [33mclass[39m=[32m"MuiGrid-root MuiGrid-direction-xs-row MuiGrid-grid-xs-12 MuiGrid-grid-md-6 css-204a8q-MuiGrid-root"[39m
            [36m>[39m
              [36m<div[39m
                [33manimate[39m=[32m"[object Object]"[39m
                [33minitial[39m=[32m"[object Object]"[39m
                [33mtransition[39m=[32m"[object Object]"[39m
              [36m>[39m
                [36m<div[39m
                  [33mclass[39m=[32m"MuiPaper-root MuiPaper-elevation MuiPaper-rounded MuiPaper-elevation1 MuiCard-root css-n4xn9e-MuiPaper-root-MuiCard-root"[39m
                  [33mstyle[39m=[32m"--Paper-shadow: 0px 2px 1px -1px rgba(0,0,0,0.2),0px 1px 1px 0px rgba(0,0,0,0.14),0px 1px 3px 0px rgba(0,0,0,0.12);"[39m
                [36m>[39m
                  [36m<div[39m
                    [33mclass[39m=[32m"MuiCardContent-root css-1lt5qva-MuiCardContent-root"[39m
                  [36m>[39m
                    [36m<h6[39m
                      [33mclass[39m=[32m"MuiTypography-root MuiTypography-h6 MuiTypography-gutterBottom css-i7k7ai-MuiTypography-root"[39m
                    [36m>[39m
                      [0mConsole Logging[0m
                    [36m</h6>[39m
                    [36m<p[39m
                      [33mclass[39m=[32m"MuiTypography-root MuiTypography-body2 css-gdfsl6-MuiTypography-root"[39m
                    [36m>[39m
                      [0mConfigure console output logging[0m
                    [36m</p>[39m
                    [36m<div[39m
                      [33mclass[39m=[32m"MuiBox-root css-1qrecot"[39m
                    [36m>[39m
                      [36m<label[39m
                        [33mclass[39m=[32m"MuiFormControlLabel-root MuiFormControlLabel-labelPlacementEnd css-1v1gbgd-MuiFormControlLabel-root"[39m
                      [36m>[39m
                        [36m<span[39m
                          [33mclass[39m=[32m"MuiSwitch-root MuiSwitch-sizeMedium css-k3m6lw-MuiSwitch-root"[39m
                        [36m>[39m
                          [36m<span[39m
                            [33mclass[39m=[32m"MuiButtonBase-root MuiSwitch-switchBase MuiSwitch-colorPrimary Mui-checked PrivateSwitchBase-root MuiSwitch-switchBase MuiSwitch-colorPrimary Mui-checked Mui-checked css-62uhk4-MuiButtonBase-root-MuiSwitchBase-root-MuiSwitch-switchBase"[39m
                          [36m>[39m
                            [36m<input[39m
                              [33mchecked[39m=[32m""[39m
                              [33mclass[39m=[32m"PrivateSwitchBase-input MuiSwitch-input css-12xagqm-MuiSwitchBase-root"[39m
                              [33mrole[39m=[32m"switch"[39m
                              [33mtype[39m=[32m"checkbox"[39m
                            [36m/>[39m
                            [36m<span[39m
                              [33mclass[39m=[32m"MuiSwitch-thumb css-18cpvxz-MuiSwitch-thumb"[39m
                            [36m/>[39m
                          [36m</span>[39m
                          [36m<span[39m
                            [33mclass[39m=[32m"MuiSwitch-track css-tj8d99-MuiSwitch-track"[39m
                          [36m/>[39m
                        [36m</span>[39m
                        [36m<span[39m
                          [33mclass[39m=[32m"MuiTypography-root MuiTypography-body1 MuiFormControlLabel-label css-e86f8p-MuiTypography-root"[39m
                        [36m>[39m
                          [0mEnable Console Logging[0m
                        [36m</span>[39m
                      [36m</label>[39m
                      [36m<h6[39m
                        [33mclass[39m=[32m"MuiTypography-root MuiTypography-subtitle2 css-1cji1ru-MuiTypography-root"[39m
                      [36m>[39m
                        [0mConsole Log Level[0m
                      [36m</h6>[39m
                      [36m<span[39m
                        [33mclass[39m=[32m"MuiSlider-root MuiSlider-marked MuiSlider-colorPrimary MuiSlider-sizeMedium css-nzmogg-MuiSlider-root"[39m
                      [36m>[39m
                        [36m<span[39m
                          [33mclass[39m=[32m"MuiSlider-rail css-r64h58-MuiSlider-rail"[39m
                        [36m/>[39m
                        [36m<span[39m
                          [33mclass[39m=[32m"MuiSlider-track css-xvk2i-MuiSlider-track"[39m
                          [33mstyle[39m=[32m"left: 0%; width: 75%;"[39m
                        [36m/>[39m
                        [36m<span[39m
                          [33mclass[39m=[32m"MuiSlider-mark MuiSlider-markActive css-1pnw19s-MuiSlider-mark"[39m
                          [33mdata-index[39m=[32m"0"[39m
                          [33mstyle[39m=[32m"left: 0%;"[39m
                        [36m/>[39m
                        [36m<span[39m
                          [33maria-hidden[39m=[32m"true"[39m
                          [33mclass[39m=[32m"MuiSlider-markLabel MuiSlider-markLabel MuiSlider-markLabelActive css-1f05acu-MuiSlider-markLabel"[39m
                          [33mdata-index[39m=[32m"0"[39m
                          [33mstyle[39m=[32m"left: 0%;"[39m
                        [36m>[39m
                          [0merror[0m
                        [36m</span>[39m
                        [36m<span[39m
                          [33mclass[39m=[32m"MuiSlider-mark MuiSlider-markActive css-1pnw19s-MuiSlider-mark"[39m
                          [33mdata-index[39m=[32m"1"[39m
                          [33mstyle[39m=[32m"left: 25%;"[39m
                        [36m/>[39m
                        [36m<span[39m
                          [33maria-hidden[39m=[32m"true"[39m
                          [33mclass[39m=[32m"MuiSlider-markLabel MuiSlider-markLabel MuiSlider-markLabelActive css-1f05acu-MuiSlider-markLabel"[39m
                          [33mdata-index[39m=[32m"1"[39m
     ...

      92 |     renderWithThemeProvider(<LoggingSettings />);
      93 |     
    > 94 |     expect(screen.getByText('File Logging')).toBeInTheDocument();
         |                   ^
      95 |     expect(screen.getByText('Configure file logging with rotation')).toBeInTheDocument();
      96 |   });
      97 |

      at Object.getElementError (node_modules/.pnpm/@testing-library+dom@10.4.1/node_modules/@testing-library/dom/dist/config.js:37:19)
      at getElementError (node_modules/.pnpm/@testing-library+dom@10.4.1/node_modules/@testing-library/dom/dist/query-helpers.js:20:35)
      at getMultipleElementsFoundError (node_modules/.pnpm/@testing-library+dom@10.4.1/node_modules/@testing-library/dom/dist/query-helpers.js:23:10)
      at node_modules/.pnpm/@testing-library+dom@10.4.1/node_modules/@testing-library/dom/dist/query-helpers.js:55:13
      at node_modules/.pnpm/@testing-library+dom@10.4.1/node_modules/@testing-library/dom/dist/query-helpers.js:95:19
      at Object.<anonymous> (__tests__/components/pages/LoggingSettings.test.tsx:94:19)

  ● LoggingSettings › shows console logging enabled status

    TestingLibraryElementError: Found multiple elements with the text: Enabled

    Here are the matching elements:

    Ignored nodes: comments, script, style
    [36m<span[39m
      [33mclass[39m=[32m"MuiChip-label MuiChip-labelSmall css-eccknh-MuiChip-label"[39m
    [36m>[39m
      [0mEnabled[0m
    [36m</span>[39m

    Ignored nodes: comments, script, style
    [36m<span[39m
      [33mclass[39m=[32m"MuiChip-label MuiChip-labelSmall css-eccknh-MuiChip-label"[39m
    [36m>[39m
      [0mEnabled[0m
    [36m</span>[39m

    (If this is intentional, then use the `*AllBy*` variant of the query (like `queryAllByText`, `getAllByText`, or `findAllByText`)).

    Ignored nodes: comments, script, style
    [36m<body>[39m
      [36m<div>[39m
        [36m<div[39m
          [33mclass[39m=[32m"MuiBox-root css-1wcaknn"[39m
        [36m>[39m
          [36m<div[39m
            [33mclass[39m=[32m"MuiBox-root css-4c94nt"[39m
          [36m>[39m
            [36m<div[39m
              [33manimate[39m=[32m"[object Object]"[39m
              [33minitial[39m=[32m"[object Object]"[39m
              [33mtransition[39m=[32m"[object Object]"[39m
            [36m>[39m
              [36m<h1[39m
                [33mclass[39m=[32m"MuiTypography-root MuiTypography-h3 css-1y09m9g-MuiTypography-root"[39m
              [36m>[39m
                [0mLogging Configuration[0m
              [36m</h1>[39m
              [36m<h6[39m
                [33mclass[39m=[32m"MuiTypography-root MuiTypography-subtitle1 css-nd7spj-MuiTypography-root"[39m
              [36m>[39m
                [0mAdvanced Logging System with File Rotation[0m
              [36m</h6>[39m
            [36m</div>[39m
          [36m</div>[39m
          [36m<hr[39m
            [33mclass[39m=[32m"MuiDivider-root MuiDivider-fullWidth css-1dkov3i-MuiDivider-root"[39m
          [36m/>[39m
          [36m<div[39m
            [33mclass[39m=[32m"MuiGrid-root MuiGrid-container MuiGrid-direction-xs-row MuiGrid-spacing-xs-4 css-kqg16c-MuiGrid-root"[39m
          [36m>[39m
            [36m<div[39m
              [33mclass[39m=[32m"MuiGrid-root MuiGrid-direction-xs-row MuiGrid-grid-xs-12 MuiGrid-grid-md-6 css-204a8q-MuiGrid-root"[39m
            [36m>[39m
              [36m<div[39m
                [33manimate[39m=[32m"[object Object]"[39m
                [33minitial[39m=[32m"[object Object]"[39m
                [33mtransition[39m=[32m"[object Object]"[39m
              [36m>[39m
                [36m<div[39m
                  [33mclass[39m=[32m"MuiPaper-root MuiPaper-elevation MuiPaper-rounded MuiPaper-elevation1 MuiCard-root css-n4xn9e-MuiPaper-root-MuiCard-root"[39m
                  [33mstyle[39m=[32m"--Paper-shadow: 0px 2px 1px -1px rgba(0,0,0,0.2),0px 1px 1px 0px rgba(0,0,0,0.14),0px 1px 3px 0px rgba(0,0,0,0.12);"[39m
                [36m>[39m
                  [36m<div[39m
                    [33mclass[39m=[32m"MuiCardContent-root css-1lt5qva-MuiCardContent-root"[39m
                  [36m>[39m
                    [36m<h6[39m
                      [33mclass[39m=[32m"MuiTypography-root MuiTypography-h6 MuiTypography-gutterBottom css-i7k7ai-MuiTypography-root"[39m
                    [36m>[39m
                      [0mConsole Logging[0m
                    [36m</h6>[39m
                    [36m<p[39m
                      [33mclass[39m=[32m"MuiTypography-root MuiTypography-body2 css-gdfsl6-MuiTypography-root"[39m
                    [36m>[39m
                      [0mConfigure console output logging[0m
                    [36m</p>[39m
                    [36m<div[39m
                      [33mclass[39m=[32m"MuiBox-root css-1qrecot"[39m
                    [36m>[39m
                      [36m<label[39m
                        [33mclass[39m=[32m"MuiFormControlLabel-root MuiFormControlLabel-labelPlacementEnd css-1v1gbgd-MuiFormControlLabel-root"[39m
                      [36m>[39m
                        [36m<span[39m
                          [33mclass[39m=[32m"MuiSwitch-root MuiSwitch-sizeMedium css-k3m6lw-MuiSwitch-root"[39m
                        [36m>[39m
                          [36m<span[39m
                            [33mclass[39m=[32m"MuiButtonBase-root MuiSwitch-switchBase MuiSwitch-colorPrimary Mui-checked PrivateSwitchBase-root MuiSwitch-switchBase MuiSwitch-colorPrimary Mui-checked Mui-checked css-62uhk4-MuiButtonBase-root-MuiSwitchBase-root-MuiSwitch-switchBase"[39m
                          [36m>[39m
                            [36m<input[39m
                              [33mchecked[39m=[32m""[39m
                              [33mclass[39m=[32m"PrivateSwitchBase-input MuiSwitch-input css-12xagqm-MuiSwitchBase-root"[39m
                              [33mrole[39m=[32m"switch"[39m
                              [33mtype[39m=[32m"checkbox"[39m
                            [36m/>[39m
                            [36m<span[39m
                              [33mclass[39m=[32m"MuiSwitch-thumb css-18cpvxz-MuiSwitch-thumb"[39m
                            [36m/>[39m
                          [36m</span>[39m
                          [36m<span[39m
                            [33mclass[39m=[32m"MuiSwitch-track css-tj8d99-MuiSwitch-track"[39m
                          [36m/>[39m
                        [36m</span>[39m
                        [36m<span[39m
                          [33mclass[39m=[32m"MuiTypography-root MuiTypography-body1 MuiFormControlLabel-label css-e86f8p-MuiTypography-root"[39m
                        [36m>[39m
                          [0mEnable Console Logging[0m
                        [36m</span>[39m
                      [36m</label>[39m
                      [36m<h6[39m
                        [33mclass[39m=[32m"MuiTypography-root MuiTypography-subtitle2 css-1cji1ru-MuiTypography-root"[39m
                      [36m>[39m
                        [0mConsole Log Level[0m
                      [36m</h6>[39m
                      [36m<span[39m
                        [33mclass[39m=[32m"MuiSlider-root MuiSlider-marked MuiSlider-colorPrimary MuiSlider-sizeMedium css-nzmogg-MuiSlider-root"[39m
                      [36m>[39m
                        [36m<span[39m
                          [33mclass[39m=[32m"MuiSlider-rail css-r64h58-MuiSlider-rail"[39m
                        [36m/>[39m
                        [36m<span[39m
                          [33mclass[39m=[32m"MuiSlider-track css-xvk2i-MuiSlider-track"[39m
                          [33mstyle[39m=[32m"left: 0%; width: 75%;"[39m
                        [36m/>[39m
                        [36m<span[39m
                          [33mclass[39m=[32m"MuiSlider-mark MuiSlider-markActive css-1pnw19s-MuiSlider-mark"[39m
                          [33mdata-index[39m=[32m"0"[39m
                          [33mstyle[39m=[32m"left: 0%;"[39m
                        [36m/>[39m
                        [36m<span[39m
                          [33maria-hidden[39m=[32m"true"[39m
                          [33mclass[39m=[32m"MuiSlider-markLabel MuiSlider-markLabel MuiSlider-markLabelActive css-1f05acu-MuiSlider-markLabel"[39m
                          [33mdata-index[39m=[32m"0"[39m
                          [33mstyle[39m=[32m"left: 0%;"[39m
                        [36m>[39m
                          [0merror[0m
                        [36m</span>[39m
                        [36m<span[39m
                          [33mclass[39m=[32m"MuiSlider-mark MuiSlider-markActive css-1pnw19s-MuiSlider-mark"[39m
                          [33mdata-index[39m=[32m"1"[39m
                          [33mstyle[39m=[32m"left: 25%;"[39m
                        [36m/>[39m
                        [36m<span[39m
                          [33maria-hidden[39m=[32m"true"[39m
                          [33mclass[39m=[32m"MuiSlider-markLabel MuiSlider-markLabel MuiSlider-markLabelActive css-1f05acu-MuiSlider-markLabel"[39m
                          [33mdata-index[39m=[32m"1"[39m
     ...

      113 |     renderWithThemeProvider(<LoggingSettings />);
      114 |     
    > 115 |     expect(screen.getByText('Enabled')).toBeInTheDocument();
          |                   ^
      116 |   });
      117 |
      118 |   it('shows console level', () => {

      at Object.getElementError (node_modules/.pnpm/@testing-library+dom@10.4.1/node_modules/@testing-library/dom/dist/config.js:37:19)
      at getElementError (node_modules/.pnpm/@testing-library+dom@10.4.1/node_modules/@testing-library/dom/dist/query-helpers.js:20:35)
      at getMultipleElementsFoundError (node_modules/.pnpm/@testing-library+dom@10.4.1/node_modules/@testing-library/dom/dist/query-helpers.js:23:10)
      at node_modules/.pnpm/@testing-library+dom@10.4.1/node_modules/@testing-library/dom/dist/query-helpers.js:55:13
      at node_modules/.pnpm/@testing-library+dom@10.4.1/node_modules/@testing-library/dom/dist/query-helpers.js:95:19
      at Object.<anonymous> (__tests__/components/pages/LoggingSettings.test.tsx:115:19)

  ● LoggingSettings › shows console level

    TestingLibraryElementError: Found multiple elements with the text: debug

    Here are the matching elements:

    Ignored nodes: comments, script, style
    [36m<span[39m
      [33maria-hidden[39m=[32m"true"[39m
      [33mclass[39m=[32m"MuiSlider-markLabel MuiSlider-markLabel MuiSlider-markLabelActive css-1f05acu-MuiSlider-markLabel"[39m
      [33mdata-index[39m=[32m"3"[39m
      [33mstyle[39m=[32m"left: 75%;"[39m
    [36m>[39m
      [0mdebug[0m
    [36m</span>[39m

    Ignored nodes: comments, script, style
    [36m<span[39m
      [33mclass[39m=[32m"MuiSlider-valueLabelLabel"[39m
    [36m>[39m
      [0mdebug[0m
    [36m</span>[39m

    Ignored nodes: comments, script, style
    [36m<span[39m
      [33maria-hidden[39m=[32m"true"[39m
      [33mclass[39m=[32m"MuiSlider-markLabel MuiSlider-markLabel css-1got0p2-MuiSlider-markLabel"[39m
      [33mdata-index[39m=[32m"3"[39m
      [33mstyle[39m=[32m"left: 75%;"[39m
    [36m>[39m
      [0mdebug[0m
    [36m</span>[39m

    Ignored nodes: comments, script, style
    [36m<span[39m
      [33maria-hidden[39m=[32m"true"[39m
      [33mclass[39m=[32m"MuiSlider-markLabel MuiSlider-markLabel css-1got0p2-MuiSlider-markLabel"[39m
      [33mdata-index[39m=[32m"3"[39m
      [33mstyle[39m=[32m"left: 75%;"[39m
    [36m>[39m
      [0mdebug[0m
    [36m</span>[39m

    Ignored nodes: comments, script, style
    [36m<span[39m
      [33mclass[39m=[32m"MuiChip-label MuiChip-labelSmall css-eccknh-MuiChip-label"[39m
    [36m>[39m
      [0mdebug[0m
    [36m</span>[39m

    (If this is intentional, then use the `*AllBy*` variant of the query (like `queryAllByText`, `getAllByText`, or `findAllByText`)).

    Ignored nodes: comments, script, style
    [36m<body>[39m
      [36m<div>[39m
        [36m<div[39m
          [33mclass[39m=[32m"MuiBox-root css-1wcaknn"[39m
        [36m>[39m
          [36m<div[39m
            [33mclass[39m=[32m"MuiBox-root css-4c94nt"[39m
          [36m>[39m
            [36m<div[39m
              [33manimate[39m=[32m"[object Object]"[39m
              [33minitial[39m=[32m"[object Object]"[39m
              [33mtransition[39m=[32m"[object Object]"[39m
            [36m>[39m
              [36m<h1[39m
                [33mclass[39m=[32m"MuiTypography-root MuiTypography-h3 css-1y09m9g-MuiTypography-root"[39m
              [36m>[39m
                [0mLogging Configuration[0m
              [36m</h1>[39m
              [36m<h6[39m
                [33mclass[39m=[32m"MuiTypography-root MuiTypography-subtitle1 css-nd7spj-MuiTypography-root"[39m
              [36m>[39m
                [0mAdvanced Logging System with File Rotation[0m
              [36m</h6>[39m
            [36m</div>[39m
          [36m</div>[39m
          [36m<hr[39m
            [33mclass[39m=[32m"MuiDivider-root MuiDivider-fullWidth css-1dkov3i-MuiDivider-root"[39m
          [36m/>[39m
          [36m<div[39m
            [33mclass[39m=[32m"MuiGrid-root MuiGrid-container MuiGrid-direction-xs-row MuiGrid-spacing-xs-4 css-kqg16c-MuiGrid-root"[39m
          [36m>[39m
            [36m<div[39m
              [33mclass[39m=[32m"MuiGrid-root MuiGrid-direction-xs-row MuiGrid-grid-xs-12 MuiGrid-grid-md-6 css-204a8q-MuiGrid-root"[39m
            [36m>[39m
              [36m<div[39m
                [33manimate[39m=[32m"[object Object]"[39m
                [33minitial[39m=[32m"[object Object]"[39m
                [33mtransition[39m=[32m"[object Object]"[39m
              [36m>[39m
                [36m<div[39m
                  [33mclass[39m=[32m"MuiPaper-root MuiPaper-elevation MuiPaper-rounded MuiPaper-elevation1 MuiCard-root css-n4xn9e-MuiPaper-root-MuiCard-root"[39m
                  [33mstyle[39m=[32m"--Paper-shadow: 0px 2px 1px -1px rgba(0,0,0,0.2),0px 1px 1px 0px rgba(0,0,0,0.14),0px 1px 3px 0px rgba(0,0,0,0.12);"[39m
                [36m>[39m
                  [36m<div[39m
                    [33mclass[39m=[32m"MuiCardContent-root css-1lt5qva-MuiCardContent-root"[39m
                  [36m>[39m
                    [36m<h6[39m
                      [33mclass[39m=[32m"MuiTypography-root MuiTypography-h6 MuiTypography-gutterBottom css-i7k7ai-MuiTypography-root"[39m
                    [36m>[39m
                      [0mConsole Logging[0m
                    [36m</h6>[39m
                    [36m<p[39m
                      [33mclass[39m=[32m"MuiTypography-root MuiTypography-body2 css-gdfsl6-MuiTypography-root"[39m
                    [36m>[39m
                      [0mConfigure console output logging[0m
                    [36m</p>[39m
                    [36m<div[39m
                      [33mclass[39m=[32m"MuiBox-root css-1qrecot"[39m
                    [36m>[39m
                      [36m<label[39m
                        [33mclass[39m=[32m"MuiFormControlLabel-root MuiFormControlLabel-labelPlacementEnd css-1v1gbgd-MuiFormControlLabel-root"[39m
                      [36m>[39m
                        [36m<span[39m
                          [33mclass[39m=[32m"MuiSwitch-root MuiSwitch-sizeMedium css-k3m6lw-MuiSwitch-root"[39m
                        [36m>[39m
                          [36m<span[39m
                            [33mclass[39m=[32m"MuiButtonBase-root MuiSwitch-switchBase MuiSwitch-colorPrimary Mui-checked PrivateSwitchBase-root MuiSwitch-switchBase MuiSwitch-colorPrimary Mui-checked Mui-checked css-62uhk4-MuiButtonBase-root-MuiSwitchBase-root-MuiSwitch-switchBase"[39m
                          [36m>[39m
                            [36m<input[39m
                              [33mchecked[39m=[32m""[39m
                              [33mclass[39m=[32m"PrivateSwitchBase-input MuiSwitch-input css-12xagqm-MuiSwitchBase-root"[39m
                              [33mrole[39m=[32m"switch"[39m
                              [33mtype[39m=[32m"checkbox"[39m
                            [36m/>[39m
                            [36m<span[39m
                              [33mclass[39m=[32m"MuiSwitch-thumb css-18cpvxz-MuiSwitch-thumb"[39m
                            [36m/>[39m
                          [36m</span>[39m
                          [36m<span[39m
                            [33mclass[39m=[32m"MuiSwitch-track css-tj8d99-MuiSwitch-track"[39m
                          [36m/>[39m
                        [36m</span>[39m
                        [36m<span[39m
                          [33mclass[39m=[32m"MuiTypography-root MuiTypography-body1 MuiFormControlLabel-label css-e86f8p-MuiTypography-root"[39m
                        [36m>[39m
                          [0mEnable Console Logging[0m
                        [36m</span>[39m
                      [36m</label>[39m
                      [36m<h6[39m
                        [33mclass[39m=[32m"MuiTypography-root MuiTypography-subtitle2 css-1cji1ru-MuiTypography-root"[39m
                      [36m>[39m
                        [0mConsole Log Level[0m
                      [36m</h6>[39m
                      [36m<span[39m
                        [33mclass[39m=[32m"MuiSlider-root MuiSlider-marked MuiSlider-colorPrimary MuiSlider-sizeMedium css-nzmogg-MuiSlider-root"[39m
                      [36m>[39m
                        [36m<span[39m
                          [33mclass[39m=[32m"MuiSlider-rail css-r64h58-MuiSlider-rail"[39m
                        [36m/>[39m
                        [36m<span[39m
                          [33mclass[39m=[32m"MuiSlider-track css-xvk2i-MuiSlider-track"[39m
                          [33mstyle[39m=[32m"left: 0%; width: 75%;"[39m
                        [36m/>[39m
                        [36m<span[39m
                          [33mclass[39m=[32m"MuiSlider-mark MuiSlider-markActive css-1pnw19s-MuiSlider-mark"[39m
                          [33mdata-index[39m=[32m"0"[39m
                          [33mstyle[39m=[32m"left: 0%;"[39m
                        [36m/>[39m
                        [36m<span[39m
                          [33maria-hidden[39m=[32m"true"[39m
                          [33mclass[39m=[32m"MuiSlider-markLabel MuiSlider-markLabel MuiSlider-markLabelActive css-1f05acu-MuiSlider-markLabel"[39m
                          [33mdata-index[39m=[32m"0"[39m
                          [33mstyle[39m=[32m"left: 0%;"[39m
                        [36m>[39m
                          [0merror[0m
                        [36m</span>[39m
                        [36m<span[39m
                          [33mclass[39m=[32m"MuiSlider-mark MuiSlider-markActive css-1pnw19s-MuiSlider-mark"[39m
                          [33mdata-index[39m=[32m"1"[39m
                          [33mstyle[39m=[32m"left: 25%;"[39m
                        [36m/>[39m
                        [36m<span[39m
                          [33maria-hidden[39m=[32m"true"[39m
                          [33mclass[39m=[32m"MuiSlider-markLabel MuiSlider-markLabel MuiSlider-markLabelActive css-1f05acu-MuiSlider-markLabel"[39m
                          [33mdata-index[39m=[32m"1"[39m
     ...

      119 |     renderWithThemeProvider(<LoggingSettings />);
      120 |     
    > 121 |     expect(screen.getByText('debug')).toBeInTheDocument();
          |                   ^
      122 |   });
      123 |
      124 |   it('toggles console logging', () => {

      at Object.getElementError (node_modules/.pnpm/@testing-library+dom@10.4.1/node_modules/@testing-library/dom/dist/config.js:37:19)
      at getElementError (node_modules/.pnpm/@testing-library+dom@10.4.1/node_modules/@testing-library/dom/dist/query-helpers.js:20:35)
      at getMultipleElementsFoundError (node_modules/.pnpm/@testing-library+dom@10.4.1/node_modules/@testing-library/dom/dist/query-helpers.js:23:10)
      at node_modules/.pnpm/@testing-library+dom@10.4.1/node_modules/@testing-library/dom/dist/query-helpers.js:55:13
      at node_modules/.pnpm/@testing-library+dom@10.4.1/node_modules/@testing-library/dom/dist/query-helpers.js:95:19
      at Object.<anonymous> (__tests__/components/pages/LoggingSettings.test.tsx:121:19)

  ● LoggingSettings › toggles console logging

    TestingLibraryElementError: Unable to find an accessible element with the role "checkbox"

    Here are the accessible roles:

      heading:

      Name "Logging Configuration":
      [36m<h1[39m
        [33mclass[39m=[32m"MuiTypography-root MuiTypography-h3 css-1y09m9g-MuiTypography-root"[39m
      [36m/>[39m

      Name "Advanced Logging System with File Rotation":
      [36m<h6[39m
        [33mclass[39m=[32m"MuiTypography-root MuiTypography-subtitle1 css-nd7spj-MuiTypography-root"[39m
      [36m/>[39m

      Name "Console Logging":
      [36m<h6[39m
        [33mclass[39m=[32m"MuiTypography-root MuiTypography-h6 MuiTypography-gutterBottom css-i7k7ai-MuiTypography-root"[39m
      [36m/>[39m

      Name "Console Log Level":
      [36m<h6[39m
        [33mclass[39m=[32m"MuiTypography-root MuiTypography-subtitle2 css-1cji1ru-MuiTypography-root"[39m
      [36m/>[39m

      Name "File Logging":
      [36m<h6[39m
        [33mclass[39m=[32m"MuiTypography-root MuiTypography-h6 MuiTypography-gutterBottom css-i7k7ai-MuiTypography-root"[39m
      [36m/>[39m

      Name "File Log Level":
      [36m<h6[39m
        [33mclass[39m=[32m"MuiTypography-root MuiTypography-subtitle2 css-1cji1ru-MuiTypography-root"[39m
      [36m/>[39m

      Name "Error Log Level":
      [36m<h6[39m
        [33mclass[39m=[32m"MuiTypography-root MuiTypography-subtitle2 css-1cji1ru-MuiTypography-root"[39m
      [36m/>[39m

      Name "Logging Configuration Actions":
      [36m<h6[39m
        [33mclass[39m=[32m"MuiTypography-root MuiTypography-h6 MuiTypography-gutterBottom css-i7k7ai-MuiTypography-root"[39m
      [36m/>[39m

      Name "Current Configuration":
      [36m<h6[39m
        [33mclass[39m=[32m"MuiTypography-root MuiTypography-h6 MuiTypography-gutterBottom css-i7k7ai-MuiTypography-root"[39m
      [36m/>[39m

      --------------------------------------------------
      separator:

      Name "":
      [36m<hr[39m
        [33mclass[39m=[32m"MuiDivider-root MuiDivider-fullWidth css-1dkov3i-MuiDivider-root"[39m
      [36m/>[39m

      --------------------------------------------------
      paragraph:

      Name "":
      [36m<p[39m
        [33mclass[39m=[32m"MuiTypography-root MuiTypography-body2 css-gdfsl6-MuiTypography-root"[39m
      [36m/>[39m

      Name "":
      [36m<p[39m
        [33mclass[39m=[32m"MuiTypography-root MuiTypography-body2 css-gdfsl6-MuiTypography-root"[39m
      [36m/>[39m

      Name "":
      [36m<p[39m
        [33mclass[39m=[32m"MuiFormHelperText-root MuiFormHelperText-sizeMedium MuiFormHelperText-contained MuiFormHelperText-filled css-15kf0e8-MuiFormHelperText-root"[39m
        [33mid[39m=[32m"_r_15_-helper-text"[39m
      [36m/>[39m

      Name "":
      [36m<p[39m
        [33mclass[39m=[32m"MuiFormHelperText-root MuiFormHelperText-sizeMedium MuiFormHelperText-contained MuiFormHelperText-filled css-15kf0e8-MuiFormHelperText-root"[39m
        [33mid[39m=[32m"_r_16_-helper-text"[39m
      [36m/>[39m

      Name "":
      [36m<p[39m
        [33mclass[39m=[32m"MuiTypography-root MuiTypography-body2 css-1bu12q7-MuiTypography-root"[39m
      [36m/>[39m

      Name "":
      [36m<p[39m
        [33mclass[39m=[32m"MuiTypography-root MuiTypography-body2 css-gdfsl6-MuiTypography-root"[39m
      [36m/>[39m

      Name "":
      [36m<p[39m
        [33mclass[39m=[32m"MuiTypography-root MuiTypography-body2 css-1bu12q7-MuiTypography-root"[39m
      [36m/>[39m

      Name "":
      [36m<p[39m
        [33mclass[39m=[32m"MuiTypography-root MuiTypography-body2 css-1bu12q7-MuiTypography-root"[39m
      [36m/>[39m

      Name "":
      [36m<p[39m
        [33mclass[39m=[32m"MuiTypography-root MuiTypography-body2 css-1bu12q7-MuiTypography-root"[39m
      [36m/>[39m

      Name "":
      [36m<p[39m
        [33mclass[39m=[32m"MuiTypography-root MuiTypography-body2 css-1bu12q7-MuiTypography-root"[39m
      [36m/>[39m

      Name "":
      [36m<p[39m
        [33mclass[39m=[32m"MuiTypography-root MuiTypography-body2 css-1bu12q7-MuiTypography-root"[39m
      [36m/>[39m

      Name "":
      [36m<p[39m
        [33mclass[39m=[32m"MuiTypography-root MuiTypography-body2 css-1bu12q7-MuiTypography-root"[39m
      [36m/>[39m

      Name "":
      [36m<p[39m
        [33mclass[39m=[32m"MuiTypography-root MuiTypography-body2 css-1bu12q7-MuiTypography-root"[39m
      [36m/>[39m

      --------------------------------------------------
      switch:

      Name "Enable Console Logging":
      [36m<input[39m
        [33mchecked[39m=[32m""[39m
        [33mclass[39m=[32m"PrivateSwitchBase-input MuiSwitch-input css-12xagqm-MuiSwitchBase-root"[39m
        [33mrole[39m=[32m"switch"[39m
        [33mtype[39m=[32m"checkbox"[39m
      [36m/>[39m

      Name "Enable File Logging":
      [36m<input[39m
        [33mchecked[39m=[32m""[39m
        [33mclass[39m=[32m"PrivateSwitchBase-input MuiSwitch-input css-12xagqm-MuiSwitchBase-root"[39m
        [33mrole[39m=[32m"switch"[39m
        [33mtype[39m=[32m"checkbox"[39m
      [36m/>[39m

      --------------------------------------------------
      slider:

      Name "":
      [36m<input[39m
        [33maria-orientation[39m=[32m"horizontal"[39m
        [33maria-valuemax[39m=[32m"4"[39m
        [33maria-valuemin[39m=[32m"0"[39m
        [33maria-valuenow[39m=[32m"3"[39m
        [33mdata-index[39m=[32m"0"[39m
        [33mmax[39m=[32m"4"[39m
        [33mmin[39m=[32m"0"[39m
        [33mstep[39m=[32m"1"[39m
        [33mstyle[39m=[32m"border: 0px; height: 100%; margin: -1px; overflow: hidden; padding: 0px; position: absolute; white-space: nowrap; width: 100%; direction: ltr;"[39m
        [33mtype[39m=[32m"range"[39m
        [33mvalue[39m=[32m"3"[39m
      [36m/>[39m

      Name "":
      [36m<input[39m
        [33maria-orientation[39m=[32m"horizontal"[39m
        [33maria-valuemax[39m=[32m"4"[39m
        [33maria-valuemin[39m=[32m"0"[39m
        [33maria-valuenow[39m=[32m"2"[39m
        [33mdata-index[39m=[32m"0"[39m
        [33mmax[39m=[32m"4"[39m
        [33mmin[39m=[32m"0"[39m
        [33mstep[39m=[32m"1"[39m
        [33mstyle[39m=[32m"border: 0px; height: 100%; margin: -1px; overflow: hidden; padding: 0px; position: absolute; white-space: nowrap; width: 100%; direction: ltr;"[39m
        [33mtype[39m=[32m"range"[39m
        [33mvalue[39m=[32m"2"[39m
      [36m/>[39m

      Name "":
      [36m<input[39m
        [33maria-orientation[39m=[32m"horizontal"[39m
        [33maria-valuemax[39m=[32m"4"[39m
        [33maria-valuemin[39m=[32m"0"[39m
        [33maria-valuenow[39m=[32m"0"[39m
        [33mdata-index[39m=[32m"0"[39m
        [33mmax[39m=[32m"4"[39m
        [33mmin[39m=[32m"0"[39m
        [33mstep[39m=[32m"1"[39m
        [33mstyle[39m=[32m"border: 0px; height: 100%; margin: -1px; overflow: hidden; padding: 0px; position: absolute; white-space: nowrap; width: 100%; direction: ltr;"[39m
        [33mtype[39m=[32m"range"[39m
        [33mvalue[39m=[32m"0"[39m
      [36m/>[39m

      --------------------------------------------------
      textbox:

      Name "Max File Size":
      [36m<input[39m
        [33maria-describedby[39m=[32m"_r_15_-helper-text"[39m
        [33maria-invalid[39m=[32m"false"[39m
        [33mclass[39m=[32m"MuiInputBase-input MuiOutlinedInput-input css-1jcxi70-MuiInputBase-input-MuiOutlinedInput-input"[39m
        [33mid[39m=[32m"_r_15_"[39m
        [33mtype[39m=[32m"text"[39m
        [33mvalue[39m=[32m"20m"[39m
      [36m/>[39m

      Name "Max Files":
      [36m<input[39m
        [33maria-describedby[39m=[32m"_r_16_-helper-text"[39m
        [33maria-invalid[39m=[32m"false"[39m
        [33mclass[39m=[32m"MuiInputBase-input MuiOutlinedInput-input css-1jcxi70-MuiInputBase-input-MuiOutlinedInput-input"[39m
        [33mid[39m=[32m"_r_16_"[39m
        [33mtype[39m=[32m"text"[39m
        [33mvalue[39m=[32m"30d"[39m
      [36m/>[39m

      --------------------------------------------------
      button:

      Name "Reset to Defaults":
      [36m<button[39m
        [33mclass[39m=[32m"MuiButtonBase-root MuiButton-root MuiButton-outlined MuiButton-outlinedSecondary MuiButton-sizeMedium MuiButton-outlinedSizeMedium MuiButton-colorSecondary MuiButton-root MuiButton-outlined MuiButton-outlinedSecondary MuiButton-sizeMedium MuiButton-outlinedSizeMedium MuiButton-colorSecondary css-sdxajj-MuiButtonBase-root-MuiButton-root"[39m
        [33mtabindex[39m=[32m"0"[39m
        [33mtype[39m=[32m"button"[39m
      [36m/>[39m

      Name "Save Configuration":
      [36m<button[39m
        [33mclass[39m=[32m"MuiButtonBase-root MuiButton-root MuiButton-contained MuiButton-containedPrimary MuiButton-sizeMedium MuiButton-containedSizeMedium MuiButton-colorPrimary MuiButton-root MuiButton-contained MuiButton-containedPrimary MuiButton-sizeMedium MuiButton-containedSizeMedium MuiButton-colorPrimary css-1af1981-MuiButtonBase-root-MuiButton-root"[39m
        [33mtabindex[39m=[32m"0"[39m
        [33mtype[39m=[32m"button"[39m
      [36m/>[39m

      --------------------------------------------------

    Ignored nodes: comments, script, style
    [36m<body>[39m
      [36m<div>[39m
        [36m<div[39m
          [33mclass[39m=[32m"MuiBox-root css-1wcaknn"[39m
        [36m>[39m
          [36m<div[39m
            [33mclass[39m=[32m"MuiBox-root css-4c94nt"[39m
          [36m>[39m
            [36m<div[39m
              [33manimate[39m=[32m"[object Object]"[39m
              [33minitial[39m=[32m"[object Object]"[39m
              [33mtransition[39m=[32m"[object Object]"[39m
            [36m>[39m
              [36m<h1[39m
                [33mclass[39m=[32m"MuiTypography-root MuiTypography-h3 css-1y09m9g-MuiTypography-root"[39m
              [36m>[39m
                [0mLogging Configuration[0m
              [36m</h1>[39m
              [36m<h6[39m
                [33mclass[39m=[32m"MuiTypography-root MuiTypography-subtitle1 css-nd7spj-MuiTypography-root"[39m
              [36m>[39m
                [0mAdvanced Logging System with File Rotation[0m
              [36m</h6>[39m
            [36m</div>[39m
          [36m</div>[39m
          [36m<hr[39m
            [33mclass[39m=[32m"MuiDivider-root MuiDivider-fullWidth css-1dkov3i-MuiDivider-root"[39m
          [36m/>[39m
          [36m<div[39m
            [33mclass[39m=[32m"MuiGrid-root MuiGrid-container MuiGrid-direction-xs-row MuiGrid-spacing-xs-4 css-kqg16c-MuiGrid-root"[39m
          [36m>[39m
            [36m<div[39m
              [33mclass[39m=[32m"MuiGrid-root MuiGrid-direction-xs-row MuiGrid-grid-xs-12 MuiGrid-grid-md-6 css-204a8q-MuiGrid-root"[39m
            [36m>[39m
              [36m<div[39m
                [33manimate[39m=[32m"[object Object]"[39m
                [33minitial[39m=[32m"[object Object]"[39m
                [33mtransition[39m=[32m"[object Object]"[39m
              [36m>[39m
                [36m<div[39m
                  [33mclass[39m=[32m"MuiPaper-root MuiPaper-elevation MuiPaper-rounded MuiPaper-elevation1 MuiCard-root css-n4xn9e-MuiPaper-root-MuiCard-root"[39m
                  [33mstyle[39m=[32m"--Paper-shadow: 0px 2px 1px -1px rgba(0,0,0,0.2),0px 1px 1px 0px rgba(0,0,0,0.14),0px 1px 3px 0px rgba(0,0,0,0.12);"[39m
                [36m>[39m
                  [36m<div[39m
                    [33mclass[39m=[32m"MuiCardContent-root css-1lt5qva-MuiCardContent-root"[39m
                  [36m>[39m
                    [36m<h6[39m
                      [33mclass[39m=[32m"MuiTypography-root MuiTypography-h6 MuiTypography-gutterBottom css-i7k7ai-MuiTypography-root"[39m
                    [36m>[39m
                      [0mConsole Logging[0m
                    [36m</h6>[39m
                    [36m<p[39m
                      [33mclass[39m=[32m"MuiTypography-root MuiTypography-body2 css-gdfsl6-MuiTypography-root"[39m
                    [36m>[39m
                      [0mConfigure console output logging[0m
                    [36m</p>[39m
                    [36m<div[39m
                      [33mclass[39m=[32m"MuiBox-root css-1qrecot"[39m
                    [36m>[39m
                      [36m<label[39m
                        [33mclass[39m=[32m"MuiFormControlLabel-root MuiFormControlLabel-labelPlacementEnd css-1v1gbgd-MuiFormControlLabel-root"[39m
                      [36m>[39m
                        [36m<span[39m
                          [33mclass[39m=[32m"MuiSwitch-root MuiSwitch-sizeMedium css-k3m6lw-MuiSwitch-root"[39m
                        [36m>[39m
                          [36m<span[39m
                            [33mclass[39m=[32m"MuiButtonBase-root MuiSwitch-switchBase MuiSwitch-colorPrimary Mui-checked PrivateSwitchBase-root MuiSwitch-switchBase MuiSwitch-colorPrimary Mui-checked Mui-checked css-62uhk4-MuiButtonBase-root-MuiSwitchBase-root-MuiSwitch-switchBase"[39m
                          [36m>[39m
                            [36m<input[39m
                              [33mchecked[39m=[32m""[39m
                              [33mclass[39m=[32m"PrivateSwitchBase-input MuiSwitch-input css-12xagqm-MuiSwitchBase-root"[39m
                              [33mrole[39m=[32m"switch"[39m
                              [33mtype[39m=[32m"checkbox"[39m
                            [36m/>[39m
                            [36m<span[39m
                              [33mclass[39m=[32m"MuiSwitch-thumb css-18cpvxz-MuiSwitch-thumb"[39m
                            [36m/>[39m
                          [36m</span>[39m
                          [36m<span[39m
                            [33mclass[39m=[32m"MuiSwitch-track css-tj8d99-MuiSwitch-track"[39m
                          [36m/>[39m
                        [36m</span>[39m
                        [36m<span[39m
                          [33mclass[39m=[32m"MuiTypography-root MuiTypography-body1 MuiFormControlLabel-label css-e86f8p-MuiTypography-root"[39m
                        [36m>[39m
                          [0mEnable Console Logging[0m
                        [36m</span>[39m
                      [36m</label>[39m
                      [36m<h6[39m
                        [33mclass[39m=[32m"MuiTypography-root MuiTypography-subtitle2 css-1cji1ru-MuiTypography-root"[39m
                      [36m>[39m
                        [0mConsole Log Level[0m
                      [36m</h6>[39m
                      [36m<span[39m
                        [33mclass[39m=[32m"MuiSlider-root MuiSlider-marked MuiSlider-colorPrimary MuiSlider-sizeMedium css-nzmogg-MuiSlider-root"[39m
                      [36m>[39m
                        [36m<span[39m
                          [33mclass[39m=[32m"MuiSlider-rail css-r64h58-MuiSlider-rail"[39m
                        [36m/>[39m
                        [36m<span[39m
                          [33mclass[39m=[32m"MuiSlider-track css-xvk2i-MuiSlider-track"[39m
                          [33mstyle[39m=[32m"left: 0%; width: 75%;"[39m
                        [36m/>[39m
                        [36m<span[39m
                          [33mclass[39m=[32m"MuiSlider-mark MuiSlider-markActive css-1pnw19s-MuiSlider-mark"[39m
                          [33mdata-index[39m=[32m"0"[39m
                          [33mstyle[39m=[32m"left: 0%;"[39m
                        [36m/>[39m
                        [36m<span[39m
                          [33maria-hidden[39m=[32m"true"[39m
                          [33mclass[39m=[32m"MuiSlider-markLabel MuiSlider-markLabel MuiSlider-markLabelActive css-1f05acu-MuiSlider-markLabel"[39m
                          [33mdata-index[39m=[32m"0"[39m
                          [33mstyle[39m=[32m"left: 0%;"[39m
                        [36m>[39m
                          [0merror[0m
                        [36m</span>[39m
                        [36m<span[39m
                          [33mclass[39m=[32m"MuiSlider-mark MuiSlider-markActive css-1pnw19s-MuiSlider-mark"[39m
                          [33mdata-index[39m=[32m"1"[39m
                          [33mstyle[39m=[32m"left: 25%;"[39m
                        [36m/>[39m
                        [36m<span[39m
                          [33maria-hidden[39m=[32m"true"[39m
                          [33mclass[39m=[32m"MuiSlider-markLabel MuiSlider-markLabel MuiSlider-markLabelActive css-1f05acu-MuiSlider-markLabel"[39m
                          [33mdata-index[39m=[32m"1"[39m
     ...

      125 |     renderWithThemeProvider(<LoggingSettings />);
      126 |     
    > 127 |     const consoleSwitch = screen.getAllByRole('checkbox')[0];
          |                                  ^
      128 |     fireEvent.click(consoleSwitch);
      129 |     
      130 |     expect(consoleSwitch).toBeInTheDocument();

      at Object.getElementError (node_modules/.pnpm/@testing-library+dom@10.4.1/node_modules/@testing-library/dom/dist/config.js:37:19)
      at node_modules/.pnpm/@testing-library+dom@10.4.1/node_modules/@testing-library/dom/dist/query-helpers.js:76:38
      at node_modules/.pnpm/@testing-library+dom@10.4.1/node_modules/@testing-library/dom/dist/query-helpers.js:109:15
      at Object.<anonymous> (__tests__/components/pages/LoggingSettings.test.tsx:127:34)

  ● LoggingSettings › toggles file logging

    TestingLibraryElementError: Unable to find an accessible element with the role "checkbox"

    Here are the accessible roles:

      heading:

      Name "Logging Configuration":
      [36m<h1[39m
        [33mclass[39m=[32m"MuiTypography-root MuiTypography-h3 css-1y09m9g-MuiTypography-root"[39m
      [36m/>[39m

      Name "Advanced Logging System with File Rotation":
      [36m<h6[39m
        [33mclass[39m=[32m"MuiTypography-root MuiTypography-subtitle1 css-nd7spj-MuiTypography-root"[39m
      [36m/>[39m

      Name "Console Logging":
      [36m<h6[39m
        [33mclass[39m=[32m"MuiTypography-root MuiTypography-h6 MuiTypography-gutterBottom css-i7k7ai-MuiTypography-root"[39m
      [36m/>[39m

      Name "Console Log Level":
      [36m<h6[39m
        [33mclass[39m=[32m"MuiTypography-root MuiTypography-subtitle2 css-1cji1ru-MuiTypography-root"[39m
      [36m/>[39m

      Name "File Logging":
      [36m<h6[39m
        [33mclass[39m=[32m"MuiTypography-root MuiTypography-h6 MuiTypography-gutterBottom css-i7k7ai-MuiTypography-root"[39m
      [36m/>[39m

      Name "File Log Level":
      [36m<h6[39m
        [33mclass[39m=[32m"MuiTypography-root MuiTypography-subtitle2 css-1cji1ru-MuiTypography-root"[39m
      [36m/>[39m

      Name "Error Log Level":
      [36m<h6[39m
        [33mclass[39m=[32m"MuiTypography-root MuiTypography-subtitle2 css-1cji1ru-MuiTypography-root"[39m
      [36m/>[39m

      Name "Logging Configuration Actions":
      [36m<h6[39m
        [33mclass[39m=[32m"MuiTypography-root MuiTypography-h6 MuiTypography-gutterBottom css-i7k7ai-MuiTypography-root"[39m
      [36m/>[39m

      Name "Current Configuration":
      [36m<h6[39m
        [33mclass[39m=[32m"MuiTypography-root MuiTypography-h6 MuiTypography-gutterBottom css-i7k7ai-MuiTypography-root"[39m
      [36m/>[39m

      --------------------------------------------------
      separator:

      Name "":
      [36m<hr[39m
        [33mclass[39m=[32m"MuiDivider-root MuiDivider-fullWidth css-1dkov3i-MuiDivider-root"[39m
      [36m/>[39m

      --------------------------------------------------
      paragraph:

      Name "":
      [36m<p[39m
        [33mclass[39m=[32m"MuiTypography-root MuiTypography-body2 css-gdfsl6-MuiTypography-root"[39m
      [36m/>[39m

      Name "":
      [36m<p[39m
        [33mclass[39m=[32m"MuiTypography-root MuiTypography-body2 css-gdfsl6-MuiTypography-root"[39m
      [36m/>[39m

      Name "":
      [36m<p[39m
        [33mclass[39m=[32m"MuiFormHelperText-root MuiFormHelperText-sizeMedium MuiFormHelperText-contained MuiFormHelperText-filled css-15kf0e8-MuiFormHelperText-root"[39m
        [33mid[39m=[32m"_r_1f_-helper-text"[39m
      [36m/>[39m

      Name "":
      [36m<p[39m
        [33mclass[39m=[32m"MuiFormHelperText-root MuiFormHelperText-sizeMedium MuiFormHelperText-contained MuiFormHelperText-filled css-15kf0e8-MuiFormHelperText-root"[39m
        [33mid[39m=[32m"_r_1g_-helper-text"[39m
      [36m/>[39m

      Name "":
      [36m<p[39m
        [33mclass[39m=[32m"MuiTypography-root MuiTypography-body2 css-1bu12q7-MuiTypography-root"[39m
      [36m/>[39m

      Name "":
      [36m<p[39m
        [33mclass[39m=[32m"MuiTypography-root MuiTypography-body2 css-gdfsl6-MuiTypography-root"[39m
      [36m/>[39m

      Name "":
      [36m<p[39m
        [33mclass[39m=[32m"MuiTypography-root MuiTypography-body2 css-1bu12q7-MuiTypography-root"[39m
      [36m/>[39m

      Name "":
      [36m<p[39m
        [33mclass[39m=[32m"MuiTypography-root MuiTypography-body2 css-1bu12q7-MuiTypography-root"[39m
      [36m/>[39m

      Name "":
      [36m<p[39m
        [33mclass[39m=[32m"MuiTypography-root MuiTypography-body2 css-1bu12q7-MuiTypography-root"[39m
      [36m/>[39m

      Name "":
      [36m<p[39m
        [33mclass[39m=[32m"MuiTypography-root MuiTypography-body2 css-1bu12q7-MuiTypography-root"[39m
      [36m/>[39m

      Name "":
      [36m<p[39m
        [33mclass[39m=[32m"MuiTypography-root MuiTypography-body2 css-1bu12q7-MuiTypography-root"[39m
      [36m/>[39m

      Name "":
      [36m<p[39m
        [33mclass[39m=[32m"MuiTypography-root MuiTypography-body2 css-1bu12q7-MuiTypography-root"[39m
      [36m/>[39m

      Name "":
      [36m<p[39m
        [33mclass[39m=[32m"MuiTypography-root MuiTypography-body2 css-1bu12q7-MuiTypography-root"[39m
      [36m/>[39m

      --------------------------------------------------
      switch:

      Name "Enable Console Logging":
      [36m<input[39m
        [33mchecked[39m=[32m""[39m
        [33mclass[39m=[32m"PrivateSwitchBase-input MuiSwitch-input css-12xagqm-MuiSwitchBase-root"[39m
        [33mrole[39m=[32m"switch"[39m
        [33mtype[39m=[32m"checkbox"[39m
      [36m/>[39m

      Name "Enable File Logging":
      [36m<input[39m
        [33mchecked[39m=[32m""[39m
        [33mclass[39m=[32m"PrivateSwitchBase-input MuiSwitch-input css-12xagqm-MuiSwitchBase-root"[39m
        [33mrole[39m=[32m"switch"[39m
        [33mtype[39m=[32m"checkbox"[39m
      [36m/>[39m

      --------------------------------------------------
      slider:

      Name "":
      [36m<input[39m
        [33maria-orientation[39m=[32m"horizontal"[39m
        [33maria-valuemax[39m=[32m"4"[39m
        [33maria-valuemin[39m=[32m"0"[39m
        [33maria-valuenow[39m=[32m"3"[39m
        [33mdata-index[39m=[32m"0"[39m
        [33mmax[39m=[32m"4"[39m
        [33mmin[39m=[32m"0"[39m
        [33mstep[39m=[32m"1"[39m
        [33mstyle[39m=[32m"border: 0px; height: 100%; margin: -1px; overflow: hidden; padding: 0px; position: absolute; white-space: nowrap; width: 100%; direction: ltr;"[39m
        [33mtype[39m=[32m"range"[39m
        [33mvalue[39m=[32m"3"[39m
      [36m/>[39m

      Name "":
      [36m<input[39m
        [33maria-orientation[39m=[32m"horizontal"[39m
        [33maria-valuemax[39m=[32m"4"[39m
        [33maria-valuemin[39m=[32m"0"[39m
        [33maria-valuenow[39m=[32m"2"[39m
        [33mdata-index[39m=[32m"0"[39m
        [33mmax[39m=[32m"4"[39m
        [33mmin[39m=[32m"0"[39m
        [33mstep[39m=[32m"1"[39m
        [33mstyle[39m=[32m"border: 0px; height: 100%; margin: -1px; overflow: hidden; padding: 0px; position: absolute; white-space: nowrap; width: 100%; direction: ltr;"[39m
        [33mtype[39m=[32m"range"[39m
        [33mvalue[39m=[32m"2"[39m
      [36m/>[39m

      Name "":
      [36m<input[39m
        [33maria-orientation[39m=[32m"horizontal"[39m
        [33maria-valuemax[39m=[32m"4"[39m
        [33maria-valuemin[39m=[32m"0"[39m
        [33maria-valuenow[39m=[32m"0"[39m
        [33mdata-index[39m=[32m"0"[39m
        [33mmax[39m=[32m"4"[39m
        [33mmin[39m=[32m"0"[39m
        [33mstep[39m=[32m"1"[39m
        [33mstyle[39m=[32m"border: 0px; height: 100%; margin: -1px; overflow: hidden; padding: 0px; position: absolute; white-space: nowrap; width: 100%; direction: ltr;"[39m
        [33mtype[39m=[32m"range"[39m
        [33mvalue[39m=[32m"0"[39m
      [36m/>[39m

      --------------------------------------------------
      textbox:

      Name "Max File Size":
      [36m<input[39m
        [33maria-describedby[39m=[32m"_r_1f_-helper-text"[39m
        [33maria-invalid[39m=[32m"false"[39m
        [33mclass[39m=[32m"MuiInputBase-input MuiOutlinedInput-input css-1jcxi70-MuiInputBase-input-MuiOutlinedInput-input"[39m
        [33mid[39m=[32m"_r_1f_"[39m
        [33mtype[39m=[32m"text"[39m
        [33mvalue[39m=[32m"20m"[39m
      [36m/>[39m

      Name "Max Files":
      [36m<input[39m
        [33maria-describedby[39m=[32m"_r_1g_-helper-text"[39m
        [33maria-invalid[39m=[32m"false"[39m
        [33mclass[39m=[32m"MuiInputBase-input MuiOutlinedInput-input css-1jcxi70-MuiInputBase-input-MuiOutlinedInput-input"[39m
        [33mid[39m=[32m"_r_1g_"[39m
        [33mtype[39m=[32m"text"[39m
        [33mvalue[39m=[32m"30d"[39m
      [36m/>[39m

      --------------------------------------------------
      button:

      Name "Reset to Defaults":
      [36m<button[39m
        [33mclass[39m=[32m"MuiButtonBase-root MuiButton-root MuiButton-outlined MuiButton-outlinedSecondary MuiButton-sizeMedium MuiButton-outlinedSizeMedium MuiButton-colorSecondary MuiButton-root MuiButton-outlined MuiButton-outlinedSecondary MuiButton-sizeMedium MuiButton-outlinedSizeMedium MuiButton-colorSecondary css-sdxajj-MuiButtonBase-root-MuiButton-root"[39m
        [33mtabindex[39m=[32m"0"[39m
        [33mtype[39m=[32m"button"[39m
      [36m/>[39m

      Name "Save Configuration":
      [36m<button[39m
        [33mclass[39m=[32m"MuiButtonBase-root MuiButton-root MuiButton-contained MuiButton-containedPrimary MuiButton-sizeMedium MuiButton-containedSizeMedium MuiButton-colorPrimary MuiButton-root MuiButton-contained MuiButton-containedPrimary MuiButton-sizeMedium MuiButton-containedSizeMedium MuiButton-colorPrimary css-1af1981-MuiButtonBase-root-MuiButton-root"[39m
        [33mtabindex[39m=[32m"0"[39m
        [33mtype[39m=[32m"button"[39m
      [36m/>[39m

      --------------------------------------------------

    Ignored nodes: comments, script, style
    [36m<body>[39m
      [36m<div>[39m
        [36m<div[39m
          [33mclass[39m=[32m"MuiBox-root css-1wcaknn"[39m
        [36m>[39m
          [36m<div[39m
            [33mclass[39m=[32m"MuiBox-root css-4c94nt"[39m
          [36m>[39m
            [36m<div[39m
              [33manimate[39m=[32m"[object Object]"[39m
              [33minitial[39m=[32m"[object Object]"[39m
              [33mtransition[39m=[32m"[object Object]"[39m
            [36m>[39m
              [36m<h1[39m
                [33mclass[39m=[32m"MuiTypography-root MuiTypography-h3 css-1y09m9g-MuiTypography-root"[39m
              [36m>[39m
                [0mLogging Configuration[0m
              [36m</h1>[39m
              [36m<h6[39m
                [33mclass[39m=[32m"MuiTypography-root MuiTypography-subtitle1 css-nd7spj-MuiTypography-root"[39m
              [36m>[39m
                [0mAdvanced Logging System with File Rotation[0m
              [36m</h6>[39m
            [36m</div>[39m
          [36m</div>[39m
          [36m<hr[39m
            [33mclass[39m=[32m"MuiDivider-root MuiDivider-fullWidth css-1dkov3i-MuiDivider-root"[39m
          [36m/>[39m
          [36m<div[39m
            [33mclass[39m=[32m"MuiGrid-root MuiGrid-container MuiGrid-direction-xs-row MuiGrid-spacing-xs-4 css-kqg16c-MuiGrid-root"[39m
          [36m>[39m
            [36m<div[39m
              [33mclass[39m=[32m"MuiGrid-root MuiGrid-direction-xs-row MuiGrid-grid-xs-12 MuiGrid-grid-md-6 css-204a8q-MuiGrid-root"[39m
            [36m>[39m
              [36m<div[39m
                [33manimate[39m=[32m"[object Object]"[39m
                [33minitial[39m=[32m"[object Object]"[39m
                [33mtransition[39m=[32m"[object Object]"[39m
              [36m>[39m
                [36m<div[39m
                  [33mclass[39m=[32m"MuiPaper-root MuiPaper-elevation MuiPaper-rounded MuiPaper-elevation1 MuiCard-root css-n4xn9e-MuiPaper-root-MuiCard-root"[39m
                  [33mstyle[39m=[32m"--Paper-shadow: 0px 2px 1px -1px rgba(0,0,0,0.2),0px 1px 1px 0px rgba(0,0,0,0.14),0px 1px 3px 0px rgba(0,0,0,0.12);"[39m
                [36m>[39m
                  [36m<div[39m
                    [33mclass[39m=[32m"MuiCardContent-root css-1lt5qva-MuiCardContent-root"[39m
                  [36m>[39m
                    [36m<h6[39m
                      [33mclass[39m=[32m"MuiTypography-root MuiTypography-h6 MuiTypography-gutterBottom css-i7k7ai-MuiTypography-root"[39m
                    [36m>[39m
                      [0mConsole Logging[0m
                    [36m</h6>[39m
                    [36m<p[39m
                      [33mclass[39m=[32m"MuiTypography-root MuiTypography-body2 css-gdfsl6-MuiTypography-root"[39m
                    [36m>[39m
                      [0mConfigure console output logging[0m
                    [36m</p>[39m
                    [36m<div[39m
                      [33mclass[39m=[32m"MuiBox-root css-1qrecot"[39m
                    [36m>[39m
                      [36m<label[39m
                        [33mclass[39m=[32m"MuiFormControlLabel-root MuiFormControlLabel-labelPlacementEnd css-1v1gbgd-MuiFormControlLabel-root"[39m
                      [36m>[39m
                        [36m<span[39m
                          [33mclass[39m=[32m"MuiSwitch-root MuiSwitch-sizeMedium css-k3m6lw-MuiSwitch-root"[39m
                        [36m>[39m
                          [36m<span[39m
                            [33mclass[39m=[32m"MuiButtonBase-root MuiSwitch-switchBase MuiSwitch-colorPrimary Mui-checked PrivateSwitchBase-root MuiSwitch-switchBase MuiSwitch-colorPrimary Mui-checked Mui-checked css-62uhk4-MuiButtonBase-root-MuiSwitchBase-root-MuiSwitch-switchBase"[39m
                          [36m>[39m
                            [36m<input[39m
                              [33mchecked[39m=[32m""[39m
                              [33mclass[39m=[32m"PrivateSwitchBase-input MuiSwitch-input css-12xagqm-MuiSwitchBase-root"[39m
                              [33mrole[39m=[32m"switch"[39m
                              [33mtype[39m=[32m"checkbox"[39m
                            [36m/>[39m
                            [36m<span[39m
                              [33mclass[39m=[32m"MuiSwitch-thumb css-18cpvxz-MuiSwitch-thumb"[39m
                            [36m/>[39m
                          [36m</span>[39m
                          [36m<span[39m
                            [33mclass[39m=[32m"MuiSwitch-track css-tj8d99-MuiSwitch-track"[39m
                          [36m/>[39m
                        [36m</span>[39m
                        [36m<span[39m
                          [33mclass[39m=[32m"MuiTypography-root MuiTypography-body1 MuiFormControlLabel-label css-e86f8p-MuiTypography-root"[39m
                        [36m>[39m
                          [0mEnable Console Logging[0m
                        [36m</span>[39m
                      [36m</label>[39m
                      [36m<h6[39m
                        [33mclass[39m=[32m"MuiTypography-root MuiTypography-subtitle2 css-1cji1ru-MuiTypography-root"[39m
                      [36m>[39m
                        [0mConsole Log Level[0m
                      [36m</h6>[39m
                      [36m<span[39m
                        [33mclass[39m=[32m"MuiSlider-root MuiSlider-marked MuiSlider-colorPrimary MuiSlider-sizeMedium css-nzmogg-MuiSlider-root"[39m
                      [36m>[39m
                        [36m<span[39m
                          [33mclass[39m=[32m"MuiSlider-rail css-r64h58-MuiSlider-rail"[39m
                        [36m/>[39m
                        [36m<span[39m
                          [33mclass[39m=[32m"MuiSlider-track css-xvk2i-MuiSlider-track"[39m
                          [33mstyle[39m=[32m"left: 0%; width: 75%;"[39m
                        [36m/>[39m
                        [36m<span[39m
                          [33mclass[39m=[32m"MuiSlider-mark MuiSlider-markActive css-1pnw19s-MuiSlider-mark"[39m
                          [33mdata-index[39m=[32m"0"[39m
                          [33mstyle[39m=[32m"left: 0%;"[39m
                        [36m/>[39m
                        [36m<span[39m
                          [33maria-hidden[39m=[32m"true"[39m
                          [33mclass[39m=[32m"MuiSlider-markLabel MuiSlider-markLabel MuiSlider-markLabelActive css-1f05acu-MuiSlider-markLabel"[39m
                          [33mdata-index[39m=[32m"0"[39m
                          [33mstyle[39m=[32m"left: 0%;"[39m
                        [36m>[39m
                          [0merror[0m
                        [36m</span>[39m
                        [36m<span[39m
                          [33mclass[39m=[32m"MuiSlider-mark MuiSlider-markActive css-1pnw19s-MuiSlider-mark"[39m
                          [33mdata-index[39m=[32m"1"[39m
                          [33mstyle[39m=[32m"left: 25%;"[39m
                        [36m/>[39m
                        [36m<span[39m
                          [33maria-hidden[39m=[32m"true"[39m
                          [33mclass[39m=[32m"MuiSlider-markLabel MuiSlider-markLabel MuiSlider-markLabelActive css-1f05acu-MuiSlider-markLabel"[39m
                          [33mdata-index[39m=[32m"1"[39m
     ...

      141 |     renderWithThemeProvider(<LoggingSettings />);
      142 |     
    > 143 |     const checkboxes = screen.getAllByRole('checkbox');
          |                               ^
      144 |     const fileLoggingSwitch = checkboxes[1];
      145 |     fireEvent.click(fileLoggingSwitch);
      146 |     

      at Object.getElementError (node_modules/.pnpm/@testing-library+dom@10.4.1/node_modules/@testing-library/dom/dist/config.js:37:19)
      at node_modules/.pnpm/@testing-library+dom@10.4.1/node_modules/@testing-library/dom/dist/query-helpers.js:76:38
      at node_modules/.pnpm/@testing-library+dom@10.4.1/node_modules/@testing-library/dom/dist/query-helpers.js:109:15
      at Object.<anonymous> (__tests__/components/pages/LoggingSettings.test.tsx:143:31)

  ● LoggingSettings › calls updateLoggerConfig on save

    TypeError: Cannot read properties of undefined (reading 'setError')

      43 |     } catch (error) {
      44 |       console.error('Failed to update logging configuration:', error);
    > 45 |       useStore.getState().setError('Failed to update logging configuration');
         |                          ^
      46 |     }
      47 |   };
      48 |

      at handleSaveConfig (src/components/pages/LoggingSettings.tsx:45:26)
      at executeDispatch (node_modules/.pnpm/react-dom@19.2.3_react@19.2.3/node_modules/react-dom/cjs/react-dom-client.development.js:19116:9)
      at runWithFiberInDEV (node_modules/.pnpm/react-dom@19.2.3_react@19.2.3/node_modules/react-dom/cjs/react-dom-client.development.js:874:13)
      at processDispatchQueue (node_modules/.pnpm/react-dom@19.2.3_react@19.2.3/node_modules/react-dom/cjs/react-dom-client.development.js:19166:19)
      at node_modules/.pnpm/react-dom@19.2.3_react@19.2.3/node_modules/react-dom/cjs/react-dom-client.development.js:19767:9
      at batchedUpdates$1 (node_modules/.pnpm/react-dom@19.2.3_react@19.2.3/node_modules/react-dom/cjs/react-dom-client.development.js:3255:40)
      at dispatchEventForPluginEventSystem (node_modules/.pnpm/react-dom@19.2.3_react@19.2.3/node_modules/react-dom/cjs/react-dom-client.development.js:19320:7)
      at dispatchEvent (node_modules/.pnpm/react-dom@19.2.3_react@19.2.3/node_modules/react-dom/cjs/react-dom-client.development.js:23585:11)
      at dispatchDiscreteEvent (node_modules/.pnpm/react-dom@19.2.3_react@19.2.3/node_modules/react-dom/cjs/react-dom-client.development.js:23553:11)
      at HTMLDivElement.callTheUserObjectsOperation (node_modules/.pnpm/jsdom@26.1.0/node_modules/jsdom/lib/jsdom/living/generated/EventListener.js:26:30)
      at innerInvokeEventListeners (node_modules/.pnpm/jsdom@26.1.0/node_modules/jsdom/lib/jsdom/living/events/EventTarget-impl.js:350:25)
      at invokeEventListeners (node_modules/.pnpm/jsdom@26.1.0/node_modules/jsdom/lib/jsdom/living/events/EventTarget-impl.js:286:3)
      at HTMLButtonElementImpl._dispatch (node_modules/.pnpm/jsdom@26.1.0/node_modules/jsdom/lib/jsdom/living/events/EventTarget-impl.js:233:9)
      at HTMLButtonElementImpl.dispatchEvent (node_modules/.pnpm/jsdom@26.1.0/node_modules/jsdom/lib/jsdom/living/events/EventTarget-impl.js:104:17)
      at HTMLButtonElement.dispatchEvent (node_modules/.pnpm/jsdom@26.1.0/node_modules/jsdom/lib/jsdom/living/generated/EventTarget.js:241:34)
      at node_modules/.pnpm/@testing-library+dom@10.4.1/node_modules/@testing-library/dom/dist/events.js:19:20
      at node_modules/.pnpm/@testing-library+react@16.3.1_@testing-library+dom@10.4.1_@types+react-dom@19.2.3_@type_68c5b21a70acecf0fbbfd97f51128017/node_modules/@testing-library/react/dist/pure.js:107:16
      at node_modules/.pnpm/@testing-library+react@16.3.1_@testing-library+dom@10.4.1_@types+react-dom@19.2.3_@type_68c5b21a70acecf0fbbfd97f51128017/node_modules/@testing-library/react/dist/act-compat.js:47:24
      at process.env.NODE_ENV.exports.act (node_modules/.pnpm/react@19.2.3/node_modules/react/cjs/react.development.js:814:22)
      at node_modules/.pnpm/@testing-library+react@16.3.1_@testing-library+dom@10.4.1_@types+react-dom@19.2.3_@type_68c5b21a70acecf0fbbfd97f51128017/node_modules/@testing-library/react/dist/act-compat.js:46:25
      at Object.eventWrapper (node_modules/.pnpm/@testing-library+react@16.3.1_@testing-library+dom@10.4.1_@types+react-dom@19.2.3_@type_68c5b21a70acecf0fbbfd97f51128017/node_modules/@testing-library/react/dist/pure.js:106:28)
      at fireEvent (node_modules/.pnpm/@testing-library+dom@10.4.1/node_modules/@testing-library/dom/dist/events.js:12:35)
      at fireEvent.<computed> [as click] (node_modules/.pnpm/@testing-library+dom@10.4.1/node_modules/@testing-library/dom/dist/events.js:110:36)
      at fireEvent.<computed> [as click] (node_modules/.pnpm/@testing-library+react@16.3.1_@testing-library+dom@10.4.1_@types+react-dom@19.2.3_@type_68c5b21a70acecf0fbbfd97f51128017/node_modules/@testing-library/react/dist/fire-event.js:15:52)
      at Object.<anonymous> (__tests__/components/pages/LoggingSettings.test.tsx:175:15)

  ● LoggingSettings › calls updateLoggerConfig on save

    expect(jest.fn()).toHaveBeenCalledWith(...expected)

    Expected: "updateLoggerConfig", Any<Object>

    Number of calls: 0

      176 |     
      177 |     expect(updateLoggerConfig).toHaveBeenCalled();
    > 178 |     expect(sendMessage).toHaveBeenCalledWith('updateLoggerConfig', expect.any(Object));
          |                         ^
      179 |   });
      180 |
      181 |   it('resets to default configuration', () => {

      at Object.<anonymous> (__tests__/components/pages/LoggingSettings.test.tsx:178:25)

  ● LoggingSettings › resets to default configuration

    expect(jest.fn()).toHaveBeenCalledWith(...expected)

    Expected: "updateLoggerConfig", Any<Object>

    Number of calls: 0

      189 |     
      190 |     expect(updateLoggerConfig).toHaveBeenCalled();
    > 191 |     expect(sendMessage).toHaveBeenCalledWith('updateLoggerConfig', expect.any(Object));
          |                         ^
      192 |   });
      193 |
      194 |   it('shows save success log message', () => {

      at Object.<anonymous> (__tests__/components/pages/LoggingSettings.test.tsx:191:25)

  ● LoggingSettings › shows save success log message

    TypeError: Cannot read properties of undefined (reading 'setError')

      43 |     } catch (error) {
      44 |       console.error('Failed to update logging configuration:', error);
    > 45 |       useStore.getState().setError('Failed to update logging configuration');
         |                          ^
      46 |     }
      47 |   };
      48 |

      at handleSaveConfig (src/components/pages/LoggingSettings.tsx:45:26)
      at executeDispatch (node_modules/.pnpm/react-dom@19.2.3_react@19.2.3/node_modules/react-dom/cjs/react-dom-client.development.js:19116:9)
      at runWithFiberInDEV (node_modules/.pnpm/react-dom@19.2.3_react@19.2.3/node_modules/react-dom/cjs/react-dom-client.development.js:874:13)
      at processDispatchQueue (node_modules/.pnpm/react-dom@19.2.3_react@19.2.3/node_modules/react-dom/cjs/react-dom-client.development.js:19166:19)
      at node_modules/.pnpm/react-dom@19.2.3_react@19.2.3/node_modules/react-dom/cjs/react-dom-client.development.js:19767:9
      at batchedUpdates$1 (node_modules/.pnpm/react-dom@19.2.3_react@19.2.3/node_modules/react-dom/cjs/react-dom-client.development.js:3255:40)
      at dispatchEventForPluginEventSystem (node_modules/.pnpm/react-dom@19.2.3_react@19.2.3/node_modules/react-dom/cjs/react-dom-client.development.js:19320:7)
      at dispatchEvent (node_modules/.pnpm/react-dom@19.2.3_react@19.2.3/node_modules/react-dom/cjs/react-dom-client.development.js:23585:11)
      at dispatchDiscreteEvent (node_modules/.pnpm/react-dom@19.2.3_react@19.2.3/node_modules/react-dom/cjs/react-dom-client.development.js:23553:11)
      at HTMLDivElement.callTheUserObjectsOperation (node_modules/.pnpm/jsdom@26.1.0/node_modules/jsdom/lib/jsdom/living/generated/EventListener.js:26:30)
      at innerInvokeEventListeners (node_modules/.pnpm/jsdom@26.1.0/node_modules/jsdom/lib/jsdom/living/events/EventTarget-impl.js:350:25)
      at invokeEventListeners (node_modules/.pnpm/jsdom@26.1.0/node_modules/jsdom/lib/jsdom/living/events/EventTarget-impl.js:286:3)
      at HTMLButtonElementImpl._dispatch (node_modules/.pnpm/jsdom@26.1.0/node_modules/jsdom/lib/jsdom/living/events/EventTarget-impl.js:233:9)
      at HTMLButtonElementImpl.dispatchEvent (node_modules/.pnpm/jsdom@26.1.0/node_modules/jsdom/lib/jsdom/living/events/EventTarget-impl.js:104:17)
      at HTMLButtonElement.dispatchEvent (node_modules/.pnpm/jsdom@26.1.0/node_modules/jsdom/lib/jsdom/living/generated/EventTarget.js:241:34)
      at node_modules/.pnpm/@testing-library+dom@10.4.1/node_modules/@testing-library/dom/dist/events.js:19:20
      at node_modules/.pnpm/@testing-library+react@16.3.1_@testing-library+dom@10.4.1_@types+react-dom@19.2.3_@type_68c5b21a70acecf0fbbfd97f51128017/node_modules/@testing-library/react/dist/pure.js:107:16
      at node_modules/.pnpm/@testing-library+react@16.3.1_@testing-library+dom@10.4.1_@types+react-dom@19.2.3_@type_68c5b21a70acecf0fbbfd97f51128017/node_modules/@testing-library/react/dist/act-compat.js:47:24
      at process.env.NODE_ENV.exports.act (node_modules/.pnpm/react@19.2.3/node_modules/react/cjs/react.development.js:814:22)
      at node_modules/.pnpm/@testing-library+react@16.3.1_@testing-library+dom@10.4.1_@types+react-dom@19.2.3_@type_68c5b21a70acecf0fbbfd97f51128017/node_modules/@testing-library/react/dist/act-compat.js:46:25
      at Object.eventWrapper (node_modules/.pnpm/@testing-library+react@16.3.1_@testing-library+dom@10.4.1_@types+react-dom@19.2.3_@type_68c5b21a70acecf0fbbfd97f51128017/node_modules/@testing-library/react/dist/pure.js:106:28)
      at fireEvent (node_modules/.pnpm/@testing-library+dom@10.4.1/node_modules/@testing-library/dom/dist/events.js:12:35)
      at fireEvent.<computed> [as click] (node_modules/.pnpm/@testing-library+dom@10.4.1/node_modules/@testing-library/dom/dist/events.js:110:36)
      at fireEvent.<computed> [as click] (node_modules/.pnpm/@testing-library+react@16.3.1_@testing-library+dom@10.4.1_@types+react-dom@19.2.3_@type_68c5b21a70acecf0fbbfd97f51128017/node_modules/@testing-library/react/dist/fire-event.js:15:52)
      at Object.<anonymous> (__tests__/components/pages/LoggingSettings.test.tsx:198:15)

  ● LoggingSettings › shows save success log message

    expect(jest.fn()).toHaveBeenCalledWith(...expected)

    Expected: "Logging configuration updated successfully"

    Number of calls: 0

      198 |     fireEvent.click(saveButton);
      199 |     
    > 200 |     expect(console.log).toHaveBeenCalledWith('Logging configuration updated successfully');
          |                         ^
      201 |   });
      202 |
      203 |   it('handles save error', () => {

      at Object.<anonymous> (__tests__/components/pages/LoggingSettings.test.tsx:200:25)

  ● LoggingSettings › handles save error

    TypeError: Cannot read properties of undefined (reading 'setError')

      43 |     } catch (error) {
      44 |       console.error('Failed to update logging configuration:', error);
    > 45 |       useStore.getState().setError('Failed to update logging configuration');
         |                          ^
      46 |     }
      47 |   };
      48 |

      at handleSaveConfig (src/components/pages/LoggingSettings.tsx:45:26)
      at executeDispatch (node_modules/.pnpm/react-dom@19.2.3_react@19.2.3/node_modules/react-dom/cjs/react-dom-client.development.js:19116:9)
      at runWithFiberInDEV (node_modules/.pnpm/react-dom@19.2.3_react@19.2.3/node_modules/react-dom/cjs/react-dom-client.development.js:874:13)
      at processDispatchQueue (node_modules/.pnpm/react-dom@19.2.3_react@19.2.3/node_modules/react-dom/cjs/react-dom-client.development.js:19166:19)
      at node_modules/.pnpm/react-dom@19.2.3_react@19.2.3/node_modules/react-dom/cjs/react-dom-client.development.js:19767:9
      at batchedUpdates$1 (node_modules/.pnpm/react-dom@19.2.3_react@19.2.3/node_modules/react-dom/cjs/react-dom-client.development.js:3255:40)
      at dispatchEventForPluginEventSystem (node_modules/.pnpm/react-dom@19.2.3_react@19.2.3/node_modules/react-dom/cjs/react-dom-client.development.js:19320:7)
      at dispatchEvent (node_modules/.pnpm/react-dom@19.2.3_react@19.2.3/node_modules/react-dom/cjs/react-dom-client.development.js:23585:11)
      at dispatchDiscreteEvent (node_modules/.pnpm/react-dom@19.2.3_react@19.2.3/node_modules/react-dom/cjs/react-dom-client.development.js:23553:11)
      at HTMLDivElement.callTheUserObjectsOperation (node_modules/.pnpm/jsdom@26.1.0/node_modules/jsdom/lib/jsdom/living/generated/EventListener.js:26:30)
      at innerInvokeEventListeners (node_modules/.pnpm/jsdom@26.1.0/node_modules/jsdom/lib/jsdom/living/events/EventTarget-impl.js:350:25)
      at invokeEventListeners (node_modules/.pnpm/jsdom@26.1.0/node_modules/jsdom/lib/jsdom/living/events/EventTarget-impl.js:286:3)
      at HTMLButtonElementImpl._dispatch (node_modules/.pnpm/jsdom@26.1.0/node_modules/jsdom/lib/jsdom/living/events/EventTarget-impl.js:233:9)
      at HTMLButtonElementImpl.dispatchEvent (node_modules/.pnpm/jsdom@26.1.0/node_modules/jsdom/lib/jsdom/living/events/EventTarget-impl.js:104:17)
      at HTMLButtonElement.dispatchEvent (node_modules/.pnpm/jsdom@26.1.0/node_modules/jsdom/lib/jsdom/living/generated/EventTarget.js:241:34)
      at node_modules/.pnpm/@testing-library+dom@10.4.1/node_modules/@testing-library/dom/dist/events.js:19:20
      at node_modules/.pnpm/@testing-library+react@16.3.1_@testing-library+dom@10.4.1_@types+react-dom@19.2.3_@type_68c5b21a70acecf0fbbfd97f51128017/node_modules/@testing-library/react/dist/pure.js:107:16
      at node_modules/.pnpm/@testing-library+react@16.3.1_@testing-library+dom@10.4.1_@types+react-dom@19.2.3_@type_68c5b21a70acecf0fbbfd97f51128017/node_modules/@testing-library/react/dist/act-compat.js:47:24
      at process.env.NODE_ENV.exports.act (node_modules/.pnpm/react@19.2.3/node_modules/react/cjs/react.development.js:814:22)
      at node_modules/.pnpm/@testing-library+react@16.3.1_@testing-library+dom@10.4.1_@types+react-dom@19.2.3_@type_68c5b21a70acecf0fbbfd97f51128017/node_modules/@testing-library/react/dist/act-compat.js:46:25
      at Object.eventWrapper (node_modules/.pnpm/@testing-library+react@16.3.1_@testing-library+dom@10.4.1_@types+react-dom@19.2.3_@type_68c5b21a70acecf0fbbfd97f51128017/node_modules/@testing-library/react/dist/pure.js:106:28)
      at fireEvent (node_modules/.pnpm/@testing-library+dom@10.4.1/node_modules/@testing-library/dom/dist/events.js:12:35)
      at fireEvent.<computed> [as click] (node_modules/.pnpm/@testing-library+dom@10.4.1/node_modules/@testing-library/dom/dist/events.js:110:36)
      at fireEvent.<computed> [as click] (node_modules/.pnpm/@testing-library+react@16.3.1_@testing-library+dom@10.4.1_@types+react-dom@19.2.3_@type_68c5b21a70acecf0fbbfd97f51128017/node_modules/@testing-library/react/dist/fire-event.js:15:52)
      at Object.<anonymous> (__tests__/components/pages/LoggingSettings.test.tsx:212:15)

  ● LoggingSettings › handles save error

    expect(jest.fn()).toHaveBeenCalledWith(...expected)

    Expected: "Failed to update logging configuration"

    Number of calls: 0

      213 |     
      214 |     expect(console.error).toHaveBeenCalled();
    > 215 |     expect(mockStore.getState().setError).toHaveBeenCalledWith('Failed to update logging configuration');
          |                                           ^
      216 |   });
      217 |
      218 |   it('displays all log level marks', () => {

      at Object.<anonymous> (__tests__/components/pages/LoggingSettings.test.tsx:215:43)

  ● LoggingSettings › displays all log level marks

    TestingLibraryElementError: Found multiple elements with the text: error

    Here are the matching elements:

    Ignored nodes: comments, script, style
    [36m<span[39m
      [33maria-hidden[39m=[32m"true"[39m
      [33mclass[39m=[32m"MuiSlider-markLabel MuiSlider-markLabel MuiSlider-markLabelActive css-1f05acu-MuiSlider-markLabel"[39m
      [33mdata-index[39m=[32m"0"[39m
      [33mstyle[39m=[32m"left: 0%;"[39m
    [36m>[39m
      [0merror[0m
    [36m</span>[39m

    Ignored nodes: comments, script, style
    [36m<span[39m
      [33maria-hidden[39m=[32m"true"[39m
      [33mclass[39m=[32m"MuiSlider-markLabel MuiSlider-markLabel MuiSlider-markLabelActive css-1f05acu-MuiSlider-markLabel"[39m
      [33mdata-index[39m=[32m"0"[39m
      [33mstyle[39m=[32m"left: 0%;"[39m
    [36m>[39m
      [0merror[0m
    [36m</span>[39m

    Ignored nodes: comments, script, style
    [36m<span[39m
      [33maria-hidden[39m=[32m"true"[39m
      [33mclass[39m=[32m"MuiSlider-markLabel MuiSlider-markLabel MuiSlider-markLabelActive css-1f05acu-MuiSlider-markLabel"[39m
      [33mdata-index[39m=[32m"0"[39m
      [33mstyle[39m=[32m"left: 0%;"[39m
    [36m>[39m
      [0merror[0m
    [36m</span>[39m

    Ignored nodes: comments, script, style
    [36m<span[39m
      [33mclass[39m=[32m"MuiSlider-valueLabelLabel"[39m
    [36m>[39m
      [0merror[0m
    [36m</span>[39m

    Ignored nodes: comments, script, style
    [36m<span[39m
      [33mclass[39m=[32m"MuiChip-label MuiChip-labelSmall css-eccknh-MuiChip-label"[39m
    [36m>[39m
      [0merror[0m
    [36m</span>[39m

    (If this is intentional, then use the `*AllBy*` variant of the query (like `queryAllByText`, `getAllByText`, or `findAllByText`)).

    Ignored nodes: comments, script, style
    [36m<body>[39m
      [36m<div>[39m
        [36m<div[39m
          [33mclass[39m=[32m"MuiBox-root css-1wcaknn"[39m
        [36m>[39m
          [36m<div[39m
            [33mclass[39m=[32m"MuiBox-root css-4c94nt"[39m
          [36m>[39m
            [36m<div[39m
              [33manimate[39m=[32m"[object Object]"[39m
              [33minitial[39m=[32m"[object Object]"[39m
              [33mtransition[39m=[32m"[object Object]"[39m
            [36m>[39m
              [36m<h1[39m
                [33mclass[39m=[32m"MuiTypography-root MuiTypography-h3 css-1y09m9g-MuiTypography-root"[39m
              [36m>[39m
                [0mLogging Configuration[0m
              [36m</h1>[39m
              [36m<h6[39m
                [33mclass[39m=[32m"MuiTypography-root MuiTypography-subtitle1 css-nd7spj-MuiTypography-root"[39m
              [36m>[39m
                [0mAdvanced Logging System with File Rotation[0m
              [36m</h6>[39m
            [36m</div>[39m
          [36m</div>[39m
          [36m<hr[39m
            [33mclass[39m=[32m"MuiDivider-root MuiDivider-fullWidth css-1dkov3i-MuiDivider-root"[39m
          [36m/>[39m
          [36m<div[39m
            [33mclass[39m=[32m"MuiGrid-root MuiGrid-container MuiGrid-direction-xs-row MuiGrid-spacing-xs-4 css-kqg16c-MuiGrid-root"[39m
          [36m>[39m
            [36m<div[39m
              [33mclass[39m=[32m"MuiGrid-root MuiGrid-direction-xs-row MuiGrid-grid-xs-12 MuiGrid-grid-md-6 css-204a8q-MuiGrid-root"[39m
            [36m>[39m
              [36m<div[39m
                [33manimate[39m=[32m"[object Object]"[39m
                [33minitial[39m=[32m"[object Object]"[39m
                [33mtransition[39m=[32m"[object Object]"[39m
              [36m>[39m
                [36m<div[39m
                  [33mclass[39m=[32m"MuiPaper-root MuiPaper-elevation MuiPaper-rounded MuiPaper-elevation1 MuiCard-root css-n4xn9e-MuiPaper-root-MuiCard-root"[39m
                  [33mstyle[39m=[32m"--Paper-shadow: 0px 2px 1px -1px rgba(0,0,0,0.2),0px 1px 1px 0px rgba(0,0,0,0.14),0px 1px 3px 0px rgba(0,0,0,0.12);"[39m
                [36m>[39m
                  [36m<div[39m
                    [33mclass[39m=[32m"MuiCardContent-root css-1lt5qva-MuiCardContent-root"[39m
                  [36m>[39m
                    [36m<h6[39m
                      [33mclass[39m=[32m"MuiTypography-root MuiTypography-h6 MuiTypography-gutterBottom css-i7k7ai-MuiTypography-root"[39m
                    [36m>[39m
                      [0mConsole Logging[0m
                    [36m</h6>[39m
                    [36m<p[39m
                      [33mclass[39m=[32m"MuiTypography-root MuiTypography-body2 css-gdfsl6-MuiTypography-root"[39m
                    [36m>[39m
                      [0mConfigure console output logging[0m
                    [36m</p>[39m
                    [36m<div[39m
                      [33mclass[39m=[32m"MuiBox-root css-1qrecot"[39m
                    [36m>[39m
                      [36m<label[39m
                        [33mclass[39m=[32m"MuiFormControlLabel-root MuiFormControlLabel-labelPlacementEnd css-1v1gbgd-MuiFormControlLabel-root"[39m
                      [36m>[39m
                        [36m<span[39m
                          [33mclass[39m=[32m"MuiSwitch-root MuiSwitch-sizeMedium css-k3m6lw-MuiSwitch-root"[39m
                        [36m>[39m
                          [36m<span[39m
                            [33mclass[39m=[32m"MuiButtonBase-root MuiSwitch-switchBase MuiSwitch-colorPrimary Mui-checked PrivateSwitchBase-root MuiSwitch-switchBase MuiSwitch-colorPrimary Mui-checked Mui-checked css-62uhk4-MuiButtonBase-root-MuiSwitchBase-root-MuiSwitch-switchBase"[39m
                          [36m>[39m
                            [36m<input[39m
                              [33mchecked[39m=[32m""[39m
                              [33mclass[39m=[32m"PrivateSwitchBase-input MuiSwitch-input css-12xagqm-MuiSwitchBase-root"[39m
                              [33mrole[39m=[32m"switch"[39m
                              [33mtype[39m=[32m"checkbox"[39m
                            [36m/>[39m
                            [36m<span[39m
                              [33mclass[39m=[32m"MuiSwitch-thumb css-18cpvxz-MuiSwitch-thumb"[39m
                            [36m/>[39m
                          [36m</span>[39m
                          [36m<span[39m
                            [33mclass[39m=[32m"MuiSwitch-track css-tj8d99-MuiSwitch-track"[39m
                          [36m/>[39m
                        [36m</span>[39m
                        [36m<span[39m
                          [33mclass[39m=[32m"MuiTypography-root MuiTypography-body1 MuiFormControlLabel-label css-e86f8p-MuiTypography-root"[39m
                        [36m>[39m
                          [0mEnable Console Logging[0m
                        [36m</span>[39m
                      [36m</label>[39m
                      [36m<h6[39m
                        [33mclass[39m=[32m"MuiTypography-root MuiTypography-subtitle2 css-1cji1ru-MuiTypography-root"[39m
                      [36m>[39m
                        [0mConsole Log Level[0m
                      [36m</h6>[39m
                      [36m<span[39m
                        [33mclass[39m=[32m"MuiSlider-root MuiSlider-marked MuiSlider-colorPrimary MuiSlider-sizeMedium css-nzmogg-MuiSlider-root"[39m
                      [36m>[39m
                        [36m<span[39m
                          [33mclass[39m=[32m"MuiSlider-rail css-r64h58-MuiSlider-rail"[39m
                        [36m/>[39m
                        [36m<span[39m
                          [33mclass[39m=[32m"MuiSlider-track css-xvk2i-MuiSlider-track"[39m
                          [33mstyle[39m=[32m"left: 0%; width: 75%;"[39m
                        [36m/>[39m
                        [36m<span[39m
                          [33mclass[39m=[32m"MuiSlider-mark MuiSlider-markActive css-1pnw19s-MuiSlider-mark"[39m
                          [33mdata-index[39m=[32m"0"[39m
                          [33mstyle[39m=[32m"left: 0%;"[39m
                        [36m/>[39m
                        [36m<span[39m
                          [33maria-hidden[39m=[32m"true"[39m
                          [33mclass[39m=[32m"MuiSlider-markLabel MuiSlider-markLabel MuiSlider-markLabelActive css-1f05acu-MuiSlider-markLabel"[39m
                          [33mdata-index[39m=[32m"0"[39m
                          [33mstyle[39m=[32m"left: 0%;"[39m
                        [36m>[39m
                          [0merror[0m
                        [36m</span>[39m
                        [36m<span[39m
                          [33mclass[39m=[32m"MuiSlider-mark MuiSlider-markActive css-1pnw19s-MuiSlider-mark"[39m
                          [33mdata-index[39m=[32m"1"[39m
                          [33mstyle[39m=[32m"left: 25%;"[39m
                        [36m/>[39m
                        [36m<span[39m
                          [33maria-hidden[39m=[32m"true"[39m
                          [33mclass[39m=[32m"MuiSlider-markLabel MuiSlider-markLabel MuiSlider-markLabelActive css-1f05acu-MuiSlider-markLabel"[39m
                          [33mdata-index[39m=[32m"1"[39m
     ...

      219 |     renderWithThemeProvider(<LoggingSettings />);
      220 |     
    > 221 |     expect(screen.getByText('error')).toBeInTheDocument();
          |                   ^
      222 |     expect(screen.getByText('warn')).toBeInTheDocument();
      223 |     expect(screen.getByText('info')).toBeInTheDocument();
      224 |     expect(screen.getByText('debug')).toBeInTheDocument();

      at Object.getElementError (node_modules/.pnpm/@testing-library+dom@10.4.1/node_modules/@testing-library/dom/dist/config.js:37:19)
      at getElementError (node_modules/.pnpm/@testing-library+dom@10.4.1/node_modules/@testing-library/dom/dist/query-helpers.js:20:35)
      at getMultipleElementsFoundError (node_modules/.pnpm/@testing-library+dom@10.4.1/node_modules/@testing-library/dom/dist/query-helpers.js:23:10)
      at node_modules/.pnpm/@testing-library+dom@10.4.1/node_modules/@testing-library/dom/dist/query-helpers.js:55:13
      at node_modules/.pnpm/@testing-library+dom@10.4.1/node_modules/@testing-library/dom/dist/query-helpers.js:95:19
      at Object.<anonymous> (__tests__/components/pages/LoggingSettings.test.tsx:221:19)

FAIL src/config/app.config.test.ts
  ● AppConfig › Basic Structure › should be a const object (frozen properties)

    expect(received).toBe(expected) // Object.is equality

    Expected: true
    Received: false

      28 |
      29 |     it("should be a const object (frozen properties)", () => {
    > 30 |       expect(Object.isFrozen(APP_CONFIG)).toBe(true);
         |                                           ^
      31 |     });
      32 |   });
      33 |

      at Object.<anonymous> (src/config/app.config.test.ts:30:43)

  ● AppConfig › API Configuration › should use default baseUrl when NEXT_PUBLIC_API_URL is not set

    Cannot find module '../app.config' from 'src/config/app.config.test.ts'

      56 |       // Note: Since APP_CONFIG is evaluated at import time, we need to re-import
      57 |       jest.resetModules();
    > 58 |       const { APP_CONFIG: reloadedConfig } = require("../app.config");
         |                                              ^
      59 |       expect(reloadedConfig.api.baseUrl).toBe("http://localhost:3000");
      60 |     });
      61 |

      at Resolver._throwModNotFoundError (node_modules/.pnpm/jest-resolve@30.2.0/node_modules/jest-resolve/build/index.js:863:11)
      at Object.<anonymous> (src/config/app.config.test.ts:58:46)

  ● AppConfig › API Configuration › should use custom baseUrl from NEXT_PUBLIC_API_URL

    Cannot find module '../app.config' from 'src/config/app.config.test.ts'

      63 |       process.env.NEXT_PUBLIC_API_URL = "https://api.example.com";
      64 |       jest.resetModules();
    > 65 |       const { APP_CONFIG: reloadedConfig } = require("../app.config");
         |                                              ^
      66 |       expect(reloadedConfig.api.baseUrl).toBe("https://api.example.com");
      67 |     });
      68 |

      at Resolver._throwModNotFoundError (node_modules/.pnpm/jest-resolve@30.2.0/node_modules/jest-resolve/build/index.js:863:11)
      at Object.<anonymous> (src/config/app.config.test.ts:65:46)

  ● AppConfig › API Configuration › should use default websocketUrl when NEXT_PUBLIC_WS_URL is not set

    Cannot find module '../app.config' from 'src/config/app.config.test.ts'

      70 |       delete process.env.NEXT_PUBLIC_WS_URL;
      71 |       jest.resetModules();
    > 72 |       const { APP_CONFIG: reloadedConfig } = require("../app.config");
         |                                              ^
      73 |       expect(reloadedConfig.api.websocketUrl).toBe("ws://localhost:3000");
      74 |     });
      75 |

      at Resolver._throwModNotFoundError (node_modules/.pnpm/jest-resolve@30.2.0/node_modules/jest-resolve/build/index.js:863:11)
      at Object.<anonymous> (src/config/app.config.test.ts:72:46)

  ● AppConfig › API Configuration › should use custom websocketUrl from NEXT_PUBLIC_WS_URL

    Cannot find module '../app.config' from 'src/config/app.config.test.ts'

      77 |       process.env.NEXT_PUBLIC_WS_URL = "wss://ws.example.com";
      78 |       jest.resetModules();
    > 79 |       const { APP_CONFIG: reloadedConfig } = require("../app.config");
         |                                              ^
      80 |       expect(reloadedConfig.api.websocketUrl).toBe("wss://ws.example.com");
      81 |     });
      82 |

      at Resolver._throwModNotFoundError (node_modules/.pnpm/jest-resolve@30.2.0/node_modules/jest-resolve/build/index.js:863:11)
      at Object.<anonymous> (src/config/app.config.test.ts:79:46)

  ● AppConfig › Sentry Configuration › should have empty DSN by default

    Cannot find module '../app.config' from 'src/config/app.config.test.ts'

      152 |       delete process.env.NEXT_PUBLIC_SENTRY_DSN;
      153 |       jest.resetModules();
    > 154 |       const { APP_CONFIG: reloadedConfig } = require("../app.config");
          |                                              ^
      155 |       expect(reloadedConfig.sentry.dsn).toBe("");
      156 |     });
      157 |

      at Resolver._throwModNotFoundError (node_modules/.pnpm/jest-resolve@30.2.0/node_modules/jest-resolve/build/index.js:863:11)
      at Object.<anonymous> (src/config/app.config.test.ts:154:46)

  ● AppConfig › Sentry Configuration › should use custom DSN from NEXT_PUBLIC_SENTRY_DSN

    Cannot find module '../app.config' from 'src/config/app.config.test.ts'

      159 |       process.env.NEXT_PUBLIC_SENTRY_DSN = "https://sentry.example.com/dsn";
      160 |       jest.resetModules();
    > 161 |       const { APP_CONFIG: reloadedConfig } = require("../app.config");
          |                                              ^
      162 |       expect(reloadedConfig.sentry.dsn).toBe("https://sentry.example.com/dsn");
      163 |     });
      164 |

      at Resolver._throwModNotFoundError (node_modules/.pnpm/jest-resolve@30.2.0/node_modules/jest-resolve/build/index.js:863:11)
      at Object.<anonymous> (src/config/app.config.test.ts:161:46)

  ● AppConfig › Sentry Configuration › should use development environment by default

    Cannot find module '../app.config' from 'src/config/app.config.test.ts'

      166 |       delete process.env.NODE_ENV;
      167 |       jest.resetModules();
    > 168 |       const { APP_CONFIG: reloadedConfig } = require("../app.config");
          |                                              ^
      169 |       expect(reloadedConfig.sentry.environment).toBe("development");
      170 |     });
      171 |

      at Resolver._throwModNotFoundError (node_modules/.pnpm/jest-resolve@30.2.0/node_modules/jest-resolve/build/index.js:863:11)
      at Object.<anonymous> (src/config/app.config.test.ts:168:46)

  ● AppConfig › Sentry Configuration › should use production environment when NODE_ENV is production

    Cannot find module '../app.config' from 'src/config/app.config.test.ts'

      173 |       process.env.NODE_ENV = "production";
      174 |       jest.resetModules();
    > 175 |       const { APP_CONFIG: reloadedConfig } = require("../app.config");
          |                                              ^
      176 |       expect(reloadedConfig.sentry.environment).toBe("production");
      177 |     });
      178 |

      at Resolver._throwModNotFoundError (node_modules/.pnpm/jest-resolve@30.2.0/node_modules/jest-resolve/build/index.js:863:11)
      at Object.<anonymous> (src/config/app.config.test.ts:175:46)

  ● AppConfig › Immutability › should not allow modification of config values

    expect(received).toThrow()

    Received function did not throw

      185 |     it("should not allow modification of config values", () => {
      186 |       // @ts-expect-error - Testing immutability
    > 187 |       expect(() => { APP_CONFIG.name = "Modified"; }).toThrow();
          |                                                       ^
      188 |     });
      189 |   });
      190 |

      at Object.<anonymous> (src/config/app.config.test.ts:187:55)

FAIL src/lib/__tests__/ollama.test.ts
  ● ollama › listModels › should fetch and return models from Ollama API

    TypeError: Cannot read properties of undefined (reading 'get')

      13 |  */
      14 | export async function listModels() {
    > 15 |   const response = await api.get('/api/tags');
         |                              ^
      16 |   return response.data;
      17 | }
      18 |

      at listModels (src/lib/ollama.ts:15:30)
      at Object.<anonymous> (src/lib/__tests__/ollama.test.ts:26:38)

  ● ollama › listModels › should use custom OLLAMA_HOST if set in environment

    expect(jest.fn()).toHaveBeenCalledWith(...expected)

    Expected: ObjectContaining {"baseURL": "http://custom-host:11435", "timeout": 30000}

    Number of calls: 0

      37 |       } as any);
      38 |
    > 39 |       expect(mockedAxios.create).toHaveBeenCalledWith(
         |                                  ^
      40 |         expect.objectContaining({
      41 |           baseURL: 'http://custom-host:11435',
      42 |           timeout: 30000,

      at Object.<anonymous> (src/lib/__tests__/ollama.test.ts:39:34)

  ● ollama › listModels › should use default localhost URL when OLLAMA_HOST is not set

    expect(jest.fn()).toHaveBeenCalledWith(...expected)

    Expected: ObjectContaining {"baseURL": "http://localhost:11434", "timeout": 30000}

    Number of calls: 0

      55 |       } as any);
      56 |
    > 57 |       expect(mockedAxios.create).toHaveBeenCalledWith(
         |                                  ^
      58 |         expect.objectContaining({
      59 |           baseURL: 'http://localhost:11434',
      60 |           timeout: 30000,

      at Object.<anonymous> (src/lib/__tests__/ollama.test.ts:57:34)

  ● ollama › pullModel › should pull a model and return response

    TypeError: Cannot read properties of undefined (reading 'post')

      22 |  */
      23 | export async function pullModel(name: string) {
    > 24 |   const response = await api.post('/api/pull', { name });
         |                              ^
      25 |   return response.data;
      26 | }
      27 |

      at pullModel (src/lib/ollama.ts:24:30)
      at Object.<anonymous> (src/lib/__tests__/ollama.test.ts:83:37)

  ● ollama › pullModel › should send model name in request body

    TypeError: Cannot read properties of undefined (reading 'post')

      22 |  */
      23 | export async function pullModel(name: string) {
    > 24 |   const response = await api.post('/api/pull', { name });
         |                              ^
      25 |   return response.data;
      26 | }
      27 |

      at pullModel (src/lib/ollama.ts:24:30)
      at Object.<anonymous> (src/lib/__tests__/ollama.test.ts:95:22)

  ● ollama › stopModel › should stop a model and return response

    TypeError: Cannot read properties of undefined (reading 'post')

      31 |  */
      32 | export async function stopModel(name: string) {
    > 33 |   const response = await api.post(`/api/models/${encodeURIComponent(name)}/stop`);
         |                              ^
      34 |   return response.data;
      35 | }
      36 |

      at stopModel (src/lib/ollama.ts:33:30)
      at Object.<anonymous> (src/lib/__tests__/ollama.test.ts:111:37)

  ● ollama › stopModel › should URL encode model name in request path

    TypeError: Cannot read properties of undefined (reading 'post')

      31 |  */
      32 | export async function stopModel(name: string) {
    > 33 |   const response = await api.post(`/api/models/${encodeURIComponent(name)}/stop`);
         |                              ^
      34 |   return response.data;
      35 | }
      36 |

      at stopModel (src/lib/ollama.ts:33:30)
      at Object.<anonymous> (src/lib/__tests__/ollama.test.ts:123:22)

  ● ollama › ensureModel › should return present status when model already exists

    TypeError: Cannot read properties of undefined (reading 'get')

      13 |  */
      14 | export async function listModels() {
    > 15 |   const response = await api.get('/api/tags');
         |                              ^
      16 |   return response.data;
      17 | }
      18 |

      at listModels (src/lib/ollama.ts:15:30)
      at ensureModel (src/lib/ollama.ts:43:22)
      at Object.<anonymous> (src/lib/__tests__/ollama.test.ts:146:39)

  ● ollama › ensureModel › should pull model when it does not exist

    TypeError: Cannot read properties of undefined (reading 'get')

      13 |  */
      14 | export async function listModels() {
    > 15 |   const response = await api.get('/api/tags');
         |                              ^
      16 |   return response.data;
      17 | }
      18 |

      at listModels (src/lib/ollama.ts:15:30)
      at ensureModel (src/lib/ollama.ts:43:22)
      at Object.<anonymous> (src/lib/__tests__/ollama.test.ts:169:39)

  ● ollama › ensureModel › should handle empty models list

    TypeError: Cannot read properties of undefined (reading 'get')

      13 |  */
      14 | export async function listModels() {
    > 15 |   const response = await api.get('/api/tags');
         |                              ^
      16 |   return response.data;
      17 | }
      18 |

      at listModels (src/lib/ollama.ts:15:30)
      at ensureModel (src/lib/ollama.ts:43:22)
      at Object.<anonymous> (src/lib/__tests__/ollama.test.ts:189:39)

FAIL __tests__/utils/analytics.test.ts
  ● analytics › trackEvent › should capture metrics on event

    ReferenceError: analytics is not defined

      23 |       mockCaptureMetrics.mockResolvedValue(undefined);
      24 |
    > 25 |       const result = analytics.trackEvent('model_loaded', {
         |                      ^
      26 |         modelId: 'model1',
      27 |         loadTime: 500,
      28 |       });

      at Object.<anonymous> (__tests__/utils/analytics.test.ts:25:22)

  ● analytics › trackEvent › should track page view

    ReferenceError: analytics is not defined

      33 |
      34 |     it('should track page view', () => {
    > 35 |       analytics.trackPageView('/dashboard');
         |       ^
      36 |
      37 |       const lastCapture = mockCaptureMetrics.mock.calls[mockCaptureMetrics.mock.calls.length - 1];
      38 |       expect(lastCapture).toContainEqual('/dashboard');

      at Object.<anonymous> (__tests__/utils/analytics.test.ts:35:7)

  ● analytics › trackEvent › should track user action

    ReferenceError: analytics is not defined

      46 |       };
      47 |
    > 48 |       analytics.trackUserAction('button_click', actionData);
         |       ^
      49 |
      50 |       const lastCapture = mockCaptureMetrics.mock.calls[mockCaptureMetrics.mock.calls.length - 1];
      51 |       expect(lastCapture[0]).toContain('button_click');

      at Object.<anonymous> (__tests__/utils/analytics.test.ts:48:7)

  ● analytics › trackEvent › should track error

    ReferenceError: analytics is not defined

      62 |       };
      63 |
    > 64 |       analytics.trackError('model_load_failed', 'Failed to load model', errorDetails);
         |       ^
      65 |
      66 |       const lastCapture = mockCaptureMetrics.mock.calls[mockCaptureMetrics.mock.calls.length - 1];
      67 |       expect(lastCapture[0]).toBe('error');

      at Object.<anonymous> (__tests__/utils/analytics.test.ts:64:7)

  ● analytics › trackPageView › should capture page view with path and referrer

    ReferenceError: analytics is not defined

      75 |       mockCaptureMetrics.mockResolvedValue(undefined);
      76 |
    > 77 |       analytics.trackPageView('/settings', '/dashboard');
         |       ^
      78 |
      79 |       const lastCapture = mockCaptureMetrics.mock.calls[mockCaptureMetrics.mock.calls.length - 1];
      80 |       expect(lastCapture).toContainEqual('/settings');

      at Object.<anonymous> (__tests__/utils/analytics.test.ts:77:7)

  ● analytics › trackPageView › should capture page view with additional data

    ReferenceError: analytics is not defined

      90 |       mockCaptureMetrics.mockResolvedValue(undefined);
      91 |
    > 92 |       analytics.trackPageView('/dashboard', '/models', pageData);
         |       ^
      93 |
      94 |       const lastCapture = mockCaptureMetrics.mock.calls[mockCaptureMetrics.mock.calls.length - 1];
      95 |       expect(lastCapture).toContain('/dashboard');

      at Object.<anonymous> (__tests__/utils/analytics.test.ts:92:7)

  ● analytics › trackUserAction › should track button clicks

    ReferenceError: analytics is not defined

      108 |       };
      109 |
    > 110 |       analytics.trackUserAction('button_click', actionData);
          |       ^
      111 |
      112 |       const lastCapture = mockCaptureMetrics.mock.calls[mockCaptureMetrics.mock.calls.length - 1];
      113 |       expect(lastCapture[0]).toBe('button_click');

      at Object.<anonymous> (__tests__/utils/analytics.test.ts:110:7)

  ● analytics › trackUserAction › should track menu actions

    ReferenceError: analytics is not defined

      118 |       mockCaptureMetrics.mockResolvedValue(undefined);
      119 |
    > 120 |       analytics.trackUserAction('menu_open', {
          |       ^
      121 |         menuId: 'settings',
      122 |         menuSection: 'general',
      123 |       });

      at Object.<anonymous> (__tests__/utils/analytics.test.ts:120:7)

  ● analytics › trackUserAction › should track form interactions

    ReferenceError: analytics is not defined

      138 |       };
      139 |
    > 140 |       analytics.trackUserAction('form_change', formData);
          |       ^
      141 |
      142 |       const lastCapture = mockCaptureMetrics.mock.calls[mockCaptureMetrics.mock.calls.length - 1];
      143 |       expect(lastCapture[0]).toBe('form_change');

      at Object.<anonymous> (__tests__/utils/analytics.test.ts:140:7)

  ● analytics › trackMetric › should track numeric metric

    ReferenceError: analytics is not defined

      150 |       mockCaptureMetrics.mockResolvedValue(undefined);
      151 |
    > 152 |       analytics.trackMetric('api_response_time_ms', 250);
          |       ^
      153 |
      154 |       const lastCapture = mockCaptureMetrics.mock.calls[mockCaptureMetrics.mock.calls.length - 1];
      155 |       expect(lastCapture[0]).toBe('api_response_time_ms');

      at Object.<anonymous> (__tests__/utils/analytics.test.ts:152:7)

  ● analytics › trackMetric › should track metric with unit

    ReferenceError: analytics is not defined

      160 |       mockCaptureMetrics.mockResolvedValue(undefined);
      161 |
    > 162 |       analytics.trackMetric('model_size_gb', 12.5);
          |       ^
      163 |
      164 |       const lastCapture = mockCaptureMetrics.mock.calls[mockCaptureMetrics.mock.calls.length - 1];
      165 |       expect(lastCapture[0]).toBe('model_size_gb');

      at Object.<anonymous> (__tests__/utils/analytics.test.ts:162:7)

  ● analytics › trackMetric › should track metric with tags

    ReferenceError: analytics is not defined

      176 |       };
      177 |
    > 178 |       analytics.trackMetric('api_request', 1, metricData);
          |       ^
      179 |
      180 |       const lastCapture = mockCaptureMetrics.mock.calls[mockCaptureMetrics.mock.calls.length - 1];
      181 |       expect(lastCapture[0]).toBe('api_request');

      at Object.<anonymous> (__tests__/utils/analytics.test.ts:178:7)

  ● analytics › getEventHistory › should return tracked events

    TypeError: Cannot read properties of undefined (reading 'mockResolvedValue')

      192 |       ];
      193 |
    > 194 |       mockCaptureMetrics.getEvents.mockResolvedValue(mockEvents);
          |                                    ^
      195 |
      196 |       const history = analytics.getEventHistory(10);
      197 |

      at Object.<anonymous> (__tests__/utils/analytics.test.ts:194:36)

  ● analytics › getEventHistory › should limit history size

    TypeError: Cannot read properties of undefined (reading 'mockResolvedValue')

      209 |       });
      210 |
    > 211 |       mockCaptureMetrics.getEvents.mockResolvedValue(mockEvents);
          |                                    ^
      212 |
      213 |       const history = analytics.getEventHistory(100);
      214 |

      at Object.<anonymous> (__tests__/utils/analytics.test.ts:211:36)

  ● analytics › getEventHistory › should return empty history when no events

    TypeError: Cannot read properties of undefined (reading 'mockResolvedValue')

      217 |
      218 |     it('should return empty history when no events', () => {
    > 219 |       mockCaptureMetrics.getEvents.mockResolvedValue([]);
          |                                    ^
      220 |
      221 |       const history = analytics.getEventHistory();
      222 |

      at Object.<anonymous> (__tests__/utils/analytics.test.ts:219:36)

  ● analytics › getMetrics › should return aggregated metrics

    TypeError: Cannot read properties of undefined (reading 'mockResolvedValue')

      237 |       };
      238 |
    > 239 |       mockCaptureMetrics.getMetrics.mockResolvedValue(mockMetrics);
          |                                     ^
      240 |
      241 |       const metrics = analytics.getMetrics();
      242 |

      at Object.<anonymous> (__tests__/utils/analytics.test.ts:239:37)

  ● analytics › getMetrics › should calculate error rate

    TypeError: Cannot read properties of undefined (reading 'mockResolvedValue')

      249 |       mockEvents.push({ type: 'error' });
      250 |
    > 251 |       mockCaptureMetrics.getEvents.mockResolvedValue(mockEvents);
          |                                    ^
      252 |       mockCaptureMetrics.getEvents.mockResolvedValue([]);
      253 |
      254 |       const metrics = analytics.getMetrics();

      at Object.<anonymous> (__tests__/utils/analytics.test.ts:251:36)

  ● analytics › getMetrics › should calculate requests per minute

    TypeError: Cannot read properties of undefined (reading 'mockResolvedValue')

      261 |       const mockEvents = Array(60).fill({ type: 'event', name: 'api_request' });
      262 |
    > 263 |       mockCaptureMetrics.getEvents.mockResolvedValue(mockEvents);
          |                                    ^
      264 |       const metrics = analytics.getMetrics();
      265 |
      266 |       expect(metrics.requestsPerMinute).toBeGreaterThanOrEqual(60);

      at Object.<anonymous> (__tests__/utils/analytics.test.ts:263:36)

  ● analytics › getUniqueUsers › should return unique user count

    TypeError: Cannot read properties of undefined (reading 'mockResolvedValue')

      275 |       ];
      276 |
    > 277 |       mockCaptureMetrics.getSessions.mockResolvedValue(mockSessions);
          |                                      ^
      278 |
      279 |       const count = analytics.getUniqueUsers();
      280 |

      at Object.<anonymous> (__tests__/utils/analytics.test.ts:277:38)

  ● analytics › getUniqueUsers › should handle no sessions

    TypeError: Cannot read properties of undefined (reading 'mockResolvedValue')

      283 |
      284 |     it('should handle no sessions', () => {
    > 285 |       mockCaptureMetrics.getSessions.mockResolvedValue([]);
          |                                      ^
      286 |
      287 |       const count = analytics.getUniqueUsers();
      288 |

      at Object.<anonymous> (__tests__/utils/analytics.test.ts:285:38)

  ● analytics › clear › should clear all analytics data

    TypeError: Cannot read properties of undefined (reading 'mockResolvedValue')

      293 |   describe('clear', () => {
      294 |     it('should clear all analytics data', () => {
    > 295 |       mockCaptureMetrics.clear.mockResolvedValue(undefined);
          |                                ^
      296 |
      297 |       analytics.clear();
      298 |

      at Object.<anonymous> (__tests__/utils/analytics.test.ts:295:32)

  ● analytics › integration › should support event → metrics flow

    ReferenceError: analytics is not defined

      307 |       mockCaptureMetrics.mockResolvedValue(undefined);
      308 |
    > 309 |       analytics.trackEvent('test_event', { data: 'test' });
          |       ^
      310 |       analytics.trackMetric('test_metric', 100);
      311 |
      312 |       const metrics = analytics.getMetrics();

      at Object.<anonymous> (__tests__/utils/analytics.test.ts:309:7)

  ● analytics › integration › should aggregate events correctly

    TypeError: Cannot read properties of undefined (reading 'mockResolvedValue')

      324 |       ];
      325 |
    > 326 |       mockCaptureMetrics.getEvents.mockResolvedValue(mockEvents);
          |                                    ^
      327 |
      328 |       const metrics = analytics.getMetrics();
      329 |

      at Object.<anonymous> (__tests__/utils/analytics.test.ts:326:36)

FAIL src/hooks/__tests__/use-api.edge-case.test.ts
  ● Test suite failed to run

    [96msrc/hooks/__tests__/use-api.edge-case.test.ts[0m:[93m43[0m:[93m28[0m - [91merror[0m[90m TS1005: [0m'>' expected.

    [7m43[0m       <QueryClientProvider client={queryClient}>{children}</QueryClientProvider>
    [7m  [0m [91m                           ~~~~~~[0m
    [96msrc/hooks/__tests__/use-api.edge-case.test.ts[0m:[93m43[0m:[93m34[0m - [91merror[0m[90m TS1005: [0m')' expected.

    [7m43[0m       <QueryClientProvider client={queryClient}>{children}</QueryClientProvider>
    [7m  [0m [91m                                 ~[0m
    [96msrc/hooks/__tests__/use-api.edge-case.test.ts[0m:[93m43[0m:[93m60[0m - [91merror[0m[90m TS1161: [0mUnterminated regular expression literal.

    [7m43[0m       <QueryClientProvider client={queryClient}>{children}</QueryClientProvider>
    [7m  [0m [91m                                                           ~~~~~~~~~~~~~~~~~~~~~[0m
    [96msrc/hooks/__tests__/use-api.edge-case.test.ts[0m:[93m44[0m:[93m5[0m - [91merror[0m[90m TS1128: [0mDeclaration or statement expected.

    [7m44[0m     );
    [7m  [0m [91m    ~[0m
    [96msrc/hooks/__tests__/use-api.edge-case.test.ts[0m:[93m45[0m:[93m3[0m - [91merror[0m[90m TS1128: [0mDeclaration or statement expected.

    [7m45[0m   };
    [7m  [0m [91m  ~[0m
    [96msrc/hooks/__tests__/use-api.edge-case.test.ts[0m:[93m596[0m:[93m1[0m - [91merror[0m[90m TS1128: [0mDeclaration or statement expected.

    [7m596[0m });
    [7m   [0m [91m~[0m
    [96msrc/hooks/__tests__/use-api.edge-case.test.ts[0m:[93m596[0m:[93m2[0m - [91merror[0m[90m TS1128: [0mDeclaration or statement expected.

    [7m596[0m });
    [7m   [0m [91m ~[0m

FAIL __tests__/pages/models.test.tsx (18.521 s)
  ● ModelsPage › renders page header

    TypeError: models.map is not a function

      196 |         {/* Models Grid */}
      197 |         <Grid container spacing={3}>
    > 198 |           {models.map((model) => (
          |                   ^
      199 |             <Grid key={model.id} size={{ xs: 12, sm: 6, md: 4, lg: 3 }}>
      200 |               <Card
      201 |                 sx={{

      at ModelsPage (app/models/page.tsx:198:19)
      at Object.react_stack_bottom_frame (node_modules/.pnpm/react-dom@19.2.3_react@19.2.3/node_modules/react-dom/cjs/react-dom-client.development.js:25904:20)
      at renderWithHooks (node_modules/.pnpm/react-dom@19.2.3_react@19.2.3/node_modules/react-dom/cjs/react-dom-client.development.js:7662:22)
      at updateFunctionComponent (node_modules/.pnpm/react-dom@19.2.3_react@19.2.3/node_modules/react-dom/cjs/react-dom-client.development.js:10166:19)
      at beginWork (node_modules/.pnpm/react-dom@19.2.3_react@19.2.3/node_modules/react-dom/cjs/react-dom-client.development.js:11778:18)
      at runWithFiberInDEV (node_modules/.pnpm/react-dom@19.2.3_react@19.2.3/node_modules/react-dom/cjs/react-dom-client.development.js:874:13)
      at performUnitOfWork (node_modules/.pnpm/react-dom@19.2.3_react@19.2.3/node_modules/react-dom/cjs/react-dom-client.development.js:17641:22)
      at workLoopSync (node_modules/.pnpm/react-dom@19.2.3_react@19.2.3/node_modules/react-dom/cjs/react-dom-client.development.js:17469:41)
      at renderRootSync (node_modules/.pnpm/react-dom@19.2.3_react@19.2.3/node_modules/react-dom/cjs/react-dom-client.development.js:17450:11)
      at performWorkOnRoot (node_modules/.pnpm/react-dom@19.2.3_react@19.2.3/node_modules/react-dom/cjs/react-dom-client.development.js:16583:35)
      at performWorkOnRootViaSchedulerTask (node_modules/.pnpm/react-dom@19.2.3_react@19.2.3/node_modules/react-dom/cjs/react-dom-client.development.js:18957:7)
      at flushActQueue (node_modules/.pnpm/react@19.2.3/node_modules/react/cjs/react.development.js:590:34)
      at process.env.NODE_ENV.exports.act (node_modules/.pnpm/react@19.2.3/node_modules/react/cjs/react.development.js:884:10)
      at node_modules/.pnpm/@testing-library+react@16.3.1_@testing-library+dom@10.4.1_@types+react-dom@19.2.3_@type_68c5b21a70acecf0fbbfd97f51128017/node_modules/@testing-library/react/dist/act-compat.js:46:25
      at renderRoot (node_modules/.pnpm/@testing-library+react@16.3.1_@testing-library+dom@10.4.1_@types+react-dom@19.2.3_@type_68c5b21a70acecf0fbbfd97f51128017/node_modules/@testing-library/react/dist/pure.js:189:26)
      at render (node_modules/.pnpm/@testing-library+react@16.3.1_@testing-library+dom@10.4.1_@types+react-dom@19.2.3_@type_68c5b21a70acecf0fbbfd97f51128017/node_modules/@testing-library/react/dist/pure.js:291:10)
      at renderWithTheme (__tests__/pages/models.test.tsx:64:16)
      at Object.<anonymous> (__tests__/pages/models.test.tsx:85:5)

  ● ModelsPage › displays all models

    TypeError: models.map is not a function

      196 |         {/* Models Grid */}
      197 |         <Grid container spacing={3}>
    > 198 |           {models.map((model) => (
          |                   ^
      199 |             <Grid key={model.id} size={{ xs: 12, sm: 6, md: 4, lg: 3 }}>
      200 |               <Card
      201 |                 sx={{

      at ModelsPage (app/models/page.tsx:198:19)
      at Object.react_stack_bottom_frame (node_modules/.pnpm/react-dom@19.2.3_react@19.2.3/node_modules/react-dom/cjs/react-dom-client.development.js:25904:20)
      at renderWithHooks (node_modules/.pnpm/react-dom@19.2.3_react@19.2.3/node_modules/react-dom/cjs/react-dom-client.development.js:7662:22)
      at updateFunctionComponent (node_modules/.pnpm/react-dom@19.2.3_react@19.2.3/node_modules/react-dom/cjs/react-dom-client.development.js:10166:19)
      at beginWork (node_modules/.pnpm/react-dom@19.2.3_react@19.2.3/node_modules/react-dom/cjs/react-dom-client.development.js:11778:18)
      at runWithFiberInDEV (node_modules/.pnpm/react-dom@19.2.3_react@19.2.3/node_modules/react-dom/cjs/react-dom-client.development.js:874:13)
      at performUnitOfWork (node_modules/.pnpm/react-dom@19.2.3_react@19.2.3/node_modules/react-dom/cjs/react-dom-client.development.js:17641:22)
      at workLoopSync (node_modules/.pnpm/react-dom@19.2.3_react@19.2.3/node_modules/react-dom/cjs/react-dom-client.development.js:17469:41)
      at renderRootSync (node_modules/.pnpm/react-dom@19.2.3_react@19.2.3/node_modules/react-dom/cjs/react-dom-client.development.js:17450:11)
      at performWorkOnRoot (node_modules/.pnpm/react-dom@19.2.3_react@19.2.3/node_modules/react-dom/cjs/react-dom-client.development.js:16583:35)
      at performWorkOnRootViaSchedulerTask (node_modules/.pnpm/react-dom@19.2.3_react@19.2.3/node_modules/react-dom/cjs/react-dom-client.development.js:18957:7)
      at flushActQueue (node_modules/.pnpm/react@19.2.3/node_modules/react/cjs/react.development.js:590:34)
      at process.env.NODE_ENV.exports.act (node_modules/.pnpm/react@19.2.3/node_modules/react/cjs/react.development.js:884:10)
      at node_modules/.pnpm/@testing-library+react@16.3.1_@testing-library+dom@10.4.1_@types+react-dom@19.2.3_@type_68c5b21a70acecf0fbbfd97f51128017/node_modules/@testing-library/react/dist/act-compat.js:46:25
      at renderRoot (node_modules/.pnpm/@testing-library+react@16.3.1_@testing-library+dom@10.4.1_@types+react-dom@19.2.3_@type_68c5b21a70acecf0fbbfd97f51128017/node_modules/@testing-library/react/dist/pure.js:189:26)
      at render (node_modules/.pnpm/@testing-library+react@16.3.1_@testing-library+dom@10.4.1_@types+react-dom@19.2.3_@type_68c5b21a70acecf0fbbfd97f51128017/node_modules/@testing-library/react/dist/pure.js:291:10)
      at renderWithTheme (__tests__/pages/models.test.tsx:64:16)
      at Object.<anonymous> (__tests__/pages/models.test.tsx:92:5)

  ● ModelsPage › displays model types

    TypeError: models.map is not a function

      196 |         {/* Models Grid */}
      197 |         <Grid container spacing={3}>
    > 198 |           {models.map((model) => (
          |                   ^
      199 |             <Grid key={model.id} size={{ xs: 12, sm: 6, md: 4, lg: 3 }}>
      200 |               <Card
      201 |                 sx={{

      at ModelsPage (app/models/page.tsx:198:19)
      at Object.react_stack_bottom_frame (node_modules/.pnpm/react-dom@19.2.3_react@19.2.3/node_modules/react-dom/cjs/react-dom-client.development.js:25904:20)
      at renderWithHooks (node_modules/.pnpm/react-dom@19.2.3_react@19.2.3/node_modules/react-dom/cjs/react-dom-client.development.js:7662:22)
      at updateFunctionComponent (node_modules/.pnpm/react-dom@19.2.3_react@19.2.3/node_modules/react-dom/cjs/react-dom-client.development.js:10166:19)
      at beginWork (node_modules/.pnpm/react-dom@19.2.3_react@19.2.3/node_modules/react-dom/cjs/react-dom-client.development.js:11778:18)
      at runWithFiberInDEV (node_modules/.pnpm/react-dom@19.2.3_react@19.2.3/node_modules/react-dom/cjs/react-dom-client.development.js:874:13)
      at performUnitOfWork (node_modules/.pnpm/react-dom@19.2.3_react@19.2.3/node_modules/react-dom/cjs/react-dom-client.development.js:17641:22)
      at workLoopSync (node_modules/.pnpm/react-dom@19.2.3_react@19.2.3/node_modules/react-dom/cjs/react-dom-client.development.js:17469:41)
      at renderRootSync (node_modules/.pnpm/react-dom@19.2.3_react@19.2.3/node_modules/react-dom/cjs/react-dom-client.development.js:17450:11)
      at performWorkOnRoot (node_modules/.pnpm/react-dom@19.2.3_react@19.2.3/node_modules/react-dom/cjs/react-dom-client.development.js:16583:35)
      at performWorkOnRootViaSchedulerTask (node_modules/.pnpm/react-dom@19.2.3_react@19.2.3/node_modules/react-dom/cjs/react-dom-client.development.js:18957:7)
      at flushActQueue (node_modules/.pnpm/react@19.2.3/node_modules/react/cjs/react.development.js:590:34)
      at process.env.NODE_ENV.exports.act (node_modules/.pnpm/react@19.2.3/node_modules/react/cjs/react.development.js:884:10)
      at node_modules/.pnpm/@testing-library+react@16.3.1_@testing-library+dom@10.4.1_@types+react-dom@19.2.3_@type_68c5b21a70acecf0fbbfd97f51128017/node_modules/@testing-library/react/dist/act-compat.js:46:25
      at renderRoot (node_modules/.pnpm/@testing-library+react@16.3.1_@testing-library+dom@10.4.1_@types+react-dom@19.2.3_@type_68c5b21a70acecf0fbbfd97f51128017/node_modules/@testing-library/react/dist/pure.js:189:26)
      at render (node_modules/.pnpm/@testing-library+react@16.3.1_@testing-library+dom@10.4.1_@types+react-dom@19.2.3_@type_68c5b21a70acecf0fbbfd97f51128017/node_modules/@testing-library/react/dist/pure.js:291:10)
      at renderWithTheme (__tests__/pages/models.test.tsx:64:16)
      at Object.<anonymous> (__tests__/pages/models.test.tsx:100:5)

  ● ModelsPage › displays model status chips

    TypeError: models.map is not a function

      196 |         {/* Models Grid */}
      197 |         <Grid container spacing={3}>
    > 198 |           {models.map((model) => (
          |                   ^
      199 |             <Grid key={model.id} size={{ xs: 12, sm: 6, md: 4, lg: 3 }}>
      200 |               <Card
      201 |                 sx={{

      at ModelsPage (app/models/page.tsx:198:19)
      at Object.react_stack_bottom_frame (node_modules/.pnpm/react-dom@19.2.3_react@19.2.3/node_modules/react-dom/cjs/react-dom-client.development.js:25904:20)
      at renderWithHooks (node_modules/.pnpm/react-dom@19.2.3_react@19.2.3/node_modules/react-dom/cjs/react-dom-client.development.js:7662:22)
      at updateFunctionComponent (node_modules/.pnpm/react-dom@19.2.3_react@19.2.3/node_modules/react-dom/cjs/react-dom-client.development.js:10166:19)
      at beginWork (node_modules/.pnpm/react-dom@19.2.3_react@19.2.3/node_modules/react-dom/cjs/react-dom-client.development.js:11778:18)
      at runWithFiberInDEV (node_modules/.pnpm/react-dom@19.2.3_react@19.2.3/node_modules/react-dom/cjs/react-dom-client.development.js:874:13)
      at performUnitOfWork (node_modules/.pnpm/react-dom@19.2.3_react@19.2.3/node_modules/react-dom/cjs/react-dom-client.development.js:17641:22)
      at workLoopSync (node_modules/.pnpm/react-dom@19.2.3_react@19.2.3/node_modules/react-dom/cjs/react-dom-client.development.js:17469:41)
      at renderRootSync (node_modules/.pnpm/react-dom@19.2.3_react@19.2.3/node_modules/react-dom/cjs/react-dom-client.development.js:17450:11)
      at performWorkOnRoot (node_modules/.pnpm/react-dom@19.2.3_react@19.2.3/node_modules/react-dom/cjs/react-dom-client.development.js:16583:35)
      at performWorkOnRootViaSchedulerTask (node_modules/.pnpm/react-dom@19.2.3_react@19.2.3/node_modules/react-dom/cjs/react-dom-client.development.js:18957:7)
      at flushActQueue (node_modules/.pnpm/react@19.2.3/node_modules/react/cjs/react.development.js:590:34)
      at process.env.NODE_ENV.exports.act (node_modules/.pnpm/react@19.2.3/node_modules/react/cjs/react.development.js:884:10)
      at node_modules/.pnpm/@testing-library+react@16.3.1_@testing-library+dom@10.4.1_@types+react-dom@19.2.3_@type_68c5b21a70acecf0fbbfd97f51128017/node_modules/@testing-library/react/dist/act-compat.js:46:25
      at renderRoot (node_modules/.pnpm/@testing-library+react@16.3.1_@testing-library+dom@10.4.1_@types+react-dom@19.2.3_@type_68c5b21a70acecf0fbbfd97f51128017/node_modules/@testing-library/react/dist/pure.js:189:26)
      at render (node_modules/.pnpm/@testing-library+react@16.3.1_@testing-library+dom@10.4.1_@types+react-dom@19.2.3_@type_68c5b21a70acecf0fbbfd97f51128017/node_modules/@testing-library/react/dist/pure.js:291:10)
      at renderWithTheme (__tests__/pages/models.test.tsx:64:16)
      at Object.<anonymous> (__tests__/pages/models.test.tsx:106:5)

  ● ModelsPage › displays created dates

    TypeError: models.map is not a function

      196 |         {/* Models Grid */}
      197 |         <Grid container spacing={3}>
    > 198 |           {models.map((model) => (
          |                   ^
      199 |             <Grid key={model.id} size={{ xs: 12, sm: 6, md: 4, lg: 3 }}>
      200 |               <Card
      201 |                 sx={{

      at ModelsPage (app/models/page.tsx:198:19)
      at Object.react_stack_bottom_frame (node_modules/.pnpm/react-dom@19.2.3_react@19.2.3/node_modules/react-dom/cjs/react-dom-client.development.js:25904:20)
      at renderWithHooks (node_modules/.pnpm/react-dom@19.2.3_react@19.2.3/node_modules/react-dom/cjs/react-dom-client.development.js:7662:22)
      at updateFunctionComponent (node_modules/.pnpm/react-dom@19.2.3_react@19.2.3/node_modules/react-dom/cjs/react-dom-client.development.js:10166:19)
      at beginWork (node_modules/.pnpm/react-dom@19.2.3_react@19.2.3/node_modules/react-dom/cjs/react-dom-client.development.js:11778:18)
      at runWithFiberInDEV (node_modules/.pnpm/react-dom@19.2.3_react@19.2.3/node_modules/react-dom/cjs/react-dom-client.development.js:874:13)
      at performUnitOfWork (node_modules/.pnpm/react-dom@19.2.3_react@19.2.3/node_modules/react-dom/cjs/react-dom-client.development.js:17641:22)
      at workLoopSync (node_modules/.pnpm/react-dom@19.2.3_react@19.2.3/node_modules/react-dom/cjs/react-dom-client.development.js:17469:41)
      at renderRootSync (node_modules/.pnpm/react-dom@19.2.3_react@19.2.3/node_modules/react-dom/cjs/react-dom-client.development.js:17450:11)
      at performWorkOnRoot (node_modules/.pnpm/react-dom@19.2.3_react@19.2.3/node_modules/react-dom/cjs/react-dom-client.development.js:16583:35)
      at performWorkOnRootViaSchedulerTask (node_modules/.pnpm/react-dom@19.2.3_react@19.2.3/node_modules/react-dom/cjs/react-dom-client.development.js:18957:7)
      at flushActQueue (node_modules/.pnpm/react@19.2.3/node_modules/react/cjs/react.development.js:590:34)
      at process.env.NODE_ENV.exports.act (node_modules/.pnpm/react@19.2.3/node_modules/react/cjs/react.development.js:884:10)
      at node_modules/.pnpm/@testing-library+react@16.3.1_@testing-library+dom@10.4.1_@types+react-dom@19.2.3_@type_68c5b21a70acecf0fbbfd97f51128017/node_modules/@testing-library/react/dist/act-compat.js:46:25
      at renderRoot (node_modules/.pnpm/@testing-library+react@16.3.1_@testing-library+dom@10.4.1_@types+react-dom@19.2.3_@type_68c5b21a70acecf0fbbfd97f51128017/node_modules/@testing-library/react/dist/pure.js:189:26)
      at render (node_modules/.pnpm/@testing-library+react@16.3.1_@testing-library+dom@10.4.1_@types+react-dom@19.2.3_@type_68c5b21a70acecf0fbbfd97f51128017/node_modules/@testing-library/react/dist/pure.js:291:10)
      at renderWithTheme (__tests__/pages/models.test.tsx:64:16)
      at Object.<anonymous> (__tests__/pages/models.test.tsx:114:5)

  ● ModelsPage › displays Start button for idle models

    TypeError: models.map is not a function

      196 |         {/* Models Grid */}
      197 |         <Grid container spacing={3}>
    > 198 |           {models.map((model) => (
          |                   ^
      199 |             <Grid key={model.id} size={{ xs: 12, sm: 6, md: 4, lg: 3 }}>
      200 |               <Card
      201 |                 sx={{

      at ModelsPage (app/models/page.tsx:198:19)
      at Object.react_stack_bottom_frame (node_modules/.pnpm/react-dom@19.2.3_react@19.2.3/node_modules/react-dom/cjs/react-dom-client.development.js:25904:20)
      at renderWithHooks (node_modules/.pnpm/react-dom@19.2.3_react@19.2.3/node_modules/react-dom/cjs/react-dom-client.development.js:7662:22)
      at updateFunctionComponent (node_modules/.pnpm/react-dom@19.2.3_react@19.2.3/node_modules/react-dom/cjs/react-dom-client.development.js:10166:19)
      at beginWork (node_modules/.pnpm/react-dom@19.2.3_react@19.2.3/node_modules/react-dom/cjs/react-dom-client.development.js:11778:18)
      at runWithFiberInDEV (node_modules/.pnpm/react-dom@19.2.3_react@19.2.3/node_modules/react-dom/cjs/react-dom-client.development.js:874:13)
      at performUnitOfWork (node_modules/.pnpm/react-dom@19.2.3_react@19.2.3/node_modules/react-dom/cjs/react-dom-client.development.js:17641:22)
      at workLoopSync (node_modules/.pnpm/react-dom@19.2.3_react@19.2.3/node_modules/react-dom/cjs/react-dom-client.development.js:17469:41)
      at renderRootSync (node_modules/.pnpm/react-dom@19.2.3_react@19.2.3/node_modules/react-dom/cjs/react-dom-client.development.js:17450:11)
      at performWorkOnRoot (node_modules/.pnpm/react-dom@19.2.3_react@19.2.3/node_modules/react-dom/cjs/react-dom-client.development.js:16583:35)
      at performWorkOnRootViaSchedulerTask (node_modules/.pnpm/react-dom@19.2.3_react@19.2.3/node_modules/react-dom/cjs/react-dom-client.development.js:18957:7)
      at flushActQueue (node_modules/.pnpm/react@19.2.3/node_modules/react/cjs/react.development.js:590:34)
      at process.env.NODE_ENV.exports.act (node_modules/.pnpm/react@19.2.3/node_modules/react/cjs/react.development.js:884:10)
      at node_modules/.pnpm/@testing-library+react@16.3.1_@testing-library+dom@10.4.1_@types+react-dom@19.2.3_@type_68c5b21a70acecf0fbbfd97f51128017/node_modules/@testing-library/react/dist/act-compat.js:46:25
      at renderRoot (node_modules/.pnpm/@testing-library+react@16.3.1_@testing-library+dom@10.4.1_@types+react-dom@19.2.3_@type_68c5b21a70acecf0fbbfd97f51128017/node_modules/@testing-library/react/dist/pure.js:189:26)
      at render (node_modules/.pnpm/@testing-library+react@16.3.1_@testing-library+dom@10.4.1_@types+react-dom@19.2.3_@type_68c5b21a70acecf0fbbfd97f51128017/node_modules/@testing-library/react/dist/pure.js:291:10)
      at renderWithTheme (__tests__/pages/models.test.tsx:64:16)
      at Object.<anonymous> (__tests__/pages/models.test.tsx:121:5)

  ● ModelsPage › displays Stop button for running models

    TypeError: models.map is not a function

      196 |         {/* Models Grid */}
      197 |         <Grid container spacing={3}>
    > 198 |           {models.map((model) => (
          |                   ^
      199 |             <Grid key={model.id} size={{ xs: 12, sm: 6, md: 4, lg: 3 }}>
      200 |               <Card
      201 |                 sx={{

      at ModelsPage (app/models/page.tsx:198:19)
      at Object.react_stack_bottom_frame (node_modules/.pnpm/react-dom@19.2.3_react@19.2.3/node_modules/react-dom/cjs/react-dom-client.development.js:25904:20)
      at renderWithHooks (node_modules/.pnpm/react-dom@19.2.3_react@19.2.3/node_modules/react-dom/cjs/react-dom-client.development.js:7662:22)
      at updateFunctionComponent (node_modules/.pnpm/react-dom@19.2.3_react@19.2.3/node_modules/react-dom/cjs/react-dom-client.development.js:10166:19)
      at beginWork (node_modules/.pnpm/react-dom@19.2.3_react@19.2.3/node_modules/react-dom/cjs/react-dom-client.development.js:11778:18)
      at runWithFiberInDEV (node_modules/.pnpm/react-dom@19.2.3_react@19.2.3/node_modules/react-dom/cjs/react-dom-client.development.js:874:13)
      at performUnitOfWork (node_modules/.pnpm/react-dom@19.2.3_react@19.2.3/node_modules/react-dom/cjs/react-dom-client.development.js:17641:22)
      at workLoopSync (node_modules/.pnpm/react-dom@19.2.3_react@19.2.3/node_modules/react-dom/cjs/react-dom-client.development.js:17469:41)
      at renderRootSync (node_modules/.pnpm/react-dom@19.2.3_react@19.2.3/node_modules/react-dom/cjs/react-dom-client.development.js:17450:11)
      at performWorkOnRoot (node_modules/.pnpm/react-dom@19.2.3_react@19.2.3/node_modules/react-dom/cjs/react-dom-client.development.js:16583:35)
      at performWorkOnRootViaSchedulerTask (node_modules/.pnpm/react-dom@19.2.3_react@19.2.3/node_modules/react-dom/cjs/react-dom-client.development.js:18957:7)
      at flushActQueue (node_modules/.pnpm/react@19.2.3/node_modules/react/cjs/react.development.js:590:34)
      at process.env.NODE_ENV.exports.act (node_modules/.pnpm/react@19.2.3/node_modules/react/cjs/react.development.js:884:10)
      at node_modules/.pnpm/@testing-library+react@16.3.1_@testing-library+dom@10.4.1_@types+react-dom@19.2.3_@type_68c5b21a70acecf0fbbfd97f51128017/node_modules/@testing-library/react/dist/act-compat.js:46:25
      at renderRoot (node_modules/.pnpm/@testing-library+react@16.3.1_@testing-library+dom@10.4.1_@types+react-dom@19.2.3_@type_68c5b21a70acecf0fbbfd97f51128017/node_modules/@testing-library/react/dist/pure.js:189:26)
      at render (node_modules/.pnpm/@testing-library+react@16.3.1_@testing-library+dom@10.4.1_@types+react-dom@19.2.3_@type_68c5b21a70acecf0fbbfd97f51128017/node_modules/@testing-library/react/dist/pure.js:291:10)
      at renderWithTheme (__tests__/pages/models.test.tsx:64:16)
      at Object.<anonymous> (__tests__/pages/models.test.tsx:128:5)

  ● ModelsPage › disables Start/Stop button during loading

    TypeError: models.map is not a function

      196 |         {/* Models Grid */}
      197 |         <Grid container spacing={3}>
    > 198 |           {models.map((model) => (
          |                   ^
      199 |             <Grid key={model.id} size={{ xs: 12, sm: 6, md: 4, lg: 3 }}>
      200 |               <Card
      201 |                 sx={{

      at ModelsPage (app/models/page.tsx:198:19)
      at Object.react_stack_bottom_frame (node_modules/.pnpm/react-dom@19.2.3_react@19.2.3/node_modules/react-dom/cjs/react-dom-client.development.js:25904:20)
      at renderWithHooks (node_modules/.pnpm/react-dom@19.2.3_react@19.2.3/node_modules/react-dom/cjs/react-dom-client.development.js:7662:22)
      at updateFunctionComponent (node_modules/.pnpm/react-dom@19.2.3_react@19.2.3/node_modules/react-dom/cjs/react-dom-client.development.js:10166:19)
      at beginWork (node_modules/.pnpm/react-dom@19.2.3_react@19.2.3/node_modules/react-dom/cjs/react-dom-client.development.js:11778:18)
      at runWithFiberInDEV (node_modules/.pnpm/react-dom@19.2.3_react@19.2.3/node_modules/react-dom/cjs/react-dom-client.development.js:874:13)
      at performUnitOfWork (node_modules/.pnpm/react-dom@19.2.3_react@19.2.3/node_modules/react-dom/cjs/react-dom-client.development.js:17641:22)
      at workLoopSync (node_modules/.pnpm/react-dom@19.2.3_react@19.2.3/node_modules/react-dom/cjs/react-dom-client.development.js:17469:41)
      at renderRootSync (node_modules/.pnpm/react-dom@19.2.3_react@19.2.3/node_modules/react-dom/cjs/react-dom-client.development.js:17450:11)
      at performWorkOnRoot (node_modules/.pnpm/react-dom@19.2.3_react@19.2.3/node_modules/react-dom/cjs/react-dom-client.development.js:16583:35)
      at performWorkOnRootViaSchedulerTask (node_modules/.pnpm/react-dom@19.2.3_react@19.2.3/node_modules/react-dom/cjs/react-dom-client.development.js:18957:7)
      at flushActQueue (node_modules/.pnpm/react@19.2.3/node_modules/react/cjs/react.development.js:590:34)
      at process.env.NODE_ENV.exports.act (node_modules/.pnpm/react@19.2.3/node_modules/react/cjs/react.development.js:884:10)
      at node_modules/.pnpm/@testing-library+react@16.3.1_@testing-library+dom@10.4.1_@types+react-dom@19.2.3_@type_68c5b21a70acecf0fbbfd97f51128017/node_modules/@testing-library/react/dist/act-compat.js:46:25
      at renderRoot (node_modules/.pnpm/@testing-library+react@16.3.1_@testing-library+dom@10.4.1_@types+react-dom@19.2.3_@type_68c5b21a70acecf0fbbfd97f51128017/node_modules/@testing-library/react/dist/pure.js:189:26)
      at render (node_modules/.pnpm/@testing-library+react@16.3.1_@testing-library+dom@10.4.1_@types+react-dom@19.2.3_@type_68c5b21a70acecf0fbbfd97f51128017/node_modules/@testing-library/react/dist/pure.js:291:10)
      at renderWithTheme (__tests__/pages/models.test.tsx:64:16)
      at Object.<anonymous> (__tests__/pages/models.test.tsx:135:5)

  ● ModelsPage › displays Add Model button

    TypeError: models.map is not a function

      196 |         {/* Models Grid */}
      197 |         <Grid container spacing={3}>
    > 198 |           {models.map((model) => (
          |                   ^
      199 |             <Grid key={model.id} size={{ xs: 12, sm: 6, md: 4, lg: 3 }}>
      200 |               <Card
      201 |                 sx={{

      at ModelsPage (app/models/page.tsx:198:19)
      at Object.react_stack_bottom_frame (node_modules/.pnpm/react-dom@19.2.3_react@19.2.3/node_modules/react-dom/cjs/react-dom-client.development.js:25904:20)
      at renderWithHooks (node_modules/.pnpm/react-dom@19.2.3_react@19.2.3/node_modules/react-dom/cjs/react-dom-client.development.js:7662:22)
      at updateFunctionComponent (node_modules/.pnpm/react-dom@19.2.3_react@19.2.3/node_modules/react-dom/cjs/react-dom-client.development.js:10166:19)
      at beginWork (node_modules/.pnpm/react-dom@19.2.3_react@19.2.3/node_modules/react-dom/cjs/react-dom-client.development.js:11778:18)
      at runWithFiberInDEV (node_modules/.pnpm/react-dom@19.2.3_react@19.2.3/node_modules/react-dom/cjs/react-dom-client.development.js:874:13)
      at performUnitOfWork (node_modules/.pnpm/react-dom@19.2.3_react@19.2.3/node_modules/react-dom/cjs/react-dom-client.development.js:17641:22)
      at workLoopSync (node_modules/.pnpm/react-dom@19.2.3_react@19.2.3/node_modules/react-dom/cjs/react-dom-client.development.js:17469:41)
      at renderRootSync (node_modules/.pnpm/react-dom@19.2.3_react@19.2.3/node_modules/react-dom/cjs/react-dom-client.development.js:17450:11)
      at performWorkOnRoot (node_modules/.pnpm/react-dom@19.2.3_react@19.2.3/node_modules/react-dom/cjs/react-dom-client.development.js:16583:35)
      at performWorkOnRootViaSchedulerTask (node_modules/.pnpm/react-dom@19.2.3_react@19.2.3/node_modules/react-dom/cjs/react-dom-client.development.js:18957:7)
      at flushActQueue (node_modules/.pnpm/react@19.2.3/node_modules/react/cjs/react.development.js:590:34)
      at process.env.NODE_ENV.exports.act (node_modules/.pnpm/react@19.2.3/node_modules/react/cjs/react.development.js:884:10)
      at node_modules/.pnpm/@testing-library+react@16.3.1_@testing-library+dom@10.4.1_@types+react-dom@19.2.3_@type_68c5b21a70acecf0fbbfd97f51128017/node_modules/@testing-library/react/dist/act-compat.js:46:25
      at renderRoot (node_modules/.pnpm/@testing-library+react@16.3.1_@testing-library+dom@10.4.1_@types+react-dom@19.2.3_@type_68c5b21a70acecf0fbbfd97f51128017/node_modules/@testing-library/react/dist/pure.js:189:26)
      at render (node_modules/.pnpm/@testing-library+react@16.3.1_@testing-library+dom@10.4.1_@types+react-dom@19.2.3_@type_68c5b21a70acecf0fbbfd97f51128017/node_modules/@testing-library/react/dist/pure.js:291:10)
      at renderWithTheme (__tests__/pages/models.test.tsx:64:16)
      at Object.<anonymous> (__tests__/pages/models.test.tsx:145:5)

  ● ModelsPage › displays refresh button

    TypeError: models.map is not a function

      196 |         {/* Models Grid */}
      197 |         <Grid container spacing={3}>
    > 198 |           {models.map((model) => (
          |                   ^
      199 |             <Grid key={model.id} size={{ xs: 12, sm: 6, md: 4, lg: 3 }}>
      200 |               <Card
      201 |                 sx={{

      at ModelsPage (app/models/page.tsx:198:19)
      at Object.react_stack_bottom_frame (node_modules/.pnpm/react-dom@19.2.3_react@19.2.3/node_modules/react-dom/cjs/react-dom-client.development.js:25904:20)
      at renderWithHooks (node_modules/.pnpm/react-dom@19.2.3_react@19.2.3/node_modules/react-dom/cjs/react-dom-client.development.js:7662:22)
      at updateFunctionComponent (node_modules/.pnpm/react-dom@19.2.3_react@19.2.3/node_modules/react-dom/cjs/react-dom-client.development.js:10166:19)
      at beginWork (node_modules/.pnpm/react-dom@19.2.3_react@19.2.3/node_modules/react-dom/cjs/react-dom-client.development.js:11778:18)
      at runWithFiberInDEV (node_modules/.pnpm/react-dom@19.2.3_react@19.2.3/node_modules/react-dom/cjs/react-dom-client.development.js:874:13)
      at performUnitOfWork (node_modules/.pnpm/react-dom@19.2.3_react@19.2.3/node_modules/react-dom/cjs/react-dom-client.development.js:17641:22)
      at workLoopSync (node_modules/.pnpm/react-dom@19.2.3_react@19.2.3/node_modules/react-dom/cjs/react-dom-client.development.js:17469:41)
      at renderRootSync (node_modules/.pnpm/react-dom@19.2.3_react@19.2.3/node_modules/react-dom/cjs/react-dom-client.development.js:17450:11)
      at performWorkOnRoot (node_modules/.pnpm/react-dom@19.2.3_react@19.2.3/node_modules/react-dom/cjs/react-dom-client.development.js:16583:35)
      at performWorkOnRootViaSchedulerTask (node_modules/.pnpm/react-dom@19.2.3_react@19.2.3/node_modules/react-dom/cjs/react-dom-client.development.js:18957:7)
      at flushActQueue (node_modules/.pnpm/react@19.2.3/node_modules/react/cjs/react.development.js:590:34)
      at process.env.NODE_ENV.exports.act (node_modules/.pnpm/react@19.2.3/node_modules/react/cjs/react.development.js:884:10)
      at node_modules/.pnpm/@testing-library+react@16.3.1_@testing-library+dom@10.4.1_@types+react-dom@19.2.3_@type_68c5b21a70acecf0fbbfd97f51128017/node_modules/@testing-library/react/dist/act-compat.js:46:25
      at renderRoot (node_modules/.pnpm/@testing-library+react@16.3.1_@testing-library+dom@10.4.1_@types+react-dom@19.2.3_@type_68c5b21a70acecf0fbbfd97f51128017/node_modules/@testing-library/react/dist/pure.js:189:26)
      at render (node_modules/.pnpm/@testing-library+react@16.3.1_@testing-library+dom@10.4.1_@types+react-dom@19.2.3_@type_68c5b21a70acecf0fbbfd97f51128017/node_modules/@testing-library/react/dist/pure.js:291:10)
      at renderWithTheme (__tests__/pages/models.test.tsx:64:16)
      at Object.<anonymous> (__tests__/pages/models.test.tsx:151:5)

  ● ModelsPage › displays empty state when no models

    TypeError: models.map is not a function

      196 |         {/* Models Grid */}
      197 |         <Grid container spacing={3}>
    > 198 |           {models.map((model) => (
          |                   ^
      199 |             <Grid key={model.id} size={{ xs: 12, sm: 6, md: 4, lg: 3 }}>
      200 |               <Card
      201 |                 sx={{

      at ModelsPage (app/models/page.tsx:198:19)
      at Object.react_stack_bottom_frame (node_modules/.pnpm/react-dom@19.2.3_react@19.2.3/node_modules/react-dom/cjs/react-dom-client.development.js:25904:20)
      at renderWithHooks (node_modules/.pnpm/react-dom@19.2.3_react@19.2.3/node_modules/react-dom/cjs/react-dom-client.development.js:7662:22)
      at updateFunctionComponent (node_modules/.pnpm/react-dom@19.2.3_react@19.2.3/node_modules/react-dom/cjs/react-dom-client.development.js:10166:19)
      at beginWork (node_modules/.pnpm/react-dom@19.2.3_react@19.2.3/node_modules/react-dom/cjs/react-dom-client.development.js:11778:18)
      at runWithFiberInDEV (node_modules/.pnpm/react-dom@19.2.3_react@19.2.3/node_modules/react-dom/cjs/react-dom-client.development.js:874:13)
      at performUnitOfWork (node_modules/.pnpm/react-dom@19.2.3_react@19.2.3/node_modules/react-dom/cjs/react-dom-client.development.js:17641:22)
      at workLoopSync (node_modules/.pnpm/react-dom@19.2.3_react@19.2.3/node_modules/react-dom/cjs/react-dom-client.development.js:17469:41)
      at renderRootSync (node_modules/.pnpm/react-dom@19.2.3_react@19.2.3/node_modules/react-dom/cjs/react-dom-client.development.js:17450:11)
      at performWorkOnRoot (node_modules/.pnpm/react-dom@19.2.3_react@19.2.3/node_modules/react-dom/cjs/react-dom-client.development.js:16583:35)
      at performWorkOnRootViaSchedulerTask (node_modules/.pnpm/react-dom@19.2.3_react@19.2.3/node_modules/react-dom/cjs/react-dom-client.development.js:18957:7)
      at flushActQueue (node_modules/.pnpm/react@19.2.3/node_modules/react/cjs/react.development.js:590:34)
      at process.env.NODE_ENV.exports.act (node_modules/.pnpm/react@19.2.3/node_modules/react/cjs/react.development.js:884:10)
      at node_modules/.pnpm/@testing-library+react@16.3.1_@testing-library+dom@10.4.1_@types+react-dom@19.2.3_@type_68c5b21a70acecf0fbbfd97f51128017/node_modules/@testing-library/react/dist/act-compat.js:46:25
      at renderRoot (node_modules/.pnpm/@testing-library+react@16.3.1_@testing-library+dom@10.4.1_@types+react-dom@19.2.3_@type_68c5b21a70acecf0fbbfd97f51128017/node_modules/@testing-library/react/dist/pure.js:189:26)
      at render (node_modules/.pnpm/@testing-library+react@16.3.1_@testing-library+dom@10.4.1_@types+react-dom@19.2.3_@type_68c5b21a70acecf0fbbfd97f51128017/node_modules/@testing-library/react/dist/pure.js:291:10)
      at renderWithTheme (__tests__/pages/models.test.tsx:64:16)
      at Object.<anonymous> (__tests__/pages/models.test.tsx:164:5)

  ● ModelsPage › displays Add Model button in empty state

    TypeError: models.map is not a function

      196 |         {/* Models Grid */}
      197 |         <Grid container spacing={3}>
    > 198 |           {models.map((model) => (
          |                   ^
      199 |             <Grid key={model.id} size={{ xs: 12, sm: 6, md: 4, lg: 3 }}>
      200 |               <Card
      201 |                 sx={{

      at ModelsPage (app/models/page.tsx:198:19)
      at Object.react_stack_bottom_frame (node_modules/.pnpm/react-dom@19.2.3_react@19.2.3/node_modules/react-dom/cjs/react-dom-client.development.js:25904:20)
      at renderWithHooks (node_modules/.pnpm/react-dom@19.2.3_react@19.2.3/node_modules/react-dom/cjs/react-dom-client.development.js:7662:22)
      at updateFunctionComponent (node_modules/.pnpm/react-dom@19.2.3_react@19.2.3/node_modules/react-dom/cjs/react-dom-client.development.js:10166:19)
      at beginWork (node_modules/.pnpm/react-dom@19.2.3_react@19.2.3/node_modules/react-dom/cjs/react-dom-client.development.js:11778:18)
      at runWithFiberInDEV (node_modules/.pnpm/react-dom@19.2.3_react@19.2.3/node_modules/react-dom/cjs/react-dom-client.development.js:874:13)
      at performUnitOfWork (node_modules/.pnpm/react-dom@19.2.3_react@19.2.3/node_modules/react-dom/cjs/react-dom-client.development.js:17641:22)
      at workLoopSync (node_modules/.pnpm/react-dom@19.2.3_react@19.2.3/node_modules/react-dom/cjs/react-dom-client.development.js:17469:41)
      at renderRootSync (node_modules/.pnpm/react-dom@19.2.3_react@19.2.3/node_modules/react-dom/cjs/react-dom-client.development.js:17450:11)
      at performWorkOnRoot (node_modules/.pnpm/react-dom@19.2.3_react@19.2.3/node_modules/react-dom/cjs/react-dom-client.development.js:16583:35)
      at performWorkOnRootViaSchedulerTask (node_modules/.pnpm/react-dom@19.2.3_react@19.2.3/node_modules/react-dom/cjs/react-dom-client.development.js:18957:7)
      at flushActQueue (node_modules/.pnpm/react@19.2.3/node_modules/react/cjs/react.development.js:590:34)
      at process.env.NODE_ENV.exports.act (node_modules/.pnpm/react@19.2.3/node_modules/react/cjs/react.development.js:884:10)
      at node_modules/.pnpm/@testing-library+react@16.3.1_@testing-library+dom@10.4.1_@types+react-dom@19.2.3_@type_68c5b21a70acecf0fbbfd97f51128017/node_modules/@testing-library/react/dist/act-compat.js:46:25
      at renderRoot (node_modules/.pnpm/@testing-library+react@16.3.1_@testing-library+dom@10.4.1_@types+react-dom@19.2.3_@type_68c5b21a70acecf0fbbfd97f51128017/node_modules/@testing-library/react/dist/pure.js:189:26)
      at render (node_modules/.pnpm/@testing-library+react@16.3.1_@testing-library+dom@10.4.1_@types+react-dom@19.2.3_@type_68c5b21a70acecf0fbbfd97f51128017/node_modules/@testing-library/react/dist/pure.js:291:10)
      at renderWithTheme (__tests__/pages/models.test.tsx:64:16)
      at Object.<anonymous> (__tests__/pages/models.test.tsx:177:5)

  ● ModelsPage › handles start model click

    TypeError: models.map is not a function

      196 |         {/* Models Grid */}
      197 |         <Grid container spacing={3}>
    > 198 |           {models.map((model) => (
          |                   ^
      199 |             <Grid key={model.id} size={{ xs: 12, sm: 6, md: 4, lg: 3 }}>
      200 |               <Card
      201 |                 sx={{

      at ModelsPage (app/models/page.tsx:198:19)
      at Object.react_stack_bottom_frame (node_modules/.pnpm/react-dom@19.2.3_react@19.2.3/node_modules/react-dom/cjs/react-dom-client.development.js:25904:20)
      at renderWithHooks (node_modules/.pnpm/react-dom@19.2.3_react@19.2.3/node_modules/react-dom/cjs/react-dom-client.development.js:7662:22)
      at updateFunctionComponent (node_modules/.pnpm/react-dom@19.2.3_react@19.2.3/node_modules/react-dom/cjs/react-dom-client.development.js:10166:19)
      at beginWork (node_modules/.pnpm/react-dom@19.2.3_react@19.2.3/node_modules/react-dom/cjs/react-dom-client.development.js:11778:18)
      at runWithFiberInDEV (node_modules/.pnpm/react-dom@19.2.3_react@19.2.3/node_modules/react-dom/cjs/react-dom-client.development.js:874:13)
      at performUnitOfWork (node_modules/.pnpm/react-dom@19.2.3_react@19.2.3/node_modules/react-dom/cjs/react-dom-client.development.js:17641:22)
      at workLoopSync (node_modules/.pnpm/react-dom@19.2.3_react@19.2.3/node_modules/react-dom/cjs/react-dom-client.development.js:17469:41)
      at renderRootSync (node_modules/.pnpm/react-dom@19.2.3_react@19.2.3/node_modules/react-dom/cjs/react-dom-client.development.js:17450:11)
      at performWorkOnRoot (node_modules/.pnpm/react-dom@19.2.3_react@19.2.3/node_modules/react-dom/cjs/react-dom-client.development.js:16583:35)
      at performWorkOnRootViaSchedulerTask (node_modules/.pnpm/react-dom@19.2.3_react@19.2.3/node_modules/react-dom/cjs/react-dom-client.development.js:18957:7)
      at flushActQueue (node_modules/.pnpm/react@19.2.3/node_modules/react/cjs/react.development.js:590:34)
      at process.env.NODE_ENV.exports.act (node_modules/.pnpm/react@19.2.3/node_modules/react/cjs/react.development.js:884:10)
      at node_modules/.pnpm/@testing-library+react@16.3.1_@testing-library+dom@10.4.1_@types+react-dom@19.2.3_@type_68c5b21a70acecf0fbbfd97f51128017/node_modules/@testing-library/react/dist/act-compat.js:46:25
      at renderRoot (node_modules/.pnpm/@testing-library+react@16.3.1_@testing-library+dom@10.4.1_@types+react-dom@19.2.3_@type_68c5b21a70acecf0fbbfd97f51128017/node_modules/@testing-library/react/dist/pure.js:189:26)
      at render (node_modules/.pnpm/@testing-library+react@16.3.1_@testing-library+dom@10.4.1_@types+react-dom@19.2.3_@type_68c5b21a70acecf0fbbfd97f51128017/node_modules/@testing-library/react/dist/pure.js:291:10)
      at renderWithTheme (__tests__/pages/models.test.tsx:64:16)
      at Object.<anonymous> (__tests__/pages/models.test.tsx:204:5)

  ● ModelsPage › handles stop model click

    TypeError: models.map is not a function

      196 |         {/* Models Grid */}
      197 |         <Grid container spacing={3}>
    > 198 |           {models.map((model) => (
          |                   ^
      199 |             <Grid key={model.id} size={{ xs: 12, sm: 6, md: 4, lg: 3 }}>
      200 |               <Card
      201 |                 sx={{

      at ModelsPage (app/models/page.tsx:198:19)
      at Object.react_stack_bottom_frame (node_modules/.pnpm/react-dom@19.2.3_react@19.2.3/node_modules/react-dom/cjs/react-dom-client.development.js:25904:20)
      at renderWithHooks (node_modules/.pnpm/react-dom@19.2.3_react@19.2.3/node_modules/react-dom/cjs/react-dom-client.development.js:7662:22)
      at updateFunctionComponent (node_modules/.pnpm/react-dom@19.2.3_react@19.2.3/node_modules/react-dom/cjs/react-dom-client.development.js:10166:19)
      at beginWork (node_modules/.pnpm/react-dom@19.2.3_react@19.2.3/node_modules/react-dom/cjs/react-dom-client.development.js:11778:18)
      at runWithFiberInDEV (node_modules/.pnpm/react-dom@19.2.3_react@19.2.3/node_modules/react-dom/cjs/react-dom-client.development.js:874:13)
      at performUnitOfWork (node_modules/.pnpm/react-dom@19.2.3_react@19.2.3/node_modules/react-dom/cjs/react-dom-client.development.js:17641:22)
      at workLoopSync (node_modules/.pnpm/react-dom@19.2.3_react@19.2.3/node_modules/react-dom/cjs/react-dom-client.development.js:17469:41)
      at renderRootSync (node_modules/.pnpm/react-dom@19.2.3_react@19.2.3/node_modules/react-dom/cjs/react-dom-client.development.js:17450:11)
      at performWorkOnRoot (node_modules/.pnpm/react-dom@19.2.3_react@19.2.3/node_modules/react-dom/cjs/react-dom-client.development.js:16583:35)
      at performWorkOnRootViaSchedulerTask (node_modules/.pnpm/react-dom@19.2.3_react@19.2.3/node_modules/react-dom/cjs/react-dom-client.development.js:18957:7)
      at flushActQueue (node_modules/.pnpm/react@19.2.3/node_modules/react/cjs/react.development.js:590:34)
      at process.env.NODE_ENV.exports.act (node_modules/.pnpm/react@19.2.3/node_modules/react/cjs/react.development.js:884:10)
      at node_modules/.pnpm/@testing-library+react@16.3.1_@testing-library+dom@10.4.1_@types+react-dom@19.2.3_@type_68c5b21a70acecf0fbbfd97f51128017/node_modules/@testing-library/react/dist/act-compat.js:46:25
      at renderRoot (node_modules/.pnpm/@testing-library+react@16.3.1_@testing-library+dom@10.4.1_@types+react-dom@19.2.3_@type_68c5b21a70acecf0fbbfd97f51128017/node_modules/@testing-library/react/dist/pure.js:189:26)
      at render (node_modules/.pnpm/@testing-library+react@16.3.1_@testing-library+dom@10.4.1_@types+react-dom@19.2.3_@type_68c5b21a70acecf0fbbfd97f51128017/node_modules/@testing-library/react/dist/pure.js:291:10)
      at renderWithTheme (__tests__/pages/models.test.tsx:64:16)
      at Object.<anonymous> (__tests__/pages/models.test.tsx:236:5)

  ● ModelsPage › handles start model error

    TypeError: models.map is not a function

      196 |         {/* Models Grid */}
      197 |         <Grid container spacing={3}>
    > 198 |           {models.map((model) => (
          |                   ^
      199 |             <Grid key={model.id} size={{ xs: 12, sm: 6, md: 4, lg: 3 }}>
      200 |               <Card
      201 |                 sx={{

      at ModelsPage (app/models/page.tsx:198:19)
      at Object.react_stack_bottom_frame (node_modules/.pnpm/react-dom@19.2.3_react@19.2.3/node_modules/react-dom/cjs/react-dom-client.development.js:25904:20)
      at renderWithHooks (node_modules/.pnpm/react-dom@19.2.3_react@19.2.3/node_modules/react-dom/cjs/react-dom-client.development.js:7662:22)
      at updateFunctionComponent (node_modules/.pnpm/react-dom@19.2.3_react@19.2.3/node_modules/react-dom/cjs/react-dom-client.development.js:10166:19)
      at beginWork (node_modules/.pnpm/react-dom@19.2.3_react@19.2.3/node_modules/react-dom/cjs/react-dom-client.development.js:11778:18)
      at runWithFiberInDEV (node_modules/.pnpm/react-dom@19.2.3_react@19.2.3/node_modules/react-dom/cjs/react-dom-client.development.js:874:13)
      at performUnitOfWork (node_modules/.pnpm/react-dom@19.2.3_react@19.2.3/node_modules/react-dom/cjs/react-dom-client.development.js:17641:22)
      at workLoopSync (node_modules/.pnpm/react-dom@19.2.3_react@19.2.3/node_modules/react-dom/cjs/react-dom-client.development.js:17469:41)
      at renderRootSync (node_modules/.pnpm/react-dom@19.2.3_react@19.2.3/node_modules/react-dom/cjs/react-dom-client.development.js:17450:11)
      at performWorkOnRoot (node_modules/.pnpm/react-dom@19.2.3_react@19.2.3/node_modules/react-dom/cjs/react-dom-client.development.js:16583:35)
      at performWorkOnRootViaSchedulerTask (node_modules/.pnpm/react-dom@19.2.3_react@19.2.3/node_modules/react-dom/cjs/react-dom-client.development.js:18957:7)
      at flushActQueue (node_modules/.pnpm/react@19.2.3/node_modules/react/cjs/react.development.js:590:34)
      at process.env.NODE_ENV.exports.act (node_modules/.pnpm/react@19.2.3/node_modules/react/cjs/react.development.js:884:10)
      at node_modules/.pnpm/@testing-library+react@16.3.1_@testing-library+dom@10.4.1_@types+react-dom@19.2.3_@type_68c5b21a70acecf0fbbfd97f51128017/node_modules/@testing-library/react/dist/act-compat.js:46:25
      at renderRoot (node_modules/.pnpm/@testing-library+react@16.3.1_@testing-library+dom@10.4.1_@types+react-dom@19.2.3_@type_68c5b21a70acecf0fbbfd97f51128017/node_modules/@testing-library/react/dist/pure.js:189:26)
      at render (node_modules/.pnpm/@testing-library+react@16.3.1_@testing-library+dom@10.4.1_@types+react-dom@19.2.3_@type_68c5b21a70acecf0fbbfd97f51128017/node_modules/@testing-library/react/dist/pure.js:291:10)
      at renderWithTheme (__tests__/pages/models.test.tsx:64:16)
      at Object.<anonymous> (__tests__/pages/models.test.tsx:265:5)

  ● ModelsPage › handles stop model error

    TypeError: models.map is not a function

      196 |         {/* Models Grid */}
      197 |         <Grid container spacing={3}>
    > 198 |           {models.map((model) => (
          |                   ^
      199 |             <Grid key={model.id} size={{ xs: 12, sm: 6, md: 4, lg: 3 }}>
      200 |               <Card
      201 |                 sx={{

      at ModelsPage (app/models/page.tsx:198:19)
      at Object.react_stack_bottom_frame (node_modules/.pnpm/react-dom@19.2.3_react@19.2.3/node_modules/react-dom/cjs/react-dom-client.development.js:25904:20)
      at renderWithHooks (node_modules/.pnpm/react-dom@19.2.3_react@19.2.3/node_modules/react-dom/cjs/react-dom-client.development.js:7662:22)
      at updateFunctionComponent (node_modules/.pnpm/react-dom@19.2.3_react@19.2.3/node_modules/react-dom/cjs/react-dom-client.development.js:10166:19)
      at beginWork (node_modules/.pnpm/react-dom@19.2.3_react@19.2.3/node_modules/react-dom/cjs/react-dom-client.development.js:11778:18)
      at runWithFiberInDEV (node_modules/.pnpm/react-dom@19.2.3_react@19.2.3/node_modules/react-dom/cjs/react-dom-client.development.js:874:13)
      at performUnitOfWork (node_modules/.pnpm/react-dom@19.2.3_react@19.2.3/node_modules/react-dom/cjs/react-dom-client.development.js:17641:22)
      at workLoopSync (node_modules/.pnpm/react-dom@19.2.3_react@19.2.3/node_modules/react-dom/cjs/react-dom-client.development.js:17469:41)
      at renderRootSync (node_modules/.pnpm/react-dom@19.2.3_react@19.2.3/node_modules/react-dom/cjs/react-dom-client.development.js:17450:11)
      at performWorkOnRoot (node_modules/.pnpm/react-dom@19.2.3_react@19.2.3/node_modules/react-dom/cjs/react-dom-client.development.js:16583:35)
      at performWorkOnRootViaSchedulerTask (node_modules/.pnpm/react-dom@19.2.3_react@19.2.3/node_modules/react-dom/cjs/react-dom-client.development.js:18957:7)
      at flushActQueue (node_modules/.pnpm/react@19.2.3/node_modules/react/cjs/react.development.js:590:34)
      at process.env.NODE_ENV.exports.act (node_modules/.pnpm/react@19.2.3/node_modules/react/cjs/react.development.js:884:10)
      at node_modules/.pnpm/@testing-library+react@16.3.1_@testing-library+dom@10.4.1_@types+react-dom@19.2.3_@type_68c5b21a70acecf0fbbfd97f51128017/node_modules/@testing-library/react/dist/act-compat.js:46:25
      at renderRoot (node_modules/.pnpm/@testing-library+react@16.3.1_@testing-library+dom@10.4.1_@types+react-dom@19.2.3_@type_68c5b21a70acecf0fbbfd97f51128017/node_modules/@testing-library/react/dist/pure.js:189:26)
      at render (node_modules/.pnpm/@testing-library+react@16.3.1_@testing-library+dom@10.4.1_@types+react-dom@19.2.3_@type_68c5b21a70acecf0fbbfd97f51128017/node_modules/@testing-library/react/dist/pure.js:291:10)
      at renderWithTheme (__tests__/pages/models.test.tsx:64:16)
      at Object.<anonymous> (__tests__/pages/models.test.tsx:294:5)

  ● ModelsPage › displays error message

    TypeError: models.map is not a function

      196 |         {/* Models Grid */}
      197 |         <Grid container spacing={3}>
    > 198 |           {models.map((model) => (
          |                   ^
      199 |             <Grid key={model.id} size={{ xs: 12, sm: 6, md: 4, lg: 3 }}>
      200 |               <Card
      201 |                 sx={{

      at ModelsPage (app/models/page.tsx:198:19)
      at Object.react_stack_bottom_frame (node_modules/.pnpm/react-dom@19.2.3_react@19.2.3/node_modules/react-dom/cjs/react-dom-client.development.js:25904:20)
      at renderWithHooks (node_modules/.pnpm/react-dom@19.2.3_react@19.2.3/node_modules/react-dom/cjs/react-dom-client.development.js:7662:22)
      at updateFunctionComponent (node_modules/.pnpm/react-dom@19.2.3_react@19.2.3/node_modules/react-dom/cjs/react-dom-client.development.js:10166:19)
      at beginWork (node_modules/.pnpm/react-dom@19.2.3_react@19.2.3/node_modules/react-dom/cjs/react-dom-client.development.js:11778:18)
      at runWithFiberInDEV (node_modules/.pnpm/react-dom@19.2.3_react@19.2.3/node_modules/react-dom/cjs/react-dom-client.development.js:874:13)
      at performUnitOfWork (node_modules/.pnpm/react-dom@19.2.3_react@19.2.3/node_modules/react-dom/cjs/react-dom-client.development.js:17641:22)
      at workLoopSync (node_modules/.pnpm/react-dom@19.2.3_react@19.2.3/node_modules/react-dom/cjs/react-dom-client.development.js:17469:41)
      at renderRootSync (node_modules/.pnpm/react-dom@19.2.3_react@19.2.3/node_modules/react-dom/cjs/react-dom-client.development.js:17450:11)
      at performWorkOnRoot (node_modules/.pnpm/react-dom@19.2.3_react@19.2.3/node_modules/react-dom/cjs/react-dom-client.development.js:16583:35)
      at performWorkOnRootViaSchedulerTask (node_modules/.pnpm/react-dom@19.2.3_react@19.2.3/node_modules/react-dom/cjs/react-dom-client.development.js:18957:7)
      at flushActQueue (node_modules/.pnpm/react@19.2.3/node_modules/react/cjs/react.development.js:590:34)
      at process.env.NODE_ENV.exports.act (node_modules/.pnpm/react@19.2.3/node_modules/react/cjs/react.development.js:884:10)
      at node_modules/.pnpm/@testing-library+react@16.3.1_@testing-library+dom@10.4.1_@types+react-dom@19.2.3_@type_68c5b21a70acecf0fbbfd97f51128017/node_modules/@testing-library/react/dist/act-compat.js:46:25
      at renderRoot (node_modules/.pnpm/@testing-library+react@16.3.1_@testing-library+dom@10.4.1_@types+react-dom@19.2.3_@type_68c5b21a70acecf0fbbfd97f51128017/node_modules/@testing-library/react/dist/pure.js:189:26)
      at render (node_modules/.pnpm/@testing-library+react@16.3.1_@testing-library+dom@10.4.1_@types+react-dom@19.2.3_@type_68c5b21a70acecf0fbbfd97f51128017/node_modules/@testing-library/react/dist/pure.js:291:10)
      at Object.<anonymous> (__tests__/pages/models.test.tsx:312:11)

  ● ModelsPage › clears error on new action

    TypeError: models.map is not a function

      196 |         {/* Models Grid */}
      197 |         <Grid container spacing={3}>
    > 198 |           {models.map((model) => (
          |                   ^
      199 |             <Grid key={model.id} size={{ xs: 12, sm: 6, md: 4, lg: 3 }}>
      200 |               <Card
      201 |                 sx={{

      at ModelsPage (app/models/page.tsx:198:19)
      at Object.react_stack_bottom_frame (node_modules/.pnpm/react-dom@19.2.3_react@19.2.3/node_modules/react-dom/cjs/react-dom-client.development.js:25904:20)
      at renderWithHooks (node_modules/.pnpm/react-dom@19.2.3_react@19.2.3/node_modules/react-dom/cjs/react-dom-client.development.js:7662:22)
      at updateFunctionComponent (node_modules/.pnpm/react-dom@19.2.3_react@19.2.3/node_modules/react-dom/cjs/react-dom-client.development.js:10166:19)
      at beginWork (node_modules/.pnpm/react-dom@19.2.3_react@19.2.3/node_modules/react-dom/cjs/react-dom-client.development.js:11778:18)
      at runWithFiberInDEV (node_modules/.pnpm/react-dom@19.2.3_react@19.2.3/node_modules/react-dom/cjs/react-dom-client.development.js:874:13)
      at performUnitOfWork (node_modules/.pnpm/react-dom@19.2.3_react@19.2.3/node_modules/react-dom/cjs/react-dom-client.development.js:17641:22)
      at workLoopSync (node_modules/.pnpm/react-dom@19.2.3_react@19.2.3/node_modules/react-dom/cjs/react-dom-client.development.js:17469:41)
      at renderRootSync (node_modules/.pnpm/react-dom@19.2.3_react@19.2.3/node_modules/react-dom/cjs/react-dom-client.development.js:17450:11)
      at performWorkOnRoot (node_modules/.pnpm/react-dom@19.2.3_react@19.2.3/node_modules/react-dom/cjs/react-dom-client.development.js:16583:35)
      at performWorkOnRootViaSchedulerTask (node_modules/.pnpm/react-dom@19.2.3_react@19.2.3/node_modules/react-dom/cjs/react-dom-client.development.js:18957:7)
      at flushActQueue (node_modules/.pnpm/react@19.2.3/node_modules/react/cjs/react.development.js:590:34)
      at process.env.NODE_ENV.exports.act (node_modules/.pnpm/react@19.2.3/node_modules/react/cjs/react.development.js:884:10)
      at node_modules/.pnpm/@testing-library+react@16.3.1_@testing-library+dom@10.4.1_@types+react-dom@19.2.3_@type_68c5b21a70acecf0fbbfd97f51128017/node_modules/@testing-library/react/dist/act-compat.js:46:25
      at renderRoot (node_modules/.pnpm/@testing-library+react@16.3.1_@testing-library+dom@10.4.1_@types+react-dom@19.2.3_@type_68c5b21a70acecf0fbbfd97f51128017/node_modules/@testing-library/react/dist/pure.js:189:26)
      at render (node_modules/.pnpm/@testing-library+react@16.3.1_@testing-library+dom@10.4.1_@types+react-dom@19.2.3_@type_68c5b21a70acecf0fbbfd97f51128017/node_modules/@testing-library/react/dist/pure.js:291:10)
      at renderWithTheme (__tests__/pages/models.test.tsx:64:16)
      at Object.<anonymous> (__tests__/pages/models.test.tsx:343:5)

  ● ModelsPage › handles model not found error

    TypeError: models.map is not a function

      196 |         {/* Models Grid */}
      197 |         <Grid container spacing={3}>
    > 198 |           {models.map((model) => (
          |                   ^
      199 |             <Grid key={model.id} size={{ xs: 12, sm: 6, md: 4, lg: 3 }}>
      200 |               <Card
      201 |                 sx={{

      at ModelsPage (app/models/page.tsx:198:19)
      at Object.react_stack_bottom_frame (node_modules/.pnpm/react-dom@19.2.3_react@19.2.3/node_modules/react-dom/cjs/react-dom-client.development.js:25904:20)
      at renderWithHooks (node_modules/.pnpm/react-dom@19.2.3_react@19.2.3/node_modules/react-dom/cjs/react-dom-client.development.js:7662:22)
      at updateFunctionComponent (node_modules/.pnpm/react-dom@19.2.3_react@19.2.3/node_modules/react-dom/cjs/react-dom-client.development.js:10166:19)
      at beginWork (node_modules/.pnpm/react-dom@19.2.3_react@19.2.3/node_modules/react-dom/cjs/react-dom-client.development.js:11778:18)
      at runWithFiberInDEV (node_modules/.pnpm/react-dom@19.2.3_react@19.2.3/node_modules/react-dom/cjs/react-dom-client.development.js:874:13)
      at performUnitOfWork (node_modules/.pnpm/react-dom@19.2.3_react@19.2.3/node_modules/react-dom/cjs/react-dom-client.development.js:17641:22)
      at workLoopSync (node_modules/.pnpm/react-dom@19.2.3_react@19.2.3/node_modules/react-dom/cjs/react-dom-client.development.js:17469:41)
      at renderRootSync (node_modules/.pnpm/react-dom@19.2.3_react@19.2.3/node_modules/react-dom/cjs/react-dom-client.development.js:17450:11)
      at performWorkOnRoot (node_modules/.pnpm/react-dom@19.2.3_react@19.2.3/node_modules/react-dom/cjs/react-dom-client.development.js:16583:35)
      at performWorkOnRootViaSchedulerTask (node_modules/.pnpm/react-dom@19.2.3_react@19.2.3/node_modules/react-dom/cjs/react-dom-client.development.js:18957:7)
      at flushActQueue (node_modules/.pnpm/react@19.2.3/node_modules/react/cjs/react.development.js:590:34)
      at process.env.NODE_ENV.exports.act (node_modules/.pnpm/react@19.2.3/node_modules/react/cjs/react.development.js:884:10)
      at node_modules/.pnpm/@testing-library+react@16.3.1_@testing-library+dom@10.4.1_@types+react-dom@19.2.3_@type_68c5b21a70acecf0fbbfd97f51128017/node_modules/@testing-library/react/dist/act-compat.js:46:25
      at renderRoot (node_modules/.pnpm/@testing-library+react@16.3.1_@testing-library+dom@10.4.1_@types+react-dom@19.2.3_@type_68c5b21a70acecf0fbbfd97f51128017/node_modules/@testing-library/react/dist/pure.js:189:26)
      at render (node_modules/.pnpm/@testing-library+react@16.3.1_@testing-library+dom@10.4.1_@types+react-dom@19.2.3_@type_68c5b21a70acecf0fbbfd97f51128017/node_modules/@testing-library/react/dist/pure.js:291:10)
      at renderWithTheme (__tests__/pages/models.test.tsx:64:16)
      at Object.<anonymous> (__tests__/pages/models.test.tsx:375:5)

  ● ModelsPage › normalizes status correctly

    TypeError: models.map is not a function

      196 |         {/* Models Grid */}
      197 |         <Grid container spacing={3}>
    > 198 |           {models.map((model) => (
          |                   ^
      199 |             <Grid key={model.id} size={{ xs: 12, sm: 6, md: 4, lg: 3 }}>
      200 |               <Card
      201 |                 sx={{

      at ModelsPage (app/models/page.tsx:198:19)
      at Object.react_stack_bottom_frame (node_modules/.pnpm/react-dom@19.2.3_react@19.2.3/node_modules/react-dom/cjs/react-dom-client.development.js:25904:20)
      at renderWithHooks (node_modules/.pnpm/react-dom@19.2.3_react@19.2.3/node_modules/react-dom/cjs/react-dom-client.development.js:7662:22)
      at updateFunctionComponent (node_modules/.pnpm/react-dom@19.2.3_react@19.2.3/node_modules/react-dom/cjs/react-dom-client.development.js:10166:19)
      at beginWork (node_modules/.pnpm/react-dom@19.2.3_react@19.2.3/node_modules/react-dom/cjs/react-dom-client.development.js:11778:18)
      at runWithFiberInDEV (node_modules/.pnpm/react-dom@19.2.3_react@19.2.3/node_modules/react-dom/cjs/react-dom-client.development.js:874:13)
      at performUnitOfWork (node_modules/.pnpm/react-dom@19.2.3_react@19.2.3/node_modules/react-dom/cjs/react-dom-client.development.js:17641:22)
      at workLoopSync (node_modules/.pnpm/react-dom@19.2.3_react@19.2.3/node_modules/react-dom/cjs/react-dom-client.development.js:17469:41)
      at renderRootSync (node_modules/.pnpm/react-dom@19.2.3_react@19.2.3/node_modules/react-dom/cjs/react-dom-client.development.js:17450:11)
      at performWorkOnRoot (node_modules/.pnpm/react-dom@19.2.3_react@19.2.3/node_modules/react-dom/cjs/react-dom-client.development.js:16583:35)
      at performWorkOnRootViaSchedulerTask (node_modules/.pnpm/react-dom@19.2.3_react@19.2.3/node_modules/react-dom/cjs/react-dom-client.development.js:18957:7)
      at flushActQueue (node_modules/.pnpm/react@19.2.3/node_modules/react/cjs/react.development.js:590:34)
      at process.env.NODE_ENV.exports.act (node_modules/.pnpm/react@19.2.3/node_modules/react/cjs/react.development.js:884:10)
      at node_modules/.pnpm/@testing-library+react@16.3.1_@testing-library+dom@10.4.1_@types+react-dom@19.2.3_@type_68c5b21a70acecf0fbbfd97f51128017/node_modules/@testing-library/react/dist/act-compat.js:46:25
      at renderRoot (node_modules/.pnpm/@testing-library+react@16.3.1_@testing-library+dom@10.4.1_@types+react-dom@19.2.3_@type_68c5b21a70acecf0fbbfd97f51128017/node_modules/@testing-library/react/dist/pure.js:189:26)
      at render (node_modules/.pnpm/@testing-library+react@16.3.1_@testing-library+dom@10.4.1_@types+react-dom@19.2.3_@type_68c5b21a70acecf0fbbfd97f51128017/node_modules/@testing-library/react/dist/pure.js:291:10)
      at renderWithTheme (__tests__/pages/models.test.tsx:64:16)
      at Object.<anonymous> (__tests__/pages/models.test.tsx:386:5)

  ● ModelsPage › applies dark mode styles correctly

    TypeError: models.map is not a function

      196 |         {/* Models Grid */}
      197 |         <Grid container spacing={3}>
    > 198 |           {models.map((model) => (
          |                   ^
      199 |             <Grid key={model.id} size={{ xs: 12, sm: 6, md: 4, lg: 3 }}>
      200 |               <Card
      201 |                 sx={{

      at ModelsPage (app/models/page.tsx:198:19)
      at Object.react_stack_bottom_frame (node_modules/.pnpm/react-dom@19.2.3_react@19.2.3/node_modules/react-dom/cjs/react-dom-client.development.js:25904:20)
      at renderWithHooks (node_modules/.pnpm/react-dom@19.2.3_react@19.2.3/node_modules/react-dom/cjs/react-dom-client.development.js:7662:22)
      at updateFunctionComponent (node_modules/.pnpm/react-dom@19.2.3_react@19.2.3/node_modules/react-dom/cjs/react-dom-client.development.js:10166:19)
      at beginWork (node_modules/.pnpm/react-dom@19.2.3_react@19.2.3/node_modules/react-dom/cjs/react-dom-client.development.js:11778:18)
      at runWithFiberInDEV (node_modules/.pnpm/react-dom@19.2.3_react@19.2.3/node_modules/react-dom/cjs/react-dom-client.development.js:874:13)
      at performUnitOfWork (node_modules/.pnpm/react-dom@19.2.3_react@19.2.3/node_modules/react-dom/cjs/react-dom-client.development.js:17641:22)
      at workLoopSync (node_modules/.pnpm/react-dom@19.2.3_react@19.2.3/node_modules/react-dom/cjs/react-dom-client.development.js:17469:41)
      at renderRootSync (node_modules/.pnpm/react-dom@19.2.3_react@19.2.3/node_modules/react-dom/cjs/react-dom-client.development.js:17450:11)
      at performWorkOnRoot (node_modules/.pnpm/react-dom@19.2.3_react@19.2.3/node_modules/react-dom/cjs/react-dom-client.development.js:16583:35)
      at performWorkOnRootViaSchedulerTask (node_modules/.pnpm/react-dom@19.2.3_react@19.2.3/node_modules/react-dom/cjs/react-dom-client.development.js:18957:7)
      at flushActQueue (node_modules/.pnpm/react@19.2.3/node_modules/react/cjs/react.development.js:590:34)
      at process.env.NODE_ENV.exports.act (node_modules/.pnpm/react@19.2.3/node_modules/react/cjs/react.development.js:884:10)
      at node_modules/.pnpm/@testing-library+react@16.3.1_@testing-library+dom@10.4.1_@types+react-dom@19.2.3_@type_68c5b21a70acecf0fbbfd97f51128017/node_modules/@testing-library/react/dist/act-compat.js:46:25
      at renderRoot (node_modules/.pnpm/@testing-library+react@16.3.1_@testing-library+dom@10.4.1_@types+react-dom@19.2.3_@type_68c5b21a70acecf0fbbfd97f51128017/node_modules/@testing-library/react/dist/pure.js:189:26)
      at render (node_modules/.pnpm/@testing-library+react@16.3.1_@testing-library+dom@10.4.1_@types+react-dom@19.2.3_@type_68c5b21a70acecf0fbbfd97f51128017/node_modules/@testing-library/react/dist/pure.js:291:10)
      at renderWithTheme (__tests__/pages/models.test.tsx:64:16)
      at Object.<anonymous> (__tests__/pages/models.test.tsx:393:5)

  ● ModelsPage › displays model cards with hover effect

    TypeError: models.map is not a function

      196 |         {/* Models Grid */}
      197 |         <Grid container spacing={3}>
    > 198 |           {models.map((model) => (
          |                   ^
      199 |             <Grid key={model.id} size={{ xs: 12, sm: 6, md: 4, lg: 3 }}>
      200 |               <Card
      201 |                 sx={{

      at ModelsPage (app/models/page.tsx:198:19)
      at Object.react_stack_bottom_frame (node_modules/.pnpm/react-dom@19.2.3_react@19.2.3/node_modules/react-dom/cjs/react-dom-client.development.js:25904:20)
      at renderWithHooks (node_modules/.pnpm/react-dom@19.2.3_react@19.2.3/node_modules/react-dom/cjs/react-dom-client.development.js:7662:22)
      at updateFunctionComponent (node_modules/.pnpm/react-dom@19.2.3_react@19.2.3/node_modules/react-dom/cjs/react-dom-client.development.js:10166:19)
      at beginWork (node_modules/.pnpm/react-dom@19.2.3_react@19.2.3/node_modules/react-dom/cjs/react-dom-client.development.js:11778:18)
      at runWithFiberInDEV (node_modules/.pnpm/react-dom@19.2.3_react@19.2.3/node_modules/react-dom/cjs/react-dom-client.development.js:874:13)
      at performUnitOfWork (node_modules/.pnpm/react-dom@19.2.3_react@19.2.3/node_modules/react-dom/cjs/react-dom-client.development.js:17641:22)
      at workLoopSync (node_modules/.pnpm/react-dom@19.2.3_react@19.2.3/node_modules/react-dom/cjs/react-dom-client.development.js:17469:41)
      at renderRootSync (node_modules/.pnpm/react-dom@19.2.3_react@19.2.3/node_modules/react-dom/cjs/react-dom-client.development.js:17450:11)
      at performWorkOnRoot (node_modules/.pnpm/react-dom@19.2.3_react@19.2.3/node_modules/react-dom/cjs/react-dom-client.development.js:16583:35)
      at performWorkOnRootViaSchedulerTask (node_modules/.pnpm/react-dom@19.2.3_react@19.2.3/node_modules/react-dom/cjs/react-dom-client.development.js:18957:7)
      at flushActQueue (node_modules/.pnpm/react@19.2.3/node_modules/react/cjs/react.development.js:590:34)
      at process.env.NODE_ENV.exports.act (node_modules/.pnpm/react@19.2.3/node_modules/react/cjs/react.development.js:884:10)
      at node_modules/.pnpm/@testing-library+react@16.3.1_@testing-library+dom@10.4.1_@types+react-dom@19.2.3_@type_68c5b21a70acecf0fbbfd97f51128017/node_modules/@testing-library/react/dist/act-compat.js:46:25
      at renderRoot (node_modules/.pnpm/@testing-library+react@16.3.1_@testing-library+dom@10.4.1_@types+react-dom@19.2.3_@type_68c5b21a70acecf0fbbfd97f51128017/node_modules/@testing-library/react/dist/pure.js:189:26)
      at render (node_modules/.pnpm/@testing-library+react@16.3.1_@testing-library+dom@10.4.1_@types+react-dom@19.2.3_@type_68c5b21a70acecf0fbbfd97f51128017/node_modules/@testing-library/react/dist/pure.js:291:10)
      at renderWithTheme (__tests__/pages/models.test.tsx:64:16)
      at Object.<anonymous> (__tests__/pages/models.test.tsx:399:5)

  ● ModelsPage › handles refresh click

    TypeError: models.map is not a function

      196 |         {/* Models Grid */}
      197 |         <Grid container spacing={3}>
    > 198 |           {models.map((model) => (
          |                   ^
      199 |             <Grid key={model.id} size={{ xs: 12, sm: 6, md: 4, lg: 3 }}>
      200 |               <Card
      201 |                 sx={{

      at ModelsPage (app/models/page.tsx:198:19)
      at Object.react_stack_bottom_frame (node_modules/.pnpm/react-dom@19.2.3_react@19.2.3/node_modules/react-dom/cjs/react-dom-client.development.js:25904:20)
      at renderWithHooks (node_modules/.pnpm/react-dom@19.2.3_react@19.2.3/node_modules/react-dom/cjs/react-dom-client.development.js:7662:22)
      at updateFunctionComponent (node_modules/.pnpm/react-dom@19.2.3_react@19.2.3/node_modules/react-dom/cjs/react-dom-client.development.js:10166:19)
      at beginWork (node_modules/.pnpm/react-dom@19.2.3_react@19.2.3/node_modules/react-dom/cjs/react-dom-client.development.js:11778:18)
      at runWithFiberInDEV (node_modules/.pnpm/react-dom@19.2.3_react@19.2.3/node_modules/react-dom/cjs/react-dom-client.development.js:874:13)
      at performUnitOfWork (node_modules/.pnpm/react-dom@19.2.3_react@19.2.3/node_modules/react-dom/cjs/react-dom-client.development.js:17641:22)
      at workLoopSync (node_modules/.pnpm/react-dom@19.2.3_react@19.2.3/node_modules/react-dom/cjs/react-dom-client.development.js:17469:41)
      at renderRootSync (node_modules/.pnpm/react-dom@19.2.3_react@19.2.3/node_modules/react-dom/cjs/react-dom-client.development.js:17450:11)
      at performWorkOnRoot (node_modules/.pnpm/react-dom@19.2.3_react@19.2.3/node_modules/react-dom/cjs/react-dom-client.development.js:16583:35)
      at performWorkOnRootViaSchedulerTask (node_modules/.pnpm/react-dom@19.2.3_react@19.2.3/node_modules/react-dom/cjs/react-dom-client.development.js:18957:7)
      at flushActQueue (node_modules/.pnpm/react@19.2.3/node_modules/react/cjs/react.development.js:590:34)
      at process.env.NODE_ENV.exports.act (node_modules/.pnpm/react@19.2.3/node_modules/react/cjs/react.development.js:884:10)
      at node_modules/.pnpm/@testing-library+react@16.3.1_@testing-library+dom@10.4.1_@types+react-dom@19.2.3_@type_68c5b21a70acecf0fbbfd97f51128017/node_modules/@testing-library/react/dist/act-compat.js:46:25
      at renderRoot (node_modules/.pnpm/@testing-library+react@16.3.1_@testing-library+dom@10.4.1_@types+react-dom@19.2.3_@type_68c5b21a70acecf0fbbfd97f51128017/node_modules/@testing-library/react/dist/pure.js:189:26)
      at render (node_modules/.pnpm/@testing-library+react@16.3.1_@testing-library+dom@10.4.1_@types+react-dom@19.2.3_@type_68c5b21a70acecf0fbbfd97f51128017/node_modules/@testing-library/react/dist/pure.js:291:10)
      at renderWithTheme (__tests__/pages/models.test.tsx:64:16)
      at Object.<anonymous> (__tests__/pages/models.test.tsx:406:5)

  ● ModelsPage › handles add model click

    TypeError: models.map is not a function

      196 |         {/* Models Grid */}
      197 |         <Grid container spacing={3}>
    > 198 |           {models.map((model) => (
          |                   ^
      199 |             <Grid key={model.id} size={{ xs: 12, sm: 6, md: 4, lg: 3 }}>
      200 |               <Card
      201 |                 sx={{

      at ModelsPage (app/models/page.tsx:198:19)
      at Object.react_stack_bottom_frame (node_modules/.pnpm/react-dom@19.2.3_react@19.2.3/node_modules/react-dom/cjs/react-dom-client.development.js:25904:20)
      at renderWithHooks (node_modules/.pnpm/react-dom@19.2.3_react@19.2.3/node_modules/react-dom/cjs/react-dom-client.development.js:7662:22)
      at updateFunctionComponent (node_modules/.pnpm/react-dom@19.2.3_react@19.2.3/node_modules/react-dom/cjs/react-dom-client.development.js:10166:19)
      at beginWork (node_modules/.pnpm/react-dom@19.2.3_react@19.2.3/node_modules/react-dom/cjs/react-dom-client.development.js:11778:18)
      at runWithFiberInDEV (node_modules/.pnpm/react-dom@19.2.3_react@19.2.3/node_modules/react-dom/cjs/react-dom-client.development.js:874:13)
      at performUnitOfWork (node_modules/.pnpm/react-dom@19.2.3_react@19.2.3/node_modules/react-dom/cjs/react-dom-client.development.js:17641:22)
      at workLoopSync (node_modules/.pnpm/react-dom@19.2.3_react@19.2.3/node_modules/react-dom/cjs/react-dom-client.development.js:17469:41)
      at renderRootSync (node_modules/.pnpm/react-dom@19.2.3_react@19.2.3/node_modules/react-dom/cjs/react-dom-client.development.js:17450:11)
      at performWorkOnRoot (node_modules/.pnpm/react-dom@19.2.3_react@19.2.3/node_modules/react-dom/cjs/react-dom-client.development.js:16583:35)
      at performWorkOnRootViaSchedulerTask (node_modules/.pnpm/react-dom@19.2.3_react@19.2.3/node_modules/react-dom/cjs/react-dom-client.development.js:18957:7)
      at flushActQueue (node_modules/.pnpm/react@19.2.3/node_modules/react/cjs/react.development.js:590:34)
      at process.env.NODE_ENV.exports.act (node_modules/.pnpm/react@19.2.3/node_modules/react/cjs/react.development.js:884:10)
      at node_modules/.pnpm/@testing-library+react@16.3.1_@testing-library+dom@10.4.1_@types+react-dom@19.2.3_@type_68c5b21a70acecf0fbbfd97f51128017/node_modules/@testing-library/react/dist/act-compat.js:46:25
      at renderRoot (node_modules/.pnpm/@testing-library+react@16.3.1_@testing-library+dom@10.4.1_@types+react-dom@19.2.3_@type_68c5b21a70acecf0fbbfd97f51128017/node_modules/@testing-library/react/dist/pure.js:189:26)
      at render (node_modules/.pnpm/@testing-library+react@16.3.1_@testing-library+dom@10.4.1_@types+react-dom@19.2.3_@type_68c5b21a70acecf0fbbfd97f51128017/node_modules/@testing-library/react/dist/pure.js:291:10)
      at renderWithTheme (__tests__/pages/models.test.tsx:64:16)
      at Object.<anonymous> (__tests__/pages/models.test.tsx:414:5)

  ● ModelsPage › displays linear progress bars

    TypeError: models.map is not a function

      196 |         {/* Models Grid */}
      197 |         <Grid container spacing={3}>
    > 198 |           {models.map((model) => (
          |                   ^
      199 |             <Grid key={model.id} size={{ xs: 12, sm: 6, md: 4, lg: 3 }}>
      200 |               <Card
      201 |                 sx={{

      at ModelsPage (app/models/page.tsx:198:19)
      at Object.react_stack_bottom_frame (node_modules/.pnpm/react-dom@19.2.3_react@19.2.3/node_modules/react-dom/cjs/react-dom-client.development.js:25904:20)
      at renderWithHooks (node_modules/.pnpm/react-dom@19.2.3_react@19.2.3/node_modules/react-dom/cjs/react-dom-client.development.js:7662:22)
      at updateFunctionComponent (node_modules/.pnpm/react-dom@19.2.3_react@19.2.3/node_modules/react-dom/cjs/react-dom-client.development.js:10166:19)
      at beginWork (node_modules/.pnpm/react-dom@19.2.3_react@19.2.3/node_modules/react-dom/cjs/react-dom-client.development.js:11778:18)
      at runWithFiberInDEV (node_modules/.pnpm/react-dom@19.2.3_react@19.2.3/node_modules/react-dom/cjs/react-dom-client.development.js:874:13)
      at performUnitOfWork (node_modules/.pnpm/react-dom@19.2.3_react@19.2.3/node_modules/react-dom/cjs/react-dom-client.development.js:17641:22)
      at workLoopSync (node_modules/.pnpm/react-dom@19.2.3_react@19.2.3/node_modules/react-dom/cjs/react-dom-client.development.js:17469:41)
      at renderRootSync (node_modules/.pnpm/react-dom@19.2.3_react@19.2.3/node_modules/react-dom/cjs/react-dom-client.development.js:17450:11)
      at performWorkOnRoot (node_modules/.pnpm/react-dom@19.2.3_react@19.2.3/node_modules/react-dom/cjs/react-dom-client.development.js:16583:35)
      at performWorkOnRootViaSchedulerTask (node_modules/.pnpm/react-dom@19.2.3_react@19.2.3/node_modules/react-dom/cjs/react-dom-client.development.js:18957:7)
      at flushActQueue (node_modules/.pnpm/react@19.2.3/node_modules/react/cjs/react.development.js:590:34)
      at process.env.NODE_ENV.exports.act (node_modules/.pnpm/react@19.2.3/node_modules/react/cjs/react.development.js:884:10)
      at node_modules/.pnpm/@testing-library+react@16.3.1_@testing-library+dom@10.4.1_@types+react-dom@19.2.3_@type_68c5b21a70acecf0fbbfd97f51128017/node_modules/@testing-library/react/dist/act-compat.js:46:25
      at renderRoot (node_modules/.pnpm/@testing-library+react@16.3.1_@testing-library+dom@10.4.1_@types+react-dom@19.2.3_@type_68c5b21a70acecf0fbbfd97f51128017/node_modules/@testing-library/react/dist/pure.js:189:26)
      at render (node_modules/.pnpm/@testing-library+react@16.3.1_@testing-library+dom@10.4.1_@types+react-dom@19.2.3_@type_68c5b21a70acecf0fbbfd97f51128017/node_modules/@testing-library/react/dist/pure.js:291:10)
      at renderWithTheme (__tests__/pages/models.test.tsx:64:16)
      at Object.<anonymous> (__tests__/pages/models.test.tsx:422:5)

  ● ModelsPage › handles object status format

    TypeError: models.map is not a function

      196 |         {/* Models Grid */}
      197 |         <Grid container spacing={3}>
    > 198 |           {models.map((model) => (
          |                   ^
      199 |             <Grid key={model.id} size={{ xs: 12, sm: 6, md: 4, lg: 3 }}>
      200 |               <Card
      201 |                 sx={{

      at ModelsPage (app/models/page.tsx:198:19)
      at Object.react_stack_bottom_frame (node_modules/.pnpm/react-dom@19.2.3_react@19.2.3/node_modules/react-dom/cjs/react-dom-client.development.js:25904:20)
      at renderWithHooks (node_modules/.pnpm/react-dom@19.2.3_react@19.2.3/node_modules/react-dom/cjs/react-dom-client.development.js:7662:22)
      at updateFunctionComponent (node_modules/.pnpm/react-dom@19.2.3_react@19.2.3/node_modules/react-dom/cjs/react-dom-client.development.js:10166:19)
      at beginWork (node_modules/.pnpm/react-dom@19.2.3_react@19.2.3/node_modules/react-dom/cjs/react-dom-client.development.js:11778:18)
      at runWithFiberInDEV (node_modules/.pnpm/react-dom@19.2.3_react@19.2.3/node_modules/react-dom/cjs/react-dom-client.development.js:874:13)
      at performUnitOfWork (node_modules/.pnpm/react-dom@19.2.3_react@19.2.3/node_modules/react-dom/cjs/react-dom-client.development.js:17641:22)
      at workLoopSync (node_modules/.pnpm/react-dom@19.2.3_react@19.2.3/node_modules/react-dom/cjs/react-dom-client.development.js:17469:41)
      at renderRootSync (node_modules/.pnpm/react-dom@19.2.3_react@19.2.3/node_modules/react-dom/cjs/react-dom-client.development.js:17450:11)
      at performWorkOnRoot (node_modules/.pnpm/react-dom@19.2.3_react@19.2.3/node_modules/react-dom/cjs/react-dom-client.development.js:16583:35)
      at performWorkOnRootViaSchedulerTask (node_modules/.pnpm/react-dom@19.2.3_react@19.2.3/node_modules/react-dom/cjs/react-dom-client.development.js:18957:7)
      at flushActQueue (node_modules/.pnpm/react@19.2.3/node_modules/react/cjs/react.development.js:590:34)
      at process.env.NODE_ENV.exports.act (node_modules/.pnpm/react@19.2.3/node_modules/react/cjs/react.development.js:884:10)
      at node_modules/.pnpm/@testing-library+react@16.3.1_@testing-library+dom@10.4.1_@types+react-dom@19.2.3_@type_68c5b21a70acecf0fbbfd97f51128017/node_modules/@testing-library/react/dist/act-compat.js:46:25
      at renderRoot (node_modules/.pnpm/@testing-library+react@16.3.1_@testing-library+dom@10.4.1_@types+react-dom@19.2.3_@type_68c5b21a70acecf0fbbfd97f51128017/node_modules/@testing-library/react/dist/pure.js:189:26)
      at render (node_modules/.pnpm/@testing-library+react@16.3.1_@testing-library+dom@10.4.1_@types+react-dom@19.2.3_@type_68c5b21a70acecf0fbbfd97f51128017/node_modules/@testing-library/react/dist/pure.js:291:10)
      at renderWithTheme (__tests__/pages/models.test.tsx:64:16)
      at Object.<anonymous> (__tests__/pages/models.test.tsx:443:5)

  ● ModelsPage › handles unknown status format

    TypeError: models.map is not a function

      196 |         {/* Models Grid */}
      197 |         <Grid container spacing={3}>
    > 198 |           {models.map((model) => (
          |                   ^
      199 |             <Grid key={model.id} size={{ xs: 12, sm: 6, md: 4, lg: 3 }}>
      200 |               <Card
      201 |                 sx={{

      at ModelsPage (app/models/page.tsx:198:19)
      at Object.react_stack_bottom_frame (node_modules/.pnpm/react-dom@19.2.3_react@19.2.3/node_modules/react-dom/cjs/react-dom-client.development.js:25904:20)
      at renderWithHooks (node_modules/.pnpm/react-dom@19.2.3_react@19.2.3/node_modules/react-dom/cjs/react-dom-client.development.js:7662:22)
      at updateFunctionComponent (node_modules/.pnpm/react-dom@19.2.3_react@19.2.3/node_modules/react-dom/cjs/react-dom-client.development.js:10166:19)
      at beginWork (node_modules/.pnpm/react-dom@19.2.3_react@19.2.3/node_modules/react-dom/cjs/react-dom-client.development.js:11778:18)
      at runWithFiberInDEV (node_modules/.pnpm/react-dom@19.2.3_react@19.2.3/node_modules/react-dom/cjs/react-dom-client.development.js:874:13)
      at performUnitOfWork (node_modules/.pnpm/react-dom@19.2.3_react@19.2.3/node_modules/react-dom/cjs/react-dom-client.development.js:17641:22)
      at workLoopSync (node_modules/.pnpm/react-dom@19.2.3_react@19.2.3/node_modules/react-dom/cjs/react-dom-client.development.js:17469:41)
      at renderRootSync (node_modules/.pnpm/react-dom@19.2.3_react@19.2.3/node_modules/react-dom/cjs/react-dom-client.development.js:17450:11)
      at performWorkOnRoot (node_modules/.pnpm/react-dom@19.2.3_react@19.2.3/node_modules/react-dom/cjs/react-dom-client.development.js:16583:35)
      at performWorkOnRootViaSchedulerTask (node_modules/.pnpm/react-dom@19.2.3_react@19.2.3/node_modules/react-dom/cjs/react-dom-client.development.js:18957:7)
      at flushActQueue (node_modules/.pnpm/react@19.2.3/node_modules/react/cjs/react.development.js:590:34)
      at process.env.NODE_ENV.exports.act (node_modules/.pnpm/react@19.2.3/node_modules/react/cjs/react.development.js:884:10)
      at node_modules/.pnpm/@testing-library+react@16.3.1_@testing-library+dom@10.4.1_@types+react-dom@19.2.3_@type_68c5b21a70acecf0fbbfd97f51128017/node_modules/@testing-library/react/dist/act-compat.js:46:25
      at renderRoot (node_modules/.pnpm/@testing-library+react@16.3.1_@testing-library+dom@10.4.1_@types+react-dom@19.2.3_@type_68c5b21a70acecf0fbbfd97f51128017/node_modules/@testing-library/react/dist/pure.js:189:26)
      at render (node_modules/.pnpm/@testing-library+react@16.3.1_@testing-library+dom@10.4.1_@types+react-dom@19.2.3_@type_68c5b21a70acecf0fbbfd97f51128017/node_modules/@testing-library/react/dist/pure.js:291:10)
      at renderWithTheme (__tests__/pages/models.test.tsx:64:16)
      at Object.<anonymous> (__tests__/pages/models.test.tsx:463:5)

FAIL __tests__/pages/logs.test.tsx (18.174 s)
  ● LogsPage › renders page header

    TypeError: logs.filter is not a function

      35 |   };
      36 |
    > 37 |   const filteredLogs = logs.filter(log => {
         |                             ^
      38 |     const source = typeof log.context?.source === 'string' ? log.context.source : '';
      39 |
      40 |     // Extract message string - handle both string and Record<string, unknown>

      at LogsPage (app/logs/page.tsx:37:29)
      at Object.react_stack_bottom_frame (node_modules/.pnpm/react-dom@19.2.3_react@19.2.3/node_modules/react-dom/cjs/react-dom-client.development.js:25904:20)
      at renderWithHooks (node_modules/.pnpm/react-dom@19.2.3_react@19.2.3/node_modules/react-dom/cjs/react-dom-client.development.js:7662:22)
      at updateFunctionComponent (node_modules/.pnpm/react-dom@19.2.3_react@19.2.3/node_modules/react-dom/cjs/react-dom-client.development.js:10166:19)
      at beginWork (node_modules/.pnpm/react-dom@19.2.3_react@19.2.3/node_modules/react-dom/cjs/react-dom-client.development.js:11778:18)
      at runWithFiberInDEV (node_modules/.pnpm/react-dom@19.2.3_react@19.2.3/node_modules/react-dom/cjs/react-dom-client.development.js:874:13)
      at performUnitOfWork (node_modules/.pnpm/react-dom@19.2.3_react@19.2.3/node_modules/react-dom/cjs/react-dom-client.development.js:17641:22)
      at workLoopSync (node_modules/.pnpm/react-dom@19.2.3_react@19.2.3/node_modules/react-dom/cjs/react-dom-client.development.js:17469:41)
      at renderRootSync (node_modules/.pnpm/react-dom@19.2.3_react@19.2.3/node_modules/react-dom/cjs/react-dom-client.development.js:17450:11)
      at performWorkOnRoot (node_modules/.pnpm/react-dom@19.2.3_react@19.2.3/node_modules/react-dom/cjs/react-dom-client.development.js:16583:35)
      at performWorkOnRootViaSchedulerTask (node_modules/.pnpm/react-dom@19.2.3_react@19.2.3/node_modules/react-dom/cjs/react-dom-client.development.js:18957:7)
      at flushActQueue (node_modules/.pnpm/react@19.2.3/node_modules/react/cjs/react.development.js:590:34)
      at process.env.NODE_ENV.exports.act (node_modules/.pnpm/react@19.2.3/node_modules/react/cjs/react.development.js:884:10)
      at node_modules/.pnpm/@testing-library+react@16.3.1_@testing-library+dom@10.4.1_@types+react-dom@19.2.3_@type_68c5b21a70acecf0fbbfd97f51128017/node_modules/@testing-library/react/dist/act-compat.js:46:25
      at renderRoot (node_modules/.pnpm/@testing-library+react@16.3.1_@testing-library+dom@10.4.1_@types+react-dom@19.2.3_@type_68c5b21a70acecf0fbbfd97f51128017/node_modules/@testing-library/react/dist/pure.js:189:26)
      at render (node_modules/.pnpm/@testing-library+react@16.3.1_@testing-library+dom@10.4.1_@types+react-dom@19.2.3_@type_68c5b21a70acecf0fbbfd97f51128017/node_modules/@testing-library/react/dist/pure.js:291:10)
      at renderWithTheme (__tests__/pages/logs.test.tsx:65:16)
      at Object.<anonymous> (__tests__/pages/logs.test.tsx:88:5)

  ● LogsPage › displays all logs

    TypeError: logs.filter is not a function

      35 |   };
      36 |
    > 37 |   const filteredLogs = logs.filter(log => {
         |                             ^
      38 |     const source = typeof log.context?.source === 'string' ? log.context.source : '';
      39 |
      40 |     // Extract message string - handle both string and Record<string, unknown>

      at LogsPage (app/logs/page.tsx:37:29)
      at Object.react_stack_bottom_frame (node_modules/.pnpm/react-dom@19.2.3_react@19.2.3/node_modules/react-dom/cjs/react-dom-client.development.js:25904:20)
      at renderWithHooks (node_modules/.pnpm/react-dom@19.2.3_react@19.2.3/node_modules/react-dom/cjs/react-dom-client.development.js:7662:22)
      at updateFunctionComponent (node_modules/.pnpm/react-dom@19.2.3_react@19.2.3/node_modules/react-dom/cjs/react-dom-client.development.js:10166:19)
      at beginWork (node_modules/.pnpm/react-dom@19.2.3_react@19.2.3/node_modules/react-dom/cjs/react-dom-client.development.js:11778:18)
      at runWithFiberInDEV (node_modules/.pnpm/react-dom@19.2.3_react@19.2.3/node_modules/react-dom/cjs/react-dom-client.development.js:874:13)
      at performUnitOfWork (node_modules/.pnpm/react-dom@19.2.3_react@19.2.3/node_modules/react-dom/cjs/react-dom-client.development.js:17641:22)
      at workLoopSync (node_modules/.pnpm/react-dom@19.2.3_react@19.2.3/node_modules/react-dom/cjs/react-dom-client.development.js:17469:41)
      at renderRootSync (node_modules/.pnpm/react-dom@19.2.3_react@19.2.3/node_modules/react-dom/cjs/react-dom-client.development.js:17450:11)
      at performWorkOnRoot (node_modules/.pnpm/react-dom@19.2.3_react@19.2.3/node_modules/react-dom/cjs/react-dom-client.development.js:16583:35)
      at performWorkOnRootViaSchedulerTask (node_modules/.pnpm/react-dom@19.2.3_react@19.2.3/node_modules/react-dom/cjs/react-dom-client.development.js:18957:7)
      at flushActQueue (node_modules/.pnpm/react@19.2.3/node_modules/react/cjs/react.development.js:590:34)
      at process.env.NODE_ENV.exports.act (node_modules/.pnpm/react@19.2.3/node_modules/react/cjs/react.development.js:884:10)
      at node_modules/.pnpm/@testing-library+react@16.3.1_@testing-library+dom@10.4.1_@types+react-dom@19.2.3_@type_68c5b21a70acecf0fbbfd97f51128017/node_modules/@testing-library/react/dist/act-compat.js:46:25
      at renderRoot (node_modules/.pnpm/@testing-library+react@16.3.1_@testing-library+dom@10.4.1_@types+react-dom@19.2.3_@type_68c5b21a70acecf0fbbfd97f51128017/node_modules/@testing-library/react/dist/pure.js:189:26)
      at render (node_modules/.pnpm/@testing-library+react@16.3.1_@testing-library+dom@10.4.1_@types+react-dom@19.2.3_@type_68c5b21a70acecf0fbbfd97f51128017/node_modules/@testing-library/react/dist/pure.js:291:10)
      at renderWithTheme (__tests__/pages/logs.test.tsx:65:16)
      at Object.<anonymous> (__tests__/pages/logs.test.tsx:94:5)

  ● LogsPage › displays empty state when no logs

    TypeError: logs.filter is not a function

      35 |   };
      36 |
    > 37 |   const filteredLogs = logs.filter(log => {
         |                             ^
      38 |     const source = typeof log.context?.source === 'string' ? log.context.source : '';
      39 |
      40 |     // Extract message string - handle both string and Record<string, unknown>

      at LogsPage (app/logs/page.tsx:37:29)
      at Object.react_stack_bottom_frame (node_modules/.pnpm/react-dom@19.2.3_react@19.2.3/node_modules/react-dom/cjs/react-dom-client.development.js:25904:20)
      at renderWithHooks (node_modules/.pnpm/react-dom@19.2.3_react@19.2.3/node_modules/react-dom/cjs/react-dom-client.development.js:7662:22)
      at updateFunctionComponent (node_modules/.pnpm/react-dom@19.2.3_react@19.2.3/node_modules/react-dom/cjs/react-dom-client.development.js:10166:19)
      at beginWork (node_modules/.pnpm/react-dom@19.2.3_react@19.2.3/node_modules/react-dom/cjs/react-dom-client.development.js:11778:18)
      at runWithFiberInDEV (node_modules/.pnpm/react-dom@19.2.3_react@19.2.3/node_modules/react-dom/cjs/react-dom-client.development.js:874:13)
      at performUnitOfWork (node_modules/.pnpm/react-dom@19.2.3_react@19.2.3/node_modules/react-dom/cjs/react-dom-client.development.js:17641:22)
      at workLoopSync (node_modules/.pnpm/react-dom@19.2.3_react@19.2.3/node_modules/react-dom/cjs/react-dom-client.development.js:17469:41)
      at renderRootSync (node_modules/.pnpm/react-dom@19.2.3_react@19.2.3/node_modules/react-dom/cjs/react-dom-client.development.js:17450:11)
      at performWorkOnRoot (node_modules/.pnpm/react-dom@19.2.3_react@19.2.3/node_modules/react-dom/cjs/react-dom-client.development.js:16583:35)
      at performWorkOnRootViaSchedulerTask (node_modules/.pnpm/react-dom@19.2.3_react@19.2.3/node_modules/react-dom/cjs/react-dom-client.development.js:18957:7)
      at flushActQueue (node_modules/.pnpm/react@19.2.3/node_modules/react/cjs/react.development.js:590:34)
      at process.env.NODE_ENV.exports.act (node_modules/.pnpm/react@19.2.3/node_modules/react/cjs/react.development.js:884:10)
      at node_modules/.pnpm/@testing-library+react@16.3.1_@testing-library+dom@10.4.1_@types+react-dom@19.2.3_@type_68c5b21a70acecf0fbbfd97f51128017/node_modules/@testing-library/react/dist/act-compat.js:46:25
      at renderRoot (node_modules/.pnpm/@testing-library+react@16.3.1_@testing-library+dom@10.4.1_@types+react-dom@19.2.3_@type_68c5b21a70acecf0fbbfd97f51128017/node_modules/@testing-library/react/dist/pure.js:189:26)
      at render (node_modules/.pnpm/@testing-library+react@16.3.1_@testing-library+dom@10.4.1_@types+react-dom@19.2.3_@type_68c5b21a70acecf0fbbfd97f51128017/node_modules/@testing-library/react/dist/pure.js:291:10)
      at renderWithTheme (__tests__/pages/logs.test.tsx:65:16)
      at Object.<anonymous> (__tests__/pages/logs.test.tsx:108:5)

  ● LogsPage › displays search input

    TypeError: logs.filter is not a function

      35 |   };
      36 |
    > 37 |   const filteredLogs = logs.filter(log => {
         |                             ^
      38 |     const source = typeof log.context?.source === 'string' ? log.context.source : '';
      39 |
      40 |     // Extract message string - handle both string and Record<string, unknown>

      at LogsPage (app/logs/page.tsx:37:29)
      at Object.react_stack_bottom_frame (node_modules/.pnpm/react-dom@19.2.3_react@19.2.3/node_modules/react-dom/cjs/react-dom-client.development.js:25904:20)
      at renderWithHooks (node_modules/.pnpm/react-dom@19.2.3_react@19.2.3/node_modules/react-dom/cjs/react-dom-client.development.js:7662:22)
      at updateFunctionComponent (node_modules/.pnpm/react-dom@19.2.3_react@19.2.3/node_modules/react-dom/cjs/react-dom-client.development.js:10166:19)
      at beginWork (node_modules/.pnpm/react-dom@19.2.3_react@19.2.3/node_modules/react-dom/cjs/react-dom-client.development.js:11778:18)
      at runWithFiberInDEV (node_modules/.pnpm/react-dom@19.2.3_react@19.2.3/node_modules/react-dom/cjs/react-dom-client.development.js:874:13)
      at performUnitOfWork (node_modules/.pnpm/react-dom@19.2.3_react@19.2.3/node_modules/react-dom/cjs/react-dom-client.development.js:17641:22)
      at workLoopSync (node_modules/.pnpm/react-dom@19.2.3_react@19.2.3/node_modules/react-dom/cjs/react-dom-client.development.js:17469:41)
      at renderRootSync (node_modules/.pnpm/react-dom@19.2.3_react@19.2.3/node_modules/react-dom/cjs/react-dom-client.development.js:17450:11)
      at performWorkOnRoot (node_modules/.pnpm/react-dom@19.2.3_react@19.2.3/node_modules/react-dom/cjs/react-dom-client.development.js:16583:35)
      at performWorkOnRootViaSchedulerTask (node_modules/.pnpm/react-dom@19.2.3_react@19.2.3/node_modules/react-dom/cjs/react-dom-client.development.js:18957:7)
      at flushActQueue (node_modules/.pnpm/react@19.2.3/node_modules/react/cjs/react.development.js:590:34)
      at process.env.NODE_ENV.exports.act (node_modules/.pnpm/react@19.2.3/node_modules/react/cjs/react.development.js:884:10)
      at node_modules/.pnpm/@testing-library+react@16.3.1_@testing-library+dom@10.4.1_@types+react-dom@19.2.3_@type_68c5b21a70acecf0fbbfd97f51128017/node_modules/@testing-library/react/dist/act-compat.js:46:25
      at renderRoot (node_modules/.pnpm/@testing-library+react@16.3.1_@testing-library+dom@10.4.1_@types+react-dom@19.2.3_@type_68c5b21a70acecf0fbbfd97f51128017/node_modules/@testing-library/react/dist/pure.js:189:26)
      at render (node_modules/.pnpm/@testing-library+react@16.3.1_@testing-library+dom@10.4.1_@types+react-dom@19.2.3_@type_68c5b21a70acecf0fbbfd97f51128017/node_modules/@testing-library/react/dist/pure.js:291:10)
      at renderWithTheme (__tests__/pages/logs.test.tsx:65:16)
      at Object.<anonymous> (__tests__/pages/logs.test.tsx:114:5)

  ● LogsPage › filters logs by search term

    TypeError: logs.filter is not a function

      35 |   };
      36 |
    > 37 |   const filteredLogs = logs.filter(log => {
         |                             ^
      38 |     const source = typeof log.context?.source === 'string' ? log.context.source : '';
      39 |
      40 |     // Extract message string - handle both string and Record<string, unknown>

      at LogsPage (app/logs/page.tsx:37:29)
      at Object.react_stack_bottom_frame (node_modules/.pnpm/react-dom@19.2.3_react@19.2.3/node_modules/react-dom/cjs/react-dom-client.development.js:25904:20)
      at renderWithHooks (node_modules/.pnpm/react-dom@19.2.3_react@19.2.3/node_modules/react-dom/cjs/react-dom-client.development.js:7662:22)
      at updateFunctionComponent (node_modules/.pnpm/react-dom@19.2.3_react@19.2.3/node_modules/react-dom/cjs/react-dom-client.development.js:10166:19)
      at beginWork (node_modules/.pnpm/react-dom@19.2.3_react@19.2.3/node_modules/react-dom/cjs/react-dom-client.development.js:11778:18)
      at runWithFiberInDEV (node_modules/.pnpm/react-dom@19.2.3_react@19.2.3/node_modules/react-dom/cjs/react-dom-client.development.js:874:13)
      at performUnitOfWork (node_modules/.pnpm/react-dom@19.2.3_react@19.2.3/node_modules/react-dom/cjs/react-dom-client.development.js:17641:22)
      at workLoopSync (node_modules/.pnpm/react-dom@19.2.3_react@19.2.3/node_modules/react-dom/cjs/react-dom-client.development.js:17469:41)
      at renderRootSync (node_modules/.pnpm/react-dom@19.2.3_react@19.2.3/node_modules/react-dom/cjs/react-dom-client.development.js:17450:11)
      at performWorkOnRoot (node_modules/.pnpm/react-dom@19.2.3_react@19.2.3/node_modules/react-dom/cjs/react-dom-client.development.js:16583:35)
      at performWorkOnRootViaSchedulerTask (node_modules/.pnpm/react-dom@19.2.3_react@19.2.3/node_modules/react-dom/cjs/react-dom-client.development.js:18957:7)
      at flushActQueue (node_modules/.pnpm/react@19.2.3/node_modules/react/cjs/react.development.js:590:34)
      at process.env.NODE_ENV.exports.act (node_modules/.pnpm/react@19.2.3/node_modules/react/cjs/react.development.js:884:10)
      at node_modules/.pnpm/@testing-library+react@16.3.1_@testing-library+dom@10.4.1_@types+react-dom@19.2.3_@type_68c5b21a70acecf0fbbfd97f51128017/node_modules/@testing-library/react/dist/act-compat.js:46:25
      at renderRoot (node_modules/.pnpm/@testing-library+react@16.3.1_@testing-library+dom@10.4.1_@types+react-dom@19.2.3_@type_68c5b21a70acecf0fbbfd97f51128017/node_modules/@testing-library/react/dist/pure.js:189:26)
      at render (node_modules/.pnpm/@testing-library+react@16.3.1_@testing-library+dom@10.4.1_@types+react-dom@19.2.3_@type_68c5b21a70acecf0fbbfd97f51128017/node_modules/@testing-library/react/dist/pure.js:291:10)
      at renderWithTheme (__tests__/pages/logs.test.tsx:65:16)
      at Object.<anonymous> (__tests__/pages/logs.test.tsx:121:5)

  ● LogsPage › filters logs by source

    TypeError: logs.filter is not a function

      35 |   };
      36 |
    > 37 |   const filteredLogs = logs.filter(log => {
         |                             ^
      38 |     const source = typeof log.context?.source === 'string' ? log.context.source : '';
      39 |
      40 |     // Extract message string - handle both string and Record<string, unknown>

      at LogsPage (app/logs/page.tsx:37:29)
      at Object.react_stack_bottom_frame (node_modules/.pnpm/react-dom@19.2.3_react@19.2.3/node_modules/react-dom/cjs/react-dom-client.development.js:25904:20)
      at renderWithHooks (node_modules/.pnpm/react-dom@19.2.3_react@19.2.3/node_modules/react-dom/cjs/react-dom-client.development.js:7662:22)
      at updateFunctionComponent (node_modules/.pnpm/react-dom@19.2.3_react@19.2.3/node_modules/react-dom/cjs/react-dom-client.development.js:10166:19)
      at beginWork (node_modules/.pnpm/react-dom@19.2.3_react@19.2.3/node_modules/react-dom/cjs/react-dom-client.development.js:11778:18)
      at runWithFiberInDEV (node_modules/.pnpm/react-dom@19.2.3_react@19.2.3/node_modules/react-dom/cjs/react-dom-client.development.js:874:13)
      at performUnitOfWork (node_modules/.pnpm/react-dom@19.2.3_react@19.2.3/node_modules/react-dom/cjs/react-dom-client.development.js:17641:22)
      at workLoopSync (node_modules/.pnpm/react-dom@19.2.3_react@19.2.3/node_modules/react-dom/cjs/react-dom-client.development.js:17469:41)
      at renderRootSync (node_modules/.pnpm/react-dom@19.2.3_react@19.2.3/node_modules/react-dom/cjs/react-dom-client.development.js:17450:11)
      at performWorkOnRoot (node_modules/.pnpm/react-dom@19.2.3_react@19.2.3/node_modules/react-dom/cjs/react-dom-client.development.js:16583:35)
      at performWorkOnRootViaSchedulerTask (node_modules/.pnpm/react-dom@19.2.3_react@19.2.3/node_modules/react-dom/cjs/react-dom-client.development.js:18957:7)
      at flushActQueue (node_modules/.pnpm/react@19.2.3/node_modules/react/cjs/react.development.js:590:34)
      at process.env.NODE_ENV.exports.act (node_modules/.pnpm/react@19.2.3/node_modules/react/cjs/react.development.js:884:10)
      at node_modules/.pnpm/@testing-library+react@16.3.1_@testing-library+dom@10.4.1_@types+react-dom@19.2.3_@type_68c5b21a70acecf0fbbfd97f51128017/node_modules/@testing-library/react/dist/act-compat.js:46:25
      at renderRoot (node_modules/.pnpm/@testing-library+react@16.3.1_@testing-library+dom@10.4.1_@types+react-dom@19.2.3_@type_68c5b21a70acecf0fbbfd97f51128017/node_modules/@testing-library/react/dist/pure.js:189:26)
      at render (node_modules/.pnpm/@testing-library+react@16.3.1_@testing-library+dom@10.4.1_@types+react-dom@19.2.3_@type_68c5b21a70acecf0fbbfd97f51128017/node_modules/@testing-library/react/dist/pure.js:291:10)
      at renderWithTheme (__tests__/pages/logs.test.tsx:65:16)
      at Object.<anonymous> (__tests__/pages/logs.test.tsx:131:5)

  ● LogsPage › displays level filter dropdown

    TypeError: logs.filter is not a function

      35 |   };
      36 |
    > 37 |   const filteredLogs = logs.filter(log => {
         |                             ^
      38 |     const source = typeof log.context?.source === 'string' ? log.context.source : '';
      39 |
      40 |     // Extract message string - handle both string and Record<string, unknown>

      at LogsPage (app/logs/page.tsx:37:29)
      at Object.react_stack_bottom_frame (node_modules/.pnpm/react-dom@19.2.3_react@19.2.3/node_modules/react-dom/cjs/react-dom-client.development.js:25904:20)
      at renderWithHooks (node_modules/.pnpm/react-dom@19.2.3_react@19.2.3/node_modules/react-dom/cjs/react-dom-client.development.js:7662:22)
      at updateFunctionComponent (node_modules/.pnpm/react-dom@19.2.3_react@19.2.3/node_modules/react-dom/cjs/react-dom-client.development.js:10166:19)
      at beginWork (node_modules/.pnpm/react-dom@19.2.3_react@19.2.3/node_modules/react-dom/cjs/react-dom-client.development.js:11778:18)
      at runWithFiberInDEV (node_modules/.pnpm/react-dom@19.2.3_react@19.2.3/node_modules/react-dom/cjs/react-dom-client.development.js:874:13)
      at performUnitOfWork (node_modules/.pnpm/react-dom@19.2.3_react@19.2.3/node_modules/react-dom/cjs/react-dom-client.development.js:17641:22)
      at workLoopSync (node_modules/.pnpm/react-dom@19.2.3_react@19.2.3/node_modules/react-dom/cjs/react-dom-client.development.js:17469:41)
      at renderRootSync (node_modules/.pnpm/react-dom@19.2.3_react@19.2.3/node_modules/react-dom/cjs/react-dom-client.development.js:17450:11)
      at performWorkOnRoot (node_modules/.pnpm/react-dom@19.2.3_react@19.2.3/node_modules/react-dom/cjs/react-dom-client.development.js:16583:35)
      at performWorkOnRootViaSchedulerTask (node_modules/.pnpm/react-dom@19.2.3_react@19.2.3/node_modules/react-dom/cjs/react-dom-client.development.js:18957:7)
      at flushActQueue (node_modules/.pnpm/react@19.2.3/node_modules/react/cjs/react.development.js:590:34)
      at process.env.NODE_ENV.exports.act (node_modules/.pnpm/react@19.2.3/node_modules/react/cjs/react.development.js:884:10)
      at node_modules/.pnpm/@testing-library+react@16.3.1_@testing-library+dom@10.4.1_@types+react-dom@19.2.3_@type_68c5b21a70acecf0fbbfd97f51128017/node_modules/@testing-library/react/dist/act-compat.js:46:25
      at renderRoot (node_modules/.pnpm/@testing-library+react@16.3.1_@testing-library+dom@10.4.1_@types+react-dom@19.2.3_@type_68c5b21a70acecf0fbbfd97f51128017/node_modules/@testing-library/react/dist/pure.js:189:26)
      at render (node_modules/.pnpm/@testing-library+react@16.3.1_@testing-library+dom@10.4.1_@types+react-dom@19.2.3_@type_68c5b21a70acecf0fbbfd97f51128017/node_modules/@testing-library/react/dist/pure.js:291:10)
      at renderWithTheme (__tests__/pages/logs.test.tsx:65:16)
      at Object.<anonymous> (__tests__/pages/logs.test.tsx:142:5)

  ● LogsPage › filters logs by level

    TypeError: logs.filter is not a function

      35 |   };
      36 |
    > 37 |   const filteredLogs = logs.filter(log => {
         |                             ^
      38 |     const source = typeof log.context?.source === 'string' ? log.context.source : '';
      39 |
      40 |     // Extract message string - handle both string and Record<string, unknown>

      at LogsPage (app/logs/page.tsx:37:29)
      at Object.react_stack_bottom_frame (node_modules/.pnpm/react-dom@19.2.3_react@19.2.3/node_modules/react-dom/cjs/react-dom-client.development.js:25904:20)
      at renderWithHooks (node_modules/.pnpm/react-dom@19.2.3_react@19.2.3/node_modules/react-dom/cjs/react-dom-client.development.js:7662:22)
      at updateFunctionComponent (node_modules/.pnpm/react-dom@19.2.3_react@19.2.3/node_modules/react-dom/cjs/react-dom-client.development.js:10166:19)
      at beginWork (node_modules/.pnpm/react-dom@19.2.3_react@19.2.3/node_modules/react-dom/cjs/react-dom-client.development.js:11778:18)
      at runWithFiberInDEV (node_modules/.pnpm/react-dom@19.2.3_react@19.2.3/node_modules/react-dom/cjs/react-dom-client.development.js:874:13)
      at performUnitOfWork (node_modules/.pnpm/react-dom@19.2.3_react@19.2.3/node_modules/react-dom/cjs/react-dom-client.development.js:17641:22)
      at workLoopSync (node_modules/.pnpm/react-dom@19.2.3_react@19.2.3/node_modules/react-dom/cjs/react-dom-client.development.js:17469:41)
      at renderRootSync (node_modules/.pnpm/react-dom@19.2.3_react@19.2.3/node_modules/react-dom/cjs/react-dom-client.development.js:17450:11)
      at performWorkOnRoot (node_modules/.pnpm/react-dom@19.2.3_react@19.2.3/node_modules/react-dom/cjs/react-dom-client.development.js:16583:35)
      at performWorkOnRootViaSchedulerTask (node_modules/.pnpm/react-dom@19.2.3_react@19.2.3/node_modules/react-dom/cjs/react-dom-client.development.js:18957:7)
      at flushActQueue (node_modules/.pnpm/react@19.2.3/node_modules/react/cjs/react.development.js:590:34)
      at process.env.NODE_ENV.exports.act (node_modules/.pnpm/react@19.2.3/node_modules/react/cjs/react.development.js:884:10)
      at node_modules/.pnpm/@testing-library+react@16.3.1_@testing-library+dom@10.4.1_@types+react-dom@19.2.3_@type_68c5b21a70acecf0fbbfd97f51128017/node_modules/@testing-library/react/dist/act-compat.js:46:25
      at renderRoot (node_modules/.pnpm/@testing-library+react@16.3.1_@testing-library+dom@10.4.1_@types+react-dom@19.2.3_@type_68c5b21a70acecf0fbbfd97f51128017/node_modules/@testing-library/react/dist/pure.js:189:26)
      at render (node_modules/.pnpm/@testing-library+react@16.3.1_@testing-library+dom@10.4.1_@types+react-dom@19.2.3_@type_68c5b21a70acecf0fbbfd97f51128017/node_modules/@testing-library/react/dist/pure.js:291:10)
      at renderWithTheme (__tests__/pages/logs.test.tsx:65:16)
      at Object.<anonymous> (__tests__/pages/logs.test.tsx:149:5)

  ● LogsPage › displays log level chips

    TypeError: logs.filter is not a function

      35 |   };
      36 |
    > 37 |   const filteredLogs = logs.filter(log => {
         |                             ^
      38 |     const source = typeof log.context?.source === 'string' ? log.context.source : '';
      39 |
      40 |     // Extract message string - handle both string and Record<string, unknown>

      at LogsPage (app/logs/page.tsx:37:29)
      at Object.react_stack_bottom_frame (node_modules/.pnpm/react-dom@19.2.3_react@19.2.3/node_modules/react-dom/cjs/react-dom-client.development.js:25904:20)
      at renderWithHooks (node_modules/.pnpm/react-dom@19.2.3_react@19.2.3/node_modules/react-dom/cjs/react-dom-client.development.js:7662:22)
      at updateFunctionComponent (node_modules/.pnpm/react-dom@19.2.3_react@19.2.3/node_modules/react-dom/cjs/react-dom-client.development.js:10166:19)
      at beginWork (node_modules/.pnpm/react-dom@19.2.3_react@19.2.3/node_modules/react-dom/cjs/react-dom-client.development.js:11778:18)
      at runWithFiberInDEV (node_modules/.pnpm/react-dom@19.2.3_react@19.2.3/node_modules/react-dom/cjs/react-dom-client.development.js:874:13)
      at performUnitOfWork (node_modules/.pnpm/react-dom@19.2.3_react@19.2.3/node_modules/react-dom/cjs/react-dom-client.development.js:17641:22)
      at workLoopSync (node_modules/.pnpm/react-dom@19.2.3_react@19.2.3/node_modules/react-dom/cjs/react-dom-client.development.js:17469:41)
      at renderRootSync (node_modules/.pnpm/react-dom@19.2.3_react@19.2.3/node_modules/react-dom/cjs/react-dom-client.development.js:17450:11)
      at performWorkOnRoot (node_modules/.pnpm/react-dom@19.2.3_react@19.2.3/node_modules/react-dom/cjs/react-dom-client.development.js:16583:35)
      at performWorkOnRootViaSchedulerTask (node_modules/.pnpm/react-dom@19.2.3_react@19.2.3/node_modules/react-dom/cjs/react-dom-client.development.js:18957:7)
      at flushActQueue (node_modules/.pnpm/react@19.2.3/node_modules/react/cjs/react.development.js:590:34)
      at process.env.NODE_ENV.exports.act (node_modules/.pnpm/react@19.2.3/node_modules/react/cjs/react.development.js:884:10)
      at node_modules/.pnpm/@testing-library+react@16.3.1_@testing-library+dom@10.4.1_@types+react-dom@19.2.3_@type_68c5b21a70acecf0fbbfd97f51128017/node_modules/@testing-library/react/dist/act-compat.js:46:25
      at renderRoot (node_modules/.pnpm/@testing-library+react@16.3.1_@testing-library+dom@10.4.1_@types+react-dom@19.2.3_@type_68c5b21a70acecf0fbbfd97f51128017/node_modules/@testing-library/react/dist/pure.js:189:26)
      at render (node_modules/.pnpm/@testing-library+react@16.3.1_@testing-library+dom@10.4.1_@types+react-dom@19.2.3_@type_68c5b21a70acecf0fbbfd97f51128017/node_modules/@testing-library/react/dist/pure.js:291:10)
      at renderWithTheme (__tests__/pages/logs.test.tsx:65:16)
      at Object.<anonymous> (__tests__/pages/logs.test.tsx:159:5)

  ● LogsPage › displays log timestamps

    TypeError: logs.filter is not a function

      35 |   };
      36 |
    > 37 |   const filteredLogs = logs.filter(log => {
         |                             ^
      38 |     const source = typeof log.context?.source === 'string' ? log.context.source : '';
      39 |
      40 |     // Extract message string - handle both string and Record<string, unknown>

      at LogsPage (app/logs/page.tsx:37:29)
      at Object.react_stack_bottom_frame (node_modules/.pnpm/react-dom@19.2.3_react@19.2.3/node_modules/react-dom/cjs/react-dom-client.development.js:25904:20)
      at renderWithHooks (node_modules/.pnpm/react-dom@19.2.3_react@19.2.3/node_modules/react-dom/cjs/react-dom-client.development.js:7662:22)
      at updateFunctionComponent (node_modules/.pnpm/react-dom@19.2.3_react@19.2.3/node_modules/react-dom/cjs/react-dom-client.development.js:10166:19)
      at beginWork (node_modules/.pnpm/react-dom@19.2.3_react@19.2.3/node_modules/react-dom/cjs/react-dom-client.development.js:11778:18)
      at runWithFiberInDEV (node_modules/.pnpm/react-dom@19.2.3_react@19.2.3/node_modules/react-dom/cjs/react-dom-client.development.js:874:13)
      at performUnitOfWork (node_modules/.pnpm/react-dom@19.2.3_react@19.2.3/node_modules/react-dom/cjs/react-dom-client.development.js:17641:22)
      at workLoopSync (node_modules/.pnpm/react-dom@19.2.3_react@19.2.3/node_modules/react-dom/cjs/react-dom-client.development.js:17469:41)
      at renderRootSync (node_modules/.pnpm/react-dom@19.2.3_react@19.2.3/node_modules/react-dom/cjs/react-dom-client.development.js:17450:11)
      at performWorkOnRoot (node_modules/.pnpm/react-dom@19.2.3_react@19.2.3/node_modules/react-dom/cjs/react-dom-client.development.js:16583:35)
      at performWorkOnRootViaSchedulerTask (node_modules/.pnpm/react-dom@19.2.3_react@19.2.3/node_modules/react-dom/cjs/react-dom-client.development.js:18957:7)
      at flushActQueue (node_modules/.pnpm/react@19.2.3/node_modules/react/cjs/react.development.js:590:34)
      at process.env.NODE_ENV.exports.act (node_modules/.pnpm/react@19.2.3/node_modules/react/cjs/react.development.js:884:10)
      at node_modules/.pnpm/@testing-library+react@16.3.1_@testing-library+dom@10.4.1_@types+react-dom@19.2.3_@type_68c5b21a70acecf0fbbfd97f51128017/node_modules/@testing-library/react/dist/act-compat.js:46:25
      at renderRoot (node_modules/.pnpm/@testing-library+react@16.3.1_@testing-library+dom@10.4.1_@types+react-dom@19.2.3_@type_68c5b21a70acecf0fbbfd97f51128017/node_modules/@testing-library/react/dist/pure.js:189:26)
      at render (node_modules/.pnpm/@testing-library+react@16.3.1_@testing-library+dom@10.4.1_@types+react-dom@19.2.3_@type_68c5b21a70acecf0fbbfd97f51128017/node_modules/@testing-library/react/dist/pure.js:291:10)
      at renderWithTheme (__tests__/pages/logs.test.tsx:65:16)
      at Object.<anonymous> (__tests__/pages/logs.test.tsx:168:5)

  ● LogsPage › displays refresh button

    TypeError: logs.filter is not a function

      35 |   };
      36 |
    > 37 |   const filteredLogs = logs.filter(log => {
         |                             ^
      38 |     const source = typeof log.context?.source === 'string' ? log.context.source : '';
      39 |
      40 |     // Extract message string - handle both string and Record<string, unknown>

      at LogsPage (app/logs/page.tsx:37:29)
      at Object.react_stack_bottom_frame (node_modules/.pnpm/react-dom@19.2.3_react@19.2.3/node_modules/react-dom/cjs/react-dom-client.development.js:25904:20)
      at renderWithHooks (node_modules/.pnpm/react-dom@19.2.3_react@19.2.3/node_modules/react-dom/cjs/react-dom-client.development.js:7662:22)
      at updateFunctionComponent (node_modules/.pnpm/react-dom@19.2.3_react@19.2.3/node_modules/react-dom/cjs/react-dom-client.development.js:10166:19)
      at beginWork (node_modules/.pnpm/react-dom@19.2.3_react@19.2.3/node_modules/react-dom/cjs/react-dom-client.development.js:11778:18)
      at runWithFiberInDEV (node_modules/.pnpm/react-dom@19.2.3_react@19.2.3/node_modules/react-dom/cjs/react-dom-client.development.js:874:13)
      at performUnitOfWork (node_modules/.pnpm/react-dom@19.2.3_react@19.2.3/node_modules/react-dom/cjs/react-dom-client.development.js:17641:22)
      at workLoopSync (node_modules/.pnpm/react-dom@19.2.3_react@19.2.3/node_modules/react-dom/cjs/react-dom-client.development.js:17469:41)
      at renderRootSync (node_modules/.pnpm/react-dom@19.2.3_react@19.2.3/node_modules/react-dom/cjs/react-dom-client.development.js:17450:11)
      at performWorkOnRoot (node_modules/.pnpm/react-dom@19.2.3_react@19.2.3/node_modules/react-dom/cjs/react-dom-client.development.js:16583:35)
      at performWorkOnRootViaSchedulerTask (node_modules/.pnpm/react-dom@19.2.3_react@19.2.3/node_modules/react-dom/cjs/react-dom-client.development.js:18957:7)
      at flushActQueue (node_modules/.pnpm/react@19.2.3/node_modules/react/cjs/react.development.js:590:34)
      at process.env.NODE_ENV.exports.act (node_modules/.pnpm/react@19.2.3/node_modules/react/cjs/react.development.js:884:10)
      at node_modules/.pnpm/@testing-library+react@16.3.1_@testing-library+dom@10.4.1_@types+react-dom@19.2.3_@type_68c5b21a70acecf0fbbfd97f51128017/node_modules/@testing-library/react/dist/act-compat.js:46:25
      at renderRoot (node_modules/.pnpm/@testing-library+react@16.3.1_@testing-library+dom@10.4.1_@types+react-dom@19.2.3_@type_68c5b21a70acecf0fbbfd97f51128017/node_modules/@testing-library/react/dist/pure.js:189:26)
      at render (node_modules/.pnpm/@testing-library+react@16.3.1_@testing-library+dom@10.4.1_@types+react-dom@19.2.3_@type_68c5b21a70acecf0fbbfd97f51128017/node_modules/@testing-library/react/dist/pure.js:291:10)
      at renderWithTheme (__tests__/pages/logs.test.tsx:65:16)
      at Object.<anonymous> (__tests__/pages/logs.test.tsx:175:5)

  ● LogsPage › requests logs on refresh click

    TypeError: logs.filter is not a function

      35 |   };
      36 |
    > 37 |   const filteredLogs = logs.filter(log => {
         |                             ^
      38 |     const source = typeof log.context?.source === 'string' ? log.context.source : '';
      39 |
      40 |     // Extract message string - handle both string and Record<string, unknown>

      at LogsPage (app/logs/page.tsx:37:29)
      at Object.react_stack_bottom_frame (node_modules/.pnpm/react-dom@19.2.3_react@19.2.3/node_modules/react-dom/cjs/react-dom-client.development.js:25904:20)
      at renderWithHooks (node_modules/.pnpm/react-dom@19.2.3_react@19.2.3/node_modules/react-dom/cjs/react-dom-client.development.js:7662:22)
      at updateFunctionComponent (node_modules/.pnpm/react-dom@19.2.3_react@19.2.3/node_modules/react-dom/cjs/react-dom-client.development.js:10166:19)
      at beginWork (node_modules/.pnpm/react-dom@19.2.3_react@19.2.3/node_modules/react-dom/cjs/react-dom-client.development.js:11778:18)
      at runWithFiberInDEV (node_modules/.pnpm/react-dom@19.2.3_react@19.2.3/node_modules/react-dom/cjs/react-dom-client.development.js:874:13)
      at performUnitOfWork (node_modules/.pnpm/react-dom@19.2.3_react@19.2.3/node_modules/react-dom/cjs/react-dom-client.development.js:17641:22)
      at workLoopSync (node_modules/.pnpm/react-dom@19.2.3_react@19.2.3/node_modules/react-dom/cjs/react-dom-client.development.js:17469:41)
      at renderRootSync (node_modules/.pnpm/react-dom@19.2.3_react@19.2.3/node_modules/react-dom/cjs/react-dom-client.development.js:17450:11)
      at performWorkOnRoot (node_modules/.pnpm/react-dom@19.2.3_react@19.2.3/node_modules/react-dom/cjs/react-dom-client.development.js:16583:35)
      at performWorkOnRootViaSchedulerTask (node_modules/.pnpm/react-dom@19.2.3_react@19.2.3/node_modules/react-dom/cjs/react-dom-client.development.js:18957:7)
      at flushActQueue (node_modules/.pnpm/react@19.2.3/node_modules/react/cjs/react.development.js:590:34)
      at process.env.NODE_ENV.exports.act (node_modules/.pnpm/react@19.2.3/node_modules/react/cjs/react.development.js:884:10)
      at node_modules/.pnpm/@testing-library+react@16.3.1_@testing-library+dom@10.4.1_@types+react-dom@19.2.3_@type_68c5b21a70acecf0fbbfd97f51128017/node_modules/@testing-library/react/dist/act-compat.js:46:25
      at renderRoot (node_modules/.pnpm/@testing-library+react@16.3.1_@testing-library+dom@10.4.1_@types+react-dom@19.2.3_@type_68c5b21a70acecf0fbbfd97f51128017/node_modules/@testing-library/react/dist/pure.js:189:26)
      at render (node_modules/.pnpm/@testing-library+react@16.3.1_@testing-library+dom@10.4.1_@types+react-dom@19.2.3_@type_68c5b21a70acecf0fbbfd97f51128017/node_modules/@testing-library/react/dist/pure.js:291:10)
      at renderWithTheme (__tests__/pages/logs.test.tsx:65:16)
      at Object.<anonymous> (__tests__/pages/logs.test.tsx:188:5)

  ● LogsPage › displays clear logs button

    TypeError: logs.filter is not a function

      35 |   };
      36 |
    > 37 |   const filteredLogs = logs.filter(log => {
         |                             ^
      38 |     const source = typeof log.context?.source === 'string' ? log.context.source : '';
      39 |
      40 |     // Extract message string - handle both string and Record<string, unknown>

      at LogsPage (app/logs/page.tsx:37:29)
      at Object.react_stack_bottom_frame (node_modules/.pnpm/react-dom@19.2.3_react@19.2.3/node_modules/react-dom/cjs/react-dom-client.development.js:25904:20)
      at renderWithHooks (node_modules/.pnpm/react-dom@19.2.3_react@19.2.3/node_modules/react-dom/cjs/react-dom-client.development.js:7662:22)
      at updateFunctionComponent (node_modules/.pnpm/react-dom@19.2.3_react@19.2.3/node_modules/react-dom/cjs/react-dom-client.development.js:10166:19)
      at beginWork (node_modules/.pnpm/react-dom@19.2.3_react@19.2.3/node_modules/react-dom/cjs/react-dom-client.development.js:11778:18)
      at runWithFiberInDEV (node_modules/.pnpm/react-dom@19.2.3_react@19.2.3/node_modules/react-dom/cjs/react-dom-client.development.js:874:13)
      at performUnitOfWork (node_modules/.pnpm/react-dom@19.2.3_react@19.2.3/node_modules/react-dom/cjs/react-dom-client.development.js:17641:22)
      at workLoopSync (node_modules/.pnpm/react-dom@19.2.3_react@19.2.3/node_modules/react-dom/cjs/react-dom-client.development.js:17469:41)
      at renderRootSync (node_modules/.pnpm/react-dom@19.2.3_react@19.2.3/node_modules/react-dom/cjs/react-dom-client.development.js:17450:11)
      at performWorkOnRoot (node_modules/.pnpm/react-dom@19.2.3_react@19.2.3/node_modules/react-dom/cjs/react-dom-client.development.js:16583:35)
      at performWorkOnRootViaSchedulerTask (node_modules/.pnpm/react-dom@19.2.3_react@19.2.3/node_modules/react-dom/cjs/react-dom-client.development.js:18957:7)
      at flushActQueue (node_modules/.pnpm/react@19.2.3/node_modules/react/cjs/react.development.js:590:34)
      at process.env.NODE_ENV.exports.act (node_modules/.pnpm/react@19.2.3/node_modules/react/cjs/react.development.js:884:10)
      at node_modules/.pnpm/@testing-library+react@16.3.1_@testing-library+dom@10.4.1_@types+react-dom@19.2.3_@type_68c5b21a70acecf0fbbfd97f51128017/node_modules/@testing-library/react/dist/act-compat.js:46:25
      at renderRoot (node_modules/.pnpm/@testing-library+react@16.3.1_@testing-library+dom@10.4.1_@types+react-dom@19.2.3_@type_68c5b21a70acecf0fbbfd97f51128017/node_modules/@testing-library/react/dist/pure.js:189:26)
      at render (node_modules/.pnpm/@testing-library+react@16.3.1_@testing-library+dom@10.4.1_@types+react-dom@19.2.3_@type_68c5b21a70acecf0fbbfd97f51128017/node_modules/@testing-library/react/dist/pure.js:291:10)
      at renderWithTheme (__tests__/pages/logs.test.tsx:65:16)
      at Object.<anonymous> (__tests__/pages/logs.test.tsx:197:5)

  ● LogsPage › clears logs on clear click

    TypeError: logs.filter is not a function

      35 |   };
      36 |
    > 37 |   const filteredLogs = logs.filter(log => {
         |                             ^
      38 |     const source = typeof log.context?.source === 'string' ? log.context.source : '';
      39 |
      40 |     // Extract message string - handle both string and Record<string, unknown>

      at LogsPage (app/logs/page.tsx:37:29)
      at Object.react_stack_bottom_frame (node_modules/.pnpm/react-dom@19.2.3_react@19.2.3/node_modules/react-dom/cjs/react-dom-client.development.js:25904:20)
      at renderWithHooks (node_modules/.pnpm/react-dom@19.2.3_react@19.2.3/node_modules/react-dom/cjs/react-dom-client.development.js:7662:22)
      at updateFunctionComponent (node_modules/.pnpm/react-dom@19.2.3_react@19.2.3/node_modules/react-dom/cjs/react-dom-client.development.js:10166:19)
      at beginWork (node_modules/.pnpm/react-dom@19.2.3_react@19.2.3/node_modules/react-dom/cjs/react-dom-client.development.js:11778:18)
      at runWithFiberInDEV (node_modules/.pnpm/react-dom@19.2.3_react@19.2.3/node_modules/react-dom/cjs/react-dom-client.development.js:874:13)
      at performUnitOfWork (node_modules/.pnpm/react-dom@19.2.3_react@19.2.3/node_modules/react-dom/cjs/react-dom-client.development.js:17641:22)
      at workLoopSync (node_modules/.pnpm/react-dom@19.2.3_react@19.2.3/node_modules/react-dom/cjs/react-dom-client.development.js:17469:41)
      at renderRootSync (node_modules/.pnpm/react-dom@19.2.3_react@19.2.3/node_modules/react-dom/cjs/react-dom-client.development.js:17450:11)
      at performWorkOnRoot (node_modules/.pnpm/react-dom@19.2.3_react@19.2.3/node_modules/react-dom/cjs/react-dom-client.development.js:16583:35)
      at performWorkOnRootViaSchedulerTask (node_modules/.pnpm/react-dom@19.2.3_react@19.2.3/node_modules/react-dom/cjs/react-dom-client.development.js:18957:7)
      at flushActQueue (node_modules/.pnpm/react@19.2.3/node_modules/react/cjs/react.development.js:590:34)
      at process.env.NODE_ENV.exports.act (node_modules/.pnpm/react@19.2.3/node_modules/react/cjs/react.development.js:884:10)
      at node_modules/.pnpm/@testing-library+react@16.3.1_@testing-library+dom@10.4.1_@types+react-dom@19.2.3_@type_68c5b21a70acecf0fbbfd97f51128017/node_modules/@testing-library/react/dist/act-compat.js:46:25
      at renderRoot (node_modules/.pnpm/@testing-library+react@16.3.1_@testing-library+dom@10.4.1_@types+react-dom@19.2.3_@type_68c5b21a70acecf0fbbfd97f51128017/node_modules/@testing-library/react/dist/pure.js:189:26)
      at render (node_modules/.pnpm/@testing-library+react@16.3.1_@testing-library+dom@10.4.1_@types+react-dom@19.2.3_@type_68c5b21a70acecf0fbbfd97f51128017/node_modules/@testing-library/react/dist/pure.js:291:10)
      at renderWithTheme (__tests__/pages/logs.test.tsx:65:16)
      at Object.<anonymous> (__tests__/pages/logs.test.tsx:210:5)

  ● LogsPage › displays download logs button

    TypeError: logs.filter is not a function

      35 |   };
      36 |
    > 37 |   const filteredLogs = logs.filter(log => {
         |                             ^
      38 |     const source = typeof log.context?.source === 'string' ? log.context.source : '';
      39 |
      40 |     // Extract message string - handle both string and Record<string, unknown>

      at LogsPage (app/logs/page.tsx:37:29)
      at Object.react_stack_bottom_frame (node_modules/.pnpm/react-dom@19.2.3_react@19.2.3/node_modules/react-dom/cjs/react-dom-client.development.js:25904:20)
      at renderWithHooks (node_modules/.pnpm/react-dom@19.2.3_react@19.2.3/node_modules/react-dom/cjs/react-dom-client.development.js:7662:22)
      at updateFunctionComponent (node_modules/.pnpm/react-dom@19.2.3_react@19.2.3/node_modules/react-dom/cjs/react-dom-client.development.js:10166:19)
      at beginWork (node_modules/.pnpm/react-dom@19.2.3_react@19.2.3/node_modules/react-dom/cjs/react-dom-client.development.js:11778:18)
      at runWithFiberInDEV (node_modules/.pnpm/react-dom@19.2.3_react@19.2.3/node_modules/react-dom/cjs/react-dom-client.development.js:874:13)
      at performUnitOfWork (node_modules/.pnpm/react-dom@19.2.3_react@19.2.3/node_modules/react-dom/cjs/react-dom-client.development.js:17641:22)
      at workLoopSync (node_modules/.pnpm/react-dom@19.2.3_react@19.2.3/node_modules/react-dom/cjs/react-dom-client.development.js:17469:41)
      at renderRootSync (node_modules/.pnpm/react-dom@19.2.3_react@19.2.3/node_modules/react-dom/cjs/react-dom-client.development.js:17450:11)
      at performWorkOnRoot (node_modules/.pnpm/react-dom@19.2.3_react@19.2.3/node_modules/react-dom/cjs/react-dom-client.development.js:16583:35)
      at performWorkOnRootViaSchedulerTask (node_modules/.pnpm/react-dom@19.2.3_react@19.2.3/node_modules/react-dom/cjs/react-dom-client.development.js:18957:7)
      at flushActQueue (node_modules/.pnpm/react@19.2.3/node_modules/react/cjs/react.development.js:590:34)
      at process.env.NODE_ENV.exports.act (node_modules/.pnpm/react@19.2.3/node_modules/react/cjs/react.development.js:884:10)
      at node_modules/.pnpm/@testing-library+react@16.3.1_@testing-library+dom@10.4.1_@types+react-dom@19.2.3_@type_68c5b21a70acecf0fbbfd97f51128017/node_modules/@testing-library/react/dist/act-compat.js:46:25
      at renderRoot (node_modules/.pnpm/@testing-library+react@16.3.1_@testing-library+dom@10.4.1_@types+react-dom@19.2.3_@type_68c5b21a70acecf0fbbfd97f51128017/node_modules/@testing-library/react/dist/pure.js:189:26)
      at render (node_modules/.pnpm/@testing-library+react@16.3.1_@testing-library+dom@10.4.1_@types+react-dom@19.2.3_@type_68c5b21a70acecf0fbbfd97f51128017/node_modules/@testing-library/react/dist/pure.js:291:10)
      at renderWithTheme (__tests__/pages/logs.test.tsx:65:16)
      at Object.<anonymous> (__tests__/pages/logs.test.tsx:219:5)

  ● LogsPage › handles download click

    TypeError: logs.filter is not a function

      35 |   };
      36 |
    > 37 |   const filteredLogs = logs.filter(log => {
         |                             ^
      38 |     const source = typeof log.context?.source === 'string' ? log.context.source : '';
      39 |
      40 |     // Extract message string - handle both string and Record<string, unknown>

      at LogsPage (app/logs/page.tsx:37:29)
      at Object.react_stack_bottom_frame (node_modules/.pnpm/react-dom@19.2.3_react@19.2.3/node_modules/react-dom/cjs/react-dom-client.development.js:25904:20)
      at renderWithHooks (node_modules/.pnpm/react-dom@19.2.3_react@19.2.3/node_modules/react-dom/cjs/react-dom-client.development.js:7662:22)
      at updateFunctionComponent (node_modules/.pnpm/react-dom@19.2.3_react@19.2.3/node_modules/react-dom/cjs/react-dom-client.development.js:10166:19)
      at beginWork (node_modules/.pnpm/react-dom@19.2.3_react@19.2.3/node_modules/react-dom/cjs/react-dom-client.development.js:11778:18)
      at runWithFiberInDEV (node_modules/.pnpm/react-dom@19.2.3_react@19.2.3/node_modules/react-dom/cjs/react-dom-client.development.js:874:13)
      at performUnitOfWork (node_modules/.pnpm/react-dom@19.2.3_react@19.2.3/node_modules/react-dom/cjs/react-dom-client.development.js:17641:22)
      at workLoopSync (node_modules/.pnpm/react-dom@19.2.3_react@19.2.3/node_modules/react-dom/cjs/react-dom-client.development.js:17469:41)
      at renderRootSync (node_modules/.pnpm/react-dom@19.2.3_react@19.2.3/node_modules/react-dom/cjs/react-dom-client.development.js:17450:11)
      at performWorkOnRoot (node_modules/.pnpm/react-dom@19.2.3_react@19.2.3/node_modules/react-dom/cjs/react-dom-client.development.js:16583:35)
      at performWorkOnRootViaSchedulerTask (node_modules/.pnpm/react-dom@19.2.3_react@19.2.3/node_modules/react-dom/cjs/react-dom-client.development.js:18957:7)
      at flushActQueue (node_modules/.pnpm/react@19.2.3/node_modules/react/cjs/react.development.js:590:34)
      at process.env.NODE_ENV.exports.act (node_modules/.pnpm/react@19.2.3/node_modules/react/cjs/react.development.js:884:10)
      at node_modules/.pnpm/@testing-library+react@16.3.1_@testing-library+dom@10.4.1_@types+react-dom@19.2.3_@type_68c5b21a70acecf0fbbfd97f51128017/node_modules/@testing-library/react/dist/act-compat.js:46:25
      at renderRoot (node_modules/.pnpm/@testing-library+react@16.3.1_@testing-library+dom@10.4.1_@types+react-dom@19.2.3_@type_68c5b21a70acecf0fbbfd97f51128017/node_modules/@testing-library/react/dist/pure.js:189:26)
      at render (node_modules/.pnpm/@testing-library+react@16.3.1_@testing-library+dom@10.4.1_@types+react-dom@19.2.3_@type_68c5b21a70acecf0fbbfd97f51128017/node_modules/@testing-library/react/dist/pure.js:291:10)
      at renderWithTheme (__tests__/pages/logs.test.tsx:65:16)
      at Object.<anonymous> (__tests__/pages/logs.test.tsx:226:5)

  ● LogsPage › displays pagination

    TypeError: logs.filter is not a function

      35 |   };
      36 |
    > 37 |   const filteredLogs = logs.filter(log => {
         |                             ^
      38 |     const source = typeof log.context?.source === 'string' ? log.context.source : '';
      39 |
      40 |     // Extract message string - handle both string and Record<string, unknown>

      at LogsPage (app/logs/page.tsx:37:29)
      at Object.react_stack_bottom_frame (node_modules/.pnpm/react-dom@19.2.3_react@19.2.3/node_modules/react-dom/cjs/react-dom-client.development.js:25904:20)
      at renderWithHooks (node_modules/.pnpm/react-dom@19.2.3_react@19.2.3/node_modules/react-dom/cjs/react-dom-client.development.js:7662:22)
      at updateFunctionComponent (node_modules/.pnpm/react-dom@19.2.3_react@19.2.3/node_modules/react-dom/cjs/react-dom-client.development.js:10166:19)
      at beginWork (node_modules/.pnpm/react-dom@19.2.3_react@19.2.3/node_modules/react-dom/cjs/react-dom-client.development.js:11778:18)
      at runWithFiberInDEV (node_modules/.pnpm/react-dom@19.2.3_react@19.2.3/node_modules/react-dom/cjs/react-dom-client.development.js:874:13)
      at performUnitOfWork (node_modules/.pnpm/react-dom@19.2.3_react@19.2.3/node_modules/react-dom/cjs/react-dom-client.development.js:17641:22)
      at workLoopSync (node_modules/.pnpm/react-dom@19.2.3_react@19.2.3/node_modules/react-dom/cjs/react-dom-client.development.js:17469:41)
      at renderRootSync (node_modules/.pnpm/react-dom@19.2.3_react@19.2.3/node_modules/react-dom/cjs/react-dom-client.development.js:17450:11)
      at performWorkOnRoot (node_modules/.pnpm/react-dom@19.2.3_react@19.2.3/node_modules/react-dom/cjs/react-dom-client.development.js:16583:35)
      at performWorkOnRootViaSchedulerTask (node_modules/.pnpm/react-dom@19.2.3_react@19.2.3/node_modules/react-dom/cjs/react-dom-client.development.js:18957:7)
      at flushActQueue (node_modules/.pnpm/react@19.2.3/node_modules/react/cjs/react.development.js:590:34)
      at process.env.NODE_ENV.exports.act (node_modules/.pnpm/react@19.2.3/node_modules/react/cjs/react.development.js:884:10)
      at node_modules/.pnpm/@testing-library+react@16.3.1_@testing-library+dom@10.4.1_@types+react-dom@19.2.3_@type_68c5b21a70acecf0fbbfd97f51128017/node_modules/@testing-library/react/dist/act-compat.js:46:25
      at renderRoot (node_modules/.pnpm/@testing-library+react@16.3.1_@testing-library+dom@10.4.1_@types+react-dom@19.2.3_@type_68c5b21a70acecf0fbbfd97f51128017/node_modules/@testing-library/react/dist/pure.js:189:26)
      at render (node_modules/.pnpm/@testing-library+react@16.3.1_@testing-library+dom@10.4.1_@types+react-dom@19.2.3_@type_68c5b21a70acecf0fbbfd97f51128017/node_modules/@testing-library/react/dist/pure.js:291:10)
      at renderWithTheme (__tests__/pages/logs.test.tsx:65:16)
      at Object.<anonymous> (__tests__/pages/logs.test.tsx:233:5)

  ● LogsPage › paginates logs correctly

    TypeError: logs.filter is not a function

      35 |   };
      36 |
    > 37 |   const filteredLogs = logs.filter(log => {
         |                             ^
      38 |     const source = typeof log.context?.source === 'string' ? log.context.source : '';
      39 |
      40 |     // Extract message string - handle both string and Record<string, unknown>

      at LogsPage (app/logs/page.tsx:37:29)
      at Object.react_stack_bottom_frame (node_modules/.pnpm/react-dom@19.2.3_react@19.2.3/node_modules/react-dom/cjs/react-dom-client.development.js:25904:20)
      at renderWithHooks (node_modules/.pnpm/react-dom@19.2.3_react@19.2.3/node_modules/react-dom/cjs/react-dom-client.development.js:7662:22)
      at updateFunctionComponent (node_modules/.pnpm/react-dom@19.2.3_react@19.2.3/node_modules/react-dom/cjs/react-dom-client.development.js:10166:19)
      at beginWork (node_modules/.pnpm/react-dom@19.2.3_react@19.2.3/node_modules/react-dom/cjs/react-dom-client.development.js:11778:18)
      at runWithFiberInDEV (node_modules/.pnpm/react-dom@19.2.3_react@19.2.3/node_modules/react-dom/cjs/react-dom-client.development.js:874:13)
      at performUnitOfWork (node_modules/.pnpm/react-dom@19.2.3_react@19.2.3/node_modules/react-dom/cjs/react-dom-client.development.js:17641:22)
      at workLoopSync (node_modules/.pnpm/react-dom@19.2.3_react@19.2.3/node_modules/react-dom/cjs/react-dom-client.development.js:17469:41)
      at renderRootSync (node_modules/.pnpm/react-dom@19.2.3_react@19.2.3/node_modules/react-dom/cjs/react-dom-client.development.js:17450:11)
      at performWorkOnRoot (node_modules/.pnpm/react-dom@19.2.3_react@19.2.3/node_modules/react-dom/cjs/react-dom-client.development.js:16583:35)
      at performWorkOnRootViaSchedulerTask (node_modules/.pnpm/react-dom@19.2.3_react@19.2.3/node_modules/react-dom/cjs/react-dom-client.development.js:18957:7)
      at flushActQueue (node_modules/.pnpm/react@19.2.3/node_modules/react/cjs/react.development.js:590:34)
      at process.env.NODE_ENV.exports.act (node_modules/.pnpm/react@19.2.3/node_modules/react/cjs/react.development.js:884:10)
      at node_modules/.pnpm/@testing-library+react@16.3.1_@testing-library+dom@10.4.1_@types+react-dom@19.2.3_@type_68c5b21a70acecf0fbbfd97f51128017/node_modules/@testing-library/react/dist/act-compat.js:46:25
      at renderRoot (node_modules/.pnpm/@testing-library+react@16.3.1_@testing-library+dom@10.4.1_@types+react-dom@19.2.3_@type_68c5b21a70acecf0fbbfd97f51128017/node_modules/@testing-library/react/dist/pure.js:189:26)
      at render (node_modules/.pnpm/@testing-library+react@16.3.1_@testing-library+dom@10.4.1_@types+react-dom@19.2.3_@type_68c5b21a70acecf0fbbfd97f51128017/node_modules/@testing-library/react/dist/pure.js:291:10)
      at renderWithTheme (__tests__/pages/logs.test.tsx:65:16)
      at Object.<anonymous> (__tests__/pages/logs.test.tsx:253:5)

  ● LogsPage › changes page on pagination click

    TypeError: logs.filter is not a function

      35 |   };
      36 |
    > 37 |   const filteredLogs = logs.filter(log => {
         |                             ^
      38 |     const source = typeof log.context?.source === 'string' ? log.context.source : '';
      39 |
      40 |     // Extract message string - handle both string and Record<string, unknown>

      at LogsPage (app/logs/page.tsx:37:29)
      at Object.react_stack_bottom_frame (node_modules/.pnpm/react-dom@19.2.3_react@19.2.3/node_modules/react-dom/cjs/react-dom-client.development.js:25904:20)
      at renderWithHooks (node_modules/.pnpm/react-dom@19.2.3_react@19.2.3/node_modules/react-dom/cjs/react-dom-client.development.js:7662:22)
      at updateFunctionComponent (node_modules/.pnpm/react-dom@19.2.3_react@19.2.3/node_modules/react-dom/cjs/react-dom-client.development.js:10166:19)
      at beginWork (node_modules/.pnpm/react-dom@19.2.3_react@19.2.3/node_modules/react-dom/cjs/react-dom-client.development.js:11778:18)
      at runWithFiberInDEV (node_modules/.pnpm/react-dom@19.2.3_react@19.2.3/node_modules/react-dom/cjs/react-dom-client.development.js:874:13)
      at performUnitOfWork (node_modules/.pnpm/react-dom@19.2.3_react@19.2.3/node_modules/react-dom/cjs/react-dom-client.development.js:17641:22)
      at workLoopSync (node_modules/.pnpm/react-dom@19.2.3_react@19.2.3/node_modules/react-dom/cjs/react-dom-client.development.js:17469:41)
      at renderRootSync (node_modules/.pnpm/react-dom@19.2.3_react@19.2.3/node_modules/react-dom/cjs/react-dom-client.development.js:17450:11)
      at performWorkOnRoot (node_modules/.pnpm/react-dom@19.2.3_react@19.2.3/node_modules/react-dom/cjs/react-dom-client.development.js:16583:35)
      at performWorkOnRootViaSchedulerTask (node_modules/.pnpm/react-dom@19.2.3_react@19.2.3/node_modules/react-dom/cjs/react-dom-client.development.js:18957:7)
      at flushActQueue (node_modules/.pnpm/react@19.2.3/node_modules/react/cjs/react.development.js:590:34)
      at process.env.NODE_ENV.exports.act (node_modules/.pnpm/react@19.2.3/node_modules/react/cjs/react.development.js:884:10)
      at node_modules/.pnpm/@testing-library+react@16.3.1_@testing-library+dom@10.4.1_@types+react-dom@19.2.3_@type_68c5b21a70acecf0fbbfd97f51128017/node_modules/@testing-library/react/dist/act-compat.js:46:25
      at renderRoot (node_modules/.pnpm/@testing-library+react@16.3.1_@testing-library+dom@10.4.1_@types+react-dom@19.2.3_@type_68c5b21a70acecf0fbbfd97f51128017/node_modules/@testing-library/react/dist/pure.js:189:26)
      at render (node_modules/.pnpm/@testing-library+react@16.3.1_@testing-library+dom@10.4.1_@types+react-dom@19.2.3_@type_68c5b21a70acecf0fbbfd97f51128017/node_modules/@testing-library/react/dist/pure.js:291:10)
      at renderWithTheme (__tests__/pages/logs.test.tsx:65:16)
      at Object.<anonymous> (__tests__/pages/logs.test.tsx:274:5)

  ● LogsPage › handles object log messages

    TypeError: logs.filter is not a function

      35 |   };
      36 |
    > 37 |   const filteredLogs = logs.filter(log => {
         |                             ^
      38 |     const source = typeof log.context?.source === 'string' ? log.context.source : '';
      39 |
      40 |     // Extract message string - handle both string and Record<string, unknown>

      at LogsPage (app/logs/page.tsx:37:29)
      at Object.react_stack_bottom_frame (node_modules/.pnpm/react-dom@19.2.3_react@19.2.3/node_modules/react-dom/cjs/react-dom-client.development.js:25904:20)
      at renderWithHooks (node_modules/.pnpm/react-dom@19.2.3_react@19.2.3/node_modules/react-dom/cjs/react-dom-client.development.js:7662:22)
      at updateFunctionComponent (node_modules/.pnpm/react-dom@19.2.3_react@19.2.3/node_modules/react-dom/cjs/react-dom-client.development.js:10166:19)
      at beginWork (node_modules/.pnpm/react-dom@19.2.3_react@19.2.3/node_modules/react-dom/cjs/react-dom-client.development.js:11778:18)
      at runWithFiberInDEV (node_modules/.pnpm/react-dom@19.2.3_react@19.2.3/node_modules/react-dom/cjs/react-dom-client.development.js:874:13)
      at performUnitOfWork (node_modules/.pnpm/react-dom@19.2.3_react@19.2.3/node_modules/react-dom/cjs/react-dom-client.development.js:17641:22)
      at workLoopSync (node_modules/.pnpm/react-dom@19.2.3_react@19.2.3/node_modules/react-dom/cjs/react-dom-client.development.js:17469:41)
      at renderRootSync (node_modules/.pnpm/react-dom@19.2.3_react@19.2.3/node_modules/react-dom/cjs/react-dom-client.development.js:17450:11)
      at performWorkOnRoot (node_modules/.pnpm/react-dom@19.2.3_react@19.2.3/node_modules/react-dom/cjs/react-dom-client.development.js:16583:35)
      at performWorkOnRootViaSchedulerTask (node_modules/.pnpm/react-dom@19.2.3_react@19.2.3/node_modules/react-dom/cjs/react-dom-client.development.js:18957:7)
      at flushActQueue (node_modules/.pnpm/react@19.2.3/node_modules/react/cjs/react.development.js:590:34)
      at process.env.NODE_ENV.exports.act (node_modules/.pnpm/react@19.2.3/node_modules/react/cjs/react.development.js:884:10)
      at node_modules/.pnpm/@testing-library+react@16.3.1_@testing-library+dom@10.4.1_@types+react-dom@19.2.3_@type_68c5b21a70acecf0fbbfd97f51128017/node_modules/@testing-library/react/dist/act-compat.js:46:25
      at renderRoot (node_modules/.pnpm/@testing-library+react@16.3.1_@testing-library+dom@10.4.1_@types+react-dom@19.2.3_@type_68c5b21a70acecf0fbbfd97f51128017/node_modules/@testing-library/react/dist/pure.js:189:26)
      at render (node_modules/.pnpm/@testing-library+react@16.3.1_@testing-library+dom@10.4.1_@types+react-dom@19.2.3_@type_68c5b21a70acecf0fbbfd97f51128017/node_modules/@testing-library/react/dist/pure.js:291:10)
      at renderWithTheme (__tests__/pages/logs.test.tsx:65:16)
      at Object.<anonymous> (__tests__/pages/logs.test.tsx:297:5)

  ● LogsPage › handles error object in log messages

    TypeError: logs.filter is not a function

      35 |   };
      36 |
    > 37 |   const filteredLogs = logs.filter(log => {
         |                             ^
      38 |     const source = typeof log.context?.source === 'string' ? log.context.source : '';
      39 |
      40 |     // Extract message string - handle both string and Record<string, unknown>

      at LogsPage (app/logs/page.tsx:37:29)
      at Object.react_stack_bottom_frame (node_modules/.pnpm/react-dom@19.2.3_react@19.2.3/node_modules/react-dom/cjs/react-dom-client.development.js:25904:20)
      at renderWithHooks (node_modules/.pnpm/react-dom@19.2.3_react@19.2.3/node_modules/react-dom/cjs/react-dom-client.development.js:7662:22)
      at updateFunctionComponent (node_modules/.pnpm/react-dom@19.2.3_react@19.2.3/node_modules/react-dom/cjs/react-dom-client.development.js:10166:19)
      at beginWork (node_modules/.pnpm/react-dom@19.2.3_react@19.2.3/node_modules/react-dom/cjs/react-dom-client.development.js:11778:18)
      at runWithFiberInDEV (node_modules/.pnpm/react-dom@19.2.3_react@19.2.3/node_modules/react-dom/cjs/react-dom-client.development.js:874:13)
      at performUnitOfWork (node_modules/.pnpm/react-dom@19.2.3_react@19.2.3/node_modules/react-dom/cjs/react-dom-client.development.js:17641:22)
      at workLoopSync (node_modules/.pnpm/react-dom@19.2.3_react@19.2.3/node_modules/react-dom/cjs/react-dom-client.development.js:17469:41)
      at renderRootSync (node_modules/.pnpm/react-dom@19.2.3_react@19.2.3/node_modules/react-dom/cjs/react-dom-client.development.js:17450:11)
      at performWorkOnRoot (node_modules/.pnpm/react-dom@19.2.3_react@19.2.3/node_modules/react-dom/cjs/react-dom-client.development.js:16583:35)
      at performWorkOnRootViaSchedulerTask (node_modules/.pnpm/react-dom@19.2.3_react@19.2.3/node_modules/react-dom/cjs/react-dom-client.development.js:18957:7)
      at flushActQueue (node_modules/.pnpm/react@19.2.3/node_modules/react/cjs/react.development.js:590:34)
      at process.env.NODE_ENV.exports.act (node_modules/.pnpm/react@19.2.3/node_modules/react/cjs/react.development.js:884:10)
      at node_modules/.pnpm/@testing-library+react@16.3.1_@testing-library+dom@10.4.1_@types+react-dom@19.2.3_@type_68c5b21a70acecf0fbbfd97f51128017/node_modules/@testing-library/react/dist/act-compat.js:46:25
      at renderRoot (node_modules/.pnpm/@testing-library+react@16.3.1_@testing-library+dom@10.4.1_@types+react-dom@19.2.3_@type_68c5b21a70acecf0fbbfd97f51128017/node_modules/@testing-library/react/dist/pure.js:189:26)
      at render (node_modules/.pnpm/@testing-library+react@16.3.1_@testing-library+dom@10.4.1_@types+react-dom@19.2.3_@type_68c5b21a70acecf0fbbfd97f51128017/node_modules/@testing-library/react/dist/pure.js:291:10)
      at renderWithTheme (__tests__/pages/logs.test.tsx:65:16)
      at Object.<anonymous> (__tests__/pages/logs.test.tsx:316:5)

  ● LogsPage › handles text object in log messages

    TypeError: logs.filter is not a function

      35 |   };
      36 |
    > 37 |   const filteredLogs = logs.filter(log => {
         |                             ^
      38 |     const source = typeof log.context?.source === 'string' ? log.context.source : '';
      39 |
      40 |     // Extract message string - handle both string and Record<string, unknown>

      at LogsPage (app/logs/page.tsx:37:29)
      at Object.react_stack_bottom_frame (node_modules/.pnpm/react-dom@19.2.3_react@19.2.3/node_modules/react-dom/cjs/react-dom-client.development.js:25904:20)
      at renderWithHooks (node_modules/.pnpm/react-dom@19.2.3_react@19.2.3/node_modules/react-dom/cjs/react-dom-client.development.js:7662:22)
      at updateFunctionComponent (node_modules/.pnpm/react-dom@19.2.3_react@19.2.3/node_modules/react-dom/cjs/react-dom-client.development.js:10166:19)
      at beginWork (node_modules/.pnpm/react-dom@19.2.3_react@19.2.3/node_modules/react-dom/cjs/react-dom-client.development.js:11778:18)
      at runWithFiberInDEV (node_modules/.pnpm/react-dom@19.2.3_react@19.2.3/node_modules/react-dom/cjs/react-dom-client.development.js:874:13)
      at performUnitOfWork (node_modules/.pnpm/react-dom@19.2.3_react@19.2.3/node_modules/react-dom/cjs/react-dom-client.development.js:17641:22)
      at workLoopSync (node_modules/.pnpm/react-dom@19.2.3_react@19.2.3/node_modules/react-dom/cjs/react-dom-client.development.js:17469:41)
      at renderRootSync (node_modules/.pnpm/react-dom@19.2.3_react@19.2.3/node_modules/react-dom/cjs/react-dom-client.development.js:17450:11)
      at performWorkOnRoot (node_modules/.pnpm/react-dom@19.2.3_react@19.2.3/node_modules/react-dom/cjs/react-dom-client.development.js:16583:35)
      at performWorkOnRootViaSchedulerTask (node_modules/.pnpm/react-dom@19.2.3_react@19.2.3/node_modules/react-dom/cjs/react-dom-client.development.js:18957:7)
      at flushActQueue (node_modules/.pnpm/react@19.2.3/node_modules/react/cjs/react.development.js:590:34)
      at process.env.NODE_ENV.exports.act (node_modules/.pnpm/react@19.2.3/node_modules/react/cjs/react.development.js:884:10)
      at node_modules/.pnpm/@testing-library+react@16.3.1_@testing-library+dom@10.4.1_@types+react-dom@19.2.3_@type_68c5b21a70acecf0fbbfd97f51128017/node_modules/@testing-library/react/dist/act-compat.js:46:25
      at renderRoot (node_modules/.pnpm/@testing-library+react@16.3.1_@testing-library+dom@10.4.1_@types+react-dom@19.2.3_@type_68c5b21a70acecf0fbbfd97f51128017/node_modules/@testing-library/react/dist/pure.js:189:26)
      at render (node_modules/.pnpm/@testing-library+react@16.3.1_@testing-library+dom@10.4.1_@types+react-dom@19.2.3_@type_68c5b21a70acecf0fbbfd97f51128017/node_modules/@testing-library/react/dist/pure.js:291:10)
      at renderWithTheme (__tests__/pages/logs.test.tsx:65:16)
      at Object.<anonymous> (__tests__/pages/logs.test.tsx:335:5)

  ● LogsPage › applies dark mode styles correctly

    TypeError: logs.filter is not a function

      35 |   };
      36 |
    > 37 |   const filteredLogs = logs.filter(log => {
         |                             ^
      38 |     const source = typeof log.context?.source === 'string' ? log.context.source : '';
      39 |
      40 |     // Extract message string - handle both string and Record<string, unknown>

      at LogsPage (app/logs/page.tsx:37:29)
      at Object.react_stack_bottom_frame (node_modules/.pnpm/react-dom@19.2.3_react@19.2.3/node_modules/react-dom/cjs/react-dom-client.development.js:25904:20)
      at renderWithHooks (node_modules/.pnpm/react-dom@19.2.3_react@19.2.3/node_modules/react-dom/cjs/react-dom-client.development.js:7662:22)
      at updateFunctionComponent (node_modules/.pnpm/react-dom@19.2.3_react@19.2.3/node_modules/react-dom/cjs/react-dom-client.development.js:10166:19)
      at beginWork (node_modules/.pnpm/react-dom@19.2.3_react@19.2.3/node_modules/react-dom/cjs/react-dom-client.development.js:11778:18)
      at runWithFiberInDEV (node_modules/.pnpm/react-dom@19.2.3_react@19.2.3/node_modules/react-dom/cjs/react-dom-client.development.js:874:13)
      at performUnitOfWork (node_modules/.pnpm/react-dom@19.2.3_react@19.2.3/node_modules/react-dom/cjs/react-dom-client.development.js:17641:22)
      at workLoopSync (node_modules/.pnpm/react-dom@19.2.3_react@19.2.3/node_modules/react-dom/cjs/react-dom-client.development.js:17469:41)
      at renderRootSync (node_modules/.pnpm/react-dom@19.2.3_react@19.2.3/node_modules/react-dom/cjs/react-dom-client.development.js:17450:11)
      at performWorkOnRoot (node_modules/.pnpm/react-dom@19.2.3_react@19.2.3/node_modules/react-dom/cjs/react-dom-client.development.js:16583:35)
      at performWorkOnRootViaSchedulerTask (node_modules/.pnpm/react-dom@19.2.3_react@19.2.3/node_modules/react-dom/cjs/react-dom-client.development.js:18957:7)
      at flushActQueue (node_modules/.pnpm/react@19.2.3/node_modules/react/cjs/react.development.js:590:34)
      at process.env.NODE_ENV.exports.act (node_modules/.pnpm/react@19.2.3/node_modules/react/cjs/react.development.js:884:10)
      at node_modules/.pnpm/@testing-library+react@16.3.1_@testing-library+dom@10.4.1_@types+react-dom@19.2.3_@type_68c5b21a70acecf0fbbfd97f51128017/node_modules/@testing-library/react/dist/act-compat.js:46:25
      at renderRoot (node_modules/.pnpm/@testing-library+react@16.3.1_@testing-library+dom@10.4.1_@types+react-dom@19.2.3_@type_68c5b21a70acecf0fbbfd97f51128017/node_modules/@testing-library/react/dist/pure.js:189:26)
      at render (node_modules/.pnpm/@testing-library+react@16.3.1_@testing-library+dom@10.4.1_@types+react-dom@19.2.3_@type_68c5b21a70acecf0fbbfd97f51128017/node_modules/@testing-library/react/dist/pure.js:291:10)
      at renderWithTheme (__tests__/pages/logs.test.tsx:65:16)
      at Object.<anonymous> (__tests__/pages/logs.test.tsx:341:5)

  ● LogsPage › displays log cards with hover effect

    TypeError: logs.filter is not a function

      35 |   };
      36 |
    > 37 |   const filteredLogs = logs.filter(log => {
         |                             ^
      38 |     const source = typeof log.context?.source === 'string' ? log.context.source : '';
      39 |
      40 |     // Extract message string - handle both string and Record<string, unknown>

      at LogsPage (app/logs/page.tsx:37:29)
      at Object.react_stack_bottom_frame (node_modules/.pnpm/react-dom@19.2.3_react@19.2.3/node_modules/react-dom/cjs/react-dom-client.development.js:25904:20)
      at renderWithHooks (node_modules/.pnpm/react-dom@19.2.3_react@19.2.3/node_modules/react-dom/cjs/react-dom-client.development.js:7662:22)
      at updateFunctionComponent (node_modules/.pnpm/react-dom@19.2.3_react@19.2.3/node_modules/react-dom/cjs/react-dom-client.development.js:10166:19)
      at beginWork (node_modules/.pnpm/react-dom@19.2.3_react@19.2.3/node_modules/react-dom/cjs/react-dom-client.development.js:11778:18)
      at runWithFiberInDEV (node_modules/.pnpm/react-dom@19.2.3_react@19.2.3/node_modules/react-dom/cjs/react-dom-client.development.js:874:13)
      at performUnitOfWork (node_modules/.pnpm/react-dom@19.2.3_react@19.2.3/node_modules/react-dom/cjs/react-dom-client.development.js:17641:22)
      at workLoopSync (node_modules/.pnpm/react-dom@19.2.3_react@19.2.3/node_modules/react-dom/cjs/react-dom-client.development.js:17469:41)
      at renderRootSync (node_modules/.pnpm/react-dom@19.2.3_react@19.2.3/node_modules/react-dom/cjs/react-dom-client.development.js:17450:11)
      at performWorkOnRoot (node_modules/.pnpm/react-dom@19.2.3_react@19.2.3/node_modules/react-dom/cjs/react-dom-client.development.js:16583:35)
      at performWorkOnRootViaSchedulerTask (node_modules/.pnpm/react-dom@19.2.3_react@19.2.3/node_modules/react-dom/cjs/react-dom-client.development.js:18957:7)
      at flushActQueue (node_modules/.pnpm/react@19.2.3/node_modules/react/cjs/react.development.js:590:34)
      at process.env.NODE_ENV.exports.act (node_modules/.pnpm/react@19.2.3/node_modules/react/cjs/react.development.js:884:10)
      at node_modules/.pnpm/@testing-library+react@16.3.1_@testing-library+dom@10.4.1_@types+react-dom@19.2.3_@type_68c5b21a70acecf0fbbfd97f51128017/node_modules/@testing-library/react/dist/act-compat.js:46:25
      at renderRoot (node_modules/.pnpm/@testing-library+react@16.3.1_@testing-library+dom@10.4.1_@types+react-dom@19.2.3_@type_68c5b21a70acecf0fbbfd97f51128017/node_modules/@testing-library/react/dist/pure.js:189:26)
      at render (node_modules/.pnpm/@testing-library+react@16.3.1_@testing-library+dom@10.4.1_@types+react-dom@19.2.3_@type_68c5b21a70acecf0fbbfd97f51128017/node_modules/@testing-library/react/dist/pure.js:291:10)
      at renderWithTheme (__tests__/pages/logs.test.tsx:65:16)
      at Object.<anonymous> (__tests__/pages/logs.test.tsx:347:5)

  ● LogsPage › handles null context gracefully

    TypeError: logs.filter is not a function

      35 |   };
      36 |
    > 37 |   const filteredLogs = logs.filter(log => {
         |                             ^
      38 |     const source = typeof log.context?.source === 'string' ? log.context.source : '';
      39 |
      40 |     // Extract message string - handle both string and Record<string, unknown>

      at LogsPage (app/logs/page.tsx:37:29)
      at Object.react_stack_bottom_frame (node_modules/.pnpm/react-dom@19.2.3_react@19.2.3/node_modules/react-dom/cjs/react-dom-client.development.js:25904:20)
      at renderWithHooks (node_modules/.pnpm/react-dom@19.2.3_react@19.2.3/node_modules/react-dom/cjs/react-dom-client.development.js:7662:22)
      at updateFunctionComponent (node_modules/.pnpm/react-dom@19.2.3_react@19.2.3/node_modules/react-dom/cjs/react-dom-client.development.js:10166:19)
      at beginWork (node_modules/.pnpm/react-dom@19.2.3_react@19.2.3/node_modules/react-dom/cjs/react-dom-client.development.js:11778:18)
      at runWithFiberInDEV (node_modules/.pnpm/react-dom@19.2.3_react@19.2.3/node_modules/react-dom/cjs/react-dom-client.development.js:874:13)
      at performUnitOfWork (node_modules/.pnpm/react-dom@19.2.3_react@19.2.3/node_modules/react-dom/cjs/react-dom-client.development.js:17641:22)
      at workLoopSync (node_modules/.pnpm/react-dom@19.2.3_react@19.2.3/node_modules/react-dom/cjs/react-dom-client.development.js:17469:41)
      at renderRootSync (node_modules/.pnpm/react-dom@19.2.3_react@19.2.3/node_modules/react-dom/cjs/react-dom-client.development.js:17450:11)
      at performWorkOnRoot (node_modules/.pnpm/react-dom@19.2.3_react@19.2.3/node_modules/react-dom/cjs/react-dom-client.development.js:16583:35)
      at performWorkOnRootViaSchedulerTask (node_modules/.pnpm/react-dom@19.2.3_react@19.2.3/node_modules/react-dom/cjs/react-dom-client.development.js:18957:7)
      at flushActQueue (node_modules/.pnpm/react@19.2.3/node_modules/react/cjs/react.development.js:590:34)
      at process.env.NODE_ENV.exports.act (node_modules/.pnpm/react@19.2.3/node_modules/react/cjs/react.development.js:884:10)
      at node_modules/.pnpm/@testing-library+react@16.3.1_@testing-library+dom@10.4.1_@types+react-dom@19.2.3_@type_68c5b21a70acecf0fbbfd97f51128017/node_modules/@testing-library/react/dist/act-compat.js:46:25
      at renderRoot (node_modules/.pnpm/@testing-library+react@16.3.1_@testing-library+dom@10.4.1_@types+react-dom@19.2.3_@type_68c5b21a70acecf0fbbfd97f51128017/node_modules/@testing-library/react/dist/pure.js:189:26)
      at render (node_modules/.pnpm/@testing-library+react@16.3.1_@testing-library+dom@10.4.1_@types+react-dom@19.2.3_@type_68c5b21a70acecf0fbbfd97f51128017/node_modules/@testing-library/react/dist/pure.js:291:10)
      at renderWithTheme (__tests__/pages/logs.test.tsx:65:16)
      at Object.<anonymous> (__tests__/pages/logs.test.tsx:367:5)

  ● LogsPage › handles undefined context gracefully

    TypeError: logs.filter is not a function

      35 |   };
      36 |
    > 37 |   const filteredLogs = logs.filter(log => {
         |                             ^
      38 |     const source = typeof log.context?.source === 'string' ? log.context.source : '';
      39 |
      40 |     // Extract message string - handle both string and Record<string, unknown>

      at LogsPage (app/logs/page.tsx:37:29)
      at Object.react_stack_bottom_frame (node_modules/.pnpm/react-dom@19.2.3_react@19.2.3/node_modules/react-dom/cjs/react-dom-client.development.js:25904:20)
      at renderWithHooks (node_modules/.pnpm/react-dom@19.2.3_react@19.2.3/node_modules/react-dom/cjs/react-dom-client.development.js:7662:22)
      at updateFunctionComponent (node_modules/.pnpm/react-dom@19.2.3_react@19.2.3/node_modules/react-dom/cjs/react-dom-client.development.js:10166:19)
      at beginWork (node_modules/.pnpm/react-dom@19.2.3_react@19.2.3/node_modules/react-dom/cjs/react-dom-client.development.js:11778:18)
      at runWithFiberInDEV (node_modules/.pnpm/react-dom@19.2.3_react@19.2.3/node_modules/react-dom/cjs/react-dom-client.development.js:874:13)
      at performUnitOfWork (node_modules/.pnpm/react-dom@19.2.3_react@19.2.3/node_modules/react-dom/cjs/react-dom-client.development.js:17641:22)
      at workLoopSync (node_modules/.pnpm/react-dom@19.2.3_react@19.2.3/node_modules/react-dom/cjs/react-dom-client.development.js:17469:41)
      at renderRootSync (node_modules/.pnpm/react-dom@19.2.3_react@19.2.3/node_modules/react-dom/cjs/react-dom-client.development.js:17450:11)
      at performWorkOnRoot (node_modules/.pnpm/react-dom@19.2.3_react@19.2.3/node_modules/react-dom/cjs/react-dom-client.development.js:16583:35)
      at performWorkOnRootViaSchedulerTask (node_modules/.pnpm/react-dom@19.2.3_react@19.2.3/node_modules/react-dom/cjs/react-dom-client.development.js:18957:7)
      at flushActQueue (node_modules/.pnpm/react@19.2.3/node_modules/react/cjs/react.development.js:590:34)
      at process.env.NODE_ENV.exports.act (node_modules/.pnpm/react@19.2.3/node_modules/react/cjs/react.development.js:884:10)
      at node_modules/.pnpm/@testing-library+react@16.3.1_@testing-library+dom@10.4.1_@types+react-dom@19.2.3_@type_68c5b21a70acecf0fbbfd97f51128017/node_modules/@testing-library/react/dist/act-compat.js:46:25
      at renderRoot (node_modules/.pnpm/@testing-library+react@16.3.1_@testing-library+dom@10.4.1_@types+react-dom@19.2.3_@type_68c5b21a70acecf0fbbfd97f51128017/node_modules/@testing-library/react/dist/pure.js:189:26)
      at render (node_modules/.pnpm/@testing-library+react@16.3.1_@testing-library+dom@10.4.1_@types+react-dom@19.2.3_@type_68c5b21a70acecf0fbbfd97f51128017/node_modules/@testing-library/react/dist/pure.js:291:10)
      at renderWithTheme (__tests__/pages/logs.test.tsx:65:16)
      at Object.<anonymous> (__tests__/pages/logs.test.tsx:386:5)

  ● LogsPage › displays correct level colors

    TypeError: logs.filter is not a function

      35 |   };
      36 |
    > 37 |   const filteredLogs = logs.filter(log => {
         |                             ^
      38 |     const source = typeof log.context?.source === 'string' ? log.context.source : '';
      39 |
      40 |     // Extract message string - handle both string and Record<string, unknown>

      at LogsPage (app/logs/page.tsx:37:29)
      at Object.react_stack_bottom_frame (node_modules/.pnpm/react-dom@19.2.3_react@19.2.3/node_modules/react-dom/cjs/react-dom-client.development.js:25904:20)
      at renderWithHooks (node_modules/.pnpm/react-dom@19.2.3_react@19.2.3/node_modules/react-dom/cjs/react-dom-client.development.js:7662:22)
      at updateFunctionComponent (node_modules/.pnpm/react-dom@19.2.3_react@19.2.3/node_modules/react-dom/cjs/react-dom-client.development.js:10166:19)
      at beginWork (node_modules/.pnpm/react-dom@19.2.3_react@19.2.3/node_modules/react-dom/cjs/react-dom-client.development.js:11778:18)
      at runWithFiberInDEV (node_modules/.pnpm/react-dom@19.2.3_react@19.2.3/node_modules/react-dom/cjs/react-dom-client.development.js:874:13)
      at performUnitOfWork (node_modules/.pnpm/react-dom@19.2.3_react@19.2.3/node_modules/react-dom/cjs/react-dom-client.development.js:17641:22)
      at workLoopSync (node_modules/.pnpm/react-dom@19.2.3_react@19.2.3/node_modules/react-dom/cjs/react-dom-client.development.js:17469:41)
      at renderRootSync (node_modules/.pnpm/react-dom@19.2.3_react@19.2.3/node_modules/react-dom/cjs/react-dom-client.development.js:17450:11)
      at performWorkOnRoot (node_modules/.pnpm/react-dom@19.2.3_react@19.2.3/node_modules/react-dom/cjs/react-dom-client.development.js:16583:35)
      at performWorkOnRootViaSchedulerTask (node_modules/.pnpm/react-dom@19.2.3_react@19.2.3/node_modules/react-dom/cjs/react-dom-client.development.js:18957:7)
      at flushActQueue (node_modules/.pnpm/react@19.2.3/node_modules/react/cjs/react.development.js:590:34)
      at process.env.NODE_ENV.exports.act (node_modules/.pnpm/react@19.2.3/node_modules/react/cjs/react.development.js:884:10)
      at node_modules/.pnpm/@testing-library+react@16.3.1_@testing-library+dom@10.4.1_@types+react-dom@19.2.3_@type_68c5b21a70acecf0fbbfd97f51128017/node_modules/@testing-library/react/dist/act-compat.js:46:25
      at renderRoot (node_modules/.pnpm/@testing-library+react@16.3.1_@testing-library+dom@10.4.1_@types+react-dom@19.2.3_@type_68c5b21a70acecf0fbbfd97f51128017/node_modules/@testing-library/react/dist/pure.js:189:26)
      at render (node_modules/.pnpm/@testing-library+react@16.3.1_@testing-library+dom@10.4.1_@types+react-dom@19.2.3_@type_68c5b21a70acecf0fbbfd97f51128017/node_modules/@testing-library/react/dist/pure.js:291:10)
      at renderWithTheme (__tests__/pages/logs.test.tsx:65:16)
      at Object.<anonymous> (__tests__/pages/logs.test.tsx:392:5)

  ● LogsPage › does not request logs when not connected

    TypeError: logs.filter is not a function

      35 |   };
      36 |
    > 37 |   const filteredLogs = logs.filter(log => {
         |                             ^
      38 |     const source = typeof log.context?.source === 'string' ? log.context.source : '';
      39 |
      40 |     // Extract message string - handle both string and Record<string, unknown>

      at LogsPage (app/logs/page.tsx:37:29)
      at Object.react_stack_bottom_frame (node_modules/.pnpm/react-dom@19.2.3_react@19.2.3/node_modules/react-dom/cjs/react-dom-client.development.js:25904:20)
      at renderWithHooks (node_modules/.pnpm/react-dom@19.2.3_react@19.2.3/node_modules/react-dom/cjs/react-dom-client.development.js:7662:22)
      at updateFunctionComponent (node_modules/.pnpm/react-dom@19.2.3_react@19.2.3/node_modules/react-dom/cjs/react-dom-client.development.js:10166:19)
      at beginWork (node_modules/.pnpm/react-dom@19.2.3_react@19.2.3/node_modules/react-dom/cjs/react-dom-client.development.js:11778:18)
      at runWithFiberInDEV (node_modules/.pnpm/react-dom@19.2.3_react@19.2.3/node_modules/react-dom/cjs/react-dom-client.development.js:874:13)
      at performUnitOfWork (node_modules/.pnpm/react-dom@19.2.3_react@19.2.3/node_modules/react-dom/cjs/react-dom-client.development.js:17641:22)
      at workLoopSync (node_modules/.pnpm/react-dom@19.2.3_react@19.2.3/node_modules/react-dom/cjs/react-dom-client.development.js:17469:41)
      at renderRootSync (node_modules/.pnpm/react-dom@19.2.3_react@19.2.3/node_modules/react-dom/cjs/react-dom-client.development.js:17450:11)
      at performWorkOnRoot (node_modules/.pnpm/react-dom@19.2.3_react@19.2.3/node_modules/react-dom/cjs/react-dom-client.development.js:16583:35)
      at performWorkOnRootViaSchedulerTask (node_modules/.pnpm/react-dom@19.2.3_react@19.2.3/node_modules/react-dom/cjs/react-dom-client.development.js:18957:7)
      at flushActQueue (node_modules/.pnpm/react@19.2.3/node_modules/react/cjs/react.development.js:590:34)
      at process.env.NODE_ENV.exports.act (node_modules/.pnpm/react@19.2.3/node_modules/react/cjs/react.development.js:884:10)
      at node_modules/.pnpm/@testing-library+react@16.3.1_@testing-library+dom@10.4.1_@types+react-dom@19.2.3_@type_68c5b21a70acecf0fbbfd97f51128017/node_modules/@testing-library/react/dist/act-compat.js:46:25
      at renderRoot (node_modules/.pnpm/@testing-library+react@16.3.1_@testing-library+dom@10.4.1_@types+react-dom@19.2.3_@type_68c5b21a70acecf0fbbfd97f51128017/node_modules/@testing-library/react/dist/pure.js:189:26)
      at render (node_modules/.pnpm/@testing-library+react@16.3.1_@testing-library+dom@10.4.1_@types+react-dom@19.2.3_@type_68c5b21a70acecf0fbbfd97f51128017/node_modules/@testing-library/react/dist/pure.js:291:10)
      at renderWithTheme (__tests__/pages/logs.test.tsx:65:16)
      at Object.<anonymous> (__tests__/pages/logs.test.tsx:407:5)

  ● LogsPage › requests logs on mount when connected

    TypeError: logs.filter is not a function

      35 |   };
      36 |
    > 37 |   const filteredLogs = logs.filter(log => {
         |                             ^
      38 |     const source = typeof log.context?.source === 'string' ? log.context.source : '';
      39 |
      40 |     // Extract message string - handle both string and Record<string, unknown>

      at LogsPage (app/logs/page.tsx:37:29)
      at Object.react_stack_bottom_frame (node_modules/.pnpm/react-dom@19.2.3_react@19.2.3/node_modules/react-dom/cjs/react-dom-client.development.js:25904:20)
      at renderWithHooks (node_modules/.pnpm/react-dom@19.2.3_react@19.2.3/node_modules/react-dom/cjs/react-dom-client.development.js:7662:22)
      at updateFunctionComponent (node_modules/.pnpm/react-dom@19.2.3_react@19.2.3/node_modules/react-dom/cjs/react-dom-client.development.js:10166:19)
      at beginWork (node_modules/.pnpm/react-dom@19.2.3_react@19.2.3/node_modules/react-dom/cjs/react-dom-client.development.js:11778:18)
      at runWithFiberInDEV (node_modules/.pnpm/react-dom@19.2.3_react@19.2.3/node_modules/react-dom/cjs/react-dom-client.development.js:874:13)
      at performUnitOfWork (node_modules/.pnpm/react-dom@19.2.3_react@19.2.3/node_modules/react-dom/cjs/react-dom-client.development.js:17641:22)
      at workLoopSync (node_modules/.pnpm/react-dom@19.2.3_react@19.2.3/node_modules/react-dom/cjs/react-dom-client.development.js:17469:41)
      at renderRootSync (node_modules/.pnpm/react-dom@19.2.3_react@19.2.3/node_modules/react-dom/cjs/react-dom-client.development.js:17450:11)
      at performWorkOnRoot (node_modules/.pnpm/react-dom@19.2.3_react@19.2.3/node_modules/react-dom/cjs/react-dom-client.development.js:16583:35)
      at performWorkOnRootViaSchedulerTask (node_modules/.pnpm/react-dom@19.2.3_react@19.2.3/node_modules/react-dom/cjs/react-dom-client.development.js:18957:7)
      at flushActQueue (node_modules/.pnpm/react@19.2.3/node_modules/react/cjs/react.development.js:590:34)
      at process.env.NODE_ENV.exports.act (node_modules/.pnpm/react@19.2.3/node_modules/react/cjs/react.development.js:884:10)
      at node_modules/.pnpm/@testing-library+react@16.3.1_@testing-library+dom@10.4.1_@types+react-dom@19.2.3_@type_68c5b21a70acecf0fbbfd97f51128017/node_modules/@testing-library/react/dist/act-compat.js:46:25
      at renderRoot (node_modules/.pnpm/@testing-library+react@16.3.1_@testing-library+dom@10.4.1_@types+react-dom@19.2.3_@type_68c5b21a70acecf0fbbfd97f51128017/node_modules/@testing-library/react/dist/pure.js:189:26)
      at render (node_modules/.pnpm/@testing-library+react@16.3.1_@testing-library+dom@10.4.1_@types+react-dom@19.2.3_@type_68c5b21a70acecf0fbbfd97f51128017/node_modules/@testing-library/react/dist/pure.js:291:10)
      at renderWithTheme (__tests__/pages/logs.test.tsx:65:16)
      at Object.<anonymous> (__tests__/pages/logs.test.tsx:422:5)

  ● LogsPage › displays 20 logs per page

    TypeError: logs.filter is not a function

      35 |   };
      36 |
    > 37 |   const filteredLogs = logs.filter(log => {
         |                             ^
      38 |     const source = typeof log.context?.source === 'string' ? log.context.source : '';
      39 |
      40 |     // Extract message string - handle both string and Record<string, unknown>

      at LogsPage (app/logs/page.tsx:37:29)
      at Object.react_stack_bottom_frame (node_modules/.pnpm/react-dom@19.2.3_react@19.2.3/node_modules/react-dom/cjs/react-dom-client.development.js:25904:20)
      at renderWithHooks (node_modules/.pnpm/react-dom@19.2.3_react@19.2.3/node_modules/react-dom/cjs/react-dom-client.development.js:7662:22)
      at updateFunctionComponent (node_modules/.pnpm/react-dom@19.2.3_react@19.2.3/node_modules/react-dom/cjs/react-dom-client.development.js:10166:19)
      at beginWork (node_modules/.pnpm/react-dom@19.2.3_react@19.2.3/node_modules/react-dom/cjs/react-dom-client.development.js:11778:18)
      at runWithFiberInDEV (node_modules/.pnpm/react-dom@19.2.3_react@19.2.3/node_modules/react-dom/cjs/react-dom-client.development.js:874:13)
      at performUnitOfWork (node_modules/.pnpm/react-dom@19.2.3_react@19.2.3/node_modules/react-dom/cjs/react-dom-client.development.js:17641:22)
      at workLoopSync (node_modules/.pnpm/react-dom@19.2.3_react@19.2.3/node_modules/react-dom/cjs/react-dom-client.development.js:17469:41)
      at renderRootSync (node_modules/.pnpm/react-dom@19.2.3_react@19.2.3/node_modules/react-dom/cjs/react-dom-client.development.js:17450:11)
      at performWorkOnRoot (node_modules/.pnpm/react-dom@19.2.3_react@19.2.3/node_modules/react-dom/cjs/react-dom-client.development.js:16583:35)
      at performWorkOnRootViaSchedulerTask (node_modules/.pnpm/react-dom@19.2.3_react@19.2.3/node_modules/react-dom/cjs/react-dom-client.development.js:18957:7)
      at flushActQueue (node_modules/.pnpm/react@19.2.3/node_modules/react/cjs/react.development.js:590:34)
      at process.env.NODE_ENV.exports.act (node_modules/.pnpm/react@19.2.3/node_modules/react/cjs/react.development.js:884:10)
      at node_modules/.pnpm/@testing-library+react@16.3.1_@testing-library+dom@10.4.1_@types+react-dom@19.2.3_@type_68c5b21a70acecf0fbbfd97f51128017/node_modules/@testing-library/react/dist/act-compat.js:46:25
      at renderRoot (node_modules/.pnpm/@testing-library+react@16.3.1_@testing-library+dom@10.4.1_@types+react-dom@19.2.3_@type_68c5b21a70acecf0fbbfd97f51128017/node_modules/@testing-library/react/dist/pure.js:189:26)
      at render (node_modules/.pnpm/@testing-library+react@16.3.1_@testing-library+dom@10.4.1_@types+react-dom@19.2.3_@type_68c5b21a70acecf0fbbfd97f51128017/node_modules/@testing-library/react/dist/pure.js:291:10)
      at renderWithTheme (__tests__/pages/logs.test.tsx:65:16)
      at Object.<anonymous> (__tests__/pages/logs.test.tsx:441:5)

  ● LogsPage › handles large number of logs

    TypeError: logs.filter is not a function

      35 |   };
      36 |
    > 37 |   const filteredLogs = logs.filter(log => {
         |                             ^
      38 |     const source = typeof log.context?.source === 'string' ? log.context.source : '';
      39 |
      40 |     // Extract message string - handle both string and Record<string, unknown>

      at LogsPage (app/logs/page.tsx:37:29)
      at Object.react_stack_bottom_frame (node_modules/.pnpm/react-dom@19.2.3_react@19.2.3/node_modules/react-dom/cjs/react-dom-client.development.js:25904:20)
      at renderWithHooks (node_modules/.pnpm/react-dom@19.2.3_react@19.2.3/node_modules/react-dom/cjs/react-dom-client.development.js:7662:22)
      at updateFunctionComponent (node_modules/.pnpm/react-dom@19.2.3_react@19.2.3/node_modules/react-dom/cjs/react-dom-client.development.js:10166:19)
      at beginWork (node_modules/.pnpm/react-dom@19.2.3_react@19.2.3/node_modules/react-dom/cjs/react-dom-client.development.js:11778:18)
      at runWithFiberInDEV (node_modules/.pnpm/react-dom@19.2.3_react@19.2.3/node_modules/react-dom/cjs/react-dom-client.development.js:874:13)
      at performUnitOfWork (node_modules/.pnpm/react-dom@19.2.3_react@19.2.3/node_modules/react-dom/cjs/react-dom-client.development.js:17641:22)
      at workLoopSync (node_modules/.pnpm/react-dom@19.2.3_react@19.2.3/node_modules/react-dom/cjs/react-dom-client.development.js:17469:41)
      at renderRootSync (node_modules/.pnpm/react-dom@19.2.3_react@19.2.3/node_modules/react-dom/cjs/react-dom-client.development.js:17450:11)
      at performWorkOnRoot (node_modules/.pnpm/react-dom@19.2.3_react@19.2.3/node_modules/react-dom/cjs/react-dom-client.development.js:16583:35)
      at performWorkOnRootViaSchedulerTask (node_modules/.pnpm/react-dom@19.2.3_react@19.2.3/node_modules/react-dom/cjs/react-dom-client.development.js:18957:7)
      at flushActQueue (node_modules/.pnpm/react@19.2.3/node_modules/react/cjs/react.development.js:590:34)
      at process.env.NODE_ENV.exports.act (node_modules/.pnpm/react@19.2.3/node_modules/react/cjs/react.development.js:884:10)
      at node_modules/.pnpm/@testing-library+react@16.3.1_@testing-library+dom@10.4.1_@types+react-dom@19.2.3_@type_68c5b21a70acecf0fbbfd97f51128017/node_modules/@testing-library/react/dist/act-compat.js:46:25
      at renderRoot (node_modules/.pnpm/@testing-library+react@16.3.1_@testing-library+dom@10.4.1_@types+react-dom@19.2.3_@type_68c5b21a70acecf0fbbfd97f51128017/node_modules/@testing-library/react/dist/pure.js:189:26)
      at render (node_modules/.pnpm/@testing-library+react@16.3.1_@testing-library+dom@10.4.1_@types+react-dom@19.2.3_@type_68c5b21a70acecf0fbbfd97f51128017/node_modules/@testing-library/react/dist/pure.js:291:10)
      at renderWithTheme (__tests__/pages/logs.test.tsx:65:16)
      at Object.<anonymous> (__tests__/pages/logs.test.tsx:461:5)

FAIL __tests__/pages/dashboard-page.test.tsx (18.483 s)
  ● DashboardPage › renders without crashing

    Element type is invalid: expected a string (for built-in components) or a class/function (for composite components) but got: object.

    Check the render method of `DashboardPage`.

      30 |
      31 | function renderWithTheme(component: React.ReactElement) {
    > 32 |   return render(component);
         |                ^
      33 | }
      34 |
      35 | describe("DashboardPage", () => {

      at createFiberFromTypeAndProps (node_modules/.pnpm/react-dom@19.2.3_react@19.2.3/node_modules/react-dom/cjs/react-dom-client.development.js:5021:28)
      at createFiberFromElement (node_modules/.pnpm/react-dom@19.2.3_react@19.2.3/node_modules/react-dom/cjs/react-dom-client.development.js:5035:14)
      at reconcileChildFibersImpl (node_modules/.pnpm/react-dom@19.2.3_react@19.2.3/node_modules/react-dom/cjs/react-dom-client.development.js:6920:31)
      at node_modules/.pnpm/react-dom@19.2.3_react@19.2.3/node_modules/react-dom/cjs/react-dom-client.development.js:7098:33
      at reconcileChildren (node_modules/.pnpm/react-dom@19.2.3_react@19.2.3/node_modules/react-dom/cjs/react-dom-client.development.js:9701:13)
      at beginWork (node_modules/.pnpm/react-dom@19.2.3_react@19.2.3/node_modules/react-dom/cjs/react-dom-client.development.js:12049:13)
      at runWithFiberInDEV (node_modules/.pnpm/react-dom@19.2.3_react@19.2.3/node_modules/react-dom/cjs/react-dom-client.development.js:874:13)
      at performUnitOfWork (node_modules/.pnpm/react-dom@19.2.3_react@19.2.3/node_modules/react-dom/cjs/react-dom-client.development.js:17641:22)
      at workLoopSync (node_modules/.pnpm/react-dom@19.2.3_react@19.2.3/node_modules/react-dom/cjs/react-dom-client.development.js:17469:41)
      at renderRootSync (node_modules/.pnpm/react-dom@19.2.3_react@19.2.3/node_modules/react-dom/cjs/react-dom-client.development.js:17450:11)
      at performWorkOnRoot (node_modules/.pnpm/react-dom@19.2.3_react@19.2.3/node_modules/react-dom/cjs/react-dom-client.development.js:16583:35)
      at performWorkOnRootViaSchedulerTask (node_modules/.pnpm/react-dom@19.2.3_react@19.2.3/node_modules/react-dom/cjs/react-dom-client.development.js:18957:7)
      at flushActQueue (node_modules/.pnpm/react@19.2.3/node_modules/react/cjs/react.development.js:590:34)
      at process.env.NODE_ENV.exports.act (node_modules/.pnpm/react@19.2.3/node_modules/react/cjs/react.development.js:884:10)
      at node_modules/.pnpm/@testing-library+react@16.3.1_@testing-library+dom@10.4.1_@types+react-dom@19.2.3_@type_68c5b21a70acecf0fbbfd97f51128017/node_modules/@testing-library/react/dist/act-compat.js:46:25
      at renderRoot (node_modules/.pnpm/@testing-library+react@16.3.1_@testing-library+dom@10.4.1_@types+react-dom@19.2.3_@type_68c5b21a70acecf0fbbfd97f51128017/node_modules/@testing-library/react/dist/pure.js:189:26)
      at render (node_modules/.pnpm/@testing-library+react@16.3.1_@testing-library+dom@10.4.1_@types+react-dom@19.2.3_@type_68c5b21a70acecf0fbbfd97f51128017/node_modules/@testing-library/react/dist/pure.js:291:10)
      at renderWithTheme (__tests__/pages/dashboard-page.test.tsx:32:16)
      at Object.<anonymous> (__tests__/pages/dashboard-page.test.tsx:46:5)

  ● DashboardPage › renders MainLayout component

    Element type is invalid: expected a string (for built-in components) or a class/function (for composite components) but got: object.

    Check the render method of `DashboardPage`.

      30 |
      31 | function renderWithTheme(component: React.ReactElement) {
    > 32 |   return render(component);
         |                ^
      33 | }
      34 |
      35 | describe("DashboardPage", () => {

      at createFiberFromTypeAndProps (node_modules/.pnpm/react-dom@19.2.3_react@19.2.3/node_modules/react-dom/cjs/react-dom-client.development.js:5021:28)
      at createFiberFromElement (node_modules/.pnpm/react-dom@19.2.3_react@19.2.3/node_modules/react-dom/cjs/react-dom-client.development.js:5035:14)
      at reconcileChildFibersImpl (node_modules/.pnpm/react-dom@19.2.3_react@19.2.3/node_modules/react-dom/cjs/react-dom-client.development.js:6920:31)
      at node_modules/.pnpm/react-dom@19.2.3_react@19.2.3/node_modules/react-dom/cjs/react-dom-client.development.js:7098:33
      at reconcileChildren (node_modules/.pnpm/react-dom@19.2.3_react@19.2.3/node_modules/react-dom/cjs/react-dom-client.development.js:9701:13)
      at beginWork (node_modules/.pnpm/react-dom@19.2.3_react@19.2.3/node_modules/react-dom/cjs/react-dom-client.development.js:12049:13)
      at runWithFiberInDEV (node_modules/.pnpm/react-dom@19.2.3_react@19.2.3/node_modules/react-dom/cjs/react-dom-client.development.js:874:13)
      at performUnitOfWork (node_modules/.pnpm/react-dom@19.2.3_react@19.2.3/node_modules/react-dom/cjs/react-dom-client.development.js:17641:22)
      at workLoopSync (node_modules/.pnpm/react-dom@19.2.3_react@19.2.3/node_modules/react-dom/cjs/react-dom-client.development.js:17469:41)
      at renderRootSync (node_modules/.pnpm/react-dom@19.2.3_react@19.2.3/node_modules/react-dom/cjs/react-dom-client.development.js:17450:11)
      at performWorkOnRoot (node_modules/.pnpm/react-dom@19.2.3_react@19.2.3/node_modules/react-dom/cjs/react-dom-client.development.js:16583:35)
      at performWorkOnRootViaSchedulerTask (node_modules/.pnpm/react-dom@19.2.3_react@19.2.3/node_modules/react-dom/cjs/react-dom-client.development.js:18957:7)
      at flushActQueue (node_modules/.pnpm/react@19.2.3/node_modules/react/cjs/react.development.js:590:34)
      at process.env.NODE_ENV.exports.act (node_modules/.pnpm/react@19.2.3/node_modules/react/cjs/react.development.js:884:10)
      at node_modules/.pnpm/@testing-library+react@16.3.1_@testing-library+dom@10.4.1_@types+react-dom@19.2.3_@type_68c5b21a70acecf0fbbfd97f51128017/node_modules/@testing-library/react/dist/act-compat.js:46:25
      at renderRoot (node_modules/.pnpm/@testing-library+react@16.3.1_@testing-library+dom@10.4.1_@types+react-dom@19.2.3_@type_68c5b21a70acecf0fbbfd97f51128017/node_modules/@testing-library/react/dist/pure.js:189:26)
      at render (node_modules/.pnpm/@testing-library+react@16.3.1_@testing-library+dom@10.4.1_@types+react-dom@19.2.3_@type_68c5b21a70acecf0fbbfd97f51128017/node_modules/@testing-library/react/dist/pure.js:291:10)
      at renderWithTheme (__tests__/pages/dashboard-page.test.tsx:32:16)
      at Object.<anonymous> (__tests__/pages/dashboard-page.test.tsx:50:5)

  ● DashboardPage › renders ModernDashboard component

    Element type is invalid: expected a string (for built-in components) or a class/function (for composite components) but got: object.

    Check the render method of `DashboardPage`.

      30 |
      31 | function renderWithTheme(component: React.ReactElement) {
    > 32 |   return render(component);
         |                ^
      33 | }
      34 |
      35 | describe("DashboardPage", () => {

      at createFiberFromTypeAndProps (node_modules/.pnpm/react-dom@19.2.3_react@19.2.3/node_modules/react-dom/cjs/react-dom-client.development.js:5021:28)
      at createFiberFromElement (node_modules/.pnpm/react-dom@19.2.3_react@19.2.3/node_modules/react-dom/cjs/react-dom-client.development.js:5035:14)
      at reconcileChildFibersImpl (node_modules/.pnpm/react-dom@19.2.3_react@19.2.3/node_modules/react-dom/cjs/react-dom-client.development.js:6920:31)
      at node_modules/.pnpm/react-dom@19.2.3_react@19.2.3/node_modules/react-dom/cjs/react-dom-client.development.js:7098:33
      at reconcileChildren (node_modules/.pnpm/react-dom@19.2.3_react@19.2.3/node_modules/react-dom/cjs/react-dom-client.development.js:9701:13)
      at beginWork (node_modules/.pnpm/react-dom@19.2.3_react@19.2.3/node_modules/react-dom/cjs/react-dom-client.development.js:12049:13)
      at runWithFiberInDEV (node_modules/.pnpm/react-dom@19.2.3_react@19.2.3/node_modules/react-dom/cjs/react-dom-client.development.js:874:13)
      at performUnitOfWork (node_modules/.pnpm/react-dom@19.2.3_react@19.2.3/node_modules/react-dom/cjs/react-dom-client.development.js:17641:22)
      at workLoopSync (node_modules/.pnpm/react-dom@19.2.3_react@19.2.3/node_modules/react-dom/cjs/react-dom-client.development.js:17469:41)
      at renderRootSync (node_modules/.pnpm/react-dom@19.2.3_react@19.2.3/node_modules/react-dom/cjs/react-dom-client.development.js:17450:11)
      at performWorkOnRoot (node_modules/.pnpm/react-dom@19.2.3_react@19.2.3/node_modules/react-dom/cjs/react-dom-client.development.js:16583:35)
      at performWorkOnRootViaSchedulerTask (node_modules/.pnpm/react-dom@19.2.3_react@19.2.3/node_modules/react-dom/cjs/react-dom-client.development.js:18957:7)
      at flushActQueue (node_modules/.pnpm/react@19.2.3/node_modules/react/cjs/react.development.js:590:34)
      at process.env.NODE_ENV.exports.act (node_modules/.pnpm/react@19.2.3/node_modules/react/cjs/react.development.js:884:10)
      at node_modules/.pnpm/@testing-library+react@16.3.1_@testing-library+dom@10.4.1_@types+react-dom@19.2.3_@type_68c5b21a70acecf0fbbfd97f51128017/node_modules/@testing-library/react/dist/act-compat.js:46:25
      at renderRoot (node_modules/.pnpm/@testing-library+react@16.3.1_@testing-library+dom@10.4.1_@types+react-dom@19.2.3_@type_68c5b21a70acecf0fbbfd97f51128017/node_modules/@testing-library/react/dist/pure.js:189:26)
      at render (node_modules/.pnpm/@testing-library+react@16.3.1_@testing-library+dom@10.4.1_@types+react-dom@19.2.3_@type_68c5b21a70acecf0fbbfd97f51128017/node_modules/@testing-library/react/dist/pure.js:291:10)
      at renderWithTheme (__tests__/pages/dashboard-page.test.tsx:32:16)
      at Object.<anonymous> (__tests__/pages/dashboard-page.test.tsx:56:5)

  ● DashboardPage › applies theme context correctly

    Element type is invalid: expected a string (for built-in components) or a class/function (for composite components) but got: object.

    Check the render method of `DashboardPage`.

      30 |
      31 | function renderWithTheme(component: React.ReactElement) {
    > 32 |   return render(component);
         |                ^
      33 | }
      34 |
      35 | describe("DashboardPage", () => {

      at createFiberFromTypeAndProps (node_modules/.pnpm/react-dom@19.2.3_react@19.2.3/node_modules/react-dom/cjs/react-dom-client.development.js:5021:28)
      at createFiberFromElement (node_modules/.pnpm/react-dom@19.2.3_react@19.2.3/node_modules/react-dom/cjs/react-dom-client.development.js:5035:14)
      at reconcileChildFibersImpl (node_modules/.pnpm/react-dom@19.2.3_react@19.2.3/node_modules/react-dom/cjs/react-dom-client.development.js:6920:31)
      at node_modules/.pnpm/react-dom@19.2.3_react@19.2.3/node_modules/react-dom/cjs/react-dom-client.development.js:7098:33
      at reconcileChildren (node_modules/.pnpm/react-dom@19.2.3_react@19.2.3/node_modules/react-dom/cjs/react-dom-client.development.js:9701:13)
      at beginWork (node_modules/.pnpm/react-dom@19.2.3_react@19.2.3/node_modules/react-dom/cjs/react-dom-client.development.js:12049:13)
      at runWithFiberInDEV (node_modules/.pnpm/react-dom@19.2.3_react@19.2.3/node_modules/react-dom/cjs/react-dom-client.development.js:874:13)
      at performUnitOfWork (node_modules/.pnpm/react-dom@19.2.3_react@19.2.3/node_modules/react-dom/cjs/react-dom-client.development.js:17641:22)
      at workLoopSync (node_modules/.pnpm/react-dom@19.2.3_react@19.2.3/node_modules/react-dom/cjs/react-dom-client.development.js:17469:41)
      at renderRootSync (node_modules/.pnpm/react-dom@19.2.3_react@19.2.3/node_modules/react-dom/cjs/react-dom-client.development.js:17450:11)
      at performWorkOnRoot (node_modules/.pnpm/react-dom@19.2.3_react@19.2.3/node_modules/react-dom/cjs/react-dom-client.development.js:16583:35)
      at performWorkOnRootViaSchedulerTask (node_modules/.pnpm/react-dom@19.2.3_react@19.2.3/node_modules/react-dom/cjs/react-dom-client.development.js:18957:7)
      at flushActQueue (node_modules/.pnpm/react@19.2.3/node_modules/react/cjs/react.development.js:590:34)
      at process.env.NODE_ENV.exports.act (node_modules/.pnpm/react@19.2.3/node_modules/react/cjs/react.development.js:884:10)
      at node_modules/.pnpm/@testing-library+react@16.3.1_@testing-library+dom@10.4.1_@types+react-dom@19.2.3_@type_68c5b21a70acecf0fbbfd97f51128017/node_modules/@testing-library/react/dist/act-compat.js:46:25
      at renderRoot (node_modules/.pnpm/@testing-library+react@16.3.1_@testing-library+dom@10.4.1_@types+react-dom@19.2.3_@type_68c5b21a70acecf0fbbfd97f51128017/node_modules/@testing-library/react/dist/pure.js:189:26)
      at render (node_modules/.pnpm/@testing-library+react@16.3.1_@testing-library+dom@10.4.1_@types+react-dom@19.2.3_@type_68c5b21a70acecf0fbbfd97f51128017/node_modules/@testing-library/react/dist/pure.js:291:10)
      at renderWithTheme (__tests__/pages/dashboard-page.test.tsx:32:16)
      at Object.<anonymous> (__tests__/pages/dashboard-page.test.tsx:63:5)

  ● DashboardPage › applies dark mode theme

    Element type is invalid: expected a string (for built-in components) or a class/function (for composite components) but got: object.

    Check the render method of `DashboardPage`.

      30 |
      31 | function renderWithTheme(component: React.ReactElement) {
    > 32 |   return render(component);
         |                ^
      33 | }
      34 |
      35 | describe("DashboardPage", () => {

      at createFiberFromTypeAndProps (node_modules/.pnpm/react-dom@19.2.3_react@19.2.3/node_modules/react-dom/cjs/react-dom-client.development.js:5021:28)
      at createFiberFromElement (node_modules/.pnpm/react-dom@19.2.3_react@19.2.3/node_modules/react-dom/cjs/react-dom-client.development.js:5035:14)
      at reconcileChildFibersImpl (node_modules/.pnpm/react-dom@19.2.3_react@19.2.3/node_modules/react-dom/cjs/react-dom-client.development.js:6920:31)
      at node_modules/.pnpm/react-dom@19.2.3_react@19.2.3/node_modules/react-dom/cjs/react-dom-client.development.js:7098:33
      at reconcileChildren (node_modules/.pnpm/react-dom@19.2.3_react@19.2.3/node_modules/react-dom/cjs/react-dom-client.development.js:9701:13)
      at beginWork (node_modules/.pnpm/react-dom@19.2.3_react@19.2.3/node_modules/react-dom/cjs/react-dom-client.development.js:12049:13)
      at runWithFiberInDEV (node_modules/.pnpm/react-dom@19.2.3_react@19.2.3/node_modules/react-dom/cjs/react-dom-client.development.js:874:13)
      at performUnitOfWork (node_modules/.pnpm/react-dom@19.2.3_react@19.2.3/node_modules/react-dom/cjs/react-dom-client.development.js:17641:22)
      at workLoopSync (node_modules/.pnpm/react-dom@19.2.3_react@19.2.3/node_modules/react-dom/cjs/react-dom-client.development.js:17469:41)
      at renderRootSync (node_modules/.pnpm/react-dom@19.2.3_react@19.2.3/node_modules/react-dom/cjs/react-dom-client.development.js:17450:11)
      at performWorkOnRoot (node_modules/.pnpm/react-dom@19.2.3_react@19.2.3/node_modules/react-dom/cjs/react-dom-client.development.js:16583:35)
      at performWorkOnRootViaSchedulerTask (node_modules/.pnpm/react-dom@19.2.3_react@19.2.3/node_modules/react-dom/cjs/react-dom-client.development.js:18957:7)
      at flushActQueue (node_modules/.pnpm/react@19.2.3/node_modules/react/cjs/react.development.js:590:34)
      at process.env.NODE_ENV.exports.act (node_modules/.pnpm/react@19.2.3/node_modules/react/cjs/react.development.js:884:10)
      at node_modules/.pnpm/@testing-library+react@16.3.1_@testing-library+dom@10.4.1_@types+react-dom@19.2.3_@type_68c5b21a70acecf0fbbfd97f51128017/node_modules/@testing-library/react/dist/act-compat.js:46:25
      at renderRoot (node_modules/.pnpm/@testing-library+react@16.3.1_@testing-library+dom@10.4.1_@types+react-dom@19.2.3_@type_68c5b21a70acecf0fbbfd97f51128017/node_modules/@testing-library/react/dist/pure.js:189:26)
      at render (node_modules/.pnpm/@testing-library+react@16.3.1_@testing-library+dom@10.4.1_@types+react-dom@19.2.3_@type_68c5b21a70acecf0fbbfd97f51128017/node_modules/@testing-library/react/dist/pure.js:291:10)
      at renderWithTheme (__tests__/pages/dashboard-page.test.tsx:32:16)
      at Object.<anonymous> (__tests__/pages/dashboard-page.test.tsx:69:5)

  ● DashboardPage › applies light mode theme

    Element type is invalid: expected a string (for built-in components) or a class/function (for composite components) but got: object.

    Check the render method of `DashboardPage`.

      30 |
      31 | function renderWithTheme(component: React.ReactElement) {
    > 32 |   return render(component);
         |                ^
      33 | }
      34 |
      35 | describe("DashboardPage", () => {

      at createFiberFromTypeAndProps (node_modules/.pnpm/react-dom@19.2.3_react@19.2.3/node_modules/react-dom/cjs/react-dom-client.development.js:5021:28)
      at createFiberFromElement (node_modules/.pnpm/react-dom@19.2.3_react@19.2.3/node_modules/react-dom/cjs/react-dom-client.development.js:5035:14)
      at reconcileChildFibersImpl (node_modules/.pnpm/react-dom@19.2.3_react@19.2.3/node_modules/react-dom/cjs/react-dom-client.development.js:6920:31)
      at node_modules/.pnpm/react-dom@19.2.3_react@19.2.3/node_modules/react-dom/cjs/react-dom-client.development.js:7098:33
      at reconcileChildren (node_modules/.pnpm/react-dom@19.2.3_react@19.2.3/node_modules/react-dom/cjs/react-dom-client.development.js:9701:13)
      at beginWork (node_modules/.pnpm/react-dom@19.2.3_react@19.2.3/node_modules/react-dom/cjs/react-dom-client.development.js:12049:13)
      at runWithFiberInDEV (node_modules/.pnpm/react-dom@19.2.3_react@19.2.3/node_modules/react-dom/cjs/react-dom-client.development.js:874:13)
      at performUnitOfWork (node_modules/.pnpm/react-dom@19.2.3_react@19.2.3/node_modules/react-dom/cjs/react-dom-client.development.js:17641:22)
      at workLoopSync (node_modules/.pnpm/react-dom@19.2.3_react@19.2.3/node_modules/react-dom/cjs/react-dom-client.development.js:17469:41)
      at renderRootSync (node_modules/.pnpm/react-dom@19.2.3_react@19.2.3/node_modules/react-dom/cjs/react-dom-client.development.js:17450:11)
      at performWorkOnRoot (node_modules/.pnpm/react-dom@19.2.3_react@19.2.3/node_modules/react-dom/cjs/react-dom-client.development.js:16583:35)
      at performWorkOnRootViaSchedulerTask (node_modules/.pnpm/react-dom@19.2.3_react@19.2.3/node_modules/react-dom/cjs/react-dom-client.development.js:18957:7)
      at flushActQueue (node_modules/.pnpm/react@19.2.3/node_modules/react/cjs/react.development.js:590:34)
      at process.env.NODE_ENV.exports.act (node_modules/.pnpm/react@19.2.3/node_modules/react/cjs/react.development.js:884:10)
      at node_modules/.pnpm/@testing-library+react@16.3.1_@testing-library+dom@10.4.1_@types+react-dom@19.2.3_@type_68c5b21a70acecf0fbbfd97f51128017/node_modules/@testing-library/react/dist/act-compat.js:46:25
      at renderRoot (node_modules/.pnpm/@testing-library+react@16.3.1_@testing-library+dom@10.4.1_@types+react-dom@19.2.3_@type_68c5b21a70acecf0fbbfd97f51128017/node_modules/@testing-library/react/dist/pure.js:189:26)
      at render (node_modules/.pnpm/@testing-library+react@16.3.1_@testing-library+dom@10.4.1_@types+react-dom@19.2.3_@type_68c5b21a70acecf0fbbfd97f51128017/node_modules/@testing-library/react/dist/pure.js:291:10)
      at renderWithTheme (__tests__/pages/dashboard-page.test.tsx:32:16)
      at Object.<anonymous> (__tests__/pages/dashboard-page.test.tsx:75:5)

  ● DashboardPage › has correct component structure

    Element type is invalid: expected a string (for built-in components) or a class/function (for composite components) but got: object.

    Check the render method of `DashboardPage`.

      30 |
      31 | function renderWithTheme(component: React.ReactElement) {
    > 32 |   return render(component);
         |                ^
      33 | }
      34 |
      35 | describe("DashboardPage", () => {

      at createFiberFromTypeAndProps (node_modules/.pnpm/react-dom@19.2.3_react@19.2.3/node_modules/react-dom/cjs/react-dom-client.development.js:5021:28)
      at createFiberFromElement (node_modules/.pnpm/react-dom@19.2.3_react@19.2.3/node_modules/react-dom/cjs/react-dom-client.development.js:5035:14)
      at reconcileChildFibersImpl (node_modules/.pnpm/react-dom@19.2.3_react@19.2.3/node_modules/react-dom/cjs/react-dom-client.development.js:6920:31)
      at node_modules/.pnpm/react-dom@19.2.3_react@19.2.3/node_modules/react-dom/cjs/react-dom-client.development.js:7098:33
      at reconcileChildren (node_modules/.pnpm/react-dom@19.2.3_react@19.2.3/node_modules/react-dom/cjs/react-dom-client.development.js:9701:13)
      at beginWork (node_modules/.pnpm/react-dom@19.2.3_react@19.2.3/node_modules/react-dom/cjs/react-dom-client.development.js:12049:13)
      at runWithFiberInDEV (node_modules/.pnpm/react-dom@19.2.3_react@19.2.3/node_modules/react-dom/cjs/react-dom-client.development.js:874:13)
      at performUnitOfWork (node_modules/.pnpm/react-dom@19.2.3_react@19.2.3/node_modules/react-dom/cjs/react-dom-client.development.js:17641:22)
      at workLoopSync (node_modules/.pnpm/react-dom@19.2.3_react@19.2.3/node_modules/react-dom/cjs/react-dom-client.development.js:17469:41)
      at renderRootSync (node_modules/.pnpm/react-dom@19.2.3_react@19.2.3/node_modules/react-dom/cjs/react-dom-client.development.js:17450:11)
      at performWorkOnRoot (node_modules/.pnpm/react-dom@19.2.3_react@19.2.3/node_modules/react-dom/cjs/react-dom-client.development.js:16583:35)
      at performWorkOnRootViaSchedulerTask (node_modules/.pnpm/react-dom@19.2.3_react@19.2.3/node_modules/react-dom/cjs/react-dom-client.development.js:18957:7)
      at flushActQueue (node_modules/.pnpm/react@19.2.3/node_modules/react/cjs/react.development.js:590:34)
      at process.env.NODE_ENV.exports.act (node_modules/.pnpm/react@19.2.3/node_modules/react/cjs/react.development.js:884:10)
      at node_modules/.pnpm/@testing-library+react@16.3.1_@testing-library+dom@10.4.1_@types+react-dom@19.2.3_@type_68c5b21a70acecf0fbbfd97f51128017/node_modules/@testing-library/react/dist/act-compat.js:46:25
      at renderRoot (node_modules/.pnpm/@testing-library+react@16.3.1_@testing-library+dom@10.4.1_@types+react-dom@19.2.3_@type_68c5b21a70acecf0fbbfd97f51128017/node_modules/@testing-library/react/dist/pure.js:189:26)
      at render (node_modules/.pnpm/@testing-library+react@16.3.1_@testing-library+dom@10.4.1_@types+react-dom@19.2.3_@type_68c5b21a70acecf0fbbfd97f51128017/node_modules/@testing-library/react/dist/pure.js:291:10)
      at renderWithTheme (__tests__/pages/dashboard-page.test.tsx:32:16)
      at Object.<anonymous> (__tests__/pages/dashboard-page.test.tsx:81:27)

  ● DashboardPage › is accessible

    Element type is invalid: expected a string (for built-in components) or a class/function (for composite components) but got: object.

    Check the render method of `DashboardPage`.

      30 |
      31 | function renderWithTheme(component: React.ReactElement) {
    > 32 |   return render(component);
         |                ^
      33 | }
      34 |
      35 | describe("DashboardPage", () => {

      at createFiberFromTypeAndProps (node_modules/.pnpm/react-dom@19.2.3_react@19.2.3/node_modules/react-dom/cjs/react-dom-client.development.js:5021:28)
      at createFiberFromElement (node_modules/.pnpm/react-dom@19.2.3_react@19.2.3/node_modules/react-dom/cjs/react-dom-client.development.js:5035:14)
      at reconcileChildFibersImpl (node_modules/.pnpm/react-dom@19.2.3_react@19.2.3/node_modules/react-dom/cjs/react-dom-client.development.js:6920:31)
      at node_modules/.pnpm/react-dom@19.2.3_react@19.2.3/node_modules/react-dom/cjs/react-dom-client.development.js:7098:33
      at reconcileChildren (node_modules/.pnpm/react-dom@19.2.3_react@19.2.3/node_modules/react-dom/cjs/react-dom-client.development.js:9701:13)
      at beginWork (node_modules/.pnpm/react-dom@19.2.3_react@19.2.3/node_modules/react-dom/cjs/react-dom-client.development.js:12049:13)
      at runWithFiberInDEV (node_modules/.pnpm/react-dom@19.2.3_react@19.2.3/node_modules/react-dom/cjs/react-dom-client.development.js:874:13)
      at performUnitOfWork (node_modules/.pnpm/react-dom@19.2.3_react@19.2.3/node_modules/react-dom/cjs/react-dom-client.development.js:17641:22)
      at workLoopSync (node_modules/.pnpm/react-dom@19.2.3_react@19.2.3/node_modules/react-dom/cjs/react-dom-client.development.js:17469:41)
      at renderRootSync (node_modules/.pnpm/react-dom@19.2.3_react@19.2.3/node_modules/react-dom/cjs/react-dom-client.development.js:17450:11)
      at performWorkOnRoot (node_modules/.pnpm/react-dom@19.2.3_react@19.2.3/node_modules/react-dom/cjs/react-dom-client.development.js:16583:35)
      at performWorkOnRootViaSchedulerTask (node_modules/.pnpm/react-dom@19.2.3_react@19.2.3/node_modules/react-dom/cjs/react-dom-client.development.js:18957:7)
      at flushActQueue (node_modules/.pnpm/react@19.2.3/node_modules/react/cjs/react.development.js:590:34)
      at process.env.NODE_ENV.exports.act (node_modules/.pnpm/react@19.2.3/node_modules/react/cjs/react.development.js:884:10)
      at node_modules/.pnpm/@testing-library+react@16.3.1_@testing-library+dom@10.4.1_@types+react-dom@19.2.3_@type_68c5b21a70acecf0fbbfd97f51128017/node_modules/@testing-library/react/dist/act-compat.js:46:25
      at renderRoot (node_modules/.pnpm/@testing-library+react@16.3.1_@testing-library+dom@10.4.1_@types+react-dom@19.2.3_@type_68c5b21a70acecf0fbbfd97f51128017/node_modules/@testing-library/react/dist/pure.js:189:26)
      at render (node_modules/.pnpm/@testing-library+react@16.3.1_@testing-library+dom@10.4.1_@types+react-dom@19.2.3_@type_68c5b21a70acecf0fbbfd97f51128017/node_modules/@testing-library/react/dist/pure.js:291:10)
      at renderWithTheme (__tests__/pages/dashboard-page.test.tsx:32:16)
      at Object.<anonymous> (__tests__/pages/dashboard-page.test.tsx:89:5)

  ● DashboardPage › renders correctly on rerender

    Element type is invalid: expected a string (for built-in components) or a class/function (for composite components) but got: object.

    Check the render method of `DashboardPage`.

      30 |
      31 | function renderWithTheme(component: React.ReactElement) {
    > 32 |   return render(component);
         |                ^
      33 | }
      34 |
      35 | describe("DashboardPage", () => {

      at createFiberFromTypeAndProps (node_modules/.pnpm/react-dom@19.2.3_react@19.2.3/node_modules/react-dom/cjs/react-dom-client.development.js:5021:28)
      at createFiberFromElement (node_modules/.pnpm/react-dom@19.2.3_react@19.2.3/node_modules/react-dom/cjs/react-dom-client.development.js:5035:14)
      at reconcileChildFibersImpl (node_modules/.pnpm/react-dom@19.2.3_react@19.2.3/node_modules/react-dom/cjs/react-dom-client.development.js:6920:31)
      at node_modules/.pnpm/react-dom@19.2.3_react@19.2.3/node_modules/react-dom/cjs/react-dom-client.development.js:7098:33
      at reconcileChildren (node_modules/.pnpm/react-dom@19.2.3_react@19.2.3/node_modules/react-dom/cjs/react-dom-client.development.js:9701:13)
      at beginWork (node_modules/.pnpm/react-dom@19.2.3_react@19.2.3/node_modules/react-dom/cjs/react-dom-client.development.js:12049:13)
      at runWithFiberInDEV (node_modules/.pnpm/react-dom@19.2.3_react@19.2.3/node_modules/react-dom/cjs/react-dom-client.development.js:874:13)
      at performUnitOfWork (node_modules/.pnpm/react-dom@19.2.3_react@19.2.3/node_modules/react-dom/cjs/react-dom-client.development.js:17641:22)
      at workLoopSync (node_modules/.pnpm/react-dom@19.2.3_react@19.2.3/node_modules/react-dom/cjs/react-dom-client.development.js:17469:41)
      at renderRootSync (node_modules/.pnpm/react-dom@19.2.3_react@19.2.3/node_modules/react-dom/cjs/react-dom-client.development.js:17450:11)
      at performWorkOnRoot (node_modules/.pnpm/react-dom@19.2.3_react@19.2.3/node_modules/react-dom/cjs/react-dom-client.development.js:16583:35)
      at performWorkOnRootViaSchedulerTask (node_modules/.pnpm/react-dom@19.2.3_react@19.2.3/node_modules/react-dom/cjs/react-dom-client.development.js:18957:7)
      at flushActQueue (node_modules/.pnpm/react@19.2.3/node_modules/react/cjs/react.development.js:590:34)
      at process.env.NODE_ENV.exports.act (node_modules/.pnpm/react@19.2.3/node_modules/react/cjs/react.development.js:884:10)
      at node_modules/.pnpm/@testing-library+react@16.3.1_@testing-library+dom@10.4.1_@types+react-dom@19.2.3_@type_68c5b21a70acecf0fbbfd97f51128017/node_modules/@testing-library/react/dist/act-compat.js:46:25
      at renderRoot (node_modules/.pnpm/@testing-library+react@16.3.1_@testing-library+dom@10.4.1_@types+react-dom@19.2.3_@type_68c5b21a70acecf0fbbfd97f51128017/node_modules/@testing-library/react/dist/pure.js:189:26)
      at render (node_modules/.pnpm/@testing-library+react@16.3.1_@testing-library+dom@10.4.1_@types+react-dom@19.2.3_@type_68c5b21a70acecf0fbbfd97f51128017/node_modules/@testing-library/react/dist/pure.js:291:10)
      at renderWithTheme (__tests__/pages/dashboard-page.test.tsx:32:16)
      at Object.<anonymous> (__tests__/pages/dashboard-page.test.tsx:96:26)

  ● DashboardPage › handles theme changes

    Element type is invalid: expected a string (for built-in components) or a class/function (for composite components) but got: object.

    Check the render method of `DashboardPage`.

      30 |
      31 | function renderWithTheme(component: React.ReactElement) {
    > 32 |   return render(component);
         |                ^
      33 | }
      34 |
      35 | describe("DashboardPage", () => {

      at createFiberFromTypeAndProps (node_modules/.pnpm/react-dom@19.2.3_react@19.2.3/node_modules/react-dom/cjs/react-dom-client.development.js:5021:28)
      at createFiberFromElement (node_modules/.pnpm/react-dom@19.2.3_react@19.2.3/node_modules/react-dom/cjs/react-dom-client.development.js:5035:14)
      at reconcileChildFibersImpl (node_modules/.pnpm/react-dom@19.2.3_react@19.2.3/node_modules/react-dom/cjs/react-dom-client.development.js:6920:31)
      at node_modules/.pnpm/react-dom@19.2.3_react@19.2.3/node_modules/react-dom/cjs/react-dom-client.development.js:7098:33
      at reconcileChildren (node_modules/.pnpm/react-dom@19.2.3_react@19.2.3/node_modules/react-dom/cjs/react-dom-client.development.js:9701:13)
      at beginWork (node_modules/.pnpm/react-dom@19.2.3_react@19.2.3/node_modules/react-dom/cjs/react-dom-client.development.js:12049:13)
      at runWithFiberInDEV (node_modules/.pnpm/react-dom@19.2.3_react@19.2.3/node_modules/react-dom/cjs/react-dom-client.development.js:874:13)
      at performUnitOfWork (node_modules/.pnpm/react-dom@19.2.3_react@19.2.3/node_modules/react-dom/cjs/react-dom-client.development.js:17641:22)
      at workLoopSync (node_modules/.pnpm/react-dom@19.2.3_react@19.2.3/node_modules/react-dom/cjs/react-dom-client.development.js:17469:41)
      at renderRootSync (node_modules/.pnpm/react-dom@19.2.3_react@19.2.3/node_modules/react-dom/cjs/react-dom-client.development.js:17450:11)
      at performWorkOnRoot (node_modules/.pnpm/react-dom@19.2.3_react@19.2.3/node_modules/react-dom/cjs/react-dom-client.development.js:16583:35)
      at performWorkOnRootViaSchedulerTask (node_modules/.pnpm/react-dom@19.2.3_react@19.2.3/node_modules/react-dom/cjs/react-dom-client.development.js:18957:7)
      at flushActQueue (node_modules/.pnpm/react@19.2.3/node_modules/react/cjs/react.development.js:590:34)
      at process.env.NODE_ENV.exports.act (node_modules/.pnpm/react@19.2.3/node_modules/react/cjs/react.development.js:884:10)
      at node_modules/.pnpm/@testing-library+react@16.3.1_@testing-library+dom@10.4.1_@types+react-dom@19.2.3_@type_68c5b21a70acecf0fbbfd97f51128017/node_modules/@testing-library/react/dist/act-compat.js:46:25
      at renderRoot (node_modules/.pnpm/@testing-library+react@16.3.1_@testing-library+dom@10.4.1_@types+react-dom@19.2.3_@type_68c5b21a70acecf0fbbfd97f51128017/node_modules/@testing-library/react/dist/pure.js:189:26)
      at render (node_modules/.pnpm/@testing-library+react@16.3.1_@testing-library+dom@10.4.1_@types+react-dom@19.2.3_@type_68c5b21a70acecf0fbbfd97f51128017/node_modules/@testing-library/react/dist/pure.js:291:10)
      at renderWithTheme (__tests__/pages/dashboard-page.test.tsx:32:16)
      at Object.<anonymous> (__tests__/pages/dashboard-page.test.tsx:106:26)

  ● DashboardPage › does not render unexpected content

    Element type is invalid: expected a string (for built-in components) or a class/function (for composite components) but got: object.

    Check the render method of `DashboardPage`.

      30 |
      31 | function renderWithTheme(component: React.ReactElement) {
    > 32 |   return render(component);
         |                ^
      33 | }
      34 |
      35 | describe("DashboardPage", () => {

      at createFiberFromTypeAndProps (node_modules/.pnpm/react-dom@19.2.3_react@19.2.3/node_modules/react-dom/cjs/react-dom-client.development.js:5021:28)
      at createFiberFromElement (node_modules/.pnpm/react-dom@19.2.3_react@19.2.3/node_modules/react-dom/cjs/react-dom-client.development.js:5035:14)
      at reconcileChildFibersImpl (node_modules/.pnpm/react-dom@19.2.3_react@19.2.3/node_modules/react-dom/cjs/react-dom-client.development.js:6920:31)
      at node_modules/.pnpm/react-dom@19.2.3_react@19.2.3/node_modules/react-dom/cjs/react-dom-client.development.js:7098:33
      at reconcileChildren (node_modules/.pnpm/react-dom@19.2.3_react@19.2.3/node_modules/react-dom/cjs/react-dom-client.development.js:9701:13)
      at beginWork (node_modules/.pnpm/react-dom@19.2.3_react@19.2.3/node_modules/react-dom/cjs/react-dom-client.development.js:12049:13)
      at runWithFiberInDEV (node_modules/.pnpm/react-dom@19.2.3_react@19.2.3/node_modules/react-dom/cjs/react-dom-client.development.js:874:13)
      at performUnitOfWork (node_modules/.pnpm/react-dom@19.2.3_react@19.2.3/node_modules/react-dom/cjs/react-dom-client.development.js:17641:22)
      at workLoopSync (node_modules/.pnpm/react-dom@19.2.3_react@19.2.3/node_modules/react-dom/cjs/react-dom-client.development.js:17469:41)
      at renderRootSync (node_modules/.pnpm/react-dom@19.2.3_react@19.2.3/node_modules/react-dom/cjs/react-dom-client.development.js:17450:11)
      at performWorkOnRoot (node_modules/.pnpm/react-dom@19.2.3_react@19.2.3/node_modules/react-dom/cjs/react-dom-client.development.js:16583:35)
      at performWorkOnRootViaSchedulerTask (node_modules/.pnpm/react-dom@19.2.3_react@19.2.3/node_modules/react-dom/cjs/react-dom-client.development.js:18957:7)
      at flushActQueue (node_modules/.pnpm/react@19.2.3/node_modules/react/cjs/react.development.js:590:34)
      at process.env.NODE_ENV.exports.act (node_modules/.pnpm/react@19.2.3/node_modules/react/cjs/react.development.js:884:10)
      at node_modules/.pnpm/@testing-library+react@16.3.1_@testing-library+dom@10.4.1_@types+react-dom@19.2.3_@type_68c5b21a70acecf0fbbfd97f51128017/node_modules/@testing-library/react/dist/act-compat.js:46:25
      at renderRoot (node_modules/.pnpm/@testing-library+react@16.3.1_@testing-library+dom@10.4.1_@types+react-dom@19.2.3_@type_68c5b21a70acecf0fbbfd97f51128017/node_modules/@testing-library/react/dist/pure.js:189:26)
      at render (node_modules/.pnpm/@testing-library+react@16.3.1_@testing-library+dom@10.4.1_@types+react-dom@19.2.3_@type_68c5b21a70acecf0fbbfd97f51128017/node_modules/@testing-library/react/dist/pure.js:291:10)
      at renderWithTheme (__tests__/pages/dashboard-page.test.tsx:32:16)
      at Object.<anonymous> (__tests__/pages/dashboard-page.test.tsx:116:5)

  ● DashboardPage › maintains component hierarchy

    Element type is invalid: expected a string (for built-in components) or a class/function (for composite components) but got: object.

    Check the render method of `DashboardPage`.

      30 |
      31 | function renderWithTheme(component: React.ReactElement) {
    > 32 |   return render(component);
         |                ^
      33 | }
      34 |
      35 | describe("DashboardPage", () => {

      at createFiberFromTypeAndProps (node_modules/.pnpm/react-dom@19.2.3_react@19.2.3/node_modules/react-dom/cjs/react-dom-client.development.js:5021:28)
      at createFiberFromElement (node_modules/.pnpm/react-dom@19.2.3_react@19.2.3/node_modules/react-dom/cjs/react-dom-client.development.js:5035:14)
      at reconcileChildFibersImpl (node_modules/.pnpm/react-dom@19.2.3_react@19.2.3/node_modules/react-dom/cjs/react-dom-client.development.js:6920:31)
      at node_modules/.pnpm/react-dom@19.2.3_react@19.2.3/node_modules/react-dom/cjs/react-dom-client.development.js:7098:33
      at reconcileChildren (node_modules/.pnpm/react-dom@19.2.3_react@19.2.3/node_modules/react-dom/cjs/react-dom-client.development.js:9701:13)
      at beginWork (node_modules/.pnpm/react-dom@19.2.3_react@19.2.3/node_modules/react-dom/cjs/react-dom-client.development.js:12049:13)
      at runWithFiberInDEV (node_modules/.pnpm/react-dom@19.2.3_react@19.2.3/node_modules/react-dom/cjs/react-dom-client.development.js:874:13)
      at performUnitOfWork (node_modules/.pnpm/react-dom@19.2.3_react@19.2.3/node_modules/react-dom/cjs/react-dom-client.development.js:17641:22)
      at workLoopSync (node_modules/.pnpm/react-dom@19.2.3_react@19.2.3/node_modules/react-dom/cjs/react-dom-client.development.js:17469:41)
      at renderRootSync (node_modules/.pnpm/react-dom@19.2.3_react@19.2.3/node_modules/react-dom/cjs/react-dom-client.development.js:17450:11)
      at performWorkOnRoot (node_modules/.pnpm/react-dom@19.2.3_react@19.2.3/node_modules/react-dom/cjs/react-dom-client.development.js:16583:35)
      at performWorkOnRootViaSchedulerTask (node_modules/.pnpm/react-dom@19.2.3_react@19.2.3/node_modules/react-dom/cjs/react-dom-client.development.js:18957:7)
      at flushActQueue (node_modules/.pnpm/react@19.2.3/node_modules/react/cjs/react.development.js:590:34)
      at process.env.NODE_ENV.exports.act (node_modules/.pnpm/react@19.2.3/node_modules/react/cjs/react.development.js:884:10)
      at node_modules/.pnpm/@testing-library+react@16.3.1_@testing-library+dom@10.4.1_@types+react-dom@19.2.3_@type_68c5b21a70acecf0fbbfd97f51128017/node_modules/@testing-library/react/dist/act-compat.js:46:25
      at renderRoot (node_modules/.pnpm/@testing-library+react@16.3.1_@testing-library+dom@10.4.1_@types+react-dom@19.2.3_@type_68c5b21a70acecf0fbbfd97f51128017/node_modules/@testing-library/react/dist/pure.js:189:26)
      at render (node_modules/.pnpm/@testing-library+react@16.3.1_@testing-library+dom@10.4.1_@types+react-dom@19.2.3_@type_68c5b21a70acecf0fbbfd97f51128017/node_modules/@testing-library/react/dist/pure.js:291:10)
      at renderWithTheme (__tests__/pages/dashboard-page.test.tsx:32:16)
      at Object.<anonymous> (__tests__/pages/dashboard-page.test.tsx:125:27)

  ● DashboardPage › is responsive

    Element type is invalid: expected a string (for built-in components) or a class/function (for composite components) but got: object.

    Check the render method of `DashboardPage`.

      30 |
      31 | function renderWithTheme(component: React.ReactElement) {
    > 32 |   return render(component);
         |                ^
      33 | }
      34 |
      35 | describe("DashboardPage", () => {

      at createFiberFromTypeAndProps (node_modules/.pnpm/react-dom@19.2.3_react@19.2.3/node_modules/react-dom/cjs/react-dom-client.development.js:5021:28)
      at createFiberFromElement (node_modules/.pnpm/react-dom@19.2.3_react@19.2.3/node_modules/react-dom/cjs/react-dom-client.development.js:5035:14)
      at reconcileChildFibersImpl (node_modules/.pnpm/react-dom@19.2.3_react@19.2.3/node_modules/react-dom/cjs/react-dom-client.development.js:6920:31)
      at node_modules/.pnpm/react-dom@19.2.3_react@19.2.3/node_modules/react-dom/cjs/react-dom-client.development.js:7098:33
      at reconcileChildren (node_modules/.pnpm/react-dom@19.2.3_react@19.2.3/node_modules/react-dom/cjs/react-dom-client.development.js:9701:13)
      at beginWork (node_modules/.pnpm/react-dom@19.2.3_react@19.2.3/node_modules/react-dom/cjs/react-dom-client.development.js:12049:13)
      at runWithFiberInDEV (node_modules/.pnpm/react-dom@19.2.3_react@19.2.3/node_modules/react-dom/cjs/react-dom-client.development.js:874:13)
      at performUnitOfWork (node_modules/.pnpm/react-dom@19.2.3_react@19.2.3/node_modules/react-dom/cjs/react-dom-client.development.js:17641:22)
      at workLoopSync (node_modules/.pnpm/react-dom@19.2.3_react@19.2.3/node_modules/react-dom/cjs/react-dom-client.development.js:17469:41)
      at renderRootSync (node_modules/.pnpm/react-dom@19.2.3_react@19.2.3/node_modules/react-dom/cjs/react-dom-client.development.js:17450:11)
      at performWorkOnRoot (node_modules/.pnpm/react-dom@19.2.3_react@19.2.3/node_modules/react-dom/cjs/react-dom-client.development.js:16583:35)
      at performWorkOnRootViaSchedulerTask (node_modules/.pnpm/react-dom@19.2.3_react@19.2.3/node_modules/react-dom/cjs/react-dom-client.development.js:18957:7)
      at flushActQueue (node_modules/.pnpm/react@19.2.3/node_modules/react/cjs/react.development.js:590:34)
      at process.env.NODE_ENV.exports.act (node_modules/.pnpm/react@19.2.3/node_modules/react/cjs/react.development.js:884:10)
      at node_modules/.pnpm/@testing-library+react@16.3.1_@testing-library+dom@10.4.1_@types+react-dom@19.2.3_@type_68c5b21a70acecf0fbbfd97f51128017/node_modules/@testing-library/react/dist/act-compat.js:46:25
      at renderRoot (node_modules/.pnpm/@testing-library+react@16.3.1_@testing-library+dom@10.4.1_@types+react-dom@19.2.3_@type_68c5b21a70acecf0fbbfd97f51128017/node_modules/@testing-library/react/dist/pure.js:189:26)
      at render (node_modules/.pnpm/@testing-library+react@16.3.1_@testing-library+dom@10.4.1_@types+react-dom@19.2.3_@type_68c5b21a70acecf0fbbfd97f51128017/node_modules/@testing-library/react/dist/pure.js:291:10)
      at renderWithTheme (__tests__/pages/dashboard-page.test.tsx:32:16)
      at Object.<anonymous> (__tests__/pages/dashboard-page.test.tsx:134:5)

  ● DashboardPage › renders as a client component

    Element type is invalid: expected a string (for built-in components) or a class/function (for composite components) but got: object.

    Check the render method of `DashboardPage`.

      30 |
      31 | function renderWithTheme(component: React.ReactElement) {
    > 32 |   return render(component);
         |                ^
      33 | }
      34 |
      35 | describe("DashboardPage", () => {

      at createFiberFromTypeAndProps (node_modules/.pnpm/react-dom@19.2.3_react@19.2.3/node_modules/react-dom/cjs/react-dom-client.development.js:5021:28)
      at createFiberFromElement (node_modules/.pnpm/react-dom@19.2.3_react@19.2.3/node_modules/react-dom/cjs/react-dom-client.development.js:5035:14)
      at reconcileChildFibersImpl (node_modules/.pnpm/react-dom@19.2.3_react@19.2.3/node_modules/react-dom/cjs/react-dom-client.development.js:6920:31)
      at node_modules/.pnpm/react-dom@19.2.3_react@19.2.3/node_modules/react-dom/cjs/react-dom-client.development.js:7098:33
      at reconcileChildren (node_modules/.pnpm/react-dom@19.2.3_react@19.2.3/node_modules/react-dom/cjs/react-dom-client.development.js:9701:13)
      at beginWork (node_modules/.pnpm/react-dom@19.2.3_react@19.2.3/node_modules/react-dom/cjs/react-dom-client.development.js:12049:13)
      at runWithFiberInDEV (node_modules/.pnpm/react-dom@19.2.3_react@19.2.3/node_modules/react-dom/cjs/react-dom-client.development.js:874:13)
      at performUnitOfWork (node_modules/.pnpm/react-dom@19.2.3_react@19.2.3/node_modules/react-dom/cjs/react-dom-client.development.js:17641:22)
      at workLoopSync (node_modules/.pnpm/react-dom@19.2.3_react@19.2.3/node_modules/react-dom/cjs/react-dom-client.development.js:17469:41)
      at renderRootSync (node_modules/.pnpm/react-dom@19.2.3_react@19.2.3/node_modules/react-dom/cjs/react-dom-client.development.js:17450:11)
      at performWorkOnRoot (node_modules/.pnpm/react-dom@19.2.3_react@19.2.3/node_modules/react-dom/cjs/react-dom-client.development.js:16583:35)
      at performWorkOnRootViaSchedulerTask (node_modules/.pnpm/react-dom@19.2.3_react@19.2.3/node_modules/react-dom/cjs/react-dom-client.development.js:18957:7)
      at flushActQueue (node_modules/.pnpm/react@19.2.3/node_modules/react/cjs/react.development.js:590:34)
      at process.env.NODE_ENV.exports.act (node_modules/.pnpm/react@19.2.3/node_modules/react/cjs/react.development.js:884:10)
      at node_modules/.pnpm/@testing-library+react@16.3.1_@testing-library+dom@10.4.1_@types+react-dom@19.2.3_@type_68c5b21a70acecf0fbbfd97f51128017/node_modules/@testing-library/react/dist/act-compat.js:46:25
      at renderRoot (node_modules/.pnpm/@testing-library+react@16.3.1_@testing-library+dom@10.4.1_@types+react-dom@19.2.3_@type_68c5b21a70acecf0fbbfd97f51128017/node_modules/@testing-library/react/dist/pure.js:189:26)
      at render (node_modules/.pnpm/@testing-library+react@16.3.1_@testing-library+dom@10.4.1_@types+react-dom@19.2.3_@type_68c5b21a70acecf0fbbfd97f51128017/node_modules/@testing-library/react/dist/pure.js:291:10)
      at renderWithTheme (__tests__/pages/dashboard-page.test.tsx:32:16)
      at Object.<anonymous> (__tests__/pages/dashboard-page.test.tsx:141:27)

FAIL __tests__/components/layout/Header.test.tsx (19.205 s)
  ● Header › Edge Cases › handles undefined theme context

    TypeError: Cannot destructure property 'isDark' of '(0 , ThemeContext_1.useTheme)(...)' as it is undefined.

      10 | export function Header() {
      11 |   const { toggleSidebar } = useSidebar();
    > 12 |   const { isDark } = useTheme();
         |           ^
      13 |
      14 |   return (
      15 |     <AppBar 

      at Header (src/components/layout/Header.tsx:12:11)
      at Object.react_stack_bottom_frame (node_modules/.pnpm/react-dom@19.2.3_react@19.2.3/node_modules/react-dom/cjs/react-dom-client.development.js:25904:20)
      at renderWithHooks (node_modules/.pnpm/react-dom@19.2.3_react@19.2.3/node_modules/react-dom/cjs/react-dom-client.development.js:7662:22)
      at updateFunctionComponent (node_modules/.pnpm/react-dom@19.2.3_react@19.2.3/node_modules/react-dom/cjs/react-dom-client.development.js:10166:19)
      at beginWork (node_modules/.pnpm/react-dom@19.2.3_react@19.2.3/node_modules/react-dom/cjs/react-dom-client.development.js:11778:18)
      at runWithFiberInDEV (node_modules/.pnpm/react-dom@19.2.3_react@19.2.3/node_modules/react-dom/cjs/react-dom-client.development.js:874:13)
      at performUnitOfWork (node_modules/.pnpm/react-dom@19.2.3_react@19.2.3/node_modules/react-dom/cjs/react-dom-client.development.js:17641:22)
      at workLoopSync (node_modules/.pnpm/react-dom@19.2.3_react@19.2.3/node_modules/react-dom/cjs/react-dom-client.development.js:17469:41)
      at renderRootSync (node_modules/.pnpm/react-dom@19.2.3_react@19.2.3/node_modules/react-dom/cjs/react-dom-client.development.js:17450:11)
      at performWorkOnRoot (node_modules/.pnpm/react-dom@19.2.3_react@19.2.3/node_modules/react-dom/cjs/react-dom-client.development.js:16583:35)
      at performWorkOnRootViaSchedulerTask (node_modules/.pnpm/react-dom@19.2.3_react@19.2.3/node_modules/react-dom/cjs/react-dom-client.development.js:18957:7)
      at flushActQueue (node_modules/.pnpm/react@19.2.3/node_modules/react/cjs/react.development.js:590:34)
      at process.env.NODE_ENV.exports.act (node_modules/.pnpm/react@19.2.3/node_modules/react/cjs/react.development.js:884:10)
      at node_modules/.pnpm/@testing-library+react@16.3.1_@testing-library+dom@10.4.1_@types+react-dom@19.2.3_@type_68c5b21a70acecf0fbbfd97f51128017/node_modules/@testing-library/react/dist/act-compat.js:46:25
      at renderRoot (node_modules/.pnpm/@testing-library+react@16.3.1_@testing-library+dom@10.4.1_@types+react-dom@19.2.3_@type_68c5b21a70acecf0fbbfd97f51128017/node_modules/@testing-library/react/dist/pure.js:189:26)
      at render (node_modules/.pnpm/@testing-library+react@16.3.1_@testing-library+dom@10.4.1_@types+react-dom@19.2.3_@type_68c5b21a70acecf0fbbfd97f51128017/node_modules/@testing-library/react/dist/pure.js:291:10)
      at renderWithTheme (__tests__/components/layout/Header.test.tsx:24:16)
      at Object.<anonymous> (__tests__/components/layout/Header.test.tsx:138:29)

  ● Header › Edge Cases › handles null sidebar context

    expect(received).not.toThrow()

    Error name:    "TypeError"
    Error message: "Cannot destructure property 'toggleSidebar' of '(0 , SidebarProvider_1.useSidebar)(...)' as it is null."

           9 |
          10 | export function Header() {
        > 11 |   const { toggleSidebar } = useSidebar();
             |           ^
          12 |   const { isDark } = useTheme();
          13 |
          14 |   return (

      at Header (src/components/layout/Header.tsx:11:11)
      at Object.react_stack_bottom_frame (node_modules/.pnpm/react-dom@19.2.3_react@19.2.3/node_modules/react-dom/cjs/react-dom-client.development.js:25904:20)
      at renderWithHooks (node_modules/.pnpm/react-dom@19.2.3_react@19.2.3/node_modules/react-dom/cjs/react-dom-client.development.js:7662:22)
      at updateFunctionComponent (node_modules/.pnpm/react-dom@19.2.3_react@19.2.3/node_modules/react-dom/cjs/react-dom-client.development.js:10166:19)
      at beginWork (node_modules/.pnpm/react-dom@19.2.3_react@19.2.3/node_modules/react-dom/cjs/react-dom-client.development.js:11778:18)
      at runWithFiberInDEV (node_modules/.pnpm/react-dom@19.2.3_react@19.2.3/node_modules/react-dom/cjs/react-dom-client.development.js:874:13)
      at performUnitOfWork (node_modules/.pnpm/react-dom@19.2.3_react@19.2.3/node_modules/react-dom/cjs/react-dom-client.development.js:17641:22)
      at workLoopSync (node_modules/.pnpm/react-dom@19.2.3_react@19.2.3/node_modules/react-dom/cjs/react-dom-client.development.js:17469:41)
      at renderRootSync (node_modules/.pnpm/react-dom@19.2.3_react@19.2.3/node_modules/react-dom/cjs/react-dom-client.development.js:17450:11)
      at performWorkOnRoot (node_modules/.pnpm/react-dom@19.2.3_react@19.2.3/node_modules/react-dom/cjs/react-dom-client.development.js:16583:35)
      at performWorkOnRootViaSchedulerTask (node_modules/.pnpm/react-dom@19.2.3_react@19.2.3/node_modules/react-dom/cjs/react-dom-client.development.js:18957:7)
      at flushActQueue (node_modules/.pnpm/react@19.2.3/node_modules/react/cjs/react.development.js:590:34)
      at process.env.NODE_ENV.exports.act (node_modules/.pnpm/react@19.2.3/node_modules/react/cjs/react.development.js:884:10)
      at node_modules/.pnpm/@testing-library+react@16.3.1_@testing-library+dom@10.4.1_@types+react-dom@19.2.3_@type_68c5b21a70acecf0fbbfd97f51128017/node_modules/@testing-library/react/dist/act-compat.js:46:25
      at renderRoot (node_modules/.pnpm/@testing-library+react@16.3.1_@testing-library+dom@10.4.1_@types+react-dom@19.2.3_@type_68c5b21a70acecf0fbbfd97f51128017/node_modules/@testing-library/react/dist/pure.js:189:26)
      at render (node_modules/.pnpm/@testing-library+react@16.3.1_@testing-library+dom@10.4.1_@types+react-dom@19.2.3_@type_68c5b21a70acecf0fbbfd97f51128017/node_modules/@testing-library/react/dist/pure.js:291:10)
      at renderWithTheme (__tests__/components/layout/Header.test.tsx:24:16)
      at __tests__/components/layout/Header.test.tsx:176:20
      at Object.<anonymous> (node_modules/.pnpm/expect@30.2.0/node_modules/expect/build/index.js:1824:9)
      at Object.throwingMatcher [as toThrow] (node_modules/.pnpm/expect@30.2.0/node_modules/expect/build/index.js:2235:93)
      at Object.<anonymous> (__tests__/components/layout/Header.test.tsx:176:53)
      at Object.<anonymous> (__tests__/components/layout/Header.test.tsx:176:53)

FAIL __tests__/pages/dashboard.test.tsx (28.391 s)
  ● ModernDashboard › renders loading state initially

    TypeError: models.map is not a function

      80 |
      81 |         <Grid container spacing={2}>
    > 82 |           {models.map((model) => (
         |                   ^
      83 |             <Grid size={{ xs: 12, sm: 6, md: 4 }} key={model.id}>
      84 |               <Box
      85 |                 sx={{

      at ModelsListCard (src/components/dashboard/ModelsListCard.tsx:82:19)
      at Object.react_stack_bottom_frame (node_modules/.pnpm/react-dom@19.2.3_react@19.2.3/node_modules/react-dom/cjs/react-dom-client.development.js:25904:20)
      at renderWithHooks (node_modules/.pnpm/react-dom@19.2.3_react@19.2.3/node_modules/react-dom/cjs/react-dom-client.development.js:7662:22)
      at updateFunctionComponent (node_modules/.pnpm/react-dom@19.2.3_react@19.2.3/node_modules/react-dom/cjs/react-dom-client.development.js:10166:19)
      at beginWork (node_modules/.pnpm/react-dom@19.2.3_react@19.2.3/node_modules/react-dom/cjs/react-dom-client.development.js:11778:18)
      at runWithFiberInDEV (node_modules/.pnpm/react-dom@19.2.3_react@19.2.3/node_modules/react-dom/cjs/react-dom-client.development.js:874:13)
      at performUnitOfWork (node_modules/.pnpm/react-dom@19.2.3_react@19.2.3/node_modules/react-dom/cjs/react-dom-client.development.js:17641:22)
      at workLoopSync (node_modules/.pnpm/react-dom@19.2.3_react@19.2.3/node_modules/react-dom/cjs/react-dom-client.development.js:17469:41)
      at renderRootSync (node_modules/.pnpm/react-dom@19.2.3_react@19.2.3/node_modules/react-dom/cjs/react-dom-client.development.js:17450:11)
      at performWorkOnRoot (node_modules/.pnpm/react-dom@19.2.3_react@19.2.3/node_modules/react-dom/cjs/react-dom-client.development.js:16583:35)
      at performWorkOnRootViaSchedulerTask (node_modules/.pnpm/react-dom@19.2.3_react@19.2.3/node_modules/react-dom/cjs/react-dom-client.development.js:18957:7)
      at flushActQueue (node_modules/.pnpm/react@19.2.3/node_modules/react/cjs/react.development.js:590:34)
      at process.env.NODE_ENV.exports.act (node_modules/.pnpm/react@19.2.3/node_modules/react/cjs/react.development.js:884:10)
      at node_modules/.pnpm/@testing-library+react@16.3.1_@testing-library+dom@10.4.1_@types+react-dom@19.2.3_@type_68c5b21a70acecf0fbbfd97f51128017/node_modules/@testing-library/react/dist/act-compat.js:46:25
      at renderRoot (node_modules/.pnpm/@testing-library+react@16.3.1_@testing-library+dom@10.4.1_@types+react-dom@19.2.3_@type_68c5b21a70acecf0fbbfd97f51128017/node_modules/@testing-library/react/dist/pure.js:189:26)
      at render (node_modules/.pnpm/@testing-library+react@16.3.1_@testing-library+dom@10.4.1_@types+react-dom@19.2.3_@type_68c5b21a70acecf0fbbfd97f51128017/node_modules/@testing-library/react/dist/pure.js:291:10)
      at renderWithTheme (__tests__/pages/dashboard.test.tsx:112:16)
      at Object.<anonymous> (__tests__/pages/dashboard.test.tsx:158:5)

  ● ModernDashboard › displays metric values correctly

    TypeError: models.map is not a function

      80 |
      81 |         <Grid container spacing={2}>
    > 82 |           {models.map((model) => (
         |                   ^
      83 |             <Grid size={{ xs: 12, sm: 6, md: 4 }} key={model.id}>
      84 |               <Box
      85 |                 sx={{

      at ModelsListCard (src/components/dashboard/ModelsListCard.tsx:82:19)
      at Object.react_stack_bottom_frame (node_modules/.pnpm/react-dom@19.2.3_react@19.2.3/node_modules/react-dom/cjs/react-dom-client.development.js:25904:20)
      at renderWithHooks (node_modules/.pnpm/react-dom@19.2.3_react@19.2.3/node_modules/react-dom/cjs/react-dom-client.development.js:7662:22)
      at updateFunctionComponent (node_modules/.pnpm/react-dom@19.2.3_react@19.2.3/node_modules/react-dom/cjs/react-dom-client.development.js:10166:19)
      at beginWork (node_modules/.pnpm/react-dom@19.2.3_react@19.2.3/node_modules/react-dom/cjs/react-dom-client.development.js:11778:18)
      at runWithFiberInDEV (node_modules/.pnpm/react-dom@19.2.3_react@19.2.3/node_modules/react-dom/cjs/react-dom-client.development.js:874:13)
      at performUnitOfWork (node_modules/.pnpm/react-dom@19.2.3_react@19.2.3/node_modules/react-dom/cjs/react-dom-client.development.js:17641:22)
      at workLoopSync (node_modules/.pnpm/react-dom@19.2.3_react@19.2.3/node_modules/react-dom/cjs/react-dom-client.development.js:17469:41)
      at renderRootSync (node_modules/.pnpm/react-dom@19.2.3_react@19.2.3/node_modules/react-dom/cjs/react-dom-client.development.js:17450:11)
      at performWorkOnRoot (node_modules/.pnpm/react-dom@19.2.3_react@19.2.3/node_modules/react-dom/cjs/react-dom-client.development.js:16583:35)
      at performWorkOnRootViaSchedulerTask (node_modules/.pnpm/react-dom@19.2.3_react@19.2.3/node_modules/react-dom/cjs/react-dom-client.development.js:18957:7)
      at flushActQueue (node_modules/.pnpm/react@19.2.3/node_modules/react/cjs/react.development.js:590:34)
      at process.env.NODE_ENV.exports.act (node_modules/.pnpm/react@19.2.3/node_modules/react/cjs/react.development.js:884:10)
      at node_modules/.pnpm/@testing-library+react@16.3.1_@testing-library+dom@10.4.1_@types+react-dom@19.2.3_@type_68c5b21a70acecf0fbbfd97f51128017/node_modules/@testing-library/react/dist/act-compat.js:46:25
      at renderRoot (node_modules/.pnpm/@testing-library+react@16.3.1_@testing-library+dom@10.4.1_@types+react-dom@19.2.3_@type_68c5b21a70acecf0fbbfd97f51128017/node_modules/@testing-library/react/dist/pure.js:189:26)
      at render (node_modules/.pnpm/@testing-library+react@16.3.1_@testing-library+dom@10.4.1_@types+react-dom@19.2.3_@type_68c5b21a70acecf0fbbfd97f51128017/node_modules/@testing-library/react/dist/pure.js:291:10)
      at renderWithTheme (__tests__/pages/dashboard.test.tsx:112:16)
      at Object.<anonymous> (__tests__/pages/dashboard.test.tsx:202:5)

  ● ModernDashboard › shows uptime formatted correctly

    TypeError: models.map is not a function

      80 |
      81 |         <Grid container spacing={2}>
    > 82 |           {models.map((model) => (
         |                   ^
      83 |             <Grid size={{ xs: 12, sm: 6, md: 4 }} key={model.id}>
      84 |               <Box
      85 |                 sx={{

      at ModelsListCard (src/components/dashboard/ModelsListCard.tsx:82:19)
      at Object.react_stack_bottom_frame (node_modules/.pnpm/react-dom@19.2.3_react@19.2.3/node_modules/react-dom/cjs/react-dom-client.development.js:25904:20)
      at renderWithHooks (node_modules/.pnpm/react-dom@19.2.3_react@19.2.3/node_modules/react-dom/cjs/react-dom-client.development.js:7662:22)
      at updateFunctionComponent (node_modules/.pnpm/react-dom@19.2.3_react@19.2.3/node_modules/react-dom/cjs/react-dom-client.development.js:10166:19)
      at beginWork (node_modules/.pnpm/react-dom@19.2.3_react@19.2.3/node_modules/react-dom/cjs/react-dom-client.development.js:11778:18)
      at runWithFiberInDEV (node_modules/.pnpm/react-dom@19.2.3_react@19.2.3/node_modules/react-dom/cjs/react-dom-client.development.js:874:13)
      at performUnitOfWork (node_modules/.pnpm/react-dom@19.2.3_react@19.2.3/node_modules/react-dom/cjs/react-dom-client.development.js:17641:22)
      at workLoopSync (node_modules/.pnpm/react-dom@19.2.3_react@19.2.3/node_modules/react-dom/cjs/react-dom-client.development.js:17469:41)
      at renderRootSync (node_modules/.pnpm/react-dom@19.2.3_react@19.2.3/node_modules/react-dom/cjs/react-dom-client.development.js:17450:11)
      at performWorkOnRoot (node_modules/.pnpm/react-dom@19.2.3_react@19.2.3/node_modules/react-dom/cjs/react-dom-client.development.js:16583:35)
      at performWorkOnRootViaSchedulerTask (node_modules/.pnpm/react-dom@19.2.3_react@19.2.3/node_modules/react-dom/cjs/react-dom-client.development.js:18957:7)
      at flushActQueue (node_modules/.pnpm/react@19.2.3/node_modules/react/cjs/react.development.js:590:34)
      at process.env.NODE_ENV.exports.act (node_modules/.pnpm/react@19.2.3/node_modules/react/cjs/react.development.js:884:10)
      at node_modules/.pnpm/@testing-library+react@16.3.1_@testing-library+dom@10.4.1_@types+react-dom@19.2.3_@type_68c5b21a70acecf0fbbfd97f51128017/node_modules/@testing-library/react/dist/act-compat.js:46:25
      at renderRoot (node_modules/.pnpm/@testing-library+react@16.3.1_@testing-library+dom@10.4.1_@types+react-dom@19.2.3_@type_68c5b21a70acecf0fbbfd97f51128017/node_modules/@testing-library/react/dist/pure.js:189:26)
      at render (node_modules/.pnpm/@testing-library+react@16.3.1_@testing-library+dom@10.4.1_@types+react-dom@19.2.3_@type_68c5b21a70acecf0fbbfd97f51128017/node_modules/@testing-library/react/dist/pure.js:291:10)
      at renderWithTheme (__tests__/pages/dashboard.test.tsx:112:16)
      at Object.<anonymous> (__tests__/pages/dashboard.test.tsx:224:5)

  ● ModernDashboard › sends download logs message

    expect(jest.fn()).toHaveBeenCalledWith(...expected)

    Expected: "download_logs", {}
    Received
           1
              "request_metrics",
              {},
           2
              "request_models",
              {},

    Number of calls: 2

    Ignored nodes: comments, script, style
    [36m<html>[39m
      [36m<head>[39m
        [36m<meta[39m
          [33mcontent[39m=[32m""[39m
          [33mname[39m=[32m"emotion-insertion-point"[39m
        [36m/>[39m
      [36m</head>[39m
      [36m<body>[39m
        [36m<div>[39m
          [36m<div[39m
            [33mclass[39m=[32m"MuiBox-root css-1bavfzd"[39m
          [36m>[39m
            [36m<div[39m
              [33mclass[39m=[32m"MuiBox-root css-4c94nt"[39m
            [36m>[39m
              [36m<div[39m
                [33manimate[39m=[32m"[object Object]"[39m
                [33minitial[39m=[32m"[object Object]"[39m
                [33mtransition[39m=[32m"[object Object]"[39m
              [36m>[39m
                [36m<h1[39m
                  [33mclass[39m=[32m"MuiTypography-root MuiTypography-h3 css-njidxq-MuiTypography-root"[39m
                [36m>[39m
                  [0mLlama Runner Pro Dashboard[0m
                [36m</h1>[39m
                [36m<h6[39m
                  [33mclass[39m=[32m"MuiTypography-root MuiTypography-subtitle1 css-1t4hig0-MuiTypography-root"[39m
                [36m>[39m
                  [0mReal-time AI Model Management & Monitoring[0m
                [36m</h6>[39m
              [36m</div>[39m
              [36m<div[39m
                [33mclass[39m=[32m"MuiBox-root css-huskxe"[39m
              [36m>[39m
                [36m<div[39m
                  [33mclass[39m=[32m"MuiChip-root MuiChip-outlined MuiChip-sizeSmall MuiChip-colorInfo MuiChip-outlinedInfo css-mr7bkj-MuiChip-root"[39m
                [36m>[39m
                  [36m<span[39m
                    [33mclass[39m=[32m"MuiChip-label MuiChip-labelSmall css-19m61dl-MuiChip-label"[39m
                  [36m>[39m
                    [0mUptime: 1d 0h 0m[0m
                  [36m</span>[39m
                [36m</div>[39m
                [36m<div[39m
                  [33mclass[39m=[32m"MuiChip-root MuiChip-filled MuiChip-sizeSmall MuiChip-colorSuccess MuiChip-filledSuccess css-n9k118-MuiChip-root"[39m
                [36m>[39m
                  [36m<span[39m
                    [33mclass[39m=[32m"MuiChip-label MuiChip-labelSmall css-eccknh-MuiChip-label"[39m
                  [36m>[39m
                    [0mCONNECTED[0m
                  [36m</span>[39m
                [36m</div>[39m
                [36m<button[39m
                  [33maria-label[39m=[32m"Refresh Dashboard"[39m
                  [33mclass[39m=[32m"MuiButtonBase-root MuiIconButton-root MuiIconButton-colorPrimary MuiIconButton-sizeMedium css-1svfwy9-MuiButtonBase-root-MuiIconButton-root"[39m
                  [33mdata-mui-internal-clone-element[39m=[32m"true"[39m
                  [33mtabindex[39m=[32m"0"[39m
                  [33mtype[39m=[32m"button"[39m
                [36m>[39m
                  [36m<svg[39m
                    [33maria-hidden[39m=[32m"true"[39m
                    [33mclass[39m=[32m"MuiSvgIcon-root MuiSvgIcon-fontSizeMedium css-1umw9bq-MuiSvgIcon-root"[39m
                    [33mdata-testid[39m=[32m"RefreshIcon"[39m
                    [33mfocusable[39m=[32m"false"[39m
                    [33mviewBox[39m=[32m"0 0 24 24"[39m
                  [36m>[39m
                    [36m<path[39m
                      [33md[39m=[32m"M17.65 6.35C16.2 4.9 14.21 4 12 4c-4.42 0-7.99 3.58-7.99 8s3.57 8 7.99 8c3.73 0 6.84-2.55 7.73-6h-2.08c-.82 2.33-3.04 4-5.65 4-3.31 0-6-2.69-6-6s2.69-6 6-6c1.66 0 3.14.69 4.22 1.78L13 11h7V4z"[39m
                    [36m/>[39m
                  [36m</svg>[39m
                [36m</button>[39m
                [36m<button[39m
                  [33maria-label[39m=[32m"Open Settings"[39m
                  [33mclass[39m=[32m"MuiButtonBase-root MuiIconButton-root MuiIconButton-colorSecondary MuiIconButton-sizeMedium css-uhgf5e-MuiButtonBase-root-MuiIconButton-root"[39m
                  [33mdata-mui-internal-clone-element[39m=[32m"true"[39m
                  [33mtabindex[39m=[32m"0"[39m
                  [33mtype[39m=[32m"button"[39m
                [36m>[39m
                  [36m<svg[39m
                    [33maria-hidden[39m=[32m"true"[39m
                    [33mclass[39m=[32m"MuiSvgIcon-root MuiSvgIcon-fontSizeMedium css-1umw9bq-MuiSvgIcon-root"[39m
                    [33mdata-testid[39m=[32m"SettingsIcon"[39m
                    [33mfocusable[39m=[32m"false"[39m
                    [33mviewBox[39m=[32m"0 0 24 24"[39m
                  [36m>[39m
                    [36m<path[39m
                      [33md[39m=[32m"M19.14 12.94c.04-.3.06-.61.06-.94 0-.32-.02-.64-.07-.94l2.03-1.58c.18-.14.23-.41.12-.61l-1.92-3.32c-.12-.22-.37-.29-.59-.22l-2.39.96c-.5-.38-1.03-.7-1.62-.94l-.36-2.54c-.04-.24-.24-.41-.48-.41h-3.84c-.24 0-.43.17-.47.41l-.36 2.54c-.59.24-1.13.57-1.62.94l-2.39-.96c-.22-.08-.47 0-.59.22L2.74 8.87c-.12.21-.08.47.12.61l2.03 1.58c-.05.3-.09.63-.09.94s.02.64.07.94l-2.03 1.58c-.18.14-.23.41-.12.61l1.92 3.32c.12.22.37.29.59.22l2.39-.96c.5.38 1.03.7 1.62.94l.36 2.54c.05.24.24.41.48.41h3.84c.24 0 .44-.17.47-.41l.36-2.54c.59-.24 1.13-.56 1.62-.94l2.39.96c.22.08.47 0 .59-.22l1.92-3.32c.12-.22.07-.47-.12-.61zM12 15.6c-1.98 0-3.6-1.62-3.6-3.6s1.62-3.6 3.6-3.6 3.6 1.62 3.6 3.6-1.62 3.6-3.6 3.6"[39m
                    [36m/>[39m
                  [36m</svg>[39m
                [36m</button>[39m
              [36m</div>[39m
            [36m</div>[39m
            [36m<h5[39m
              [33mclass[39m=[32m"MuiTypography-root MuiTypography-h5 css-acglur-MuiTypography-root"[39m
            [36m>[39m
              [0mDashboard Overview[0m
            [36m</h5>[39m
            [36m<div[39m
              [33mclass[39m=[32m"MuiGrid-root MuiGrid-container MuiGrid-direction-xs-row MuiGrid-spacing-xs-3 css-1qouitu-MuiGrid-root"[39m
            [36m>[39m
              [36m<div[39m
                [33mclass[39m=[32m"MuiGrid-root MuiGrid-direction-xs-row MuiGrid-grid-xs-12 MuiGrid-grid-sm-6 MuiGrid-grid-lg-3 css-14shrlc-MuiGrid-root"[39m
              [36m>[39m
                [36m<div[39m
                  [33mclass[39m=[32m"MuiPaper-root MuiPaper-elevation MuiPaper-rounded MuiPaper-elevation1 MuiCard-root css-ninm5z-MuiPaper-root-MuiCard-root"[39m
                  [33mstyle[39m=[32m"--Paper-shadow: 0px 2px 1px -1px rgba(0,0,0,0.2),0px 1px 1px 0px rgba(0,0,0,0.14),0px 1px 3px 0px rgba(0,0,0,0.12);"[39m
                [36m>[39m
                  [36m<div[39m
                    [33mclass[39m=[32m"MuiCardContent-root css-1lt5qva-MuiCardContent-root"[39m
                  [36m>[39m
                    [36m<div[39m
                      [33mclass[39m=[32m"MuiBox-root css-103i82l"[39m
                    [36m>[39m
                      [36m<div[39m
                        [33mclass[39m=[32m"MuiBox-root css-120nera"[39m
                      [36m>[39m
                        [36m<p[39m
                          [33mclass[39m=[32m"MuiTypography-root MuiTypography-body1 css-c6x5uv-MuiTypography-root"[39m
                        [36m>[39m
                          [0m��️[0m
                        [36m</p>[39m
                        [36m<div[39m
                          [33mclass[39m=[32m"MuiBox-root css-0"[39m
                        [36m>[39m
                          [36m<p...

      289 |       if (downloadButton) {
      290 |         fireEvent.click(downloadButton);
    > 291 |         expect(mockSendMessage).toHaveBeenCalledWith("download_logs", {});
          |                                 ^
      292 |       }
      293 |     });
      294 |   });

      at __tests__/pages/dashboard.test.tsx:291:33
      at runWithExpensiveErrorDiagnosticsDisabled (node_modules/.pnpm/@testing-library+dom@10.4.1/node_modules/@testing-library/dom/dist/config.js:47:12)
      at checkCallback (node_modules/.pnpm/@testing-library+dom@10.4.1/node_modules/@testing-library/dom/dist/wait-for.js:124:77)
      at node_modules/.pnpm/@testing-library+dom@10.4.1/node_modules/@testing-library/dom/dist/wait-for.js:82:9

  ● ModernDashboard › sends start server message

    Found multiple elements with the role "button" and name `/start/i`

    Here are the matching elements:

    Ignored nodes: comments, script, style
    [36m<button[39m
      [33mclass[39m=[32m"MuiButtonBase-root MuiButton-root MuiButton-contained MuiButton-containedPrimary MuiButton-sizeSmall MuiButton-containedSizeSmall MuiButton-colorPrimary MuiButton-root MuiButton-contained MuiButton-containedPrimary MuiButton-sizeSmall MuiButton-containedSizeSmall MuiButton-colorPrimary css-1vjcgpi-MuiButtonBase-root-MuiButton-root"[39m
      [33mtabindex[39m=[32m"0"[39m
      [33mtype[39m=[32m"button"[39m
    [36m>[39m
      [36m<span[39m
        [33mclass[39m=[32m"MuiButton-icon MuiButton-startIcon MuiButton-iconSizeSmall css-d8i980-MuiButton-startIcon"[39m
      [36m>[39m
        [36m<svg[39m
          [33maria-hidden[39m=[32m"true"[39m
          [33mclass[39m=[32m"MuiSvgIcon-root MuiSvgIcon-fontSizeMedium css-1umw9bq-MuiSvgIcon-root"[39m
          [33mdata-testid[39m=[32m"PlayArrowIcon"[39m
          [33mfocusable[39m=[32m"false"[39m
          [33mviewBox[39m=[32m"0 0 24 24"[39m
        [36m>[39m
          [36m<path[39m
            [33md[39m=[32m"M8 5v14l11-7z"[39m
          [36m/>[39m
        [36m</svg>[39m
      [36m</span>[39m
      [0mStart[0m
    [36m</button>[39m

    Ignored nodes: comments, script, style
    [36m<button[39m
      [33mclass[39m=[32m"MuiButtonBase-root MuiButton-root MuiButton-outlined MuiButton-outlinedWarning MuiButton-sizeMedium MuiButton-outlinedSizeMedium MuiButton-colorWarning MuiButton-fullWidth MuiButton-root MuiButton-outlined MuiButton-outlinedWarning MuiButton-sizeMedium MuiButton-outlinedSizeMedium MuiButton-colorWarning MuiButton-fullWidth css-ovavoo-MuiButtonBase-root-MuiButton-root"[39m
      [33mtabindex[39m=[32m"0"[39m
      [33mtype[39m=[32m"button"[39m
    [36m>[39m
      [36m<span[39m
        [33mclass[39m=[32m"MuiButton-icon MuiButton-startIcon MuiButton-iconSizeMedium css-1sh91j5-MuiButton-startIcon"[39m
      [36m>[39m
        [36m<svg[39m
          [33maria-hidden[39m=[32m"true"[39m
          [33mclass[39m=[32m"MuiSvgIcon-root MuiSvgIcon-fontSizeMedium css-1umw9bq-MuiSvgIcon-root"[39m
          [33mdata-testid[39m=[32m"PowerSettingsNewIcon"[39m
          [33mfocusable[39m=[32m"false"[39m
          [33mviewBox[39m=[32m"0 0 24 24"[39m
        [36m>[39m
          [36m<path[39m
            [33md[39m=[32m"M13 3h-2v10h2zm4.83 2.17-1.42 1.42C17.99 7.86 19 9.81 19 12c0 3.87-3.13 7-7 7s-7-3.13-7-7c0-2.19 1.01-4.14 2.58-5.42L6.17 5.17C4.23 6.82 3 9.26 3 12c0 4.97 4.03 9 9 9s9-4.03 9-9c0-2.74-1.23-5.18-3.17-6.83"[39m
          [36m/>[39m
        [36m</svg>[39m
      [36m</span>[39m
      [36m<div[39m
        [33mclass[39m=[32m"MuiBox-root css-1rr4qq7"[39m
      [36m>[39m
        [36m<p[39m
          [33mclass[39m=[32m"MuiTypography-root MuiTypography-body1 css-3h4rw4-MuiTypography-root"[39m
        [36m>[39m
          [0mRestart Server[0m
        [36m</p>[39m
        [36m<span[39m
          [33mclass[39m=[32m"MuiTypography-root MuiTypography-caption css-1374baf-MuiTypography-root"[39m
        [36m>[39m
          [0mRestart llama-server[0m
        [36m</span>[39m
      [36m</div>[39m
    [36m</button>[39m

    Ignored nodes: comments, script, style
    [36m<button[39m
      [33mclass[39m=[32m"MuiButtonBase-root MuiButton-root MuiButton-outlined MuiButton-outlinedSuccess MuiButton-sizeMedium MuiButton-outlinedSizeMedium MuiButton-colorSuccess MuiButton-fullWidth MuiButton-root MuiButton-outlined MuiButton-outlinedSuccess MuiButton-sizeMedium MuiButton-outlinedSizeMedium MuiButton-colorSuccess MuiButton-fullWidth css-nf2axq-MuiButtonBase-root-MuiButton-root"[39m
      [33mtabindex[39m=[32m"0"[39m
      [33mtype[39m=[32m"button"[39m
    [36m>[39m
      [36m<span[39m
        [33mclass[39m=[32m"MuiButton-icon MuiButton-startIcon MuiButton-iconSizeMedium css-1sh91j5-MuiButton-startIcon"[39m
      [36m>[39m
        [36m<svg[39m
          [33maria-hidden[39m=[32m"true"[39m
          [33mclass[39m=[32m"MuiSvgIcon-root MuiSvgIcon-fontSizeMedium css-1umw9bq-MuiSvgIcon-root"[39m
          [33mdata-testid[39m=[32m"PowerSettingsNewIcon"[39m
          [33mfocusable[39m=[32m"false"[39m
          [33mviewBox[39m=[32m"0 0 24 24"[39m
        [36m>[39m
          [36m<path[39m
            [33md[39m=[32m"M13 3h-2v10h2zm4.83 2.17-1.42 1.42C17.99 7.86 19 9.81 19 12c0 3.87-3.13 7-7 7s-7-3.13-7-7c0-2.19 1.01-4.14 2.58-5.42L6.17 5.17C4.23 6.82 3 9.26 3 12c0 4.97 4.03 9 9 9s9-4.03 9-9c0-2.74-1.23-5.18-3.17-6.83"[39m
          [36m/>[39m
        [36m</svg>[39m
      [36m</span>[39m
      [36m<div[39m
        [33mclass[39m=[32m"MuiBox-root css-1rr4qq7"[39m
      [36m>[39m
        [36m<p[39m
          [33mclass[39m=[32m"MuiTypography-root MuiTypography-body1 css-3h4rw4-MuiTypography-root"[39m
        [36m>[39m
          [0mStart Server[0m
        [36m</p>[39m
        [36m<span[39m
          [33mclass[39m=[32m"MuiTypography-root MuiTypography-caption css-1374baf-MuiTypography-root"[39m
        [36m>[39m
          [0mStart llama-server[0m
        [36m</span>[39m
      [36m</div>[39m
    [36m</button>[39m

    (If this is intentional, then use the `*AllBy*` variant of the query (like `queryAllByText`, `getAllByText`, or `findAllByText`)).

    Ignored nodes: comments, script, style
    [36m<body>[39m
      [36m<div>[39m
        [36m<div[39m
          [33mclass[39m=[32m"MuiBox-root css-1bavfzd"[39m
        [36m>[39m
          [36m<div[39m
            [33mclass[39m=[32m"MuiBox-root css-4c94nt"[39m
          [36m>[39m
            [36m<div[39m
              [33manimate[39m=[32m"[object Object]"[39m
              [33minitial[39m=[32m"[object Object]"[39m
              [33mtransition[39m=[32m"[object Object]"[39m
            [36m>[39m
              [36m<h1[39m
                [33mclass[39m=[32m"MuiTypography-root MuiTypography-h3 css-njidxq-MuiTypography-root"[39m
              [36m>[39m
                [0mLlama Runner Pro Dashboard[0m
              [36m</h1>[39m
              [36m<h6[39m
                [33mclass[39m=[32m"MuiTypography-root MuiTypography-subtitle1 css-1t4hig0-MuiTypography-root"[39m
              [36m>[39m
                [0mReal-time AI Model Management & Monitoring[0m
              [36m</h6>[39m
            [36m</div>[39m
            [36m<div[39m
              [33mclass[39m=[32m"MuiBox-root css-huskxe"[39m
            [36m>[39m
              [36m<div[39m
                [33mclass[39m=[32m"MuiChip-root MuiChip-outlined MuiChip-sizeSmall MuiChip-colorInfo MuiChip-outlinedInfo css-mr7bkj-MuiChip-root"[39m
              [36m>[39m
                [36m<span[39m
                  [33mclass[39m=[32m"MuiChip-label MuiChip-labelSmall css-19m61dl-MuiChip-label"[39m
                [36m>[39m
                  [0mUptime: 1d 0h 0m[0m
                [36m</span>[39m
              [36m</div>[39m
              [36m<div[39m
                [33mclass[39m=[32m"MuiChip-root MuiChip-filled MuiChip-sizeSmall MuiChip-colorSuccess MuiChip-filledSuccess css-n9k118-MuiChip-root"[39m
              [36m>[39m
                [36m<span[39m
                  [33mclass[39m=[32m"MuiChip-label MuiChip-labelSmall css-eccknh-MuiChip-label"[39m
                [36m>[39m
                  [0mCONNECTED[0m
                [36m</span>[39m
              [36m</div>[39m
              [36m<button[39m
                [33maria-label[39m=[32m"Refresh Dashboard"[39m
                [33mclass[39m=[32m"MuiButtonBase-root MuiIconButton-root MuiIconButton-colorPrimary MuiIconButton-sizeMedium css-1svfwy9-MuiButtonBase-root-MuiIconButton-root"[39m
                [33mdata-mui-internal-clone-element[39m=[32m"true"[39m
                [33mtabindex[39m=[32m"0"[39m
                [33mtype[39m=[32m"button"[39m
              [36m>[39m
                [36m<svg[39m
                  [33maria-hidden[39m=[32m"true"[39m
                  [33mclass[39m=[32m"MuiSvgIcon-root MuiSvgIcon-fontSizeMedium css-1umw9bq-MuiSvgIcon-root"[39m
                  [33mdata-testid[39m=[32m"RefreshIcon"[39m
                  [33mfocusable[39m=[32m"false"[39m
                  [33mviewBox[39m=[32m"0 0 24 24"[39m
                [36m>[39m
                  [36m<path[39m
                    [33md[39m=[32m"M17.65 6.35C16.2 4.9 14.21 4 12 4c-4.42 0-7.99 3.58-7.99 8s3.57 8 7.99 8c3.73 0 6.84-2.55 7.73-6h-2.08c-.82 2.33-3.04 4-5.65 4-3.31 0-6-2.69-6-6s2.69-6 6-6c1.66 0 3.14.69 4.22 1.78L13 11h7V4z"[39m
                  [36m/>[39m
                [36m</svg>[39m
              [36m</button>[39m
              [36m<button[39m
                [33maria-label[39m=[32m"Open Settings"[39m
                [33mclass[39m=[32m"MuiButtonBase-root MuiIconButton-root MuiIconButton-colorSecondary MuiIconButton-sizeMedium css-uhgf5e-MuiButtonBase-root-MuiIconButton-root"[39m
                [33mdata-mui-internal-clone-element[39m=[32m"true"[39m
                [33mtabindex[39m=[32m"0"[39m
                [33mtype[39m=[32m"button"[39m
              [36m>[39m
                [36m<svg[39m
                  [33maria-hidden[39m=[32m"true"[39m
                  [33mclass[39m=[32m"MuiSvgIcon-root MuiSvgIcon-fontSizeMedium css-1umw9bq-MuiSvgIcon-root"[39m
                  [33mdata-testid[39m=[32m"SettingsIcon"[39m
                  [33mfocusable[39m=[32m"false"[39m
                  [33mviewBox[39m=[32m"0 0 24 24"[39m
                [36m>[39m
                  [36m<path[39m
                    [33md[39m=[32m"M19.14 12.94c.04-.3.06-.61.06-.94 0-.32-.02-.64-.07-.94l2.03-1.58c.18-.14.23-.41.12-.61l-1.92-3.32c-.12-.22-.37-.29-.59-.22l-2.39.96c-.5-.38-1.03-.7-1.62-.94l-.36-2.54c-.04-.24-.24-.41-.48-.41h-3.84c-.24 0-.43.17-.47.41l-.36 2.54c-.59.24-1.13.57-1.62.94l-2.39-.96c-.22-.08-.47 0-.59.22L2.74 8.87c-.12.21-.08.47.12.61l2.03 1.58c-.05.3-.09.63-.09.94s.02.64.07.94l-2.03 1.58c-.18.14-.23.41-.12.61l1.92 3.32c.12.22.37.29.59.22l2.39-.96c.5.38 1.03.7 1.62.94l.36 2.54c.05.24.24.41.48.41h3.84c.24 0 .44-.17.47-.41l.36-2.54c.59-.24 1.13-.56 1.62-.94l2.39.96c.22.08.47 0 .59-.22l1.92-3.32c.12-.22.07-.47-.12-.61zM12 15.6c-1.98 0-3.6-1.62-3.6-3.6s1.62-3.6 3.6-3.6 3.6 1.62 3.6 3.6-1.62 3.6-3.6 3.6"[39m
                  [36m/>[39m
                [36m</svg>[39m
              [36m</button>[39m
            [36m</div>[39m
          [36m</div>[39m
          [36m<h5[39m
            [33mclass[39m=[32m"MuiTypography-root MuiTypography-h5 css-acglur-MuiTypography-root"[39m
          [36m>[39m
            [0mDashboard Overview[0m
          [36m</h5>[39m
          [36m<div[39m
            [33mclass[39m=[32m"MuiGrid-root MuiGrid-container MuiGrid-direction-xs-row MuiGrid-spacing-xs-3 css-1qouitu-MuiGrid-root"[39m
          [36m>[39m
            [36m<div[39m
              [33mclass[39m=[32m"MuiGrid-root MuiGrid-direction-xs-row MuiGrid-grid-xs-12 MuiGrid-grid-sm-6 MuiGrid-grid-lg-3 css-14shrlc-MuiGrid-root"[39m
            [36m>[39m
              [36m<div[39m
                [33mclass[39m=[32m"MuiPaper-root MuiPaper-elevation MuiPaper-rounded MuiPaper-elevation1 MuiCard-root css-ninm5z-MuiPaper-root-MuiCard-root"[39m
                [33mstyle[39m=[32m"--Paper-shadow: 0px 2px 1px -1px rgba(0,0,0,0.2),0px 1px 1px 0px rgba(0,0,0,0.14),0px 1px 3px 0px rgba(0,0,0,0.12);"[39m
              [36m>[39m
                [36m<div[39m
                  [33mclass[39m=[32m"MuiCardContent-root css-1lt5qva-MuiCardContent-root"[39m
                [36m>[39m
                  [36m<div[39m
                    [33mclass[39m=[32m"MuiBox-root css-103i82l"[39m
                  [36m>[39m
                    [36m<div[39m
                      [33mclass[39m=[32m"MuiBox-root css-120nera"[39m
                    [36m>[39m
                      [36m<p[39m
                        [33mclass[39m=[32m"MuiTypography-root MuiTypography-body1 css-c6x5uv-MuiTypography-root"[39m
                      [36m>[39m
                        [0m��️[0m
                      [36m</p>[39m
                      [36m<div[39m
                        [33mclass[39m=[32m"MuiBox-root css-0"[39m
                      [36m>[39m
                        [36m<p[39m
                          [33mclass[39m=[32m"MuiTypography-root MuiTypography-body2 css-11cuzcu-MuiTypography-root"[39m
                        [36m>[39m
                          [0mCPU Usage[0m
                        [36m</p>[39m
                        [36m<h4[39m
                          [33mclass[39m=[32m"MuiTypography-root MuiTypography-h4 css-1h0dqxm-MuiTypography-root"[39m
                        [36m>[39m
            ...

      323 |     jest.advanceTimersByTime(1500);
      324 |
    > 325 |     await waitFor(() => {
          |                  ^
      326 |       const startButton = screen.getByRole("button", { name: /start/i });
      327 |       if (startButton) {
      328 |         fireEvent.click(startButton);

      at waitForWrapper (node_modules/.pnpm/@testing-library+dom@10.4.1/node_modules/@testing-library/dom/dist/wait-for.js:163:27)
      at Object.<anonymous> (__tests__/pages/dashboard.test.tsx:325:18)

  ● ModernDashboard › handles empty metrics gracefully

    TypeError: models.map is not a function

      80 |
      81 |         <Grid container spacing={2}>
    > 82 |           {models.map((model) => (
         |                   ^
      83 |             <Grid size={{ xs: 12, sm: 6, md: 4 }} key={model.id}>
      84 |               <Box
      85 |                 sx={{

      at ModelsListCard (src/components/dashboard/ModelsListCard.tsx:82:19)
      at Object.react_stack_bottom_frame (node_modules/.pnpm/react-dom@19.2.3_react@19.2.3/node_modules/react-dom/cjs/react-dom-client.development.js:25904:20)
      at renderWithHooks (node_modules/.pnpm/react-dom@19.2.3_react@19.2.3/node_modules/react-dom/cjs/react-dom-client.development.js:7662:22)
      at updateFunctionComponent (node_modules/.pnpm/react-dom@19.2.3_react@19.2.3/node_modules/react-dom/cjs/react-dom-client.development.js:10166:19)
      at beginWork (node_modules/.pnpm/react-dom@19.2.3_react@19.2.3/node_modules/react-dom/cjs/react-dom-client.development.js:11778:18)
      at runWithFiberInDEV (node_modules/.pnpm/react-dom@19.2.3_react@19.2.3/node_modules/react-dom/cjs/react-dom-client.development.js:874:13)
      at performUnitOfWork (node_modules/.pnpm/react-dom@19.2.3_react@19.2.3/node_modules/react-dom/cjs/react-dom-client.development.js:17641:22)
      at workLoopSync (node_modules/.pnpm/react-dom@19.2.3_react@19.2.3/node_modules/react-dom/cjs/react-dom-client.development.js:17469:41)
      at renderRootSync (node_modules/.pnpm/react-dom@19.2.3_react@19.2.3/node_modules/react-dom/cjs/react-dom-client.development.js:17450:11)
      at performWorkOnRoot (node_modules/.pnpm/react-dom@19.2.3_react@19.2.3/node_modules/react-dom/cjs/react-dom-client.development.js:16583:35)
      at performWorkOnRootViaSchedulerTask (node_modules/.pnpm/react-dom@19.2.3_react@19.2.3/node_modules/react-dom/cjs/react-dom-client.development.js:18957:7)
      at flushActQueue (node_modules/.pnpm/react@19.2.3/node_modules/react/cjs/react.development.js:590:34)
      at process.env.NODE_ENV.exports.act (node_modules/.pnpm/react@19.2.3/node_modules/react/cjs/react.development.js:884:10)
      at node_modules/.pnpm/@testing-library+react@16.3.1_@testing-library+dom@10.4.1_@types+react-dom@19.2.3_@type_68c5b21a70acecf0fbbfd97f51128017/node_modules/@testing-library/react/dist/act-compat.js:46:25
      at renderRoot (node_modules/.pnpm/@testing-library+react@16.3.1_@testing-library+dom@10.4.1_@types+react-dom@19.2.3_@type_68c5b21a70acecf0fbbfd97f51128017/node_modules/@testing-library/react/dist/pure.js:189:26)
      at render (node_modules/.pnpm/@testing-library+react@16.3.1_@testing-library+dom@10.4.1_@types+react-dom@19.2.3_@type_68c5b21a70acecf0fbbfd97f51128017/node_modules/@testing-library/react/dist/pure.js:291:10)
      at renderWithTheme (__tests__/pages/dashboard.test.tsx:112:16)
      at Object.<anonymous> (__tests__/pages/dashboard.test.tsx:351:5)

  ● ModernDashboard › renders GPU utilization chart when GPU data available

    TypeError: models.map is not a function

      80 |
      81 |         <Grid container spacing={2}>
    > 82 |           {models.map((model) => (
         |                   ^
      83 |             <Grid size={{ xs: 12, sm: 6, md: 4 }} key={model.id}>
      84 |               <Box
      85 |                 sx={{

      at ModelsListCard (src/components/dashboard/ModelsListCard.tsx:82:19)
      at Object.react_stack_bottom_frame (node_modules/.pnpm/react-dom@19.2.3_react@19.2.3/node_modules/react-dom/cjs/react-dom-client.development.js:25904:20)
      at renderWithHooks (node_modules/.pnpm/react-dom@19.2.3_react@19.2.3/node_modules/react-dom/cjs/react-dom-client.development.js:7662:22)
      at updateFunctionComponent (node_modules/.pnpm/react-dom@19.2.3_react@19.2.3/node_modules/react-dom/cjs/react-dom-client.development.js:10166:19)
      at beginWork (node_modules/.pnpm/react-dom@19.2.3_react@19.2.3/node_modules/react-dom/cjs/react-dom-client.development.js:11778:18)
      at runWithFiberInDEV (node_modules/.pnpm/react-dom@19.2.3_react@19.2.3/node_modules/react-dom/cjs/react-dom-client.development.js:874:13)
      at performUnitOfWork (node_modules/.pnpm/react-dom@19.2.3_react@19.2.3/node_modules/react-dom/cjs/react-dom-client.development.js:17641:22)
      at workLoopSync (node_modules/.pnpm/react-dom@19.2.3_react@19.2.3/node_modules/react-dom/cjs/react-dom-client.development.js:17469:41)
      at renderRootSync (node_modules/.pnpm/react-dom@19.2.3_react@19.2.3/node_modules/react-dom/cjs/react-dom-client.development.js:17450:11)
      at performWorkOnRoot (node_modules/.pnpm/react-dom@19.2.3_react@19.2.3/node_modules/react-dom/cjs/react-dom-client.development.js:16583:35)
      at performWorkOnRootViaSchedulerTask (node_modules/.pnpm/react-dom@19.2.3_react@19.2.3/node_modules/react-dom/cjs/react-dom-client.development.js:18957:7)
      at flushActQueue (node_modules/.pnpm/react@19.2.3/node_modules/react/cjs/react.development.js:590:34)
      at process.env.NODE_ENV.exports.act (node_modules/.pnpm/react@19.2.3/node_modules/react/cjs/react.development.js:884:10)
      at node_modules/.pnpm/@testing-library+react@16.3.1_@testing-library+dom@10.4.1_@types+react-dom@19.2.3_@type_68c5b21a70acecf0fbbfd97f51128017/node_modules/@testing-library/react/dist/act-compat.js:46:25
      at renderRoot (node_modules/.pnpm/@testing-library+react@16.3.1_@testing-library+dom@10.4.1_@types+react-dom@19.2.3_@type_68c5b21a70acecf0fbbfd97f51128017/node_modules/@testing-library/react/dist/pure.js:189:26)
      at render (node_modules/.pnpm/@testing-library+react@16.3.1_@testing-library+dom@10.4.1_@types+react-dom@19.2.3_@type_68c5b21a70acecf0fbbfd97f51128017/node_modules/@testing-library/react/dist/pure.js:291:10)
      at renderWithTheme (__tests__/pages/dashboard.test.tsx:112:16)
      at Object.<anonymous> (__tests__/pages/dashboard.test.tsx:396:5)

  ● ModernDashboard › displays GPU metrics card when no GPU data

    TypeError: models.map is not a function

      80 |
      81 |         <Grid container spacing={2}>
    > 82 |           {models.map((model) => (
         |                   ^
      83 |             <Grid size={{ xs: 12, sm: 6, md: 4 }} key={model.id}>
      84 |               <Box
      85 |                 sx={{

      at ModelsListCard (src/components/dashboard/ModelsListCard.tsx:82:19)
      at Object.react_stack_bottom_frame (node_modules/.pnpm/react-dom@19.2.3_react@19.2.3/node_modules/react-dom/cjs/react-dom-client.development.js:25904:20)
      at renderWithHooks (node_modules/.pnpm/react-dom@19.2.3_react@19.2.3/node_modules/react-dom/cjs/react-dom-client.development.js:7662:22)
      at updateFunctionComponent (node_modules/.pnpm/react-dom@19.2.3_react@19.2.3/node_modules/react-dom/cjs/react-dom-client.development.js:10166:19)
      at beginWork (node_modules/.pnpm/react-dom@19.2.3_react@19.2.3/node_modules/react-dom/cjs/react-dom-client.development.js:11778:18)
      at runWithFiberInDEV (node_modules/.pnpm/react-dom@19.2.3_react@19.2.3/node_modules/react-dom/cjs/react-dom-client.development.js:874:13)
      at performUnitOfWork (node_modules/.pnpm/react-dom@19.2.3_react@19.2.3/node_modules/react-dom/cjs/react-dom-client.development.js:17641:22)
      at workLoopSync (node_modules/.pnpm/react-dom@19.2.3_react@19.2.3/node_modules/react-dom/cjs/react-dom-client.development.js:17469:41)
      at renderRootSync (node_modules/.pnpm/react-dom@19.2.3_react@19.2.3/node_modules/react-dom/cjs/react-dom-client.development.js:17450:11)
      at performWorkOnRoot (node_modules/.pnpm/react-dom@19.2.3_react@19.2.3/node_modules/react-dom/cjs/react-dom-client.development.js:16583:35)
      at performWorkOnRootViaSchedulerTask (node_modules/.pnpm/react-dom@19.2.3_react@19.2.3/node_modules/react-dom/cjs/react-dom-client.development.js:18957:7)
      at flushActQueue (node_modules/.pnpm/react@19.2.3/node_modules/react/cjs/react.development.js:590:34)
      at process.env.NODE_ENV.exports.act (node_modules/.pnpm/react@19.2.3/node_modules/react/cjs/react.development.js:884:10)
      at node_modules/.pnpm/@testing-library+react@16.3.1_@testing-library+dom@10.4.1_@types+react-dom@19.2.3_@type_68c5b21a70acecf0fbbfd97f51128017/node_modules/@testing-library/react/dist/act-compat.js:46:25
      at renderRoot (node_modules/.pnpm/@testing-library+react@16.3.1_@testing-library+dom@10.4.1_@types+react-dom@19.2.3_@type_68c5b21a70acecf0fbbfd97f51128017/node_modules/@testing-library/react/dist/pure.js:189:26)
      at render (node_modules/.pnpm/@testing-library+react@16.3.1_@testing-library+dom@10.4.1_@types+react-dom@19.2.3_@type_68c5b21a70acecf0fbbfd97f51128017/node_modules/@testing-library/react/dist/pure.js:291:10)
      at renderWithTheme (__tests__/pages/dashboard.test.tsx:112:16)
      at Object.<anonymous> (__tests__/pages/dashboard.test.tsx:418:5)

  ● ModernDashboard › displays total requests count

    TypeError: models.map is not a function

      80 |
      81 |         <Grid container spacing={2}>
    > 82 |           {models.map((model) => (
         |                   ^
      83 |             <Grid size={{ xs: 12, sm: 6, md: 4 }} key={model.id}>
      84 |               <Box
      85 |                 sx={{

      at ModelsListCard (src/components/dashboard/ModelsListCard.tsx:82:19)
      at Object.react_stack_bottom_frame (node_modules/.pnpm/react-dom@19.2.3_react@19.2.3/node_modules/react-dom/cjs/react-dom-client.development.js:25904:20)
      at renderWithHooks (node_modules/.pnpm/react-dom@19.2.3_react@19.2.3/node_modules/react-dom/cjs/react-dom-client.development.js:7662:22)
      at updateFunctionComponent (node_modules/.pnpm/react-dom@19.2.3_react@19.2.3/node_modules/react-dom/cjs/react-dom-client.development.js:10166:19)
      at beginWork (node_modules/.pnpm/react-dom@19.2.3_react@19.2.3/node_modules/react-dom/cjs/react-dom-client.development.js:11778:18)
      at runWithFiberInDEV (node_modules/.pnpm/react-dom@19.2.3_react@19.2.3/node_modules/react-dom/cjs/react-dom-client.development.js:874:13)
      at performUnitOfWork (node_modules/.pnpm/react-dom@19.2.3_react@19.2.3/node_modules/react-dom/cjs/react-dom-client.development.js:17641:22)
      at workLoopSync (node_modules/.pnpm/react-dom@19.2.3_react@19.2.3/node_modules/react-dom/cjs/react-dom-client.development.js:17469:41)
      at renderRootSync (node_modules/.pnpm/react-dom@19.2.3_react@19.2.3/node_modules/react-dom/cjs/react-dom-client.development.js:17450:11)
      at performWorkOnRoot (node_modules/.pnpm/react-dom@19.2.3_react@19.2.3/node_modules/react-dom/cjs/react-dom-client.development.js:16583:35)
      at performWorkOnRootViaSchedulerTask (node_modules/.pnpm/react-dom@19.2.3_react@19.2.3/node_modules/react-dom/cjs/react-dom-client.development.js:18957:7)
      at flushActQueue (node_modules/.pnpm/react@19.2.3/node_modules/react/cjs/react.development.js:590:34)
      at process.env.NODE_ENV.exports.act (node_modules/.pnpm/react@19.2.3/node_modules/react/cjs/react.development.js:884:10)
      at node_modules/.pnpm/@testing-library+react@16.3.1_@testing-library+dom@10.4.1_@types+react-dom@19.2.3_@type_68c5b21a70acecf0fbbfd97f51128017/node_modules/@testing-library/react/dist/act-compat.js:46:25
      at renderRoot (node_modules/.pnpm/@testing-library+react@16.3.1_@testing-library+dom@10.4.1_@types+react-dom@19.2.3_@type_68c5b21a70acecf0fbbfd97f51128017/node_modules/@testing-library/react/dist/pure.js:189:26)
      at render (node_modules/.pnpm/@testing-library+react@16.3.1_@testing-library+dom@10.4.1_@types+react-dom@19.2.3_@type_68c5b21a70acecf0fbbfd97f51128017/node_modules/@testing-library/react/dist/pure.js:291:10)
      at renderWithTheme (__tests__/pages/dashboard.test.tsx:112:16)
      at Object.<anonymous> (__tests__/pages/dashboard.test.tsx:440:5)

  ● ModernDashboard › displays average response time

    TypeError: models.map is not a function

      80 |
      81 |         <Grid container spacing={2}>
    > 82 |           {models.map((model) => (
         |                   ^
      83 |             <Grid size={{ xs: 12, sm: 6, md: 4 }} key={model.id}>
      84 |               <Box
      85 |                 sx={{

      at ModelsListCard (src/components/dashboard/ModelsListCard.tsx:82:19)
      at Object.react_stack_bottom_frame (node_modules/.pnpm/react-dom@19.2.3_react@19.2.3/node_modules/react-dom/cjs/react-dom-client.development.js:25904:20)
      at renderWithHooks (node_modules/.pnpm/react-dom@19.2.3_react@19.2.3/node_modules/react-dom/cjs/react-dom-client.development.js:7662:22)
      at updateFunctionComponent (node_modules/.pnpm/react-dom@19.2.3_react@19.2.3/node_modules/react-dom/cjs/react-dom-client.development.js:10166:19)
      at beginWork (node_modules/.pnpm/react-dom@19.2.3_react@19.2.3/node_modules/react-dom/cjs/react-dom-client.development.js:11778:18)
      at runWithFiberInDEV (node_modules/.pnpm/react-dom@19.2.3_react@19.2.3/node_modules/react-dom/cjs/react-dom-client.development.js:874:13)
      at performUnitOfWork (node_modules/.pnpm/react-dom@19.2.3_react@19.2.3/node_modules/react-dom/cjs/react-dom-client.development.js:17641:22)
      at workLoopSync (node_modules/.pnpm/react-dom@19.2.3_react@19.2.3/node_modules/react-dom/cjs/react-dom-client.development.js:17469:41)
      at renderRootSync (node_modules/.pnpm/react-dom@19.2.3_react@19.2.3/node_modules/react-dom/cjs/react-dom-client.development.js:17450:11)
      at performWorkOnRoot (node_modules/.pnpm/react-dom@19.2.3_react@19.2.3/node_modules/react-dom/cjs/react-dom-client.development.js:16583:35)
      at performWorkOnRootViaSchedulerTask (node_modules/.pnpm/react-dom@19.2.3_react@19.2.3/node_modules/react-dom/cjs/react-dom-client.development.js:18957:7)
      at flushActQueue (node_modules/.pnpm/react@19.2.3/node_modules/react/cjs/react.development.js:590:34)
      at process.env.NODE_ENV.exports.act (node_modules/.pnpm/react@19.2.3/node_modules/react/cjs/react.development.js:884:10)
      at node_modules/.pnpm/@testing-library+react@16.3.1_@testing-library+dom@10.4.1_@types+react-dom@19.2.3_@type_68c5b21a70acecf0fbbfd97f51128017/node_modules/@testing-library/react/dist/act-compat.js:46:25
      at renderRoot (node_modules/.pnpm/@testing-library+react@16.3.1_@testing-library+dom@10.4.1_@types+react-dom@19.2.3_@type_68c5b21a70acecf0fbbfd97f51128017/node_modules/@testing-library/react/dist/pure.js:189:26)
      at render (node_modules/.pnpm/@testing-library+react@16.3.1_@testing-library+dom@10.4.1_@types+react-dom@19.2.3_@type_68c5b21a70acecf0fbbfd97f51128017/node_modules/@testing-library/react/dist/pure.js:291:10)
      at renderWithTheme (__tests__/pages/dashboard.test.tsx:112:16)
      at Object.<anonymous> (__tests__/pages/dashboard.test.tsx:462:5)

  ● ModernDashboard › requests metrics and models on mount

    expect(jest.fn()).toHaveBeenCalled()

    Expected number of calls: >= 1
    Received number of calls:    0

      482 |     renderWithTheme(<ModernDashboard />);
      483 |
    > 484 |     expect(mockRequestMetrics).toHaveBeenCalled();
          |                                ^
      485 |     expect(mockRequestModels).toHaveBeenCalled();
      486 |   });
      487 |

      at Object.<anonymous> (__tests__/pages/dashboard.test.tsx:484:32)

FAIL __tests__/lib/websocket-transport.test.ts
  ● Test suite failed to run

    TypeError: Class extends value undefined is not a constructor or null

       8 |  * to all connected clients without storing disk I/O in the UI path.
       9 |  */
    > 10 | export class WebSocketTransport extends Transport {
         |                                         ^
      11 |   private io: Server | null = null;
      12 |   private logQueue: LogEntry[] = [];
      13 |   private maxQueueSize = 500;

      at Object.<anonymous> (src/lib/websocket-transport.ts:10:41)
      at Object.<anonymous> (__tests__/lib/websocket-transport.test.ts:1:1)

FAIL __tests__/pages/monitoring.test.tsx
  ● Test suite failed to run

    Configuration error:

    Could not locate module @/components/charts/GPUMetricsCard mapped as:
    /home/bamer/nextjs-llama-async-proxy/src/$1.

    Please check your configuration for these entries:
    {
      "moduleNameMapper": {
        "/^@\/(.*)$/": "/home/bamer/nextjs-llama-async-proxy/src/$1"
      },
      "resolver": undefined
    }

      18 | }));
      19 |
    > 20 | jest.mock("@/components/charts/GPUMetricsCard", () => ({
         |      ^
      21 |   GPUMetricsCard: () => <div data-testid="gpu-metrics-card">GPUMetricsCard</div>,
      22 | }));
      23 |

      at createNoMappedModuleFoundError (node_modules/.pnpm/jest-resolve@30.2.0/node_modules/jest-resolve/build/index.js:1117:17)
      at Object.<anonymous> (__tests__/pages/monitoring.test.tsx:20:6)

FAIL src/lib/__tests__/logger.test.ts
  ● Test suite failed to run

    TypeError: Class extends value undefined is not a constructor or null

       8 |  * to all connected clients without storing disk I/O in the UI path.
       9 |  */
    > 10 | export class WebSocketTransport extends Transport {
         |                                         ^
      11 |   private io: Server | null = null;
      12 |   private logQueue: LogEntry[] = [];
      13 |   private maxQueueSize = 500;

      at Object.<anonymous> (src/lib/websocket-transport.ts:10:41)
      at Object.<anonymous> (src/lib/logger.ts:3:1)
      at Object.<anonymous> (src/lib/__tests__/logger.test.ts:1:1)

FAIL __tests__/lib/logger.test.ts
  ● Test suite failed to run

    TypeError: Class extends value undefined is not a constructor or null

       8 |  * to all connected clients without storing disk I/O in the UI path.
       9 |  */
    > 10 | export class WebSocketTransport extends Transport {
         |                                         ^
      11 |   private io: Server | null = null;
      12 |   private logQueue: LogEntry[] = [];
      13 |   private maxQueueSize = 500;

      at Object.<anonymous> (src/lib/websocket-transport.ts:10:41)
      at Object.<anonymous> (src/lib/logger.ts:3:1)
      at Object.<anonymous> (__tests__/lib/logger.test.ts:3:1)

FAIL __tests__/components/critical-path.test.tsx
  ● Test suite failed to run

    Configuration error:

    Could not locate module @/services/metrics-service mapped as:
    /home/bamer/nextjs-llama-async-proxy/src/$1.

    Please check your configuration for these entries:
    {
      "moduleNameMapper": {
        "/^@\/(.*)$/": "/home/bamer/nextjs-llama-async-proxy/src/$1"
      },
      "resolver": undefined
    }

       5 |
       6 | jest.mock('axios');
    >  7 | jest.mock('@/services/metrics-service');
         |      ^
       8 | jest.mock('@/hooks/use-websocket');
       9 | jest.mock('@/components/configuration/hooks/useConfigurationForm');
      10 |

      at createNoMappedModuleFoundError (node_modules/.pnpm/jest-resolve@30.2.0/node_modules/jest-resolve/build/index.js:1117:17)
      at Object.<anonymous> (__tests__/components/critical-path.test.tsx:7:6)

FAIL src/utils/__tests__/api-client.test.ts
  ● Test suite failed to run

    TypeError: Cannot read properties of undefined (reading 'interceptors')

      143 |
      144 |   describe('formatError', () => {
    > 145 |     const responseInterceptorError = mockAxiosInstance.interceptors.response.use.mock.calls[0][1];
          |                                                        ^
      146 |
      147 |     it('formats error with response', () => {
      148 |       const error = {

      at src/utils/__tests__/api-client.test.ts:145:56
      at src/utils/__tests__/api-client.test.ts:144:3
      at Object.<anonymous> (src/utils/__tests__/api-client.test.ts:11:1)

FAIL __tests__/components/dashboard/ModernDashboard.test.tsx (40.466 s)
  ● ModernDashboard › renders loading state initially

    AggregateError:

      103 |
      104 | function renderWithProviders(component: React.ReactElement) {
    > 105 |   return render(
          |                ^
      106 |     <QueryClientProvider client={queryClient}>
      107 |       <MuiThemeProvider theme={theme}>{component}</MuiThemeProvider>
      108 |     </QueryClientProvider>

      at aggregateErrors (node_modules/.pnpm/react@19.2.3/node_modules/react/cjs/react.development.js:551:11)
      at process.env.NODE_ENV.exports.act (node_modules/.pnpm/react@19.2.3/node_modules/react/cjs/react.development.js:897:24)
      at node_modules/.pnpm/@testing-library+react@16.3.1_@testing-library+dom@10.4.1_@types+react-dom@19.2.3_@type_68c5b21a70acecf0fbbfd97f51128017/node_modules/@testing-library/react/dist/act-compat.js:46:25
      at renderRoot (node_modules/.pnpm/@testing-library+react@16.3.1_@testing-library+dom@10.4.1_@types+react-dom@19.2.3_@type_68c5b21a70acecf0fbbfd97f51128017/node_modules/@testing-library/react/dist/pure.js:189:26)
      at render (node_modules/.pnpm/@testing-library+react@16.3.1_@testing-library+dom@10.4.1_@types+react-dom@19.2.3_@type_68c5b21a70acecf0fbbfd97f51128017/node_modules/@testing-library/react/dist/pure.js:291:10)
      at renderWithProviders (__tests__/components/dashboard/ModernDashboard.test.tsx:105:16)
      at Object.<anonymous> (__tests__/components/dashboard/ModernDashboard.test.tsx:134:5)

  ● ModernDashboard › renders dashboard after loading

    AggregateError:

      103 |
      104 | function renderWithProviders(component: React.ReactElement) {
    > 105 |   return render(
          |                ^
      106 |     <QueryClientProvider client={queryClient}>
      107 |       <MuiThemeProvider theme={theme}>{component}</MuiThemeProvider>
      108 |     </QueryClientProvider>

      at aggregateErrors (node_modules/.pnpm/react@19.2.3/node_modules/react/cjs/react.development.js:551:11)
      at process.env.NODE_ENV.exports.act (node_modules/.pnpm/react@19.2.3/node_modules/react/cjs/react.development.js:897:24)
      at node_modules/.pnpm/@testing-library+react@16.3.1_@testing-library+dom@10.4.1_@types+react-dom@19.2.3_@type_68c5b21a70acecf0fbbfd97f51128017/node_modules/@testing-library/react/dist/act-compat.js:46:25
      at renderRoot (node_modules/.pnpm/@testing-library+react@16.3.1_@testing-library+dom@10.4.1_@types+react-dom@19.2.3_@type_68c5b21a70acecf0fbbfd97f51128017/node_modules/@testing-library/react/dist/pure.js:189:26)
      at render (node_modules/.pnpm/@testing-library+react@16.3.1_@testing-library+dom@10.4.1_@types+react-dom@19.2.3_@type_68c5b21a70acecf0fbbfd97f51128017/node_modules/@testing-library/react/dist/pure.js:291:10)
      at renderWithProviders (__tests__/components/dashboard/ModernDashboard.test.tsx:105:16)
      at Object.<anonymous> (__tests__/components/dashboard/ModernDashboard.test.tsx:139:5)

  ● ModernDashboard › displays metric cards

    AggregateError:

      103 |
      104 | function renderWithProviders(component: React.ReactElement) {
    > 105 |   return render(
          |                ^
      106 |     <QueryClientProvider client={queryClient}>
      107 |       <MuiThemeProvider theme={theme}>{component}</MuiThemeProvider>
      108 |     </QueryClientProvider>

      at aggregateErrors (node_modules/.pnpm/react@19.2.3/node_modules/react/cjs/react.development.js:551:11)
      at process.env.NODE_ENV.exports.act (node_modules/.pnpm/react@19.2.3/node_modules/react/cjs/react.development.js:897:24)
      at node_modules/.pnpm/@testing-library+react@16.3.1_@testing-library+dom@10.4.1_@types+react-dom@19.2.3_@type_68c5b21a70acecf0fbbfd97f51128017/node_modules/@testing-library/react/dist/act-compat.js:46:25
      at renderRoot (node_modules/.pnpm/@testing-library+react@16.3.1_@testing-library+dom@10.4.1_@types+react-dom@19.2.3_@type_68c5b21a70acecf0fbbfd97f51128017/node_modules/@testing-library/react/dist/pure.js:189:26)
      at render (node_modules/.pnpm/@testing-library+react@16.3.1_@testing-library+dom@10.4.1_@types+react-dom@19.2.3_@type_68c5b21a70acecf0fbbfd97f51128017/node_modules/@testing-library/react/dist/pure.js:291:10)
      at renderWithProviders (__tests__/components/dashboard/ModernDashboard.test.tsx:105:16)
      at Object.<anonymous> (__tests__/components/dashboard/ModernDashboard.test.tsx:148:5)

  ● ModernDashboard › displays correct metric values

    AggregateError:

      103 |
      104 | function renderWithProviders(component: React.ReactElement) {
    > 105 |   return render(
          |                ^
      106 |     <QueryClientProvider client={queryClient}>
      107 |       <MuiThemeProvider theme={theme}>{component}</MuiThemeProvider>
      108 |     </QueryClientProvider>

      at aggregateErrors (node_modules/.pnpm/react@19.2.3/node_modules/react/cjs/react.development.js:551:11)
      at process.env.NODE_ENV.exports.act (node_modules/.pnpm/react@19.2.3/node_modules/react/cjs/react.development.js:897:24)
      at node_modules/.pnpm/@testing-library+react@16.3.1_@testing-library+dom@10.4.1_@types+react-dom@19.2.3_@type_68c5b21a70acecf0fbbfd97f51128017/node_modules/@testing-library/react/dist/act-compat.js:46:25
      at renderRoot (node_modules/.pnpm/@testing-library+react@16.3.1_@testing-library+dom@10.4.1_@types+react-dom@19.2.3_@type_68c5b21a70acecf0fbbfd97f51128017/node_modules/@testing-library/react/dist/pure.js:189:26)
      at render (node_modules/.pnpm/@testing-library+react@16.3.1_@testing-library+dom@10.4.1_@types+react-dom@19.2.3_@type_68c5b21a70acecf0fbbfd97f51128017/node_modules/@testing-library/react/dist/pure.js:291:10)
      at renderWithProviders (__tests__/components/dashboard/ModernDashboard.test.tsx:105:16)
      at Object.<anonymous> (__tests__/components/dashboard/ModernDashboard.test.tsx:160:5)

  ● ModernDashboard › renders models list card

    AggregateError:

      103 |
      104 | function renderWithProviders(component: React.ReactElement) {
    > 105 |   return render(
          |                ^
      106 |     <QueryClientProvider client={queryClient}>
      107 |       <MuiThemeProvider theme={theme}>{component}</MuiThemeProvider>
      108 |     </QueryClientProvider>

      at aggregateErrors (node_modules/.pnpm/react@19.2.3/node_modules/react/cjs/react.development.js:551:11)
      at process.env.NODE_ENV.exports.act (node_modules/.pnpm/react@19.2.3/node_modules/react/cjs/react.development.js:897:24)
      at node_modules/.pnpm/@testing-library+react@16.3.1_@testing-library+dom@10.4.1_@types+react-dom@19.2.3_@type_68c5b21a70acecf0fbbfd97f51128017/node_modules/@testing-library/react/dist/act-compat.js:46:25
      at renderRoot (node_modules/.pnpm/@testing-library+react@16.3.1_@testing-library+dom@10.4.1_@types+react-dom@19.2.3_@type_68c5b21a70acecf0fbbfd97f51128017/node_modules/@testing-library/react/dist/pure.js:189:26)
      at render (node_modules/.pnpm/@testing-library+react@16.3.1_@testing-library+dom@10.4.1_@types+react-dom@19.2.3_@type_68c5b21a70acecf0fbbfd97f51128017/node_modules/@testing-library/react/dist/pure.js:291:10)
      at renderWithProviders (__tests__/components/dashboard/ModernDashboard.test.tsx:105:16)
      at Object.<anonymous> (__tests__/components/dashboard/ModernDashboard.test.tsx:171:5)

  ● ModernDashboard › renders quick actions card

    AggregateError:

      103 |
      104 | function renderWithProviders(component: React.ReactElement) {
    > 105 |   return render(
          |                ^
      106 |     <QueryClientProvider client={queryClient}>
      107 |       <MuiThemeProvider theme={theme}>{component}</MuiThemeProvider>
      108 |     </QueryClientProvider>

      at aggregateErrors (node_modules/.pnpm/react@19.2.3/node_modules/react/cjs/react.development.js:551:11)
      at process.env.NODE_ENV.exports.act (node_modules/.pnpm/react@19.2.3/node_modules/react/cjs/react.development.js:897:24)
      at node_modules/.pnpm/@testing-library+react@16.3.1_@testing-library+dom@10.4.1_@types+react-dom@19.2.3_@type_68c5b21a70acecf0fbbfd97f51128017/node_modules/@testing-library/react/dist/act-compat.js:46:25
      at renderRoot (node_modules/.pnpm/@testing-library+react@16.3.1_@testing-library+dom@10.4.1_@types+react-dom@19.2.3_@type_68c5b21a70acecf0fbbfd97f51128017/node_modules/@testing-library/react/dist/pure.js:189:26)
      at render (node_modules/.pnpm/@testing-library+react@16.3.1_@testing-library+dom@10.4.1_@types+react-dom@19.2.3_@type_68c5b21a70acecf0fbbfd97f51128017/node_modules/@testing-library/react/dist/pure.js:291:10)
      at renderWithProviders (__tests__/components/dashboard/ModernDashboard.test.tsx:105:16)
      at Object.<anonymous> (__tests__/components/dashboard/ModernDashboard.test.tsx:181:5)

  ● ModernDashboard › displays performance charts

    AggregateError:

      103 |
      104 | function renderWithProviders(component: React.ReactElement) {
    > 105 |   return render(
          |                ^
      106 |     <QueryClientProvider client={queryClient}>
      107 |       <MuiThemeProvider theme={theme}>{component}</MuiThemeProvider>
      108 |     </QueryClientProvider>

      at aggregateErrors (node_modules/.pnpm/react@19.2.3/node_modules/react/cjs/react.development.js:551:11)
      at process.env.NODE_ENV.exports.act (node_modules/.pnpm/react@19.2.3/node_modules/react/cjs/react.development.js:897:24)
      at node_modules/.pnpm/@testing-library+react@16.3.1_@testing-library+dom@10.4.1_@types+react-dom@19.2.3_@type_68c5b21a70acecf0fbbfd97f51128017/node_modules/@testing-library/react/dist/act-compat.js:46:25
      at renderRoot (node_modules/.pnpm/@testing-library+react@16.3.1_@testing-library+dom@10.4.1_@types+react-dom@19.2.3_@type_68c5b21a70acecf0fbbfd97f51128017/node_modules/@testing-library/react/dist/pure.js:189:26)
      at render (node_modules/.pnpm/@testing-library+react@16.3.1_@testing-library+dom@10.4.1_@types+react-dom@19.2.3_@type_68c5b21a70acecf0fbbfd97f51128017/node_modules/@testing-library/react/dist/pure.js:291:10)
      at renderWithProviders (__tests__/components/dashboard/ModernDashboard.test.tsx:105:16)
      at Object.<anonymous> (__tests__/components/dashboard/ModernDashboard.test.tsx:191:5)

  ● ModernDashboard › displays GPU chart when GPU metrics available

    AggregateError:

      103 |
      104 | function renderWithProviders(component: React.ReactElement) {
    > 105 |   return render(
          |                ^
      106 |     <QueryClientProvider client={queryClient}>
      107 |       <MuiThemeProvider theme={theme}>{component}</MuiThemeProvider>
      108 |     </QueryClientProvider>

      at aggregateErrors (node_modules/.pnpm/react@19.2.3/node_modules/react/cjs/react.development.js:551:11)
      at process.env.NODE_ENV.exports.act (node_modules/.pnpm/react@19.2.3/node_modules/react/cjs/react.development.js:897:24)
      at node_modules/.pnpm/@testing-library+react@16.3.1_@testing-library+dom@10.4.1_@types+react-dom@19.2.3_@type_68c5b21a70acecf0fbbfd97f51128017/node_modules/@testing-library/react/dist/act-compat.js:46:25
      at renderRoot (node_modules/.pnpm/@testing-library+react@16.3.1_@testing-library+dom@10.4.1_@types+react-dom@19.2.3_@type_68c5b21a70acecf0fbbfd97f51128017/node_modules/@testing-library/react/dist/pure.js:189:26)
      at render (node_modules/.pnpm/@testing-library+react@16.3.1_@testing-library+dom@10.4.1_@types+react-dom@19.2.3_@type_68c5b21a70acecf0fbbfd97f51128017/node_modules/@testing-library/react/dist/pure.js:291:10)
      at renderWithProviders (__tests__/components/dashboard/ModernDashboard.test.tsx:105:16)
      at Object.<anonymous> (__tests__/components/dashboard/ModernDashboard.test.tsx:200:5)

  ● ModernDashboard › displays uptime information

    AggregateError:

      103 |
      104 | function renderWithProviders(component: React.ReactElement) {
    > 105 |   return render(
          |                ^
      106 |     <QueryClientProvider client={queryClient}>
      107 |       <MuiThemeProvider theme={theme}>{component}</MuiThemeProvider>
      108 |     </QueryClientProvider>

      at aggregateErrors (node_modules/.pnpm/react@19.2.3/node_modules/react/cjs/react.development.js:551:11)
      at process.env.NODE_ENV.exports.act (node_modules/.pnpm/react@19.2.3/node_modules/react/cjs/react.development.js:897:24)
      at node_modules/.pnpm/@testing-library+react@16.3.1_@testing-library+dom@10.4.1_@types+react-dom@19.2.3_@type_68c5b21a70acecf0fbbfd97f51128017/node_modules/@testing-library/react/dist/act-compat.js:46:25
      at renderRoot (node_modules/.pnpm/@testing-library+react@16.3.1_@testing-library+dom@10.4.1_@types+react-dom@19.2.3_@type_68c5b21a70acecf0fbbfd97f51128017/node_modules/@testing-library/react/dist/pure.js:189:26)
      at render (node_modules/.pnpm/@testing-library+react@16.3.1_@testing-library+dom@10.4.1_@types+react-dom@19.2.3_@type_68c5b21a70acecf0fbbfd97f51128017/node_modules/@testing-library/react/dist/pure.js:291:10)
      at renderWithProviders (__tests__/components/dashboard/ModernDashboard.test.tsx:105:16)
      at Object.<anonymous> (__tests__/components/dashboard/ModernDashboard.test.tsx:209:5)

  ● ModernDashboard › displays total requests

    AggregateError:

      103 |
      104 | function renderWithProviders(component: React.ReactElement) {
    > 105 |   return render(
          |                ^
      106 |     <QueryClientProvider client={queryClient}>
      107 |       <MuiThemeProvider theme={theme}>{component}</MuiThemeProvider>
      108 |     </QueryClientProvider>

      at aggregateErrors (node_modules/.pnpm/react@19.2.3/node_modules/react/cjs/react.development.js:551:11)
      at process.env.NODE_ENV.exports.act (node_modules/.pnpm/react@19.2.3/node_modules/react/cjs/react.development.js:897:24)
      at node_modules/.pnpm/@testing-library+react@16.3.1_@testing-library+dom@10.4.1_@types+react-dom@19.2.3_@type_68c5b21a70acecf0fbbfd97f51128017/node_modules/@testing-library/react/dist/act-compat.js:46:25
      at renderRoot (node_modules/.pnpm/@testing-library+react@16.3.1_@testing-library+dom@10.4.1_@types+react-dom@19.2.3_@type_68c5b21a70acecf0fbbfd97f51128017/node_modules/@testing-library/react/dist/pure.js:189:26)
      at render (node_modules/.pnpm/@testing-library+react@16.3.1_@testing-library+dom@10.4.1_@types+react-dom@19.2.3_@type_68c5b21a70acecf0fbbfd97f51128017/node_modules/@testing-library/react/dist/pure.js:291:10)
      at renderWithProviders (__tests__/components/dashboard/ModernDashboard.test.tsx:105:16)
      at Object.<anonymous> (__tests__/components/dashboard/ModernDashboard.test.tsx:219:5)

  ● ModernDashboard › displays average response time

    AggregateError:

      103 |
      104 | function renderWithProviders(component: React.ReactElement) {
    > 105 |   return render(
          |                ^
      106 |     <QueryClientProvider client={queryClient}>
      107 |       <MuiThemeProvider theme={theme}>{component}</MuiThemeProvider>
      108 |     </QueryClientProvider>

      at aggregateErrors (node_modules/.pnpm/react@19.2.3/node_modules/react/cjs/react.development.js:551:11)
      at process.env.NODE_ENV.exports.act (node_modules/.pnpm/react@19.2.3/node_modules/react/cjs/react.development.js:897:24)
      at node_modules/.pnpm/@testing-library+react@16.3.1_@testing-library+dom@10.4.1_@types+react-dom@19.2.3_@type_68c5b21a70acecf0fbbfd97f51128017/node_modules/@testing-library/react/dist/act-compat.js:46:25
      at renderRoot (node_modules/.pnpm/@testing-library+react@16.3.1_@testing-library+dom@10.4.1_@types+react-dom@19.2.3_@type_68c5b21a70acecf0fbbfd97f51128017/node_modules/@testing-library/react/dist/pure.js:189:26)
      at render (node_modules/.pnpm/@testing-library+react@16.3.1_@testing-library+dom@10.4.1_@types+react-dom@19.2.3_@type_68c5b21a70acecf0fbbfd97f51128017/node_modules/@testing-library/react/dist/pure.js:291:10)
      at renderWithProviders (__tests__/components/dashboard/ModernDashboard.test.tsx:105:16)
      at Object.<anonymous> (__tests__/components/dashboard/ModernDashboard.test.tsx:229:5)

  ● ModernDashboard › handles loading with no metrics

    thrown: "Exceeded timeout of 5000 ms for a test.
    Add a timeout value to this test to increase the timeout, if this is a long-running test. See https://jestjs.io/docs/api#testname-fn-timeout."

      236 |   });
      237 |
    > 238 |   it('handles loading with no metrics', async () => {
          |   ^
      239 |     mockedUseStore.mockImplementation((selector) => {
      240 |       const emptyState = {
      241 |         ...mockState,

      at __tests__/components/dashboard/ModernDashboard.test.tsx:238:3
      at Object.<anonymous> (__tests__/components/dashboard/ModernDashboard.test.tsx:112:1)

  ● ModernDashboard › handles loading with no metrics

    ReferenceError: structuredClone is not defined

      at new TapAndDragGesture (node_modules/.pnpm/@mui+x-internal-gestures@0.4.0/node_modules/@mui/x-internal-gestures/core/gestures/TapAndDragGesture.js:92:23)
      at node_modules/.pnpm/@mui+x-charts@8.23.0_@emotion+react@11.14.0_@types+react@19.2.7_react@19.2.3__@emotion+_f046b17db1eec8074c520ede55d3423e/node_modules/@mui/x-charts/internals/plugins/corePlugins/useChartInteractionListener/useChartInteractionListener.js:56:13
      at Object.react_stack_bottom_frame (node_modules/.pnpm/react-dom@19.2.3_react@19.2.3/node_modules/react-dom/cjs/react-dom-client.development.js:25989:20)
      at runWithFiberInDEV (node_modules/.pnpm/react-dom@19.2.3_react@19.2.3/node_modules/react-dom/cjs/react-dom-client.development.js:874:13)
      at commitHookEffectListMount (node_modules/.pnpm/react-dom@19.2.3_react@19.2.3/node_modules/react-dom/cjs/react-dom-client.development.js:13249:29)
      at commitHookPassiveMountEffects (node_modules/.pnpm/react-dom@19.2.3_react@19.2.3/node_modules/react-dom/cjs/react-dom-client.development.js:13336:11)
      at commitPassiveMountOnFiber (node_modules/.pnpm/react-dom@19.2.3_react@19.2.3/node_modules/react-dom/cjs/react-dom-client.development.js:15484:13)
      at recursivelyTraversePassiveMountEffects (node_modules/.pnpm/react-dom@19.2.3_react@19.2.3/node_modules/react-dom/cjs/react-dom-client.development.js:15439:11)
      at commitPassiveMountOnFiber (node_modules/.pnpm/react-dom@19.2.3_react@19.2.3/node_modules/react-dom/cjs/react-dom-client.development.js:15476:11)
      at recursivelyTraversePassiveMountEffects (node_modules/.pnpm/react-dom@19.2.3_react@19.2.3/node_modules/react-dom/cjs/react-dom-client.development.js:15439:11)
      at commitPassiveMountOnFiber (node_modules/.pnpm/react-dom@19.2.3_react@19.2.3/node_modules/react-dom/cjs/react-dom-client.development.js:15476:11)
      at recursivelyTraversePassiveMountEffects (node_modules/.pnpm/react-dom@19.2.3_react@19.2.3/node_modules/react-dom/cjs/react-dom-client.development.js:15439:11)
      at commitPassiveMountOnFiber (node_modules/.pnpm/react-dom@19.2.3_react@19.2.3/node_modules/react-dom/cjs/react-dom-client.development.js:15718:11)
      at recursivelyTraversePassiveMountEffects (node_modules/.pnpm/react-dom@19.2.3_react@19.2.3/node_modules/react-dom/cjs/react-dom-client.development.js:15439:11)
      at commitPassiveMountOnFiber (node_modules/.pnpm/react-dom@19.2.3_react@19.2.3/node_modules/react-dom/cjs/react-dom-client.development.js:15476:11)
      at recursivelyTraversePassiveMountEffects (node_modules/.pnpm/react-dom@19.2.3_react@19.2.3/node_modules/react-dom/cjs/react-dom-client.development.js:15439:11)
      at commitPassiveMountOnFiber (node_modules/.pnpm/react-dom@19.2.3_react@19.2.3/node_modules/react-dom/cjs/react-dom-client.development.js:15476:11)
      at recursivelyTraversePassiveMountEffects (node_modules/.pnpm/react-dom@19.2.3_react@19.2.3/node_modules/react-dom/cjs/react-dom-client.development.js:15439:11)
      at commitPassiveMountOnFiber (node_modules/.pnpm/react-dom@19.2.3_react@19.2.3/node_modules/react-dom/cjs/react-dom-client.development.js:15718:11)
      at recursivelyTraversePassiveMountEffects (node_modules/.pnpm/react-dom@19.2.3_react@19.2.3/node_modules/react-dom/cjs/react-dom-client.development.js:15439:11)
      at commitPassiveMountOnFiber (node_modules/.pnpm/react-dom@19.2.3_react@19.2.3/node_modules/react-dom/cjs/react-dom-client.development.js:15476:11)
      at recursivelyTraversePassiveMountEffects (node_modules/.pnpm/react-dom@19.2.3_react@19.2.3/node_modules/react-dom/cjs/react-dom-client.development.js:15439:11)
      at commitPassiveMountOnFiber (node_modules/.pnpm/react-dom@19.2.3_react@19.2.3/node_modules/react-dom/cjs/react-dom-client.development.js:15476:11)
      at recursivelyTraversePassiveMountEffects (node_modules/.pnpm/react-dom@19.2.3_react@19.2.3/node_modules/react-dom/cjs/react-dom-client.development.js:15439:11)
      at commitPassiveMountOnFiber (node_modules/.pnpm/react-dom@19.2.3_react@19.2.3/node_modules/react-dom/cjs/react-dom-client.development.js:15476:11)
      at recursivelyTraversePassiveMountEffects (node_modules/.pnpm/react-dom@19.2.3_react@19.2.3/node_modules/react-dom/cjs/react-dom-client.development.js:15439:11)
      at commitPassiveMountOnFiber (node_modules/.pnpm/react-dom@19.2.3_react@19.2.3/node_modules/react-dom/cjs/react-dom-client.development.js:15476:11)
      at recursivelyTraversePassiveMountEffects (node_modules/.pnpm/react-dom@19.2.3_react@19.2.3/node_modules/react-dom/cjs/react-dom-client.development.js:15439:11)
      at commitPassiveMountOnFiber (node_modules/.pnpm/react-dom@19.2.3_react@19.2.3/node_modules/react-dom/cjs/react-dom-client.development.js:15476:11)
      at recursivelyTraversePassiveMountEffects (node_modules/.pnpm/react-dom@19.2.3_react@19.2.3/node_modules/react-dom/cjs/react-dom-client.development.js:15439:11)
      at commitPassiveMountOnFiber (node_modules/.pnpm/react-dom@19.2.3_react@19.2.3/node_modules/react-dom/cjs/react-dom-client.development.js:15718:11)
      at recursivelyTraversePassiveMountEffects (node_modules/.pnpm/react-dom@19.2.3_react@19.2.3/node_modules/react-dom/cjs/react-dom-client.development.js:15439:11)
      at commitPassiveMountOnFiber (node_modules/.pnpm/react-dom@19.2.3_react@19.2.3/node_modules/react-dom/cjs/react-dom-client.development.js:15476:11)
      at recursivelyTraversePassiveMountEffects (node_modules/.pnpm/react-dom@19.2.3_react@19.2.3/node_modules/react-dom/cjs/react-dom-client.development.js:15439:11)
      at commitPassiveMountOnFiber (node_modules/.pnpm/react-dom@19.2.3_react@19.2.3/node_modules/react-dom/cjs/react-dom-client.development.js:15476:11)
      at recursivelyTraversePassiveMountEffects (node_modules/.pnpm/react-dom@19.2.3_react@19.2.3/node_modules/react-dom/cjs/react-dom-client.development.js:15439:11)
      at commitPassiveMountOnFiber (node_modules/.pnpm/react-dom@19.2.3_react@19.2.3/node_modules/react-dom/cjs/react-dom-client.development.js:15718:11)
      at recursivelyTraversePassiveMountEffects (node_modules/.pnpm/react-dom@19.2.3_react@19.2.3/node_modules/react-dom/cjs/react-dom-client.development.js:15439:11)
      at commitPassiveMountOnFiber (node_modules/.pnpm/react-dom@19.2.3_react@19.2.3/node_modules/react-dom/cjs/react-dom-client.development.js:15476:11)
      at recursivelyTraversePassiveMountEffects (node_modules/.pnpm/react-dom@19.2.3_react@19.2.3/node_modules/react-dom/cjs/react-dom-client.development.js:15439:11)
      at commitPassiveMountOnFiber (node_modules/.pnpm/react-dom@19.2.3_react@19.2.3/node_modules/react-dom/cjs/react-dom-client.development.js:15476:11)
      at recursivelyTraversePassiveMountEffects (node_modules/.pnpm/react-dom@19.2.3_react@19.2.3/node_modules/react-dom/cjs/react-dom-client.development.js:15439:11)
      at commitPassiveMountOnFiber (node_modules/.pnpm/react-dom@19.2.3_react@19.2.3/node_modules/react-dom/cjs/react-dom-client.development.js:15718:11)
      at recursivelyTraversePassiveMountEffects (node_modules/.pnpm/react-dom@19.2.3_react@19.2.3/node_modules/react-dom/cjs/react-dom-client.development.js:15439:11)
      at commitPassiveMountOnFiber (node_modules/.pnpm/react-dom@19.2.3_react@19.2.3/node_modules/react-dom/cjs/react-dom-client.development.js:15476:11)
      at recursivelyTraversePassiveMountEffects (node_modules/.pnpm/react-dom@19.2.3_react@19.2.3/node_modules/react-dom/cjs/react-dom-client.development.js:15439:11)
      at commitPassiveMountOnFiber (node_modules/.pnpm/react-dom@19.2.3_react@19.2.3/node_modules/react-dom/cjs/react-dom-client.development.js:15476:11)
      at recursivelyTraversePassiveMountEffects (node_modules/.pnpm/react-dom@19.2.3_react@19.2.3/node_modules/react-dom/cjs/react-dom-client.development.js:15439:11)
      at commitPassiveMountOnFiber (node_modules/.pnpm/react-dom@19.2.3_react@19.2.3/node_modules/react-dom/cjs/react-dom-client.development.js:15476:11)
      at recursivelyTraversePassiveMountEffects (node_modules/.pnpm/react-dom@19.2.3_react@19.2.3/node_modules/react-dom/cjs/react-dom-client.development.js:15439:11)
      at commitPassiveMountOnFiber (node_modules/.pnpm/react-dom@19.2.3_react@19.2.3/node_modules/react-dom/cjs/react-dom-client.development.js:15718:11)
      at recursivelyTraversePassiveMountEffects (node_modules/.pnpm/react-dom@19.2.3_react@19.2.3/node_modules/react-dom/cjs/react-dom-client.development.js:15439:11)
      at commitPassiveMountOnFiber (node_modules/.pnpm/react-dom@19.2.3_react@19.2.3/node_modules/react-dom/cjs/react-dom-client.development.js:15476:11)
      at recursivelyTraversePassiveMountEffects (node_modules/.pnpm/react-dom@19.2.3_react@19.2.3/node_modules/react-dom/cjs/react-dom-client.development.js:15439:11)
      at commitPassiveMountOnFiber (node_modules/.pnpm/react-dom@19.2.3_react@19.2.3/node_modules/react-dom/cjs/react-dom-client.development.js:15718:11)
      at recursivelyTraversePassiveMountEffects (node_modules/.pnpm/react-dom@19.2.3_react@19.2.3/node_modules/react-dom/cjs/react-dom-client.development.js:15439:11)
      at commitPassiveMountOnFiber (node_modules/.pnpm/react-dom@19.2.3_react@19.2.3/node_modules/react-dom/cjs/react-dom-client.development.js:15476:11)
      at recursivelyTraversePassiveMountEffects (node_modules/.pnpm/react-dom@19.2.3_react@19.2.3/node_modules/react-dom/cjs/react-dom-client.development.js:15439:11)
      at commitPassiveMountOnFiber (node_modules/.pnpm/react-dom@19.2.3_react@19.2.3/node_modules/react-dom/cjs/react-dom-client.development.js:15718:11)
      at recursivelyTraversePassiveMountEffects (node_modules/.pnpm/react-dom@19.2.3_react@19.2.3/node_modules/react-dom/cjs/react-dom-client.development.js:15439:11)
      at commitPassiveMountOnFiber (node_modules/.pnpm/react-dom@19.2.3_react@19.2.3/node_modules/react-dom/cjs/react-dom-client.development.js:15718:11)
      at recursivelyTraversePassiveMountEffects (node_modules/.pnpm/react-dom@19.2.3_react@19.2.3/node_modules/react-dom/cjs/react-dom-client.development.js:15439:11)
      at commitPassiveMountOnFiber (node_modules/.pnpm/react-dom@19.2.3_react@19.2.3/node_modules/react-dom/cjs/react-dom-client.development.js:15476:11)
      at recursivelyTraversePassiveMountEffects (node_modules/.pnpm/react-dom@19.2.3_react@19.2.3/node_modules/react-dom/cjs/react-dom-client.development.js:15439:11)
      at commitPassiveMountOnFiber (node_modules/.pnpm/react-dom@19.2.3_react@19.2.3/node_modules/react-dom/cjs/react-dom-client.development.js:15476:11)
      at recursivelyTraversePassiveMountEffects (node_modules/.pnpm/react-dom@19.2.3_react@19.2.3/node_modules/react-dom/cjs/react-dom-client.development.js:15439:11)
      at commitPassiveMountOnFiber (node_modules/.pnpm/react-dom@19.2.3_react@19.2.3/node_modules/react-dom/cjs/react-dom-client.development.js:15476:11)
      at recursivelyTraversePassiveMountEffects (node_modules/.pnpm/react-dom@19.2.3_react@19.2.3/node_modules/react-dom/cjs/react-dom-client.development.js:15439:11)
      at commitPassiveMountOnFiber (node_modules/.pnpm/react-dom@19.2.3_react@19.2.3/node_modules/react-dom/cjs/react-dom-client.development.js:15476:11)
      at recursivelyTraversePassiveMountEffects (node_modules/.pnpm/react-dom@19.2.3_react@19.2.3/node_modules/react-dom/cjs/react-dom-client.development.js:15439:11)
      at commitPassiveMountOnFiber (node_modules/.pnpm/react-dom@19.2.3_react@19.2.3/node_modules/react-dom/cjs/react-dom-client.development.js:15718:11)
      at recursivelyTraversePassiveMountEffects (node_modules/.pnpm/react-dom@19.2.3_react@19.2.3/node_modules/react-dom/cjs/react-dom-client.development.js:15439:11)
      at commitPassiveMountOnFiber (node_modules/.pnpm/react-dom@19.2.3_react@19.2.3/node_modules/react-dom/cjs/react-dom-client.development.js:15476:11)
      at recursivelyTraversePassiveMountEffects (node_modules/.pnpm/react-dom@19.2.3_react@19.2.3/node_modules/react-dom/cjs/react-dom-client.development.js:15439:11)
      at commitPassiveMountOnFiber (node_modules/.pnpm/react-dom@19.2.3_react@19.2.3/node_modules/react-dom/cjs/react-dom-client.development.js:15519:11)
      at flushPassiveEffects (node_modules/.pnpm/react-dom@19.2.3_react@19.2.3/node_modules/react-dom/cjs/react-dom-client.development.js:18432:9)
      at flushPendingEffects (node_modules/.pnpm/react-dom@19.2.3_react@19.2.3/node_modules/react-dom/cjs/react-dom-client.development.js:18358:14)
      at performSyncWorkOnRoot (node_modules/.pnpm/react-dom@19.2.3_react@19.2.3/node_modules/react-dom/cjs/react-dom-client.development.js:18969:11)
      at flushSyncWorkAcrossRoots_impl (node_modules/.pnpm/react-dom@19.2.3_react@19.2.3/node_modules/react-dom/cjs/react-dom-client.development.js:18814:21)
      at flushSpawnedWork (node_modules/.pnpm/react-dom@19.2.3_react@19.2.3/node_modules/react-dom/cjs/react-dom-client.development.js:18334:9)
      at commitRoot (node_modules/.pnpm/react-dom@19.2.3_react@19.2.3/node_modules/react-dom/cjs/react-dom-client.development.js:17955:9)
      at performWorkOnRoot (node_modules/.pnpm/react-dom@19.2.3_react@19.2.3/node_modules/react-dom/cjs/react-dom-client.development.js:16667:15)
      at performWorkOnRootViaSchedulerTask (node_modules/.pnpm/react-dom@19.2.3_react@19.2.3/node_modules/react-dom/cjs/react-dom-client.development.js:18957:7)
      at flushActQueue (node_modules/.pnpm/react@19.2.3/node_modules/react/cjs/react.development.js:590:34)
      at node_modules/.pnpm/react@19.2.3/node_modules/react/cjs/react.development.js:847:21

  ● ModernDashboard › handles loading with no metrics

    ReferenceError: structuredClone is not defined

      at new TapAndDragGesture (node_modules/.pnpm/@mui+x-internal-gestures@0.4.0/node_modules/@mui/x-internal-gestures/core/gestures/TapAndDragGesture.js:92:23)
      at node_modules/.pnpm/@mui+x-charts@8.23.0_@emotion+react@11.14.0_@types+react@19.2.7_react@19.2.3__@emotion+_f046b17db1eec8074c520ede55d3423e/node_modules/@mui/x-charts/internals/plugins/corePlugins/useChartInteractionListener/useChartInteractionListener.js:56:13
      at Object.react_stack_bottom_frame (node_modules/.pnpm/react-dom@19.2.3_react@19.2.3/node_modules/react-dom/cjs/react-dom-client.development.js:25989:20)
      at runWithFiberInDEV (node_modules/.pnpm/react-dom@19.2.3_react@19.2.3/node_modules/react-dom/cjs/react-dom-client.development.js:874:13)
      at commitHookEffectListMount (node_modules/.pnpm/react-dom@19.2.3_react@19.2.3/node_modules/react-dom/cjs/react-dom-client.development.js:13249:29)
      at commitHookPassiveMountEffects (node_modules/.pnpm/react-dom@19.2.3_react@19.2.3/node_modules/react-dom/cjs/react-dom-client.development.js:13336:11)
      at commitPassiveMountOnFiber (node_modules/.pnpm/react-dom@19.2.3_react@19.2.3/node_modules/react-dom/cjs/react-dom-client.development.js:15484:13)
      at recursivelyTraversePassiveMountEffects (node_modules/.pnpm/react-dom@19.2.3_react@19.2.3/node_modules/react-dom/cjs/react-dom-client.development.js:15439:11)
      at commitPassiveMountOnFiber (node_modules/.pnpm/react-dom@19.2.3_react@19.2.3/node_modules/react-dom/cjs/react-dom-client.development.js:15476:11)
      at recursivelyTraversePassiveMountEffects (node_modules/.pnpm/react-dom@19.2.3_react@19.2.3/node_modules/react-dom/cjs/react-dom-client.development.js:15439:11)
      at commitPassiveMountOnFiber (node_modules/.pnpm/react-dom@19.2.3_react@19.2.3/node_modules/react-dom/cjs/react-dom-client.development.js:15476:11)
      at recursivelyTraversePassiveMountEffects (node_modules/.pnpm/react-dom@19.2.3_react@19.2.3/node_modules/react-dom/cjs/react-dom-client.development.js:15439:11)
      at commitPassiveMountOnFiber (node_modules/.pnpm/react-dom@19.2.3_react@19.2.3/node_modules/react-dom/cjs/react-dom-client.development.js:15718:11)
      at recursivelyTraversePassiveMountEffects (node_modules/.pnpm/react-dom@19.2.3_react@19.2.3/node_modules/react-dom/cjs/react-dom-client.development.js:15439:11)
      at commitPassiveMountOnFiber (node_modules/.pnpm/react-dom@19.2.3_react@19.2.3/node_modules/react-dom/cjs/react-dom-client.development.js:15476:11)
      at recursivelyTraversePassiveMountEffects (node_modules/.pnpm/react-dom@19.2.3_react@19.2.3/node_modules/react-dom/cjs/react-dom-client.development.js:15439:11)
      at commitPassiveMountOnFiber (node_modules/.pnpm/react-dom@19.2.3_react@19.2.3/node_modules/react-dom/cjs/react-dom-client.development.js:15476:11)
      at recursivelyTraversePassiveMountEffects (node_modules/.pnpm/react-dom@19.2.3_react@19.2.3/node_modules/react-dom/cjs/react-dom-client.development.js:15439:11)
      at commitPassiveMountOnFiber (node_modules/.pnpm/react-dom@19.2.3_react@19.2.3/node_modules/react-dom/cjs/react-dom-client.development.js:15718:11)
      at recursivelyTraversePassiveMountEffects (node_modules/.pnpm/react-dom@19.2.3_react@19.2.3/node_modules/react-dom/cjs/react-dom-client.development.js:15439:11)
      at commitPassiveMountOnFiber (node_modules/.pnpm/react-dom@19.2.3_react@19.2.3/node_modules/react-dom/cjs/react-dom-client.development.js:15476:11)
      at recursivelyTraversePassiveMountEffects (node_modules/.pnpm/react-dom@19.2.3_react@19.2.3/node_modules/react-dom/cjs/react-dom-client.development.js:15439:11)
      at commitPassiveMountOnFiber (node_modules/.pnpm/react-dom@19.2.3_react@19.2.3/node_modules/react-dom/cjs/react-dom-client.development.js:15476:11)
      at recursivelyTraversePassiveMountEffects (node_modules/.pnpm/react-dom@19.2.3_react@19.2.3/node_modules/react-dom/cjs/react-dom-client.development.js:15439:11)
      at commitPassiveMountOnFiber (node_modules/.pnpm/react-dom@19.2.3_react@19.2.3/node_modules/react-dom/cjs/react-dom-client.development.js:15476:11)
      at recursivelyTraversePassiveMountEffects (node_modules/.pnpm/react-dom@19.2.3_react@19.2.3/node_modules/react-dom/cjs/react-dom-client.development.js:15439:11)
      at commitPassiveMountOnFiber (node_modules/.pnpm/react-dom@19.2.3_react@19.2.3/node_modules/react-dom/cjs/react-dom-client.development.js:15476:11)
      at recursivelyTraversePassiveMountEffects (node_modules/.pnpm/react-dom@19.2.3_react@19.2.3/node_modules/react-dom/cjs/react-dom-client.development.js:15439:11)
      at commitPassiveMountOnFiber (node_modules/.pnpm/react-dom@19.2.3_react@19.2.3/node_modules/react-dom/cjs/react-dom-client.development.js:15476:11)
      at recursivelyTraversePassiveMountEffects (node_modules/.pnpm/react-dom@19.2.3_react@19.2.3/node_modules/react-dom/cjs/react-dom-client.development.js:15439:11)
      at commitPassiveMountOnFiber (node_modules/.pnpm/react-dom@19.2.3_react@19.2.3/node_modules/react-dom/cjs/react-dom-client.development.js:15718:11)
      at recursivelyTraversePassiveMountEffects (node_modules/.pnpm/react-dom@19.2.3_react@19.2.3/node_modules/react-dom/cjs/react-dom-client.development.js:15439:11)
      at commitPassiveMountOnFiber (node_modules/.pnpm/react-dom@19.2.3_react@19.2.3/node_modules/react-dom/cjs/react-dom-client.development.js:15476:11)
      at recursivelyTraversePassiveMountEffects (node_modules/.pnpm/react-dom@19.2.3_react@19.2.3/node_modules/react-dom/cjs/react-dom-client.development.js:15439:11)
      at commitPassiveMountOnFiber (node_modules/.pnpm/react-dom@19.2.3_react@19.2.3/node_modules/react-dom/cjs/react-dom-client.development.js:15476:11)
      at recursivelyTraversePassiveMountEffects (node_modules/.pnpm/react-dom@19.2.3_react@19.2.3/node_modules/react-dom/cjs/react-dom-client.development.js:15439:11)
      at commitPassiveMountOnFiber (node_modules/.pnpm/react-dom@19.2.3_react@19.2.3/node_modules/react-dom/cjs/react-dom-client.development.js:15718:11)
      at recursivelyTraversePassiveMountEffects (node_modules/.pnpm/react-dom@19.2.3_react@19.2.3/node_modules/react-dom/cjs/react-dom-client.development.js:15439:11)
      at commitPassiveMountOnFiber (node_modules/.pnpm/react-dom@19.2.3_react@19.2.3/node_modules/react-dom/cjs/react-dom-client.development.js:15476:11)
      at recursivelyTraversePassiveMountEffects (node_modules/.pnpm/react-dom@19.2.3_react@19.2.3/node_modules/react-dom/cjs/react-dom-client.development.js:15439:11)
      at commitPassiveMountOnFiber (node_modules/.pnpm/react-dom@19.2.3_react@19.2.3/node_modules/react-dom/cjs/react-dom-client.development.js:15476:11)
      at recursivelyTraversePassiveMountEffects (node_modules/.pnpm/react-dom@19.2.3_react@19.2.3/node_modules/react-dom/cjs/react-dom-client.development.js:15439:11)
      at commitPassiveMountOnFiber (node_modules/.pnpm/react-dom@19.2.3_react@19.2.3/node_modules/react-dom/cjs/react-dom-client.development.js:15718:11)
      at recursivelyTraversePassiveMountEffects (node_modules/.pnpm/react-dom@19.2.3_react@19.2.3/node_modules/react-dom/cjs/react-dom-client.development.js:15439:11)
      at commitPassiveMountOnFiber (node_modules/.pnpm/react-dom@19.2.3_react@19.2.3/node_modules/react-dom/cjs/react-dom-client.development.js:15476:11)
      at recursivelyTraversePassiveMountEffects (node_modules/.pnpm/react-dom@19.2.3_react@19.2.3/node_modules/react-dom/cjs/react-dom-client.development.js:15439:11)
      at commitPassiveMountOnFiber (node_modules/.pnpm/react-dom@19.2.3_react@19.2.3/node_modules/react-dom/cjs/react-dom-client.development.js:15476:11)
      at recursivelyTraversePassiveMountEffects (node_modules/.pnpm/react-dom@19.2.3_react@19.2.3/node_modules/react-dom/cjs/react-dom-client.development.js:15439:11)
      at commitPassiveMountOnFiber (node_modules/.pnpm/react-dom@19.2.3_react@19.2.3/node_modules/react-dom/cjs/react-dom-client.development.js:15476:11)
      at recursivelyTraversePassiveMountEffects (node_modules/.pnpm/react-dom@19.2.3_react@19.2.3/node_modules/react-dom/cjs/react-dom-client.development.js:15439:11)
      at commitPassiveMountOnFiber (node_modules/.pnpm/react-dom@19.2.3_react@19.2.3/node_modules/react-dom/cjs/react-dom-client.development.js:15718:11)
      at recursivelyTraversePassiveMountEffects (node_modules/.pnpm/react-dom@19.2.3_react@19.2.3/node_modules/react-dom/cjs/react-dom-client.development.js:15439:11)
      at commitPassiveMountOnFiber (node_modules/.pnpm/react-dom@19.2.3_react@19.2.3/node_modules/react-dom/cjs/react-dom-client.development.js:15476:11)
      at recursivelyTraversePassiveMountEffects (node_modules/.pnpm/react-dom@19.2.3_react@19.2.3/node_modules/react-dom/cjs/react-dom-client.development.js:15439:11)
      at commitPassiveMountOnFiber (node_modules/.pnpm/react-dom@19.2.3_react@19.2.3/node_modules/react-dom/cjs/react-dom-client.development.js:15718:11)
      at recursivelyTraversePassiveMountEffects (node_modules/.pnpm/react-dom@19.2.3_react@19.2.3/node_modules/react-dom/cjs/react-dom-client.development.js:15439:11)
      at commitPassiveMountOnFiber (node_modules/.pnpm/react-dom@19.2.3_react@19.2.3/node_modules/react-dom/cjs/react-dom-client.development.js:15476:11)
      at recursivelyTraversePassiveMountEffects (node_modules/.pnpm/react-dom@19.2.3_react@19.2.3/node_modules/react-dom/cjs/react-dom-client.development.js:15439:11)
      at commitPassiveMountOnFiber (node_modules/.pnpm/react-dom@19.2.3_react@19.2.3/node_modules/react-dom/cjs/react-dom-client.development.js:15718:11)
      at recursivelyTraversePassiveMountEffects (node_modules/.pnpm/react-dom@19.2.3_react@19.2.3/node_modules/react-dom/cjs/react-dom-client.development.js:15439:11)
      at commitPassiveMountOnFiber (node_modules/.pnpm/react-dom@19.2.3_react@19.2.3/node_modules/react-dom/cjs/react-dom-client.development.js:15718:11)
      at recursivelyTraversePassiveMountEffects (node_modules/.pnpm/react-dom@19.2.3_react@19.2.3/node_modules/react-dom/cjs/react-dom-client.development.js:15439:11)
      at commitPassiveMountOnFiber (node_modules/.pnpm/react-dom@19.2.3_react@19.2.3/node_modules/react-dom/cjs/react-dom-client.development.js:15476:11)
      at recursivelyTraversePassiveMountEffects (node_modules/.pnpm/react-dom@19.2.3_react@19.2.3/node_modules/react-dom/cjs/react-dom-client.development.js:15439:11)
      at commitPassiveMountOnFiber (node_modules/.pnpm/react-dom@19.2.3_react@19.2.3/node_modules/react-dom/cjs/react-dom-client.development.js:15476:11)
      at recursivelyTraversePassiveMountEffects (node_modules/.pnpm/react-dom@19.2.3_react@19.2.3/node_modules/react-dom/cjs/react-dom-client.development.js:15439:11)
      at commitPassiveMountOnFiber (node_modules/.pnpm/react-dom@19.2.3_react@19.2.3/node_modules/react-dom/cjs/react-dom-client.development.js:15476:11)
      at recursivelyTraversePassiveMountEffects (node_modules/.pnpm/react-dom@19.2.3_react@19.2.3/node_modules/react-dom/cjs/react-dom-client.development.js:15439:11)
      at commitPassiveMountOnFiber (node_modules/.pnpm/react-dom@19.2.3_react@19.2.3/node_modules/react-dom/cjs/react-dom-client.development.js:15476:11)
      at recursivelyTraversePassiveMountEffects (node_modules/.pnpm/react-dom@19.2.3_react@19.2.3/node_modules/react-dom/cjs/react-dom-client.development.js:15439:11)
      at commitPassiveMountOnFiber (node_modules/.pnpm/react-dom@19.2.3_react@19.2.3/node_modules/react-dom/cjs/react-dom-client.development.js:15718:11)
      at recursivelyTraversePassiveMountEffects (node_modules/.pnpm/react-dom@19.2.3_react@19.2.3/node_modules/react-dom/cjs/react-dom-client.development.js:15439:11)
      at commitPassiveMountOnFiber (node_modules/.pnpm/react-dom@19.2.3_react@19.2.3/node_modules/react-dom/cjs/react-dom-client.development.js:15476:11)
      at recursivelyTraversePassiveMountEffects (node_modules/.pnpm/react-dom@19.2.3_react@19.2.3/node_modules/react-dom/cjs/react-dom-client.development.js:15439:11)
      at commitPassiveMountOnFiber (node_modules/.pnpm/react-dom@19.2.3_react@19.2.3/node_modules/react-dom/cjs/react-dom-client.development.js:15519:11)
      at flushPassiveEffects (node_modules/.pnpm/react-dom@19.2.3_react@19.2.3/node_modules/react-dom/cjs/react-dom-client.development.js:18432:9)
      at flushPendingEffects (node_modules/.pnpm/react-dom@19.2.3_react@19.2.3/node_modules/react-dom/cjs/react-dom-client.development.js:18358:14)
      at performSyncWorkOnRoot (node_modules/.pnpm/react-dom@19.2.3_react@19.2.3/node_modules/react-dom/cjs/react-dom-client.development.js:18969:11)
      at flushSyncWorkAcrossRoots_impl (node_modules/.pnpm/react-dom@19.2.3_react@19.2.3/node_modules/react-dom/cjs/react-dom-client.development.js:18814:21)
      at flushSpawnedWork (node_modules/.pnpm/react-dom@19.2.3_react@19.2.3/node_modules/react-dom/cjs/react-dom-client.development.js:18334:9)
      at commitRoot (node_modules/.pnpm/react-dom@19.2.3_react@19.2.3/node_modules/react-dom/cjs/react-dom-client.development.js:17955:9)
      at performWorkOnRoot (node_modules/.pnpm/react-dom@19.2.3_react@19.2.3/node_modules/react-dom/cjs/react-dom-client.development.js:16667:15)
      at performWorkOnRootViaSchedulerTask (node_modules/.pnpm/react-dom@19.2.3_react@19.2.3/node_modules/react-dom/cjs/react-dom-client.development.js:18957:7)
      at flushActQueue (node_modules/.pnpm/react@19.2.3/node_modules/react/cjs/react.development.js:590:34)
      at node_modules/.pnpm/react@19.2.3/node_modules/react/cjs/react.development.js:847:21

  ● ModernDashboard › handles loading with no metrics

    ReferenceError: structuredClone is not defined

      at new TapAndDragGesture (node_modules/.pnpm/@mui+x-internal-gestures@0.4.0/node_modules/@mui/x-internal-gestures/core/gestures/TapAndDragGesture.js:92:23)
      at node_modules/.pnpm/@mui+x-charts@8.23.0_@emotion+react@11.14.0_@types+react@19.2.7_react@19.2.3__@emotion+_f046b17db1eec8074c520ede55d3423e/node_modules/@mui/x-charts/internals/plugins/corePlugins/useChartInteractionListener/useChartInteractionListener.js:56:13
      at Object.react_stack_bottom_frame (node_modules/.pnpm/react-dom@19.2.3_react@19.2.3/node_modules/react-dom/cjs/react-dom-client.development.js:25989:20)
      at runWithFiberInDEV (node_modules/.pnpm/react-dom@19.2.3_react@19.2.3/node_modules/react-dom/cjs/react-dom-client.development.js:874:13)
      at commitHookEffectListMount (node_modules/.pnpm/react-dom@19.2.3_react@19.2.3/node_modules/react-dom/cjs/react-dom-client.development.js:13249:29)
      at commitHookPassiveMountEffects (node_modules/.pnpm/react-dom@19.2.3_react@19.2.3/node_modules/react-dom/cjs/react-dom-client.development.js:13336:11)
      at commitPassiveMountOnFiber (node_modules/.pnpm/react-dom@19.2.3_react@19.2.3/node_modules/react-dom/cjs/react-dom-client.development.js:15484:13)
      at recursivelyTraversePassiveMountEffects (node_modules/.pnpm/react-dom@19.2.3_react@19.2.3/node_modules/react-dom/cjs/react-dom-client.development.js:15439:11)
      at commitPassiveMountOnFiber (node_modules/.pnpm/react-dom@19.2.3_react@19.2.3/node_modules/react-dom/cjs/react-dom-client.development.js:15476:11)
      at recursivelyTraversePassiveMountEffects (node_modules/.pnpm/react-dom@19.2.3_react@19.2.3/node_modules/react-dom/cjs/react-dom-client.development.js:15439:11)
      at commitPassiveMountOnFiber (node_modules/.pnpm/react-dom@19.2.3_react@19.2.3/node_modules/react-dom/cjs/react-dom-client.development.js:15476:11)
      at recursivelyTraversePassiveMountEffects (node_modules/.pnpm/react-dom@19.2.3_react@19.2.3/node_modules/react-dom/cjs/react-dom-client.development.js:15439:11)
      at commitPassiveMountOnFiber (node_modules/.pnpm/react-dom@19.2.3_react@19.2.3/node_modules/react-dom/cjs/react-dom-client.development.js:15718:11)
      at recursivelyTraversePassiveMountEffects (node_modules/.pnpm/react-dom@19.2.3_react@19.2.3/node_modules/react-dom/cjs/react-dom-client.development.js:15439:11)
      at commitPassiveMountOnFiber (node_modules/.pnpm/react-dom@19.2.3_react@19.2.3/node_modules/react-dom/cjs/react-dom-client.development.js:15476:11)
      at recursivelyTraversePassiveMountEffects (node_modules/.pnpm/react-dom@19.2.3_react@19.2.3/node_modules/react-dom/cjs/react-dom-client.development.js:15439:11)
      at commitPassiveMountOnFiber (node_modules/.pnpm/react-dom@19.2.3_react@19.2.3/node_modules/react-dom/cjs/react-dom-client.development.js:15476:11)
      at recursivelyTraversePassiveMountEffects (node_modules/.pnpm/react-dom@19.2.3_react@19.2.3/node_modules/react-dom/cjs/react-dom-client.development.js:15439:11)
      at commitPassiveMountOnFiber (node_modules/.pnpm/react-dom@19.2.3_react@19.2.3/node_modules/react-dom/cjs/react-dom-client.development.js:15718:11)
      at recursivelyTraversePassiveMountEffects (node_modules/.pnpm/react-dom@19.2.3_react@19.2.3/node_modules/react-dom/cjs/react-dom-client.development.js:15439:11)
      at commitPassiveMountOnFiber (node_modules/.pnpm/react-dom@19.2.3_react@19.2.3/node_modules/react-dom/cjs/react-dom-client.development.js:15476:11)
      at recursivelyTraversePassiveMountEffects (node_modules/.pnpm/react-dom@19.2.3_react@19.2.3/node_modules/react-dom/cjs/react-dom-client.development.js:15439:11)
      at commitPassiveMountOnFiber (node_modules/.pnpm/react-dom@19.2.3_react@19.2.3/node_modules/react-dom/cjs/react-dom-client.development.js:15476:11)
      at recursivelyTraversePassiveMountEffects (node_modules/.pnpm/react-dom@19.2.3_react@19.2.3/node_modules/react-dom/cjs/react-dom-client.development.js:15439:11)
      at commitPassiveMountOnFiber (node_modules/.pnpm/react-dom@19.2.3_react@19.2.3/node_modules/react-dom/cjs/react-dom-client.development.js:15476:11)
      at recursivelyTraversePassiveMountEffects (node_modules/.pnpm/react-dom@19.2.3_react@19.2.3/node_modules/react-dom/cjs/react-dom-client.development.js:15439:11)
      at commitPassiveMountOnFiber (node_modules/.pnpm/react-dom@19.2.3_react@19.2.3/node_modules/react-dom/cjs/react-dom-client.development.js:15476:11)
      at recursivelyTraversePassiveMountEffects (node_modules/.pnpm/react-dom@19.2.3_react@19.2.3/node_modules/react-dom/cjs/react-dom-client.development.js:15439:11)
      at commitPassiveMountOnFiber (node_modules/.pnpm/react-dom@19.2.3_react@19.2.3/node_modules/react-dom/cjs/react-dom-client.development.js:15476:11)
      at recursivelyTraversePassiveMountEffects (node_modules/.pnpm/react-dom@19.2.3_react@19.2.3/node_modules/react-dom/cjs/react-dom-client.development.js:15439:11)
      at commitPassiveMountOnFiber (node_modules/.pnpm/react-dom@19.2.3_react@19.2.3/node_modules/react-dom/cjs/react-dom-client.development.js:15718:11)
      at recursivelyTraversePassiveMountEffects (node_modules/.pnpm/react-dom@19.2.3_react@19.2.3/node_modules/react-dom/cjs/react-dom-client.development.js:15439:11)
      at commitPassiveMountOnFiber (node_modules/.pnpm/react-dom@19.2.3_react@19.2.3/node_modules/react-dom/cjs/react-dom-client.development.js:15476:11)
      at recursivelyTraversePassiveMountEffects (node_modules/.pnpm/react-dom@19.2.3_react@19.2.3/node_modules/react-dom/cjs/react-dom-client.development.js:15439:11)
      at commitPassiveMountOnFiber (node_modules/.pnpm/react-dom@19.2.3_react@19.2.3/node_modules/react-dom/cjs/react-dom-client.development.js:15476:11)
      at recursivelyTraversePassiveMountEffects (node_modules/.pnpm/react-dom@19.2.3_react@19.2.3/node_modules/react-dom/cjs/react-dom-client.development.js:15439:11)
      at commitPassiveMountOnFiber (node_modules/.pnpm/react-dom@19.2.3_react@19.2.3/node_modules/react-dom/cjs/react-dom-client.development.js:15718:11)
      at recursivelyTraversePassiveMountEffects (node_modules/.pnpm/react-dom@19.2.3_react@19.2.3/node_modules/react-dom/cjs/react-dom-client.development.js:15439:11)
      at commitPassiveMountOnFiber (node_modules/.pnpm/react-dom@19.2.3_react@19.2.3/node_modules/react-dom/cjs/react-dom-client.development.js:15476:11)
      at recursivelyTraversePassiveMountEffects (node_modules/.pnpm/react-dom@19.2.3_react@19.2.3/node_modules/react-dom/cjs/react-dom-client.development.js:15439:11)
      at commitPassiveMountOnFiber (node_modules/.pnpm/react-dom@19.2.3_react@19.2.3/node_modules/react-dom/cjs/react-dom-client.development.js:15476:11)
      at recursivelyTraversePassiveMountEffects (node_modules/.pnpm/react-dom@19.2.3_react@19.2.3/node_modules/react-dom/cjs/react-dom-client.development.js:15439:11)
      at commitPassiveMountOnFiber (node_modules/.pnpm/react-dom@19.2.3_react@19.2.3/node_modules/react-dom/cjs/react-dom-client.development.js:15718:11)
      at recursivelyTraversePassiveMountEffects (node_modules/.pnpm/react-dom@19.2.3_react@19.2.3/node_modules/react-dom/cjs/react-dom-client.development.js:15439:11)
      at commitPassiveMountOnFiber (node_modules/.pnpm/react-dom@19.2.3_react@19.2.3/node_modules/react-dom/cjs/react-dom-client.development.js:15476:11)
      at recursivelyTraversePassiveMountEffects (node_modules/.pnpm/react-dom@19.2.3_react@19.2.3/node_modules/react-dom/cjs/react-dom-client.development.js:15439:11)
      at commitPassiveMountOnFiber (node_modules/.pnpm/react-dom@19.2.3_react@19.2.3/node_modules/react-dom/cjs/react-dom-client.development.js:15476:11)
      at recursivelyTraversePassiveMountEffects (node_modules/.pnpm/react-dom@19.2.3_react@19.2.3/node_modules/react-dom/cjs/react-dom-client.development.js:15439:11)
      at commitPassiveMountOnFiber (node_modules/.pnpm/react-dom@19.2.3_react@19.2.3/node_modules/react-dom/cjs/react-dom-client.development.js:15476:11)
      at recursivelyTraversePassiveMountEffects (node_modules/.pnpm/react-dom@19.2.3_react@19.2.3/node_modules/react-dom/cjs/react-dom-client.development.js:15439:11)
      at commitPassiveMountOnFiber (node_modules/.pnpm/react-dom@19.2.3_react@19.2.3/node_modules/react-dom/cjs/react-dom-client.development.js:15718:11)
      at recursivelyTraversePassiveMountEffects (node_modules/.pnpm/react-dom@19.2.3_react@19.2.3/node_modules/react-dom/cjs/react-dom-client.development.js:15439:11)
      at commitPassiveMountOnFiber (node_modules/.pnpm/react-dom@19.2.3_react@19.2.3/node_modules/react-dom/cjs/react-dom-client.development.js:15476:11)
      at recursivelyTraversePassiveMountEffects (node_modules/.pnpm/react-dom@19.2.3_react@19.2.3/node_modules/react-dom/cjs/react-dom-client.development.js:15439:11)
      at commitPassiveMountOnFiber (node_modules/.pnpm/react-dom@19.2.3_react@19.2.3/node_modules/react-dom/cjs/react-dom-client.development.js:15718:11)
      at recursivelyTraversePassiveMountEffects (node_modules/.pnpm/react-dom@19.2.3_react@19.2.3/node_modules/react-dom/cjs/react-dom-client.development.js:15439:11)
      at commitPassiveMountOnFiber (node_modules/.pnpm/react-dom@19.2.3_react@19.2.3/node_modules/react-dom/cjs/react-dom-client.development.js:15476:11)
      at recursivelyTraversePassiveMountEffects (node_modules/.pnpm/react-dom@19.2.3_react@19.2.3/node_modules/react-dom/cjs/react-dom-client.development.js:15439:11)
      at commitPassiveMountOnFiber (node_modules/.pnpm/react-dom@19.2.3_react@19.2.3/node_modules/react-dom/cjs/react-dom-client.development.js:15718:11)
      at recursivelyTraversePassiveMountEffects (node_modules/.pnpm/react-dom@19.2.3_react@19.2.3/node_modules/react-dom/cjs/react-dom-client.development.js:15439:11)
      at commitPassiveMountOnFiber (node_modules/.pnpm/react-dom@19.2.3_react@19.2.3/node_modules/react-dom/cjs/react-dom-client.development.js:15718:11)
      at recursivelyTraversePassiveMountEffects (node_modules/.pnpm/react-dom@19.2.3_react@19.2.3/node_modules/react-dom/cjs/react-dom-client.development.js:15439:11)
      at commitPassiveMountOnFiber (node_modules/.pnpm/react-dom@19.2.3_react@19.2.3/node_modules/react-dom/cjs/react-dom-client.development.js:15476:11)
      at recursivelyTraversePassiveMountEffects (node_modules/.pnpm/react-dom@19.2.3_react@19.2.3/node_modules/react-dom/cjs/react-dom-client.development.js:15439:11)
      at commitPassiveMountOnFiber (node_modules/.pnpm/react-dom@19.2.3_react@19.2.3/node_modules/react-dom/cjs/react-dom-client.development.js:15476:11)
      at recursivelyTraversePassiveMountEffects (node_modules/.pnpm/react-dom@19.2.3_react@19.2.3/node_modules/react-dom/cjs/react-dom-client.development.js:15439:11)
      at commitPassiveMountOnFiber (node_modules/.pnpm/react-dom@19.2.3_react@19.2.3/node_modules/react-dom/cjs/react-dom-client.development.js:15476:11)
      at recursivelyTraversePassiveMountEffects (node_modules/.pnpm/react-dom@19.2.3_react@19.2.3/node_modules/react-dom/cjs/react-dom-client.development.js:15439:11)
      at commitPassiveMountOnFiber (node_modules/.pnpm/react-dom@19.2.3_react@19.2.3/node_modules/react-dom/cjs/react-dom-client.development.js:15476:11)
      at recursivelyTraversePassiveMountEffects (node_modules/.pnpm/react-dom@19.2.3_react@19.2.3/node_modules/react-dom/cjs/react-dom-client.development.js:15439:11)
      at commitPassiveMountOnFiber (node_modules/.pnpm/react-dom@19.2.3_react@19.2.3/node_modules/react-dom/cjs/react-dom-client.development.js:15718:11)
      at recursivelyTraversePassiveMountEffects (node_modules/.pnpm/react-dom@19.2.3_react@19.2.3/node_modules/react-dom/cjs/react-dom-client.development.js:15439:11)
      at commitPassiveMountOnFiber (node_modules/.pnpm/react-dom@19.2.3_react@19.2.3/node_modules/react-dom/cjs/react-dom-client.development.js:15476:11)
      at recursivelyTraversePassiveMountEffects (node_modules/.pnpm/react-dom@19.2.3_react@19.2.3/node_modules/react-dom/cjs/react-dom-client.development.js:15439:11)
      at commitPassiveMountOnFiber (node_modules/.pnpm/react-dom@19.2.3_react@19.2.3/node_modules/react-dom/cjs/react-dom-client.development.js:15519:11)
      at flushPassiveEffects (node_modules/.pnpm/react-dom@19.2.3_react@19.2.3/node_modules/react-dom/cjs/react-dom-client.development.js:18432:9)
      at flushPendingEffects (node_modules/.pnpm/react-dom@19.2.3_react@19.2.3/node_modules/react-dom/cjs/react-dom-client.development.js:18358:14)
      at performSyncWorkOnRoot (node_modules/.pnpm/react-dom@19.2.3_react@19.2.3/node_modules/react-dom/cjs/react-dom-client.development.js:18969:11)
      at flushSyncWorkAcrossRoots_impl (node_modules/.pnpm/react-dom@19.2.3_react@19.2.3/node_modules/react-dom/cjs/react-dom-client.development.js:18814:21)
      at flushSpawnedWork (node_modules/.pnpm/react-dom@19.2.3_react@19.2.3/node_modules/react-dom/cjs/react-dom-client.development.js:18334:9)
      at commitRoot (node_modules/.pnpm/react-dom@19.2.3_react@19.2.3/node_modules/react-dom/cjs/react-dom-client.development.js:17955:9)
      at performWorkOnRoot (node_modules/.pnpm/react-dom@19.2.3_react@19.2.3/node_modules/react-dom/cjs/react-dom-client.development.js:16667:15)
      at performWorkOnRootViaSchedulerTask (node_modules/.pnpm/react-dom@19.2.3_react@19.2.3/node_modules/react-dom/cjs/react-dom-client.development.js:18957:7)
      at flushActQueue (node_modules/.pnpm/react@19.2.3/node_modules/react/cjs/react.development.js:590:34)
      at node_modules/.pnpm/react@19.2.3/node_modules/react/cjs/react.development.js:847:21

  ● ModernDashboard › handles loading with no metrics

    ReferenceError: structuredClone is not defined

      at new TapAndDragGesture (node_modules/.pnpm/@mui+x-internal-gestures@0.4.0/node_modules/@mui/x-internal-gestures/core/gestures/TapAndDragGesture.js:92:23)
      at node_modules/.pnpm/@mui+x-charts@8.23.0_@emotion+react@11.14.0_@types+react@19.2.7_react@19.2.3__@emotion+_f046b17db1eec8074c520ede55d3423e/node_modules/@mui/x-charts/internals/plugins/corePlugins/useChartInteractionListener/useChartInteractionListener.js:56:13
      at Object.react_stack_bottom_frame (node_modules/.pnpm/react-dom@19.2.3_react@19.2.3/node_modules/react-dom/cjs/react-dom-client.development.js:25989:20)
      at runWithFiberInDEV (node_modules/.pnpm/react-dom@19.2.3_react@19.2.3/node_modules/react-dom/cjs/react-dom-client.development.js:874:13)
      at commitHookEffectListMount (node_modules/.pnpm/react-dom@19.2.3_react@19.2.3/node_modules/react-dom/cjs/react-dom-client.development.js:13249:29)
      at commitHookPassiveMountEffects (node_modules/.pnpm/react-dom@19.2.3_react@19.2.3/node_modules/react-dom/cjs/react-dom-client.development.js:13336:11)
      at commitPassiveMountOnFiber (node_modules/.pnpm/react-dom@19.2.3_react@19.2.3/node_modules/react-dom/cjs/react-dom-client.development.js:15484:13)
      at recursivelyTraversePassiveMountEffects (node_modules/.pnpm/react-dom@19.2.3_react@19.2.3/node_modules/react-dom/cjs/react-dom-client.development.js:15439:11)
      at commitPassiveMountOnFiber (node_modules/.pnpm/react-dom@19.2.3_react@19.2.3/node_modules/react-dom/cjs/react-dom-client.development.js:15476:11)
      at recursivelyTraversePassiveMountEffects (node_modules/.pnpm/react-dom@19.2.3_react@19.2.3/node_modules/react-dom/cjs/react-dom-client.development.js:15439:11)
      at commitPassiveMountOnFiber (node_modules/.pnpm/react-dom@19.2.3_react@19.2.3/node_modules/react-dom/cjs/react-dom-client.development.js:15476:11)
      at recursivelyTraversePassiveMountEffects (node_modules/.pnpm/react-dom@19.2.3_react@19.2.3/node_modules/react-dom/cjs/react-dom-client.development.js:15439:11)
      at commitPassiveMountOnFiber (node_modules/.pnpm/react-dom@19.2.3_react@19.2.3/node_modules/react-dom/cjs/react-dom-client.development.js:15718:11)
      at recursivelyTraversePassiveMountEffects (node_modules/.pnpm/react-dom@19.2.3_react@19.2.3/node_modules/react-dom/cjs/react-dom-client.development.js:15439:11)
      at commitPassiveMountOnFiber (node_modules/.pnpm/react-dom@19.2.3_react@19.2.3/node_modules/react-dom/cjs/react-dom-client.development.js:15476:11)
      at recursivelyTraversePassiveMountEffects (node_modules/.pnpm/react-dom@19.2.3_react@19.2.3/node_modules/react-dom/cjs/react-dom-client.development.js:15439:11)
      at commitPassiveMountOnFiber (node_modules/.pnpm/react-dom@19.2.3_react@19.2.3/node_modules/react-dom/cjs/react-dom-client.development.js:15476:11)
      at recursivelyTraversePassiveMountEffects (node_modules/.pnpm/react-dom@19.2.3_react@19.2.3/node_modules/react-dom/cjs/react-dom-client.development.js:15439:11)
      at commitPassiveMountOnFiber (node_modules/.pnpm/react-dom@19.2.3_react@19.2.3/node_modules/react-dom/cjs/react-dom-client.development.js:15718:11)
      at recursivelyTraversePassiveMountEffects (node_modules/.pnpm/react-dom@19.2.3_react@19.2.3/node_modules/react-dom/cjs/react-dom-client.development.js:15439:11)
      at commitPassiveMountOnFiber (node_modules/.pnpm/react-dom@19.2.3_react@19.2.3/node_modules/react-dom/cjs/react-dom-client.development.js:15476:11)
      at recursivelyTraversePassiveMountEffects (node_modules/.pnpm/react-dom@19.2.3_react@19.2.3/node_modules/react-dom/cjs/react-dom-client.development.js:15439:11)
      at commitPassiveMountOnFiber (node_modules/.pnpm/react-dom@19.2.3_react@19.2.3/node_modules/react-dom/cjs/react-dom-client.development.js:15476:11)
      at recursivelyTraversePassiveMountEffects (node_modules/.pnpm/react-dom@19.2.3_react@19.2.3/node_modules/react-dom/cjs/react-dom-client.development.js:15439:11)
      at commitPassiveMountOnFiber (node_modules/.pnpm/react-dom@19.2.3_react@19.2.3/node_modules/react-dom/cjs/react-dom-client.development.js:15476:11)
      at recursivelyTraversePassiveMountEffects (node_modules/.pnpm/react-dom@19.2.3_react@19.2.3/node_modules/react-dom/cjs/react-dom-client.development.js:15439:11)
      at commitPassiveMountOnFiber (node_modules/.pnpm/react-dom@19.2.3_react@19.2.3/node_modules/react-dom/cjs/react-dom-client.development.js:15476:11)
      at recursivelyTraversePassiveMountEffects (node_modules/.pnpm/react-dom@19.2.3_react@19.2.3/node_modules/react-dom/cjs/react-dom-client.development.js:15439:11)
      at commitPassiveMountOnFiber (node_modules/.pnpm/react-dom@19.2.3_react@19.2.3/node_modules/react-dom/cjs/react-dom-client.development.js:15476:11)
      at recursivelyTraversePassiveMountEffects (node_modules/.pnpm/react-dom@19.2.3_react@19.2.3/node_modules/react-dom/cjs/react-dom-client.development.js:15439:11)
      at commitPassiveMountOnFiber (node_modules/.pnpm/react-dom@19.2.3_react@19.2.3/node_modules/react-dom/cjs/react-dom-client.development.js:15718:11)
      at recursivelyTraversePassiveMountEffects (node_modules/.pnpm/react-dom@19.2.3_react@19.2.3/node_modules/react-dom/cjs/react-dom-client.development.js:15439:11)
      at commitPassiveMountOnFiber (node_modules/.pnpm/react-dom@19.2.3_react@19.2.3/node_modules/react-dom/cjs/react-dom-client.development.js:15476:11)
      at recursivelyTraversePassiveMountEffects (node_modules/.pnpm/react-dom@19.2.3_react@19.2.3/node_modules/react-dom/cjs/react-dom-client.development.js:15439:11)
      at commitPassiveMountOnFiber (node_modules/.pnpm/react-dom@19.2.3_react@19.2.3/node_modules/react-dom/cjs/react-dom-client.development.js:15476:11)
      at recursivelyTraversePassiveMountEffects (node_modules/.pnpm/react-dom@19.2.3_react@19.2.3/node_modules/react-dom/cjs/react-dom-client.development.js:15439:11)
      at commitPassiveMountOnFiber (node_modules/.pnpm/react-dom@19.2.3_react@19.2.3/node_modules/react-dom/cjs/react-dom-client.development.js:15718:11)
      at recursivelyTraversePassiveMountEffects (node_modules/.pnpm/react-dom@19.2.3_react@19.2.3/node_modules/react-dom/cjs/react-dom-client.development.js:15439:11)
      at commitPassiveMountOnFiber (node_modules/.pnpm/react-dom@19.2.3_react@19.2.3/node_modules/react-dom/cjs/react-dom-client.development.js:15476:11)
      at recursivelyTraversePassiveMountEffects (node_modules/.pnpm/react-dom@19.2.3_react@19.2.3/node_modules/react-dom/cjs/react-dom-client.development.js:15439:11)
      at commitPassiveMountOnFiber (node_modules/.pnpm/react-dom@19.2.3_react@19.2.3/node_modules/react-dom/cjs/react-dom-client.development.js:15476:11)
      at recursivelyTraversePassiveMountEffects (node_modules/.pnpm/react-dom@19.2.3_react@19.2.3/node_modules/react-dom/cjs/react-dom-client.development.js:15439:11)
      at commitPassiveMountOnFiber (node_modules/.pnpm/react-dom@19.2.3_react@19.2.3/node_modules/react-dom/cjs/react-dom-client.development.js:15718:11)
      at recursivelyTraversePassiveMountEffects (node_modules/.pnpm/react-dom@19.2.3_react@19.2.3/node_modules/react-dom/cjs/react-dom-client.development.js:15439:11)
      at commitPassiveMountOnFiber (node_modules/.pnpm/react-dom@19.2.3_react@19.2.3/node_modules/react-dom/cjs/react-dom-client.development.js:15476:11)
      at recursivelyTraversePassiveMountEffects (node_modules/.pnpm/react-dom@19.2.3_react@19.2.3/node_modules/react-dom/cjs/react-dom-client.development.js:15439:11)
      at commitPassiveMountOnFiber (node_modules/.pnpm/react-dom@19.2.3_react@19.2.3/node_modules/react-dom/cjs/react-dom-client.development.js:15476:11)
      at recursivelyTraversePassiveMountEffects (node_modules/.pnpm/react-dom@19.2.3_react@19.2.3/node_modules/react-dom/cjs/react-dom-client.development.js:15439:11)
      at commitPassiveMountOnFiber (node_modules/.pnpm/react-dom@19.2.3_react@19.2.3/node_modules/react-dom/cjs/react-dom-client.development.js:15476:11)
      at recursivelyTraversePassiveMountEffects (node_modules/.pnpm/react-dom@19.2.3_react@19.2.3/node_modules/react-dom/cjs/react-dom-client.development.js:15439:11)
      at commitPassiveMountOnFiber (node_modules/.pnpm/react-dom@19.2.3_react@19.2.3/node_modules/react-dom/cjs/react-dom-client.development.js:15718:11)
      at recursivelyTraversePassiveMountEffects (node_modules/.pnpm/react-dom@19.2.3_react@19.2.3/node_modules/react-dom/cjs/react-dom-client.development.js:15439:11)
      at commitPassiveMountOnFiber (node_modules/.pnpm/react-dom@19.2.3_react@19.2.3/node_modules/react-dom/cjs/react-dom-client.development.js:15476:11)
      at recursivelyTraversePassiveMountEffects (node_modules/.pnpm/react-dom@19.2.3_react@19.2.3/node_modules/react-dom/cjs/react-dom-client.development.js:15439:11)
      at commitPassiveMountOnFiber (node_modules/.pnpm/react-dom@19.2.3_react@19.2.3/node_modules/react-dom/cjs/react-dom-client.development.js:15718:11)
      at recursivelyTraversePassiveMountEffects (node_modules/.pnpm/react-dom@19.2.3_react@19.2.3/node_modules/react-dom/cjs/react-dom-client.development.js:15439:11)
      at commitPassiveMountOnFiber (node_modules/.pnpm/react-dom@19.2.3_react@19.2.3/node_modules/react-dom/cjs/react-dom-client.development.js:15476:11)
      at recursivelyTraversePassiveMountEffects (node_modules/.pnpm/react-dom@19.2.3_react@19.2.3/node_modules/react-dom/cjs/react-dom-client.development.js:15439:11)
      at commitPassiveMountOnFiber (node_modules/.pnpm/react-dom@19.2.3_react@19.2.3/node_modules/react-dom/cjs/react-dom-client.development.js:15718:11)
      at recursivelyTraversePassiveMountEffects (node_modules/.pnpm/react-dom@19.2.3_react@19.2.3/node_modules/react-dom/cjs/react-dom-client.development.js:15439:11)
      at commitPassiveMountOnFiber (node_modules/.pnpm/react-dom@19.2.3_react@19.2.3/node_modules/react-dom/cjs/react-dom-client.development.js:15718:11)
      at recursivelyTraversePassiveMountEffects (node_modules/.pnpm/react-dom@19.2.3_react@19.2.3/node_modules/react-dom/cjs/react-dom-client.development.js:15439:11)
      at commitPassiveMountOnFiber (node_modules/.pnpm/react-dom@19.2.3_react@19.2.3/node_modules/react-dom/cjs/react-dom-client.development.js:15476:11)
      at recursivelyTraversePassiveMountEffects (node_modules/.pnpm/react-dom@19.2.3_react@19.2.3/node_modules/react-dom/cjs/react-dom-client.development.js:15439:11)
      at commitPassiveMountOnFiber (node_modules/.pnpm/react-dom@19.2.3_react@19.2.3/node_modules/react-dom/cjs/react-dom-client.development.js:15476:11)
      at recursivelyTraversePassiveMountEffects (node_modules/.pnpm/react-dom@19.2.3_react@19.2.3/node_modules/react-dom/cjs/react-dom-client.development.js:15439:11)
      at commitPassiveMountOnFiber (node_modules/.pnpm/react-dom@19.2.3_react@19.2.3/node_modules/react-dom/cjs/react-dom-client.development.js:15476:11)
      at recursivelyTraversePassiveMountEffects (node_modules/.pnpm/react-dom@19.2.3_react@19.2.3/node_modules/react-dom/cjs/react-dom-client.development.js:15439:11)
      at commitPassiveMountOnFiber (node_modules/.pnpm/react-dom@19.2.3_react@19.2.3/node_modules/react-dom/cjs/react-dom-client.development.js:15476:11)
      at recursivelyTraversePassiveMountEffects (node_modules/.pnpm/react-dom@19.2.3_react@19.2.3/node_modules/react-dom/cjs/react-dom-client.development.js:15439:11)
      at commitPassiveMountOnFiber (node_modules/.pnpm/react-dom@19.2.3_react@19.2.3/node_modules/react-dom/cjs/react-dom-client.development.js:15718:11)
      at recursivelyTraversePassiveMountEffects (node_modules/.pnpm/react-dom@19.2.3_react@19.2.3/node_modules/react-dom/cjs/react-dom-client.development.js:15439:11)
      at commitPassiveMountOnFiber (node_modules/.pnpm/react-dom@19.2.3_react@19.2.3/node_modules/react-dom/cjs/react-dom-client.development.js:15476:11)
      at recursivelyTraversePassiveMountEffects (node_modules/.pnpm/react-dom@19.2.3_react@19.2.3/node_modules/react-dom/cjs/react-dom-client.development.js:15439:11)
      at commitPassiveMountOnFiber (node_modules/.pnpm/react-dom@19.2.3_react@19.2.3/node_modules/react-dom/cjs/react-dom-client.development.js:15519:11)
      at flushPassiveEffects (node_modules/.pnpm/react-dom@19.2.3_react@19.2.3/node_modules/react-dom/cjs/react-dom-client.development.js:18432:9)
      at flushPendingEffects (node_modules/.pnpm/react-dom@19.2.3_react@19.2.3/node_modules/react-dom/cjs/react-dom-client.development.js:18358:14)
      at performSyncWorkOnRoot (node_modules/.pnpm/react-dom@19.2.3_react@19.2.3/node_modules/react-dom/cjs/react-dom-client.development.js:18969:11)
      at flushSyncWorkAcrossRoots_impl (node_modules/.pnpm/react-dom@19.2.3_react@19.2.3/node_modules/react-dom/cjs/react-dom-client.development.js:18814:21)
      at flushSpawnedWork (node_modules/.pnpm/react-dom@19.2.3_react@19.2.3/node_modules/react-dom/cjs/react-dom-client.development.js:18334:9)
      at commitRoot (node_modules/.pnpm/react-dom@19.2.3_react@19.2.3/node_modules/react-dom/cjs/react-dom-client.development.js:17955:9)
      at performWorkOnRoot (node_modules/.pnpm/react-dom@19.2.3_react@19.2.3/node_modules/react-dom/cjs/react-dom-client.development.js:16667:15)
      at performWorkOnRootViaSchedulerTask (node_modules/.pnpm/react-dom@19.2.3_react@19.2.3/node_modules/react-dom/cjs/react-dom-client.development.js:18957:7)
      at flushActQueue (node_modules/.pnpm/react@19.2.3/node_modules/react/cjs/react.development.js:590:34)
      at node_modules/.pnpm/react@19.2.3/node_modules/react/cjs/react.development.js:847:21

  ● ModernDashboard › handles empty models array

    AggregateError:

      103 |
      104 | function renderWithProviders(component: React.ReactElement) {
    > 105 |   return render(
          |                ^
      106 |     <QueryClientProvider client={queryClient}>
      107 |       <MuiThemeProvider theme={theme}>{component}</MuiThemeProvider>
      108 |     </QueryClientProvider>

      at aggregateErrors (node_modules/.pnpm/react@19.2.3/node_modules/react/cjs/react.development.js:551:11)
      at process.env.NODE_ENV.exports.act (node_modules/.pnpm/react@19.2.3/node_modules/react/cjs/react.development.js:897:24)
      at node_modules/.pnpm/@testing-library+react@16.3.1_@testing-library+dom@10.4.1_@types+react-dom@19.2.3_@type_68c5b21a70acecf0fbbfd97f51128017/node_modules/@testing-library/react/dist/act-compat.js:46:25
      at renderRoot (node_modules/.pnpm/@testing-library+react@16.3.1_@testing-library+dom@10.4.1_@types+react-dom@19.2.3_@type_68c5b21a70acecf0fbbfd97f51128017/node_modules/@testing-library/react/dist/pure.js:189:26)
      at render (node_modules/.pnpm/@testing-library+react@16.3.1_@testing-library+dom@10.4.1_@types+react-dom@19.2.3_@type_68c5b21a70acecf0fbbfd97f51128017/node_modules/@testing-library/react/dist/pure.js:291:10)
      at renderWithProviders (__tests__/components/dashboard/ModernDashboard.test.tsx:105:16)
      at Object.<anonymous> (__tests__/components/dashboard/ModernDashboard.test.tsx:271:5)

  ● ModernDashboard › handles null metrics gracefully

    thrown: "Exceeded timeout of 5000 ms for a test.
    Add a timeout value to this test to increase the timeout, if this is a long-running test. See https://jestjs.io/docs/api#testname-fn-timeout."

      278 |   });
      279 |
    > 280 |   it('handles null metrics gracefully', async () => {
          |   ^
      281 |     mockedUseStore.mockImplementation((selector) => {
      282 |       const nullMetricsState = {
      283 |         ...mockState,

      at __tests__/components/dashboard/ModernDashboard.test.tsx:280:3
      at Object.<anonymous> (__tests__/components/dashboard/ModernDashboard.test.tsx:112:1)

  ● ModernDashboard › handles null metrics gracefully

    ReferenceError: structuredClone is not defined

      at new TapAndDragGesture (node_modules/.pnpm/@mui+x-internal-gestures@0.4.0/node_modules/@mui/x-internal-gestures/core/gestures/TapAndDragGesture.js:92:23)
      at node_modules/.pnpm/@mui+x-charts@8.23.0_@emotion+react@11.14.0_@types+react@19.2.7_react@19.2.3__@emotion+_f046b17db1eec8074c520ede55d3423e/node_modules/@mui/x-charts/internals/plugins/corePlugins/useChartInteractionListener/useChartInteractionListener.js:56:13
      at Object.react_stack_bottom_frame (node_modules/.pnpm/react-dom@19.2.3_react@19.2.3/node_modules/react-dom/cjs/react-dom-client.development.js:25989:20)
      at runWithFiberInDEV (node_modules/.pnpm/react-dom@19.2.3_react@19.2.3/node_modules/react-dom/cjs/react-dom-client.development.js:874:13)
      at commitHookEffectListMount (node_modules/.pnpm/react-dom@19.2.3_react@19.2.3/node_modules/react-dom/cjs/react-dom-client.development.js:13249:29)
      at commitHookPassiveMountEffects (node_modules/.pnpm/react-dom@19.2.3_react@19.2.3/node_modules/react-dom/cjs/react-dom-client.development.js:13336:11)
      at commitPassiveMountOnFiber (node_modules/.pnpm/react-dom@19.2.3_react@19.2.3/node_modules/react-dom/cjs/react-dom-client.development.js:15484:13)
      at recursivelyTraversePassiveMountEffects (node_modules/.pnpm/react-dom@19.2.3_react@19.2.3/node_modules/react-dom/cjs/react-dom-client.development.js:15439:11)
      at commitPassiveMountOnFiber (node_modules/.pnpm/react-dom@19.2.3_react@19.2.3/node_modules/react-dom/cjs/react-dom-client.development.js:15476:11)
      at recursivelyTraversePassiveMountEffects (node_modules/.pnpm/react-dom@19.2.3_react@19.2.3/node_modules/react-dom/cjs/react-dom-client.development.js:15439:11)
      at commitPassiveMountOnFiber (node_modules/.pnpm/react-dom@19.2.3_react@19.2.3/node_modules/react-dom/cjs/react-dom-client.development.js:15476:11)
      at recursivelyTraversePassiveMountEffects (node_modules/.pnpm/react-dom@19.2.3_react@19.2.3/node_modules/react-dom/cjs/react-dom-client.development.js:15439:11)
      at commitPassiveMountOnFiber (node_modules/.pnpm/react-dom@19.2.3_react@19.2.3/node_modules/react-dom/cjs/react-dom-client.development.js:15718:11)
      at recursivelyTraversePassiveMountEffects (node_modules/.pnpm/react-dom@19.2.3_react@19.2.3/node_modules/react-dom/cjs/react-dom-client.development.js:15439:11)
      at commitPassiveMountOnFiber (node_modules/.pnpm/react-dom@19.2.3_react@19.2.3/node_modules/react-dom/cjs/react-dom-client.development.js:15476:11)
      at recursivelyTraversePassiveMountEffects (node_modules/.pnpm/react-dom@19.2.3_react@19.2.3/node_modules/react-dom/cjs/react-dom-client.development.js:15439:11)
      at commitPassiveMountOnFiber (node_modules/.pnpm/react-dom@19.2.3_react@19.2.3/node_modules/react-dom/cjs/react-dom-client.development.js:15476:11)
      at recursivelyTraversePassiveMountEffects (node_modules/.pnpm/react-dom@19.2.3_react@19.2.3/node_modules/react-dom/cjs/react-dom-client.development.js:15439:11)
      at commitPassiveMountOnFiber (node_modules/.pnpm/react-dom@19.2.3_react@19.2.3/node_modules/react-dom/cjs/react-dom-client.development.js:15718:11)
      at recursivelyTraversePassiveMountEffects (node_modules/.pnpm/react-dom@19.2.3_react@19.2.3/node_modules/react-dom/cjs/react-dom-client.development.js:15439:11)
      at commitPassiveMountOnFiber (node_modules/.pnpm/react-dom@19.2.3_react@19.2.3/node_modules/react-dom/cjs/react-dom-client.development.js:15476:11)
      at recursivelyTraversePassiveMountEffects (node_modules/.pnpm/react-dom@19.2.3_react@19.2.3/node_modules/react-dom/cjs/react-dom-client.development.js:15439:11)
      at commitPassiveMountOnFiber (node_modules/.pnpm/react-dom@19.2.3_react@19.2.3/node_modules/react-dom/cjs/react-dom-client.development.js:15476:11)
      at recursivelyTraversePassiveMountEffects (node_modules/.pnpm/react-dom@19.2.3_react@19.2.3/node_modules/react-dom/cjs/react-dom-client.development.js:15439:11)
      at commitPassiveMountOnFiber (node_modules/.pnpm/react-dom@19.2.3_react@19.2.3/node_modules/react-dom/cjs/react-dom-client.development.js:15476:11)
      at recursivelyTraversePassiveMountEffects (node_modules/.pnpm/react-dom@19.2.3_react@19.2.3/node_modules/react-dom/cjs/react-dom-client.development.js:15439:11)
      at commitPassiveMountOnFiber (node_modules/.pnpm/react-dom@19.2.3_react@19.2.3/node_modules/react-dom/cjs/react-dom-client.development.js:15476:11)
      at recursivelyTraversePassiveMountEffects (node_modules/.pnpm/react-dom@19.2.3_react@19.2.3/node_modules/react-dom/cjs/react-dom-client.development.js:15439:11)
      at commitPassiveMountOnFiber (node_modules/.pnpm/react-dom@19.2.3_react@19.2.3/node_modules/react-dom/cjs/react-dom-client.development.js:15476:11)
      at recursivelyTraversePassiveMountEffects (node_modules/.pnpm/react-dom@19.2.3_react@19.2.3/node_modules/react-dom/cjs/react-dom-client.development.js:15439:11)
      at commitPassiveMountOnFiber (node_modules/.pnpm/react-dom@19.2.3_react@19.2.3/node_modules/react-dom/cjs/react-dom-client.development.js:15718:11)
      at recursivelyTraversePassiveMountEffects (node_modules/.pnpm/react-dom@19.2.3_react@19.2.3/node_modules/react-dom/cjs/react-dom-client.development.js:15439:11)
      at commitPassiveMountOnFiber (node_modules/.pnpm/react-dom@19.2.3_react@19.2.3/node_modules/react-dom/cjs/react-dom-client.development.js:15476:11)
      at recursivelyTraversePassiveMountEffects (node_modules/.pnpm/react-dom@19.2.3_react@19.2.3/node_modules/react-dom/cjs/react-dom-client.development.js:15439:11)
      at commitPassiveMountOnFiber (node_modules/.pnpm/react-dom@19.2.3_react@19.2.3/node_modules/react-dom/cjs/react-dom-client.development.js:15476:11)
      at recursivelyTraversePassiveMountEffects (node_modules/.pnpm/react-dom@19.2.3_react@19.2.3/node_modules/react-dom/cjs/react-dom-client.development.js:15439:11)
      at commitPassiveMountOnFiber (node_modules/.pnpm/react-dom@19.2.3_react@19.2.3/node_modules/react-dom/cjs/react-dom-client.development.js:15718:11)
      at recursivelyTraversePassiveMountEffects (node_modules/.pnpm/react-dom@19.2.3_react@19.2.3/node_modules/react-dom/cjs/react-dom-client.development.js:15439:11)
      at commitPassiveMountOnFiber (node_modules/.pnpm/react-dom@19.2.3_react@19.2.3/node_modules/react-dom/cjs/react-dom-client.development.js:15476:11)
      at recursivelyTraversePassiveMountEffects (node_modules/.pnpm/react-dom@19.2.3_react@19.2.3/node_modules/react-dom/cjs/react-dom-client.development.js:15439:11)
      at commitPassiveMountOnFiber (node_modules/.pnpm/react-dom@19.2.3_react@19.2.3/node_modules/react-dom/cjs/react-dom-client.development.js:15476:11)
      at recursivelyTraversePassiveMountEffects (node_modules/.pnpm/react-dom@19.2.3_react@19.2.3/node_modules/react-dom/cjs/react-dom-client.development.js:15439:11)
      at commitPassiveMountOnFiber (node_modules/.pnpm/react-dom@19.2.3_react@19.2.3/node_modules/react-dom/cjs/react-dom-client.development.js:15718:11)
      at recursivelyTraversePassiveMountEffects (node_modules/.pnpm/react-dom@19.2.3_react@19.2.3/node_modules/react-dom/cjs/react-dom-client.development.js:15439:11)
      at commitPassiveMountOnFiber (node_modules/.pnpm/react-dom@19.2.3_react@19.2.3/node_modules/react-dom/cjs/react-dom-client.development.js:15476:11)
      at recursivelyTraversePassiveMountEffects (node_modules/.pnpm/react-dom@19.2.3_react@19.2.3/node_modules/react-dom/cjs/react-dom-client.development.js:15439:11)
      at commitPassiveMountOnFiber (node_modules/.pnpm/react-dom@19.2.3_react@19.2.3/node_modules/react-dom/cjs/react-dom-client.development.js:15476:11)
      at recursivelyTraversePassiveMountEffects (node_modules/.pnpm/react-dom@19.2.3_react@19.2.3/node_modules/react-dom/cjs/react-dom-client.development.js:15439:11)
      at commitPassiveMountOnFiber (node_modules/.pnpm/react-dom@19.2.3_react@19.2.3/node_modules/react-dom/cjs/react-dom-client.development.js:15476:11)
      at recursivelyTraversePassiveMountEffects (node_modules/.pnpm/react-dom@19.2.3_react@19.2.3/node_modules/react-dom/cjs/react-dom-client.development.js:15439:11)
      at commitPassiveMountOnFiber (node_modules/.pnpm/react-dom@19.2.3_react@19.2.3/node_modules/react-dom/cjs/react-dom-client.development.js:15718:11)
      at recursivelyTraversePassiveMountEffects (node_modules/.pnpm/react-dom@19.2.3_react@19.2.3/node_modules/react-dom/cjs/react-dom-client.development.js:15439:11)
      at commitPassiveMountOnFiber (node_modules/.pnpm/react-dom@19.2.3_react@19.2.3/node_modules/react-dom/cjs/react-dom-client.development.js:15476:11)
      at recursivelyTraversePassiveMountEffects (node_modules/.pnpm/react-dom@19.2.3_react@19.2.3/node_modules/react-dom/cjs/react-dom-client.development.js:15439:11)
      at commitPassiveMountOnFiber (node_modules/.pnpm/react-dom@19.2.3_react@19.2.3/node_modules/react-dom/cjs/react-dom-client.development.js:15718:11)
      at recursivelyTraversePassiveMountEffects (node_modules/.pnpm/react-dom@19.2.3_react@19.2.3/node_modules/react-dom/cjs/react-dom-client.development.js:15439:11)
      at commitPassiveMountOnFiber (node_modules/.pnpm/react-dom@19.2.3_react@19.2.3/node_modules/react-dom/cjs/react-dom-client.development.js:15476:11)
      at recursivelyTraversePassiveMountEffects (node_modules/.pnpm/react-dom@19.2.3_react@19.2.3/node_modules/react-dom/cjs/react-dom-client.development.js:15439:11)
      at commitPassiveMountOnFiber (node_modules/.pnpm/react-dom@19.2.3_react@19.2.3/node_modules/react-dom/cjs/react-dom-client.development.js:15718:11)
      at recursivelyTraversePassiveMountEffects (node_modules/.pnpm/react-dom@19.2.3_react@19.2.3/node_modules/react-dom/cjs/react-dom-client.development.js:15439:11)
      at commitPassiveMountOnFiber (node_modules/.pnpm/react-dom@19.2.3_react@19.2.3/node_modules/react-dom/cjs/react-dom-client.development.js:15718:11)
      at recursivelyTraversePassiveMountEffects (node_modules/.pnpm/react-dom@19.2.3_react@19.2.3/node_modules/react-dom/cjs/react-dom-client.development.js:15439:11)
      at commitPassiveMountOnFiber (node_modules/.pnpm/react-dom@19.2.3_react@19.2.3/node_modules/react-dom/cjs/react-dom-client.development.js:15476:11)
      at recursivelyTraversePassiveMountEffects (node_modules/.pnpm/react-dom@19.2.3_react@19.2.3/node_modules/react-dom/cjs/react-dom-client.development.js:15439:11)
      at commitPassiveMountOnFiber (node_modules/.pnpm/react-dom@19.2.3_react@19.2.3/node_modules/react-dom/cjs/react-dom-client.development.js:15476:11)
      at recursivelyTraversePassiveMountEffects (node_modules/.pnpm/react-dom@19.2.3_react@19.2.3/node_modules/react-dom/cjs/react-dom-client.development.js:15439:11)
      at commitPassiveMountOnFiber (node_modules/.pnpm/react-dom@19.2.3_react@19.2.3/node_modules/react-dom/cjs/react-dom-client.development.js:15476:11)
      at recursivelyTraversePassiveMountEffects (node_modules/.pnpm/react-dom@19.2.3_react@19.2.3/node_modules/react-dom/cjs/react-dom-client.development.js:15439:11)
      at commitPassiveMountOnFiber (node_modules/.pnpm/react-dom@19.2.3_react@19.2.3/node_modules/react-dom/cjs/react-dom-client.development.js:15476:11)
      at recursivelyTraversePassiveMountEffects (node_modules/.pnpm/react-dom@19.2.3_react@19.2.3/node_modules/react-dom/cjs/react-dom-client.development.js:15439:11)
      at commitPassiveMountOnFiber (node_modules/.pnpm/react-dom@19.2.3_react@19.2.3/node_modules/react-dom/cjs/react-dom-client.development.js:15718:11)
      at recursivelyTraversePassiveMountEffects (node_modules/.pnpm/react-dom@19.2.3_react@19.2.3/node_modules/react-dom/cjs/react-dom-client.development.js:15439:11)
      at commitPassiveMountOnFiber (node_modules/.pnpm/react-dom@19.2.3_react@19.2.3/node_modules/react-dom/cjs/react-dom-client.development.js:15476:11)
      at recursivelyTraversePassiveMountEffects (node_modules/.pnpm/react-dom@19.2.3_react@19.2.3/node_modules/react-dom/cjs/react-dom-client.development.js:15439:11)
      at commitPassiveMountOnFiber (node_modules/.pnpm/react-dom@19.2.3_react@19.2.3/node_modules/react-dom/cjs/react-dom-client.development.js:15519:11)
      at flushPassiveEffects (node_modules/.pnpm/react-dom@19.2.3_react@19.2.3/node_modules/react-dom/cjs/react-dom-client.development.js:18432:9)
      at flushPendingEffects (node_modules/.pnpm/react-dom@19.2.3_react@19.2.3/node_modules/react-dom/cjs/react-dom-client.development.js:18358:14)
      at performSyncWorkOnRoot (node_modules/.pnpm/react-dom@19.2.3_react@19.2.3/node_modules/react-dom/cjs/react-dom-client.development.js:18969:11)
      at flushSyncWorkAcrossRoots_impl (node_modules/.pnpm/react-dom@19.2.3_react@19.2.3/node_modules/react-dom/cjs/react-dom-client.development.js:18814:21)
      at flushSpawnedWork (node_modules/.pnpm/react-dom@19.2.3_react@19.2.3/node_modules/react-dom/cjs/react-dom-client.development.js:18334:9)
      at commitRoot (node_modules/.pnpm/react-dom@19.2.3_react@19.2.3/node_modules/react-dom/cjs/react-dom-client.development.js:17955:9)
      at performWorkOnRoot (node_modules/.pnpm/react-dom@19.2.3_react@19.2.3/node_modules/react-dom/cjs/react-dom-client.development.js:16667:15)
      at performWorkOnRootViaSchedulerTask (node_modules/.pnpm/react-dom@19.2.3_react@19.2.3/node_modules/react-dom/cjs/react-dom-client.development.js:18957:7)
      at flushActQueue (node_modules/.pnpm/react@19.2.3/node_modules/react/cjs/react.development.js:590:34)
      at node_modules/.pnpm/react@19.2.3/node_modules/react/cjs/react.development.js:847:21

  ● ModernDashboard › handles null metrics gracefully

    ReferenceError: structuredClone is not defined

      at new TapAndDragGesture (node_modules/.pnpm/@mui+x-internal-gestures@0.4.0/node_modules/@mui/x-internal-gestures/core/gestures/TapAndDragGesture.js:92:23)
      at node_modules/.pnpm/@mui+x-charts@8.23.0_@emotion+react@11.14.0_@types+react@19.2.7_react@19.2.3__@emotion+_f046b17db1eec8074c520ede55d3423e/node_modules/@mui/x-charts/internals/plugins/corePlugins/useChartInteractionListener/useChartInteractionListener.js:56:13
      at Object.react_stack_bottom_frame (node_modules/.pnpm/react-dom@19.2.3_react@19.2.3/node_modules/react-dom/cjs/react-dom-client.development.js:25989:20)
      at runWithFiberInDEV (node_modules/.pnpm/react-dom@19.2.3_react@19.2.3/node_modules/react-dom/cjs/react-dom-client.development.js:874:13)
      at commitHookEffectListMount (node_modules/.pnpm/react-dom@19.2.3_react@19.2.3/node_modules/react-dom/cjs/react-dom-client.development.js:13249:29)
      at commitHookPassiveMountEffects (node_modules/.pnpm/react-dom@19.2.3_react@19.2.3/node_modules/react-dom/cjs/react-dom-client.development.js:13336:11)
      at commitPassiveMountOnFiber (node_modules/.pnpm/react-dom@19.2.3_react@19.2.3/node_modules/react-dom/cjs/react-dom-client.development.js:15484:13)
      at recursivelyTraversePassiveMountEffects (node_modules/.pnpm/react-dom@19.2.3_react@19.2.3/node_modules/react-dom/cjs/react-dom-client.development.js:15439:11)
      at commitPassiveMountOnFiber (node_modules/.pnpm/react-dom@19.2.3_react@19.2.3/node_modules/react-dom/cjs/react-dom-client.development.js:15476:11)
      at recursivelyTraversePassiveMountEffects (node_modules/.pnpm/react-dom@19.2.3_react@19.2.3/node_modules/react-dom/cjs/react-dom-client.development.js:15439:11)
      at commitPassiveMountOnFiber (node_modules/.pnpm/react-dom@19.2.3_react@19.2.3/node_modules/react-dom/cjs/react-dom-client.development.js:15476:11)
      at recursivelyTraversePassiveMountEffects (node_modules/.pnpm/react-dom@19.2.3_react@19.2.3/node_modules/react-dom/cjs/react-dom-client.development.js:15439:11)
      at commitPassiveMountOnFiber (node_modules/.pnpm/react-dom@19.2.3_react@19.2.3/node_modules/react-dom/cjs/react-dom-client.development.js:15718:11)
      at recursivelyTraversePassiveMountEffects (node_modules/.pnpm/react-dom@19.2.3_react@19.2.3/node_modules/react-dom/cjs/react-dom-client.development.js:15439:11)
      at commitPassiveMountOnFiber (node_modules/.pnpm/react-dom@19.2.3_react@19.2.3/node_modules/react-dom/cjs/react-dom-client.development.js:15476:11)
      at recursivelyTraversePassiveMountEffects (node_modules/.pnpm/react-dom@19.2.3_react@19.2.3/node_modules/react-dom/cjs/react-dom-client.development.js:15439:11)
      at commitPassiveMountOnFiber (node_modules/.pnpm/react-dom@19.2.3_react@19.2.3/node_modules/react-dom/cjs/react-dom-client.development.js:15476:11)
      at recursivelyTraversePassiveMountEffects (node_modules/.pnpm/react-dom@19.2.3_react@19.2.3/node_modules/react-dom/cjs/react-dom-client.development.js:15439:11)
      at commitPassiveMountOnFiber (node_modules/.pnpm/react-dom@19.2.3_react@19.2.3/node_modules/react-dom/cjs/react-dom-client.development.js:15718:11)
      at recursivelyTraversePassiveMountEffects (node_modules/.pnpm/react-dom@19.2.3_react@19.2.3/node_modules/react-dom/cjs/react-dom-client.development.js:15439:11)
      at commitPassiveMountOnFiber (node_modules/.pnpm/react-dom@19.2.3_react@19.2.3/node_modules/react-dom/cjs/react-dom-client.development.js:15476:11)
      at recursivelyTraversePassiveMountEffects (node_modules/.pnpm/react-dom@19.2.3_react@19.2.3/node_modules/react-dom/cjs/react-dom-client.development.js:15439:11)
      at commitPassiveMountOnFiber (node_modules/.pnpm/react-dom@19.2.3_react@19.2.3/node_modules/react-dom/cjs/react-dom-client.development.js:15476:11)
      at recursivelyTraversePassiveMountEffects (node_modules/.pnpm/react-dom@19.2.3_react@19.2.3/node_modules/react-dom/cjs/react-dom-client.development.js:15439:11)
      at commitPassiveMountOnFiber (node_modules/.pnpm/react-dom@19.2.3_react@19.2.3/node_modules/react-dom/cjs/react-dom-client.development.js:15476:11)
      at recursivelyTraversePassiveMountEffects (node_modules/.pnpm/react-dom@19.2.3_react@19.2.3/node_modules/react-dom/cjs/react-dom-client.development.js:15439:11)
      at commitPassiveMountOnFiber (node_modules/.pnpm/react-dom@19.2.3_react@19.2.3/node_modules/react-dom/cjs/react-dom-client.development.js:15476:11)
      at recursivelyTraversePassiveMountEffects (node_modules/.pnpm/react-dom@19.2.3_react@19.2.3/node_modules/react-dom/cjs/react-dom-client.development.js:15439:11)
      at commitPassiveMountOnFiber (node_modules/.pnpm/react-dom@19.2.3_react@19.2.3/node_modules/react-dom/cjs/react-dom-client.development.js:15476:11)
      at recursivelyTraversePassiveMountEffects (node_modules/.pnpm/react-dom@19.2.3_react@19.2.3/node_modules/react-dom/cjs/react-dom-client.development.js:15439:11)
      at commitPassiveMountOnFiber (node_modules/.pnpm/react-dom@19.2.3_react@19.2.3/node_modules/react-dom/cjs/react-dom-client.development.js:15718:11)
      at recursivelyTraversePassiveMountEffects (node_modules/.pnpm/react-dom@19.2.3_react@19.2.3/node_modules/react-dom/cjs/react-dom-client.development.js:15439:11)
      at commitPassiveMountOnFiber (node_modules/.pnpm/react-dom@19.2.3_react@19.2.3/node_modules/react-dom/cjs/react-dom-client.development.js:15476:11)
      at recursivelyTraversePassiveMountEffects (node_modules/.pnpm/react-dom@19.2.3_react@19.2.3/node_modules/react-dom/cjs/react-dom-client.development.js:15439:11)
      at commitPassiveMountOnFiber (node_modules/.pnpm/react-dom@19.2.3_react@19.2.3/node_modules/react-dom/cjs/react-dom-client.development.js:15476:11)
      at recursivelyTraversePassiveMountEffects (node_modules/.pnpm/react-dom@19.2.3_react@19.2.3/node_modules/react-dom/cjs/react-dom-client.development.js:15439:11)
      at commitPassiveMountOnFiber (node_modules/.pnpm/react-dom@19.2.3_react@19.2.3/node_modules/react-dom/cjs/react-dom-client.development.js:15718:11)
      at recursivelyTraversePassiveMountEffects (node_modules/.pnpm/react-dom@19.2.3_react@19.2.3/node_modules/react-dom/cjs/react-dom-client.development.js:15439:11)
      at commitPassiveMountOnFiber (node_modules/.pnpm/react-dom@19.2.3_react@19.2.3/node_modules/react-dom/cjs/react-dom-client.development.js:15476:11)
      at recursivelyTraversePassiveMountEffects (node_modules/.pnpm/react-dom@19.2.3_react@19.2.3/node_modules/react-dom/cjs/react-dom-client.development.js:15439:11)
      at commitPassiveMountOnFiber (node_modules/.pnpm/react-dom@19.2.3_react@19.2.3/node_modules/react-dom/cjs/react-dom-client.development.js:15476:11)
      at recursivelyTraversePassiveMountEffects (node_modules/.pnpm/react-dom@19.2.3_react@19.2.3/node_modules/react-dom/cjs/react-dom-client.development.js:15439:11)
      at commitPassiveMountOnFiber (node_modules/.pnpm/react-dom@19.2.3_react@19.2.3/node_modules/react-dom/cjs/react-dom-client.development.js:15718:11)
      at recursivelyTraversePassiveMountEffects (node_modules/.pnpm/react-dom@19.2.3_react@19.2.3/node_modules/react-dom/cjs/react-dom-client.development.js:15439:11)
      at commitPassiveMountOnFiber (node_modules/.pnpm/react-dom@19.2.3_react@19.2.3/node_modules/react-dom/cjs/react-dom-client.development.js:15476:11)
      at recursivelyTraversePassiveMountEffects (node_modules/.pnpm/react-dom@19.2.3_react@19.2.3/node_modules/react-dom/cjs/react-dom-client.development.js:15439:11)
      at commitPassiveMountOnFiber (node_modules/.pnpm/react-dom@19.2.3_react@19.2.3/node_modules/react-dom/cjs/react-dom-client.development.js:15476:11)
      at recursivelyTraversePassiveMountEffects (node_modules/.pnpm/react-dom@19.2.3_react@19.2.3/node_modules/react-dom/cjs/react-dom-client.development.js:15439:11)
      at commitPassiveMountOnFiber (node_modules/.pnpm/react-dom@19.2.3_react@19.2.3/node_modules/react-dom/cjs/react-dom-client.development.js:15476:11)
      at recursivelyTraversePassiveMountEffects (node_modules/.pnpm/react-dom@19.2.3_react@19.2.3/node_modules/react-dom/cjs/react-dom-client.development.js:15439:11)
      at commitPassiveMountOnFiber (node_modules/.pnpm/react-dom@19.2.3_react@19.2.3/node_modules/react-dom/cjs/react-dom-client.development.js:15718:11)
      at recursivelyTraversePassiveMountEffects (node_modules/.pnpm/react-dom@19.2.3_react@19.2.3/node_modules/react-dom/cjs/react-dom-client.development.js:15439:11)
      at commitPassiveMountOnFiber (node_modules/.pnpm/react-dom@19.2.3_react@19.2.3/node_modules/react-dom/cjs/react-dom-client.development.js:15476:11)
      at recursivelyTraversePassiveMountEffects (node_modules/.pnpm/react-dom@19.2.3_react@19.2.3/node_modules/react-dom/cjs/react-dom-client.development.js:15439:11)
      at commitPassiveMountOnFiber (node_modules/.pnpm/react-dom@19.2.3_react@19.2.3/node_modules/react-dom/cjs/react-dom-client.development.js:15718:11)
      at recursivelyTraversePassiveMountEffects (node_modules/.pnpm/react-dom@19.2.3_react@19.2.3/node_modules/react-dom/cjs/react-dom-client.development.js:15439:11)
      at commitPassiveMountOnFiber (node_modules/.pnpm/react-dom@19.2.3_react@19.2.3/node_modules/react-dom/cjs/react-dom-client.development.js:15476:11)
      at recursivelyTraversePassiveMountEffects (node_modules/.pnpm/react-dom@19.2.3_react@19.2.3/node_modules/react-dom/cjs/react-dom-client.development.js:15439:11)
      at commitPassiveMountOnFiber (node_modules/.pnpm/react-dom@19.2.3_react@19.2.3/node_modules/react-dom/cjs/react-dom-client.development.js:15718:11)
      at recursivelyTraversePassiveMountEffects (node_modules/.pnpm/react-dom@19.2.3_react@19.2.3/node_modules/react-dom/cjs/react-dom-client.development.js:15439:11)
      at commitPassiveMountOnFiber (node_modules/.pnpm/react-dom@19.2.3_react@19.2.3/node_modules/react-dom/cjs/react-dom-client.development.js:15718:11)
      at recursivelyTraversePassiveMountEffects (node_modules/.pnpm/react-dom@19.2.3_react@19.2.3/node_modules/react-dom/cjs/react-dom-client.development.js:15439:11)
      at commitPassiveMountOnFiber (node_modules/.pnpm/react-dom@19.2.3_react@19.2.3/node_modules/react-dom/cjs/react-dom-client.development.js:15476:11)
      at recursivelyTraversePassiveMountEffects (node_modules/.pnpm/react-dom@19.2.3_react@19.2.3/node_modules/react-dom/cjs/react-dom-client.development.js:15439:11)
      at commitPassiveMountOnFiber (node_modules/.pnpm/react-dom@19.2.3_react@19.2.3/node_modules/react-dom/cjs/react-dom-client.development.js:15476:11)
      at recursivelyTraversePassiveMountEffects (node_modules/.pnpm/react-dom@19.2.3_react@19.2.3/node_modules/react-dom/cjs/react-dom-client.development.js:15439:11)
      at commitPassiveMountOnFiber (node_modules/.pnpm/react-dom@19.2.3_react@19.2.3/node_modules/react-dom/cjs/react-dom-client.development.js:15476:11)
      at recursivelyTraversePassiveMountEffects (node_modules/.pnpm/react-dom@19.2.3_react@19.2.3/node_modules/react-dom/cjs/react-dom-client.development.js:15439:11)
      at commitPassiveMountOnFiber (node_modules/.pnpm/react-dom@19.2.3_react@19.2.3/node_modules/react-dom/cjs/react-dom-client.development.js:15476:11)
      at recursivelyTraversePassiveMountEffects (node_modules/.pnpm/react-dom@19.2.3_react@19.2.3/node_modules/react-dom/cjs/react-dom-client.development.js:15439:11)
      at commitPassiveMountOnFiber (node_modules/.pnpm/react-dom@19.2.3_react@19.2.3/node_modules/react-dom/cjs/react-dom-client.development.js:15718:11)
      at recursivelyTraversePassiveMountEffects (node_modules/.pnpm/react-dom@19.2.3_react@19.2.3/node_modules/react-dom/cjs/react-dom-client.development.js:15439:11)
      at commitPassiveMountOnFiber (node_modules/.pnpm/react-dom@19.2.3_react@19.2.3/node_modules/react-dom/cjs/react-dom-client.development.js:15476:11)
      at recursivelyTraversePassiveMountEffects (node_modules/.pnpm/react-dom@19.2.3_react@19.2.3/node_modules/react-dom/cjs/react-dom-client.development.js:15439:11)
      at commitPassiveMountOnFiber (node_modules/.pnpm/react-dom@19.2.3_react@19.2.3/node_modules/react-dom/cjs/react-dom-client.development.js:15519:11)
      at flushPassiveEffects (node_modules/.pnpm/react-dom@19.2.3_react@19.2.3/node_modules/react-dom/cjs/react-dom-client.development.js:18432:9)
      at flushPendingEffects (node_modules/.pnpm/react-dom@19.2.3_react@19.2.3/node_modules/react-dom/cjs/react-dom-client.development.js:18358:14)
      at performSyncWorkOnRoot (node_modules/.pnpm/react-dom@19.2.3_react@19.2.3/node_modules/react-dom/cjs/react-dom-client.development.js:18969:11)
      at flushSyncWorkAcrossRoots_impl (node_modules/.pnpm/react-dom@19.2.3_react@19.2.3/node_modules/react-dom/cjs/react-dom-client.development.js:18814:21)
      at flushSpawnedWork (node_modules/.pnpm/react-dom@19.2.3_react@19.2.3/node_modules/react-dom/cjs/react-dom-client.development.js:18334:9)
      at commitRoot (node_modules/.pnpm/react-dom@19.2.3_react@19.2.3/node_modules/react-dom/cjs/react-dom-client.development.js:17955:9)
      at performWorkOnRoot (node_modules/.pnpm/react-dom@19.2.3_react@19.2.3/node_modules/react-dom/cjs/react-dom-client.development.js:16667:15)
      at performWorkOnRootViaSchedulerTask (node_modules/.pnpm/react-dom@19.2.3_react@19.2.3/node_modules/react-dom/cjs/react-dom-client.development.js:18957:7)
      at flushActQueue (node_modules/.pnpm/react@19.2.3/node_modules/react/cjs/react.development.js:590:34)
      at node_modules/.pnpm/react@19.2.3/node_modules/react/cjs/react.development.js:847:21

  ● ModernDashboard › handles null metrics gracefully

    ReferenceError: structuredClone is not defined

      at new TapAndDragGesture (node_modules/.pnpm/@mui+x-internal-gestures@0.4.0/node_modules/@mui/x-internal-gestures/core/gestures/TapAndDragGesture.js:92:23)
      at node_modules/.pnpm/@mui+x-charts@8.23.0_@emotion+react@11.14.0_@types+react@19.2.7_react@19.2.3__@emotion+_f046b17db1eec8074c520ede55d3423e/node_modules/@mui/x-charts/internals/plugins/corePlugins/useChartInteractionListener/useChartInteractionListener.js:56:13
      at Object.react_stack_bottom_frame (node_modules/.pnpm/react-dom@19.2.3_react@19.2.3/node_modules/react-dom/cjs/react-dom-client.development.js:25989:20)
      at runWithFiberInDEV (node_modules/.pnpm/react-dom@19.2.3_react@19.2.3/node_modules/react-dom/cjs/react-dom-client.development.js:874:13)
      at commitHookEffectListMount (node_modules/.pnpm/react-dom@19.2.3_react@19.2.3/node_modules/react-dom/cjs/react-dom-client.development.js:13249:29)
      at commitHookPassiveMountEffects (node_modules/.pnpm/react-dom@19.2.3_react@19.2.3/node_modules/react-dom/cjs/react-dom-client.development.js:13336:11)
      at commitPassiveMountOnFiber (node_modules/.pnpm/react-dom@19.2.3_react@19.2.3/node_modules/react-dom/cjs/react-dom-client.development.js:15484:13)
      at recursivelyTraversePassiveMountEffects (node_modules/.pnpm/react-dom@19.2.3_react@19.2.3/node_modules/react-dom/cjs/react-dom-client.development.js:15439:11)
      at commitPassiveMountOnFiber (node_modules/.pnpm/react-dom@19.2.3_react@19.2.3/node_modules/react-dom/cjs/react-dom-client.development.js:15476:11)
      at recursivelyTraversePassiveMountEffects (node_modules/.pnpm/react-dom@19.2.3_react@19.2.3/node_modules/react-dom/cjs/react-dom-client.development.js:15439:11)
      at commitPassiveMountOnFiber (node_modules/.pnpm/react-dom@19.2.3_react@19.2.3/node_modules/react-dom/cjs/react-dom-client.development.js:15476:11)
      at recursivelyTraversePassiveMountEffects (node_modules/.pnpm/react-dom@19.2.3_react@19.2.3/node_modules/react-dom/cjs/react-dom-client.development.js:15439:11)
      at commitPassiveMountOnFiber (node_modules/.pnpm/react-dom@19.2.3_react@19.2.3/node_modules/react-dom/cjs/react-dom-client.development.js:15718:11)
      at recursivelyTraversePassiveMountEffects (node_modules/.pnpm/react-dom@19.2.3_react@19.2.3/node_modules/react-dom/cjs/react-dom-client.development.js:15439:11)
      at commitPassiveMountOnFiber (node_modules/.pnpm/react-dom@19.2.3_react@19.2.3/node_modules/react-dom/cjs/react-dom-client.development.js:15476:11)
      at recursivelyTraversePassiveMountEffects (node_modules/.pnpm/react-dom@19.2.3_react@19.2.3/node_modules/react-dom/cjs/react-dom-client.development.js:15439:11)
      at commitPassiveMountOnFiber (node_modules/.pnpm/react-dom@19.2.3_react@19.2.3/node_modules/react-dom/cjs/react-dom-client.development.js:15476:11)
      at recursivelyTraversePassiveMountEffects (node_modules/.pnpm/react-dom@19.2.3_react@19.2.3/node_modules/react-dom/cjs/react-dom-client.development.js:15439:11)
      at commitPassiveMountOnFiber (node_modules/.pnpm/react-dom@19.2.3_react@19.2.3/node_modules/react-dom/cjs/react-dom-client.development.js:15718:11)
      at recursivelyTraversePassiveMountEffects (node_modules/.pnpm/react-dom@19.2.3_react@19.2.3/node_modules/react-dom/cjs/react-dom-client.development.js:15439:11)
      at commitPassiveMountOnFiber (node_modules/.pnpm/react-dom@19.2.3_react@19.2.3/node_modules/react-dom/cjs/react-dom-client.development.js:15476:11)
      at recursivelyTraversePassiveMountEffects (node_modules/.pnpm/react-dom@19.2.3_react@19.2.3/node_modules/react-dom/cjs/react-dom-client.development.js:15439:11)
      at commitPassiveMountOnFiber (node_modules/.pnpm/react-dom@19.2.3_react@19.2.3/node_modules/react-dom/cjs/react-dom-client.development.js:15476:11)
      at recursivelyTraversePassiveMountEffects (node_modules/.pnpm/react-dom@19.2.3_react@19.2.3/node_modules/react-dom/cjs/react-dom-client.development.js:15439:11)
      at commitPassiveMountOnFiber (node_modules/.pnpm/react-dom@19.2.3_react@19.2.3/node_modules/react-dom/cjs/react-dom-client.development.js:15476:11)
      at recursivelyTraversePassiveMountEffects (node_modules/.pnpm/react-dom@19.2.3_react@19.2.3/node_modules/react-dom/cjs/react-dom-client.development.js:15439:11)
      at commitPassiveMountOnFiber (node_modules/.pnpm/react-dom@19.2.3_react@19.2.3/node_modules/react-dom/cjs/react-dom-client.development.js:15476:11)
      at recursivelyTraversePassiveMountEffects (node_modules/.pnpm/react-dom@19.2.3_react@19.2.3/node_modules/react-dom/cjs/react-dom-client.development.js:15439:11)
      at commitPassiveMountOnFiber (node_modules/.pnpm/react-dom@19.2.3_react@19.2.3/node_modules/react-dom/cjs/react-dom-client.development.js:15476:11)
      at recursivelyTraversePassiveMountEffects (node_modules/.pnpm/react-dom@19.2.3_react@19.2.3/node_modules/react-dom/cjs/react-dom-client.development.js:15439:11)
      at commitPassiveMountOnFiber (node_modules/.pnpm/react-dom@19.2.3_react@19.2.3/node_modules/react-dom/cjs/react-dom-client.development.js:15718:11)
      at recursivelyTraversePassiveMountEffects (node_modules/.pnpm/react-dom@19.2.3_react@19.2.3/node_modules/react-dom/cjs/react-dom-client.development.js:15439:11)
      at commitPassiveMountOnFiber (node_modules/.pnpm/react-dom@19.2.3_react@19.2.3/node_modules/react-dom/cjs/react-dom-client.development.js:15476:11)
      at recursivelyTraversePassiveMountEffects (node_modules/.pnpm/react-dom@19.2.3_react@19.2.3/node_modules/react-dom/cjs/react-dom-client.development.js:15439:11)
      at commitPassiveMountOnFiber (node_modules/.pnpm/react-dom@19.2.3_react@19.2.3/node_modules/react-dom/cjs/react-dom-client.development.js:15476:11)
      at recursivelyTraversePassiveMountEffects (node_modules/.pnpm/react-dom@19.2.3_react@19.2.3/node_modules/react-dom/cjs/react-dom-client.development.js:15439:11)
      at commitPassiveMountOnFiber (node_modules/.pnpm/react-dom@19.2.3_react@19.2.3/node_modules/react-dom/cjs/react-dom-client.development.js:15718:11)
      at recursivelyTraversePassiveMountEffects (node_modules/.pnpm/react-dom@19.2.3_react@19.2.3/node_modules/react-dom/cjs/react-dom-client.development.js:15439:11)
      at commitPassiveMountOnFiber (node_modules/.pnpm/react-dom@19.2.3_react@19.2.3/node_modules/react-dom/cjs/react-dom-client.development.js:15476:11)
      at recursivelyTraversePassiveMountEffects (node_modules/.pnpm/react-dom@19.2.3_react@19.2.3/node_modules/react-dom/cjs/react-dom-client.development.js:15439:11)
      at commitPassiveMountOnFiber (node_modules/.pnpm/react-dom@19.2.3_react@19.2.3/node_modules/react-dom/cjs/react-dom-client.development.js:15476:11)
      at recursivelyTraversePassiveMountEffects (node_modules/.pnpm/react-dom@19.2.3_react@19.2.3/node_modules/react-dom/cjs/react-dom-client.development.js:15439:11)
      at commitPassiveMountOnFiber (node_modules/.pnpm/react-dom@19.2.3_react@19.2.3/node_modules/react-dom/cjs/react-dom-client.development.js:15718:11)
      at recursivelyTraversePassiveMountEffects (node_modules/.pnpm/react-dom@19.2.3_react@19.2.3/node_modules/react-dom/cjs/react-dom-client.development.js:15439:11)
      at commitPassiveMountOnFiber (node_modules/.pnpm/react-dom@19.2.3_react@19.2.3/node_modules/react-dom/cjs/react-dom-client.development.js:15476:11)
      at recursivelyTraversePassiveMountEffects (node_modules/.pnpm/react-dom@19.2.3_react@19.2.3/node_modules/react-dom/cjs/react-dom-client.development.js:15439:11)
      at commitPassiveMountOnFiber (node_modules/.pnpm/react-dom@19.2.3_react@19.2.3/node_modules/react-dom/cjs/react-dom-client.development.js:15476:11)
      at recursivelyTraversePassiveMountEffects (node_modules/.pnpm/react-dom@19.2.3_react@19.2.3/node_modules/react-dom/cjs/react-dom-client.development.js:15439:11)
      at commitPassiveMountOnFiber (node_modules/.pnpm/react-dom@19.2.3_react@19.2.3/node_modules/react-dom/cjs/react-dom-client.development.js:15476:11)
      at recursivelyTraversePassiveMountEffects (node_modules/.pnpm/react-dom@19.2.3_react@19.2.3/node_modules/react-dom/cjs/react-dom-client.development.js:15439:11)
      at commitPassiveMountOnFiber (node_modules/.pnpm/react-dom@19.2.3_react@19.2.3/node_modules/react-dom/cjs/react-dom-client.development.js:15718:11)
      at recursivelyTraversePassiveMountEffects (node_modules/.pnpm/react-dom@19.2.3_react@19.2.3/node_modules/react-dom/cjs/react-dom-client.development.js:15439:11)
      at commitPassiveMountOnFiber (node_modules/.pnpm/react-dom@19.2.3_react@19.2.3/node_modules/react-dom/cjs/react-dom-client.development.js:15476:11)
      at recursivelyTraversePassiveMountEffects (node_modules/.pnpm/react-dom@19.2.3_react@19.2.3/node_modules/react-dom/cjs/react-dom-client.development.js:15439:11)
      at commitPassiveMountOnFiber (node_modules/.pnpm/react-dom@19.2.3_react@19.2.3/node_modules/react-dom/cjs/react-dom-client.development.js:15718:11)
      at recursivelyTraversePassiveMountEffects (node_modules/.pnpm/react-dom@19.2.3_react@19.2.3/node_modules/react-dom/cjs/react-dom-client.development.js:15439:11)
      at commitPassiveMountOnFiber (node_modules/.pnpm/react-dom@19.2.3_react@19.2.3/node_modules/react-dom/cjs/react-dom-client.development.js:15476:11)
      at recursivelyTraversePassiveMountEffects (node_modules/.pnpm/react-dom@19.2.3_react@19.2.3/node_modules/react-dom/cjs/react-dom-client.development.js:15439:11)
      at commitPassiveMountOnFiber (node_modules/.pnpm/react-dom@19.2.3_react@19.2.3/node_modules/react-dom/cjs/react-dom-client.development.js:15718:11)
      at recursivelyTraversePassiveMountEffects (node_modules/.pnpm/react-dom@19.2.3_react@19.2.3/node_modules/react-dom/cjs/react-dom-client.development.js:15439:11)
      at commitPassiveMountOnFiber (node_modules/.pnpm/react-dom@19.2.3_react@19.2.3/node_modules/react-dom/cjs/react-dom-client.development.js:15718:11)
      at recursivelyTraversePassiveMountEffects (node_modules/.pnpm/react-dom@19.2.3_react@19.2.3/node_modules/react-dom/cjs/react-dom-client.development.js:15439:11)
      at commitPassiveMountOnFiber (node_modules/.pnpm/react-dom@19.2.3_react@19.2.3/node_modules/react-dom/cjs/react-dom-client.development.js:15476:11)
      at recursivelyTraversePassiveMountEffects (node_modules/.pnpm/react-dom@19.2.3_react@19.2.3/node_modules/react-dom/cjs/react-dom-client.development.js:15439:11)
      at commitPassiveMountOnFiber (node_modules/.pnpm/react-dom@19.2.3_react@19.2.3/node_modules/react-dom/cjs/react-dom-client.development.js:15476:11)
      at recursivelyTraversePassiveMountEffects (node_modules/.pnpm/react-dom@19.2.3_react@19.2.3/node_modules/react-dom/cjs/react-dom-client.development.js:15439:11)
      at commitPassiveMountOnFiber (node_modules/.pnpm/react-dom@19.2.3_react@19.2.3/node_modules/react-dom/cjs/react-dom-client.development.js:15476:11)
      at recursivelyTraversePassiveMountEffects (node_modules/.pnpm/react-dom@19.2.3_react@19.2.3/node_modules/react-dom/cjs/react-dom-client.development.js:15439:11)
      at commitPassiveMountOnFiber (node_modules/.pnpm/react-dom@19.2.3_react@19.2.3/node_modules/react-dom/cjs/react-dom-client.development.js:15476:11)
      at recursivelyTraversePassiveMountEffects (node_modules/.pnpm/react-dom@19.2.3_react@19.2.3/node_modules/react-dom/cjs/react-dom-client.development.js:15439:11)
      at commitPassiveMountOnFiber (node_modules/.pnpm/react-dom@19.2.3_react@19.2.3/node_modules/react-dom/cjs/react-dom-client.development.js:15718:11)
      at recursivelyTraversePassiveMountEffects (node_modules/.pnpm/react-dom@19.2.3_react@19.2.3/node_modules/react-dom/cjs/react-dom-client.development.js:15439:11)
      at commitPassiveMountOnFiber (node_modules/.pnpm/react-dom@19.2.3_react@19.2.3/node_modules/react-dom/cjs/react-dom-client.development.js:15476:11)
      at recursivelyTraversePassiveMountEffects (node_modules/.pnpm/react-dom@19.2.3_react@19.2.3/node_modules/react-dom/cjs/react-dom-client.development.js:15439:11)
      at commitPassiveMountOnFiber (node_modules/.pnpm/react-dom@19.2.3_react@19.2.3/node_modules/react-dom/cjs/react-dom-client.development.js:15519:11)
      at flushPassiveEffects (node_modules/.pnpm/react-dom@19.2.3_react@19.2.3/node_modules/react-dom/cjs/react-dom-client.development.js:18432:9)
      at flushPendingEffects (node_modules/.pnpm/react-dom@19.2.3_react@19.2.3/node_modules/react-dom/cjs/react-dom-client.development.js:18358:14)
      at performSyncWorkOnRoot (node_modules/.pnpm/react-dom@19.2.3_react@19.2.3/node_modules/react-dom/cjs/react-dom-client.development.js:18969:11)
      at flushSyncWorkAcrossRoots_impl (node_modules/.pnpm/react-dom@19.2.3_react@19.2.3/node_modules/react-dom/cjs/react-dom-client.development.js:18814:21)
      at flushSpawnedWork (node_modules/.pnpm/react-dom@19.2.3_react@19.2.3/node_modules/react-dom/cjs/react-dom-client.development.js:18334:9)
      at commitRoot (node_modules/.pnpm/react-dom@19.2.3_react@19.2.3/node_modules/react-dom/cjs/react-dom-client.development.js:17955:9)
      at performWorkOnRoot (node_modules/.pnpm/react-dom@19.2.3_react@19.2.3/node_modules/react-dom/cjs/react-dom-client.development.js:16667:15)
      at performWorkOnRootViaSchedulerTask (node_modules/.pnpm/react-dom@19.2.3_react@19.2.3/node_modules/react-dom/cjs/react-dom-client.development.js:18957:7)
      at flushActQueue (node_modules/.pnpm/react@19.2.3/node_modules/react/cjs/react.development.js:590:34)
      at node_modules/.pnpm/react@19.2.3/node_modules/react/cjs/react.development.js:847:21

  ● ModernDashboard › handles null metrics gracefully

    ReferenceError: structuredClone is not defined

      at new TapAndDragGesture (node_modules/.pnpm/@mui+x-internal-gestures@0.4.0/node_modules/@mui/x-internal-gestures/core/gestures/TapAndDragGesture.js:92:23)
      at node_modules/.pnpm/@mui+x-charts@8.23.0_@emotion+react@11.14.0_@types+react@19.2.7_react@19.2.3__@emotion+_f046b17db1eec8074c520ede55d3423e/node_modules/@mui/x-charts/internals/plugins/corePlugins/useChartInteractionListener/useChartInteractionListener.js:56:13
      at Object.react_stack_bottom_frame (node_modules/.pnpm/react-dom@19.2.3_react@19.2.3/node_modules/react-dom/cjs/react-dom-client.development.js:25989:20)
      at runWithFiberInDEV (node_modules/.pnpm/react-dom@19.2.3_react@19.2.3/node_modules/react-dom/cjs/react-dom-client.development.js:874:13)
      at commitHookEffectListMount (node_modules/.pnpm/react-dom@19.2.3_react@19.2.3/node_modules/react-dom/cjs/react-dom-client.development.js:13249:29)
      at commitHookPassiveMountEffects (node_modules/.pnpm/react-dom@19.2.3_react@19.2.3/node_modules/react-dom/cjs/react-dom-client.development.js:13336:11)
      at commitPassiveMountOnFiber (node_modules/.pnpm/react-dom@19.2.3_react@19.2.3/node_modules/react-dom/cjs/react-dom-client.development.js:15484:13)
      at recursivelyTraversePassiveMountEffects (node_modules/.pnpm/react-dom@19.2.3_react@19.2.3/node_modules/react-dom/cjs/react-dom-client.development.js:15439:11)
      at commitPassiveMountOnFiber (node_modules/.pnpm/react-dom@19.2.3_react@19.2.3/node_modules/react-dom/cjs/react-dom-client.development.js:15476:11)
      at recursivelyTraversePassiveMountEffects (node_modules/.pnpm/react-dom@19.2.3_react@19.2.3/node_modules/react-dom/cjs/react-dom-client.development.js:15439:11)
      at commitPassiveMountOnFiber (node_modules/.pnpm/react-dom@19.2.3_react@19.2.3/node_modules/react-dom/cjs/react-dom-client.development.js:15476:11)
      at recursivelyTraversePassiveMountEffects (node_modules/.pnpm/react-dom@19.2.3_react@19.2.3/node_modules/react-dom/cjs/react-dom-client.development.js:15439:11)
      at commitPassiveMountOnFiber (node_modules/.pnpm/react-dom@19.2.3_react@19.2.3/node_modules/react-dom/cjs/react-dom-client.development.js:15718:11)
      at recursivelyTraversePassiveMountEffects (node_modules/.pnpm/react-dom@19.2.3_react@19.2.3/node_modules/react-dom/cjs/react-dom-client.development.js:15439:11)
      at commitPassiveMountOnFiber (node_modules/.pnpm/react-dom@19.2.3_react@19.2.3/node_modules/react-dom/cjs/react-dom-client.development.js:15476:11)
      at recursivelyTraversePassiveMountEffects (node_modules/.pnpm/react-dom@19.2.3_react@19.2.3/node_modules/react-dom/cjs/react-dom-client.development.js:15439:11)
      at commitPassiveMountOnFiber (node_modules/.pnpm/react-dom@19.2.3_react@19.2.3/node_modules/react-dom/cjs/react-dom-client.development.js:15476:11)
      at recursivelyTraversePassiveMountEffects (node_modules/.pnpm/react-dom@19.2.3_react@19.2.3/node_modules/react-dom/cjs/react-dom-client.development.js:15439:11)
      at commitPassiveMountOnFiber (node_modules/.pnpm/react-dom@19.2.3_react@19.2.3/node_modules/react-dom/cjs/react-dom-client.development.js:15718:11)
      at recursivelyTraversePassiveMountEffects (node_modules/.pnpm/react-dom@19.2.3_react@19.2.3/node_modules/react-dom/cjs/react-dom-client.development.js:15439:11)
      at commitPassiveMountOnFiber (node_modules/.pnpm/react-dom@19.2.3_react@19.2.3/node_modules/react-dom/cjs/react-dom-client.development.js:15476:11)
      at recursivelyTraversePassiveMountEffects (node_modules/.pnpm/react-dom@19.2.3_react@19.2.3/node_modules/react-dom/cjs/react-dom-client.development.js:15439:11)
      at commitPassiveMountOnFiber (node_modules/.pnpm/react-dom@19.2.3_react@19.2.3/node_modules/react-dom/cjs/react-dom-client.development.js:15476:11)
      at recursivelyTraversePassiveMountEffects (node_modules/.pnpm/react-dom@19.2.3_react@19.2.3/node_modules/react-dom/cjs/react-dom-client.development.js:15439:11)
      at commitPassiveMountOnFiber (node_modules/.pnpm/react-dom@19.2.3_react@19.2.3/node_modules/react-dom/cjs/react-dom-client.development.js:15476:11)
      at recursivelyTraversePassiveMountEffects (node_modules/.pnpm/react-dom@19.2.3_react@19.2.3/node_modules/react-dom/cjs/react-dom-client.development.js:15439:11)
      at commitPassiveMountOnFiber (node_modules/.pnpm/react-dom@19.2.3_react@19.2.3/node_modules/react-dom/cjs/react-dom-client.development.js:15476:11)
      at recursivelyTraversePassiveMountEffects (node_modules/.pnpm/react-dom@19.2.3_react@19.2.3/node_modules/react-dom/cjs/react-dom-client.development.js:15439:11)
      at commitPassiveMountOnFiber (node_modules/.pnpm/react-dom@19.2.3_react@19.2.3/node_modules/react-dom/cjs/react-dom-client.development.js:15476:11)
      at recursivelyTraversePassiveMountEffects (node_modules/.pnpm/react-dom@19.2.3_react@19.2.3/node_modules/react-dom/cjs/react-dom-client.development.js:15439:11)
      at commitPassiveMountOnFiber (node_modules/.pnpm/react-dom@19.2.3_react@19.2.3/node_modules/react-dom/cjs/react-dom-client.development.js:15718:11)
      at recursivelyTraversePassiveMountEffects (node_modules/.pnpm/react-dom@19.2.3_react@19.2.3/node_modules/react-dom/cjs/react-dom-client.development.js:15439:11)
      at commitPassiveMountOnFiber (node_modules/.pnpm/react-dom@19.2.3_react@19.2.3/node_modules/react-dom/cjs/react-dom-client.development.js:15476:11)
      at recursivelyTraversePassiveMountEffects (node_modules/.pnpm/react-dom@19.2.3_react@19.2.3/node_modules/react-dom/cjs/react-dom-client.development.js:15439:11)
      at commitPassiveMountOnFiber (node_modules/.pnpm/react-dom@19.2.3_react@19.2.3/node_modules/react-dom/cjs/react-dom-client.development.js:15476:11)
      at recursivelyTraversePassiveMountEffects (node_modules/.pnpm/react-dom@19.2.3_react@19.2.3/node_modules/react-dom/cjs/react-dom-client.development.js:15439:11)
      at commitPassiveMountOnFiber (node_modules/.pnpm/react-dom@19.2.3_react@19.2.3/node_modules/react-dom/cjs/react-dom-client.development.js:15718:11)
      at recursivelyTraversePassiveMountEffects (node_modules/.pnpm/react-dom@19.2.3_react@19.2.3/node_modules/react-dom/cjs/react-dom-client.development.js:15439:11)
      at commitPassiveMountOnFiber (node_modules/.pnpm/react-dom@19.2.3_react@19.2.3/node_modules/react-dom/cjs/react-dom-client.development.js:15476:11)
      at recursivelyTraversePassiveMountEffects (node_modules/.pnpm/react-dom@19.2.3_react@19.2.3/node_modules/react-dom/cjs/react-dom-client.development.js:15439:11)
      at commitPassiveMountOnFiber (node_modules/.pnpm/react-dom@19.2.3_react@19.2.3/node_modules/react-dom/cjs/react-dom-client.development.js:15476:11)
      at recursivelyTraversePassiveMountEffects (node_modules/.pnpm/react-dom@19.2.3_react@19.2.3/node_modules/react-dom/cjs/react-dom-client.development.js:15439:11)
      at commitPassiveMountOnFiber (node_modules/.pnpm/react-dom@19.2.3_react@19.2.3/node_modules/react-dom/cjs/react-dom-client.development.js:15718:11)
      at recursivelyTraversePassiveMountEffects (node_modules/.pnpm/react-dom@19.2.3_react@19.2.3/node_modules/react-dom/cjs/react-dom-client.development.js:15439:11)
      at commitPassiveMountOnFiber (node_modules/.pnpm/react-dom@19.2.3_react@19.2.3/node_modules/react-dom/cjs/react-dom-client.development.js:15476:11)
      at recursivelyTraversePassiveMountEffects (node_modules/.pnpm/react-dom@19.2.3_react@19.2.3/node_modules/react-dom/cjs/react-dom-client.development.js:15439:11)
      at commitPassiveMountOnFiber (node_modules/.pnpm/react-dom@19.2.3_react@19.2.3/node_modules/react-dom/cjs/react-dom-client.development.js:15476:11)
      at recursivelyTraversePassiveMountEffects (node_modules/.pnpm/react-dom@19.2.3_react@19.2.3/node_modules/react-dom/cjs/react-dom-client.development.js:15439:11)
      at commitPassiveMountOnFiber (node_modules/.pnpm/react-dom@19.2.3_react@19.2.3/node_modules/react-dom/cjs/react-dom-client.development.js:15476:11)
      at recursivelyTraversePassiveMountEffects (node_modules/.pnpm/react-dom@19.2.3_react@19.2.3/node_modules/react-dom/cjs/react-dom-client.development.js:15439:11)
      at commitPassiveMountOnFiber (node_modules/.pnpm/react-dom@19.2.3_react@19.2.3/node_modules/react-dom/cjs/react-dom-client.development.js:15718:11)
      at recursivelyTraversePassiveMountEffects (node_modules/.pnpm/react-dom@19.2.3_react@19.2.3/node_modules/react-dom/cjs/react-dom-client.development.js:15439:11)
      at commitPassiveMountOnFiber (node_modules/.pnpm/react-dom@19.2.3_react@19.2.3/node_modules/react-dom/cjs/react-dom-client.development.js:15476:11)
      at recursivelyTraversePassiveMountEffects (node_modules/.pnpm/react-dom@19.2.3_react@19.2.3/node_modules/react-dom/cjs/react-dom-client.development.js:15439:11)
      at commitPassiveMountOnFiber (node_modules/.pnpm/react-dom@19.2.3_react@19.2.3/node_modules/react-dom/cjs/react-dom-client.development.js:15718:11)
      at recursivelyTraversePassiveMountEffects (node_modules/.pnpm/react-dom@19.2.3_react@19.2.3/node_modules/react-dom/cjs/react-dom-client.development.js:15439:11)
      at commitPassiveMountOnFiber (node_modules/.pnpm/react-dom@19.2.3_react@19.2.3/node_modules/react-dom/cjs/react-dom-client.development.js:15476:11)
      at recursivelyTraversePassiveMountEffects (node_modules/.pnpm/react-dom@19.2.3_react@19.2.3/node_modules/react-dom/cjs/react-dom-client.development.js:15439:11)
      at commitPassiveMountOnFiber (node_modules/.pnpm/react-dom@19.2.3_react@19.2.3/node_modules/react-dom/cjs/react-dom-client.development.js:15718:11)
      at recursivelyTraversePassiveMountEffects (node_modules/.pnpm/react-dom@19.2.3_react@19.2.3/node_modules/react-dom/cjs/react-dom-client.development.js:15439:11)
      at commitPassiveMountOnFiber (node_modules/.pnpm/react-dom@19.2.3_react@19.2.3/node_modules/react-dom/cjs/react-dom-client.development.js:15718:11)
      at recursivelyTraversePassiveMountEffects (node_modules/.pnpm/react-dom@19.2.3_react@19.2.3/node_modules/react-dom/cjs/react-dom-client.development.js:15439:11)
      at commitPassiveMountOnFiber (node_modules/.pnpm/react-dom@19.2.3_react@19.2.3/node_modules/react-dom/cjs/react-dom-client.development.js:15476:11)
      at recursivelyTraversePassiveMountEffects (node_modules/.pnpm/react-dom@19.2.3_react@19.2.3/node_modules/react-dom/cjs/react-dom-client.development.js:15439:11)
      at commitPassiveMountOnFiber (node_modules/.pnpm/react-dom@19.2.3_react@19.2.3/node_modules/react-dom/cjs/react-dom-client.development.js:15476:11)
      at recursivelyTraversePassiveMountEffects (node_modules/.pnpm/react-dom@19.2.3_react@19.2.3/node_modules/react-dom/cjs/react-dom-client.development.js:15439:11)
      at commitPassiveMountOnFiber (node_modules/.pnpm/react-dom@19.2.3_react@19.2.3/node_modules/react-dom/cjs/react-dom-client.development.js:15476:11)
      at recursivelyTraversePassiveMountEffects (node_modules/.pnpm/react-dom@19.2.3_react@19.2.3/node_modules/react-dom/cjs/react-dom-client.development.js:15439:11)
      at commitPassiveMountOnFiber (node_modules/.pnpm/react-dom@19.2.3_react@19.2.3/node_modules/react-dom/cjs/react-dom-client.development.js:15476:11)
      at recursivelyTraversePassiveMountEffects (node_modules/.pnpm/react-dom@19.2.3_react@19.2.3/node_modules/react-dom/cjs/react-dom-client.development.js:15439:11)
      at commitPassiveMountOnFiber (node_modules/.pnpm/react-dom@19.2.3_react@19.2.3/node_modules/react-dom/cjs/react-dom-client.development.js:15718:11)
      at recursivelyTraversePassiveMountEffects (node_modules/.pnpm/react-dom@19.2.3_react@19.2.3/node_modules/react-dom/cjs/react-dom-client.development.js:15439:11)
      at commitPassiveMountOnFiber (node_modules/.pnpm/react-dom@19.2.3_react@19.2.3/node_modules/react-dom/cjs/react-dom-client.development.js:15476:11)
      at recursivelyTraversePassiveMountEffects (node_modules/.pnpm/react-dom@19.2.3_react@19.2.3/node_modules/react-dom/cjs/react-dom-client.development.js:15439:11)
      at commitPassiveMountOnFiber (node_modules/.pnpm/react-dom@19.2.3_react@19.2.3/node_modules/react-dom/cjs/react-dom-client.development.js:15519:11)
      at flushPassiveEffects (node_modules/.pnpm/react-dom@19.2.3_react@19.2.3/node_modules/react-dom/cjs/react-dom-client.development.js:18432:9)
      at flushPendingEffects (node_modules/.pnpm/react-dom@19.2.3_react@19.2.3/node_modules/react-dom/cjs/react-dom-client.development.js:18358:14)
      at performSyncWorkOnRoot (node_modules/.pnpm/react-dom@19.2.3_react@19.2.3/node_modules/react-dom/cjs/react-dom-client.development.js:18969:11)
      at flushSyncWorkAcrossRoots_impl (node_modules/.pnpm/react-dom@19.2.3_react@19.2.3/node_modules/react-dom/cjs/react-dom-client.development.js:18814:21)
      at flushSpawnedWork (node_modules/.pnpm/react-dom@19.2.3_react@19.2.3/node_modules/react-dom/cjs/react-dom-client.development.js:18334:9)
      at commitRoot (node_modules/.pnpm/react-dom@19.2.3_react@19.2.3/node_modules/react-dom/cjs/react-dom-client.development.js:17955:9)
      at performWorkOnRoot (node_modules/.pnpm/react-dom@19.2.3_react@19.2.3/node_modules/react-dom/cjs/react-dom-client.development.js:16667:15)
      at performWorkOnRootViaSchedulerTask (node_modules/.pnpm/react-dom@19.2.3_react@19.2.3/node_modules/react-dom/cjs/react-dom-client.development.js:18957:7)
      at flushActQueue (node_modules/.pnpm/react@19.2.3/node_modules/react/cjs/react.development.js:590:34)
      at node_modules/.pnpm/react@19.2.3/node_modules/react/cjs/react.development.js:847:21

  ● ModernDashboard › handles very large uptime values

    AggregateError:

      103 |
      104 | function renderWithProviders(component: React.ReactElement) {
    > 105 |   return render(
          |                ^
      106 |     <QueryClientProvider client={queryClient}>
      107 |       <MuiThemeProvider theme={theme}>{component}</MuiThemeProvider>
      108 |     </QueryClientProvider>

      at aggregateErrors (node_modules/.pnpm/react@19.2.3/node_modules/react/cjs/react.development.js:551:11)
      at process.env.NODE_ENV.exports.act (node_modules/.pnpm/react@19.2.3/node_modules/react/cjs/react.development.js:897:24)
      at node_modules/.pnpm/@testing-library+react@16.3.1_@testing-library+dom@10.4.1_@types+react-dom@19.2.3_@type_68c5b21a70acecf0fbbfd97f51128017/node_modules/@testing-library/react/dist/act-compat.js:46:25
      at renderRoot (node_modules/.pnpm/@testing-library+react@16.3.1_@testing-library+dom@10.4.1_@types+react-dom@19.2.3_@type_68c5b21a70acecf0fbbfd97f51128017/node_modules/@testing-library/react/dist/pure.js:189:26)
      at render (node_modules/.pnpm/@testing-library+react@16.3.1_@testing-library+dom@10.4.1_@types+react-dom@19.2.3_@type_68c5b21a70acecf0fbbfd97f51128017/node_modules/@testing-library/react/dist/pure.js:291:10)
      at renderWithProviders (__tests__/components/dashboard/ModernDashboard.test.tsx:105:16)
      at Object.<anonymous> (__tests__/components/dashboard/ModernDashboard.test.tsx:316:5)

  ● ModernDashboard › handles zero uptime

    AggregateError:

      103 |
      104 | function renderWithProviders(component: React.ReactElement) {
    > 105 |   return render(
          |                ^
      106 |     <QueryClientProvider client={queryClient}>
      107 |       <MuiThemeProvider theme={theme}>{component}</MuiThemeProvider>
      108 |     </QueryClientProvider>

      at aggregateErrors (node_modules/.pnpm/react@19.2.3/node_modules/react/cjs/react.development.js:551:11)
      at process.env.NODE_ENV.exports.act (node_modules/.pnpm/react@19.2.3/node_modules/react/cjs/react.development.js:897:24)
      at node_modules/.pnpm/@testing-library+react@16.3.1_@testing-library+dom@10.4.1_@types+react-dom@19.2.3_@type_68c5b21a70acecf0fbbfd97f51128017/node_modules/@testing-library/react/dist/act-compat.js:46:25
      at renderRoot (node_modules/.pnpm/@testing-library+react@16.3.1_@testing-library+dom@10.4.1_@types+react-dom@19.2.3_@type_68c5b21a70acecf0fbbfd97f51128017/node_modules/@testing-library/react/dist/pure.js:189:26)
      at render (node_modules/.pnpm/@testing-library+react@16.3.1_@testing-library+dom@10.4.1_@types+react-dom@19.2.3_@type_68c5b21a70acecf0fbbfd97f51128017/node_modules/@testing-library/react/dist/pure.js:291:10)
      at renderWithProviders (__tests__/components/dashboard/ModernDashboard.test.tsx:105:16)
      at Object.<anonymous> (__tests__/components/dashboard/ModernDashboard.test.tsx:340:5)

  ● ModernDashboard › handles very large request count

    AggregateError:

      103 |
      104 | function renderWithProviders(component: React.ReactElement) {
    > 105 |   return render(
          |                ^
      106 |     <QueryClientProvider client={queryClient}>
      107 |       <MuiThemeProvider theme={theme}>{component}</MuiThemeProvider>
      108 |     </QueryClientProvider>

      at aggregateErrors (node_modules/.pnpm/react@19.2.3/node_modules/react/cjs/react.development.js:551:11)
      at process.env.NODE_ENV.exports.act (node_modules/.pnpm/react@19.2.3/node_modules/react/cjs/react.development.js:897:24)
      at node_modules/.pnpm/@testing-library+react@16.3.1_@testing-library+dom@10.4.1_@types+react-dom@19.2.3_@type_68c5b21a70acecf0fbbfd97f51128017/node_modules/@testing-library/react/dist/act-compat.js:46:25
      at renderRoot (node_modules/.pnpm/@testing-library+react@16.3.1_@testing-library+dom@10.4.1_@types+react-dom@19.2.3_@type_68c5b21a70acecf0fbbfd97f51128017/node_modules/@testing-library/react/dist/pure.js:189:26)
      at render (node_modules/.pnpm/@testing-library+react@16.3.1_@testing-library+dom@10.4.1_@types+react-dom@19.2.3_@type_68c5b21a70acecf0fbbfd97f51128017/node_modules/@testing-library/react/dist/pure.js:291:10)
      at renderWithProviders (__tests__/components/dashboard/ModernDashboard.test.tsx:105:16)
      at Object.<anonymous> (__tests__/components/dashboard/ModernDashboard.test.tsx:364:5)

  ● ModernDashboard › handles extreme metric values

    AggregateError:

      103 |
      104 | function renderWithProviders(component: React.ReactElement) {
    > 105 |   return render(
          |                ^
      106 |     <QueryClientProvider client={queryClient}>
      107 |       <MuiThemeProvider theme={theme}>{component}</MuiThemeProvider>
      108 |     </QueryClientProvider>

      at aggregateErrors (node_modules/.pnpm/react@19.2.3/node_modules/react/cjs/react.development.js:551:11)
      at process.env.NODE_ENV.exports.act (node_modules/.pnpm/react@19.2.3/node_modules/react/cjs/react.development.js:897:24)
      at node_modules/.pnpm/@testing-library+react@16.3.1_@testing-library+dom@10.4.1_@types+react-dom@19.2.3_@type_68c5b21a70acecf0fbbfd97f51128017/node_modules/@testing-library/react/dist/act-compat.js:46:25
      at renderRoot (node_modules/.pnpm/@testing-library+react@16.3.1_@testing-library+dom@10.4.1_@types+react-dom@19.2.3_@type_68c5b21a70acecf0fbbfd97f51128017/node_modules/@testing-library/react/dist/pure.js:189:26)
      at render (node_modules/.pnpm/@testing-library+react@16.3.1_@testing-library+dom@10.4.1_@types+react-dom@19.2.3_@type_68c5b21a70acecf0fbbfd97f51128017/node_modules/@testing-library/react/dist/pure.js:291:10)
      at renderWithProviders (__tests__/components/dashboard/ModernDashboard.test.tsx:105:16)
      at Object.<anonymous> (__tests__/components/dashboard/ModernDashboard.test.tsx:390:5)

  ● ModernDashboard › handles very low metric values

    AggregateError:

      103 |
      104 | function renderWithProviders(component: React.ReactElement) {
    > 105 |   return render(
          |                ^
      106 |     <QueryClientProvider client={queryClient}>
      107 |       <MuiThemeProvider theme={theme}>{component}</MuiThemeProvider>
      108 |     </QueryClientProvider>

      at aggregateErrors (node_modules/.pnpm/react@19.2.3/node_modules/react/cjs/react.development.js:551:11)
      at process.env.NODE_ENV.exports.act (node_modules/.pnpm/react@19.2.3/node_modules/react/cjs/react.development.js:897:24)
      at node_modules/.pnpm/@testing-library+react@16.3.1_@testing-library+dom@10.4.1_@types+react-dom@19.2.3_@type_68c5b21a70acecf0fbbfd97f51128017/node_modules/@testing-library/react/dist/act-compat.js:46:25
      at renderRoot (node_modules/.pnpm/@testing-library+react@16.3.1_@testing-library+dom@10.4.1_@types+react-dom@19.2.3_@type_68c5b21a70acecf0fbbfd97f51128017/node_modules/@testing-library/react/dist/pure.js:189:26)
      at render (node_modules/.pnpm/@testing-library+react@16.3.1_@testing-library+dom@10.4.1_@types+react-dom@19.2.3_@type_68c5b21a70acecf0fbbfd97f51128017/node_modules/@testing-library/react/dist/pure.js:291:10)
      at renderWithProviders (__tests__/components/dashboard/ModernDashboard.test.tsx:105:16)
      at Object.<anonymous> (__tests__/components/dashboard/ModernDashboard.test.tsx:417:5)

  ● ModernDashboard › handles models with special characters in names

    AggregateError:

      103 |
      104 | function renderWithProviders(component: React.ReactElement) {
    > 105 |   return render(
          |                ^
      106 |     <QueryClientProvider client={queryClient}>
      107 |       <MuiThemeProvider theme={theme}>{component}</MuiThemeProvider>
      108 |     </QueryClientProvider>

      at aggregateErrors (node_modules/.pnpm/react@19.2.3/node_modules/react/cjs/react.development.js:551:11)
      at process.env.NODE_ENV.exports.act (node_modules/.pnpm/react@19.2.3/node_modules/react/cjs/react.development.js:897:24)
      at node_modules/.pnpm/@testing-library+react@16.3.1_@testing-library+dom@10.4.1_@types+react-dom@19.2.3_@type_68c5b21a70acecf0fbbfd97f51128017/node_modules/@testing-library/react/dist/act-compat.js:46:25
      at renderRoot (node_modules/.pnpm/@testing-library+react@16.3.1_@testing-library+dom@10.4.1_@types+react-dom@19.2.3_@type_68c5b21a70acecf0fbbfd97f51128017/node_modules/@testing-library/react/dist/pure.js:189:26)
      at render (node_modules/.pnpm/@testing-library+react@16.3.1_@testing-library+dom@10.4.1_@types+react-dom@19.2.3_@type_68c5b21a70acecf0fbbfd97f51128017/node_modules/@testing-library/react/dist/pure.js:291:10)
      at renderWithProviders (__tests__/components/dashboard/ModernDashboard.test.tsx:105:16)
      at Object.<anonymous> (__tests__/components/dashboard/ModernDashboard.test.tsx:441:5)

  ● ModernDashboard › handles no GPU metrics

    ReferenceError: structuredClone is not defined

      103 |
      104 | function renderWithProviders(component: React.ReactElement) {
    > 105 |   return render(
          |                ^
      106 |     <QueryClientProvider client={queryClient}>
      107 |       <MuiThemeProvider theme={theme}>{component}</MuiThemeProvider>
      108 |     </QueryClientProvider>

      at new TapAndDragGesture (node_modules/.pnpm/@mui+x-internal-gestures@0.4.0/node_modules/@mui/x-internal-gestures/core/gestures/TapAndDragGesture.js:92:23)
      at node_modules/.pnpm/@mui+x-charts@8.23.0_@emotion+react@11.14.0_@types+react@19.2.7_react@19.2.3__@emotion+_f046b17db1eec8074c520ede55d3423e/node_modules/@mui/x-charts/internals/plugins/corePlugins/useChartInteractionListener/useChartInteractionListener.js:56:13
      at Object.react_stack_bottom_frame (node_modules/.pnpm/react-dom@19.2.3_react@19.2.3/node_modules/react-dom/cjs/react-dom-client.development.js:25989:20)
      at runWithFiberInDEV (node_modules/.pnpm/react-dom@19.2.3_react@19.2.3/node_modules/react-dom/cjs/react-dom-client.development.js:874:13)
      at commitHookEffectListMount (node_modules/.pnpm/react-dom@19.2.3_react@19.2.3/node_modules/react-dom/cjs/react-dom-client.development.js:13249:29)
      at commitHookPassiveMountEffects (node_modules/.pnpm/react-dom@19.2.3_react@19.2.3/node_modules/react-dom/cjs/react-dom-client.development.js:13336:11)
      at commitPassiveMountOnFiber (node_modules/.pnpm/react-dom@19.2.3_react@19.2.3/node_modules/react-dom/cjs/react-dom-client.development.js:15484:13)
      at recursivelyTraversePassiveMountEffects (node_modules/.pnpm/react-dom@19.2.3_react@19.2.3/node_modules/react-dom/cjs/react-dom-client.development.js:15439:11)
      at commitPassiveMountOnFiber (node_modules/.pnpm/react-dom@19.2.3_react@19.2.3/node_modules/react-dom/cjs/react-dom-client.development.js:15476:11)
      at recursivelyTraversePassiveMountEffects (node_modules/.pnpm/react-dom@19.2.3_react@19.2.3/node_modules/react-dom/cjs/react-dom-client.development.js:15439:11)
      at commitPassiveMountOnFiber (node_modules/.pnpm/react-dom@19.2.3_react@19.2.3/node_modules/react-dom/cjs/react-dom-client.development.js:15476:11)
      at recursivelyTraversePassiveMountEffects (node_modules/.pnpm/react-dom@19.2.3_react@19.2.3/node_modules/react-dom/cjs/react-dom-client.development.js:15439:11)
      at commitPassiveMountOnFiber (node_modules/.pnpm/react-dom@19.2.3_react@19.2.3/node_modules/react-dom/cjs/react-dom-client.development.js:15718:11)
      at recursivelyTraversePassiveMountEffects (node_modules/.pnpm/react-dom@19.2.3_react@19.2.3/node_modules/react-dom/cjs/react-dom-client.development.js:15439:11)
      at commitPassiveMountOnFiber (node_modules/.pnpm/react-dom@19.2.3_react@19.2.3/node_modules/react-dom/cjs/react-dom-client.development.js:15476:11)
      at recursivelyTraversePassiveMountEffects (node_modules/.pnpm/react-dom@19.2.3_react@19.2.3/node_modules/react-dom/cjs/react-dom-client.development.js:15439:11)
      at commitPassiveMountOnFiber (node_modules/.pnpm/react-dom@19.2.3_react@19.2.3/node_modules/react-dom/cjs/react-dom-client.development.js:15476:11)
      at recursivelyTraversePassiveMountEffects (node_modules/.pnpm/react-dom@19.2.3_react@19.2.3/node_modules/react-dom/cjs/react-dom-client.development.js:15439:11)
      at commitPassiveMountOnFiber (node_modules/.pnpm/react-dom@19.2.3_react@19.2.3/node_modules/react-dom/cjs/react-dom-client.development.js:15718:11)
      at recursivelyTraversePassiveMountEffects (node_modules/.pnpm/react-dom@19.2.3_react@19.2.3/node_modules/react-dom/cjs/react-dom-client.development.js:15439:11)
      at commitPassiveMountOnFiber (node_modules/.pnpm/react-dom@19.2.3_react@19.2.3/node_modules/react-dom/cjs/react-dom-client.development.js:15476:11)
      at recursivelyTraversePassiveMountEffects (node_modules/.pnpm/react-dom@19.2.3_react@19.2.3/node_modules/react-dom/cjs/react-dom-client.development.js:15439:11)
      at commitPassiveMountOnFiber (node_modules/.pnpm/react-dom@19.2.3_react@19.2.3/node_modules/react-dom/cjs/react-dom-client.development.js:15476:11)
      at recursivelyTraversePassiveMountEffects (node_modules/.pnpm/react-dom@19.2.3_react@19.2.3/node_modules/react-dom/cjs/react-dom-client.development.js:15439:11)
      at commitPassiveMountOnFiber (node_modules/.pnpm/react-dom@19.2.3_react@19.2.3/node_modules/react-dom/cjs/react-dom-client.development.js:15476:11)
      at recursivelyTraversePassiveMountEffects (node_modules/.pnpm/react-dom@19.2.3_react@19.2.3/node_modules/react-dom/cjs/react-dom-client.development.js:15439:11)
      at commitPassiveMountOnFiber (node_modules/.pnpm/react-dom@19.2.3_react@19.2.3/node_modules/react-dom/cjs/react-dom-client.development.js:15476:11)
      at recursivelyTraversePassiveMountEffects (node_modules/.pnpm/react-dom@19.2.3_react@19.2.3/node_modules/react-dom/cjs/react-dom-client.development.js:15439:11)
      at commitPassiveMountOnFiber (node_modules/.pnpm/react-dom@19.2.3_react@19.2.3/node_modules/react-dom/cjs/react-dom-client.development.js:15476:11)
      at recursivelyTraversePassiveMountEffects (node_modules/.pnpm/react-dom@19.2.3_react@19.2.3/node_modules/react-dom/cjs/react-dom-client.development.js:15439:11)
      at commitPassiveMountOnFiber (node_modules/.pnpm/react-dom@19.2.3_react@19.2.3/node_modules/react-dom/cjs/react-dom-client.development.js:15718:11)
      at recursivelyTraversePassiveMountEffects (node_modules/.pnpm/react-dom@19.2.3_react@19.2.3/node_modules/react-dom/cjs/react-dom-client.development.js:15439:11)
      at commitPassiveMountOnFiber (node_modules/.pnpm/react-dom@19.2.3_react@19.2.3/node_modules/react-dom/cjs/react-dom-client.development.js:15476:11)
      at recursivelyTraversePassiveMountEffects (node_modules/.pnpm/react-dom@19.2.3_react@19.2.3/node_modules/react-dom/cjs/react-dom-client.development.js:15439:11)
      at commitPassiveMountOnFiber (node_modules/.pnpm/react-dom@19.2.3_react@19.2.3/node_modules/react-dom/cjs/react-dom-client.development.js:15476:11)
      at recursivelyTraversePassiveMountEffects (node_modules/.pnpm/react-dom@19.2.3_react@19.2.3/node_modules/react-dom/cjs/react-dom-client.development.js:15439:11)
      at commitPassiveMountOnFiber (node_modules/.pnpm/react-dom@19.2.3_react@19.2.3/node_modules/react-dom/cjs/react-dom-client.development.js:15718:11)
      at recursivelyTraversePassiveMountEffects (node_modules/.pnpm/react-dom@19.2.3_react@19.2.3/node_modules/react-dom/cjs/react-dom-client.development.js:15439:11)
      at commitPassiveMountOnFiber (node_modules/.pnpm/react-dom@19.2.3_react@19.2.3/node_modules/react-dom/cjs/react-dom-client.development.js:15476:11)
      at recursivelyTraversePassiveMountEffects (node_modules/.pnpm/react-dom@19.2.3_react@19.2.3/node_modules/react-dom/cjs/react-dom-client.development.js:15439:11)
      at commitPassiveMountOnFiber (node_modules/.pnpm/react-dom@19.2.3_react@19.2.3/node_modules/react-dom/cjs/react-dom-client.development.js:15476:11)
      at recursivelyTraversePassiveMountEffects (node_modules/.pnpm/react-dom@19.2.3_react@19.2.3/node_modules/react-dom/cjs/react-dom-client.development.js:15439:11)
      at commitPassiveMountOnFiber (node_modules/.pnpm/react-dom@19.2.3_react@19.2.3/node_modules/react-dom/cjs/react-dom-client.development.js:15718:11)
      at recursivelyTraversePassiveMountEffects (node_modules/.pnpm/react-dom@19.2.3_react@19.2.3/node_modules/react-dom/cjs/react-dom-client.development.js:15439:11)
      at commitPassiveMountOnFiber (node_modules/.pnpm/react-dom@19.2.3_react@19.2.3/node_modules/react-dom/cjs/react-dom-client.development.js:15476:11)
      at recursivelyTraversePassiveMountEffects (node_modules/.pnpm/react-dom@19.2.3_react@19.2.3/node_modules/react-dom/cjs/react-dom-client.development.js:15439:11)
      at commitPassiveMountOnFiber (node_modules/.pnpm/react-dom@19.2.3_react@19.2.3/node_modules/react-dom/cjs/react-dom-client.development.js:15476:11)
      at recursivelyTraversePassiveMountEffects (node_modules/.pnpm/react-dom@19.2.3_react@19.2.3/node_modules/react-dom/cjs/react-dom-client.development.js:15439:11)
      at commitPassiveMountOnFiber (node_modules/.pnpm/react-dom@19.2.3_react@19.2.3/node_modules/react-dom/cjs/react-dom-client.development.js:15476:11)
      at recursivelyTraversePassiveMountEffects (node_modules/.pnpm/react-dom@19.2.3_react@19.2.3/node_modules/react-dom/cjs/react-dom-client.development.js:15439:11)
      at commitPassiveMountOnFiber (node_modules/.pnpm/react-dom@19.2.3_react@19.2.3/node_modules/react-dom/cjs/react-dom-client.development.js:15718:11)
      at recursivelyTraversePassiveMountEffects (node_modules/.pnpm/react-dom@19.2.3_react@19.2.3/node_modules/react-dom/cjs/react-dom-client.development.js:15439:11)
      at commitPassiveMountOnFiber (node_modules/.pnpm/react-dom@19.2.3_react@19.2.3/node_modules/react-dom/cjs/react-dom-client.development.js:15476:11)
      at recursivelyTraversePassiveMountEffects (node_modules/.pnpm/react-dom@19.2.3_react@19.2.3/node_modules/react-dom/cjs/react-dom-client.development.js:15439:11)
      at commitPassiveMountOnFiber (node_modules/.pnpm/react-dom@19.2.3_react@19.2.3/node_modules/react-dom/cjs/react-dom-client.development.js:15718:11)
      at recursivelyTraversePassiveMountEffects (node_modules/.pnpm/react-dom@19.2.3_react@19.2.3/node_modules/react-dom/cjs/react-dom-client.development.js:15439:11)
      at commitPassiveMountOnFiber (node_modules/.pnpm/react-dom@19.2.3_react@19.2.3/node_modules/react-dom/cjs/react-dom-client.development.js:15476:11)
      at recursivelyTraversePassiveMountEffects (node_modules/.pnpm/react-dom@19.2.3_react@19.2.3/node_modules/react-dom/cjs/react-dom-client.development.js:15439:11)
      at commitPassiveMountOnFiber (node_modules/.pnpm/react-dom@19.2.3_react@19.2.3/node_modules/react-dom/cjs/react-dom-client.development.js:15718:11)
      at recursivelyTraversePassiveMountEffects (node_modules/.pnpm/react-dom@19.2.3_react@19.2.3/node_modules/react-dom/cjs/react-dom-client.development.js:15439:11)
      at commitPassiveMountOnFiber (node_modules/.pnpm/react-dom@19.2.3_react@19.2.3/node_modules/react-dom/cjs/react-dom-client.development.js:15718:11)
      at recursivelyTraversePassiveMountEffects (node_modules/.pnpm/react-dom@19.2.3_react@19.2.3/node_modules/react-dom/cjs/react-dom-client.development.js:15439:11)
      at commitPassiveMountOnFiber (node_modules/.pnpm/react-dom@19.2.3_react@19.2.3/node_modules/react-dom/cjs/react-dom-client.development.js:15476:11)
      at recursivelyTraversePassiveMountEffects (node_modules/.pnpm/react-dom@19.2.3_react@19.2.3/node_modules/react-dom/cjs/react-dom-client.development.js:15439:11)
      at commitPassiveMountOnFiber (node_modules/.pnpm/react-dom@19.2.3_react@19.2.3/node_modules/react-dom/cjs/react-dom-client.development.js:15476:11)
      at recursivelyTraversePassiveMountEffects (node_modules/.pnpm/react-dom@19.2.3_react@19.2.3/node_modules/react-dom/cjs/react-dom-client.development.js:15439:11)
      at commitPassiveMountOnFiber (node_modules/.pnpm/react-dom@19.2.3_react@19.2.3/node_modules/react-dom/cjs/react-dom-client.development.js:15476:11)
      at recursivelyTraversePassiveMountEffects (node_modules/.pnpm/react-dom@19.2.3_react@19.2.3/node_modules/react-dom/cjs/react-dom-client.development.js:15439:11)
      at commitPassiveMountOnFiber (node_modules/.pnpm/react-dom@19.2.3_react@19.2.3/node_modules/react-dom/cjs/react-dom-client.development.js:15476:11)
      at recursivelyTraversePassiveMountEffects (node_modules/.pnpm/react-dom@19.2.3_react@19.2.3/node_modules/react-dom/cjs/react-dom-client.development.js:15439:11)
      at commitPassiveMountOnFiber (node_modules/.pnpm/react-dom@19.2.3_react@19.2.3/node_modules/react-dom/cjs/react-dom-client.development.js:15718:11)
      at recursivelyTraversePassiveMountEffects (node_modules/.pnpm/react-dom@19.2.3_react@19.2.3/node_modules/react-dom/cjs/react-dom-client.development.js:15439:11)
      at commitPassiveMountOnFiber (node_modules/.pnpm/react-dom@19.2.3_react@19.2.3/node_modules/react-dom/cjs/react-dom-client.development.js:15476:11)
      at recursivelyTraversePassiveMountEffects (node_modules/.pnpm/react-dom@19.2.3_react@19.2.3/node_modules/react-dom/cjs/react-dom-client.development.js:15439:11)
      at commitPassiveMountOnFiber (node_modules/.pnpm/react-dom@19.2.3_react@19.2.3/node_modules/react-dom/cjs/react-dom-client.development.js:15519:11)
      at flushPassiveEffects (node_modules/.pnpm/react-dom@19.2.3_react@19.2.3/node_modules/react-dom/cjs/react-dom-client.development.js:18432:9)
      at flushPendingEffects (node_modules/.pnpm/react-dom@19.2.3_react@19.2.3/node_modules/react-dom/cjs/react-dom-client.development.js:18358:14)
      at performSyncWorkOnRoot (node_modules/.pnpm/react-dom@19.2.3_react@19.2.3/node_modules/react-dom/cjs/react-dom-client.development.js:18969:11)
      at flushSyncWorkAcrossRoots_impl (node_modules/.pnpm/react-dom@19.2.3_react@19.2.3/node_modules/react-dom/cjs/react-dom-client.development.js:18814:21)
      at flushSpawnedWork (node_modules/.pnpm/react-dom@19.2.3_react@19.2.3/node_modules/react-dom/cjs/react-dom-client.development.js:18334:9)
      at commitRoot (node_modules/.pnpm/react-dom@19.2.3_react@19.2.3/node_modules/react-dom/cjs/react-dom-client.development.js:17955:9)
      at performWorkOnRoot (node_modules/.pnpm/react-dom@19.2.3_react@19.2.3/node_modules/react-dom/cjs/react-dom-client.development.js:16667:15)
      at performWorkOnRootViaSchedulerTask (node_modules/.pnpm/react-dom@19.2.3_react@19.2.3/node_modules/react-dom/cjs/react-dom-client.development.js:18957:7)
      at flushActQueue (node_modules/.pnpm/react@19.2.3/node_modules/react/cjs/react.development.js:590:34)
      at process.env.NODE_ENV.exports.act (node_modules/.pnpm/react@19.2.3/node_modules/react/cjs/react.development.js:884:10)
      at node_modules/.pnpm/@testing-library+react@16.3.1_@testing-library+dom@10.4.1_@types+react-dom@19.2.3_@type_68c5b21a70acecf0fbbfd97f51128017/node_modules/@testing-library/react/dist/act-compat.js:46:25
      at renderRoot (node_modules/.pnpm/@testing-library+react@16.3.1_@testing-library+dom@10.4.1_@types+react-dom@19.2.3_@type_68c5b21a70acecf0fbbfd97f51128017/node_modules/@testing-library/react/dist/pure.js:189:26)
      at render (node_modules/.pnpm/@testing-library+react@16.3.1_@testing-library+dom@10.4.1_@types+react-dom@19.2.3_@type_68c5b21a70acecf0fbbfd97f51128017/node_modules/@testing-library/react/dist/pure.js:291:10)
      at renderWithProviders (__tests__/components/dashboard/ModernDashboard.test.tsx:105:16)
      at Object.<anonymous> (__tests__/components/dashboard/ModernDashboard.test.tsx:466:5)

  ● ModernDashboard › handles theme change

    AggregateError:

      103 |
      104 | function renderWithProviders(component: React.ReactElement) {
    > 105 |   return render(
          |                ^
      106 |     <QueryClientProvider client={queryClient}>
      107 |       <MuiThemeProvider theme={theme}>{component}</MuiThemeProvider>
      108 |     </QueryClientProvider>

      at aggregateErrors (node_modules/.pnpm/react@19.2.3/node_modules/react/cjs/react.development.js:551:11)
      at process.env.NODE_ENV.exports.act (node_modules/.pnpm/react@19.2.3/node_modules/react/cjs/react.development.js:897:24)
      at node_modules/.pnpm/@testing-library+react@16.3.1_@testing-library+dom@10.4.1_@types+react-dom@19.2.3_@type_68c5b21a70acecf0fbbfd97f51128017/node_modules/@testing-library/react/dist/act-compat.js:46:25
      at renderRoot (node_modules/.pnpm/@testing-library+react@16.3.1_@testing-library+dom@10.4.1_@types+react-dom@19.2.3_@type_68c5b21a70acecf0fbbfd97f51128017/node_modules/@testing-library/react/dist/pure.js:189:26)
      at render (node_modules/.pnpm/@testing-library+react@16.3.1_@testing-library+dom@10.4.1_@types+react-dom@19.2.3_@type_68c5b21a70acecf0fbbfd97f51128017/node_modules/@testing-library/react/dist/pure.js:291:10)
      at renderWithProviders (__tests__/components/dashboard/ModernDashboard.test.tsx:105:16)
      at Object.<anonymous> (__tests__/components/dashboard/ModernDashboard.test.tsx:477:26)

  ● ModernDashboard › handles WebSocket disconnected state

    TypeError: useWebSocket.mockReturnValue is not a function

      487 |   it('handles WebSocket disconnected state', async () => {
      488 |     const { useWebSocket } = require('@/hooks/use-websocket');
    > 489 |     useWebSocket.mockReturnValue({
          |                  ^
      490 |       isConnected: false,
      491 |       sendMessage: jest.fn(),
      492 |     });

      at Object.<anonymous> (__tests__/components/dashboard/ModernDashboard.test.tsx:489:18)

  ● ModernDashboard › handles very large number of models

    AggregateError:

      103 |
      104 | function renderWithProviders(component: React.ReactElement) {
    > 105 |   return render(
          |                ^
      106 |     <QueryClientProvider client={queryClient}>
      107 |       <MuiThemeProvider theme={theme}>{component}</MuiThemeProvider>
      108 |     </QueryClientProvider>

      at aggregateErrors (node_modules/.pnpm/react@19.2.3/node_modules/react/cjs/react.development.js:551:11)
      at process.env.NODE_ENV.exports.act (node_modules/.pnpm/react@19.2.3/node_modules/react/cjs/react.development.js:897:24)
      at node_modules/.pnpm/@testing-library+react@16.3.1_@testing-library+dom@10.4.1_@types+react-dom@19.2.3_@type_68c5b21a70acecf0fbbfd97f51128017/node_modules/@testing-library/react/dist/act-compat.js:46:25
      at renderRoot (node_modules/.pnpm/@testing-library+react@16.3.1_@testing-library+dom@10.4.1_@types+react-dom@19.2.3_@type_68c5b21a70acecf0fbbfd97f51128017/node_modules/@testing-library/react/dist/pure.js:189:26)
      at render (node_modules/.pnpm/@testing-library+react@16.3.1_@testing-library+dom@10.4.1_@types+react-dom@19.2.3_@type_68c5b21a70acecf0fbbfd97f51128017/node_modules/@testing-library/react/dist/pure.js:291:10)
      at renderWithProviders (__tests__/components/dashboard/ModernDashboard.test.tsx:105:16)
      at Object.<anonymous> (__tests__/components/dashboard/ModernDashboard.test.tsx:522:5)

  ● ModernDashboard › handles negative response time gracefully

    AggregateError:

      103 |
      104 | function renderWithProviders(component: React.ReactElement) {
    > 105 |   return render(
          |                ^
      106 |     <QueryClientProvider client={queryClient}>
      107 |       <MuiThemeProvider theme={theme}>{component}</MuiThemeProvider>
      108 |     </QueryClientProvider>

      at aggregateErrors (node_modules/.pnpm/react@19.2.3/node_modules/react/cjs/react.development.js:551:11)
      at process.env.NODE_ENV.exports.act (node_modules/.pnpm/react@19.2.3/node_modules/react/cjs/react.development.js:897:24)
      at node_modules/.pnpm/@testing-library+react@16.3.1_@testing-library+dom@10.4.1_@types+react-dom@19.2.3_@type_68c5b21a70acecf0fbbfd97f51128017/node_modules/@testing-library/react/dist/act-compat.js:46:25
      at renderRoot (node_modules/.pnpm/@testing-library+react@16.3.1_@testing-library+dom@10.4.1_@types+react-dom@19.2.3_@type_68c5b21a70acecf0fbbfd97f51128017/node_modules/@testing-library/react/dist/pure.js:189:26)
      at render (node_modules/.pnpm/@testing-library+react@16.3.1_@testing-library+dom@10.4.1_@types+react-dom@19.2.3_@type_68c5b21a70acecf0fbbfd97f51128017/node_modules/@testing-library/react/dist/pure.js:291:10)
      at renderWithProviders (__tests__/components/dashboard/ModernDashboard.test.tsx:105:16)
      at Object.<anonymous> (__tests__/components/dashboard/ModernDashboard.test.tsx:546:5)

  ● ModernDashboard › handles very high response time

    AggregateError:

      103 |
      104 | function renderWithProviders(component: React.ReactElement) {
    > 105 |   return render(
          |                ^
      106 |     <QueryClientProvider client={queryClient}>
      107 |       <MuiThemeProvider theme={theme}>{component}</MuiThemeProvider>
      108 |     </QueryClientProvider>

      at aggregateErrors (node_modules/.pnpm/react@19.2.3/node_modules/react/cjs/react.development.js:551:11)
      at process.env.NODE_ENV.exports.act (node_modules/.pnpm/react@19.2.3/node_modules/react/cjs/react.development.js:897:24)
      at node_modules/.pnpm/@testing-library+react@16.3.1_@testing-library+dom@10.4.1_@types+react-dom@19.2.3_@type_68c5b21a70acecf0fbbfd97f51128017/node_modules/@testing-library/react/dist/act-compat.js:46:25
      at renderRoot (node_modules/.pnpm/@testing-library+react@16.3.1_@testing-library+dom@10.4.1_@types+react-dom@19.2.3_@type_68c5b21a70acecf0fbbfd97f51128017/node_modules/@testing-library/react/dist/pure.js:189:26)
      at render (node_modules/.pnpm/@testing-library+react@16.3.1_@testing-library+dom@10.4.1_@types+react-dom@19.2.3_@type_68c5b21a70acecf0fbbfd97f51128017/node_modules/@testing-library/react/dist/pure.js:291:10)
      at renderWithProviders (__tests__/components/dashboard/ModernDashboard.test.tsx:105:16)
      at Object.<anonymous> (__tests__/components/dashboard/ModernDashboard.test.tsx:570:5)

  ● ModernDashboard › handles undefined avg response time

    AggregateError:

      103 |
      104 | function renderWithProviders(component: React.ReactElement) {
    > 105 |   return render(
          |                ^
      106 |     <QueryClientProvider client={queryClient}>
      107 |       <MuiThemeProvider theme={theme}>{component}</MuiThemeProvider>
      108 |     </QueryClientProvider>

      at aggregateErrors (node_modules/.pnpm/react@19.2.3/node_modules/react/cjs/react.development.js:551:11)
      at process.env.NODE_ENV.exports.act (node_modules/.pnpm/react@19.2.3/node_modules/react/cjs/react.development.js:897:24)
      at node_modules/.pnpm/@testing-library+react@16.3.1_@testing-library+dom@10.4.1_@types+react-dom@19.2.3_@type_68c5b21a70acecf0fbbfd97f51128017/node_modules/@testing-library/react/dist/act-compat.js:46:25
      at renderRoot (node_modules/.pnpm/@testing-library+react@16.3.1_@testing-library+dom@10.4.1_@types+react-dom@19.2.3_@type_68c5b21a70acecf0fbbfd97f51128017/node_modules/@testing-library/react/dist/pure.js:189:26)
      at render (node_modules/.pnpm/@testing-library+react@16.3.1_@testing-library+dom@10.4.1_@types+react-dom@19.2.3_@type_68c5b21a70acecf0fbbfd97f51128017/node_modules/@testing-library/react/dist/pure.js:291:10)
      at renderWithProviders (__tests__/components/dashboard/ModernDashboard.test.tsx:105:16)
      at Object.<anonymous> (__tests__/components/dashboard/ModernDashboard.test.tsx:594:5)

  ● ModernDashboard › handles concurrent state changes

    AggregateError:

      103 |
      104 | function renderWithProviders(component: React.ReactElement) {
    > 105 |   return render(
          |                ^
      106 |     <QueryClientProvider client={queryClient}>
      107 |       <MuiThemeProvider theme={theme}>{component}</MuiThemeProvider>
      108 |     </QueryClientProvider>

      at aggregateErrors (node_modules/.pnpm/react@19.2.3/node_modules/react/cjs/react.development.js:551:11)
      at process.env.NODE_ENV.exports.act (node_modules/.pnpm/react@19.2.3/node_modules/react/cjs/react.development.js:897:24)
      at node_modules/.pnpm/@testing-library+react@16.3.1_@testing-library+dom@10.4.1_@types+react-dom@19.2.3_@type_68c5b21a70acecf0fbbfd97f51128017/node_modules/@testing-library/react/dist/act-compat.js:46:25
      at renderRoot (node_modules/.pnpm/@testing-library+react@16.3.1_@testing-library+dom@10.4.1_@types+react-dom@19.2.3_@type_68c5b21a70acecf0fbbfd97f51128017/node_modules/@testing-library/react/dist/pure.js:189:26)
      at render (node_modules/.pnpm/@testing-library+react@16.3.1_@testing-library+dom@10.4.1_@types+react-dom@19.2.3_@type_68c5b21a70acecf0fbbfd97f51128017/node_modules/@testing-library/react/dist/pure.js:291:10)
      at renderWithProviders (__tests__/components/dashboard/ModernDashboard.test.tsx:105:16)
      at Object.<anonymous> (__tests__/components/dashboard/ModernDashboard.test.tsx:604:5)


Test Suites: 44 failed, 90 passed, 134 total
Tests:       405 failed, 2670 passed, 3075 total
Snapshots:   0 total
Time:        44.955 s
Ran all test suites.
Jest did not exit one second after the test run has completed.

'This usually means that there are asynchronous operations that weren't stopped in your tests. Consider running Jest with `--detectOpenHandles` to troubleshoot this issue.
 ELIFECYCLE  Test failed. See above for more details.
