// Jest Snapshot v1, https://jestjs.io/docs/snapshot-testing

exports[`ModelsPage snapshot test 1`] = `
<div
  data-testid="main-layout"
>
  <div>
    <div
      mb="4"
    >
      <div>
        <h1
          component="h1"
          font-weight="bold"
        >
          AI Models Management
        </h1>
        <span
          color="text.secondary"
        >
          Configure and monitor your AI models
        </span>
      </div>
      <div>
        <button>
          Add Model
        </button>
        <button
          color="primary"
        >
          <svg
            data-icon="Refresh"
            height="24"
            width="24"
          />
        </button>
      </div>
    </div>
    <div>
      <div>
        <div>
          <div>
            <div>
              <span
                font-weight="medium"
              >
                TestModel1
              </span>
              <div>
                <span>
                  idle
                </span>
                <button>
                  <svg
                    data-icon="MoreVert"
                    font-size="small"
                    height="24"
                    width="24"
                  />
                </button>
              </div>
            </div>
            <span
              color="text.secondary"
              mb="2"
            >
              llama
            </span>
            <div>
              <span
                color="text.secondary"
              >
                Created: 
                1/1/2024
              </span>
              <div>
                <button>
                  <svg
                    data-icon="Science"
                    font-size="small"
                    height="24"
                    width="24"
                  />
                </button>
              </div>
            </div>
            <div />
            <div>
              <div>
                <button>
                  Sampling
                </button>
              </div>
              <div>
                <button>
                  Memory
                </button>
              </div>
              <div>
                <button>
                  GPU
                </button>
              </div>
              <div>
                <button>
                  Advanced
                </button>
              </div>
              <div>
                <button>
                  LoRA
                </button>
              </div>
              <div>
                <button>
                  Multi
                </button>
              </div>
            </div>
            <div>
              Progress
            </div>
            <div>
              <button>
                Start
              </button>
            </div>
          </div>
        </div>
      </div>
      <div>
        <div>
          <div>
            <div>
              <span
                font-weight="medium"
              >
                TestModel2
              </span>
              <div>
                <span>
                  running
                </span>
                <button>
                  <svg
                    data-icon="MoreVert"
                    font-size="small"
                    height="24"
                    width="24"
                  />
                </button>
              </div>
            </div>
            <span
              color="text.secondary"
              mb="2"
            >
              mistral
            </span>
            <div>
              <span
                color="text.secondary"
              >
                Created: 
                1/1/2024
              </span>
              <div>
                <button>
                  <svg
                    data-icon="Science"
                    font-size="small"
                    height="24"
                    width="24"
                  />
                </button>
              </div>
            </div>
            <div />
            <div>
              <div>
                <button>
                  Sampling
                </button>
              </div>
              <div>
                <button>
                  Memory
                </button>
              </div>
              <div>
                <button>
                  GPU
                </button>
              </div>
              <div>
                <button>
                  Advanced
                </button>
              </div>
              <div>
                <button>
                  LoRA
                </button>
              </div>
              <div>
                <button>
                  Multi
                </button>
              </div>
            </div>
            <div>
              Progress
            </div>
            <div>
              <button>
                Stop
              </button>
            </div>
          </div>
        </div>
      </div>
    </div>
    <div
      anchororigin="[object Object]"
      transform-origin="[object Object]"
    >
      <button>
        <svg
          data-icon="Delete"
          height="24"
          sx="[object Object]"
          width="24"
        />
        Delete Model
      </button>
    </div>
    <div
      anchororigin="[object Object]"
    >
      <div />
    </div>
  </div>
</div>
`;
